2025-07-25T16:49:58.971+0800: 449552.807: [GC pause (G1 Evacuation Pause) (young), 0.0478483 secs]
   [Parallel Time: 32.9 ms, GC Workers: 8]
      [GC Worker Start (ms): Min: 449552808.8, Avg: 449552808.9, Max: 449552809.0, Diff: 0.2]
      [Ext Root Scanning (ms): Min: 2.8, Avg: 4.0, Max: 11.2, Diff: 8.4, Sum: 32.4]
      [Update RS (ms): Min: 6.1, Avg: 13.1, Max: 14.7, Diff: 8.7, Sum: 104.6]
         [Processed Buffers: Min: 59, Avg: 77.4, Max: 92, Diff: 33, Sum: 619]
      [Scan RS (ms): Min: 0.1, Avg: 0.3, Max: 0.4, Diff: 0.3, Sum: 2.6]
      [Code Root Scanning (ms): Min: 0.0, Avg: 0.0, Max: 0.0, Diff: 0.0, Sum: 0.1]
      [Object Copy (ms): Min: 9.7, Avg: 10.4, Max: 11.6, Diff: 1.9, Sum: 83.2]
      [Termination (ms): Min: 3.4, Avg: 4.6, Max: 5.4, Diff: 2.0, Sum: 36.8]
         [Termination Attempts: Min: 275, Avg: 357.4, Max: 447, Diff: 172, Sum: 2859]
      [GC Worker Other (ms): Min: 0.0, Avg: 0.1, Max: 0.1, Diff: 0.1, Sum: 0.8]
      [GC Worker Total (ms): Min: 32.4, Avg: 32.5, Max: 32.7, Diff: 0.3, Sum: 260.4]
      [GC Worker End (ms): Min: 449552841.4, Avg: 449552841.5, Max: 449552841.6, Diff: 0.2]
   [Code Root Fixup: 0.0 ms]
   [Code Root Purge: 0.0 ms]
   [Clear CT: 0.6 ms]
   [Other: 14.3 ms]
      [Choose CSet: 0.0 ms]
      [Ref Proc: 3.8 ms]
      [Ref Enq: 0.1 ms]
      [Redirty Cards: 0.1 ms]
      [Humongous Register: 1.5 ms]
      [Humongous Reclaim: 0.6 ms]
      [Free CSet: 7.1 ms]
   [Eden: 2980.0M(2980.0M)->0.0B(2992.0M) Survivors: 24.0M->24.0M Heap: 5205.7M(6144.0M)->2142.6M(6144.0M)]
 [Times: user=0.23 sys=0.05, real=0.05 secs] 
2025-07-25T16:52:48.824+0800: 449722.659: [GC pause (G1 Evacuation Pause) (young), 0.0382751 secs]
   [Parallel Time: 26.3 ms, GC Workers: 8]
      [GC Worker Start (ms): Min: 449722661.5, Avg: 449722661.6, Max: 449722661.6, Diff: 0.2]
      [Ext Root Scanning (ms): Min: 3.2, Avg: 4.5, Max: 11.8, Diff: 8.6, Sum: 35.6]
      [Update RS (ms): Min: 2.4, Avg: 9.6, Max: 10.9, Diff: 8.5, Sum: 76.8]
         [Processed Buffers: Min: 31, Avg: 50.9, Max: 68, Diff: 37, Sum: 407]
      [Scan RS (ms): Min: 0.1, Avg: 0.4, Max: 0.5, Diff: 0.4, Sum: 2.9]
      [Code Root Scanning (ms): Min: 0.0, Avg: 0.0, Max: 0.0, Diff: 0.0, Sum: 0.1]
      [Object Copy (ms): Min: 9.5, Avg: 9.9, Max: 10.3, Diff: 0.8, Sum: 79.3]
      [Termination (ms): Min: 1.2, Avg: 1.5, Max: 1.8, Diff: 0.5, Sum: 11.9]
         [Termination Attempts: Min: 62, Avg: 179.9, Max: 282, Diff: 220, Sum: 1439]
      [GC Worker Other (ms): Min: 0.1, Avg: 0.1, Max: 0.2, Diff: 0.1, Sum: 0.9]
      [GC Worker Total (ms): Min: 25.8, Avg: 25.9, Max: 26.2, Diff: 0.3, Sum: 207.5]
      [GC Worker End (ms): Min: 449722687.5, Avg: 449722687.5, Max: 449722687.7, Diff: 0.3]
   [Code Root Fixup: 0.0 ms]
   [Code Root Purge: 0.0 ms]
   [Clear CT: 0.8 ms]
   [Other: 11.1 ms]
      [Choose CSet: 0.0 ms]
      [Ref Proc: 4.1 ms]
      [Ref Enq: 0.1 ms]
      [Redirty Cards: 0.1 ms]
      [Humongous Register: 1.7 ms]
      [Humongous Reclaim: 0.3 ms]
      [Free CSet: 3.9 ms]
   [Eden: 2992.0M(2992.0M)->0.0B(2970.0M) Survivors: 24.0M->22.0M Heap: 5176.6M(6144.0M)->2154.5M(6144.0M)]
 [Times: user=0.14 sys=0.08, real=0.04 secs] 
2025-07-25T16:55:01.487+0800: 449855.323: [GC pause (G1 Evacuation Pause) (young), 0.0553890 secs]
   [Parallel Time: 45.1 ms, GC Workers: 8]
      [GC Worker Start (ms): Min: 449855324.5, Avg: 449855324.6, Max: 449855324.7, Diff: 0.1]
      [Ext Root Scanning (ms): Min: 3.0, Avg: 4.3, Max: 11.5, Diff: 8.5, Sum: 34.3]
      [Update RS (ms): Min: 17.1, Avg: 24.2, Max: 25.7, Diff: 8.7, Sum: 193.5]
         [Processed Buffers: Min: 110, Avg: 141.0, Max: 157, Diff: 47, Sum: 1128]
      [Scan RS (ms): Min: 0.1, Avg: 0.3, Max: 0.5, Diff: 0.4, Sum: 2.6]
      [Code Root Scanning (ms): Min: 0.0, Avg: 0.0, Max: 0.0, Diff: 0.0, Sum: 0.1]
      [Object Copy (ms): Min: 15.8, Avg: 16.0, Max: 16.1, Diff: 0.3, Sum: 127.7]
      [Termination (ms): Min: 0.0, Avg: 0.1, Max: 0.1, Diff: 0.1, Sum: 0.5]
         [Termination Attempts: Min: 1, Avg: 15.2, Max: 22, Diff: 21, Sum: 122]
      [GC Worker Other (ms): Min: 0.0, Avg: 0.1, Max: 0.2, Diff: 0.2, Sum: 1.0]
      [GC Worker Total (ms): Min: 44.9, Avg: 45.0, Max: 45.0, Diff: 0.1, Sum: 359.6]
      [GC Worker End (ms): Min: 449855369.5, Avg: 449855369.6, Max: 449855369.6, Diff: 0.1]
   [Code Root Fixup: 0.0 ms]
   [Code Root Purge: 0.0 ms]
   [Clear CT: 0.6 ms]
   [Other: 9.6 ms]
      [Choose CSet: 0.0 ms]
      [Ref Proc: 2.8 ms]
      [Ref Enq: 0.1 ms]
      [Redirty Cards: 0.1 ms]
      [Humongous Register: 1.5 ms]
      [Humongous Reclaim: 0.8 ms]
      [Free CSet: 3.5 ms]
   [Eden: 2970.0M(2970.0M)->0.0B(2952.0M) Survivors: 22.0M->48.0M Heap: 5261.3M(6144.0M)->2164.4M(6144.0M)]
 [Times: user=0.35 sys=0.02, real=0.05 secs] 
2025-07-25T16:55:43.162+0800: 449896.998: [GC pause (GCLocker Initiated GC) (young), 0.0446541 secs]
   [Parallel Time: 34.8 ms, GC Workers: 8]
      [GC Worker Start (ms): Min: 449897000.5, Avg: 449897000.5, Max: 449897000.6, Diff: 0.1]
      [Ext Root Scanning (ms): Min: 2.9, Avg: 4.3, Max: 12.3, Diff: 9.3, Sum: 34.5]
      [Update RS (ms): Min: 11.7, Avg: 19.5, Max: 20.8, Diff: 9.0, Sum: 155.7]
         [Processed Buffers: Min: 83, Avg: 109.4, Max: 123, Diff: 40, Sum: 875]
      [Scan RS (ms): Min: 0.1, Avg: 0.3, Max: 0.4, Diff: 0.3, Sum: 2.5]
      [Code Root Scanning (ms): Min: 0.0, Avg: 0.0, Max: 0.0, Diff: 0.0, Sum: 0.1]
      [Object Copy (ms): Min: 8.9, Avg: 9.3, Max: 9.6, Diff: 0.7, Sum: 74.1]
      [Termination (ms): Min: 0.7, Avg: 1.0, Max: 1.6, Diff: 0.9, Sum: 8.2]
         [Termination Attempts: Min: 13, Avg: 142.5, Max: 241, Diff: 228, Sum: 1140]
      [GC Worker Other (ms): Min: 0.1, Avg: 0.1, Max: 0.2, Diff: 0.1, Sum: 1.0]
      [GC Worker Total (ms): Min: 34.4, Avg: 34.5, Max: 34.7, Diff: 0.3, Sum: 276.1]
      [GC Worker End (ms): Min: 449897035.0, Avg: 449897035.1, Max: 449897035.2, Diff: 0.2]
   [Code Root Fixup: 0.0 ms]
   [Code Root Purge: 0.0 ms]
   [Clear CT: 0.6 ms]
   [Other: 9.2 ms]
      [Choose CSet: 0.0 ms]
      [Ref Proc: 2.1 ms]
      [Ref Enq: 0.1 ms]
      [Redirty Cards: 0.2 ms]
      [Humongous Register: 1.6 ms]
      [Humongous Reclaim: 0.3 ms]
      [Free CSet: 3.7 ms]
   [Eden: 2954.0M(2952.0M)->0.0B(2960.0M) Survivors: 48.0M->18.0M Heap: 5211.6M(6144.0M)->2162.9M(6144.0M)]
 [Times: user=0.22 sys=0.06, real=0.05 secs] 
2025-07-25T16:56:14.100+0800: 449927.936: [GC pause (G1 Evacuation Pause) (young), 0.0343266 secs]
   [Parallel Time: 21.8 ms, GC Workers: 8]
      [GC Worker Start (ms): Min: 449927939.7, Avg: 449927939.7, Max: 449927939.8, Diff: 0.1]
      [Ext Root Scanning (ms): Min: 2.9, Avg: 4.4, Max: 12.9, Diff: 10.0, Sum: 35.4]
      [Update RS (ms): Min: 0.0, Avg: 5.6, Max: 7.0, Diff: 7.0, Sum: 45.1]
         [Processed Buffers: Min: 0, Avg: 25.6, Max: 44, Diff: 44, Sum: 205]
      [Scan RS (ms): Min: 0.1, Avg: 0.3, Max: 0.5, Diff: 0.4, Sum: 2.4]
      [Code Root Scanning (ms): Min: 0.0, Avg: 0.0, Max: 0.0, Diff: 0.0, Sum: 0.1]
      [Object Copy (ms): Min: 8.4, Avg: 11.0, Max: 11.5, Diff: 3.1, Sum: 88.3]
      [Termination (ms): Min: 0.0, Avg: 0.0, Max: 0.0, Diff: 0.0, Sum: 0.3]
         [Termination Attempts: Min: 1, Avg: 35.9, Max: 48, Diff: 47, Sum: 287]
      [GC Worker Other (ms): Min: 0.1, Avg: 0.1, Max: 0.2, Diff: 0.1, Sum: 1.1]
      [GC Worker Total (ms): Min: 21.5, Avg: 21.6, Max: 21.6, Diff: 0.1, Sum: 172.8]
      [GC Worker End (ms): Min: 449927961.3, Avg: 449927961.3, Max: 449927961.4, Diff: 0.1]
   [Code Root Fixup: 0.0 ms]
   [Code Root Purge: 0.0 ms]
   [Clear CT: 0.8 ms]
   [Other: 11.7 ms]
      [Choose CSet: 0.0 ms]
      [Ref Proc: 3.4 ms]
      [Ref Enq: 0.1 ms]
      [Redirty Cards: 0.1 ms]
      [Humongous Register: 3.2 ms]
      [Humongous Reclaim: 0.2 ms]
      [Free CSet: 3.7 ms]
   [Eden: 2960.0M(2960.0M)->0.0B(2972.0M) Survivors: 18.0M->22.0M Heap: 5128.9M(6144.0M)->2157.8M(6144.0M)]
 [Times: user=0.11 sys=0.08, real=0.03 secs] 
2025-07-25T16:57:20.749+0800: 449994.585: [GC pause (G1 Evacuation Pause) (young), 0.0461322 secs]
   [Parallel Time: 37.4 ms, GC Workers: 8]
      [GC Worker Start (ms): Min: 449994587.4, Avg: 449994587.5, Max: 449994587.6, Diff: 0.2]
      [Ext Root Scanning (ms): Min: 2.7, Avg: 4.0, Max: 11.1, Diff: 8.4, Sum: 32.3]
      [Update RS (ms): Min: 18.9, Avg: 25.8, Max: 27.4, Diff: 8.5, Sum: 206.6]
         [Processed Buffers: Min: 126, Avg: 146.2, Max: 167, Diff: 41, Sum: 1170]
      [Scan RS (ms): Min: 0.1, Avg: 0.3, Max: 0.4, Diff: 0.3, Sum: 2.6]
      [Code Root Scanning (ms): Min: 0.0, Avg: 0.0, Max: 0.0, Diff: 0.0, Sum: 0.1]
      [Object Copy (ms): Min: 6.7, Avg: 6.9, Max: 7.0, Diff: 0.3, Sum: 55.0]
      [Termination (ms): Min: 0.0, Avg: 0.0, Max: 0.0, Diff: 0.0, Sum: 0.1]
         [Termination Attempts: Min: 1, Avg: 2.5, Max: 4, Diff: 3, Sum: 20]
      [GC Worker Other (ms): Min: 0.1, Avg: 0.1, Max: 0.2, Diff: 0.1, Sum: 1.1]
      [GC Worker Total (ms): Min: 37.1, Avg: 37.2, Max: 37.3, Diff: 0.2, Sum: 297.8]
      [GC Worker End (ms): Min: 449994624.7, Avg: 449994624.7, Max: 449994624.7, Diff: 0.1]
   [Code Root Fixup: 0.0 ms]
   [Code Root Purge: 0.0 ms]
   [Clear CT: 0.6 ms]
   [Other: 8.1 ms]
      [Choose CSet: 0.0 ms]
      [Ref Proc: 1.4 ms]
      [Ref Enq: 0.1 ms]
      [Redirty Cards: 0.1 ms]
      [Humongous Register: 1.5 ms]
      [Humongous Reclaim: 0.4 ms]
      [Free CSet: 3.4 ms]
   [Eden: 2972.0M(2972.0M)->0.0B(2972.0M) Survivors: 22.0M->24.0M Heap: 5253.8M(6144.0M)->2160.9M(6144.0M)]
 [Times: user=0.27 sys=0.05, real=0.04 secs] 
2025-07-25T16:59:00.185+0800: 450094.021: [GC pause (G1 Evacuation Pause) (young), 0.0389865 secs]
   [Parallel Time: 29.2 ms, GC Workers: 8]
      [GC Worker Start (ms): Min: 450094022.8, Avg: 450094022.9, Max: 450094022.9, Diff: 0.2]
      [Ext Root Scanning (ms): Min: 3.1, Avg: 4.4, Max: 11.7, Diff: 8.6, Sum: 35.3]
      [Update RS (ms): Min: 8.2, Avg: 15.4, Max: 17.0, Diff: 8.8, Sum: 123.4]
         [Processed Buffers: Min: 66, Avg: 86.5, Max: 104, Diff: 38, Sum: 692]
      [Scan RS (ms): Min: 0.1, Avg: 0.3, Max: 0.4, Diff: 0.3, Sum: 2.6]
      [Code Root Scanning (ms): Min: 0.0, Avg: 0.0, Max: 0.0, Diff: 0.0, Sum: 0.1]
      [Object Copy (ms): Min: 8.2, Avg: 8.7, Max: 8.8, Diff: 0.6, Sum: 69.5]
      [Termination (ms): Min: 0.0, Avg: 0.0, Max: 0.0, Diff: 0.0, Sum: 0.2]
         [Termination Attempts: Min: 1, Avg: 9.8, Max: 13, Diff: 12, Sum: 78]
      [GC Worker Other (ms): Min: 0.0, Avg: 0.1, Max: 0.2, Diff: 0.1, Sum: 1.1]
      [GC Worker Total (ms): Min: 29.0, Avg: 29.0, Max: 29.1, Diff: 0.1, Sum: 232.2]
      [GC Worker End (ms): Min: 450094051.8, Avg: 450094051.9, Max: 450094051.9, Diff: 0.1]
   [Code Root Fixup: 0.0 ms]
   [Code Root Purge: 0.0 ms]
   [Clear CT: 0.7 ms]
   [Other: 9.1 ms]
      [Choose CSet: 0.0 ms]
      [Ref Proc: 2.1 ms]
      [Ref Enq: 0.1 ms]
      [Redirty Cards: 0.1 ms]
      [Humongous Register: 1.6 ms]
      [Humongous Reclaim: 0.3 ms]
      [Free CSet: 3.9 ms]
   [Eden: 2972.0M(2972.0M)->0.0B(2972.0M) Survivors: 24.0M->26.0M Heap: 5197.0M(6144.0M)->2159.9M(6144.0M)]
 [Times: user=0.22 sys=0.02, real=0.04 secs] 
2025-07-25T17:00:05.228+0800: 450159.063: [GC pause (G1 Evacuation Pause) (young), 0.1665865 secs]
   [Parallel Time: 161.5 ms, GC Workers: 8]
      [GC Worker Start (ms): Min: 450159064.1, Avg: 450159064.1, Max: 450159064.2, Diff: 0.1]
      [Ext Root Scanning (ms): Min: 2.4, Avg: 2.7, Max: 3.4, Diff: 1.0, Sum: 21.9]
      [Update RS (ms): Min: 31.0, Avg: 31.4, Max: 31.7, Diff: 0.7, Sum: 251.4]
         [Processed Buffers: Min: 99, Avg: 134.0, Max: 163, Diff: 64, Sum: 1072]
      [Scan RS (ms): Min: 0.1, Avg: 0.3, Max: 0.4, Diff: 0.3, Sum: 2.5]
      [Code Root Scanning (ms): Min: 0.0, Avg: 0.0, Max: 0.0, Diff: 0.0, Sum: 0.1]
      [Object Copy (ms): Min: 125.7, Avg: 126.3, Max: 126.9, Diff: 1.2, Sum: 1010.7]
      [Termination (ms): Min: 0.0, Avg: 0.4, Max: 0.5, Diff: 0.5, Sum: 3.3]
         [Termination Attempts: Min: 1, Avg: 447.0, Max: 535, Diff: 534, Sum: 3576]
      [GC Worker Other (ms): Min: 0.0, Avg: 0.1, Max: 0.1, Diff: 0.1, Sum: 0.6]
      [GC Worker Total (ms): Min: 161.2, Avg: 161.3, Max: 161.4, Diff: 0.1, Sum: 1290.6]
      [GC Worker End (ms): Min: 450159225.4, Avg: 450159225.4, Max: 450159225.5, Diff: 0.1]
   [Code Root Fixup: 0.1 ms]
   [Code Root Purge: 0.0 ms]
   [Clear CT: 0.6 ms]
   [Other: 4.5 ms]
      [Choose CSet: 0.0 ms]
      [Ref Proc: 1.2 ms]
      [Ref Enq: 0.1 ms]
      [Redirty Cards: 0.1 ms]
      [Humongous Register: 0.3 ms]
      [Humongous Reclaim: 0.3 ms]
      [Free CSet: 1.6 ms]
   [Eden: 2972.0M(2972.0M)->0.0B(2388.0M) Survivors: 26.0M->308.0M Heap: 5238.6M(6144.0M)->2454.3M(6144.0M)]
 [Times: user=1.18 sys=0.10, real=0.16 secs] 
2025-07-25T17:00:21.106+0800: 450174.941: [GC pause (G1 Evacuation Pause) (young), 0.2394348 secs]
   [Parallel Time: 229.5 ms, GC Workers: 8]
      [GC Worker Start (ms): Min: 450174944.1, Avg: 450174944.2, Max: 450174944.3, Diff: 0.1]
      [Ext Root Scanning (ms): Min: 3.2, Avg: 4.4, Max: 11.5, Diff: 8.3, Sum: 35.5]
      [Update RS (ms): Min: 20.9, Avg: 44.2, Max: 64.6, Diff: 43.8, Sum: 353.8]
         [Processed Buffers: Min: 10, Avg: 55.5, Max: 129, Diff: 119, Sum: 444]
      [Scan RS (ms): Min: 0.1, Avg: 0.3, Max: 0.5, Diff: 0.4, Sum: 2.2]
      [Code Root Scanning (ms): Min: 0.0, Avg: 0.0, Max: 0.0, Diff: 0.0, Sum: 0.0]
      [Object Copy (ms): Min: 160.9, Avg: 180.1, Max: 196.6, Diff: 35.7, Sum: 1441.2]
      [Termination (ms): Min: 0.0, Avg: 0.0, Max: 0.0, Diff: 0.0, Sum: 0.1]
         [Termination Attempts: Min: 1, Avg: 15.4, Max: 23, Diff: 22, Sum: 123]
      [GC Worker Other (ms): Min: 0.1, Avg: 0.2, Max: 0.2, Diff: 0.1, Sum: 1.2]
      [GC Worker Total (ms): Min: 229.2, Avg: 229.3, Max: 229.4, Diff: 0.2, Sum: 1834.1]
      [GC Worker End (ms): Min: 450175173.4, Avg: 450175173.4, Max: 450175173.5, Diff: 0.1]
   [Code Root Fixup: 0.1 ms]
   [Code Root Purge: 0.0 ms]
   [Clear CT: 0.6 ms]
   [Other: 9.3 ms]
      [Choose CSet: 0.0 ms]
      [Ref Proc: 1.7 ms]
      [Ref Enq: 0.1 ms]
      [Redirty Cards: 0.6 ms]
      [Humongous Register: 1.8 ms]
      [Humongous Reclaim: 0.2 ms]
      [Free CSet: 3.6 ms]
   [Eden: 2388.0M(2388.0M)->0.0B(1864.0M) Survivors: 308.0M->140.0M Heap: 4867.2M(6144.0M)->2584.9M(6144.0M)]
 [Times: user=1.65 sys=0.20, real=0.24 secs] 
2025-07-25T17:00:21.528+0800: 450175.363: [GC pause (G1 Humongous Allocation) (young) (initial-mark), 0.0687081 secs]
   [Parallel Time: 65.2 ms, GC Workers: 8]
      [GC Worker Start (ms): Min: 450175364.6, Avg: 450175364.7, Max: 450175364.8, Diff: 0.2]
      [Ext Root Scanning (ms): Min: 3.0, Avg: 3.5, Max: 4.0, Diff: 1.0, Sum: 28.0]
      [Update RS (ms): Min: 22.8, Avg: 22.9, Max: 23.2, Diff: 0.4, Sum: 183.1]
         [Processed Buffers: Min: 58, Avg: 79.0, Max: 92, Diff: 34, Sum: 632]
      [Scan RS (ms): Min: 0.7, Avg: 1.0, Max: 1.0, Diff: 0.4, Sum: 7.7]
      [Code Root Scanning (ms): Min: 0.0, Avg: 0.0, Max: 0.0, Diff: 0.0, Sum: 0.0]
      [Object Copy (ms): Min: 36.8, Avg: 37.2, Max: 37.8, Diff: 1.0, Sum: 297.8]
      [Termination (ms): Min: 0.0, Avg: 0.0, Max: 0.0, Diff: 0.0, Sum: 0.0]
         [Termination Attempts: Min: 1, Avg: 1.0, Max: 1, Diff: 0, Sum: 8]
      [GC Worker Other (ms): Min: 0.0, Avg: 0.0, Max: 0.1, Diff: 0.0, Sum: 0.4]
      [GC Worker Total (ms): Min: 64.5, Avg: 64.6, Max: 64.8, Diff: 0.3, Sum: 517.0]
      [GC Worker End (ms): Min: 450175429.3, Avg: 450175429.3, Max: 450175429.4, Diff: 0.1]
   [Code Root Fixup: 0.1 ms]
   [Code Root Purge: 0.0 ms]
   [Clear CT: 0.4 ms]
   [Other: 3.0 ms]
      [Choose CSet: 0.0 ms]
      [Ref Proc: 0.4 ms]
      [Ref Enq: 0.0 ms]
      [Redirty Cards: 0.5 ms]
      [Humongous Register: 0.3 ms]
      [Humongous Reclaim: 0.2 ms]
      [Free CSet: 0.4 ms]
   [Eden: 102.0M(1640.0M)->0.0B(1316.0M) Survivors: 140.0M->12.0M Heap: 2685.9M(6144.0M)->2568.9M(6144.0M)]
 [Times: user=0.54 sys=0.00, real=0.06 secs] 
2025-07-25T17:00:21.597+0800: 450175.432: [GC concurrent-root-region-scan-start]
2025-07-25T17:00:21.602+0800: 450175.438: [GC concurrent-root-region-scan-end, 0.0053357 secs]
2025-07-25T17:00:21.602+0800: 450175.438: [GC concurrent-mark-start]
2025-07-25T17:00:22.324+0800: 450176.160: [GC concurrent-mark-end, 0.7220327 secs]
2025-07-25T17:00:22.328+0800: 450176.163: [GC remark 2025-07-25T17:00:22.328+0800: 450176.163: [Finalize Marking, 0.0009063 secs] 2025-07-25T17:00:22.329+0800: 450176.164: [GC ref-proc, 0.0113958 secs] 2025-07-25T17:00:22.340+0800: 450176.176: [Unloading, 0.0538611 secs], 0.0688110 secs]
 [Times: user=0.27 sys=0.12, real=0.06 secs] 
2025-07-25T17:00:22.400+0800: 450176.236: [GC cleanup 2848M->2359M(6144M), 0.0038743 secs]
 [Times: user=0.02 sys=0.01, real=0.00 secs] 
2025-07-25T17:00:22.404+0800: 450176.240: [GC concurrent-cleanup-start]
2025-07-25T17:00:22.406+0800: 450176.242: [GC concurrent-cleanup-end, 0.0019020 secs]
2025-07-25T17:00:33.720+0800: 450187.556: [GC pause (G1 Evacuation Pause) (young), 0.0389940 secs]
   [Parallel Time: 35.0 ms, GC Workers: 8]
      [GC Worker Start (ms): Min: 450187556.4, Avg: 450187556.4, Max: 450187556.5, Diff: 0.1]
      [Ext Root Scanning (ms): Min: 2.2, Avg: 2.6, Max: 3.3, Diff: 1.1, Sum: 20.6]
      [Update RS (ms): Min: 24.8, Avg: 25.4, Max: 25.6, Diff: 0.8, Sum: 203.0]
         [Processed Buffers: Min: 90, Avg: 104.5, Max: 126, Diff: 36, Sum: 836]
      [Scan RS (ms): Min: 0.0, Avg: 0.1, Max: 0.2, Diff: 0.1, Sum: 0.9]
      [Code Root Scanning (ms): Min: 0.0, Avg: 0.0, Max: 0.0, Diff: 0.0, Sum: 0.0]
      [Object Copy (ms): Min: 6.5, Avg: 6.7, Max: 6.9, Diff: 0.4, Sum: 53.9]
      [Termination (ms): Min: 0.0, Avg: 0.0, Max: 0.0, Diff: 0.0, Sum: 0.0]
         [Termination Attempts: Min: 1, Avg: 1.6, Max: 3, Diff: 2, Sum: 13]
      [GC Worker Other (ms): Min: 0.0, Avg: 0.0, Max: 0.1, Diff: 0.1, Sum: 0.3]
      [GC Worker Total (ms): Min: 34.8, Avg: 34.8, Max: 34.9, Diff: 0.1, Sum: 278.7]
      [GC Worker End (ms): Min: 450187591.3, Avg: 450187591.3, Max: 450187591.3, Diff: 0.1]
   [Code Root Fixup: 0.1 ms]
   [Code Root Purge: 0.0 ms]
   [Clear CT: 0.3 ms]
   [Other: 3.7 ms]
      [Choose CSet: 0.0 ms]
      [Ref Proc: 1.2 ms]
      [Ref Enq: 0.1 ms]
      [Redirty Cards: 0.1 ms]
      [Humongous Register: 0.4 ms]
      [Humongous Reclaim: 0.2 ms]
      [Free CSet: 0.8 ms]
   [Eden: 1316.0M(1316.0M)->0.0B(270.0M) Survivors: 12.0M->36.0M Heap: 3419.6M(6144.0M)->2105.1M(6144.0M)]
 [Times: user=0.24 sys=0.04, real=0.04 secs] 
2025-07-25T17:00:36.383+0800: 450190.218: [GC pause (G1 Evacuation Pause) (mixed), 0.0323254 secs]
   [Parallel Time: 26.5 ms, GC Workers: 8]
      [GC Worker Start (ms): Min: 450190219.4, Avg: 450190219.4, Max: 450190219.5, Diff: 0.1]
      [Ext Root Scanning (ms): Min: 2.3, Avg: 3.3, Max: 9.6, Diff: 7.3, Sum: 26.7]
      [Update RS (ms): Min: 0.0, Avg: 1.0, Max: 1.3, Diff: 1.3, Sum: 8.0]
         [Processed Buffers: Min: 0, Avg: 15.9, Max: 31, Diff: 31, Sum: 127]
      [Scan RS (ms): Min: 0.0, Avg: 5.0, Max: 5.8, Diff: 5.7, Sum: 39.9]
      [Code Root Scanning (ms): Min: 0.0, Avg: 0.0, Max: 0.0, Diff: 0.0, Sum: 0.0]
      [Object Copy (ms): Min: 16.6, Avg: 16.9, Max: 17.0, Diff: 0.4, Sum: 134.9]
      [Termination (ms): Min: 0.0, Avg: 0.1, Max: 0.1, Diff: 0.1, Sum: 0.6]
         [Termination Attempts: Min: 1, Avg: 44.2, Max: 56, Diff: 55, Sum: 354]
      [GC Worker Other (ms): Min: 0.0, Avg: 0.0, Max: 0.1, Diff: 0.1, Sum: 0.3]
      [GC Worker Total (ms): Min: 26.2, Avg: 26.3, Max: 26.4, Diff: 0.1, Sum: 210.4]
      [GC Worker End (ms): Min: 450190245.7, Avg: 450190245.7, Max: 450190245.8, Diff: 0.0]
   [Code Root Fixup: 0.1 ms]
   [Code Root Purge: 0.0 ms]
   [Clear CT: 0.5 ms]
   [Other: 5.2 ms]
      [Choose CSet: 0.4 ms]
      [Ref Proc: 0.9 ms]
      [Ref Enq: 0.0 ms]
      [Redirty Cards: 0.3 ms]
      [Humongous Register: 0.3 ms]
      [Humongous Reclaim: 0.1 ms]
      [Free CSet: 2.3 ms]
   [Eden: 270.0M(270.0M)->0.0B(284.0M) Survivors: 36.0M->22.0M Heap: 2375.1M(6144.0M)->1496.2M(6144.0M)]
 [Times: user=0.19 sys=0.03, real=0.03 secs] 
2025-07-25T17:00:39.682+0800: 450193.517: [GC pause (G1 Evacuation Pause) (mixed), 0.0689220 secs]
   [Parallel Time: 64.4 ms, GC Workers: 8]
      [GC Worker Start (ms): Min: 450193518.2, Avg: 450193518.3, Max: 450193518.5, Diff: 0.3]
      [Ext Root Scanning (ms): Min: 3.7, Avg: 4.2, Max: 6.3, Diff: 2.6, Sum: 33.7]
      [Update RS (ms): Min: 8.3, Avg: 10.0, Max: 10.4, Diff: 2.1, Sum: 80.1]
         [Processed Buffers: Min: 19, Avg: 34.9, Max: 55, Diff: 36, Sum: 279]
      [Scan RS (ms): Min: 6.4, Avg: 6.7, Max: 6.9, Diff: 0.5, Sum: 54.0]
      [Code Root Scanning (ms): Min: 0.0, Avg: 0.1, Max: 0.5, Diff: 0.5, Sum: 0.7]
      [Object Copy (ms): Min: 42.6, Avg: 42.9, Max: 43.1, Diff: 0.6, Sum: 343.4]
      [Termination (ms): Min: 0.0, Avg: 0.0, Max: 0.1, Diff: 0.1, Sum: 0.4]
         [Termination Attempts: Min: 1, Avg: 31.8, Max: 45, Diff: 44, Sum: 254]
      [GC Worker Other (ms): Min: 0.0, Avg: 0.0, Max: 0.1, Diff: 0.0, Sum: 0.4]
      [GC Worker Total (ms): Min: 63.9, Avg: 64.1, Max: 64.2, Diff: 0.3, Sum: 512.7]
      [GC Worker End (ms): Min: 450193582.4, Avg: 450193582.4, Max: 450193582.4, Diff: 0.0]
   [Code Root Fixup: 0.1 ms]
   [Code Root Purge: 0.0 ms]
   [Clear CT: 0.6 ms]
   [Other: 3.8 ms]
      [Choose CSet: 0.4 ms]
      [Ref Proc: 0.6 ms]
      [Ref Enq: 0.0 ms]
      [Redirty Cards: 0.4 ms]
      [Humongous Register: 0.3 ms]
      [Humongous Reclaim: 0.2 ms]
      [Free CSet: 1.2 ms]
   [Eden: 284.0M(284.0M)->0.0B(282.0M) Survivors: 22.0M->24.0M Heap: 1780.2M(6144.0M)->1294.1M(6144.0M)]
 [Times: user=0.52 sys=0.08, real=0.07 secs] 
2025-07-25T17:00:42.883+0800: 450196.719: [GC pause (G1 Evacuation Pause) (young), 0.0460671 secs]
   [Parallel Time: 43.4 ms, GC Workers: 8]
      [GC Worker Start (ms): Min: 450196719.3, Avg: 450196719.4, Max: 450196719.6, Diff: 0.3]
      [Ext Root Scanning (ms): Min: 4.7, Avg: 5.2, Max: 6.3, Diff: 1.6, Sum: 41.5]
      [Update RS (ms): Min: 32.6, Avg: 33.6, Max: 33.9, Diff: 1.3, Sum: 268.7]
         [Processed Buffers: Min: 61, Avg: 77.8, Max: 102, Diff: 41, Sum: 622]
      [Scan RS (ms): Min: 0.0, Avg: 0.1, Max: 0.1, Diff: 0.1, Sum: 0.4]
      [Code Root Scanning (ms): Min: 0.0, Avg: 0.0, Max: 0.0, Diff: 0.0, Sum: 0.0]
      [Object Copy (ms): Min: 3.7, Avg: 4.1, Max: 4.4, Diff: 0.7, Sum: 32.8]
      [Termination (ms): Min: 0.0, Avg: 0.2, Max: 0.3, Diff: 0.3, Sum: 1.2]
         [Termination Attempts: Min: 1, Avg: 1.0, Max: 1, Diff: 0, Sum: 8]
      [GC Worker Other (ms): Min: 0.0, Avg: 0.0, Max: 0.0, Diff: 0.0, Sum: 0.2]
      [GC Worker Total (ms): Min: 43.0, Avg: 43.1, Max: 43.3, Diff: 0.3, Sum: 344.9]
      [GC Worker End (ms): Min: 450196762.5, Avg: 450196762.5, Max: 450196762.6, Diff: 0.1]
   [Code Root Fixup: 0.0 ms]
   [Code Root Purge: 0.0 ms]
   [Clear CT: 0.2 ms]
   [Other: 2.4 ms]
      [Choose CSet: 0.0 ms]
      [Ref Proc: 0.5 ms]
      [Ref Enq: 0.0 ms]
      [Redirty Cards: 0.2 ms]
      [Humongous Register: 0.3 ms]
      [Humongous Reclaim: 0.2 ms]
      [Free CSet: 0.4 ms]
   [Eden: 282.0M(282.0M)->0.0B(374.0M) Survivors: 24.0M->28.0M Heap: 1576.1M(6144.0M)->1294.1M(6144.0M)]
 [Times: user=0.34 sys=0.00, real=0.05 secs] 
2025-07-25T17:00:46.899+0800: 450200.734: [GC pause (G1 Evacuation Pause) (young), 0.0218448 secs]
   [Parallel Time: 13.3 ms, GC Workers: 8]
      [GC Worker Start (ms): Min: 450200740.3, Avg: 450200740.4, Max: 450200740.7, Diff: 0.4]
      [Ext Root Scanning (ms): Min: 4.0, Avg: 5.0, Max: 8.9, Diff: 4.9, Sum: 39.8]
      [Update RS (ms): Min: 0.0, Avg: 2.3, Max: 3.4, Diff: 3.4, Sum: 18.4]
         [Processed Buffers: Min: 0, Avg: 17.0, Max: 44, Diff: 44, Sum: 136]
      [Scan RS (ms): Min: 0.0, Avg: 0.1, Max: 0.1, Diff: 0.1, Sum: 0.6]
      [Code Root Scanning (ms): Min: 0.0, Avg: 0.0, Max: 0.0, Diff: 0.0, Sum: 0.0]
      [Object Copy (ms): Min: 3.8, Avg: 5.1, Max: 5.8, Diff: 2.0, Sum: 41.1]
      [Termination (ms): Min: 0.0, Avg: 0.3, Max: 0.5, Diff: 0.5, Sum: 2.2]
         [Termination Attempts: Min: 1, Avg: 1.0, Max: 1, Diff: 0, Sum: 8]
      [GC Worker Other (ms): Min: 0.0, Avg: 0.1, Max: 0.3, Diff: 0.3, Sum: 1.1]
      [GC Worker Total (ms): Min: 12.7, Avg: 12.9, Max: 13.1, Diff: 0.4, Sum: 103.2]
      [GC Worker End (ms): Min: 450200753.2, Avg: 450200753.3, Max: 450200753.5, Diff: 0.2]
   [Code Root Fixup: 0.0 ms]
   [Code Root Purge: 0.0 ms]
   [Clear CT: 0.2 ms]
   [Other: 8.3 ms]
      [Choose CSet: 0.0 ms]
      [Ref Proc: 0.5 ms]
      [Ref Enq: 0.0 ms]
      [Redirty Cards: 0.3 ms]
      [Humongous Register: 5.2 ms]
      [Humongous Reclaim: 0.1 ms]
      [Free CSet: 0.8 ms]
   [Eden: 374.0M(374.0M)->0.0B(978.0M) Survivors: 28.0M->28.0M Heap: 1668.1M(6144.0M)->1294.3M(6144.0M)]
 [Times: user=0.05 sys=0.06, real=0.02 secs] 
2025-07-25T17:00:57.682+0800: 450211.517: [GC pause (G1 Evacuation Pause) (young), 0.0139350 secs]
   [Parallel Time: 10.2 ms, GC Workers: 8]
      [GC Worker Start (ms): Min: 450211518.1, Avg: 450211518.2, Max: 450211518.3, Diff: 0.2]
      [Ext Root Scanning (ms): Min: 3.0, Avg: 3.6, Max: 5.6, Diff: 2.6, Sum: 29.0]
      [Update RS (ms): Min: 0.0, Avg: 1.5, Max: 1.9, Diff: 1.9, Sum: 11.8]
         [Processed Buffers: Min: 0, Avg: 20.6, Max: 40, Diff: 40, Sum: 165]
      [Scan RS (ms): Min: 0.0, Avg: 0.2, Max: 0.2, Diff: 0.2, Sum: 1.2]
      [Code Root Scanning (ms): Min: 0.0, Avg: 0.0, Max: 0.0, Diff: 0.0, Sum: 0.0]
      [Object Copy (ms): Min: 4.4, Avg: 4.7, Max: 4.9, Diff: 0.4, Sum: 37.9]
      [Termination (ms): Min: 0.0, Avg: 0.0, Max: 0.1, Diff: 0.1, Sum: 0.3]
         [Termination Attempts: Min: 1, Avg: 1.0, Max: 1, Diff: 0, Sum: 8]
      [GC Worker Other (ms): Min: 0.0, Avg: 0.1, Max: 0.1, Diff: 0.0, Sum: 0.4]
      [GC Worker Total (ms): Min: 10.0, Avg: 10.1, Max: 10.2, Diff: 0.2, Sum: 80.7]
      [GC Worker End (ms): Min: 450211528.3, Avg: 450211528.3, Max: 450211528.3, Diff: 0.1]
   [Code Root Fixup: 0.0 ms]
   [Code Root Purge: 0.0 ms]
   [Clear CT: 0.2 ms]
   [Other: 3.5 ms]
      [Choose CSet: 0.0 ms]
      [Ref Proc: 0.8 ms]
      [Ref Enq: 0.1 ms]
      [Redirty Cards: 0.2 ms]
      [Humongous Register: 0.4 ms]
      [Humongous Reclaim: 0.1 ms]
      [Free CSet: 1.1 ms]
   [Eden: 978.0M(978.0M)->0.0B(2526.0M) Survivors: 28.0M->26.0M Heap: 2272.3M(6144.0M)->1292.1M(6144.0M)]
 [Times: user=0.08 sys=0.00, real=0.01 secs] 
2025-07-25T17:01:19.090+0800: 450232.925: [GC pause (G1 Evacuation Pause) (young), 0.0344917 secs]
   [Parallel Time: 27.5 ms, GC Workers: 8]
      [GC Worker Start (ms): Min: 450232926.3, Avg: 450232926.3, Max: 450232926.4, Diff: 0.1]
      [Ext Root Scanning (ms): Min: 2.8, Avg: 4.0, Max: 9.4, Diff: 6.7, Sum: 31.6]
      [Update RS (ms): Min: 7.0, Avg: 12.0, Max: 13.1, Diff: 6.1, Sum: 95.7]
         [Processed Buffers: Min: 66, Avg: 82.2, Max: 101, Diff: 35, Sum: 658]
      [Scan RS (ms): Min: 0.3, Avg: 0.5, Max: 0.6, Diff: 0.3, Sum: 4.3]
      [Code Root Scanning (ms): Min: 0.0, Avg: 0.0, Max: 0.0, Diff: 0.0, Sum: 0.1]
      [Object Copy (ms): Min: 10.3, Avg: 10.6, Max: 10.8, Diff: 0.4, Sum: 84.7]
      [Termination (ms): Min: 0.0, Avg: 0.2, Max: 0.2, Diff: 0.2, Sum: 1.6]
         [Termination Attempts: Min: 1, Avg: 1.0, Max: 1, Diff: 0, Sum: 8]
      [GC Worker Other (ms): Min: 0.0, Avg: 0.0, Max: 0.1, Diff: 0.1, Sum: 0.4]
      [GC Worker Total (ms): Min: 27.2, Avg: 27.3, Max: 27.4, Diff: 0.2, Sum: 218.4]
      [GC Worker End (ms): Min: 450232953.6, Avg: 450232953.6, Max: 450232953.7, Diff: 0.1]
   [Code Root Fixup: 0.0 ms]
   [Code Root Purge: 0.0 ms]
   [Clear CT: 0.5 ms]
   [Other: 6.5 ms]
      [Choose CSet: 0.0 ms]
      [Ref Proc: 2.0 ms]
      [Ref Enq: 0.2 ms]
      [Redirty Cards: 0.1 ms]
      [Humongous Register: 0.4 ms]
      [Humongous Reclaim: 0.2 ms]
      [Free CSet: 2.6 ms]
   [Eden: 2526.0M(2526.0M)->0.0B(3612.0M) Survivors: 26.0M->36.0M Heap: 3879.9M(6144.0M)->1308.1M(6144.0M)]
 [Times: user=0.21 sys=0.00, real=0.03 secs] 
2025-07-25T17:02:00.253+0800: 450274.089: [GC pause (G1 Evacuation Pause) (young), 0.0348162 secs]
   [Parallel Time: 23.4 ms, GC Workers: 8]
      [GC Worker Start (ms): Min: 450274091.3, Avg: 450274091.4, Max: 450274091.5, Diff: 0.2]
      [Ext Root Scanning (ms): Min: 3.0, Avg: 4.6, Max: 11.6, Diff: 8.6, Sum: 36.8]
      [Update RS (ms): Min: 2.7, Avg: 9.5, Max: 11.0, Diff: 8.3, Sum: 76.0]
         [Processed Buffers: Min: 53, Avg: 71.8, Max: 95, Diff: 42, Sum: 574]
      [Scan RS (ms): Min: 0.2, Avg: 0.4, Max: 0.5, Diff: 0.3, Sum: 3.0]
      [Code Root Scanning (ms): Min: 0.0, Avg: 0.0, Max: 0.0, Diff: 0.0, Sum: 0.1]
      [Object Copy (ms): Min: 8.2, Avg: 8.4, Max: 8.5, Diff: 0.4, Sum: 67.0]
      [Termination (ms): Min: 0.0, Avg: 0.0, Max: 0.0, Diff: 0.0, Sum: 0.0]
         [Termination Attempts: Min: 1, Avg: 1.0, Max: 1, Diff: 0, Sum: 8]
      [GC Worker Other (ms): Min: 0.0, Avg: 0.2, Max: 0.2, Diff: 0.2, Sum: 1.6]
      [GC Worker Total (ms): Min: 23.0, Avg: 23.1, Max: 23.2, Diff: 0.2, Sum: 184.5]
      [GC Worker End (ms): Min: 450274114.4, Avg: 450274114.5, Max: 450274114.5, Diff: 0.1]
   [Code Root Fixup: 0.0 ms]
   [Code Root Purge: 0.0 ms]
   [Clear CT: 0.6 ms]
   [Other: 10.7 ms]
      [Choose CSet: 0.0 ms]
      [Ref Proc: 2.4 ms]
      [Ref Enq: 0.2 ms]
      [Redirty Cards: 0.1 ms]
      [Humongous Register: 1.9 ms]
      [Humongous Reclaim: 0.3 ms]
      [Free CSet: 4.9 ms]
   [Eden: 3612.0M(3612.0M)->0.0B(3654.0M) Survivors: 36.0M->32.0M Heap: 4966.2M(6144.0M)->1299.1M(6144.0M)]
 [Times: user=0.13 sys=0.06, real=0.04 secs] 
2025-07-25T17:04:30.152+0800: 450423.988: [GC pause (G1 Evacuation Pause) (young), 0.0368417 secs]
   [Parallel Time: 24.6 ms, GC Workers: 8]
      [GC Worker Start (ms): Min: 450423990.6, Avg: 450423990.6, Max: 450423990.7, Diff: 0.2]
      [Ext Root Scanning (ms): Min: 3.2, Avg: 4.5, Max: 10.9, Diff: 7.7, Sum: 35.6]
      [Update RS (ms): Min: 4.9, Avg: 11.1, Max: 12.7, Diff: 7.8, Sum: 89.0]
         [Processed Buffers: Min: 50, Avg: 83.6, Max: 103, Diff: 53, Sum: 669]
      [Scan RS (ms): Min: 0.4, Avg: 1.0, Max: 1.2, Diff: 0.8, Sum: 7.8]
      [Code Root Scanning (ms): Min: 0.0, Avg: 0.0, Max: 0.0, Diff: 0.0, Sum: 0.1]
      [Object Copy (ms): Min: 7.4, Avg: 7.6, Max: 7.7, Diff: 0.3, Sum: 61.1]
      [Termination (ms): Min: 0.0, Avg: 0.0, Max: 0.0, Diff: 0.0, Sum: 0.0]
         [Termination Attempts: Min: 1, Avg: 4.5, Max: 9, Diff: 8, Sum: 36]
      [GC Worker Other (ms): Min: 0.1, Avg: 0.2, Max: 0.2, Diff: 0.1, Sum: 1.2]
      [GC Worker Total (ms): Min: 24.2, Avg: 24.4, Max: 24.5, Diff: 0.2, Sum: 194.9]
      [GC Worker End (ms): Min: 450424015.0, Avg: 450424015.0, Max: 450424015.1, Diff: 0.1]
   [Code Root Fixup: 0.1 ms]
   [Code Root Purge: 0.0 ms]
   [Clear CT: 0.7 ms]
   [Other: 11.5 ms]
      [Choose CSet: 0.0 ms]
      [Ref Proc: 1.6 ms]
      [Ref Enq: 0.1 ms]
      [Redirty Cards: 0.1 ms]
      [Humongous Register: 2.0 ms]
      [Humongous Reclaim: 0.7 ms]
      [Free CSet: 5.9 ms]
   [Eden: 3654.0M(3654.0M)->0.0B(3658.0M) Survivors: 32.0M->28.0M Heap: 5159.2M(6144.0M)->1295.1M(6144.0M)]
 [Times: user=0.20 sys=0.01, real=0.04 secs] 
2025-07-25T17:05:32.055+0800: 450485.890: [GC pause (G1 Evacuation Pause) (young), 0.0375331 secs]
   [Parallel Time: 26.8 ms, GC Workers: 8]
      [GC Worker Start (ms): Min: 450485892.4, Avg: 450485892.5, Max: 450485892.6, Diff: 0.2]
      [Ext Root Scanning (ms): Min: 2.8, Avg: 4.0, Max: 10.7, Diff: 7.9, Sum: 31.8]
      [Update RS (ms): Min: 5.7, Avg: 12.2, Max: 13.6, Diff: 8.0, Sum: 97.7]
         [Processed Buffers: Min: 68, Avg: 91.6, Max: 118, Diff: 50, Sum: 733]
      [Scan RS (ms): Min: 0.7, Avg: 1.1, Max: 1.2, Diff: 0.5, Sum: 8.9]
      [Code Root Scanning (ms): Min: 0.0, Avg: 0.0, Max: 0.0, Diff: 0.0, Sum: 0.1]
      [Object Copy (ms): Min: 7.6, Avg: 8.1, Max: 8.5, Diff: 0.9, Sum: 64.4]
      [Termination (ms): Min: 0.5, Avg: 1.0, Max: 1.2, Diff: 0.7, Sum: 7.9]
         [Termination Attempts: Min: 77, Avg: 111.0, Max: 157, Diff: 80, Sum: 888]
      [GC Worker Other (ms): Min: 0.1, Avg: 0.1, Max: 0.2, Diff: 0.2, Sum: 0.9]
      [GC Worker Total (ms): Min: 26.4, Avg: 26.5, Max: 26.7, Diff: 0.3, Sum: 211.7]
      [GC Worker End (ms): Min: 450485918.8, Avg: 450485918.9, Max: 450485919.1, Diff: 0.2]
   [Code Root Fixup: 0.0 ms]
   [Code Root Purge: 0.0 ms]
   [Clear CT: 0.8 ms]
   [Other: 9.9 ms]
      [Choose CSet: 0.0 ms]
      [Ref Proc: 2.4 ms]
      [Ref Enq: 0.1 ms]
      [Redirty Cards: 0.1 ms]
      [Humongous Register: 1.6 ms]
      [Humongous Reclaim: 0.4 ms]
      [Free CSet: 4.4 ms]
   [Eden: 3658.0M(3658.0M)->0.0B(3662.0M) Survivors: 28.0M->24.0M Heap: 5067.0M(6144.0M)->1296.1M(6144.0M)]
 [Times: user=0.20 sys=0.02, real=0.04 secs] 
2025-07-25T17:07:40.782+0800: 450614.617: [GC pause (G1 Evacuation Pause) (young), 0.0384474 secs]
   [Parallel Time: 27.3 ms, GC Workers: 8]
      [GC Worker Start (ms): Min: 450614619.7, Avg: 450614619.9, Max: 450614620.0, Diff: 0.3]
      [Ext Root Scanning (ms): Min: 2.9, Avg: 4.2, Max: 11.3, Diff: 8.3, Sum: 33.3]
      [Update RS (ms): Min: 8.1, Avg: 14.8, Max: 16.1, Diff: 7.9, Sum: 118.3]
         [Processed Buffers: Min: 69, Avg: 99.6, Max: 140, Diff: 71, Sum: 797]
      [Scan RS (ms): Min: 1.1, Avg: 1.4, Max: 1.6, Diff: 0.5, Sum: 11.1]
      [Code Root Scanning (ms): Min: 0.0, Avg: 0.0, Max: 0.0, Diff: 0.0, Sum: 0.1]
      [Object Copy (ms): Min: 6.4, Avg: 6.5, Max: 6.7, Diff: 0.3, Sum: 52.3]
      [Termination (ms): Min: 0.0, Avg: 0.0, Max: 0.0, Diff: 0.0, Sum: 0.1]
         [Termination Attempts: Min: 1, Avg: 7.1, Max: 14, Diff: 13, Sum: 57]
      [GC Worker Other (ms): Min: 0.1, Avg: 0.1, Max: 0.2, Diff: 0.2, Sum: 1.2]
      [GC Worker Total (ms): Min: 27.0, Avg: 27.0, Max: 27.2, Diff: 0.2, Sum: 216.3]
      [GC Worker End (ms): Min: 450614646.9, Avg: 450614646.9, Max: 450614646.9, Diff: 0.1]
   [Code Root Fixup: 0.0 ms]
   [Code Root Purge: 0.0 ms]
   [Clear CT: 0.7 ms]
   [Other: 10.4 ms]
      [Choose CSet: 0.0 ms]
      [Ref Proc: 2.1 ms]
      [Ref Enq: 0.1 ms]
      [Redirty Cards: 0.1 ms]
      [Humongous Register: 1.7 ms]
      [Humongous Reclaim: 0.6 ms]
      [Free CSet: 4.6 ms]
   [Eden: 3662.0M(3662.0M)->0.0B(3662.0M) Survivors: 24.0M->24.0M Heap: 5124.1M(6144.0M)->1302.1M(6144.0M)]
 [Times: user=0.19 sys=0.03, real=0.04 secs] 
2025-07-25T17:08:39.663+0800: 450673.498: [GC pause (G1 Evacuation Pause) (young), 0.0391563 secs]
   [Parallel Time: 27.8 ms, GC Workers: 8]
      [GC Worker Start (ms): Min: 450673501.0, Avg: 450673501.1, Max: 450673501.1, Diff: 0.1]
      [Ext Root Scanning (ms): Min: 2.9, Avg: 4.2, Max: 11.8, Diff: 8.9, Sum: 33.3]
      [Update RS (ms): Min: 5.3, Avg: 12.7, Max: 14.4, Diff: 9.1, Sum: 101.6]
         [Processed Buffers: Min: 46, Avg: 78.6, Max: 96, Diff: 50, Sum: 629]
      [Scan RS (ms): Min: 0.1, Avg: 0.4, Max: 0.6, Diff: 0.4, Sum: 3.3]
      [Code Root Scanning (ms): Min: 0.0, Avg: 0.0, Max: 0.0, Diff: 0.0, Sum: 0.1]
      [Object Copy (ms): Min: 10.0, Avg: 10.1, Max: 10.3, Diff: 0.3, Sum: 80.9]
      [Termination (ms): Min: 0.0, Avg: 0.0, Max: 0.0, Diff: 0.0, Sum: 0.1]
         [Termination Attempts: Min: 1, Avg: 19.2, Max: 27, Diff: 26, Sum: 154]
      [GC Worker Other (ms): Min: 0.1, Avg: 0.2, Max: 0.2, Diff: 0.1, Sum: 1.3]
      [GC Worker Total (ms): Min: 27.5, Avg: 27.6, Max: 27.6, Diff: 0.2, Sum: 220.5]
      [GC Worker End (ms): Min: 450673528.6, Avg: 450673528.6, Max: 450673528.7, Diff: 0.1]
   [Code Root Fixup: 0.0 ms]
   [Code Root Purge: 0.0 ms]
   [Clear CT: 0.6 ms]
   [Other: 10.7 ms]
      [Choose CSet: 0.0 ms]
      [Ref Proc: 2.9 ms]
      [Ref Enq: 0.1 ms]
      [Redirty Cards: 0.1 ms]
      [Humongous Register: 1.9 ms]
      [Humongous Reclaim: 0.3 ms]
      [Free CSet: 4.5 ms]
   [Eden: 3662.0M(3662.0M)->0.0B(3656.0M) Survivors: 24.0M->30.0M Heap: 5028.1M(6144.0M)->1308.1M(6144.0M)]
 [Times: user=0.19 sys=0.04, real=0.04 secs] 
2025-07-25T17:09:37.788+0800: 450731.624: [GC pause (G1 Evacuation Pause) (young), 0.0466667 secs]
   [Parallel Time: 33.1 ms, GC Workers: 8]
      [GC Worker Start (ms): Min: 450731627.9, Avg: 450731628.1, Max: 450731628.1, Diff: 0.2]
      [Ext Root Scanning (ms): Min: 3.2, Avg: 4.6, Max: 12.1, Diff: 8.9, Sum: 36.7]
      [Update RS (ms): Min: 12.8, Avg: 20.1, Max: 21.8, Diff: 9.0, Sum: 160.5]
         [Processed Buffers: Min: 92, Avg: 116.0, Max: 134, Diff: 42, Sum: 928]
      [Scan RS (ms): Min: 0.1, Avg: 0.4, Max: 0.6, Diff: 0.4, Sum: 3.3]
      [Code Root Scanning (ms): Min: 0.0, Avg: 0.0, Max: 0.0, Diff: 0.0, Sum: 0.1]
      [Object Copy (ms): Min: 7.4, Avg: 7.6, Max: 7.8, Diff: 0.3, Sum: 60.9]
      [Termination (ms): Min: 0.0, Avg: 0.0, Max: 0.0, Diff: 0.0, Sum: 0.0]
         [Termination Attempts: Min: 1, Avg: 1.4, Max: 2, Diff: 1, Sum: 11]
      [GC Worker Other (ms): Min: 0.1, Avg: 0.2, Max: 0.2, Diff: 0.1, Sum: 1.2]
      [GC Worker Total (ms): Min: 32.8, Avg: 32.9, Max: 33.0, Diff: 0.2, Sum: 262.8]
      [GC Worker End (ms): Min: 450731660.9, Avg: 450731660.9, Max: 450731661.0, Diff: 0.1]
   [Code Root Fixup: 0.0 ms]
   [Code Root Purge: 0.0 ms]
   [Clear CT: 0.8 ms]
   [Other: 12.7 ms]
      [Choose CSet: 0.0 ms]
      [Ref Proc: 3.2 ms]
      [Ref Enq: 0.1 ms]
      [Redirty Cards: 0.1 ms]
      [Humongous Register: 3.2 ms]
      [Humongous Reclaim: 0.3 ms]
      [Free CSet: 4.7 ms]
   [Eden: 3656.0M(3656.0M)->0.0B(3660.0M) Survivors: 30.0M->26.0M Heap: 5060.0M(6144.0M)->1304.1M(6144.0M)]
 [Times: user=0.22 sys=0.06, real=0.04 secs] 
2025-07-25T17:10:37.368+0800: 450791.203: [GC pause (G1 Evacuation Pause) (young), 0.0380067 secs]
   [Parallel Time: 26.2 ms, GC Workers: 8]
      [GC Worker Start (ms): Min: 450791205.9, Avg: 450791206.0, Max: 450791206.1, Diff: 0.1]
      [Ext Root Scanning (ms): Min: 2.9, Avg: 4.2, Max: 11.3, Diff: 8.4, Sum: 33.2]
      [Update RS (ms): Min: 0.0, Avg: 5.2, Max: 6.1, Diff: 6.1, Sum: 41.8]
         [Processed Buffers: Min: 0, Avg: 33.2, Max: 46, Diff: 46, Sum: 266]
      [Scan RS (ms): Min: 0.1, Avg: 0.4, Max: 0.6, Diff: 0.4, Sum: 3.0]
      [Code Root Scanning (ms): Min: 0.0, Avg: 0.0, Max: 0.0, Diff: 0.0, Sum: 0.1]
      [Object Copy (ms): Min: 14.5, Avg: 16.1, Max: 16.6, Diff: 2.1, Sum: 128.7]
      [Termination (ms): Min: 0.0, Avg: 0.0, Max: 0.0, Diff: 0.0, Sum: 0.2]
         [Termination Attempts: Min: 1, Avg: 33.2, Max: 46, Diff: 45, Sum: 266]
      [GC Worker Other (ms): Min: 0.1, Avg: 0.1, Max: 0.2, Diff: 0.1, Sum: 1.1]
      [GC Worker Total (ms): Min: 25.9, Avg: 26.0, Max: 26.1, Diff: 0.2, Sum: 208.2]
      [GC Worker End (ms): Min: 450791232.0, Avg: 450791232.0, Max: 450791232.1, Diff: 0.1]
   [Code Root Fixup: 0.0 ms]
   [Code Root Purge: 0.0 ms]
   [Clear CT: 0.6 ms]
   [Other: 11.2 ms]
      [Choose CSet: 0.0 ms]
      [Ref Proc: 3.4 ms]
      [Ref Enq: 0.2 ms]
      [Redirty Cards: 0.1 ms]
      [Humongous Register: 2.0 ms]
      [Humongous Reclaim: 0.2 ms]
      [Free CSet: 4.3 ms]
   [Eden: 3660.0M(3660.0M)->0.0B(3628.0M) Survivors: 26.0M->58.0M Heap: 4970.1M(6144.0M)->1330.1M(6144.0M)]
 [Times: user=0.13 sys=0.09, real=0.03 secs] 
2025-07-25T17:11:15.005+0800: 450828.840: [GC pause (G1 Evacuation Pause) (young), 0.0841398 secs]
   [Parallel Time: 52.5 ms, GC Workers: 8]
      [GC Worker Start (ms): Min: 450828845.4, Avg: 450828852.6, Max: 450828855.0, Diff: 9.6]
      [Ext Root Scanning (ms): Min: 4.0, Avg: 9.5, Max: 28.5, Diff: 24.6, Sum: 76.0]
      [Update RS (ms): Min: 1.3, Avg: 15.9, Max: 19.0, Diff: 17.7, Sum: 127.2]
         [Processed Buffers: Min: 30, Avg: 76.9, Max: 101, Diff: 71, Sum: 615]
      [Scan RS (ms): Min: 0.2, Avg: 0.5, Max: 0.9, Diff: 0.6, Sum: 4.1]
      [Code Root Scanning (ms): Min: 0.0, Avg: 0.0, Max: 0.0, Diff: 0.0, Sum: 0.1]
      [Object Copy (ms): Min: 13.5, Avg: 16.3, Max: 18.7, Diff: 5.3, Sum: 130.1]
      [Termination (ms): Min: 0.0, Avg: 0.0, Max: 0.0, Diff: 0.0, Sum: 0.2]
         [Termination Attempts: Min: 1, Avg: 27.1, Max: 43, Diff: 42, Sum: 217]
      [GC Worker Other (ms): Min: 0.1, Avg: 0.4, Max: 0.8, Diff: 0.7, Sum: 3.1]
      [GC Worker Total (ms): Min: 40.0, Avg: 42.6, Max: 49.8, Diff: 9.8, Sum: 340.8]
      [GC Worker End (ms): Min: 450828894.9, Avg: 450828895.2, Max: 450828895.6, Diff: 0.6]
   [Code Root Fixup: 0.1 ms]
   [Code Root Purge: 0.0 ms]
   [Clear CT: 4.0 ms]
   [Other: 27.6 ms]
      [Choose CSet: 0.0 ms]
      [Ref Proc: 12.8 ms]
      [Ref Enq: 0.4 ms]
      [Redirty Cards: 2.6 ms]
      [Humongous Register: 3.5 ms]
      [Humongous Reclaim: 0.4 ms]
      [Free CSet: 6.2 ms]
   [Eden: 3628.0M(3628.0M)->0.0B(3642.0M) Survivors: 58.0M->44.0M Heap: 5010.2M(6144.0M)->1317.1M(6144.0M)]
 [Times: user=0.28 sys=0.01, real=0.09 secs] 
2025-07-25T17:11:58.912+0800: 450872.748: [GC pause (G1 Evacuation Pause) (young), 0.0371722 secs]
   [Parallel Time: 25.6 ms, GC Workers: 8]
      [GC Worker Start (ms): Min: 450872750.4, Avg: 450872750.5, Max: 450872750.6, Diff: 0.2]
      [Ext Root Scanning (ms): Min: 3.2, Avg: 5.1, Max: 16.3, Diff: 13.1, Sum: 40.8]
      [Update RS (ms): Min: 0.0, Avg: 10.4, Max: 12.4, Diff: 12.4, Sum: 83.5]
         [Processed Buffers: Min: 0, Avg: 65.1, Max: 88, Diff: 88, Sum: 521]
      [Scan RS (ms): Min: 0.1, Avg: 0.4, Max: 0.5, Diff: 0.4, Sum: 2.9]
      [Code Root Scanning (ms): Min: 0.0, Avg: 0.0, Max: 0.0, Diff: 0.0, Sum: 0.1]
      [Object Copy (ms): Min: 8.9, Avg: 9.3, Max: 9.4, Diff: 0.6, Sum: 74.1]
      [Termination (ms): Min: 0.0, Avg: 0.0, Max: 0.0, Diff: 0.0, Sum: 0.0]
         [Termination Attempts: Min: 1, Avg: 1.0, Max: 1, Diff: 0, Sum: 8]
      [GC Worker Other (ms): Min: 0.1, Avg: 0.2, Max: 0.4, Diff: 0.3, Sum: 1.3]
      [GC Worker Total (ms): Min: 25.3, Avg: 25.3, Max: 25.4, Diff: 0.1, Sum: 202.8]
      [GC Worker End (ms): Min: 450872775.8, Avg: 450872775.8, Max: 450872775.9, Diff: 0.1]
   [Code Root Fixup: 0.0 ms]
   [Code Root Purge: 0.0 ms]
   [Clear CT: 0.7 ms]
   [Other: 10.8 ms]
      [Choose CSet: 0.0 ms]
      [Ref Proc: 2.8 ms]
      [Ref Enq: 0.2 ms]
      [Redirty Cards: 0.1 ms]
      [Humongous Register: 1.8 ms]
      [Humongous Reclaim: 0.4 ms]
      [Free CSet: 4.4 ms]
   [Eden: 3642.0M(3642.0M)->0.0B(3650.0M) Survivors: 44.0M->36.0M Heap: 5013.1M(6144.0M)->1315.1M(6144.0M)]
 [Times: user=0.19 sys=0.02, real=0.04 secs] 
2025-07-25T17:24:13.188+0800: 451607.023: [GC pause (G1 Evacuation Pause) (young), 0.0411584 secs]
   [Parallel Time: 26.4 ms, GC Workers: 8]
      [GC Worker Start (ms): Min: 451607026.7, Avg: 451607026.7, Max: 451607026.8, Diff: 0.1]
      [Ext Root Scanning (ms): Min: 3.0, Avg: 4.8, Max: 15.2, Diff: 12.2, Sum: 38.3]
      [Update RS (ms): Min: 0.0, Avg: 9.0, Max: 10.9, Diff: 10.9, Sum: 72.2]
         [Processed Buffers: Min: 0, Avg: 52.9, Max: 81, Diff: 81, Sum: 423]
      [Scan RS (ms): Min: 0.1, Avg: 0.4, Max: 0.6, Diff: 0.5, Sum: 3.4]
      [Code Root Scanning (ms): Min: 0.0, Avg: 0.0, Max: 0.0, Diff: 0.0, Sum: 0.1]
      [Object Copy (ms): Min: 9.4, Avg: 10.3, Max: 10.9, Diff: 1.5, Sum: 82.3]
      [Termination (ms): Min: 1.0, Avg: 1.4, Max: 1.9, Diff: 0.9, Sum: 11.4]
         [Termination Attempts: Min: 167, Avg: 215.9, Max: 292, Diff: 125, Sum: 1727]
      [GC Worker Other (ms): Min: 0.0, Avg: 0.1, Max: 0.2, Diff: 0.1, Sum: 1.0]
      [GC Worker Total (ms): Min: 26.0, Avg: 26.1, Max: 26.2, Diff: 0.3, Sum: 208.6]
      [GC Worker End (ms): Min: 451607052.7, Avg: 451607052.8, Max: 451607053.0, Diff: 0.2]
   [Code Root Fixup: 0.0 ms]
   [Code Root Purge: 0.0 ms]
   [Clear CT: 0.7 ms]
   [Other: 14.0 ms]
      [Choose CSet: 0.0 ms]
      [Ref Proc: 5.1 ms]
      [Ref Enq: 0.1 ms]
      [Redirty Cards: 0.2 ms]
      [Humongous Register: 2.6 ms]
      [Humongous Reclaim: 0.3 ms]
      [Free CSet: 4.6 ms]
   [Eden: 3650.0M(3650.0M)->0.0B(3662.0M) Survivors: 36.0M->24.0M Heap: 5007.1M(6144.0M)->1297.2M(6144.0M)]
 [Times: user=0.18 sys=0.04, real=0.04 secs] 
2025-07-25T17:30:15.510+0800: 451969.346: [GC pause (G1 Evacuation Pause) (young), 0.1981244 secs]
   [Parallel Time: 186.8 ms, GC Workers: 8]
      [GC Worker Start (ms): Min: 451969348.6, Avg: 451969348.7, Max: 451969348.8, Diff: 0.1]
      [Ext Root Scanning (ms): Min: 3.2, Avg: 4.4, Max: 11.4, Diff: 8.2, Sum: 35.3]
      [Update RS (ms): Min: 13.7, Avg: 20.5, Max: 21.9, Diff: 8.1, Sum: 163.9]
         [Processed Buffers: Min: 16, Avg: 38.9, Max: 69, Diff: 53, Sum: 311]
      [Scan RS (ms): Min: 0.1, Avg: 0.4, Max: 0.6, Diff: 0.4, Sum: 3.0]
      [Code Root Scanning (ms): Min: 0.0, Avg: 0.0, Max: 0.0, Diff: 0.0, Sum: 0.1]
      [Object Copy (ms): Min: 160.8, Avg: 161.1, Max: 161.2, Diff: 0.4, Sum: 1288.8]
      [Termination (ms): Min: 0.0, Avg: 0.0, Max: 0.0, Diff: 0.0, Sum: 0.3]
         [Termination Attempts: Min: 1, Avg: 34.0, Max: 43, Diff: 42, Sum: 272]
      [GC Worker Other (ms): Min: 0.0, Avg: 0.1, Max: 0.2, Diff: 0.2, Sum: 1.2]
      [GC Worker Total (ms): Min: 186.5, Avg: 186.6, Max: 186.7, Diff: 0.2, Sum: 1492.4]
      [GC Worker End (ms): Min: 451969535.2, Avg: 451969535.3, Max: 451969535.3, Diff: 0.1]
   [Code Root Fixup: 0.0 ms]
   [Code Root Purge: 0.0 ms]
   [Clear CT: 0.9 ms]
   [Other: 10.4 ms]
      [Choose CSet: 0.0 ms]
      [Ref Proc: 2.5 ms]
      [Ref Enq: 0.1 ms]
      [Redirty Cards: 0.1 ms]
      [Humongous Register: 2.0 ms]
      [Humongous Reclaim: 0.1 ms]
      [Free CSet: 4.3 ms]
   [Eden: 3662.0M(3662.0M)->0.0B(3076.0M) Survivors: 24.0M->410.0M Heap: 4966.1M(6144.0M)->1683.3M(6144.0M)]
 [Times: user=1.35 sys=0.15, real=0.20 secs] 
2025-07-25T17:30:46.479+0800: 452000.315: [GC pause (G1 Evacuation Pause) (young), 0.2196552 secs]
   [Parallel Time: 210.4 ms, GC Workers: 8]
      [GC Worker Start (ms): Min: 452000317.2, Avg: 452000317.2, Max: 452000317.3, Diff: 0.1]
      [Ext Root Scanning (ms): Min: 2.2, Avg: 2.8, Max: 4.2, Diff: 1.9, Sum: 22.1]
      [Update RS (ms): Min: 46.5, Avg: 47.7, Max: 48.0, Diff: 1.6, Sum: 381.4]
         [Processed Buffers: Min: 66, Avg: 80.4, Max: 90, Diff: 24, Sum: 643]
      [Scan RS (ms): Min: 0.2, Avg: 0.4, Max: 0.5, Diff: 0.3, Sum: 3.3]
      [Code Root Scanning (ms): Min: 0.0, Avg: 0.0, Max: 0.0, Diff: 0.0, Sum: 0.1]
      [Object Copy (ms): Min: 159.0, Avg: 159.1, Max: 159.3, Diff: 0.3, Sum: 1273.2]
      [Termination (ms): Min: 0.0, Avg: 0.1, Max: 0.1, Diff: 0.1, Sum: 0.5]
         [Termination Attempts: Min: 1, Avg: 60.6, Max: 80, Diff: 79, Sum: 485]
      [GC Worker Other (ms): Min: 0.1, Avg: 0.1, Max: 0.2, Diff: 0.1, Sum: 0.9]
      [GC Worker Total (ms): Min: 210.1, Avg: 210.2, Max: 210.2, Diff: 0.2, Sum: 1681.4]
      [GC Worker End (ms): Min: 452000527.4, Avg: 452000527.4, Max: 452000527.5, Diff: 0.1]
   [Code Root Fixup: 0.0 ms]
   [Code Root Purge: 0.0 ms]
   [Clear CT: 0.6 ms]
   [Other: 8.6 ms]
      [Choose CSet: 0.0 ms]
      [Ref Proc: 1.7 ms]
      [Ref Enq: 0.2 ms]
      [Redirty Cards: 0.9 ms]
      [Humongous Register: 2.2 ms]
      [Humongous Reclaim: 0.2 ms]
      [Free CSet: 2.6 ms]
   [Eden: 3076.0M(3076.0M)->0.0B(3320.0M) Survivors: 410.0M->36.0M Heap: 4805.4M(6144.0M)->1689.4M(6144.0M)]
 [Times: user=1.43 sys=0.27, real=0.22 secs] 
2025-07-25T17:31:17.758+0800: 452031.594: [GC pause (G1 Evacuation Pause) (young), 0.0339175 secs]
   [Parallel Time: 27.8 ms, GC Workers: 8]
      [GC Worker Start (ms): Min: 452031594.6, Avg: 452031594.6, Max: 452031594.7, Diff: 0.1]
      [Ext Root Scanning (ms): Min: 2.4, Avg: 3.6, Max: 10.1, Diff: 7.7, Sum: 28.4]
      [Update RS (ms): Min: 8.7, Avg: 15.0, Max: 16.3, Diff: 7.6, Sum: 120.0]
         [Processed Buffers: Min: 63, Avg: 92.4, Max: 106, Diff: 43, Sum: 739]
      [Scan RS (ms): Min: 0.4, Avg: 0.6, Max: 0.7, Diff: 0.3, Sum: 5.1]
      [Code Root Scanning (ms): Min: 0.0, Avg: 0.0, Max: 0.0, Diff: 0.0, Sum: 0.1]
      [Object Copy (ms): Min: 7.9, Avg: 8.2, Max: 8.3, Diff: 0.4, Sum: 65.8]
      [Termination (ms): Min: 0.0, Avg: 0.2, Max: 0.3, Diff: 0.3, Sum: 1.4]
         [Termination Attempts: Min: 1, Avg: 1.0, Max: 1, Diff: 0, Sum: 8]
      [GC Worker Other (ms): Min: 0.0, Avg: 0.0, Max: 0.0, Diff: 0.0, Sum: 0.2]
      [GC Worker Total (ms): Min: 27.5, Avg: 27.6, Max: 27.7, Diff: 0.2, Sum: 221.0]
      [GC Worker End (ms): Min: 452031622.2, Avg: 452031622.2, Max: 452031622.3, Diff: 0.1]
   [Code Root Fixup: 0.0 ms]
   [Code Root Purge: 0.0 ms]
   [Clear CT: 0.6 ms]
   [Other: 5.5 ms]
      [Choose CSet: 0.0 ms]
      [Ref Proc: 2.1 ms]
      [Ref Enq: 0.1 ms]
      [Redirty Cards: 0.2 ms]
      [Humongous Register: 0.3 ms]
      [Humongous Reclaim: 0.2 ms]
      [Free CSet: 1.7 ms]
   [Eden: 3320.0M(3320.0M)->0.0B(3340.0M) Survivors: 36.0M->40.0M Heap: 5059.3M(6144.0M)->1694.4M(6144.0M)]
 [Times: user=0.17 sys=0.06, real=0.03 secs] 
2025-07-25T17:32:21.981+0800: 452095.816: [GC pause (G1 Evacuation Pause) (young), 0.0330442 secs]
   [Parallel Time: 23.7 ms, GC Workers: 8]
      [GC Worker Start (ms): Min: 452095818.6, Avg: 452095818.7, Max: 452095818.8, Diff: 0.1]
      [Ext Root Scanning (ms): Min: 2.7, Avg: 3.2, Max: 4.9, Diff: 2.2, Sum: 25.4]
      [Update RS (ms): Min: 10.5, Avg: 12.0, Max: 12.5, Diff: 2.0, Sum: 95.8]
         [Processed Buffers: Min: 51, Avg: 77.6, Max: 96, Diff: 45, Sum: 621]
      [Scan RS (ms): Min: 0.2, Avg: 0.4, Max: 0.5, Diff: 0.3, Sum: 2.9]
      [Code Root Scanning (ms): Min: 0.0, Avg: 0.0, Max: 0.0, Diff: 0.0, Sum: 0.1]
      [Object Copy (ms): Min: 7.7, Avg: 7.8, Max: 7.9, Diff: 0.2, Sum: 62.4]
      [Termination (ms): Min: 0.0, Avg: 0.0, Max: 0.0, Diff: 0.0, Sum: 0.0]
         [Termination Attempts: Min: 1, Avg: 1.0, Max: 1, Diff: 0, Sum: 8]
      [GC Worker Other (ms): Min: 0.1, Avg: 0.1, Max: 0.2, Diff: 0.1, Sum: 1.2]
      [GC Worker Total (ms): Min: 23.4, Avg: 23.5, Max: 23.6, Diff: 0.2, Sum: 187.8]
      [GC Worker End (ms): Min: 452095842.1, Avg: 452095842.2, Max: 452095842.2, Diff: 0.1]
   [Code Root Fixup: 0.0 ms]
   [Code Root Purge: 0.0 ms]
   [Clear CT: 0.5 ms]
   [Other: 8.8 ms]
      [Choose CSet: 0.0 ms]
      [Ref Proc: 1.8 ms]
      [Ref Enq: 0.2 ms]
      [Redirty Cards: 0.1 ms]
      [Humongous Register: 1.6 ms]
      [Humongous Reclaim: 0.2 ms]
      [Free CSet: 3.9 ms]
   [Eden: 3340.0M(3340.0M)->0.0B(3364.0M) Survivors: 40.0M->32.0M Heap: 5088.2M(6144.0M)->1688.1M(6144.0M)]
 [Times: user=0.19 sys=0.01, real=0.03 secs] 
2025-07-25T17:35:02.031+0800: 452255.866: [GC pause (GCLocker Initiated GC) (young), 0.0437933 secs]
   [Parallel Time: 34.8 ms, GC Workers: 8]
      [GC Worker Start (ms): Min: 452255868.3, Avg: 452255868.4, Max: 452255868.4, Diff: 0.1]
      [Ext Root Scanning (ms): Min: 2.7, Avg: 4.1, Max: 12.1, Diff: 9.5, Sum: 32.6]
      [Update RS (ms): Min: 12.3, Avg: 20.0, Max: 21.5, Diff: 9.2, Sum: 160.2]
         [Processed Buffers: Min: 93, Avg: 132.4, Max: 153, Diff: 60, Sum: 1059]
      [Scan RS (ms): Min: 0.7, Avg: 1.0, Max: 1.2, Diff: 0.5, Sum: 8.1]
      [Code Root Scanning (ms): Min: 0.0, Avg: 0.0, Max: 0.0, Diff: 0.0, Sum: 0.1]
      [Object Copy (ms): Min: 9.2, Avg: 9.4, Max: 9.5, Diff: 0.3, Sum: 74.9]
      [Termination (ms): Min: 0.0, Avg: 0.0, Max: 0.0, Diff: 0.0, Sum: 0.0]
         [Termination Attempts: Min: 1, Avg: 1.0, Max: 1, Diff: 0, Sum: 8]
      [GC Worker Other (ms): Min: 0.1, Avg: 0.1, Max: 0.2, Diff: 0.1, Sum: 0.9]
      [GC Worker Total (ms): Min: 34.5, Avg: 34.6, Max: 34.7, Diff: 0.2, Sum: 276.8]
      [GC Worker End (ms): Min: 452255902.9, Avg: 452255903.0, Max: 452255903.0, Diff: 0.1]
   [Code Root Fixup: 0.0 ms]
   [Code Root Purge: 0.0 ms]
   [Clear CT: 0.7 ms]
   [Other: 8.3 ms]
      [Choose CSet: 0.0 ms]
      [Ref Proc: 1.5 ms]
      [Ref Enq: 0.1 ms]
      [Redirty Cards: 0.1 ms]
      [Humongous Register: 1.4 ms]
      [Humongous Reclaim: 0.4 ms]
      [Free CSet: 4.1 ms]
   [Eden: 3366.0M(3364.0M)->0.0B(3362.0M) Survivors: 32.0M->34.0M Heap: 5250.6M(6144.0M)->1699.4M(6144.0M)]
 [Times: user=0.25 sys=0.05, real=0.04 secs] 
2025-07-25T17:36:25.255+0800: 452339.091: [GC pause (G1 Evacuation Pause) (young), 0.0403655 secs]
   [Parallel Time: 30.3 ms, GC Workers: 8]
      [GC Worker Start (ms): Min: 452339092.9, Avg: 452339092.9, Max: 452339093.0, Diff: 0.1]
      [Ext Root Scanning (ms): Min: 2.9, Avg: 4.0, Max: 10.8, Diff: 7.9, Sum: 32.4]
      [Update RS (ms): Min: 5.8, Avg: 12.0, Max: 13.1, Diff: 7.3, Sum: 95.6]
         [Processed Buffers: Min: 32, Avg: 88.9, Max: 110, Diff: 78, Sum: 711]
      [Scan RS (ms): Min: 0.6, Avg: 1.1, Max: 1.2, Diff: 0.6, Sum: 8.5]
      [Code Root Scanning (ms): Min: 0.0, Avg: 0.0, Max: 0.0, Diff: 0.0, Sum: 0.1]
      [Object Copy (ms): Min: 12.7, Avg: 12.9, Max: 13.0, Diff: 0.3, Sum: 103.1]
      [Termination (ms): Min: 0.0, Avg: 0.0, Max: 0.0, Diff: 0.0, Sum: 0.0]
         [Termination Attempts: Min: 1, Avg: 1.8, Max: 3, Diff: 2, Sum: 14]
      [GC Worker Other (ms): Min: 0.0, Avg: 0.1, Max: 0.2, Diff: 0.1, Sum: 0.8]
      [GC Worker Total (ms): Min: 30.0, Avg: 30.1, Max: 30.1, Diff: 0.2, Sum: 240.5]
      [GC Worker End (ms): Min: 452339123.0, Avg: 452339123.0, Max: 452339123.0, Diff: 0.1]
   [Code Root Fixup: 0.0 ms]
   [Code Root Purge: 0.0 ms]
   [Clear CT: 0.7 ms]
   [Other: 9.4 ms]
      [Choose CSet: 0.0 ms]
      [Ref Proc: 2.0 ms]
      [Ref Enq: 0.1 ms]
      [Redirty Cards: 0.1 ms]
      [Humongous Register: 1.4 ms]
      [Humongous Reclaim: 0.4 ms]
      [Free CSet: 4.4 ms]
   [Eden: 3362.0M(3362.0M)->0.0B(3364.0M) Survivors: 34.0M->44.0M Heap: 5209.5M(6144.0M)->1709.4M(6144.0M)]
 [Times: user=0.22 sys=0.03, real=0.04 secs] 
2025-07-25T17:37:51.194+0800: 452425.029: [GC pause (G1 Evacuation Pause) (young), 0.0393507 secs]
   [Parallel Time: 29.3 ms, GC Workers: 8]
      [GC Worker Start (ms): Min: 452425031.5, Avg: 452425031.5, Max: 452425031.6, Diff: 0.1]
      [Ext Root Scanning (ms): Min: 2.6, Avg: 3.8, Max: 10.7, Diff: 8.1, Sum: 30.6]
      [Update RS (ms): Min: 9.9, Avg: 16.2, Max: 17.4, Diff: 7.5, Sum: 129.3]
         [Processed Buffers: Min: 52, Avg: 108.0, Max: 124, Diff: 72, Sum: 864]
      [Scan RS (ms): Min: 0.8, Avg: 1.2, Max: 1.4, Diff: 0.6, Sum: 9.7]
      [Code Root Scanning (ms): Min: 0.0, Avg: 0.0, Max: 0.0, Diff: 0.0, Sum: 0.1]
      [Object Copy (ms): Min: 7.7, Avg: 7.8, Max: 7.9, Diff: 0.2, Sum: 62.6]
      [Termination (ms): Min: 0.0, Avg: 0.0, Max: 0.0, Diff: 0.0, Sum: 0.1]
         [Termination Attempts: Min: 1, Avg: 12.9, Max: 16, Diff: 15, Sum: 103]
      [GC Worker Other (ms): Min: 0.0, Avg: 0.1, Max: 0.2, Diff: 0.1, Sum: 0.8]
      [GC Worker Total (ms): Min: 29.1, Avg: 29.1, Max: 29.3, Diff: 0.2, Sum: 233.2]
      [GC Worker End (ms): Min: 452425060.6, Avg: 452425060.7, Max: 452425060.7, Diff: 0.1]
   [Code Root Fixup: 0.0 ms]
   [Code Root Purge: 0.0 ms]
   [Clear CT: 0.6 ms]
   [Other: 9.4 ms]
      [Choose CSet: 0.0 ms]
      [Ref Proc: 2.2 ms]
      [Ref Enq: 0.1 ms]
      [Redirty Cards: 0.2 ms]
      [Humongous Register: 1.5 ms]
      [Humongous Reclaim: 0.5 ms]
      [Free CSet: 4.1 ms]
   [Eden: 3364.0M(3364.0M)->0.0B(3398.0M) Survivors: 44.0M->26.0M Heap: 5211.4M(6144.0M)->1692.4M(6144.0M)]
 [Times: user=0.21 sys=0.03, real=0.04 secs] 
2025-07-25T17:39:02.377+0800: 452496.213: [GC pause (G1 Evacuation Pause) (young), 0.0427580 secs]
   [Parallel Time: 30.2 ms, GC Workers: 8]
      [GC Worker Start (ms): Min: 452496216.7, Avg: 452496216.8, Max: 452496216.9, Diff: 0.2]
      [Ext Root Scanning (ms): Min: 3.1, Avg: 4.5, Max: 12.0, Diff: 8.9, Sum: 36.2]
      [Update RS (ms): Min: 4.6, Avg: 11.8, Max: 13.6, Diff: 9.0, Sum: 94.5]
         [Processed Buffers: Min: 37, Avg: 70.6, Max: 95, Diff: 58, Sum: 565]
      [Scan RS (ms): Min: 0.1, Avg: 0.4, Max: 0.5, Diff: 0.4, Sum: 3.2]
      [Code Root Scanning (ms): Min: 0.0, Avg: 0.0, Max: 0.0, Diff: 0.0, Sum: 0.1]
      [Object Copy (ms): Min: 12.8, Avg: 13.0, Max: 13.2, Diff: 0.4, Sum: 104.2]
      [Termination (ms): Min: 0.0, Avg: 0.0, Max: 0.0, Diff: 0.0, Sum: 0.2]
         [Termination Attempts: Min: 1, Avg: 1.0, Max: 1, Diff: 0, Sum: 8]
      [GC Worker Other (ms): Min: 0.1, Avg: 0.2, Max: 0.3, Diff: 0.3, Sum: 1.3]
      [GC Worker Total (ms): Min: 29.9, Avg: 30.0, Max: 30.0, Diff: 0.2, Sum: 239.6]
      [GC Worker End (ms): Min: 452496246.7, Avg: 452496246.7, Max: 452496246.8, Diff: 0.1]
   [Code Root Fixup: 0.0 ms]
   [Code Root Purge: 0.0 ms]
   [Clear CT: 0.6 ms]
   [Other: 11.9 ms]
      [Choose CSet: 0.0 ms]
      [Ref Proc: 3.2 ms]
      [Ref Enq: 0.2 ms]
      [Redirty Cards: 0.1 ms]
      [Humongous Register: 2.9 ms]
      [Humongous Reclaim: 0.3 ms]
      [Free CSet: 4.3 ms]
   [Eden: 3398.0M(3398.0M)->0.0B(3394.0M) Survivors: 26.0M->38.0M Heap: 5142.5M(6144.0M)->1703.4M(6144.0M)]
 [Times: user=0.24 sys=0.06, real=0.04 secs] 
2025-07-25T17:40:14.168+0800: 452568.003: [GC pause (G1 Evacuation Pause) (young), 0.0502464 secs]
   [Parallel Time: 40.7 ms, GC Workers: 8]
      [GC Worker Start (ms): Min: 452568005.2, Avg: 452568005.3, Max: 452568005.4, Diff: 0.1]
      [Ext Root Scanning (ms): Min: 2.9, Avg: 4.1, Max: 10.8, Diff: 7.9, Sum: 32.8]
      [Update RS (ms): Min: 16.1, Avg: 22.1, Max: 23.3, Diff: 7.2, Sum: 177.2]
         [Processed Buffers: Min: 107, Avg: 133.6, Max: 153, Diff: 46, Sum: 1069]
      [Scan RS (ms): Min: 0.1, Avg: 0.3, Max: 0.5, Diff: 0.3, Sum: 2.7]
      [Code Root Scanning (ms): Min: 0.0, Avg: 0.0, Max: 0.0, Diff: 0.0, Sum: 0.1]
      [Object Copy (ms): Min: 13.3, Avg: 13.7, Max: 13.9, Diff: 0.5, Sum: 109.8]
      [Termination (ms): Min: 0.0, Avg: 0.0, Max: 0.1, Diff: 0.1, Sum: 0.3]
         [Termination Attempts: Min: 1, Avg: 30.6, Max: 40, Diff: 39, Sum: 245]
      [GC Worker Other (ms): Min: 0.0, Avg: 0.1, Max: 0.2, Diff: 0.2, Sum: 1.1]
      [GC Worker Total (ms): Min: 40.4, Avg: 40.5, Max: 40.6, Diff: 0.2, Sum: 323.9]
      [GC Worker End (ms): Min: 452568045.8, Avg: 452568045.8, Max: 452568045.8, Diff: 0.1]
   [Code Root Fixup: 0.0 ms]
   [Code Root Purge: 0.0 ms]
   [Clear CT: 0.5 ms]
   [Other: 9.1 ms]
      [Choose CSet: 0.0 ms]
      [Ref Proc: 2.1 ms]
      [Ref Enq: 0.2 ms]
      [Redirty Cards: 0.1 ms]
      [Humongous Register: 1.5 ms]
      [Humongous Reclaim: 0.4 ms]
      [Free CSet: 3.9 ms]
   [Eden: 3394.0M(3394.0M)->0.0B(3406.0M) Survivors: 38.0M->50.0M Heap: 5205.3M(6144.0M)->1703.4M(6144.0M)]
 [Times: user=0.31 sys=0.02, real=0.05 secs] 
2025-07-25T17:40:51.571+0800: 452605.407: [GC pause (G1 Evacuation Pause) (young), 0.0388909 secs]
   [Parallel Time: 28.0 ms, GC Workers: 8]
      [GC Worker Start (ms): Min: 452605410.1, Avg: 452605410.2, Max: 452605410.3, Diff: 0.1]
      [Ext Root Scanning (ms): Min: 3.2, Avg: 4.4, Max: 11.0, Diff: 7.8, Sum: 35.0]
      [Update RS (ms): Min: 5.0, Avg: 11.3, Max: 12.7, Diff: 7.7, Sum: 90.2]
         [Processed Buffers: Min: 53, Avg: 74.1, Max: 91, Diff: 38, Sum: 593]
      [Scan RS (ms): Min: 0.1, Avg: 0.4, Max: 0.5, Diff: 0.3, Sum: 2.8]
      [Code Root Scanning (ms): Min: 0.0, Avg: 0.0, Max: 0.0, Diff: 0.0, Sum: 0.1]
      [Object Copy (ms): Min: 11.4, Avg: 11.7, Max: 11.7, Diff: 0.3, Sum: 93.2]
      [Termination (ms): Min: 0.0, Avg: 0.0, Max: 0.0, Diff: 0.0, Sum: 0.0]
         [Termination Attempts: Min: 1, Avg: 1.9, Max: 3, Diff: 2, Sum: 15]
      [GC Worker Other (ms): Min: 0.1, Avg: 0.2, Max: 0.2, Diff: 0.1, Sum: 1.2]
      [GC Worker Total (ms): Min: 27.8, Avg: 27.8, Max: 27.9, Diff: 0.2, Sum: 222.6]
      [GC Worker End (ms): Min: 452605438.0, Avg: 452605438.0, Max: 452605438.1, Diff: 0.1]
   [Code Root Fixup: 0.0 ms]
   [Code Root Purge: 0.0 ms]
   [Clear CT: 0.6 ms]
   [Other: 10.3 ms]
      [Choose CSet: 0.0 ms]
      [Ref Proc: 2.2 ms]
      [Ref Enq: 0.2 ms]
      [Redirty Cards: 0.1 ms]
      [Humongous Register: 2.5 ms]
      [Humongous Reclaim: 0.2 ms]
      [Free CSet: 4.1 ms]
   [Eden: 3406.0M(3406.0M)->0.0B(3406.0M) Survivors: 50.0M->52.0M Heap: 5155.5M(6144.0M)->1705.4M(6144.0M)]
 [Times: user=0.17 sys=0.07, real=0.04 secs] 
2025-07-25T17:41:20.443+0800: 452634.279: [GC pause (G1 Evacuation Pause) (young), 0.0383297 secs]
   [Parallel Time: 32.5 ms, GC Workers: 8]
      [GC Worker Start (ms): Min: 452634279.6, Avg: 452634279.6, Max: 452634279.7, Diff: 0.1]
      [Ext Root Scanning (ms): Min: 2.2, Avg: 2.4, Max: 3.0, Diff: 0.9, Sum: 19.6]
      [Update RS (ms): Min: 16.4, Avg: 16.8, Max: 17.1, Diff: 0.7, Sum: 134.8]
         [Processed Buffers: Min: 83, Avg: 105.6, Max: 118, Diff: 35, Sum: 845]
      [Scan RS (ms): Min: 0.2, Avg: 0.4, Max: 0.4, Diff: 0.2, Sum: 3.0]
      [Code Root Scanning (ms): Min: 0.0, Avg: 0.0, Max: 0.0, Diff: 0.0, Sum: 0.1]
      [Object Copy (ms): Min: 12.4, Avg: 12.6, Max: 12.7, Diff: 0.2, Sum: 100.7]
      [Termination (ms): Min: 0.0, Avg: 0.0, Max: 0.0, Diff: 0.0, Sum: 0.3]
         [Termination Attempts: Min: 1, Avg: 28.5, Max: 36, Diff: 35, Sum: 228]
      [GC Worker Other (ms): Min: 0.0, Avg: 0.1, Max: 0.1, Diff: 0.1, Sum: 0.5]
      [GC Worker Total (ms): Min: 32.3, Avg: 32.4, Max: 32.4, Diff: 0.1, Sum: 258.9]
      [GC Worker End (ms): Min: 452634312.0, Avg: 452634312.0, Max: 452634312.1, Diff: 0.1]
   [Code Root Fixup: 0.0 ms]
   [Code Root Purge: 0.0 ms]
   [Clear CT: 0.6 ms]
   [Other: 5.2 ms]
      [Choose CSet: 0.0 ms]
      [Ref Proc: 1.7 ms]
      [Ref Enq: 0.2 ms]
      [Redirty Cards: 0.1 ms]
      [Humongous Register: 0.5 ms]
      [Humongous Reclaim: 0.2 ms]
      [Free CSet: 1.7 ms]
   [Eden: 3406.0M(3406.0M)->0.0B(3404.0M) Survivors: 52.0M->52.0M Heap: 5189.4M(6144.0M)->1709.9M(6144.0M)]
 [Times: user=0.24 sys=0.03, real=0.04 secs] 
2025-07-25T17:42:42.950+0800: 452716.786: [GC pause (G1 Evacuation Pause) (young), 0.0419019 secs]
   [Parallel Time: 31.9 ms, GC Workers: 8]
      [GC Worker Start (ms): Min: 452716787.8, Avg: 452716787.9, Max: 452716788.0, Diff: 0.1]
      [Ext Root Scanning (ms): Min: 2.7, Avg: 4.0, Max: 11.0, Diff: 8.3, Sum: 32.0]
      [Update RS (ms): Min: 8.8, Avg: 15.5, Max: 16.8, Diff: 8.1, Sum: 123.9]
         [Processed Buffers: Min: 71, Avg: 93.2, Max: 106, Diff: 35, Sum: 746]
      [Scan RS (ms): Min: 0.1, Avg: 0.4, Max: 0.5, Diff: 0.3, Sum: 3.0]
      [Code Root Scanning (ms): Min: 0.0, Avg: 0.0, Max: 0.0, Diff: 0.0, Sum: 0.1]
      [Object Copy (ms): Min: 11.4, Avg: 11.6, Max: 11.7, Diff: 0.3, Sum: 92.8]
      [Termination (ms): Min: 0.0, Avg: 0.1, Max: 0.1, Diff: 0.1, Sum: 0.7]
         [Termination Attempts: Min: 1, Avg: 37.6, Max: 52, Diff: 51, Sum: 301]
      [GC Worker Other (ms): Min: 0.1, Avg: 0.1, Max: 0.2, Diff: 0.1, Sum: 1.0]
      [GC Worker Total (ms): Min: 31.6, Avg: 31.7, Max: 31.7, Diff: 0.2, Sum: 253.5]
      [GC Worker End (ms): Min: 452716819.5, Avg: 452716819.6, Max: 452716819.6, Diff: 0.1]
   [Code Root Fixup: 0.0 ms]
   [Code Root Purge: 0.0 ms]
   [Clear CT: 0.6 ms]
   [Other: 9.4 ms]
      [Choose CSet: 0.0 ms]
      [Ref Proc: 1.9 ms]
      [Ref Enq: 0.2 ms]
      [Redirty Cards: 0.1 ms]
      [Humongous Register: 1.5 ms]
      [Humongous Reclaim: 0.2 ms]
      [Free CSet: 4.4 ms]
   [Eden: 3404.0M(3404.0M)->0.0B(3418.0M) Survivors: 52.0M->46.0M Heap: 5178.0M(6144.0M)->1699.4M(6144.0M)]
 [Times: user=0.24 sys=0.03, real=0.04 secs] 
2025-07-25T17:45:21.583+0800: 452875.418: [GC pause (G1 Evacuation Pause) (young), 0.0416227 secs]
   [Parallel Time: 32.5 ms, GC Workers: 8]
      [GC Worker Start (ms): Min: 452875420.6, Avg: 452875420.7, Max: 452875420.8, Diff: 0.1]
      [Ext Root Scanning (ms): Min: 2.8, Avg: 3.9, Max: 10.3, Diff: 7.5, Sum: 31.2]
      [Update RS (ms): Min: 11.3, Avg: 17.5, Max: 18.9, Diff: 7.6, Sum: 140.1]
         [Processed Buffers: Min: 85, Avg: 120.0, Max: 136, Diff: 51, Sum: 960]
      [Scan RS (ms): Min: 2.3, Avg: 2.6, Max: 2.8, Diff: 0.5, Sum: 21.0]
      [Code Root Scanning (ms): Min: 0.0, Avg: 0.0, Max: 0.0, Diff: 0.0, Sum: 0.1]
      [Object Copy (ms): Min: 8.0, Avg: 8.1, Max: 8.2, Diff: 0.2, Sum: 64.9]
      [Termination (ms): Min: 0.0, Avg: 0.0, Max: 0.0, Diff: 0.0, Sum: 0.0]
         [Termination Attempts: Min: 1, Avg: 1.0, Max: 1, Diff: 0, Sum: 8]
      [GC Worker Other (ms): Min: 0.1, Avg: 0.1, Max: 0.2, Diff: 0.1, Sum: 1.1]
      [GC Worker Total (ms): Min: 32.2, Avg: 32.3, Max: 32.4, Diff: 0.2, Sum: 258.6]
      [GC Worker End (ms): Min: 452875453.0, Avg: 452875453.0, Max: 452875453.0, Diff: 0.1]
   [Code Root Fixup: 0.0 ms]
   [Code Root Purge: 0.0 ms]
   [Clear CT: 0.7 ms]
   [Other: 8.4 ms]
      [Choose CSet: 0.0 ms]
      [Ref Proc: 1.0 ms]
      [Ref Enq: 0.1 ms]
      [Redirty Cards: 0.1 ms]
      [Humongous Register: 1.4 ms]
      [Humongous Reclaim: 0.5 ms]
      [Free CSet: 4.2 ms]
   [Eden: 3418.0M(3418.0M)->0.0B(3434.0M) Survivors: 46.0M->34.0M Heap: 5310.9M(6144.0M)->1690.1M(6144.0M)]
 [Times: user=0.24 sys=0.02, real=0.04 secs] 
2025-07-25T17:49:19.920+0800: 453113.756: [GC pause (G1 Evacuation Pause) (young), 0.0524316 secs]
   [Parallel Time: 40.0 ms, GC Workers: 8]
      [GC Worker Start (ms): Min: 453113759.5, Avg: 453113759.6, Max: 453113759.6, Diff: 0.2]
      [Ext Root Scanning (ms): Min: 3.1, Avg: 4.4, Max: 11.9, Diff: 8.8, Sum: 35.2]
      [Update RS (ms): Min: 17.7, Avg: 24.9, Max: 26.5, Diff: 8.9, Sum: 199.3]
         [Processed Buffers: Min: 108, Avg: 147.2, Max: 168, Diff: 60, Sum: 1178]
      [Scan RS (ms): Min: 0.1, Avg: 0.4, Max: 0.5, Diff: 0.4, Sum: 3.2]
      [Code Root Scanning (ms): Min: 0.0, Avg: 0.0, Max: 0.0, Diff: 0.0, Sum: 0.1]
      [Object Copy (ms): Min: 9.0, Avg: 9.3, Max: 9.7, Diff: 0.7, Sum: 74.6]
      [Termination (ms): Min: 0.1, Avg: 0.5, Max: 0.8, Diff: 0.7, Sum: 4.4]
         [Termination Attempts: Min: 32, Avg: 83.2, Max: 153, Diff: 121, Sum: 666]
      [GC Worker Other (ms): Min: 0.0, Avg: 0.1, Max: 0.2, Diff: 0.1, Sum: 0.8]
      [GC Worker Total (ms): Min: 39.6, Avg: 39.7, Max: 39.7, Diff: 0.1, Sum: 317.5]
      [GC Worker End (ms): Min: 453113799.2, Avg: 453113799.2, Max: 453113799.3, Diff: 0.1]
   [Code Root Fixup: 0.0 ms]
   [Code Root Purge: 0.0 ms]
   [Clear CT: 0.6 ms]
   [Other: 11.8 ms]
      [Choose CSet: 0.0 ms]
      [Ref Proc: 2.8 ms]
      [Ref Enq: 0.1 ms]
      [Redirty Cards: 0.1 ms]
      [Humongous Register: 2.9 ms]
      [Humongous Reclaim: 0.5 ms]
      [Free CSet: 4.3 ms]
   [Eden: 3434.0M(3434.0M)->0.0B(3438.0M) Survivors: 34.0M->28.0M Heap: 5262.6M(6144.0M)->1688.4M(6144.0M)]
 [Times: user=0.27 sys=0.06, real=0.05 secs] 
2025-07-25T17:54:14.955+0800: 453408.791: [GC pause (GCLocker Initiated GC) (young), 0.0430575 secs]
   [Parallel Time: 28.5 ms, GC Workers: 8]
      [GC Worker Start (ms): Min: 453408794.4, Avg: 453408794.5, Max: 453408794.6, Diff: 0.2]
      [Ext Root Scanning (ms): Min: 4.2, Avg: 6.0, Max: 16.5, Diff: 12.3, Sum: 47.7]
      [Update RS (ms): Min: 0.0, Avg: 7.2, Max: 9.0, Diff: 9.0, Sum: 57.3]
         [Processed Buffers: Min: 0, Avg: 30.4, Max: 50, Diff: 50, Sum: 243]
      [Scan RS (ms): Min: 0.2, Avg: 0.6, Max: 1.0, Diff: 0.8, Sum: 4.9]
      [Code Root Scanning (ms): Min: 0.0, Avg: 0.0, Max: 0.0, Diff: 0.0, Sum: 0.1]
      [Object Copy (ms): Min: 9.9, Avg: 12.8, Max: 14.0, Diff: 4.1, Sum: 102.2]
      [Termination (ms): Min: 1.1, Avg: 1.6, Max: 2.1, Diff: 1.0, Sum: 12.9]
         [Termination Attempts: Min: 29, Avg: 150.2, Max: 327, Diff: 298, Sum: 1202]
      [GC Worker Other (ms): Min: 0.1, Avg: 0.1, Max: 0.2, Diff: 0.1, Sum: 1.2]
      [GC Worker Total (ms): Min: 28.2, Avg: 28.3, Max: 28.4, Diff: 0.2, Sum: 226.4]
      [GC Worker End (ms): Min: 453408822.8, Avg: 453408822.8, Max: 453408822.9, Diff: 0.1]
   [Code Root Fixup: 0.0 ms]
   [Code Root Purge: 0.0 ms]
   [Clear CT: 0.8 ms]
   [Other: 13.7 ms]
      [Choose CSet: 0.0 ms]
      [Ref Proc: 5.0 ms]
      [Ref Enq: 0.1 ms]
      [Redirty Cards: 0.2 ms]
      [Humongous Register: 2.7 ms]
      [Humongous Reclaim: 0.2 ms]
      [Free CSet: 4.5 ms]
   [Eden: 3438.0M(3438.0M)->0.0B(3444.0M) Survivors: 28.0M->30.0M Heap: 5139.5M(6144.0M)->1690.4M(6144.0M)]
 [Times: user=0.17 sys=0.07, real=0.05 secs] 
2025-07-25T17:55:32.155+0800: 453485.990: [GC pause (G1 Evacuation Pause) (young), 0.0344225 secs]
   [Parallel Time: 22.2 ms, GC Workers: 8]
      [GC Worker Start (ms): Min: 453485993.4, Avg: 453485993.6, Max: 453485993.7, Diff: 0.3]
      [Ext Root Scanning (ms): Min: 3.6, Avg: 5.1, Max: 12.0, Diff: 8.3, Sum: 40.5]
      [Update RS (ms): Min: 0.0, Avg: 5.1, Max: 6.3, Diff: 6.3, Sum: 40.9]
         [Processed Buffers: Min: 0, Avg: 23.6, Max: 36, Diff: 36, Sum: 189]
      [Scan RS (ms): Min: 0.1, Avg: 0.4, Max: 0.6, Diff: 0.5, Sum: 3.3]
      [Code Root Scanning (ms): Min: 0.0, Avg: 0.0, Max: 0.0, Diff: 0.0, Sum: 0.1]
      [Object Copy (ms): Min: 9.3, Avg: 10.7, Max: 11.1, Diff: 1.8, Sum: 85.7]
      [Termination (ms): Min: 0.1, Avg: 0.4, Max: 0.7, Diff: 0.6, Sum: 3.0]
         [Termination Attempts: Min: 29, Avg: 49.5, Max: 84, Diff: 55, Sum: 396]
      [GC Worker Other (ms): Min: 0.1, Avg: 0.1, Max: 0.2, Diff: 0.1, Sum: 1.1]
      [GC Worker Total (ms): Min: 21.7, Avg: 21.8, Max: 22.0, Diff: 0.3, Sum: 174.6]
      [GC Worker End (ms): Min: 453486015.4, Avg: 453486015.4, Max: 453486015.6, Diff: 0.2]
   [Code Root Fixup: 0.0 ms]
   [Code Root Purge: 0.0 ms]
   [Clear CT: 0.7 ms]
   [Other: 11.4 ms]
      [Choose CSet: 0.0 ms]
      [Ref Proc: 3.4 ms]
      [Ref Enq: 0.1 ms]
      [Redirty Cards: 0.1 ms]
      [Humongous Register: 2.4 ms]
      [Humongous Reclaim: 0.1 ms]
      [Free CSet: 4.4 ms]
   [Eden: 3444.0M(3444.0M)->0.0B(3444.0M) Survivors: 30.0M->30.0M Heap: 5140.4M(6144.0M)->1689.4M(6144.0M)]
 [Times: user=0.15 sys=0.04, real=0.04 secs] 
2025-07-25T17:56:58.339+0800: 453572.175: [GC pause (G1 Evacuation Pause) (young), 0.0351573 secs]
   [Parallel Time: 22.0 ms, GC Workers: 8]
      [GC Worker Start (ms): Min: 453572178.6, Avg: 453572178.6, Max: 453572178.7, Diff: 0.1]
      [Ext Root Scanning (ms): Min: 3.1, Avg: 4.4, Max: 12.3, Diff: 9.2, Sum: 35.0]
      [Update RS (ms): Min: 0.0, Avg: 5.8, Max: 7.2, Diff: 7.2, Sum: 46.3]
         [Processed Buffers: Min: 0, Avg: 31.9, Max: 52, Diff: 52, Sum: 255]
      [Scan RS (ms): Min: 0.1, Avg: 0.4, Max: 0.5, Diff: 0.4, Sum: 3.0]
      [Code Root Scanning (ms): Min: 0.0, Avg: 0.0, Max: 0.0, Diff: 0.0, Sum: 0.1]
      [Object Copy (ms): Min: 7.2, Avg: 9.6, Max: 10.4, Diff: 3.2, Sum: 77.2]
      [Termination (ms): Min: 1.0, Avg: 1.5, Max: 2.1, Diff: 1.1, Sum: 11.9]
         [Termination Attempts: Min: 72, Avg: 170.4, Max: 243, Diff: 171, Sum: 1363]
      [GC Worker Other (ms): Min: 0.0, Avg: 0.1, Max: 0.1, Diff: 0.1, Sum: 0.9]
      [GC Worker Total (ms): Min: 21.7, Avg: 21.8, Max: 21.9, Diff: 0.2, Sum: 174.2]
      [GC Worker End (ms): Min: 453572200.4, Avg: 453572200.4, Max: 453572200.5, Diff: 0.1]
   [Code Root Fixup: 0.0 ms]
   [Code Root Purge: 0.0 ms]
   [Clear CT: 0.8 ms]
   [Other: 12.4 ms]
      [Choose CSet: 0.0 ms]
      [Ref Proc: 3.4 ms]
      [Ref Enq: 0.1 ms]
      [Redirty Cards: 0.1 ms]
      [Humongous Register: 2.9 ms]
      [Humongous Reclaim: 0.2 ms]
      [Free CSet: 4.5 ms]
   [Eden: 3444.0M(3444.0M)->0.0B(3422.0M) Survivors: 30.0M->28.0M Heap: 5151.4M(6144.0M)->1702.0M(6144.0M)]
 [Times: user=0.17 sys=0.02, real=0.03 secs] 
2025-07-25T17:57:39.061+0800: 453612.896: [GC pause (GCLocker Initiated GC) (young), 0.0338374 secs]
   [Parallel Time: 21.5 ms, GC Workers: 8]
      [GC Worker Start (ms): Min: 453612899.8, Avg: 453612899.9, Max: 453612900.0, Diff: 0.1]
      [Ext Root Scanning (ms): Min: 2.9, Avg: 4.3, Max: 12.3, Diff: 9.4, Sum: 34.6]
      [Update RS (ms): Min: 0.0, Avg: 6.0, Max: 7.7, Diff: 7.7, Sum: 48.2]
         [Processed Buffers: Min: 0, Avg: 31.4, Max: 45, Diff: 45, Sum: 251]
      [Scan RS (ms): Min: 0.1, Avg: 0.4, Max: 0.5, Diff: 0.4, Sum: 2.9]
      [Code Root Scanning (ms): Min: 0.0, Avg: 0.0, Max: 0.0, Diff: 0.0, Sum: 0.1]
      [Object Copy (ms): Min: 8.3, Avg: 9.9, Max: 10.4, Diff: 2.1, Sum: 79.5]
      [Termination (ms): Min: 0.3, Avg: 0.6, Max: 0.7, Diff: 0.5, Sum: 4.4]
         [Termination Attempts: Min: 46, Avg: 87.2, Max: 149, Diff: 103, Sum: 698]
      [GC Worker Other (ms): Min: 0.0, Avg: 0.1, Max: 0.2, Diff: 0.1, Sum: 0.9]
      [GC Worker Total (ms): Min: 21.3, Avg: 21.3, Max: 21.4, Diff: 0.2, Sum: 170.6]
      [GC Worker End (ms): Min: 453612921.2, Avg: 453612921.2, Max: 453612921.3, Diff: 0.1]
   [Code Root Fixup: 0.0 ms]
   [Code Root Purge: 0.0 ms]
   [Clear CT: 0.6 ms]
   [Other: 11.7 ms]
      [Choose CSet: 0.0 ms]
      [Ref Proc: 3.5 ms]
      [Ref Enq: 0.1 ms]
      [Redirty Cards: 0.1 ms]
      [Humongous Register: 2.8 ms]
      [Humongous Reclaim: 0.2 ms]
      [Free CSet: 4.1 ms]
   [Eden: 3424.0M(3422.0M)->0.0B(3436.0M) Survivors: 28.0M->26.0M Heap: 5142.0M(6144.0M)->1695.2M(6144.0M)]
 [Times: user=0.13 sys=0.06, real=0.03 secs] 
2025-07-25T17:58:51.025+0800: 453684.861: [GC pause (G1 Evacuation Pause) (young), 0.0325796 secs]
   [Parallel Time: 20.3 ms, GC Workers: 8]
      [GC Worker Start (ms): Min: 453684864.5, Avg: 453684864.6, Max: 453684864.7, Diff: 0.2]
      [Ext Root Scanning (ms): Min: 2.9, Avg: 4.5, Max: 13.8, Diff: 10.9, Sum: 36.1]
      [Update RS (ms): Min: 0.0, Avg: 4.5, Max: 6.0, Diff: 6.0, Sum: 36.4]
         [Processed Buffers: Min: 0, Avg: 24.1, Max: 38, Diff: 38, Sum: 193]
      [Scan RS (ms): Min: 0.1, Avg: 0.4, Max: 0.5, Diff: 0.4, Sum: 3.0]
      [Code Root Scanning (ms): Min: 0.0, Avg: 0.0, Max: 0.0, Diff: 0.0, Sum: 0.1]
      [Object Copy (ms): Min: 5.3, Avg: 9.6, Max: 10.5, Diff: 5.2, Sum: 77.1]
      [Termination (ms): Min: 0.6, Avg: 0.8, Max: 1.0, Diff: 0.4, Sum: 6.5]
         [Termination Attempts: Min: 35, Avg: 112.2, Max: 162, Diff: 127, Sum: 898]
      [GC Worker Other (ms): Min: 0.0, Avg: 0.1, Max: 0.2, Diff: 0.2, Sum: 1.0]
      [GC Worker Total (ms): Min: 19.9, Avg: 20.0, Max: 20.2, Diff: 0.3, Sum: 160.2]
      [GC Worker End (ms): Min: 453684884.6, Avg: 453684884.6, Max: 453684884.7, Diff: 0.1]
   [Code Root Fixup: 0.0 ms]
   [Code Root Purge: 0.0 ms]
   [Clear CT: 0.6 ms]
   [Other: 11.6 ms]
      [Choose CSet: 0.0 ms]
      [Ref Proc: 3.2 ms]
      [Ref Enq: 0.2 ms]
      [Redirty Cards: 0.2 ms]
      [Humongous Register: 2.8 ms]
      [Humongous Reclaim: 0.2 ms]
      [Free CSet: 4.1 ms]
   [Eden: 3436.0M(3436.0M)->0.0B(3450.0M) Survivors: 26.0M->24.0M Heap: 5137.2M(6144.0M)->1690.5M(6144.0M)]
 [Times: user=0.10 sys=0.07, real=0.04 secs] 
2025-07-25T18:04:11.448+0800: 454005.284: [GC pause (G1 Evacuation Pause) (young), 0.0548379 secs]
   [Parallel Time: 42.7 ms, GC Workers: 8]
      [GC Worker Start (ms): Min: 454005287.1, Avg: 454005287.2, Max: 454005287.3, Diff: 0.1]
      [Ext Root Scanning (ms): Min: 3.1, Avg: 4.4, Max: 11.7, Diff: 8.6, Sum: 34.8]
      [Update RS (ms): Min: 20.7, Avg: 27.8, Max: 29.1, Diff: 8.4, Sum: 222.6]
         [Processed Buffers: Min: 106, Avg: 132.9, Max: 148, Diff: 42, Sum: 1063]
      [Scan RS (ms): Min: 0.3, Avg: 0.6, Max: 0.8, Diff: 0.5, Sum: 4.7]
      [Code Root Scanning (ms): Min: 0.0, Avg: 0.0, Max: 0.0, Diff: 0.0, Sum: 0.1]
      [Object Copy (ms): Min: 9.4, Avg: 9.6, Max: 9.8, Diff: 0.4, Sum: 76.7]
      [Termination (ms): Min: 0.0, Avg: 0.0, Max: 0.0, Diff: 0.0, Sum: 0.0]
         [Termination Attempts: Min: 1, Avg: 5.0, Max: 9, Diff: 8, Sum: 40]
      [GC Worker Other (ms): Min: 0.1, Avg: 0.1, Max: 0.2, Diff: 0.1, Sum: 1.1]
      [GC Worker Total (ms): Min: 42.4, Avg: 42.5, Max: 42.5, Diff: 0.1, Sum: 340.0]
      [GC Worker End (ms): Min: 454005329.6, Avg: 454005329.7, Max: 454005329.7, Diff: 0.1]
   [Code Root Fixup: 0.0 ms]
   [Code Root Purge: 0.0 ms]
   [Clear CT: 0.8 ms]
   [Other: 11.3 ms]
      [Choose CSet: 0.0 ms]
      [Ref Proc: 2.7 ms]
      [Ref Enq: 0.1 ms]
      [Redirty Cards: 0.2 ms]
      [Humongous Register: 2.7 ms]
      [Humongous Reclaim: 0.4 ms]
      [Free CSet: 4.1 ms]
   [Eden: 3450.0M(3450.0M)->0.0B(3432.0M) Survivors: 24.0M->32.0M Heap: 5254.4M(6144.0M)->1699.0M(6144.0M)]
 [Times: user=0.29 sys=0.07, real=0.05 secs] 
2025-07-25T18:05:20.212+0800: 454074.048: [GC pause (G1 Evacuation Pause) (young), 0.0471914 secs]
   [Parallel Time: 35.5 ms, GC Workers: 8]
      [GC Worker Start (ms): Min: 454074050.7, Avg: 454074050.8, Max: 454074050.9, Diff: 0.2]
      [Ext Root Scanning (ms): Min: 0.8, Avg: 4.2, Max: 11.6, Diff: 10.8, Sum: 33.3]
      [Update RS (ms): Min: 14.5, Avg: 21.4, Max: 23.0, Diff: 8.5, Sum: 171.0]
         [Processed Buffers: Min: 101, Avg: 122.2, Max: 133, Diff: 32, Sum: 978]
      [Scan RS (ms): Min: 0.1, Avg: 0.4, Max: 0.5, Diff: 0.4, Sum: 3.1]
      [Code Root Scanning (ms): Min: 0.0, Avg: 0.0, Max: 0.0, Diff: 0.0, Sum: 0.1]
      [Object Copy (ms): Min: 8.7, Avg: 9.2, Max: 11.3, Diff: 2.6, Sum: 73.8]
      [Termination (ms): Min: 0.0, Avg: 0.0, Max: 0.0, Diff: 0.0, Sum: 0.0]
         [Termination Attempts: Min: 1, Avg: 1.8, Max: 3, Diff: 2, Sum: 14]
      [GC Worker Other (ms): Min: 0.1, Avg: 0.1, Max: 0.2, Diff: 0.1, Sum: 1.2]
      [GC Worker Total (ms): Min: 35.2, Avg: 35.3, Max: 35.4, Diff: 0.3, Sum: 282.5]
      [GC Worker End (ms): Min: 454074086.0, Avg: 454074086.1, Max: 454074086.1, Diff: 0.1]
   [Code Root Fixup: 0.0 ms]
   [Code Root Purge: 0.0 ms]
   [Clear CT: 0.6 ms]
   [Other: 11.1 ms]
      [Choose CSet: 0.0 ms]
      [Ref Proc: 2.3 ms]
      [Ref Enq: 0.1 ms]
      [Redirty Cards: 0.1 ms]
      [Humongous Register: 2.1 ms]
      [Humongous Reclaim: 0.6 ms]
      [Free CSet: 4.7 ms]
   [Eden: 3432.0M(3432.0M)->0.0B(3446.0M) Survivors: 32.0M->30.0M Heap: 5232.9M(6144.0M)->1693.5M(6144.0M)]
 [Times: user=0.26 sys=0.04, real=0.05 secs] 
2025-07-25T18:07:02.910+0800: 454176.746: [GC pause (G1 Evacuation Pause) (young), 0.0365825 secs]
   [Parallel Time: 26.8 ms, GC Workers: 8]
      [GC Worker Start (ms): Min: 454176747.7, Avg: 454176747.8, Max: 454176747.9, Diff: 0.2]
      [Ext Root Scanning (ms): Min: 2.9, Avg: 4.1, Max: 11.0, Diff: 8.1, Sum: 33.0]
      [Update RS (ms): Min: 6.8, Avg: 13.6, Max: 15.1, Diff: 8.3, Sum: 108.5]
         [Processed Buffers: Min: 61, Avg: 97.5, Max: 114, Diff: 53, Sum: 780]
      [Scan RS (ms): Min: 0.8, Avg: 1.3, Max: 1.4, Diff: 0.6, Sum: 10.4]
      [Code Root Scanning (ms): Min: 0.0, Avg: 0.0, Max: 0.0, Diff: 0.0, Sum: 0.1]
      [Object Copy (ms): Min: 7.3, Avg: 7.4, Max: 7.5, Diff: 0.2, Sum: 59.5]
      [Termination (ms): Min: 0.0, Avg: 0.0, Max: 0.0, Diff: 0.0, Sum: 0.0]
         [Termination Attempts: Min: 1, Avg: 2.1, Max: 4, Diff: 3, Sum: 17]
      [GC Worker Other (ms): Min: 0.1, Avg: 0.1, Max: 0.2, Diff: 0.1, Sum: 0.9]
      [GC Worker Total (ms): Min: 26.5, Avg: 26.6, Max: 26.7, Diff: 0.2, Sum: 212.4]
      [GC Worker End (ms): Min: 454176774.3, Avg: 454176774.3, Max: 454176774.4, Diff: 0.1]
   [Code Root Fixup: 0.0 ms]
   [Code Root Purge: 0.0 ms]
   [Clear CT: 0.6 ms]
   [Other: 9.1 ms]
      [Choose CSet: 0.0 ms]
      [Ref Proc: 1.8 ms]
      [Ref Enq: 0.1 ms]
      [Redirty Cards: 0.1 ms]
      [Humongous Register: 1.3 ms]
      [Humongous Reclaim: 0.4 ms]
      [Free CSet: 4.5 ms]
   [Eden: 3446.0M(3446.0M)->0.0B(3438.0M) Survivors: 30.0M->28.0M Heap: 5293.6M(6144.0M)->1698.6M(6144.0M)]
 [Times: user=0.17 sys=0.07, real=0.04 secs] 
2025-07-25T18:07:52.875+0800: 454226.710: [GC pause (GCLocker Initiated GC) (young), 0.0389443 secs]
   [Parallel Time: 26.1 ms, GC Workers: 8]
      [GC Worker Start (ms): Min: 454226713.9, Avg: 454226714.0, Max: 454226714.1, Diff: 0.2]
      [Ext Root Scanning (ms): Min: 3.0, Avg: 4.3, Max: 12.5, Diff: 9.5, Sum: 34.8]
      [Update RS (ms): Min: 3.8, Avg: 11.5, Max: 13.6, Diff: 9.8, Sum: 92.2]
         [Processed Buffers: Min: 41, Avg: 69.6, Max: 83, Diff: 42, Sum: 557]
      [Scan RS (ms): Min: 0.1, Avg: 0.4, Max: 0.5, Diff: 0.4, Sum: 3.2]
      [Code Root Scanning (ms): Min: 0.0, Avg: 0.0, Max: 0.0, Diff: 0.0, Sum: 0.1]
      [Object Copy (ms): Min: 6.5, Avg: 7.0, Max: 7.4, Diff: 0.8, Sum: 56.1]
      [Termination (ms): Min: 1.5, Avg: 2.4, Max: 3.1, Diff: 1.5, Sum: 19.2]
         [Termination Attempts: Min: 150, Avg: 270.9, Max: 441, Diff: 291, Sum: 2167]
      [GC Worker Other (ms): Min: 0.0, Avg: 0.1, Max: 0.2, Diff: 0.1, Sum: 1.0]
      [GC Worker Total (ms): Min: 25.7, Avg: 25.8, Max: 26.0, Diff: 0.2, Sum: 206.5]
      [GC Worker End (ms): Min: 454226739.7, Avg: 454226739.8, Max: 454226739.9, Diff: 0.2]
   [Code Root Fixup: 0.0 ms]
   [Code Root Purge: 0.0 ms]
   [Clear CT: 0.7 ms]
   [Other: 12.1 ms]
      [Choose CSet: 0.0 ms]
      [Ref Proc: 2.8 ms]
      [Ref Enq: 0.1 ms]
      [Redirty Cards: 0.2 ms]
      [Humongous Register: 3.0 ms]
      [Humongous Reclaim: 0.3 ms]
      [Free CSet: 4.6 ms]
   [Eden: 3440.0M(3438.0M)->0.0B(3432.0M) Survivors: 28.0M->24.0M Heap: 5188.8M(6144.0M)->1701.9M(6144.0M)]
 [Times: user=0.20 sys=0.03, real=0.04 secs] 
2025-07-25T18:09:00.115+0800: 454293.951: [GC pause (G1 Evacuation Pause) (young), 0.0398024 secs]
   [Parallel Time: 29.3 ms, GC Workers: 8]
      [GC Worker Start (ms): Min: 454293953.1, Avg: 454293953.2, Max: 454293953.3, Diff: 0.1]
      [Ext Root Scanning (ms): Min: 3.1, Avg: 4.5, Max: 12.0, Diff: 8.9, Sum: 35.7]
      [Update RS (ms): Min: 6.9, Avg: 14.3, Max: 15.5, Diff: 8.6, Sum: 114.2]
         [Processed Buffers: Min: 52, Avg: 90.2, Max: 104, Diff: 52, Sum: 722]
      [Scan RS (ms): Min: 0.1, Avg: 0.4, Max: 0.5, Diff: 0.3, Sum: 3.0]
      [Code Root Scanning (ms): Min: 0.0, Avg: 0.0, Max: 0.0, Diff: 0.0, Sum: 0.1]
      [Object Copy (ms): Min: 8.8, Avg: 9.3, Max: 9.9, Diff: 1.2, Sum: 74.4]
      [Termination (ms): Min: 0.0, Avg: 0.6, Max: 0.7, Diff: 0.7, Sum: 4.5]
         [Termination Attempts: Min: 1, Avg: 1.6, Max: 4, Diff: 3, Sum: 13]
      [GC Worker Other (ms): Min: 0.1, Avg: 0.1, Max: 0.2, Diff: 0.1, Sum: 1.0]
      [GC Worker Total (ms): Min: 29.0, Avg: 29.1, Max: 29.2, Diff: 0.2, Sum: 232.8]
      [GC Worker End (ms): Min: 454293982.3, Avg: 454293982.3, Max: 454293982.3, Diff: 0.1]
   [Code Root Fixup: 0.0 ms]
   [Code Root Purge: 0.0 ms]
   [Clear CT: 0.6 ms]
   [Other: 9.9 ms]
      [Choose CSet: 0.0 ms]
      [Ref Proc: 2.6 ms]
      [Ref Enq: 0.1 ms]
      [Redirty Cards: 0.1 ms]
      [Humongous Register: 1.6 ms]
      [Humongous Reclaim: 0.3 ms]
      [Free CSet: 4.2 ms]
   [Eden: 3432.0M(3432.0M)->0.0B(3404.0M) Survivors: 24.0M->34.0M Heap: 5204.7M(6144.0M)->1721.0M(6144.0M)]
 [Times: user=0.21 sys=0.03, real=0.04 secs] 
2025-07-25T18:09:55.200+0800: 454349.035: [GC pause (GCLocker Initiated GC) (young), 0.0399970 secs]
   [Parallel Time: 28.2 ms, GC Workers: 8]
      [GC Worker Start (ms): Min: 454349038.8, Avg: 454349038.9, Max: 454349039.0, Diff: 0.1]
      [Ext Root Scanning (ms): Min: 2.9, Avg: 4.3, Max: 12.4, Diff: 9.4, Sum: 34.6]
      [Update RS (ms): Min: 8.0, Avg: 15.5, Max: 16.7, Diff: 8.7, Sum: 124.3]
         [Processed Buffers: Min: 53, Avg: 97.5, Max: 120, Diff: 67, Sum: 780]
      [Scan RS (ms): Min: 0.1, Avg: 0.4, Max: 0.5, Diff: 0.4, Sum: 3.2]
      [Code Root Scanning (ms): Min: 0.0, Avg: 0.0, Max: 0.0, Diff: 0.0, Sum: 0.1]
      [Object Copy (ms): Min: 6.6, Avg: 7.1, Max: 7.4, Diff: 0.8, Sum: 56.7]
      [Termination (ms): Min: 0.2, Avg: 0.5, Max: 0.6, Diff: 0.4, Sum: 3.7]
         [Termination Attempts: Min: 26, Avg: 72.0, Max: 114, Diff: 88, Sum: 576]
      [GC Worker Other (ms): Min: 0.0, Avg: 0.1, Max: 0.2, Diff: 0.2, Sum: 0.9]
      [GC Worker Total (ms): Min: 27.8, Avg: 27.9, Max: 28.1, Diff: 0.2, Sum: 223.5]
      [GC Worker End (ms): Min: 454349066.8, Avg: 454349066.8, Max: 454349066.9, Diff: 0.1]
   [Code Root Fixup: 0.0 ms]
   [Code Root Purge: 0.0 ms]
   [Clear CT: 1.0 ms]
   [Other: 10.8 ms]
      [Choose CSet: 0.0 ms]
      [Ref Proc: 2.3 ms]
      [Ref Enq: 0.1 ms]
      [Redirty Cards: 0.1 ms]
      [Humongous Register: 2.9 ms]
      [Humongous Reclaim: 0.4 ms]
      [Free CSet: 4.0 ms]
   [Eden: 3404.0M(3404.0M)->0.0B(3432.0M) Survivors: 34.0M->24.0M Heap: 5208.3M(6144.0M)->1701.9M(6144.0M)]
 [Times: user=0.16 sys=0.07, real=0.04 secs] 
2025-07-25T18:10:25.653+0800: 454379.489: [GC pause (G1 Evacuation Pause) (young), 0.0325215 secs]
   [Parallel Time: 25.7 ms, GC Workers: 8]
      [GC Worker Start (ms): Min: 454379489.9, Avg: 454379490.0, Max: 454379490.0, Diff: 0.1]
      [Ext Root Scanning (ms): Min: 2.8, Avg: 4.0, Max: 10.7, Diff: 7.9, Sum: 31.7]
      [Update RS (ms): Min: 3.7, Avg: 10.1, Max: 11.3, Diff: 7.6, Sum: 80.7]
         [Processed Buffers: Min: 48, Avg: 81.0, Max: 104, Diff: 56, Sum: 648]
      [Scan RS (ms): Min: 0.1, Avg: 0.4, Max: 0.5, Diff: 0.3, Sum: 3.0]
      [Code Root Scanning (ms): Min: 0.0, Avg: 0.0, Max: 0.0, Diff: 0.0, Sum: 0.1]
      [Object Copy (ms): Min: 10.8, Avg: 11.0, Max: 11.2, Diff: 0.4, Sum: 88.3]
      [Termination (ms): Min: 0.0, Avg: 0.0, Max: 0.0, Diff: 0.0, Sum: 0.0]
         [Termination Attempts: Min: 1, Avg: 1.1, Max: 2, Diff: 1, Sum: 9]
      [GC Worker Other (ms): Min: 0.0, Avg: 0.1, Max: 0.1, Diff: 0.1, Sum: 0.5]
      [GC Worker Total (ms): Min: 25.5, Avg: 25.5, Max: 25.6, Diff: 0.2, Sum: 204.3]
      [GC Worker End (ms): Min: 454379515.5, Avg: 454379515.5, Max: 454379515.5, Diff: 0.1]
   [Code Root Fixup: 0.0 ms]
   [Code Root Purge: 0.0 ms]
   [Clear CT: 0.6 ms]
   [Other: 6.2 ms]
      [Choose CSet: 0.0 ms]
      [Ref Proc: 2.4 ms]
      [Ref Enq: 0.2 ms]
      [Redirty Cards: 0.1 ms]
      [Humongous Register: 0.6 ms]
      [Humongous Reclaim: 0.2 ms]
      [Free CSet: 1.8 ms]
   [Eden: 3432.0M(3432.0M)->0.0B(3396.0M) Survivors: 24.0M->48.0M Heap: 5194.6M(6144.0M)->1720.9M(6144.0M)]
 [Times: user=0.19 sys=0.01, real=0.03 secs] 
2025-07-25T18:10:54.834+0800: 454408.670: [GC pause (GCLocker Initiated GC) (young), 0.0318191 secs]
   [Parallel Time: 20.0 ms, GC Workers: 8]
      [GC Worker Start (ms): Min: 454408673.3, Avg: 454408673.3, Max: 454408673.4, Diff: 0.1]
      [Ext Root Scanning (ms): Min: 3.1, Avg: 4.4, Max: 12.0, Diff: 8.9, Sum: 35.6]
      [Update RS (ms): Min: 0.0, Avg: 2.8, Max: 3.4, Diff: 3.4, Sum: 22.2]
         [Processed Buffers: Min: 0, Avg: 23.4, Max: 49, Diff: 49, Sum: 187]
      [Scan RS (ms): Min: 0.1, Avg: 0.4, Max: 0.5, Diff: 0.3, Sum: 3.0]
      [Code Root Scanning (ms): Min: 0.0, Avg: 0.0, Max: 0.0, Diff: 0.0, Sum: 0.1]
      [Object Copy (ms): Min: 7.5, Avg: 12.0, Max: 12.7, Diff: 5.2, Sum: 96.1]
      [Termination (ms): Min: 0.0, Avg: 0.0, Max: 0.0, Diff: 0.0, Sum: 0.1]
         [Termination Attempts: Min: 1, Avg: 1.2, Max: 2, Diff: 1, Sum: 10]
      [GC Worker Other (ms): Min: 0.1, Avg: 0.1, Max: 0.2, Diff: 0.1, Sum: 1.2]
      [GC Worker Total (ms): Min: 19.7, Avg: 19.8, Max: 19.9, Diff: 0.2, Sum: 158.2]
      [GC Worker End (ms): Min: 454408693.1, Avg: 454408693.1, Max: 454408693.1, Diff: 0.1]
   [Code Root Fixup: 0.0 ms]
   [Code Root Purge: 0.0 ms]
   [Clear CT: 0.7 ms]
   [Other: 11.0 ms]
      [Choose CSet: 0.0 ms]
      [Ref Proc: 2.7 ms]
      [Ref Enq: 0.2 ms]
      [Redirty Cards: 0.1 ms]
      [Humongous Register: 2.8 ms]
      [Humongous Reclaim: 0.1 ms]
      [Free CSet: 4.0 ms]
   [Eden: 3396.0M(3396.0M)->0.0B(3392.0M) Survivors: 48.0M->50.0M Heap: 5116.9M(6144.0M)->1722.9M(6144.0M)]
 [Times: user=0.15 sys=0.03, real=0.03 secs] 
2025-07-25T18:11:19.084+0800: 454432.920: [GC pause (G1 Evacuation Pause) (young), 0.0384350 secs]
   [Parallel Time: 26.8 ms, GC Workers: 8]
      [GC Worker Start (ms): Min: 454432923.4, Avg: 454432923.4, Max: 454432923.5, Diff: 0.1]
      [Ext Root Scanning (ms): Min: 3.2, Avg: 4.4, Max: 11.2, Diff: 8.0, Sum: 35.1]
      [Update RS (ms): Min: 3.3, Avg: 9.7, Max: 11.2, Diff: 7.9, Sum: 77.9]
         [Processed Buffers: Min: 44, Avg: 73.2, Max: 98, Diff: 54, Sum: 586]
      [Scan RS (ms): Min: 0.1, Avg: 0.4, Max: 0.5, Diff: 0.3, Sum: 2.8]
      [Code Root Scanning (ms): Min: 0.0, Avg: 0.0, Max: 0.0, Diff: 0.0, Sum: 0.1]
      [Object Copy (ms): Min: 11.7, Avg: 11.9, Max: 12.2, Diff: 0.5, Sum: 95.5]
      [Termination (ms): Min: 0.0, Avg: 0.0, Max: 0.0, Diff: 0.0, Sum: 0.0]
         [Termination Attempts: Min: 1, Avg: 1.0, Max: 1, Diff: 0, Sum: 8]
      [GC Worker Other (ms): Min: 0.1, Avg: 0.2, Max: 0.2, Diff: 0.2, Sum: 1.3]
      [GC Worker Total (ms): Min: 26.5, Avg: 26.6, Max: 26.7, Diff: 0.2, Sum: 212.7]
      [GC Worker End (ms): Min: 454432950.0, Avg: 454432950.0, Max: 454432950.1, Diff: 0.1]
   [Code Root Fixup: 0.0 ms]
   [Code Root Purge: 0.0 ms]
   [Clear CT: 0.5 ms]
   [Other: 11.1 ms]
      [Choose CSet: 0.0 ms]
      [Ref Proc: 2.4 ms]
      [Ref Enq: 0.2 ms]
      [Redirty Cards: 0.1 ms]
      [Humongous Register: 2.7 ms]
      [Humongous Reclaim: 0.2 ms]
      [Free CSet: 4.4 ms]
   [Eden: 3392.0M(3392.0M)->0.0B(3380.0M) Survivors: 50.0M->54.0M Heap: 5164.8M(6144.0M)->1729.0M(6144.0M)]
 [Times: user=0.18 sys=0.05, real=0.04 secs] 
2025-07-25T18:11:49.041+0800: 454462.876: [GC pause (GCLocker Initiated GC) (young), 0.0353719 secs]
   [Parallel Time: 24.7 ms, GC Workers: 8]
      [GC Worker Start (ms): Min: 454462879.1, Avg: 454462879.2, Max: 454462879.3, Diff: 0.2]
      [Ext Root Scanning (ms): Min: 3.1, Avg: 4.4, Max: 11.7, Diff: 8.6, Sum: 35.3]
      [Update RS (ms): Min: 4.7, Avg: 11.8, Max: 13.4, Diff: 8.7, Sum: 94.7]
         [Processed Buffers: Min: 46, Avg: 80.1, Max: 100, Diff: 54, Sum: 641]
      [Scan RS (ms): Min: 0.1, Avg: 0.4, Max: 0.5, Diff: 0.4, Sum: 3.0]
      [Code Root Scanning (ms): Min: 0.0, Avg: 0.0, Max: 0.0, Diff: 0.0, Sum: 0.1]
      [Object Copy (ms): Min: 6.7, Avg: 7.0, Max: 7.7, Diff: 1.0, Sum: 55.6]
      [Termination (ms): Min: 0.0, Avg: 0.8, Max: 1.0, Diff: 1.0, Sum: 6.6]
         [Termination Attempts: Min: 1, Avg: 1.2, Max: 3, Diff: 2, Sum: 10]
      [GC Worker Other (ms): Min: 0.1, Avg: 0.1, Max: 0.1, Diff: 0.1, Sum: 0.9]
      [GC Worker Total (ms): Min: 24.4, Avg: 24.5, Max: 24.6, Diff: 0.3, Sum: 196.2]
      [GC Worker End (ms): Min: 454462903.6, Avg: 454462903.7, Max: 454462903.7, Diff: 0.1]
   [Code Root Fixup: 0.0 ms]
   [Code Root Purge: 0.0 ms]
   [Clear CT: 0.6 ms]
   [Other: 10.1 ms]
      [Choose CSet: 0.0 ms]
      [Ref Proc: 2.3 ms]
      [Ref Enq: 0.2 ms]
      [Redirty Cards: 0.1 ms]
      [Humongous Register: 1.9 ms]
      [Humongous Reclaim: 0.3 ms]
      [Free CSet: 4.2 ms]
   [Eden: 3382.0M(3380.0M)->0.0B(3410.0M) Survivors: 54.0M->38.0M Heap: 5169.0M(6144.0M)->1715.0M(6144.0M)]
 [Times: user=0.19 sys=0.02, real=0.03 secs] 
2025-07-25T18:13:00.089+0800: 454533.924: [GC pause (G1 Evacuation Pause) (young), 0.0421536 secs]
   [Parallel Time: 31.4 ms, GC Workers: 8]
      [GC Worker Start (ms): Min: 454533926.7, Avg: 454533926.7, Max: 454533926.8, Diff: 0.1]
      [Ext Root Scanning (ms): Min: 3.0, Avg: 4.2, Max: 11.5, Diff: 8.4, Sum: 34.0]
      [Update RS (ms): Min: 8.6, Avg: 15.7, Max: 17.3, Diff: 8.6, Sum: 125.5]
         [Processed Buffers: Min: 62, Avg: 102.4, Max: 122, Diff: 60, Sum: 819]
      [Scan RS (ms): Min: 0.1, Avg: 0.4, Max: 0.5, Diff: 0.3, Sum: 3.1]
      [Code Root Scanning (ms): Min: 0.0, Avg: 0.0, Max: 0.0, Diff: 0.0, Sum: 0.1]
      [Object Copy (ms): Min: 10.5, Avg: 10.7, Max: 10.8, Diff: 0.3, Sum: 85.4]
      [Termination (ms): Min: 0.0, Avg: 0.0, Max: 0.0, Diff: 0.0, Sum: 0.0]
         [Termination Attempts: Min: 1, Avg: 1.0, Max: 1, Diff: 0, Sum: 8]
      [GC Worker Other (ms): Min: 0.1, Avg: 0.2, Max: 0.2, Diff: 0.1, Sum: 1.2]
      [GC Worker Total (ms): Min: 31.1, Avg: 31.2, Max: 31.2, Diff: 0.2, Sum: 249.3]
      [GC Worker End (ms): Min: 454533957.8, Avg: 454533957.9, Max: 454533957.9, Diff: 0.1]
   [Code Root Fixup: 0.1 ms]
   [Code Root Purge: 0.0 ms]
   [Clear CT: 0.6 ms]
   [Other: 10.1 ms]
      [Choose CSet: 0.0 ms]
      [Ref Proc: 3.0 ms]
      [Ref Enq: 0.1 ms]
      [Redirty Cards: 0.1 ms]
      [Humongous Register: 1.5 ms]
      [Humongous Reclaim: 0.4 ms]
      [Free CSet: 4.1 ms]
   [Eden: 3410.0M(3410.0M)->0.0B(3394.0M) Survivors: 38.0M->36.0M Heap: 5218.8M(6144.0M)->1725.8M(6144.0M)]
 [Times: user=0.22 sys=0.04, real=0.04 secs] 
2025-07-25T18:14:58.574+0800: 454652.410: [GC pause (G1 Evacuation Pause) (young), 0.0437252 secs]
   [Parallel Time: 34.5 ms, GC Workers: 8]
      [GC Worker Start (ms): Min: 454652411.8, Avg: 454652411.9, Max: 454652412.0, Diff: 0.1]
      [Ext Root Scanning (ms): Min: 2.6, Avg: 3.8, Max: 10.6, Diff: 8.0, Sum: 30.2]
      [Update RS (ms): Min: 17.5, Avg: 23.7, Max: 24.8, Diff: 7.3, Sum: 189.6]
         [Processed Buffers: Min: 95, Avg: 150.0, Max: 170, Diff: 75, Sum: 1200]
      [Scan RS (ms): Min: 0.1, Avg: 0.4, Max: 0.5, Diff: 0.4, Sum: 3.1]
      [Code Root Scanning (ms): Min: 0.0, Avg: 0.0, Max: 0.0, Diff: 0.0, Sum: 0.1]
      [Object Copy (ms): Min: 5.9, Avg: 6.2, Max: 6.3, Diff: 0.4, Sum: 49.8]
      [Termination (ms): Min: 0.0, Avg: 0.0, Max: 0.0, Diff: 0.0, Sum: 0.0]
         [Termination Attempts: Min: 1, Avg: 1.1, Max: 2, Diff: 1, Sum: 9]
      [GC Worker Other (ms): Min: 0.1, Avg: 0.2, Max: 0.2, Diff: 0.2, Sum: 1.2]
      [GC Worker Total (ms): Min: 34.2, Avg: 34.3, Max: 34.3, Diff: 0.1, Sum: 274.0]
      [GC Worker End (ms): Min: 454652446.1, Avg: 454652446.2, Max: 454652446.2, Diff: 0.1]
   [Code Root Fixup: 0.0 ms]
   [Code Root Purge: 0.0 ms]
   [Clear CT: 0.6 ms]
   [Other: 8.7 ms]
      [Choose CSet: 0.0 ms]
      [Ref Proc: 1.7 ms]
      [Ref Enq: 0.1 ms]
      [Redirty Cards: 0.1 ms]
      [Humongous Register: 1.5 ms]
      [Humongous Reclaim: 0.4 ms]
      [Free CSet: 3.9 ms]
   [Eden: 3394.0M(3394.0M)->0.0B(3428.0M) Survivors: 36.0M->28.0M Heap: 5250.1M(6144.0M)->1705.2M(6144.0M)]
 [Times: user=0.25 sys=0.03, real=0.05 secs] 
2025-07-25T18:16:47.896+0800: 454761.732: [GC pause (G1 Evacuation Pause) (young), 0.0435220 secs]
   [Parallel Time: 32.2 ms, GC Workers: 8]
      [GC Worker Start (ms): Min: 454761735.4, Avg: 454761735.5, Max: 454761735.6, Diff: 0.2]
      [Ext Root Scanning (ms): Min: 3.1, Avg: 4.3, Max: 11.1, Diff: 8.0, Sum: 34.4]
      [Update RS (ms): Min: 11.8, Avg: 18.5, Max: 20.1, Diff: 8.3, Sum: 147.7]
         [Processed Buffers: Min: 78, Avg: 121.1, Max: 152, Diff: 74, Sum: 969]
      [Scan RS (ms): Min: 0.1, Avg: 0.5, Max: 0.8, Diff: 0.6, Sum: 4.2]
      [Code Root Scanning (ms): Min: 0.0, Avg: 0.0, Max: 0.0, Diff: 0.0, Sum: 0.1]
      [Object Copy (ms): Min: 8.0, Avg: 8.1, Max: 8.3, Diff: 0.3, Sum: 65.0]
      [Termination (ms): Min: 0.0, Avg: 0.4, Max: 0.5, Diff: 0.5, Sum: 3.4]
         [Termination Attempts: Min: 1, Avg: 6.9, Max: 10, Diff: 9, Sum: 55]
      [GC Worker Other (ms): Min: 0.1, Avg: 0.1, Max: 0.2, Diff: 0.1, Sum: 1.1]
      [GC Worker Total (ms): Min: 31.9, Avg: 32.0, Max: 32.1, Diff: 0.2, Sum: 255.8]
      [GC Worker End (ms): Min: 454761767.4, Avg: 454761767.5, Max: 454761767.5, Diff: 0.1]
   [Code Root Fixup: 0.0 ms]
   [Code Root Purge: 0.0 ms]
   [Clear CT: 0.7 ms]
   [Other: 10.7 ms]
      [Choose CSet: 0.0 ms]
      [Ref Proc: 2.0 ms]
      [Ref Enq: 0.1 ms]
      [Redirty Cards: 0.1 ms]
      [Humongous Register: 2.8 ms]
      [Humongous Reclaim: 0.5 ms]
      [Free CSet: 4.1 ms]
   [Eden: 3428.0M(3428.0M)->0.0B(3410.0M) Survivors: 28.0M->32.0M Heap: 5282.2M(6144.0M)->1715.2M(6144.0M)]
 [Times: user=0.22 sys=0.04, real=0.05 secs] 
2025-07-25T18:18:00.324+0800: 454834.159: [GC pause (G1 Evacuation Pause) (young), 0.0453549 secs]
   [Parallel Time: 32.1 ms, GC Workers: 8]
      [GC Worker Start (ms): Min: 454834163.4, Avg: 454834163.5, Max: 454834163.5, Diff: 0.2]
      [Ext Root Scanning (ms): Min: 3.1, Avg: 4.3, Max: 11.2, Diff: 8.1, Sum: 34.4]
      [Update RS (ms): Min: 11.6, Avg: 18.2, Max: 20.0, Diff: 8.4, Sum: 145.8]
         [Processed Buffers: Min: 87, Avg: 113.0, Max: 122, Diff: 35, Sum: 904]
      [Scan RS (ms): Min: 0.1, Avg: 0.4, Max: 0.5, Diff: 0.4, Sum: 3.3]
      [Code Root Scanning (ms): Min: 0.0, Avg: 0.0, Max: 0.0, Diff: 0.0, Sum: 0.1]
      [Object Copy (ms): Min: 8.4, Avg: 8.7, Max: 8.9, Diff: 0.6, Sum: 69.9]
      [Termination (ms): Min: 0.0, Avg: 0.1, Max: 0.1, Diff: 0.1, Sum: 0.5]
         [Termination Attempts: Min: 6, Avg: 31.9, Max: 49, Diff: 43, Sum: 255]
      [GC Worker Other (ms): Min: 0.1, Avg: 0.1, Max: 0.1, Diff: 0.1, Sum: 0.9]
      [GC Worker Total (ms): Min: 31.8, Avg: 31.9, Max: 32.0, Diff: 0.2, Sum: 254.9]
      [GC Worker End (ms): Min: 454834195.3, Avg: 454834195.3, Max: 454834195.4, Diff: 0.1]
   [Code Root Fixup: 0.1 ms]
   [Code Root Purge: 0.0 ms]
   [Clear CT: 0.6 ms]
   [Other: 12.6 ms]
      [Choose CSet: 0.0 ms]
      [Ref Proc: 3.2 ms]
      [Ref Enq: 0.2 ms]
      [Redirty Cards: 0.1 ms]
      [Humongous Register: 3.3 ms]
      [Humongous Reclaim: 0.4 ms]
      [Free CSet: 4.3 ms]
   [Eden: 3410.0M(3410.0M)->0.0B(3414.0M) Survivors: 32.0M->30.0M Heap: 5221.2M(6144.0M)->1714.2M(6144.0M)]
 [Times: user=0.23 sys=0.03, real=0.05 secs] 
2025-07-25T18:20:07.484+0800: 454961.320: [GC pause (G1 Evacuation Pause) (young), 0.0537894 secs]
   [Parallel Time: 43.9 ms, GC Workers: 8]
      [GC Worker Start (ms): Min: 454961321.9, Avg: 454961321.9, Max: 454961322.0, Diff: 0.1]
      [Ext Root Scanning (ms): Min: 3.0, Avg: 4.2, Max: 10.7, Diff: 7.8, Sum: 33.4]
      [Update RS (ms): Min: 20.0, Avg: 26.4, Max: 28.0, Diff: 8.1, Sum: 211.3]
         [Processed Buffers: Min: 149, Avg: 167.9, Max: 179, Diff: 30, Sum: 1343]
      [Scan RS (ms): Min: 0.1, Avg: 0.4, Max: 0.5, Diff: 0.4, Sum: 2.9]
      [Code Root Scanning (ms): Min: 0.0, Avg: 0.0, Max: 0.0, Diff: 0.0, Sum: 0.1]
      [Object Copy (ms): Min: 12.3, Avg: 12.6, Max: 12.7, Diff: 0.4, Sum: 100.4]
      [Termination (ms): Min: 0.0, Avg: 0.0, Max: 0.0, Diff: 0.0, Sum: 0.0]
         [Termination Attempts: Min: 1, Avg: 1.5, Max: 2, Diff: 1, Sum: 12]
      [GC Worker Other (ms): Min: 0.1, Avg: 0.2, Max: 0.2, Diff: 0.2, Sum: 1.3]
      [GC Worker Total (ms): Min: 43.6, Avg: 43.7, Max: 43.8, Diff: 0.2, Sum: 349.4]
      [GC Worker End (ms): Min: 454961365.6, Avg: 454961365.6, Max: 454961365.7, Diff: 0.1]
   [Code Root Fixup: 0.0 ms]
   [Code Root Purge: 0.0 ms]
   [Clear CT: 0.6 ms]
   [Other: 9.2 ms]
      [Choose CSet: 0.0 ms]
      [Ref Proc: 1.9 ms]
      [Ref Enq: 0.2 ms]
      [Redirty Cards: 0.1 ms]
      [Humongous Register: 1.5 ms]
      [Humongous Reclaim: 0.5 ms]
      [Free CSet: 4.1 ms]
   [Eden: 3414.0M(3414.0M)->0.0B(3386.0M) Survivors: 30.0M->50.0M Heap: 5270.3M(6144.0M)->1728.2M(6144.0M)]
 [Times: user=0.28 sys=0.08, real=0.06 secs] 
2025-07-25T18:20:46.679+0800: 455000.514: [GC pause (G1 Evacuation Pause) (young), 0.0332892 secs]
   [Parallel Time: 22.8 ms, GC Workers: 8]
      [GC Worker Start (ms): Min: 455000517.3, Avg: 455000517.4, Max: 455000517.5, Diff: 0.2]
      [Ext Root Scanning (ms): Min: 3.0, Avg: 4.2, Max: 10.9, Diff: 7.9, Sum: 34.0]
      [Update RS (ms): Min: 2.5, Avg: 8.8, Max: 10.4, Diff: 8.0, Sum: 70.7]
         [Processed Buffers: Min: 35, Avg: 69.1, Max: 87, Diff: 52, Sum: 553]
      [Scan RS (ms): Min: 0.2, Avg: 0.4, Max: 0.4, Diff: 0.3, Sum: 2.9]
      [Code Root Scanning (ms): Min: 0.0, Avg: 0.0, Max: 0.0, Diff: 0.0, Sum: 0.1]
      [Object Copy (ms): Min: 8.6, Avg: 9.0, Max: 9.1, Diff: 0.5, Sum: 71.6]
      [Termination (ms): Min: 0.0, Avg: 0.0, Max: 0.0, Diff: 0.0, Sum: 0.0]
         [Termination Attempts: Min: 1, Avg: 2.0, Max: 4, Diff: 3, Sum: 16]
      [GC Worker Other (ms): Min: 0.1, Avg: 0.2, Max: 0.2, Diff: 0.2, Sum: 1.4]
      [GC Worker Total (ms): Min: 22.5, Avg: 22.6, Max: 22.7, Diff: 0.2, Sum: 180.6]
      [GC Worker End (ms): Min: 455000539.9, Avg: 455000540.0, Max: 455000540.0, Diff: 0.1]
   [Code Root Fixup: 0.0 ms]
   [Code Root Purge: 0.0 ms]
   [Clear CT: 0.5 ms]
   [Other: 10.0 ms]
      [Choose CSet: 0.0 ms]
      [Ref Proc: 2.0 ms]
      [Ref Enq: 0.2 ms]
      [Redirty Cards: 0.1 ms]
      [Humongous Register: 2.6 ms]
      [Humongous Reclaim: 0.2 ms]
      [Free CSet: 4.0 ms]
   [Eden: 3386.0M(3386.0M)->0.0B(3374.0M) Survivors: 50.0M->54.0M Heap: 5160.3M(6144.0M)->1736.0M(6144.0M)]
 [Times: user=0.15 sys=0.05, real=0.03 secs] 
2025-07-25T18:21:23.427+0800: 455037.263: [GC pause (G1 Evacuation Pause) (young), 0.0348910 secs]
   [Parallel Time: 25.1 ms, GC Workers: 8]
      [GC Worker Start (ms): Min: 455037265.3, Avg: 455037265.3, Max: 455037265.4, Diff: 0.1]
      [Ext Root Scanning (ms): Min: 3.0, Avg: 4.2, Max: 11.1, Diff: 8.1, Sum: 33.9]
      [Update RS (ms): Min: 4.7, Avg: 11.3, Max: 13.0, Diff: 8.3, Sum: 90.8]
         [Processed Buffers: Min: 51, Avg: 81.8, Max: 98, Diff: 47, Sum: 654]
      [Scan RS (ms): Min: 0.2, Avg: 0.4, Max: 0.4, Diff: 0.3, Sum: 2.9]
      [Code Root Scanning (ms): Min: 0.0, Avg: 0.0, Max: 0.0, Diff: 0.0, Sum: 0.1]
      [Object Copy (ms): Min: 8.4, Avg: 8.8, Max: 9.0, Diff: 0.6, Sum: 70.2]
      [Termination (ms): Min: 0.0, Avg: 0.1, Max: 0.1, Diff: 0.1, Sum: 0.4]
         [Termination Attempts: Min: 1, Avg: 1.0, Max: 1, Diff: 0, Sum: 8]
      [GC Worker Other (ms): Min: 0.0, Avg: 0.1, Max: 0.2, Diff: 0.2, Sum: 1.1]
      [GC Worker Total (ms): Min: 24.8, Avg: 24.9, Max: 25.0, Diff: 0.2, Sum: 199.4]
      [GC Worker End (ms): Min: 455037290.2, Avg: 455037290.2, Max: 455037290.3, Diff: 0.1]
   [Code Root Fixup: 0.1 ms]
   [Code Root Purge: 0.0 ms]
   [Clear CT: 0.7 ms]
   [Other: 9.1 ms]
      [Choose CSet: 0.0 ms]
      [Ref Proc: 1.9 ms]
      [Ref Enq: 0.2 ms]
      [Redirty Cards: 0.1 ms]
      [Humongous Register: 1.5 ms]
      [Humongous Reclaim: 0.3 ms]
      [Free CSet: 4.2 ms]
   [Eden: 3374.0M(3374.0M)->0.0B(3374.0M) Survivors: 54.0M->48.0M Heap: 5171.8M(6144.0M)->1735.0M(6144.0M)]
 [Times: user=0.13 sys=0.08, real=0.03 secs] 
2025-07-25T18:23:51.086+0800: 455184.921: [GC pause (G1 Evacuation Pause) (young), 0.0300506 secs]
   [Parallel Time: 19.0 ms, GC Workers: 8]
      [GC Worker Start (ms): Min: 455184924.0, Avg: 455184924.1, Max: 455184924.1, Diff: 0.1]
      [Ext Root Scanning (ms): Min: 2.7, Avg: 4.1, Max: 12.6, Diff: 9.9, Sum: 33.0]
      [Update RS (ms): Min: 0.0, Avg: 4.9, Max: 5.9, Diff: 5.9, Sum: 39.4]
         [Processed Buffers: Min: 0, Avg: 36.0, Max: 52, Diff: 52, Sum: 288]
      [Scan RS (ms): Min: 0.1, Avg: 0.3, Max: 0.5, Diff: 0.4, Sum: 2.7]
      [Code Root Scanning (ms): Min: 0.0, Avg: 0.0, Max: 0.0, Diff: 0.0, Sum: 0.1]
      [Object Copy (ms): Min: 3.6, Avg: 7.1, Max: 8.2, Diff: 4.6, Sum: 57.1]
      [Termination (ms): Min: 1.5, Avg: 2.0, Max: 2.5, Diff: 1.0, Sum: 16.4]
         [Termination Attempts: Min: 131, Avg: 289.9, Max: 370, Diff: 239, Sum: 2319]
      [GC Worker Other (ms): Min: 0.1, Avg: 0.1, Max: 0.2, Diff: 0.1, Sum: 1.1]
      [GC Worker Total (ms): Min: 18.6, Avg: 18.7, Max: 18.9, Diff: 0.2, Sum: 149.7]
      [GC Worker End (ms): Min: 455184942.7, Avg: 455184942.8, Max: 455184942.9, Diff: 0.2]
   [Code Root Fixup: 0.0 ms]
   [Code Root Purge: 0.0 ms]
   [Clear CT: 0.6 ms]
   [Other: 10.4 ms]
      [Choose CSet: 0.0 ms]
      [Ref Proc: 2.7 ms]
      [Ref Enq: 0.2 ms]
      [Redirty Cards: 0.1 ms]
      [Humongous Register: 1.7 ms]
      [Humongous Reclaim: 0.2 ms]
      [Free CSet: 4.3 ms]
   [Eden: 3374.0M(3374.0M)->0.0B(3398.0M) Survivors: 48.0M->26.0M Heap: 5127.0M(6144.0M)->1720.0M(6144.0M)]
 [Times: user=0.10 sys=0.06, real=0.03 secs] 
2025-07-25T18:25:33.045+0800: 455286.880: [GC pause (G1 Evacuation Pause) (young), 0.0336773 secs]
   [Parallel Time: 21.0 ms, GC Workers: 8]
      [GC Worker Start (ms): Min: 455286884.0, Avg: 455286884.0, Max: 455286884.1, Diff: 0.1]
      [Ext Root Scanning (ms): Min: 2.6, Avg: 4.0, Max: 12.2, Diff: 9.7, Sum: 32.2]
      [Update RS (ms): Min: 0.0, Avg: 2.5, Max: 3.6, Diff: 3.6, Sum: 20.2]
         [Processed Buffers: Min: 0, Avg: 20.2, Max: 28, Diff: 28, Sum: 162]
      [Scan RS (ms): Min: 0.1, Avg: 0.4, Max: 0.6, Diff: 0.4, Sum: 3.3]
      [Code Root Scanning (ms): Min: 0.0, Avg: 0.0, Max: 0.0, Diff: 0.0, Sum: 0.1]
      [Object Copy (ms): Min: 2.2, Avg: 7.9, Max: 9.7, Diff: 7.6, Sum: 63.3]
      [Termination (ms): Min: 4.6, Avg: 5.7, Max: 7.0, Diff: 2.5, Sum: 45.7]
         [Termination Attempts: Min: 429, Avg: 616.4, Max: 865, Diff: 436, Sum: 4931]
      [GC Worker Other (ms): Min: 0.0, Avg: 0.1, Max: 0.2, Diff: 0.1, Sum: 0.9]
      [GC Worker Total (ms): Min: 20.6, Avg: 20.7, Max: 20.9, Diff: 0.3, Sum: 165.7]
      [GC Worker End (ms): Min: 455286904.7, Avg: 455286904.7, Max: 455286904.9, Diff: 0.2]
   [Code Root Fixup: 0.0 ms]
   [Code Root Purge: 0.0 ms]
   [Clear CT: 0.6 ms]
   [Other: 12.0 ms]
      [Choose CSet: 0.0 ms]
      [Ref Proc: 3.6 ms]
      [Ref Enq: 0.1 ms]
      [Redirty Cards: 0.1 ms]
      [Humongous Register: 2.9 ms]
      [Humongous Reclaim: 0.2 ms]
      [Free CSet: 4.2 ms]
   [Eden: 3398.0M(3398.0M)->0.0B(3418.0M) Survivors: 26.0M->26.0M Heap: 5124.0M(6144.0M)->1713.1M(6144.0M)]
 [Times: user=0.16 sys=0.01, real=0.04 secs] 
2025-07-25T18:30:38.542+0800: 455592.378: [GC pause (G1 Evacuation Pause) (young), 0.0388022 secs]
   [Parallel Time: 26.1 ms, GC Workers: 8]
      [GC Worker Start (ms): Min: 455592381.6, Avg: 455592381.6, Max: 455592381.7, Diff: 0.2]
      [Ext Root Scanning (ms): Min: 3.0, Avg: 4.5, Max: 11.9, Diff: 8.9, Sum: 35.8]
      [Update RS (ms): Min: 1.9, Avg: 8.4, Max: 9.7, Diff: 7.8, Sum: 67.4]
         [Processed Buffers: Min: 5, Avg: 68.1, Max: 89, Diff: 84, Sum: 545]
      [Scan RS (ms): Min: 0.1, Avg: 0.4, Max: 0.5, Diff: 0.4, Sum: 3.2]
      [Code Root Scanning (ms): Min: 0.0, Avg: 0.0, Max: 0.0, Diff: 0.0, Sum: 0.1]
      [Object Copy (ms): Min: 7.0, Avg: 7.6, Max: 8.5, Diff: 1.5, Sum: 61.0]
      [Termination (ms): Min: 3.9, Avg: 4.8, Max: 5.5, Diff: 1.6, Sum: 38.0]
         [Termination Attempts: Min: 354, Avg: 507.5, Max: 719, Diff: 365, Sum: 4060]
      [GC Worker Other (ms): Min: 0.0, Avg: 0.1, Max: 0.2, Diff: 0.2, Sum: 1.0]
      [GC Worker Total (ms): Min: 25.7, Avg: 25.8, Max: 26.0, Diff: 0.3, Sum: 206.6]
      [GC Worker End (ms): Min: 455592407.4, Avg: 455592407.4, Max: 455592407.6, Diff: 0.2]
   [Code Root Fixup: 0.0 ms]
   [Code Root Purge: 0.0 ms]
   [Clear CT: 0.7 ms]
   [Other: 12.0 ms]
      [Choose CSet: 0.0 ms]
      [Ref Proc: 3.6 ms]
      [Ref Enq: 0.1 ms]
      [Redirty Cards: 0.1 ms]
      [Humongous Register: 2.9 ms]
      [Humongous Reclaim: 0.4 ms]
      [Free CSet: 3.9 ms]
   [Eden: 3418.0M(3418.0M)->0.0B(3418.0M) Survivors: 26.0M->26.0M Heap: 5203.1M(6144.0M)->1713.1M(6144.0M)]
 [Times: user=0.15 sys=0.08, real=0.04 secs] 
2025-07-25T18:34:06.866+0800: 455800.702: [GC pause (G1 Evacuation Pause) (young), 0.0361807 secs]
   [Parallel Time: 22.8 ms, GC Workers: 8]
      [GC Worker Start (ms): Min: 455800705.7, Avg: 455800705.8, Max: 455800706.0, Diff: 0.3]
      [Ext Root Scanning (ms): Min: 3.3, Avg: 4.5, Max: 11.8, Diff: 8.5, Sum: 36.3]
      [Update RS (ms): Min: 0.0, Avg: 3.9, Max: 5.1, Diff: 5.1, Sum: 31.4]
         [Processed Buffers: Min: 0, Avg: 32.8, Max: 48, Diff: 48, Sum: 262]
      [Scan RS (ms): Min: 0.1, Avg: 0.4, Max: 0.6, Diff: 0.5, Sum: 3.2]
      [Code Root Scanning (ms): Min: 0.0, Avg: 0.0, Max: 0.0, Diff: 0.0, Sum: 0.1]
      [Object Copy (ms): Min: 5.4, Avg: 8.2, Max: 11.1, Diff: 5.7, Sum: 65.6]
      [Termination (ms): Min: 2.6, Avg: 5.3, Max: 6.3, Diff: 3.7, Sum: 42.5]
         [Termination Attempts: Min: 351, Avg: 540.6, Max: 690, Diff: 339, Sum: 4325]
      [GC Worker Other (ms): Min: 0.1, Avg: 0.1, Max: 0.2, Diff: 0.1, Sum: 1.2]
      [GC Worker Total (ms): Min: 22.4, Avg: 22.5, Max: 22.6, Diff: 0.2, Sum: 180.3]
      [GC Worker End (ms): Min: 455800728.3, Avg: 455800728.4, Max: 455800728.5, Diff: 0.2]
   [Code Root Fixup: 0.0 ms]
   [Code Root Purge: 0.0 ms]
   [Clear CT: 0.9 ms]
   [Other: 12.4 ms]
      [Choose CSet: 0.0 ms]
      [Ref Proc: 3.7 ms]
      [Ref Enq: 0.1 ms]
      [Redirty Cards: 0.1 ms]
      [Humongous Register: 3.1 ms]
      [Humongous Reclaim: 0.2 ms]
      [Free CSet: 4.3 ms]
   [Eden: 3418.0M(3418.0M)->0.0B(3406.0M) Survivors: 26.0M->26.0M Heap: 5155.1M(6144.0M)->1719.1M(6144.0M)]
 [Times: user=0.12 sys=0.07, real=0.04 secs] 
2025-07-25T18:40:10.253+0800: 456164.089: [GC pause (G1 Evacuation Pause) (young), 0.0357665 secs]
   [Parallel Time: 23.2 ms, GC Workers: 8]
      [GC Worker Start (ms): Min: 456164091.1, Avg: 456164091.1, Max: 456164091.2, Diff: 0.2]
      [Ext Root Scanning (ms): Min: 3.2, Avg: 4.4, Max: 11.2, Diff: 8.0, Sum: 35.1]
      [Update RS (ms): Min: 0.0, Avg: 3.6, Max: 4.6, Diff: 4.6, Sum: 29.1]
         [Processed Buffers: Min: 0, Avg: 36.8, Max: 73, Diff: 73, Sum: 294]
      [Scan RS (ms): Min: 0.1, Avg: 0.4, Max: 0.5, Diff: 0.4, Sum: 2.8]
      [Code Root Scanning (ms): Min: 0.0, Avg: 0.0, Max: 0.0, Diff: 0.0, Sum: 0.1]
      [Object Copy (ms): Min: 8.4, Avg: 11.9, Max: 12.8, Diff: 4.4, Sum: 95.2]
      [Termination (ms): Min: 2.1, Avg: 2.6, Max: 3.2, Diff: 1.1, Sum: 21.1]
         [Termination Attempts: Min: 190, Avg: 259.9, Max: 365, Diff: 175, Sum: 2079]
      [GC Worker Other (ms): Min: 0.1, Avg: 0.1, Max: 0.2, Diff: 0.1, Sum: 1.0]
      [GC Worker Total (ms): Min: 23.0, Avg: 23.0, Max: 23.1, Diff: 0.2, Sum: 184.4]
      [GC Worker End (ms): Min: 456164114.1, Avg: 456164114.2, Max: 456164114.2, Diff: 0.1]
   [Code Root Fixup: 0.0 ms]
   [Code Root Purge: 0.0 ms]
   [Clear CT: 0.8 ms]
   [Other: 11.6 ms]
      [Choose CSet: 0.0 ms]
      [Ref Proc: 4.0 ms]
      [Ref Enq: 0.2 ms]
      [Redirty Cards: 0.2 ms]
      [Humongous Register: 1.6 ms]
      [Humongous Reclaim: 0.3 ms]
      [Free CSet: 4.2 ms]
   [Eden: 3406.0M(3406.0M)->0.0B(3378.0M) Survivors: 26.0M->52.0M Heap: 5143.1M(6144.0M)->1733.3M(6144.0M)]
 [Times: user=0.16 sys=0.03, real=0.04 secs] 
2025-07-25T18:40:57.209+0800: 456211.045: [GC pause (G1 Evacuation Pause) (young), 0.0272324 secs]
   [Parallel Time: 17.6 ms, GC Workers: 8]
      [GC Worker Start (ms): Min: 456211048.7, Avg: 456211048.8, Max: 456211048.8, Diff: 0.1]
      [Ext Root Scanning (ms): Min: 2.2, Avg: 2.6, Max: 4.0, Diff: 1.7, Sum: 21.0]
      [Update RS (ms): Min: 0.6, Avg: 1.7, Max: 2.2, Diff: 1.6, Sum: 13.2]
         [Processed Buffers: Min: 8, Avg: 23.5, Max: 35, Diff: 27, Sum: 188]
      [Scan RS (ms): Min: 0.2, Avg: 0.4, Max: 0.4, Diff: 0.3, Sum: 3.0]
      [Code Root Scanning (ms): Min: 0.0, Avg: 0.0, Max: 0.0, Diff: 0.0, Sum: 0.1]
      [Object Copy (ms): Min: 12.4, Avg: 12.6, Max: 12.8, Diff: 0.3, Sum: 101.1]
      [Termination (ms): Min: 0.0, Avg: 0.0, Max: 0.0, Diff: 0.0, Sum: 0.0]
         [Termination Attempts: Min: 1, Avg: 1.0, Max: 1, Diff: 0, Sum: 8]
      [GC Worker Other (ms): Min: 0.0, Avg: 0.1, Max: 0.1, Diff: 0.1, Sum: 0.7]
      [GC Worker Total (ms): Min: 17.3, Avg: 17.4, Max: 17.5, Diff: 0.2, Sum: 139.1]
      [GC Worker End (ms): Min: 456211066.1, Avg: 456211066.1, Max: 456211066.2, Diff: 0.1]
   [Code Root Fixup: 0.0 ms]
   [Code Root Purge: 0.0 ms]
   [Clear CT: 0.6 ms]
   [Other: 9.0 ms]
      [Choose CSet: 0.0 ms]
      [Ref Proc: 2.4 ms]
      [Ref Enq: 0.2 ms]
      [Redirty Cards: 0.1 ms]
      [Humongous Register: 3.3 ms]
      [Humongous Reclaim: 0.1 ms]
      [Free CSet: 2.1 ms]
   [Eden: 3378.0M(3378.0M)->0.0B(3366.0M) Survivors: 52.0M->58.0M Heap: 5111.3M(6144.0M)->1739.3M(6144.0M)]
 [Times: user=0.10 sys=0.04, real=0.02 secs] 
2025-07-25T18:41:25.827+0800: 456239.662: [GC pause (G1 Evacuation Pause) (young), 0.0392462 secs]
   [Parallel Time: 30.0 ms, GC Workers: 8]
      [GC Worker Start (ms): Min: 456239664.2, Avg: 456239664.2, Max: 456239664.3, Diff: 0.1]
      [Ext Root Scanning (ms): Min: 2.8, Avg: 4.0, Max: 10.8, Diff: 8.0, Sum: 32.4]
      [Update RS (ms): Min: 11.9, Avg: 18.3, Max: 19.8, Diff: 7.8, Sum: 146.7]
         [Processed Buffers: Min: 91, Avg: 119.2, Max: 131, Diff: 40, Sum: 954]
      [Scan RS (ms): Min: 0.1, Avg: 0.3, Max: 0.5, Diff: 0.3, Sum: 2.8]
      [Code Root Scanning (ms): Min: 0.0, Avg: 0.0, Max: 0.0, Diff: 0.0, Sum: 0.1]
      [Object Copy (ms): Min: 6.4, Avg: 6.6, Max: 6.9, Diff: 0.5, Sum: 52.9]
      [Termination (ms): Min: 0.0, Avg: 0.3, Max: 0.5, Diff: 0.5, Sum: 2.1]
         [Termination Attempts: Min: 1, Avg: 1.0, Max: 1, Diff: 0, Sum: 8]
      [GC Worker Other (ms): Min: 0.0, Avg: 0.1, Max: 0.1, Diff: 0.1, Sum: 0.8]
      [GC Worker Total (ms): Min: 29.6, Avg: 29.7, Max: 29.9, Diff: 0.3, Sum: 237.7]
      [GC Worker End (ms): Min: 456239693.9, Avg: 456239693.9, Max: 456239694.1, Diff: 0.2]
   [Code Root Fixup: 0.0 ms]
   [Code Root Purge: 0.0 ms]
   [Clear CT: 0.5 ms]
   [Other: 8.7 ms]
      [Choose CSet: 0.0 ms]
      [Ref Proc: 1.6 ms]
      [Ref Enq: 0.1 ms]
      [Redirty Cards: 0.1 ms]
      [Humongous Register: 1.4 ms]
      [Humongous Reclaim: 0.3 ms]
      [Free CSet: 4.2 ms]
   [Eden: 3366.0M(3366.0M)->0.0B(3386.0M) Survivors: 58.0M->48.0M Heap: 5201.2M(6144.0M)->1729.3M(6144.0M)]
 [Times: user=0.22 sys=0.03, real=0.04 secs] 
2025-07-25T18:42:35.041+0800: 456308.876: [GC pause (G1 Evacuation Pause) (young), 0.0312841 secs]
   [Parallel Time: 23.7 ms, GC Workers: 8]
      [GC Worker Start (ms): Min: 456308877.1, Avg: 456308877.2, Max: 456308877.2, Diff: 0.1]
      [Ext Root Scanning (ms): Min: 2.2, Avg: 2.5, Max: 3.2, Diff: 1.0, Sum: 19.6]
      [Update RS (ms): Min: 9.3, Avg: 9.8, Max: 9.9, Diff: 0.6, Sum: 78.1]
         [Processed Buffers: Min: 53, Avg: 70.6, Max: 82, Diff: 29, Sum: 565]
      [Scan RS (ms): Min: 0.3, Avg: 0.4, Max: 0.5, Diff: 0.2, Sum: 3.3]
      [Code Root Scanning (ms): Min: 0.0, Avg: 0.0, Max: 0.0, Diff: 0.0, Sum: 0.1]
      [Object Copy (ms): Min: 10.2, Avg: 10.4, Max: 10.9, Diff: 0.7, Sum: 83.5]
      [Termination (ms): Min: 0.0, Avg: 0.4, Max: 0.5, Diff: 0.5, Sum: 3.4]
         [Termination Attempts: Min: 1, Avg: 1.1, Max: 2, Diff: 1, Sum: 9]
      [GC Worker Other (ms): Min: 0.0, Avg: 0.0, Max: 0.0, Diff: 0.0, Sum: 0.2]
      [GC Worker Total (ms): Min: 23.5, Avg: 23.5, Max: 23.6, Diff: 0.1, Sum: 188.1]
      [GC Worker End (ms): Min: 456308900.7, Avg: 456308900.7, Max: 456308900.7, Diff: 0.1]
   [Code Root Fixup: 0.0 ms]
   [Code Root Purge: 0.0 ms]
   [Clear CT: 0.6 ms]
   [Other: 7.0 ms]
      [Choose CSet: 0.0 ms]
      [Ref Proc: 3.0 ms]
      [Ref Enq: 0.2 ms]
      [Redirty Cards: 0.1 ms]
      [Humongous Register: 0.5 ms]
      [Humongous Reclaim: 0.1 ms]
      [Free CSet: 2.3 ms]
   [Eden: 3386.0M(3386.0M)->0.0B(260.0M) Survivors: 48.0M->46.0M Heap: 5161.4M(6144.0M)->1728.4M(6144.0M)]
 [Times: user=0.19 sys=0.00, real=0.03 secs] 
2025-07-25T18:42:58.346+0800: 456332.181: [GC pause (G1 Evacuation Pause) (young), 0.0131151 secs]
   [Parallel Time: 10.9 ms, GC Workers: 8]
      [GC Worker Start (ms): Min: 456332181.8, Avg: 456332181.9, Max: 456332181.9, Diff: 0.1]
      [Ext Root Scanning (ms): Min: 2.1, Avg: 2.3, Max: 3.1, Diff: 1.1, Sum: 18.8]
      [Update RS (ms): Min: 0.1, Avg: 0.8, Max: 1.1, Diff: 0.9, Sum: 6.5]
         [Processed Buffers: Min: 2, Avg: 15.4, Max: 34, Diff: 32, Sum: 123]
      [Scan RS (ms): Min: 0.0, Avg: 0.0, Max: 0.1, Diff: 0.0, Sum: 0.2]
      [Code Root Scanning (ms): Min: 0.0, Avg: 0.0, Max: 0.0, Diff: 0.0, Sum: 0.0]
      [Object Copy (ms): Min: 7.3, Avg: 7.5, Max: 7.6, Diff: 0.3, Sum: 59.9]
      [Termination (ms): Min: 0.0, Avg: 0.0, Max: 0.0, Diff: 0.0, Sum: 0.0]
         [Termination Attempts: Min: 1, Avg: 1.9, Max: 2, Diff: 1, Sum: 15]
      [GC Worker Other (ms): Min: 0.0, Avg: 0.0, Max: 0.1, Diff: 0.0, Sum: 0.3]
      [GC Worker Total (ms): Min: 10.7, Avg: 10.7, Max: 10.8, Diff: 0.1, Sum: 85.7]
      [GC Worker End (ms): Min: 456332192.6, Avg: 456332192.6, Max: 456332192.6, Diff: 0.0]
   [Code Root Fixup: 0.0 ms]
   [Code Root Purge: 0.0 ms]
   [Clear CT: 0.1 ms]
   [Other: 2.0 ms]
      [Choose CSet: 0.0 ms]
      [Ref Proc: 0.3 ms]
      [Ref Enq: 0.0 ms]
      [Redirty Cards: 0.1 ms]
      [Humongous Register: 0.3 ms]
      [Humongous Reclaim: 0.1 ms]
      [Free CSet: 0.3 ms]
   [Eden: 260.0M(260.0M)->0.0B(274.0M) Survivors: 46.0M->32.0M Heap: 1988.4M(6144.0M)->1735.8M(6144.0M)]
 [Times: user=0.05 sys=0.03, real=0.02 secs] 
2025-07-25T18:42:58.799+0800: 456332.635: [GC pause (G1 Evacuation Pause) (young), 0.0162147 secs]
   [Parallel Time: 14.2 ms, GC Workers: 8]
      [GC Worker Start (ms): Min: 456332635.2, Avg: 456332635.3, Max: 456332635.4, Diff: 0.2]
      [Ext Root Scanning (ms): Min: 2.1, Avg: 2.4, Max: 3.1, Diff: 1.0, Sum: 19.5]
      [Update RS (ms): Min: 6.3, Avg: 6.8, Max: 7.3, Diff: 1.0, Sum: 54.7]
         [Processed Buffers: Min: 28, Avg: 35.2, Max: 42, Diff: 14, Sum: 282]
      [Scan RS (ms): Min: 0.0, Avg: 0.0, Max: 0.1, Diff: 0.0, Sum: 0.2]
      [Code Root Scanning (ms): Min: 0.0, Avg: 0.0, Max: 0.0, Diff: 0.0, Sum: 0.0]
      [Object Copy (ms): Min: 4.4, Avg: 4.7, Max: 4.8, Diff: 0.4, Sum: 37.4]
      [Termination (ms): Min: 0.0, Avg: 0.0, Max: 0.0, Diff: 0.0, Sum: 0.2]
         [Termination Attempts: Min: 1, Avg: 1.0, Max: 1, Diff: 0, Sum: 8]
      [GC Worker Other (ms): Min: 0.0, Avg: 0.0, Max: 0.0, Diff: 0.0, Sum: 0.2]
      [GC Worker Total (ms): Min: 13.9, Avg: 14.0, Max: 14.1, Diff: 0.2, Sum: 112.2]
      [GC Worker End (ms): Min: 456332649.3, Avg: 456332649.3, Max: 456332649.3, Diff: 0.0]
   [Code Root Fixup: 0.0 ms]
   [Code Root Purge: 0.0 ms]
   [Clear CT: 0.1 ms]
   [Other: 1.8 ms]
      [Choose CSet: 0.0 ms]
      [Ref Proc: 0.3 ms]
      [Ref Enq: 0.0 ms]
      [Redirty Cards: 0.1 ms]
      [Humongous Register: 0.3 ms]
      [Humongous Reclaim: 0.1 ms]
      [Free CSet: 0.3 ms]
   [Eden: 274.0M(274.0M)->0.0B(296.0M) Survivors: 32.0M->10.0M Heap: 2036.2M(6144.0M)->1734.4M(6144.0M)]
 [Times: user=0.11 sys=0.01, real=0.01 secs] 
2025-07-25T18:43:04.980+0800: 456338.815: [GC pause (G1 Evacuation Pause) (young), 0.0150073 secs]
   [Parallel Time: 13.0 ms, GC Workers: 8]
      [GC Worker Start (ms): Min: 456338815.9, Avg: 456338816.0, Max: 456338816.1, Diff: 0.2]
      [Ext Root Scanning (ms): Min: 2.3, Avg: 3.3, Max: 9.4, Diff: 7.1, Sum: 26.5]
      [Update RS (ms): Min: 0.0, Avg: 5.7, Max: 6.7, Diff: 6.7, Sum: 45.7]
         [Processed Buffers: Min: 0, Avg: 38.5, Max: 61, Diff: 61, Sum: 308]
      [Scan RS (ms): Min: 0.0, Avg: 0.0, Max: 0.1, Diff: 0.1, Sum: 0.2]
      [Code Root Scanning (ms): Min: 0.0, Avg: 0.0, Max: 0.0, Diff: 0.0, Sum: 0.0]
      [Object Copy (ms): Min: 3.4, Avg: 3.7, Max: 3.9, Diff: 0.5, Sum: 29.9]
      [Termination (ms): Min: 0.0, Avg: 0.0, Max: 0.0, Diff: 0.0, Sum: 0.0]
         [Termination Attempts: Min: 1, Avg: 1.4, Max: 2, Diff: 1, Sum: 11]
      [GC Worker Other (ms): Min: 0.0, Avg: 0.0, Max: 0.0, Diff: 0.0, Sum: 0.2]
      [GC Worker Total (ms): Min: 12.7, Avg: 12.8, Max: 12.9, Diff: 0.1, Sum: 102.6]
      [GC Worker End (ms): Min: 456338828.8, Avg: 456338828.8, Max: 456338828.8, Diff: 0.0]
   [Code Root Fixup: 0.0 ms]
   [Code Root Purge: 0.0 ms]
   [Clear CT: 0.1 ms]
   [Other: 1.9 ms]
      [Choose CSet: 0.0 ms]
      [Ref Proc: 0.3 ms]
      [Ref Enq: 0.0 ms]
      [Redirty Cards: 0.1 ms]
      [Humongous Register: 0.3 ms]
      [Humongous Reclaim: 0.1 ms]
      [Free CSet: 0.3 ms]
   [Eden: 296.0M(296.0M)->0.0B(294.0M) Survivors: 10.0M->12.0M Heap: 2053.8M(6144.0M)->1734.7M(6144.0M)]
 [Times: user=0.06 sys=0.05, real=0.01 secs] 
2025-07-25T18:43:19.457+0800: 456353.292: [GC pause (G1 Evacuation Pause) (young), 0.0154300 secs]
   [Parallel Time: 8.7 ms, GC Workers: 8]
      [GC Worker Start (ms): Min: 456353296.9, Avg: 456353297.0, Max: 456353297.0, Diff: 0.1]
      [Ext Root Scanning (ms): Min: 2.8, Avg: 3.3, Max: 5.6, Diff: 2.8, Sum: 26.7]
      [Update RS (ms): Min: 0.0, Avg: 1.7, Max: 2.6, Diff: 2.6, Sum: 13.7]
         [Processed Buffers: Min: 0, Avg: 19.9, Max: 30, Diff: 30, Sum: 159]
      [Scan RS (ms): Min: 0.0, Avg: 0.0, Max: 0.1, Diff: 0.1, Sum: 0.3]
      [Code Root Scanning (ms): Min: 0.0, Avg: 0.0, Max: 0.0, Diff: 0.0, Sum: 0.0]
      [Object Copy (ms): Min: 3.0, Avg: 3.4, Max: 3.6, Diff: 0.6, Sum: 27.0]
      [Termination (ms): Min: 0.0, Avg: 0.0, Max: 0.0, Diff: 0.0, Sum: 0.0]
         [Termination Attempts: Min: 1, Avg: 1.0, Max: 1, Diff: 0, Sum: 8]
      [GC Worker Other (ms): Min: 0.0, Avg: 0.1, Max: 0.2, Diff: 0.1, Sum: 0.7]
      [GC Worker Total (ms): Min: 8.5, Avg: 8.6, Max: 8.6, Diff: 0.1, Sum: 68.4]
      [GC Worker End (ms): Min: 456353305.5, Avg: 456353305.5, Max: 456353305.5, Diff: 0.0]
   [Code Root Fixup: 0.0 ms]
   [Code Root Purge: 0.0 ms]
   [Clear CT: 0.1 ms]
   [Other: 6.5 ms]
      [Choose CSet: 0.0 ms]
      [Ref Proc: 0.4 ms]
      [Ref Enq: 0.0 ms]
      [Redirty Cards: 0.1 ms]
      [Humongous Register: 4.1 ms]
      [Humongous Reclaim: 0.1 ms]
      [Free CSet: 0.7 ms]
   [Eden: 294.0M(294.0M)->0.0B(286.0M) Survivors: 12.0M->20.0M Heap: 2033.7M(6144.0M)->1746.1M(6144.0M)]
 [Times: user=0.07 sys=0.00, real=0.02 secs] 
2025-07-25T18:43:19.925+0800: 456353.761: [GC pause (G1 Evacuation Pause) (young), 0.0183996 secs]
   [Parallel Time: 16.4 ms, GC Workers: 8]
      [GC Worker Start (ms): Min: 456353761.2, Avg: 456353761.2, Max: 456353761.3, Diff: 0.1]
      [Ext Root Scanning (ms): Min: 2.1, Avg: 2.4, Max: 3.4, Diff: 1.2, Sum: 19.2]
      [Update RS (ms): Min: 6.7, Avg: 7.5, Max: 7.8, Diff: 1.0, Sum: 60.2]
         [Processed Buffers: Min: 37, Avg: 44.0, Max: 51, Diff: 14, Sum: 352]
      [Scan RS (ms): Min: 0.0, Avg: 0.0, Max: 0.0, Diff: 0.0, Sum: 0.2]
      [Code Root Scanning (ms): Min: 0.0, Avg: 0.0, Max: 0.0, Diff: 0.0, Sum: 0.0]
      [Object Copy (ms): Min: 6.1, Avg: 6.2, Max: 6.3, Diff: 0.2, Sum: 49.6]
      [Termination (ms): Min: 0.0, Avg: 0.0, Max: 0.0, Diff: 0.0, Sum: 0.0]
         [Termination Attempts: Min: 1, Avg: 1.4, Max: 2, Diff: 1, Sum: 11]
      [GC Worker Other (ms): Min: 0.0, Avg: 0.0, Max: 0.1, Diff: 0.0, Sum: 0.3]
      [GC Worker Total (ms): Min: 16.1, Avg: 16.2, Max: 16.2, Diff: 0.1, Sum: 129.6]
      [GC Worker End (ms): Min: 456353777.4, Avg: 456353777.4, Max: 456353777.4, Diff: 0.0]
   [Code Root Fixup: 0.0 ms]
   [Code Root Purge: 0.0 ms]
   [Clear CT: 0.1 ms]
   [Other: 1.9 ms]
      [Choose CSet: 0.0 ms]
      [Ref Proc: 0.2 ms]
      [Ref Enq: 0.0 ms]
      [Redirty Cards: 0.1 ms]
      [Humongous Register: 0.3 ms]
      [Humongous Reclaim: 0.2 ms]
      [Free CSet: 0.3 ms]
   [Eden: 286.0M(286.0M)->0.0B(276.0M) Survivors: 20.0M->30.0M Heap: 2073.1M(6144.0M)->1752.7M(6144.0M)]
 [Times: user=0.12 sys=0.00, real=0.02 secs] 
2025-07-25T18:44:05.910+0800: 456399.746: [GC pause (G1 Evacuation Pause) (young), 0.0087285 secs]
   [Parallel Time: 6.4 ms, GC Workers: 8]
      [GC Worker Start (ms): Min: 456399746.4, Avg: 456399746.5, Max: 456399746.5, Diff: 0.1]
      [Ext Root Scanning (ms): Min: 2.4, Avg: 2.6, Max: 3.1, Diff: 0.7, Sum: 20.8]
      [Update RS (ms): Min: 0.4, Avg: 0.8, Max: 1.1, Diff: 0.7, Sum: 6.4]
         [Processed Buffers: Min: 5, Avg: 17.6, Max: 28, Diff: 23, Sum: 141]
      [Scan RS (ms): Min: 0.0, Avg: 0.0, Max: 0.0, Diff: 0.0, Sum: 0.2]
      [Code Root Scanning (ms): Min: 0.0, Avg: 0.0, Max: 0.0, Diff: 0.0, Sum: 0.0]
      [Object Copy (ms): Min: 2.4, Avg: 2.8, Max: 2.9, Diff: 0.5, Sum: 22.0]
      [Termination (ms): Min: 0.0, Avg: 0.0, Max: 0.0, Diff: 0.0, Sum: 0.0]
         [Termination Attempts: Min: 1, Avg: 1.1, Max: 2, Diff: 1, Sum: 9]
      [GC Worker Other (ms): Min: 0.0, Avg: 0.0, Max: 0.1, Diff: 0.0, Sum: 0.3]
      [GC Worker Total (ms): Min: 6.1, Avg: 6.2, Max: 6.3, Diff: 0.2, Sum: 49.7]
      [GC Worker End (ms): Min: 456399752.7, Avg: 456399752.7, Max: 456399752.7, Diff: 0.0]
   [Code Root Fixup: 0.0 ms]
   [Code Root Purge: 0.0 ms]
   [Clear CT: 0.1 ms]
   [Other: 2.2 ms]
      [Choose CSet: 0.0 ms]
      [Ref Proc: 0.4 ms]
      [Ref Enq: 0.0 ms]
      [Redirty Cards: 0.2 ms]
      [Humongous Register: 0.5 ms]
      [Humongous Reclaim: 0.1 ms]
      [Free CSet: 0.3 ms]
   [Eden: 276.0M(276.0M)->0.0B(292.0M) Survivors: 30.0M->14.0M Heap: 2028.7M(6144.0M)->1737.1M(6144.0M)]
 [Times: user=0.03 sys=0.02, real=0.01 secs] 
2025-07-25T18:44:19.328+0800: 456413.163: [GC pause (G1 Evacuation Pause) (young), 0.0090494 secs]
   [Parallel Time: 6.9 ms, GC Workers: 8]
      [GC Worker Start (ms): Min: 456413163.9, Avg: 456413163.9, Max: 456413164.0, Diff: 0.1]
      [Ext Root Scanning (ms): Min: 2.1, Avg: 2.3, Max: 3.2, Diff: 1.1, Sum: 18.8]
      [Update RS (ms): Min: 0.7, Avg: 1.4, Max: 1.7, Diff: 1.0, Sum: 11.3]
         [Processed Buffers: Min: 7, Avg: 19.0, Max: 30, Diff: 23, Sum: 152]
      [Scan RS (ms): Min: 0.0, Avg: 0.0, Max: 0.0, Diff: 0.0, Sum: 0.2]
      [Code Root Scanning (ms): Min: 0.0, Avg: 0.0, Max: 0.0, Diff: 0.0, Sum: 0.0]
      [Object Copy (ms): Min: 2.7, Avg: 2.9, Max: 3.0, Diff: 0.3, Sum: 23.3]
      [Termination (ms): Min: 0.0, Avg: 0.0, Max: 0.0, Diff: 0.0, Sum: 0.0]
         [Termination Attempts: Min: 1, Avg: 1.0, Max: 1, Diff: 0, Sum: 8]
      [GC Worker Other (ms): Min: 0.0, Avg: 0.0, Max: 0.1, Diff: 0.1, Sum: 0.2]
      [GC Worker Total (ms): Min: 6.7, Avg: 6.7, Max: 6.8, Diff: 0.1, Sum: 53.9]
      [GC Worker End (ms): Min: 456413170.7, Avg: 456413170.7, Max: 456413170.7, Diff: 0.0]
   [Code Root Fixup: 0.0 ms]
   [Code Root Purge: 0.0 ms]
   [Clear CT: 0.2 ms]
   [Other: 1.9 ms]
      [Choose CSet: 0.0 ms]
      [Ref Proc: 0.3 ms]
      [Ref Enq: 0.0 ms]
      [Redirty Cards: 0.1 ms]
      [Humongous Register: 0.3 ms]
      [Humongous Reclaim: 0.1 ms]
      [Free CSet: 0.3 ms]
   [Eden: 292.0M(292.0M)->0.0B(288.0M) Survivors: 14.0M->18.0M Heap: 2034.1M(6144.0M)->1743.4M(6144.0M)]
 [Times: user=0.06 sys=0.00, real=0.01 secs] 
2025-07-25T18:44:19.839+0800: 456413.675: [GC pause (G1 Evacuation Pause) (young), 0.0177522 secs]
   [Parallel Time: 15.9 ms, GC Workers: 8]
      [GC Worker Start (ms): Min: 456413675.1, Avg: 456413675.1, Max: 456413675.1, Diff: 0.1]
      [Ext Root Scanning (ms): Min: 2.0, Avg: 2.3, Max: 3.1, Diff: 1.1, Sum: 18.2]
      [Update RS (ms): Min: 6.7, Avg: 7.5, Max: 8.0, Diff: 1.2, Sum: 59.6]
         [Processed Buffers: Min: 29, Avg: 45.1, Max: 51, Diff: 22, Sum: 361]
      [Scan RS (ms): Min: 0.0, Avg: 0.0, Max: 0.0, Diff: 0.0, Sum: 0.2]
      [Code Root Scanning (ms): Min: 0.0, Avg: 0.0, Max: 0.0, Diff: 0.0, Sum: 0.0]
      [Object Copy (ms): Min: 5.7, Avg: 5.9, Max: 6.1, Diff: 0.4, Sum: 47.5]
      [Termination (ms): Min: 0.0, Avg: 0.0, Max: 0.0, Diff: 0.0, Sum: 0.0]
         [Termination Attempts: Min: 1, Avg: 1.5, Max: 2, Diff: 1, Sum: 12]
      [GC Worker Other (ms): Min: 0.0, Avg: 0.0, Max: 0.1, Diff: 0.0, Sum: 0.2]
      [GC Worker Total (ms): Min: 15.7, Avg: 15.7, Max: 15.8, Diff: 0.1, Sum: 125.8]
      [GC Worker End (ms): Min: 456413690.8, Avg: 456413690.8, Max: 456413690.9, Diff: 0.0]
   [Code Root Fixup: 0.0 ms]
   [Code Root Purge: 0.0 ms]
   [Clear CT: 0.1 ms]
   [Other: 1.7 ms]
      [Choose CSet: 0.0 ms]
      [Ref Proc: 0.2 ms]
      [Ref Enq: 0.0 ms]
      [Redirty Cards: 0.1 ms]
      [Humongous Register: 0.3 ms]
      [Humongous Reclaim: 0.2 ms]
      [Free CSet: 0.3 ms]
   [Eden: 288.0M(288.0M)->0.0B(278.0M) Survivors: 18.0M->28.0M Heap: 2072.5M(6144.0M)->1750.1M(6144.0M)]
 [Times: user=0.13 sys=0.00, real=0.02 secs] 
2025-07-25T18:44:47.506+0800: 456441.341: [GC pause (G1 Evacuation Pause) (young), 0.0090700 secs]
   [Parallel Time: 6.7 ms, GC Workers: 8]
      [GC Worker Start (ms): Min: 456441341.8, Avg: 456441341.9, Max: 456441341.9, Diff: 0.1]
      [Ext Root Scanning (ms): Min: 2.3, Avg: 2.7, Max: 3.9, Diff: 1.6, Sum: 21.8]
      [Update RS (ms): Min: 0.0, Avg: 0.6, Max: 1.4, Diff: 1.4, Sum: 4.9]
         [Processed Buffers: Min: 0, Avg: 15.5, Max: 38, Diff: 38, Sum: 124]
      [Scan RS (ms): Min: 0.0, Avg: 0.0, Max: 0.1, Diff: 0.0, Sum: 0.2]
      [Code Root Scanning (ms): Min: 0.0, Avg: 0.0, Max: 0.0, Diff: 0.0, Sum: 0.0]
      [Object Copy (ms): Min: 2.7, Avg: 3.2, Max: 3.5, Diff: 0.7, Sum: 25.8]
      [Termination (ms): Min: 0.0, Avg: 0.0, Max: 0.0, Diff: 0.0, Sum: 0.0]
         [Termination Attempts: Min: 1, Avg: 1.4, Max: 2, Diff: 1, Sum: 11]
      [GC Worker Other (ms): Min: 0.0, Avg: 0.0, Max: 0.1, Diff: 0.0, Sum: 0.2]
      [GC Worker Total (ms): Min: 6.6, Avg: 6.6, Max: 6.7, Diff: 0.1, Sum: 53.0]
      [GC Worker End (ms): Min: 456441348.5, Avg: 456441348.5, Max: 456441348.5, Diff: 0.0]
   [Code Root Fixup: 0.0 ms]
   [Code Root Purge: 0.0 ms]
   [Clear CT: 0.1 ms]
   [Other: 2.2 ms]
      [Choose CSet: 0.0 ms]
      [Ref Proc: 0.4 ms]
      [Ref Enq: 0.0 ms]
      [Redirty Cards: 0.1 ms]
      [Humongous Register: 0.4 ms]
      [Humongous Reclaim: 0.1 ms]
      [Free CSet: 0.3 ms]
   [Eden: 278.0M(278.0M)->0.0B(292.0M) Survivors: 28.0M->14.0M Heap: 2028.1M(6144.0M)->1739.7M(6144.0M)]
 [Times: user=0.03 sys=0.02, real=0.01 secs] 
2025-07-25T18:45:00.313+0800: 456454.148: [GC pause (G1 Evacuation Pause) (young), 0.0129893 secs]
   [Parallel Time: 10.8 ms, GC Workers: 8]
      [GC Worker Start (ms): Min: 456454148.8, Avg: 456454148.9, Max: 456454148.9, Diff: 0.1]
      [Ext Root Scanning (ms): Min: 2.2, Avg: 2.5, Max: 3.2, Diff: 1.0, Sum: 19.9]
      [Update RS (ms): Min: 2.6, Avg: 3.0, Max: 3.3, Diff: 0.7, Sum: 24.3]
         [Processed Buffers: Min: 6, Avg: 26.4, Max: 40, Diff: 34, Sum: 211]
      [Scan RS (ms): Min: 0.0, Avg: 0.0, Max: 0.0, Diff: 0.0, Sum: 0.2]
      [Code Root Scanning (ms): Min: 0.0, Avg: 0.0, Max: 0.0, Diff: 0.0, Sum: 0.0]
      [Object Copy (ms): Min: 4.7, Avg: 5.0, Max: 5.3, Diff: 0.6, Sum: 40.3]
      [Termination (ms): Min: 0.0, Avg: 0.0, Max: 0.0, Diff: 0.0, Sum: 0.0]
         [Termination Attempts: Min: 1, Avg: 1.0, Max: 1, Diff: 0, Sum: 8]
      [GC Worker Other (ms): Min: 0.0, Avg: 0.0, Max: 0.1, Diff: 0.1, Sum: 0.3]
      [GC Worker Total (ms): Min: 10.6, Avg: 10.6, Max: 10.7, Diff: 0.1, Sum: 85.0]
      [GC Worker End (ms): Min: 456454159.5, Avg: 456454159.5, Max: 456454159.5, Diff: 0.1]
   [Code Root Fixup: 0.0 ms]
   [Code Root Purge: 0.0 ms]
   [Clear CT: 0.1 ms]
   [Other: 2.1 ms]
      [Choose CSet: 0.0 ms]
      [Ref Proc: 0.5 ms]
      [Ref Enq: 0.0 ms]
      [Redirty Cards: 0.1 ms]
      [Humongous Register: 0.3 ms]
      [Humongous Reclaim: 0.1 ms]
      [Free CSet: 0.3 ms]
   [Eden: 292.0M(292.0M)->0.0B(286.0M) Survivors: 14.0M->20.0M Heap: 2043.4M(6144.0M)->1753.4M(6144.0M)]
 [Times: user=0.08 sys=0.00, real=0.01 secs] 
2025-07-25T18:45:00.723+0800: 456454.559: [GC pause (G1 Evacuation Pause) (young), 0.0182983 secs]
   [Parallel Time: 16.3 ms, GC Workers: 8]
      [GC Worker Start (ms): Min: 456454559.6, Avg: 456454559.6, Max: 456454559.7, Diff: 0.1]
      [Ext Root Scanning (ms): Min: 2.1, Avg: 2.5, Max: 3.4, Diff: 1.2, Sum: 19.8]
      [Update RS (ms): Min: 6.2, Avg: 7.0, Max: 7.7, Diff: 1.4, Sum: 56.3]
         [Processed Buffers: Min: 36, Avg: 40.5, Max: 51, Diff: 15, Sum: 324]
      [Scan RS (ms): Min: 0.0, Avg: 0.0, Max: 0.1, Diff: 0.0, Sum: 0.3]
      [Code Root Scanning (ms): Min: 0.0, Avg: 0.0, Max: 0.0, Diff: 0.0, Sum: 0.0]
      [Object Copy (ms): Min: 6.1, Avg: 6.4, Max: 6.6, Diff: 0.5, Sum: 51.2]
      [Termination (ms): Min: 0.0, Avg: 0.0, Max: 0.0, Diff: 0.0, Sum: 0.0]
         [Termination Attempts: Min: 1, Avg: 1.8, Max: 2, Diff: 1, Sum: 14]
      [GC Worker Other (ms): Min: 0.0, Avg: 0.0, Max: 0.0, Diff: 0.0, Sum: 0.3]
      [GC Worker Total (ms): Min: 15.9, Avg: 16.0, Max: 16.0, Diff: 0.1, Sum: 127.7]
      [GC Worker End (ms): Min: 456454575.6, Avg: 456454575.6, Max: 456454575.6, Diff: 0.0]
   [Code Root Fixup: 0.0 ms]
   [Code Root Purge: 0.0 ms]
   [Clear CT: 0.1 ms]
   [Other: 1.8 ms]
      [Choose CSet: 0.0 ms]
      [Ref Proc: 0.3 ms]
      [Ref Enq: 0.0 ms]
      [Redirty Cards: 0.1 ms]
      [Humongous Register: 0.3 ms]
      [Humongous Reclaim: 0.2 ms]
      [Free CSet: 0.3 ms]
   [Eden: 286.0M(286.0M)->0.0B(276.0M) Survivors: 20.0M->30.0M Heap: 2077.6M(6144.0M)->1772.3M(6144.0M)]
 [Times: user=0.13 sys=0.00, real=0.02 secs] 
2025-07-25T18:45:15.710+0800: 456469.546: [GC pause (G1 Evacuation Pause) (young), 0.0075304 secs]
   [Parallel Time: 5.6 ms, GC Workers: 8]
      [GC Worker Start (ms): Min: 456469546.1, Avg: 456469546.1, Max: 456469546.1, Diff: 0.1]
      [Ext Root Scanning (ms): Min: 2.2, Avg: 2.5, Max: 3.2, Diff: 1.0, Sum: 19.6]
      [Update RS (ms): Min: 0.0, Avg: 0.5, Max: 0.8, Diff: 0.8, Sum: 4.2]
         [Processed Buffers: Min: 0, Avg: 13.5, Max: 32, Diff: 32, Sum: 108]
      [Scan RS (ms): Min: 0.0, Avg: 0.0, Max: 0.0, Diff: 0.0, Sum: 0.2]
      [Code Root Scanning (ms): Min: 0.0, Avg: 0.0, Max: 0.0, Diff: 0.0, Sum: 0.0]
      [Object Copy (ms): Min: 2.3, Avg: 2.4, Max: 2.5, Diff: 0.2, Sum: 19.4]
      [Termination (ms): Min: 0.0, Avg: 0.0, Max: 0.0, Diff: 0.0, Sum: 0.0]
         [Termination Attempts: Min: 1, Avg: 1.0, Max: 1, Diff: 0, Sum: 8]
      [GC Worker Other (ms): Min: 0.0, Avg: 0.0, Max: 0.0, Diff: 0.0, Sum: 0.2]
      [GC Worker Total (ms): Min: 5.4, Avg: 5.5, Max: 5.5, Diff: 0.1, Sum: 43.6]
      [GC Worker End (ms): Min: 456469551.5, Avg: 456469551.5, Max: 456469551.6, Diff: 0.0]
   [Code Root Fixup: 0.0 ms]
   [Code Root Purge: 0.0 ms]
   [Clear CT: 0.1 ms]
   [Other: 1.8 ms]
      [Choose CSet: 0.0 ms]
      [Ref Proc: 0.3 ms]
      [Ref Enq: 0.0 ms]
      [Redirty Cards: 0.1 ms]
      [Humongous Register: 0.3 ms]
      [Humongous Reclaim: 0.2 ms]
      [Free CSet: 0.3 ms]
   [Eden: 276.0M(276.0M)->0.0B(292.0M) Survivors: 30.0M->14.0M Heap: 2048.3M(6144.0M)->1742.5M(6144.0M)]
 [Times: user=0.04 sys=0.00, real=0.01 secs] 
2025-07-25T18:45:20.580+0800: 456474.416: [GC pause (G1 Evacuation Pause) (young), 0.0116973 secs]
   [Parallel Time: 9.5 ms, GC Workers: 8]
      [GC Worker Start (ms): Min: 456474416.5, Avg: 456474416.6, Max: 456474416.7, Diff: 0.2]
      [Ext Root Scanning (ms): Min: 2.1, Avg: 2.3, Max: 3.1, Diff: 1.0, Sum: 18.7]
      [Update RS (ms): Min: 3.8, Avg: 4.3, Max: 4.7, Diff: 0.9, Sum: 34.5]
         [Processed Buffers: Min: 25, Avg: 34.4, Max: 51, Diff: 26, Sum: 275]
      [Scan RS (ms): Min: 0.0, Avg: 0.0, Max: 0.0, Diff: 0.0, Sum: 0.2]
      [Code Root Scanning (ms): Min: 0.0, Avg: 0.0, Max: 0.0, Diff: 0.0, Sum: 0.0]
      [Object Copy (ms): Min: 2.4, Avg: 2.6, Max: 2.7, Diff: 0.3, Sum: 20.8]
      [Termination (ms): Min: 0.0, Avg: 0.0, Max: 0.0, Diff: 0.0, Sum: 0.0]
         [Termination Attempts: Min: 1, Avg: 1.0, Max: 1, Diff: 0, Sum: 8]
      [GC Worker Other (ms): Min: 0.0, Avg: 0.0, Max: 0.1, Diff: 0.0, Sum: 0.2]
      [GC Worker Total (ms): Min: 9.2, Avg: 9.3, Max: 9.4, Diff: 0.2, Sum: 74.5]
      [GC Worker End (ms): Min: 456474425.9, Avg: 456474425.9, Max: 456474425.9, Diff: 0.0]
   [Code Root Fixup: 0.0 ms]
   [Code Root Purge: 0.0 ms]
   [Clear CT: 0.1 ms]
   [Other: 2.0 ms]
      [Choose CSet: 0.0 ms]
      [Ref Proc: 0.3 ms]
      [Ref Enq: 0.0 ms]
      [Redirty Cards: 0.2 ms]
      [Humongous Register: 0.3 ms]
      [Humongous Reclaim: 0.1 ms]
      [Free CSet: 0.3 ms]
   [Eden: 292.0M(292.0M)->0.0B(288.0M) Survivors: 14.0M->18.0M Heap: 2057.3M(6144.0M)->1745.5M(6144.0M)]
 [Times: user=0.05 sys=0.02, real=0.01 secs] 
2025-07-25T18:46:04.565+0800: 456518.400: [GC pause (G1 Evacuation Pause) (young), 0.0117024 secs]
   [Parallel Time: 9.5 ms, GC Workers: 8]
      [GC Worker Start (ms): Min: 456518400.8, Avg: 456518400.8, Max: 456518400.9, Diff: 0.1]
      [Ext Root Scanning (ms): Min: 2.0, Avg: 2.3, Max: 3.1, Diff: 1.1, Sum: 18.4]
      [Update RS (ms): Min: 3.9, Avg: 4.6, Max: 4.8, Diff: 0.9, Sum: 36.6]
         [Processed Buffers: Min: 26, Avg: 40.2, Max: 53, Diff: 27, Sum: 322]
      [Scan RS (ms): Min: 0.0, Avg: 0.0, Max: 0.0, Diff: 0.0, Sum: 0.2]
      [Code Root Scanning (ms): Min: 0.0, Avg: 0.0, Max: 0.0, Diff: 0.0, Sum: 0.0]
      [Object Copy (ms): Min: 2.3, Avg: 2.5, Max: 2.6, Diff: 0.3, Sum: 19.7]
      [Termination (ms): Min: 0.0, Avg: 0.0, Max: 0.0, Diff: 0.0, Sum: 0.0]
         [Termination Attempts: Min: 1, Avg: 1.2, Max: 2, Diff: 1, Sum: 10]
      [GC Worker Other (ms): Min: 0.0, Avg: 0.0, Max: 0.0, Diff: 0.0, Sum: 0.2]
      [GC Worker Total (ms): Min: 9.3, Avg: 9.4, Max: 9.4, Diff: 0.1, Sum: 75.1]
      [GC Worker End (ms): Min: 456518410.2, Avg: 456518410.2, Max: 456518410.3, Diff: 0.0]
   [Code Root Fixup: 0.0 ms]
   [Code Root Purge: 0.0 ms]
   [Clear CT: 0.1 ms]
   [Other: 2.0 ms]
      [Choose CSet: 0.0 ms]
      [Ref Proc: 0.5 ms]
      [Ref Enq: 0.0 ms]
      [Redirty Cards: 0.1 ms]
      [Humongous Register: 0.3 ms]
      [Humongous Reclaim: 0.1 ms]
      [Free CSet: 0.3 ms]
   [Eden: 288.0M(288.0M)->0.0B(292.0M) Survivors: 18.0M->14.0M Heap: 2056.7M(6144.0M)->1741.5M(6144.0M)]
 [Times: user=0.05 sys=0.02, real=0.01 secs] 
2025-07-25T18:46:20.877+0800: 456534.713: [GC pause (G1 Evacuation Pause) (young), 0.0094725 secs]
   [Parallel Time: 7.1 ms, GC Workers: 8]
      [GC Worker Start (ms): Min: 456534714.0, Avg: 456534714.0, Max: 456534714.1, Diff: 0.1]
      [Ext Root Scanning (ms): Min: 2.1, Avg: 2.4, Max: 3.2, Diff: 1.1, Sum: 19.0]
      [Update RS (ms): Min: 0.0, Avg: 0.7, Max: 1.0, Diff: 1.0, Sum: 5.8]
         [Processed Buffers: Min: 4, Avg: 15.5, Max: 25, Diff: 21, Sum: 124]
      [Scan RS (ms): Min: 0.0, Avg: 0.0, Max: 0.0, Diff: 0.0, Sum: 0.2]
      [Code Root Scanning (ms): Min: 0.0, Avg: 0.0, Max: 0.0, Diff: 0.0, Sum: 0.0]
      [Object Copy (ms): Min: 3.6, Avg: 3.7, Max: 3.9, Diff: 0.3, Sum: 29.6]
      [Termination (ms): Min: 0.0, Avg: 0.0, Max: 0.0, Diff: 0.0, Sum: 0.0]
         [Termination Attempts: Min: 1, Avg: 1.0, Max: 1, Diff: 0, Sum: 8]
      [GC Worker Other (ms): Min: 0.0, Avg: 0.0, Max: 0.0, Diff: 0.0, Sum: 0.2]
      [GC Worker Total (ms): Min: 6.8, Avg: 6.8, Max: 6.9, Diff: 0.1, Sum: 54.8]
      [GC Worker End (ms): Min: 456534720.9, Avg: 456534720.9, Max: 456534720.9, Diff: 0.0]
   [Code Root Fixup: 0.0 ms]
   [Code Root Purge: 0.0 ms]
   [Clear CT: 0.1 ms]
   [Other: 2.3 ms]
      [Choose CSet: 0.0 ms]
      [Ref Proc: 0.3 ms]
      [Ref Enq: 0.0 ms]
      [Redirty Cards: 0.1 ms]
      [Humongous Register: 0.3 ms]
      [Humongous Reclaim: 0.1 ms]
      [Free CSet: 0.3 ms]
   [Eden: 292.0M(292.0M)->0.0B(288.0M) Survivors: 14.0M->18.0M Heap: 2035.1M(6144.0M)->1747.1M(6144.0M)]
 [Times: user=0.03 sys=0.03, real=0.01 secs] 
2025-07-25T18:46:21.383+0800: 456535.219: [GC pause (G1 Evacuation Pause) (young), 0.0158388 secs]
   [Parallel Time: 13.9 ms, GC Workers: 8]
      [GC Worker Start (ms): Min: 456535219.2, Avg: 456535219.3, Max: 456535219.4, Diff: 0.2]
      [Ext Root Scanning (ms): Min: 2.0, Avg: 2.3, Max: 3.2, Diff: 1.2, Sum: 18.6]
      [Update RS (ms): Min: 7.4, Avg: 8.0, Max: 8.6, Diff: 1.2, Sum: 64.3]
         [Processed Buffers: Min: 42, Avg: 48.1, Max: 57, Diff: 15, Sum: 385]
      [Scan RS (ms): Min: 0.0, Avg: 0.0, Max: 0.0, Diff: 0.0, Sum: 0.2]
      [Code Root Scanning (ms): Min: 0.0, Avg: 0.0, Max: 0.0, Diff: 0.0, Sum: 0.0]
      [Object Copy (ms): Min: 3.1, Avg: 3.3, Max: 3.4, Diff: 0.4, Sum: 26.6]
      [Termination (ms): Min: 0.0, Avg: 0.0, Max: 0.0, Diff: 0.0, Sum: 0.1]
         [Termination Attempts: Min: 1, Avg: 1.0, Max: 1, Diff: 0, Sum: 8]
      [GC Worker Other (ms): Min: 0.0, Avg: 0.0, Max: 0.0, Diff: 0.0, Sum: 0.1]
      [GC Worker Total (ms): Min: 13.6, Avg: 13.8, Max: 13.8, Diff: 0.2, Sum: 110.0]
      [GC Worker End (ms): Min: 456535233.1, Avg: 456535233.1, Max: 456535233.1, Diff: 0.0]
   [Code Root Fixup: 0.0 ms]
   [Code Root Purge: 0.0 ms]
   [Clear CT: 0.1 ms]
   [Other: 1.8 ms]
      [Choose CSet: 0.0 ms]
      [Ref Proc: 0.3 ms]
      [Ref Enq: 0.0 ms]
      [Redirty Cards: 0.1 ms]
      [Humongous Register: 0.3 ms]
      [Humongous Reclaim: 0.2 ms]
      [Free CSet: 0.3 ms]
   [Eden: 288.0M(288.0M)->0.0B(282.0M) Survivors: 18.0M->24.0M Heap: 2079.6M(6144.0M)->1766.2M(6144.0M)]
 [Times: user=0.11 sys=0.00, real=0.02 secs] 
2025-07-25T18:46:45.717+0800: 456559.553: [GC pause (G1 Evacuation Pause) (young), 0.0112554 secs]
   [Parallel Time: 9.1 ms, GC Workers: 8]
      [GC Worker Start (ms): Min: 456559553.1, Avg: 456559553.1, Max: 456559553.2, Diff: 0.1]
      [Ext Root Scanning (ms): Min: 2.3, Avg: 3.2, Max: 8.6, Diff: 6.3, Sum: 25.8]
      [Update RS (ms): Min: 0.0, Avg: 0.6, Max: 1.1, Diff: 1.1, Sum: 5.0]
         [Processed Buffers: Min: 0, Avg: 14.9, Max: 34, Diff: 34, Sum: 119]
      [Scan RS (ms): Min: 0.0, Avg: 0.0, Max: 0.1, Diff: 0.0, Sum: 0.2]
      [Code Root Scanning (ms): Min: 0.0, Avg: 0.0, Max: 0.0, Diff: 0.0, Sum: 0.0]
      [Object Copy (ms): Min: 0.0, Avg: 2.9, Max: 3.5, Diff: 3.5, Sum: 23.3]
      [Termination (ms): Min: 0.0, Avg: 1.9, Max: 2.4, Diff: 2.4, Sum: 15.2]
         [Termination Attempts: Min: 1, Avg: 1.0, Max: 1, Diff: 0, Sum: 8]
      [GC Worker Other (ms): Min: 0.0, Avg: 0.0, Max: 0.0, Diff: 0.0, Sum: 0.1]
      [GC Worker Total (ms): Min: 8.6, Avg: 8.7, Max: 9.0, Diff: 0.4, Sum: 69.7]
      [GC Worker End (ms): Min: 456559561.7, Avg: 456559561.8, Max: 456559562.1, Diff: 0.4]
   [Code Root Fixup: 0.0 ms]
   [Code Root Purge: 0.0 ms]
   [Clear CT: 0.2 ms]
   [Other: 2.0 ms]
      [Choose CSet: 0.0 ms]
      [Ref Proc: 0.4 ms]
      [Ref Enq: 0.0 ms]
      [Redirty Cards: 0.1 ms]
      [Humongous Register: 0.3 ms]
      [Humongous Reclaim: 0.2 ms]
      [Free CSet: 0.3 ms]
   [Eden: 282.0M(282.0M)->0.0B(290.0M) Survivors: 24.0M->16.0M Heap: 2048.2M(6144.0M)->1744.5M(6144.0M)]
 [Times: user=0.05 sys=0.02, real=0.01 secs] 
2025-07-25T18:46:59.800+0800: 456573.636: [GC pause (G1 Evacuation Pause) (young), 0.0102820 secs]
   [Parallel Time: 8.4 ms, GC Workers: 8]
      [GC Worker Start (ms): Min: 456573636.2, Avg: 456573636.2, Max: 456573636.3, Diff: 0.2]
      [Ext Root Scanning (ms): Min: 2.0, Avg: 2.3, Max: 3.2, Diff: 1.1, Sum: 18.6]
      [Update RS (ms): Min: 1.7, Avg: 2.4, Max: 2.8, Diff: 1.1, Sum: 19.3]
         [Processed Buffers: Min: 16, Avg: 25.0, Max: 33, Diff: 17, Sum: 200]
      [Scan RS (ms): Min: 0.0, Avg: 0.0, Max: 0.0, Diff: 0.0, Sum: 0.2]
      [Code Root Scanning (ms): Min: 0.0, Avg: 0.0, Max: 0.0, Diff: 0.0, Sum: 0.0]
      [Object Copy (ms): Min: 3.2, Avg: 3.4, Max: 3.5, Diff: 0.3, Sum: 26.9]
      [Termination (ms): Min: 0.0, Avg: 0.0, Max: 0.0, Diff: 0.0, Sum: 0.0]
         [Termination Attempts: Min: 1, Avg: 1.0, Max: 1, Diff: 0, Sum: 8]
      [GC Worker Other (ms): Min: 0.0, Avg: 0.0, Max: 0.1, Diff: 0.0, Sum: 0.3]
      [GC Worker Total (ms): Min: 8.1, Avg: 8.2, Max: 8.3, Diff: 0.2, Sum: 65.3]
      [GC Worker End (ms): Min: 456573644.4, Avg: 456573644.4, Max: 456573644.4, Diff: 0.1]
   [Code Root Fixup: 0.0 ms]
   [Code Root Purge: 0.0 ms]
   [Clear CT: 0.1 ms]
   [Other: 1.8 ms]
      [Choose CSet: 0.0 ms]
      [Ref Proc: 0.3 ms]
      [Ref Enq: 0.0 ms]
      [Redirty Cards: 0.1 ms]
      [Humongous Register: 0.3 ms]
      [Humongous Reclaim: 0.1 ms]
      [Free CSet: 0.3 ms]
   [Eden: 290.0M(290.0M)->0.0B(286.0M) Survivors: 16.0M->20.0M Heap: 2046.2M(6144.0M)->1755.2M(6144.0M)]
 [Times: user=0.06 sys=0.00, real=0.01 secs] 
2025-07-25T18:47:00.265+0800: 456574.101: [GC pause (G1 Evacuation Pause) (young), 0.0191888 secs]
   [Parallel Time: 17.2 ms, GC Workers: 8]
      [GC Worker Start (ms): Min: 456574101.1, Avg: 456574101.2, Max: 456574101.2, Diff: 0.1]
      [Ext Root Scanning (ms): Min: 2.3, Avg: 2.6, Max: 3.4, Diff: 1.1, Sum: 20.7]
      [Update RS (ms): Min: 6.5, Avg: 7.1, Max: 7.6, Diff: 1.1, Sum: 57.0]
         [Processed Buffers: Min: 36, Avg: 42.1, Max: 50, Diff: 14, Sum: 337]
      [Scan RS (ms): Min: 0.0, Avg: 0.0, Max: 0.0, Diff: 0.0, Sum: 0.2]
      [Code Root Scanning (ms): Min: 0.0, Avg: 0.0, Max: 0.0, Diff: 0.0, Sum: 0.0]
      [Object Copy (ms): Min: 7.0, Avg: 7.2, Max: 7.3, Diff: 0.4, Sum: 57.4]
      [Termination (ms): Min: 0.0, Avg: 0.0, Max: 0.1, Diff: 0.0, Sum: 0.4]
         [Termination Attempts: Min: 14, Avg: 19.0, Max: 25, Diff: 11, Sum: 152]
      [GC Worker Other (ms): Min: 0.0, Avg: 0.0, Max: 0.0, Diff: 0.0, Sum: 0.2]
      [GC Worker Total (ms): Min: 16.9, Avg: 17.0, Max: 17.0, Diff: 0.1, Sum: 135.9]
      [GC Worker End (ms): Min: 456574118.1, Avg: 456574118.2, Max: 456574118.2, Diff: 0.0]
   [Code Root Fixup: 0.0 ms]
   [Code Root Purge: 0.0 ms]
   [Clear CT: 0.1 ms]
   [Other: 1.9 ms]
      [Choose CSet: 0.0 ms]
      [Ref Proc: 0.3 ms]
      [Ref Enq: 0.0 ms]
      [Redirty Cards: 0.1 ms]
      [Humongous Register: 0.3 ms]
      [Humongous Reclaim: 0.2 ms]
      [Free CSet: 0.3 ms]
   [Eden: 286.0M(286.0M)->0.0B(274.0M) Survivors: 20.0M->32.0M Heap: 2079.2M(6144.0M)->1759.5M(6144.0M)]
 [Times: user=0.14 sys=0.00, real=0.02 secs] 
2025-07-25T18:47:14.209+0800: 456588.045: [GC pause (G1 Evacuation Pause) (young), 0.0080982 secs]
   [Parallel Time: 6.1 ms, GC Workers: 8]
      [GC Worker Start (ms): Min: 456588045.6, Avg: 456588045.7, Max: 456588045.8, Diff: 0.2]
      [Ext Root Scanning (ms): Min: 2.2, Avg: 2.7, Max: 4.5, Diff: 2.3, Sum: 21.4]
      [Update RS (ms): Min: 0.0, Avg: 0.5, Max: 0.9, Diff: 0.9, Sum: 4.0]
         [Processed Buffers: Min: 0, Avg: 13.4, Max: 41, Diff: 41, Sum: 107]
      [Scan RS (ms): Min: 0.0, Avg: 0.0, Max: 0.0, Diff: 0.0, Sum: 0.2]
      [Code Root Scanning (ms): Min: 0.0, Avg: 0.0, Max: 0.0, Diff: 0.0, Sum: 0.0]
      [Object Copy (ms): Min: 1.5, Avg: 2.7, Max: 2.9, Diff: 1.5, Sum: 21.3]
      [Termination (ms): Min: 0.0, Avg: 0.0, Max: 0.0, Diff: 0.0, Sum: 0.0]
         [Termination Attempts: Min: 1, Avg: 1.0, Max: 1, Diff: 0, Sum: 8]
      [GC Worker Other (ms): Min: 0.0, Avg: 0.0, Max: 0.0, Diff: 0.0, Sum: 0.2]
      [GC Worker Total (ms): Min: 5.8, Avg: 5.9, Max: 6.0, Diff: 0.2, Sum: 47.1]
      [GC Worker End (ms): Min: 456588051.6, Avg: 456588051.6, Max: 456588051.6, Diff: 0.0]
   [Code Root Fixup: 0.0 ms]
   [Code Root Purge: 0.0 ms]
   [Clear CT: 0.1 ms]
   [Other: 1.9 ms]
      [Choose CSet: 0.0 ms]
      [Ref Proc: 0.3 ms]
      [Ref Enq: 0.0 ms]
      [Redirty Cards: 0.1 ms]
      [Humongous Register: 0.3 ms]
      [Humongous Reclaim: 0.1 ms]
      [Free CSet: 0.3 ms]
   [Eden: 274.0M(274.0M)->0.0B(292.0M) Survivors: 32.0M->14.0M Heap: 2033.5M(6144.0M)->1745.7M(6144.0M)]
 [Times: user=0.04 sys=0.01, real=0.01 secs] 
2025-07-25T18:47:25.339+0800: 456599.175: [GC pause (G1 Evacuation Pause) (young), 0.0161353 secs]
   [Parallel Time: 13.7 ms, GC Workers: 8]
      [GC Worker Start (ms): Min: 456599175.4, Avg: 456599175.5, Max: 456599175.5, Diff: 0.1]
      [Ext Root Scanning (ms): Min: 2.5, Avg: 2.8, Max: 3.9, Diff: 1.4, Sum: 22.1]
      [Update RS (ms): Min: 3.5, Avg: 4.5, Max: 5.0, Diff: 1.6, Sum: 35.9]
         [Processed Buffers: Min: 26, Avg: 35.0, Max: 51, Diff: 25, Sum: 280]
      [Scan RS (ms): Min: 0.0, Avg: 0.0, Max: 0.0, Diff: 0.0, Sum: 0.2]
      [Code Root Scanning (ms): Min: 0.0, Avg: 0.0, Max: 0.0, Diff: 0.0, Sum: 0.0]
      [Object Copy (ms): Min: 6.0, Avg: 6.2, Max: 6.4, Diff: 0.4, Sum: 49.9]
      [Termination (ms): Min: 0.0, Avg: 0.0, Max: 0.0, Diff: 0.0, Sum: 0.0]
         [Termination Attempts: Min: 1, Avg: 2.1, Max: 4, Diff: 3, Sum: 17]
      [GC Worker Other (ms): Min: 0.0, Avg: 0.0, Max: 0.0, Diff: 0.0, Sum: 0.2]
      [GC Worker Total (ms): Min: 13.5, Avg: 13.5, Max: 13.6, Diff: 0.1, Sum: 108.4]
      [GC Worker End (ms): Min: 456599189.0, Avg: 456599189.0, Max: 456599189.0, Diff: 0.0]
   [Code Root Fixup: 0.0 ms]
   [Code Root Purge: 0.0 ms]
   [Clear CT: 0.2 ms]
   [Other: 2.2 ms]
      [Choose CSet: 0.0 ms]
      [Ref Proc: 0.3 ms]
      [Ref Enq: 0.0 ms]
      [Redirty Cards: 0.1 ms]
      [Humongous Register: 0.4 ms]
      [Humongous Reclaim: 0.2 ms]
      [Free CSet: 0.4 ms]
   [Eden: 292.0M(292.0M)->0.0B(278.0M) Survivors: 14.0M->28.0M Heap: 2060.5M(6144.0M)->1758.7M(6144.0M)]
 [Times: user=0.07 sys=0.04, real=0.01 secs] 
2025-07-25T18:48:01.798+0800: 456635.633: [GC pause (G1 Evacuation Pause) (young), 0.0175112 secs]
   [Parallel Time: 10.5 ms, GC Workers: 8]
      [GC Worker Start (ms): Min: 456635638.5, Avg: 456635638.6, Max: 456635638.6, Diff: 0.1]
      [Ext Root Scanning (ms): Min: 2.4, Avg: 2.8, Max: 4.0, Diff: 1.6, Sum: 22.1]
      [Update RS (ms): Min: 4.2, Avg: 4.9, Max: 5.2, Diff: 1.0, Sum: 39.5]
         [Processed Buffers: Min: 24, Avg: 38.8, Max: 50, Diff: 26, Sum: 310]
      [Scan RS (ms): Min: 0.0, Avg: 0.0, Max: 0.1, Diff: 0.0, Sum: 0.2]
      [Code Root Scanning (ms): Min: 0.0, Avg: 0.0, Max: 0.0, Diff: 0.0, Sum: 0.0]
      [Object Copy (ms): Min: 2.0, Avg: 2.5, Max: 2.8, Diff: 0.7, Sum: 20.3]
      [Termination (ms): Min: 0.0, Avg: 0.0, Max: 0.0, Diff: 0.0, Sum: 0.0]
         [Termination Attempts: Min: 1, Avg: 1.0, Max: 1, Diff: 0, Sum: 8]
      [GC Worker Other (ms): Min: 0.0, Avg: 0.1, Max: 0.1, Diff: 0.1, Sum: 0.7]
      [GC Worker Total (ms): Min: 10.3, Avg: 10.3, Max: 10.4, Diff: 0.2, Sum: 82.7]
      [GC Worker End (ms): Min: 456635648.9, Avg: 456635648.9, Max: 456635648.9, Diff: 0.0]
   [Code Root Fixup: 0.0 ms]
   [Code Root Purge: 0.0 ms]
   [Clear CT: 0.2 ms]
   [Other: 6.7 ms]
      [Choose CSet: 0.0 ms]
      [Ref Proc: 0.3 ms]
      [Ref Enq: 0.0 ms]
      [Redirty Cards: 0.1 ms]
      [Humongous Register: 4.7 ms]
      [Humongous Reclaim: 0.2 ms]
      [Free CSet: 0.5 ms]
   [Eden: 278.0M(278.0M)->0.0B(454.0M) Survivors: 28.0M->12.0M Heap: 2060.0M(6144.0M)->1745.5M(6144.0M)]
 [Times: user=0.09 sys=0.00, real=0.01 secs] 
2025-07-25T18:48:19.903+0800: 456653.739: [GC pause (G1 Evacuation Pause) (young), 0.0176593 secs]
   [Parallel Time: 15.1 ms, GC Workers: 8]
      [GC Worker Start (ms): Min: 456653739.2, Avg: 456653739.3, Max: 456653739.3, Diff: 0.1]
      [Ext Root Scanning (ms): Min: 2.3, Avg: 2.5, Max: 3.1, Diff: 0.9, Sum: 19.9]
      [Update RS (ms): Min: 4.2, Avg: 4.8, Max: 5.1, Diff: 0.9, Sum: 38.2]
         [Processed Buffers: Min: 25, Avg: 37.4, Max: 49, Diff: 24, Sum: 299]
      [Scan RS (ms): Min: 0.0, Avg: 0.0, Max: 0.1, Diff: 0.1, Sum: 0.3]
      [Code Root Scanning (ms): Min: 0.0, Avg: 0.0, Max: 0.0, Diff: 0.0, Sum: 0.0]
      [Object Copy (ms): Min: 7.5, Avg: 7.6, Max: 7.7, Diff: 0.2, Sum: 61.1]
      [Termination (ms): Min: 0.0, Avg: 0.0, Max: 0.0, Diff: 0.0, Sum: 0.1]
         [Termination Attempts: Min: 1, Avg: 1.1, Max: 2, Diff: 1, Sum: 9]
      [GC Worker Other (ms): Min: 0.0, Avg: 0.0, Max: 0.0, Diff: 0.0, Sum: 0.2]
      [GC Worker Total (ms): Min: 14.9, Avg: 15.0, Max: 15.0, Diff: 0.1, Sum: 119.8]
      [GC Worker End (ms): Min: 456653754.2, Avg: 456653754.2, Max: 456653754.2, Diff: 0.0]
   [Code Root Fixup: 0.1 ms]
   [Code Root Purge: 0.0 ms]
   [Clear CT: 0.1 ms]
   [Other: 2.3 ms]
      [Choose CSet: 0.0 ms]
      [Ref Proc: 0.5 ms]
      [Ref Enq: 0.0 ms]
      [Redirty Cards: 0.1 ms]
      [Humongous Register: 0.3 ms]
      [Humongous Reclaim: 0.1 ms]
      [Free CSet: 0.5 ms]
   [Eden: 454.0M(454.0M)->0.0B(502.0M) Survivors: 12.0M->28.0M Heap: 2222.3M(6144.0M)->1760.5M(6144.0M)]
 [Times: user=0.12 sys=0.00, real=0.02 secs] 
2025-07-25T18:48:51.780+0800: 456685.616: [GC pause (G1 Evacuation Pause) (young), 0.0131701 secs]
   [Parallel Time: 10.8 ms, GC Workers: 8]
      [GC Worker Start (ms): Min: 456685616.2, Avg: 456685616.4, Max: 456685616.5, Diff: 0.2]
      [Ext Root Scanning (ms): Min: 2.3, Avg: 2.6, Max: 3.2, Diff: 0.9, Sum: 20.6]
      [Update RS (ms): Min: 4.2, Avg: 4.6, Max: 4.9, Diff: 0.7, Sum: 37.2]
         [Processed Buffers: Min: 26, Avg: 39.6, Max: 48, Diff: 22, Sum: 317]
      [Scan RS (ms): Min: 0.0, Avg: 0.0, Max: 0.1, Diff: 0.1, Sum: 0.3]
      [Code Root Scanning (ms): Min: 0.0, Avg: 0.0, Max: 0.0, Diff: 0.0, Sum: 0.0]
      [Object Copy (ms): Min: 3.1, Avg: 3.3, Max: 3.5, Diff: 0.4, Sum: 26.2]
      [Termination (ms): Min: 0.0, Avg: 0.0, Max: 0.0, Diff: 0.0, Sum: 0.0]
         [Termination Attempts: Min: 1, Avg: 1.6, Max: 3, Diff: 2, Sum: 13]
      [GC Worker Other (ms): Min: 0.0, Avg: 0.0, Max: 0.1, Diff: 0.1, Sum: 0.3]
      [GC Worker Total (ms): Min: 10.5, Avg: 10.6, Max: 10.7, Diff: 0.2, Sum: 84.6]
      [GC Worker End (ms): Min: 456685626.9, Avg: 456685627.0, Max: 456685627.0, Diff: 0.0]
   [Code Root Fixup: 0.0 ms]
   [Code Root Purge: 0.0 ms]
   [Clear CT: 0.2 ms]
   [Other: 2.1 ms]
      [Choose CSet: 0.0 ms]
      [Ref Proc: 0.4 ms]
      [Ref Enq: 0.0 ms]
      [Redirty Cards: 0.1 ms]
      [Humongous Register: 0.4 ms]
      [Humongous Reclaim: 0.1 ms]
      [Free CSet: 0.4 ms]
   [Eden: 502.0M(502.0M)->0.0B(970.0M) Survivors: 28.0M->16.0M Heap: 2285.7M(6144.0M)->1748.5M(6144.0M)]
 [Times: user=0.08 sys=0.00, real=0.01 secs] 
2025-07-25T18:49:26.429+0800: 456720.264: [GC pause (G1 Evacuation Pause) (young), 0.0196534 secs]
   [Parallel Time: 16.4 ms, GC Workers: 8]
      [GC Worker Start (ms): Min: 456720265.1, Avg: 456720265.2, Max: 456720265.2, Diff: 0.1]
      [Ext Root Scanning (ms): Min: 2.0, Avg: 2.3, Max: 3.1, Diff: 1.1, Sum: 18.1]
      [Update RS (ms): Min: 9.4, Avg: 10.1, Max: 10.4, Diff: 1.1, Sum: 81.0]
         [Processed Buffers: Min: 54, Avg: 71.1, Max: 80, Diff: 26, Sum: 569]
      [Scan RS (ms): Min: 0.0, Avg: 0.1, Max: 0.1, Diff: 0.1, Sum: 0.8]
      [Code Root Scanning (ms): Min: 0.0, Avg: 0.0, Max: 0.0, Diff: 0.0, Sum: 0.0]
      [Object Copy (ms): Min: 3.7, Avg: 3.8, Max: 3.9, Diff: 0.2, Sum: 30.2]
      [Termination (ms): Min: 0.0, Avg: 0.0, Max: 0.0, Diff: 0.0, Sum: 0.0]
         [Termination Attempts: Min: 1, Avg: 1.0, Max: 1, Diff: 0, Sum: 8]
      [GC Worker Other (ms): Min: 0.0, Avg: 0.0, Max: 0.1, Diff: 0.1, Sum: 0.4]
      [GC Worker Total (ms): Min: 16.3, Avg: 16.3, Max: 16.4, Diff: 0.1, Sum: 130.6]
      [GC Worker End (ms): Min: 456720281.5, Avg: 456720281.5, Max: 456720281.5, Diff: 0.1]
   [Code Root Fixup: 0.0 ms]
   [Code Root Purge: 0.0 ms]
   [Clear CT: 0.2 ms]
   [Other: 2.9 ms]
      [Choose CSet: 0.0 ms]
      [Ref Proc: 0.5 ms]
      [Ref Enq: 0.0 ms]
      [Redirty Cards: 0.2 ms]
      [Humongous Register: 0.4 ms]
      [Humongous Reclaim: 0.2 ms]
      [Free CSet: 0.9 ms]
   [Eden: 970.0M(970.0M)->0.0B(1604.0M) Survivors: 16.0M->18.0M Heap: 2773.3M(6144.0M)->1753.8M(6144.0M)]
 [Times: user=0.09 sys=0.04, real=0.02 secs] 
2025-07-25T18:50:13.901+0800: 456767.737: [GC pause (G1 Evacuation Pause) (young), 0.0270693 secs]
   [Parallel Time: 22.7 ms, GC Workers: 8]
      [GC Worker Start (ms): Min: 456767737.3, Avg: 456767737.3, Max: 456767737.4, Diff: 0.1]
      [Ext Root Scanning (ms): Min: 2.5, Avg: 3.6, Max: 9.4, Diff: 6.9, Sum: 28.8]
      [Update RS (ms): Min: 2.2, Avg: 7.9, Max: 9.5, Diff: 7.3, Sum: 63.2]
         [Processed Buffers: Min: 36, Avg: 64.9, Max: 82, Diff: 46, Sum: 519]
      [Scan RS (ms): Min: 0.0, Avg: 0.1, Max: 0.2, Diff: 0.2, Sum: 1.2]
      [Code Root Scanning (ms): Min: 0.0, Avg: 0.0, Max: 0.0, Diff: 0.0, Sum: 0.0]
      [Object Copy (ms): Min: 10.4, Avg: 10.9, Max: 11.2, Diff: 0.9, Sum: 87.0]
      [Termination (ms): Min: 0.0, Avg: 0.0, Max: 0.0, Diff: 0.0, Sum: 0.0]
         [Termination Attempts: Min: 1, Avg: 1.5, Max: 2, Diff: 1, Sum: 12]
      [GC Worker Other (ms): Min: 0.0, Avg: 0.1, Max: 0.1, Diff: 0.1, Sum: 0.5]
      [GC Worker Total (ms): Min: 22.5, Avg: 22.6, Max: 22.7, Diff: 0.2, Sum: 180.8]
      [GC Worker End (ms): Min: 456767759.9, Avg: 456767759.9, Max: 456767760.0, Diff: 0.1]
   [Code Root Fixup: 0.0 ms]
   [Code Root Purge: 0.0 ms]
   [Clear CT: 0.3 ms]
   [Other: 4.0 ms]
      [Choose CSet: 0.0 ms]
      [Ref Proc: 1.2 ms]
      [Ref Enq: 0.1 ms]
      [Redirty Cards: 0.1 ms]
      [Humongous Register: 0.3 ms]
      [Humongous Reclaim: 0.2 ms]
      [Free CSet: 1.3 ms]
   [Eden: 1604.0M(1604.0M)->0.0B(1478.0M) Survivors: 18.0M->52.0M Heap: 3398.9M(6144.0M)->1784.5M(6144.0M)]
 [Times: user=0.17 sys=0.01, real=0.03 secs] 
2025-07-25T18:50:26.926+0800: 456780.762: [GC pause (G1 Evacuation Pause) (young), 0.0265429 secs]
   [Parallel Time: 18.0 ms, GC Workers: 8]
      [GC Worker Start (ms): Min: 456780766.2, Avg: 456780766.3, Max: 456780766.4, Diff: 0.2]
      [Ext Root Scanning (ms): Min: 2.8, Avg: 3.3, Max: 5.5, Diff: 2.7, Sum: 26.6]
      [Update RS (ms): Min: 7.8, Avg: 9.6, Max: 10.6, Diff: 2.8, Sum: 76.8]
         [Processed Buffers: Min: 46, Avg: 67.2, Max: 81, Diff: 35, Sum: 538]
      [Scan RS (ms): Min: 0.0, Avg: 0.2, Max: 0.2, Diff: 0.2, Sum: 1.3]
      [Code Root Scanning (ms): Min: 0.0, Avg: 0.0, Max: 0.0, Diff: 0.0, Sum: 0.0]
      [Object Copy (ms): Min: 4.1, Avg: 4.5, Max: 4.7, Diff: 0.6, Sum: 36.4]
      [Termination (ms): Min: 0.0, Avg: 0.0, Max: 0.0, Diff: 0.0, Sum: 0.0]
         [Termination Attempts: Min: 1, Avg: 1.8, Max: 3, Diff: 2, Sum: 14]
      [GC Worker Other (ms): Min: 0.1, Avg: 0.1, Max: 0.2, Diff: 0.1, Sum: 1.1]
      [GC Worker Total (ms): Min: 17.6, Avg: 17.8, Max: 17.8, Diff: 0.2, Sum: 142.2]
      [GC Worker End (ms): Min: 456780784.0, Avg: 456780784.1, Max: 456780784.1, Diff: 0.1]
   [Code Root Fixup: 0.0 ms]
   [Code Root Purge: 0.0 ms]
   [Clear CT: 0.2 ms]
   [Other: 8.3 ms]
      [Choose CSet: 0.0 ms]
      [Ref Proc: 0.9 ms]
      [Ref Enq: 0.1 ms]
      [Redirty Cards: 0.1 ms]
      [Humongous Register: 3.9 ms]
      [Humongous Reclaim: 0.2 ms]
      [Free CSet: 2.0 ms]
   [Eden: 1478.0M(1478.0M)->0.0B(2336.0M) Survivors: 52.0M->40.0M Heap: 3308.5M(6144.0M)->1773.5M(6144.0M)]
 [Times: user=0.08 sys=0.07, real=0.03 secs] 
2025-07-25T18:50:54.738+0800: 456808.573: [GC pause (G1 Evacuation Pause) (young), 0.0208126 secs]
   [Parallel Time: 15.4 ms, GC Workers: 8]
      [GC Worker Start (ms): Min: 456808574.1, Avg: 456808574.1, Max: 456808574.2, Diff: 0.1]
      [Ext Root Scanning (ms): Min: 2.3, Avg: 3.5, Max: 10.2, Diff: 7.9, Sum: 27.7]
      [Update RS (ms): Min: 0.0, Avg: 1.4, Max: 1.7, Diff: 1.7, Sum: 10.8]
         [Processed Buffers: Min: 0, Avg: 22.8, Max: 41, Diff: 41, Sum: 182]
      [Scan RS (ms): Min: 0.1, Avg: 0.2, Max: 0.3, Diff: 0.2, Sum: 1.7]
      [Code Root Scanning (ms): Min: 0.0, Avg: 0.0, Max: 0.0, Diff: 0.0, Sum: 0.0]
      [Object Copy (ms): Min: 4.9, Avg: 10.1, Max: 11.0, Diff: 6.1, Sum: 81.2]
      [Termination (ms): Min: 0.0, Avg: 0.0, Max: 0.0, Diff: 0.0, Sum: 0.0]
         [Termination Attempts: Min: 1, Avg: 2.4, Max: 4, Diff: 3, Sum: 19]
      [GC Worker Other (ms): Min: 0.0, Avg: 0.1, Max: 0.1, Diff: 0.1, Sum: 0.5]
      [GC Worker Total (ms): Min: 15.2, Avg: 15.2, Max: 15.3, Diff: 0.1, Sum: 121.9]
      [GC Worker End (ms): Min: 456808589.3, Avg: 456808589.3, Max: 456808589.4, Diff: 0.1]
   [Code Root Fixup: 0.1 ms]
   [Code Root Purge: 0.0 ms]
   [Clear CT: 0.4 ms]
   [Other: 5.0 ms]
      [Choose CSet: 0.0 ms]
      [Ref Proc: 1.6 ms]
      [Ref Enq: 0.2 ms]
      [Redirty Cards: 0.1 ms]
      [Humongous Register: 0.5 ms]
      [Humongous Reclaim: 0.1 ms]
      [Free CSet: 1.8 ms]
   [Eden: 2336.0M(2336.0M)->0.0B(3324.0M) Survivors: 40.0M->46.0M Heap: 4109.5M(6144.0M)->1779.5M(6144.0M)]
 [Times: user=0.12 sys=0.00, real=0.02 secs] 
2025-07-25T18:51:22.333+0800: 456836.168: [GC pause (G1 Evacuation Pause) (young), 0.0368911 secs]
   [Parallel Time: 27.7 ms, GC Workers: 8]
      [GC Worker Start (ms): Min: 456836170.5, Avg: 456836170.5, Max: 456836170.6, Diff: 0.1]
      [Ext Root Scanning (ms): Min: 2.8, Avg: 3.4, Max: 5.7, Diff: 2.9, Sum: 27.4]
      [Update RS (ms): Min: 12.4, Avg: 14.5, Max: 15.4, Diff: 3.0, Sum: 116.0]
         [Processed Buffers: Min: 85, Avg: 101.0, Max: 114, Diff: 29, Sum: 808]
      [Scan RS (ms): Min: 0.1, Avg: 0.3, Max: 0.5, Diff: 0.3, Sum: 2.8]
      [Code Root Scanning (ms): Min: 0.0, Avg: 0.0, Max: 0.0, Diff: 0.0, Sum: 0.1]
      [Object Copy (ms): Min: 8.9, Avg: 9.1, Max: 9.2, Diff: 0.4, Sum: 72.9]
      [Termination (ms): Min: 0.0, Avg: 0.0, Max: 0.0, Diff: 0.0, Sum: 0.0]
         [Termination Attempts: Min: 1, Avg: 1.0, Max: 1, Diff: 0, Sum: 8]
      [GC Worker Other (ms): Min: 0.1, Avg: 0.2, Max: 0.2, Diff: 0.2, Sum: 1.2]
      [GC Worker Total (ms): Min: 27.5, Avg: 27.6, Max: 27.7, Diff: 0.2, Sum: 220.4]
      [GC Worker End (ms): Min: 456836198.1, Avg: 456836198.1, Max: 456836198.1, Diff: 0.1]
   [Code Root Fixup: 0.0 ms]
   [Code Root Purge: 0.0 ms]
   [Clear CT: 0.5 ms]
   [Other: 8.6 ms]
      [Choose CSet: 0.0 ms]
      [Ref Proc: 1.6 ms]
      [Ref Enq: 0.1 ms]
      [Redirty Cards: 0.1 ms]
      [Humongous Register: 1.4 ms]
      [Humongous Reclaim: 0.3 ms]
      [Free CSet: 3.9 ms]
   [Eden: 3324.0M(3324.0M)->0.0B(3320.0M) Survivors: 46.0M->48.0M Heap: 5181.4M(6144.0M)->1783.9M(6144.0M)]
 [Times: user=0.21 sys=0.02, real=0.04 secs] 
2025-07-25T18:52:36.442+0800: 456910.277: [GC pause (G1 Evacuation Pause) (young), 0.0358596 secs]
   [Parallel Time: 26.1 ms, GC Workers: 8]
      [GC Worker Start (ms): Min: 456910279.4, Avg: 456910279.5, Max: 456910279.6, Diff: 0.2]
      [Ext Root Scanning (ms): Min: 3.0, Avg: 4.2, Max: 11.7, Diff: 8.7, Sum: 33.9]
      [Update RS (ms): Min: 5.3, Avg: 12.4, Max: 14.1, Diff: 8.8, Sum: 98.9]
         [Processed Buffers: Min: 57, Avg: 88.8, Max: 114, Diff: 57, Sum: 710]
      [Scan RS (ms): Min: 0.1, Avg: 0.4, Max: 0.5, Diff: 0.3, Sum: 2.9]
      [Code Root Scanning (ms): Min: 0.0, Avg: 0.0, Max: 0.0, Diff: 0.0, Sum: 0.1]
      [Object Copy (ms): Min: 8.4, Avg: 8.7, Max: 8.9, Diff: 0.5, Sum: 69.8]
      [Termination (ms): Min: 0.0, Avg: 0.0, Max: 0.1, Diff: 0.1, Sum: 0.4]
         [Termination Attempts: Min: 2, Avg: 11.5, Max: 25, Diff: 23, Sum: 92]
      [GC Worker Other (ms): Min: 0.0, Avg: 0.1, Max: 0.2, Diff: 0.1, Sum: 1.1]
      [GC Worker Total (ms): Min: 25.8, Avg: 25.9, Max: 26.0, Diff: 0.2, Sum: 207.1]
      [GC Worker End (ms): Min: 456910305.3, Avg: 456910305.4, Max: 456910305.4, Diff: 0.1]
   [Code Root Fixup: 0.1 ms]
   [Code Root Purge: 0.0 ms]
   [Clear CT: 0.6 ms]
   [Other: 9.1 ms]
      [Choose CSet: 0.0 ms]
      [Ref Proc: 1.8 ms]
      [Ref Enq: 0.2 ms]
      [Redirty Cards: 0.1 ms]
      [Humongous Register: 1.4 ms]
      [Humongous Reclaim: 0.3 ms]
      [Free CSet: 4.3 ms]
   [Eden: 3320.0M(3320.0M)->0.0B(3340.0M) Survivors: 48.0M->36.0M Heap: 5168.1M(6144.0M)->1768.5M(6144.0M)]
 [Times: user=0.20 sys=0.01, real=0.04 secs] 
2025-07-25T18:55:12.534+0800: 457066.370: [GC pause (G1 Evacuation Pause) (young), 0.0406523 secs]
   [Parallel Time: 32.3 ms, GC Workers: 8]
      [GC Worker Start (ms): Min: 457066371.6, Avg: 457066371.7, Max: 457066371.8, Diff: 0.1]
      [Ext Root Scanning (ms): Min: 3.0, Avg: 4.3, Max: 10.9, Diff: 7.9, Sum: 34.0]
      [Update RS (ms): Min: 14.9, Avg: 21.4, Max: 22.7, Diff: 7.8, Sum: 170.9]
         [Processed Buffers: Min: 133, Avg: 153.5, Max: 180, Diff: 47, Sum: 1228]
      [Scan RS (ms): Min: 0.3, Avg: 0.5, Max: 0.7, Diff: 0.4, Sum: 4.0]
      [Code Root Scanning (ms): Min: 0.0, Avg: 0.0, Max: 0.0, Diff: 0.0, Sum: 0.1]
      [Object Copy (ms): Min: 5.7, Avg: 5.9, Max: 6.0, Diff: 0.3, Sum: 47.2]
      [Termination (ms): Min: 0.0, Avg: 0.0, Max: 0.0, Diff: 0.0, Sum: 0.1]
         [Termination Attempts: Min: 1, Avg: 17.8, Max: 26, Diff: 25, Sum: 142]
      [GC Worker Other (ms): Min: 0.1, Avg: 0.1, Max: 0.2, Diff: 0.1, Sum: 0.9]
      [GC Worker Total (ms): Min: 32.1, Avg: 32.2, Max: 32.2, Diff: 0.2, Sum: 257.3]
      [GC Worker End (ms): Min: 457066403.8, Avg: 457066403.9, Max: 457066403.9, Diff: 0.1]
   [Code Root Fixup: 0.0 ms]
   [Code Root Purge: 0.0 ms]
   [Clear CT: 0.6 ms]
   [Other: 7.7 ms]
      [Choose CSet: 0.0 ms]
      [Ref Proc: 1.0 ms]
      [Ref Enq: 0.0 ms]
      [Redirty Cards: 0.1 ms]
      [Humongous Register: 1.3 ms]
      [Humongous Reclaim: 0.5 ms]
      [Free CSet: 4.0 ms]
   [Eden: 3340.0M(3340.0M)->0.0B(3356.0M) Survivors: 36.0M->28.0M Heap: 5300.2M(6144.0M)->1761.5M(6144.0M)]
 [Times: user=0.24 sys=0.02, real=0.04 secs] 
2025-07-25T18:58:45.344+0800: 457279.180: [GC pause (G1 Evacuation Pause) (young), 0.0475594 secs]
   [Parallel Time: 37.0 ms, GC Workers: 8]
      [GC Worker Start (ms): Min: 457279183.2, Avg: 457279183.3, Max: 457279183.4, Diff: 0.1]
      [Ext Root Scanning (ms): Min: 2.9, Avg: 4.1, Max: 11.1, Diff: 8.3, Sum: 33.1]
      [Update RS (ms): Min: 17.3, Avg: 24.2, Max: 26.0, Diff: 8.7, Sum: 193.8]
         [Processed Buffers: Min: 119, Avg: 150.6, Max: 171, Diff: 52, Sum: 1205]
      [Scan RS (ms): Min: 0.2, Avg: 0.5, Max: 0.6, Diff: 0.5, Sum: 4.0]
      [Code Root Scanning (ms): Min: 0.0, Avg: 0.0, Max: 0.0, Diff: 0.0, Sum: 0.1]
      [Object Copy (ms): Min: 7.3, Avg: 7.8, Max: 8.0, Diff: 0.7, Sum: 62.0]
      [Termination (ms): Min: 0.0, Avg: 0.0, Max: 0.0, Diff: 0.0, Sum: 0.1]
         [Termination Attempts: Min: 1, Avg: 8.0, Max: 11, Diff: 10, Sum: 64]
      [GC Worker Other (ms): Min: 0.1, Avg: 0.2, Max: 0.2, Diff: 0.2, Sum: 1.3]
      [GC Worker Total (ms): Min: 36.7, Avg: 36.8, Max: 36.9, Diff: 0.1, Sum: 294.3]
      [GC Worker End (ms): Min: 457279220.1, Avg: 457279220.1, Max: 457279220.2, Diff: 0.1]
   [Code Root Fixup: 0.0 ms]
   [Code Root Purge: 0.0 ms]
   [Clear CT: 0.7 ms]
   [Other: 9.8 ms]
      [Choose CSet: 0.0 ms]
      [Ref Proc: 1.3 ms]
      [Ref Enq: 0.1 ms]
      [Redirty Cards: 0.1 ms]
      [Humongous Register: 2.8 ms]
      [Humongous Reclaim: 0.6 ms]
      [Free CSet: 3.9 ms]
   [Eden: 3356.0M(3356.0M)->0.0B(3358.0M) Survivors: 28.0M->30.0M Heap: 5305.6M(6144.0M)->1763.5M(6144.0M)]
 [Times: user=0.26 sys=0.04, real=0.05 secs] 
2025-07-25T19:17:20.771+0800: 458394.607: [GC pause (G1 Evacuation Pause) (young), 0.0442143 secs]
   [Parallel Time: 33.7 ms, GC Workers: 8]
      [GC Worker Start (ms): Min: 458394608.4, Avg: 458394608.5, Max: 458394608.5, Diff: 0.2]
      [Ext Root Scanning (ms): Min: 2.8, Avg: 3.9, Max: 10.6, Diff: 7.8, Sum: 31.5]
      [Update RS (ms): Min: 15.4, Avg: 21.9, Max: 23.1, Diff: 7.7, Sum: 174.9]
         [Processed Buffers: Min: 116, Avg: 142.2, Max: 163, Diff: 47, Sum: 1138]
      [Scan RS (ms): Min: 0.1, Avg: 0.5, Max: 0.6, Diff: 0.5, Sum: 3.9]
      [Code Root Scanning (ms): Min: 0.0, Avg: 0.0, Max: 0.0, Diff: 0.0, Sum: 0.1]
      [Object Copy (ms): Min: 6.9, Avg: 7.1, Max: 7.2, Diff: 0.3, Sum: 56.6]
      [Termination (ms): Min: 0.0, Avg: 0.0, Max: 0.0, Diff: 0.0, Sum: 0.0]
         [Termination Attempts: Min: 1, Avg: 1.0, Max: 1, Diff: 0, Sum: 8]
      [GC Worker Other (ms): Min: 0.1, Avg: 0.1, Max: 0.2, Diff: 0.1, Sum: 1.0]
      [GC Worker Total (ms): Min: 33.4, Avg: 33.5, Max: 33.6, Diff: 0.2, Sum: 268.0]
      [GC Worker End (ms): Min: 458394641.9, Avg: 458394642.0, Max: 458394642.0, Diff: 0.1]
   [Code Root Fixup: 0.0 ms]
   [Code Root Purge: 0.0 ms]
   [Clear CT: 0.7 ms]
   [Other: 9.8 ms]
      [Choose CSet: 0.0 ms]
      [Ref Proc: 2.9 ms]
      [Ref Enq: 0.1 ms]
      [Redirty Cards: 0.1 ms]
      [Humongous Register: 1.3 ms]
      [Humongous Reclaim: 0.4 ms]
      [Free CSet: 4.1 ms]
   [Eden: 3358.0M(3358.0M)->0.0B(3358.0M) Survivors: 30.0M->32.0M Heap: 5291.7M(6144.0M)->1766.2M(6144.0M)]
 [Times: user=0.25 sys=0.03, real=0.04 secs] 
2025-07-25T19:18:58.122+0800: 458491.958: [GC pause (G1 Evacuation Pause) (young), 0.0435240 secs]
   [Parallel Time: 28.6 ms, GC Workers: 8]
      [GC Worker Start (ms): Min: 458491962.3, Avg: 458491962.4, Max: 458491962.5, Diff: 0.2]
      [Ext Root Scanning (ms): Min: 3.4, Avg: 4.7, Max: 12.3, Diff: 9.0, Sum: 37.7]
      [Update RS (ms): Min: 7.7, Avg: 14.4, Max: 15.6, Diff: 7.9, Sum: 115.1]
         [Processed Buffers: Min: 37, Avg: 94.0, Max: 126, Diff: 89, Sum: 752]
      [Scan RS (ms): Min: 0.1, Avg: 0.4, Max: 0.5, Diff: 0.4, Sum: 3.1]
      [Code Root Scanning (ms): Min: 0.0, Avg: 0.0, Max: 0.0, Diff: 0.0, Sum: 0.1]
      [Object Copy (ms): Min: 8.2, Avg: 8.8, Max: 8.9, Diff: 0.7, Sum: 70.1]
      [Termination (ms): Min: 0.0, Avg: 0.0, Max: 0.0, Diff: 0.0, Sum: 0.0]
         [Termination Attempts: Min: 1, Avg: 1.0, Max: 1, Diff: 0, Sum: 8]
      [GC Worker Other (ms): Min: 0.1, Avg: 0.2, Max: 0.3, Diff: 0.2, Sum: 1.4]
      [GC Worker Total (ms): Min: 28.4, Avg: 28.4, Max: 28.5, Diff: 0.1, Sum: 227.5]
      [GC Worker End (ms): Min: 458491990.8, Avg: 458491990.8, Max: 458491990.9, Diff: 0.1]
   [Code Root Fixup: 0.0 ms]
   [Code Root Purge: 0.0 ms]
   [Clear CT: 0.8 ms]
   [Other: 14.1 ms]
      [Choose CSet: 0.0 ms]
      [Ref Proc: 4.1 ms]
      [Ref Enq: 0.1 ms]
      [Redirty Cards: 0.1 ms]
      [Humongous Register: 3.7 ms]
      [Humongous Reclaim: 0.3 ms]
      [Free CSet: 4.6 ms]
   [Eden: 3358.0M(3358.0M)->0.0B(3354.0M) Survivors: 32.0M->30.0M Heap: 5203.8M(6144.0M)->1769.4M(6144.0M)]
 [Times: user=0.19 sys=0.05, real=0.04 secs] 
2025-07-25T19:20:00.852+0800: 458554.688: [GC pause (G1 Evacuation Pause) (young), 0.0458285 secs]
   [Parallel Time: 34.5 ms, GC Workers: 8]
      [GC Worker Start (ms): Min: 458554690.0, Avg: 458554690.1, Max: 458554690.1, Diff: 0.2]
      [Ext Root Scanning (ms): Min: 3.2, Avg: 4.6, Max: 11.7, Diff: 8.5, Sum: 36.7]
      [Update RS (ms): Min: 9.9, Avg: 16.8, Max: 18.3, Diff: 8.4, Sum: 134.7]
         [Processed Buffers: Min: 91, Avg: 120.6, Max: 142, Diff: 51, Sum: 965]
      [Scan RS (ms): Min: 0.1, Avg: 0.4, Max: 0.6, Diff: 0.5, Sum: 3.3]
      [Code Root Scanning (ms): Min: 0.0, Avg: 0.0, Max: 0.0, Diff: 0.0, Sum: 0.1]
      [Object Copy (ms): Min: 10.9, Avg: 11.3, Max: 12.2, Diff: 1.3, Sum: 90.3]
      [Termination (ms): Min: 0.0, Avg: 0.9, Max: 1.2, Diff: 1.2, Sum: 7.0]
         [Termination Attempts: Min: 1, Avg: 1.5, Max: 2, Diff: 1, Sum: 12]
      [GC Worker Other (ms): Min: 0.0, Avg: 0.1, Max: 0.2, Diff: 0.1, Sum: 0.9]
      [GC Worker Total (ms): Min: 34.0, Avg: 34.1, Max: 34.3, Diff: 0.3, Sum: 273.1]
      [GC Worker End (ms): Min: 458554724.1, Avg: 458554724.2, Max: 458554724.4, Diff: 0.2]
   [Code Root Fixup: 0.1 ms]
   [Code Root Purge: 0.0 ms]
   [Clear CT: 0.6 ms]
   [Other: 10.7 ms]
      [Choose CSet: 0.0 ms]
      [Ref Proc: 3.0 ms]
      [Ref Enq: 0.1 ms]
      [Redirty Cards: 0.1 ms]
      [Humongous Register: 1.6 ms]
      [Humongous Reclaim: 0.4 ms]
      [Free CSet: 4.4 ms]
   [Eden: 3354.0M(3354.0M)->0.0B(3330.0M) Survivors: 30.0M->44.0M Heap: 5219.4M(6144.0M)->1782.5M(6144.0M)]
 [Times: user=0.23 sys=0.06, real=0.05 secs] 
2025-07-25T19:20:30.130+0800: 458583.965: [GC pause (GCLocker Initiated GC) (young), 0.0380637 secs]
   [Parallel Time: 27.8 ms, GC Workers: 8]
      [GC Worker Start (ms): Min: 458583967.7, Avg: 458583967.7, Max: 458583967.8, Diff: 0.1]
      [Ext Root Scanning (ms): Min: 2.9, Avg: 4.1, Max: 11.1, Diff: 8.2, Sum: 32.9]
      [Update RS (ms): Min: 4.5, Avg: 11.0, Max: 12.4, Diff: 7.9, Sum: 88.3]
         [Processed Buffers: Min: 45, Avg: 75.6, Max: 94, Diff: 49, Sum: 605]
      [Scan RS (ms): Min: 0.1, Avg: 0.3, Max: 0.4, Diff: 0.3, Sum: 2.7]
      [Code Root Scanning (ms): Min: 0.0, Avg: 0.0, Max: 0.0, Diff: 0.0, Sum: 0.1]
      [Object Copy (ms): Min: 10.9, Avg: 11.1, Max: 11.8, Diff: 0.9, Sum: 89.0]
      [Termination (ms): Min: 0.0, Avg: 0.7, Max: 0.9, Diff: 0.9, Sum: 5.8]
         [Termination Attempts: Min: 1, Avg: 1.0, Max: 1, Diff: 0, Sum: 8]
      [GC Worker Other (ms): Min: 0.0, Avg: 0.1, Max: 0.2, Diff: 0.1, Sum: 0.9]
      [GC Worker Total (ms): Min: 27.4, Avg: 27.4, Max: 27.6, Diff: 0.2, Sum: 219.6]
      [GC Worker End (ms): Min: 458583995.1, Avg: 458583995.2, Max: 458583995.3, Diff: 0.2]
   [Code Root Fixup: 0.1 ms]
   [Code Root Purge: 0.0 ms]
   [Clear CT: 0.6 ms]
   [Other: 9.6 ms]
      [Choose CSet: 0.0 ms]
      [Ref Proc: 2.2 ms]
      [Ref Enq: 0.1 ms]
      [Redirty Cards: 0.1 ms]
      [Humongous Register: 1.7 ms]
      [Humongous Reclaim: 0.3 ms]
      [Free CSet: 4.1 ms]
   [Eden: 3330.0M(3330.0M)->0.0B(3302.0M) Survivors: 44.0M->58.0M Heap: 5166.5M(6144.0M)->1796.5M(6144.0M)]
 [Times: user=0.20 sys=0.03, real=0.04 secs] 
2025-07-25T19:21:00.848+0800: 458614.684: [GC pause (G1 Evacuation Pause) (young), 0.0331478 secs]
   [Parallel Time: 21.6 ms, GC Workers: 8]
      [GC Worker Start (ms): Min: 458614687.3, Avg: 458614687.4, Max: 458614687.5, Diff: 0.1]
      [Ext Root Scanning (ms): Min: 3.1, Avg: 4.6, Max: 12.0, Diff: 8.9, Sum: 36.4]
      [Update RS (ms): Min: 0.0, Avg: 2.5, Max: 3.4, Diff: 3.4, Sum: 20.2]
         [Processed Buffers: Min: 0, Avg: 23.1, Max: 44, Diff: 44, Sum: 185]
      [Scan RS (ms): Min: 0.2, Avg: 0.4, Max: 0.5, Diff: 0.3, Sum: 3.1]
      [Code Root Scanning (ms): Min: 0.0, Avg: 0.0, Max: 0.0, Diff: 0.0, Sum: 0.1]
      [Object Copy (ms): Min: 9.1, Avg: 13.8, Max: 14.5, Diff: 5.4, Sum: 110.4]
      [Termination (ms): Min: 0.0, Avg: 0.0, Max: 0.0, Diff: 0.0, Sum: 0.0]
         [Termination Attempts: Min: 1, Avg: 1.0, Max: 1, Diff: 0, Sum: 8]
      [GC Worker Other (ms): Min: 0.1, Avg: 0.2, Max: 0.2, Diff: 0.1, Sum: 1.3]
      [GC Worker Total (ms): Min: 21.3, Avg: 21.4, Max: 21.5, Diff: 0.2, Sum: 171.5]
      [GC Worker End (ms): Min: 458614708.8, Avg: 458614708.8, Max: 458614708.9, Diff: 0.1]
   [Code Root Fixup: 0.0 ms]
   [Code Root Purge: 0.0 ms]
   [Clear CT: 0.5 ms]
   [Other: 11.0 ms]
      [Choose CSet: 0.0 ms]
      [Ref Proc: 2.4 ms]
      [Ref Enq: 0.2 ms]
      [Redirty Cards: 0.2 ms]
      [Humongous Register: 3.0 ms]
      [Humongous Reclaim: 0.1 ms]
      [Free CSet: 4.1 ms]
   [Eden: 3302.0M(3302.0M)->0.0B(3294.0M) Survivors: 58.0M->62.0M Heap: 5098.5M(6144.0M)->1802.5M(6144.0M)]
 [Times: user=0.07 sys=0.11, real=0.03 secs] 
2025-07-25T19:21:27.305+0800: 458641.141: [GC pause (G1 Evacuation Pause) (young), 0.0408972 secs]
   [Parallel Time: 30.4 ms, GC Workers: 8]
      [GC Worker Start (ms): Min: 458641143.0, Avg: 458641143.1, Max: 458641143.2, Diff: 0.1]
      [Ext Root Scanning (ms): Min: 2.4, Avg: 2.9, Max: 4.6, Diff: 2.2, Sum: 22.9]
      [Update RS (ms): Min: 17.8, Avg: 19.2, Max: 20.0, Diff: 2.1, Sum: 153.2]
         [Processed Buffers: Min: 99, Avg: 118.9, Max: 130, Diff: 31, Sum: 951]
      [Scan RS (ms): Min: 0.1, Avg: 0.3, Max: 0.4, Diff: 0.3, Sum: 2.6]
      [Code Root Scanning (ms): Min: 0.0, Avg: 0.0, Max: 0.0, Diff: 0.0, Sum: 0.1]
      [Object Copy (ms): Min: 7.3, Avg: 7.6, Max: 7.7, Diff: 0.4, Sum: 60.6]
      [Termination (ms): Min: 0.0, Avg: 0.2, Max: 0.3, Diff: 0.3, Sum: 1.5]
         [Termination Attempts: Min: 1, Avg: 1.0, Max: 1, Diff: 0, Sum: 8]
      [GC Worker Other (ms): Min: 0.0, Avg: 0.1, Max: 0.1, Diff: 0.1, Sum: 0.8]
      [GC Worker Total (ms): Min: 30.1, Avg: 30.2, Max: 30.3, Diff: 0.2, Sum: 241.7]
      [GC Worker End (ms): Min: 458641173.3, Avg: 458641173.3, Max: 458641173.4, Diff: 0.1]
   [Code Root Fixup: 0.0 ms]
   [Code Root Purge: 0.0 ms]
   [Clear CT: 0.6 ms]
   [Other: 9.9 ms]
      [Choose CSet: 0.0 ms]
      [Ref Proc: 2.8 ms]
      [Ref Enq: 0.2 ms]
      [Redirty Cards: 0.1 ms]
      [Humongous Register: 1.5 ms]
      [Humongous Reclaim: 0.3 ms]
      [Free CSet: 4.2 ms]
   [Eden: 3294.0M(3294.0M)->0.0B(3330.0M) Survivors: 62.0M->44.0M Heap: 5192.4M(6144.0M)->1783.5M(6144.0M)]
 [Times: user=0.22 sys=0.03, real=0.04 secs] 
2025-07-25T19:22:00.230+0800: 458674.065: [GC pause (G1 Evacuation Pause) (young), 0.0301433 secs]
   [Parallel Time: 18.0 ms, GC Workers: 8]
      [GC Worker Start (ms): Min: 458674068.9, Avg: 458674069.0, Max: 458674069.1, Diff: 0.1]
      [Ext Root Scanning (ms): Min: 3.2, Avg: 4.6, Max: 12.2, Diff: 9.0, Sum: 36.9]
      [Update RS (ms): Min: 0.0, Avg: 2.4, Max: 3.0, Diff: 3.0, Sum: 18.9]
         [Processed Buffers: Min: 0, Avg: 23.9, Max: 55, Diff: 55, Sum: 191]
      [Scan RS (ms): Min: 0.2, Avg: 0.4, Max: 0.5, Diff: 0.3, Sum: 2.9]
      [Code Root Scanning (ms): Min: 0.0, Avg: 0.0, Max: 0.0, Diff: 0.0, Sum: 0.1]
      [Object Copy (ms): Min: 4.7, Avg: 9.7, Max: 10.9, Diff: 6.2, Sum: 77.5]
      [Termination (ms): Min: 0.0, Avg: 0.6, Max: 0.7, Diff: 0.7, Sum: 4.9]
         [Termination Attempts: Min: 1, Avg: 2.5, Max: 4, Diff: 3, Sum: 20]
      [GC Worker Other (ms): Min: 0.0, Avg: 0.1, Max: 0.2, Diff: 0.1, Sum: 0.9]
      [GC Worker Total (ms): Min: 17.6, Avg: 17.7, Max: 17.9, Diff: 0.3, Sum: 142.0]
      [GC Worker End (ms): Min: 458674086.6, Avg: 458674086.7, Max: 458674086.8, Diff: 0.2]
   [Code Root Fixup: 0.0 ms]
   [Code Root Purge: 0.0 ms]
   [Clear CT: 0.6 ms]
   [Other: 11.5 ms]
      [Choose CSet: 0.0 ms]
      [Ref Proc: 2.7 ms]
      [Ref Enq: 0.2 ms]
      [Redirty Cards: 0.2 ms]
      [Humongous Register: 2.9 ms]
      [Humongous Reclaim: 0.1 ms]
      [Free CSet: 4.4 ms]
   [Eden: 3330.0M(3330.0M)->0.0B(3322.0M) Survivors: 44.0M->48.0M Heap: 5113.5M(6144.0M)->1788.5M(6144.0M)]
 [Times: user=0.15 sys=0.00, real=0.03 secs] 
2025-07-25T19:22:51.572+0800: 458725.407: [GC pause (G1 Evacuation Pause) (young), 0.0342829 secs]
   [Parallel Time: 22.7 ms, GC Workers: 8]
      [GC Worker Start (ms): Min: 458725411.5, Avg: 458725411.6, Max: 458725411.7, Diff: 0.1]
      [Ext Root Scanning (ms): Min: 2.9, Avg: 4.1, Max: 10.8, Diff: 7.9, Sum: 32.7]
      [Update RS (ms): Min: 3.1, Avg: 9.6, Max: 10.7, Diff: 7.6, Sum: 76.8]
         [Processed Buffers: Min: 43, Avg: 68.0, Max: 84, Diff: 41, Sum: 544]
      [Scan RS (ms): Min: 0.1, Avg: 0.3, Max: 0.5, Diff: 0.3, Sum: 2.7]
      [Code Root Scanning (ms): Min: 0.0, Avg: 0.0, Max: 0.0, Diff: 0.0, Sum: 0.1]
      [Object Copy (ms): Min: 8.0, Avg: 8.3, Max: 8.5, Diff: 0.5, Sum: 66.4]
      [Termination (ms): Min: 0.0, Avg: 0.1, Max: 0.1, Diff: 0.1, Sum: 0.7]
         [Termination Attempts: Min: 1, Avg: 1.0, Max: 1, Diff: 0, Sum: 8]
      [GC Worker Other (ms): Min: 0.0, Avg: 0.1, Max: 0.1, Diff: 0.1, Sum: 0.8]
      [GC Worker Total (ms): Min: 22.4, Avg: 22.5, Max: 22.6, Diff: 0.2, Sum: 180.2]
      [GC Worker End (ms): Min: 458725434.1, Avg: 458725434.1, Max: 458725434.1, Diff: 0.1]
   [Code Root Fixup: 0.0 ms]
   [Code Root Purge: 0.0 ms]
   [Clear CT: 0.6 ms]
   [Other: 10.9 ms]
      [Choose CSet: 0.0 ms]
      [Ref Proc: 1.9 ms]
      [Ref Enq: 0.1 ms]
      [Redirty Cards: 0.1 ms]
      [Humongous Register: 3.2 ms]
      [Humongous Reclaim: 0.2 ms]
      [Free CSet: 4.1 ms]
   [Eden: 3322.0M(3322.0M)->0.0B(3346.0M) Survivors: 48.0M->32.0M Heap: 5156.6M(6144.0M)->1771.5M(6144.0M)]
 [Times: user=0.18 sys=0.01, real=0.03 secs] 
2025-07-25T19:25:07.194+0800: 458861.030: [GC pause (G1 Evacuation Pause) (young), 0.0438993 secs]
   [Parallel Time: 34.7 ms, GC Workers: 8]
      [GC Worker Start (ms): Min: 458861031.5, Avg: 458861031.6, Max: 458861031.7, Diff: 0.1]
      [Ext Root Scanning (ms): Min: 2.7, Avg: 4.0, Max: 10.7, Diff: 8.0, Sum: 31.7]
      [Update RS (ms): Min: 17.1, Avg: 23.8, Max: 25.2, Diff: 8.1, Sum: 190.0]
         [Processed Buffers: Min: 116, Avg: 157.1, Max: 172, Diff: 56, Sum: 1257]
      [Scan RS (ms): Min: 0.1, Avg: 0.5, Max: 0.6, Diff: 0.5, Sum: 4.0]
      [Code Root Scanning (ms): Min: 0.0, Avg: 0.0, Max: 0.0, Diff: 0.0, Sum: 0.1]
      [Object Copy (ms): Min: 6.0, Avg: 6.1, Max: 6.2, Diff: 0.2, Sum: 49.0]
      [Termination (ms): Min: 0.0, Avg: 0.0, Max: 0.0, Diff: 0.0, Sum: 0.0]
         [Termination Attempts: Min: 1, Avg: 1.0, Max: 1, Diff: 0, Sum: 8]
      [GC Worker Other (ms): Min: 0.0, Avg: 0.1, Max: 0.2, Diff: 0.1, Sum: 1.0]
      [GC Worker Total (ms): Min: 34.4, Avg: 34.5, Max: 34.6, Diff: 0.1, Sum: 275.9]
      [GC Worker End (ms): Min: 458861066.0, Avg: 458861066.1, Max: 458861066.1, Diff: 0.1]
   [Code Root Fixup: 0.0 ms]
   [Code Root Purge: 0.0 ms]
   [Clear CT: 0.6 ms]
   [Other: 8.6 ms]
      [Choose CSet: 0.0 ms]
      [Ref Proc: 2.0 ms]
      [Ref Enq: 0.1 ms]
      [Redirty Cards: 0.1 ms]
      [Humongous Register: 1.3 ms]
      [Humongous Reclaim: 0.5 ms]
      [Free CSet: 3.9 ms]
   [Eden: 3346.0M(3346.0M)->0.0B(3350.0M) Survivors: 32.0M->30.0M Heap: 5309.2M(6144.0M)->1772.1M(6144.0M)]
 [Times: user=0.27 sys=0.01, real=0.05 secs] 
2025-07-25T19:28:19.726+0800: 459053.562: [GC pause (G1 Evacuation Pause) (young), 0.0505256 secs]
   [Parallel Time: 34.5 ms, GC Workers: 8]
      [GC Worker Start (ms): Min: 459053565.1, Avg: 459053565.1, Max: 459053565.2, Diff: 0.1]
      [Ext Root Scanning (ms): Min: 2.6, Avg: 3.2, Max: 5.2, Diff: 2.6, Sum: 25.5]
      [Update RS (ms): Min: 22.2, Avg: 24.1, Max: 24.9, Diff: 2.7, Sum: 192.8]
         [Processed Buffers: Min: 133, Avg: 153.5, Max: 166, Diff: 33, Sum: 1228]
      [Scan RS (ms): Min: 0.1, Avg: 0.6, Max: 0.7, Diff: 0.6, Sum: 4.4]
      [Code Root Scanning (ms): Min: 0.0, Avg: 0.0, Max: 0.0, Diff: 0.0, Sum: 0.1]
      [Object Copy (ms): Min: 6.1, Avg: 6.2, Max: 6.3, Diff: 0.2, Sum: 50.0]
      [Termination (ms): Min: 0.0, Avg: 0.0, Max: 0.0, Diff: 0.0, Sum: 0.0]
         [Termination Attempts: Min: 1, Avg: 1.0, Max: 1, Diff: 0, Sum: 8]
      [GC Worker Other (ms): Min: 0.1, Avg: 0.1, Max: 0.2, Diff: 0.1, Sum: 0.8]
      [GC Worker Total (ms): Min: 34.1, Avg: 34.2, Max: 34.3, Diff: 0.2, Sum: 273.6]
      [GC Worker End (ms): Min: 459053599.3, Avg: 459053599.3, Max: 459053599.4, Diff: 0.1]
   [Code Root Fixup: 0.1 ms]
   [Code Root Purge: 0.0 ms]
   [Clear CT: 0.8 ms]
   [Other: 15.2 ms]
      [Choose CSet: 0.0 ms]
      [Ref Proc: 2.3 ms]
      [Ref Enq: 0.1 ms]
      [Redirty Cards: 0.2 ms]
      [Humongous Register: 2.6 ms]
      [Humongous Reclaim: 0.8 ms]
      [Free CSet: 8.0 ms]
   [Eden: 3350.0M(3350.0M)->0.0B(3350.0M) Survivors: 30.0M->30.0M Heap: 5315.2M(6144.0M)->1775.4M(6144.0M)]
 [Times: user=0.27 sys=0.02, real=0.06 secs] 
2025-07-25T19:30:03.287+0800: 459157.123: [GC pause (G1 Evacuation Pause) (young), 0.1093787 secs]
   [Parallel Time: 96.8 ms, GC Workers: 8]
      [GC Worker Start (ms): Min: 459157124.9, Avg: 459157125.0, Max: 459157125.1, Diff: 0.2]
      [Ext Root Scanning (ms): Min: 3.1, Avg: 4.2, Max: 10.3, Diff: 7.2, Sum: 33.3]
      [Update RS (ms): Min: 20.6, Avg: 26.5, Max: 27.9, Diff: 7.3, Sum: 211.9]
         [Processed Buffers: Min: 89, Avg: 141.6, Max: 173, Diff: 84, Sum: 1133]
      [Scan RS (ms): Min: 0.1, Avg: 0.5, Max: 0.7, Diff: 0.6, Sum: 4.0]
      [Code Root Scanning (ms): Min: 0.0, Avg: 0.0, Max: 0.0, Diff: 0.0, Sum: 0.1]
      [Object Copy (ms): Min: 65.1, Avg: 65.3, Max: 65.4, Diff: 0.3, Sum: 522.2]
      [Termination (ms): Min: 0.0, Avg: 0.0, Max: 0.0, Diff: 0.0, Sum: 0.0]
         [Termination Attempts: Min: 1, Avg: 1.0, Max: 1, Diff: 0, Sum: 8]
      [GC Worker Other (ms): Min: 0.1, Avg: 0.1, Max: 0.2, Diff: 0.1, Sum: 1.0]
      [GC Worker Total (ms): Min: 96.4, Avg: 96.6, Max: 96.7, Diff: 0.2, Sum: 772.4]
      [GC Worker End (ms): Min: 459157221.6, Avg: 459157221.6, Max: 459157221.6, Diff: 0.1]
   [Code Root Fixup: 0.1 ms]
   [Code Root Purge: 0.0 ms]
   [Clear CT: 0.8 ms]
   [Other: 11.8 ms]
      [Choose CSet: 0.0 ms]
      [Ref Proc: 4.4 ms]
      [Ref Enq: 0.1 ms]
      [Redirty Cards: 0.1 ms]
      [Humongous Register: 1.5 ms]
      [Humongous Reclaim: 0.5 ms]
      [Free CSet: 4.2 ms]
   [Eden: 3350.0M(3350.0M)->0.0B(600.0M) Survivors: 30.0M->206.0M Heap: 5301.9M(6144.0M)->1956.5M(6144.0M)]
 [Times: user=0.73 sys=0.07, real=0.10 secs] 
2025-07-25T19:30:04.095+0800: 459157.931: [GC pause (G1 Evacuation Pause) (young), 0.1270444 secs]
   [Parallel Time: 122.6 ms, GC Workers: 8]
      [GC Worker Start (ms): Min: 459157931.1, Avg: 459157931.1, Max: 459157931.2, Diff: 0.1]
      [Ext Root Scanning (ms): Min: 2.2, Avg: 2.5, Max: 3.3, Diff: 1.0, Sum: 20.2]
      [Update RS (ms): Min: 6.5, Avg: 7.2, Max: 7.8, Diff: 1.4, Sum: 57.8]
         [Processed Buffers: Min: 4, Avg: 15.0, Max: 52, Diff: 48, Sum: 120]
      [Scan RS (ms): Min: 0.0, Avg: 0.1, Max: 0.1, Diff: 0.1, Sum: 0.5]
      [Code Root Scanning (ms): Min: 0.0, Avg: 0.0, Max: 0.0, Diff: 0.0, Sum: 0.0]
      [Object Copy (ms): Min: 112.0, Avg: 112.3, Max: 112.6, Diff: 0.5, Sum: 898.5]
      [Termination (ms): Min: 0.0, Avg: 0.2, Max: 0.3, Diff: 0.3, Sum: 1.7]
         [Termination Attempts: Min: 1, Avg: 43.0, Max: 57, Diff: 56, Sum: 344]
      [GC Worker Other (ms): Min: 0.0, Avg: 0.0, Max: 0.0, Diff: 0.0, Sum: 0.2]
      [GC Worker Total (ms): Min: 122.3, Avg: 122.4, Max: 122.4, Diff: 0.1, Sum: 978.9]
      [GC Worker End (ms): Min: 459158053.5, Avg: 459158053.5, Max: 459158053.5, Diff: 0.1]
   [Code Root Fixup: 0.1 ms]
   [Code Root Purge: 0.0 ms]
   [Clear CT: 0.4 ms]
   [Other: 4.0 ms]
      [Choose CSet: 0.0 ms]
      [Ref Proc: 1.2 ms]
      [Ref Enq: 0.0 ms]
      [Redirty Cards: 0.6 ms]
      [Humongous Register: 0.3 ms]
      [Humongous Reclaim: 0.2 ms]
      [Free CSet: 0.8 ms]
   [Eden: 600.0M(600.0M)->0.0B(378.0M) Survivors: 206.0M->92.0M Heap: 2556.5M(6144.0M)->2029.8M(6144.0M)]
 [Times: user=0.80 sys=0.21, real=0.13 secs] 
2025-07-25T19:30:04.644+0800: 459158.480: [GC pause (G1 Evacuation Pause) (young), 0.0881837 secs]
   [Parallel Time: 85.4 ms, GC Workers: 8]
      [GC Worker Start (ms): Min: 459158480.5, Avg: 459158480.7, Max: 459158480.8, Diff: 0.2]
      [Ext Root Scanning (ms): Min: 3.4, Avg: 3.5, Max: 3.8, Diff: 0.4, Sum: 27.8]
      [Update RS (ms): Min: 42.5, Avg: 42.5, Max: 42.8, Diff: 0.4, Sum: 340.3]
         [Processed Buffers: Min: 82, Avg: 113.2, Max: 125, Diff: 43, Sum: 906]
      [Scan RS (ms): Min: 0.0, Avg: 0.1, Max: 0.1, Diff: 0.1, Sum: 0.5]
      [Code Root Scanning (ms): Min: 0.0, Avg: 0.0, Max: 0.0, Diff: 0.0, Sum: 0.0]
      [Object Copy (ms): Min: 38.6, Avg: 39.0, Max: 39.1, Diff: 0.5, Sum: 311.6]
      [Termination (ms): Min: 0.0, Avg: 0.0, Max: 0.0, Diff: 0.0, Sum: 0.0]
         [Termination Attempts: Min: 1, Avg: 1.0, Max: 1, Diff: 0, Sum: 8]
      [GC Worker Other (ms): Min: 0.0, Avg: 0.1, Max: 0.1, Diff: 0.1, Sum: 0.5]
      [GC Worker Total (ms): Min: 85.0, Avg: 85.1, Max: 85.3, Diff: 0.3, Sum: 680.8]
      [GC Worker End (ms): Min: 459158565.8, Avg: 459158565.8, Max: 459158565.8, Diff: 0.1]
   [Code Root Fixup: 0.1 ms]
   [Code Root Purge: 0.0 ms]
   [Clear CT: 0.1 ms]
   [Other: 2.6 ms]
      [Choose CSet: 0.0 ms]
      [Ref Proc: 0.3 ms]
      [Ref Enq: 0.0 ms]
      [Redirty Cards: 0.3 ms]
      [Humongous Register: 0.3 ms]
      [Humongous Reclaim: 0.2 ms]
      [Free CSet: 0.6 ms]
   [Eden: 378.0M(378.0M)->0.0B(594.0M) Survivors: 92.0M->58.0M Heap: 2409.2M(6144.0M)->2078.7M(6144.0M)]
 [Times: user=0.63 sys=0.06, real=0.09 secs] 
2025-07-25T19:30:05.395+0800: 459159.231: [GC pause (G1 Evacuation Pause) (young), 0.0817377 secs]
   [Parallel Time: 78.5 ms, GC Workers: 8]
      [GC Worker Start (ms): Min: 459159231.6, Avg: 459159231.8, Max: 459159231.8, Diff: 0.2]
      [Ext Root Scanning (ms): Min: 2.9, Avg: 3.1, Max: 3.3, Diff: 0.4, Sum: 24.4]
      [Update RS (ms): Min: 27.0, Avg: 27.0, Max: 27.2, Diff: 0.2, Sum: 216.4]
         [Processed Buffers: Min: 76, Avg: 92.0, Max: 102, Diff: 26, Sum: 736]
      [Scan RS (ms): Min: 0.0, Avg: 0.1, Max: 0.2, Diff: 0.1, Sum: 1.0]
      [Code Root Scanning (ms): Min: 0.0, Avg: 0.0, Max: 0.0, Diff: 0.0, Sum: 0.0]
      [Object Copy (ms): Min: 47.7, Avg: 47.9, Max: 48.1, Diff: 0.4, Sum: 383.3]
      [Termination (ms): Min: 0.0, Avg: 0.1, Max: 0.1, Diff: 0.1, Sum: 0.8]
         [Termination Attempts: Min: 1, Avg: 82.4, Max: 112, Diff: 111, Sum: 659]
      [GC Worker Other (ms): Min: 0.0, Avg: 0.0, Max: 0.1, Diff: 0.0, Sum: 0.3]
      [GC Worker Total (ms): Min: 78.2, Avg: 78.3, Max: 78.4, Diff: 0.2, Sum: 626.3]
      [GC Worker End (ms): Min: 459159310.0, Avg: 459159310.0, Max: 459159310.1, Diff: 0.0]
   [Code Root Fixup: 0.1 ms]
   [Code Root Purge: 0.0 ms]
   [Clear CT: 0.3 ms]
   [Other: 2.9 ms]
      [Choose CSet: 0.0 ms]
      [Ref Proc: 0.4 ms]
      [Ref Enq: 0.0 ms]
      [Redirty Cards: 0.2 ms]
      [Humongous Register: 0.4 ms]
      [Humongous Reclaim: 0.2 ms]
      [Free CSet: 0.7 ms]
   [Eden: 594.0M(594.0M)->0.0B(748.0M) Survivors: 58.0M->82.0M Heap: 2674.8M(6144.0M)->2157.8M(6144.0M)]
 [Times: user=0.64 sys=0.00, real=0.09 secs] 
2025-07-25T19:30:11.502+0800: 459165.338: [GC pause (G1 Evacuation Pause) (young), 0.0944519 secs]
   [Parallel Time: 85.5 ms, GC Workers: 8]
      [GC Worker Start (ms): Min: 459165339.7, Avg: 459165339.8, Max: 459165339.8, Diff: 0.1]
      [Ext Root Scanning (ms): Min: 3.1, Avg: 4.3, Max: 11.4, Diff: 8.3, Sum: 34.6]
      [Update RS (ms): Min: 28.3, Avg: 35.2, Max: 36.3, Diff: 8.0, Sum: 281.4]
         [Processed Buffers: Min: 54, Avg: 91.5, Max: 109, Diff: 55, Sum: 732]
      [Scan RS (ms): Min: 0.1, Avg: 0.1, Max: 0.1, Diff: 0.1, Sum: 0.9]
      [Code Root Scanning (ms): Min: 0.0, Avg: 0.0, Max: 0.0, Diff: 0.0, Sum: 0.0]
      [Object Copy (ms): Min: 45.4, Avg: 45.6, Max: 45.7, Diff: 0.3, Sum: 365.0]
      [Termination (ms): Min: 0.0, Avg: 0.0, Max: 0.0, Diff: 0.0, Sum: 0.0]
         [Termination Attempts: Min: 1, Avg: 1.2, Max: 2, Diff: 1, Sum: 10]
      [GC Worker Other (ms): Min: 0.0, Avg: 0.1, Max: 0.1, Diff: 0.1, Sum: 0.5]
      [GC Worker Total (ms): Min: 85.3, Avg: 85.3, Max: 85.3, Diff: 0.1, Sum: 682.5]
      [GC Worker End (ms): Min: 459165425.0, Avg: 459165425.1, Max: 459165425.1, Diff: 0.1]
   [Code Root Fixup: 0.1 ms]
   [Code Root Purge: 0.0 ms]
   [Clear CT: 0.3 ms]
   [Other: 8.5 ms]
      [Choose CSet: 0.0 ms]
      [Ref Proc: 1.1 ms]
      [Ref Enq: 0.1 ms]
      [Redirty Cards: 1.2 ms]
      [Humongous Register: 0.9 ms]
      [Humongous Reclaim: 0.2 ms]
      [Free CSet: 2.7 ms]
   [Eden: 748.0M(748.0M)->0.0B(1302.0M) Survivors: 82.0M->56.0M Heap: 2905.8M(6144.0M)->2202.8M(6144.0M)]
 [Times: user=0.59 sys=0.12, real=0.10 secs] 
2025-07-25T19:30:22.110+0800: 459175.945: [GC pause (G1 Evacuation Pause) (young), 0.0529095 secs]
   [Parallel Time: 46.1 ms, GC Workers: 8]
      [GC Worker Start (ms): Min: 459175948.6, Avg: 459175948.8, Max: 459175948.9, Diff: 0.3]
      [Ext Root Scanning (ms): Min: 2.4, Avg: 3.1, Max: 7.1, Diff: 4.7, Sum: 25.2]
      [Update RS (ms): Min: 15.8, Avg: 19.4, Max: 20.4, Diff: 4.6, Sum: 155.5]
         [Processed Buffers: Min: 58, Avg: 81.4, Max: 97, Diff: 39, Sum: 651]
      [Scan RS (ms): Min: 0.2, Avg: 0.5, Max: 0.6, Diff: 0.4, Sum: 4.2]
      [Code Root Scanning (ms): Min: 0.0, Avg: 0.0, Max: 0.0, Diff: 0.0, Sum: 0.0]
      [Object Copy (ms): Min: 22.4, Avg: 22.6, Max: 22.7, Diff: 0.3, Sum: 180.9]
      [Termination (ms): Min: 0.0, Avg: 0.0, Max: 0.0, Diff: 0.0, Sum: 0.1]
         [Termination Attempts: Min: 1, Avg: 1.0, Max: 1, Diff: 0, Sum: 8]
      [GC Worker Other (ms): Min: 0.0, Avg: 0.1, Max: 0.1, Diff: 0.1, Sum: 0.6]
      [GC Worker Total (ms): Min: 45.7, Avg: 45.8, Max: 46.0, Diff: 0.3, Sum: 366.5]
      [GC Worker End (ms): Min: 459175994.6, Avg: 459175994.6, Max: 459175994.6, Diff: 0.1]
   [Code Root Fixup: 0.1 ms]
   [Code Root Purge: 0.0 ms]
   [Clear CT: 0.3 ms]
   [Other: 6.5 ms]
      [Choose CSet: 0.0 ms]
      [Ref Proc: 1.0 ms]
      [Ref Enq: 0.1 ms]
      [Redirty Cards: 0.1 ms]
      [Humongous Register: 2.6 ms]
      [Humongous Reclaim: 0.2 ms]
      [Free CSet: 1.2 ms]
   [Eden: 1274.0M(1210.0M)->0.0B(1888.0M) Survivors: 56.0M->76.0M Heap: 3505.6M(6144.0M)->2224.8M(6144.0M)]
 [Times: user=0.37 sys=0.00, real=0.05 secs] 
2025-07-25T19:30:36.675+0800: 459190.511: [GC pause (G1 Evacuation Pause) (young), 0.0466318 secs]
   [Parallel Time: 34.7 ms, GC Workers: 8]
      [GC Worker Start (ms): Min: 459190516.5, Avg: 459190516.7, Max: 459190516.9, Diff: 0.3]
      [Ext Root Scanning (ms): Min: 3.3, Avg: 5.1, Max: 13.8, Diff: 10.5, Sum: 40.7]
      [Update RS (ms): Min: 0.0, Avg: 7.4, Max: 9.0, Diff: 9.0, Sum: 58.9]
         [Processed Buffers: Min: 0, Avg: 46.1, Max: 67, Diff: 67, Sum: 369]
      [Scan RS (ms): Min: 0.1, Avg: 0.3, Max: 0.5, Diff: 0.4, Sum: 2.6]
      [Code Root Scanning (ms): Min: 0.0, Avg: 0.0, Max: 0.0, Diff: 0.0, Sum: 0.0]
      [Object Copy (ms): Min: 20.5, Avg: 21.4, Max: 21.7, Diff: 1.2, Sum: 171.4]
      [Termination (ms): Min: 0.0, Avg: 0.0, Max: 0.0, Diff: 0.0, Sum: 0.0]
         [Termination Attempts: Min: 1, Avg: 1.0, Max: 1, Diff: 0, Sum: 8]
      [GC Worker Other (ms): Min: 0.1, Avg: 0.2, Max: 0.4, Diff: 0.3, Sum: 1.5]
      [GC Worker Total (ms): Min: 34.2, Avg: 34.4, Max: 34.6, Diff: 0.3, Sum: 275.1]
      [GC Worker End (ms): Min: 459190551.1, Avg: 459190551.1, Max: 459190551.1, Diff: 0.1]
   [Code Root Fixup: 0.0 ms]
   [Code Root Purge: 0.0 ms]
   [Clear CT: 0.4 ms]
   [Other: 11.5 ms]
      [Choose CSet: 0.0 ms]
      [Ref Proc: 1.8 ms]
      [Ref Enq: 0.2 ms]
      [Redirty Cards: 0.1 ms]
      [Humongous Register: 5.2 ms]
      [Humongous Reclaim: 0.2 ms]
      [Free CSet: 3.0 ms]
   [Eden: 1888.0M(1888.0M)->0.0B(2748.0M) Survivors: 76.0M->70.0M Heap: 4136.0M(6144.0M)->2218.8M(6144.0M)]
 [Times: user=0.25 sys=0.03, real=0.05 secs] 
2025-07-25T19:31:06.296+0800: 459220.132: [GC pause (G1 Evacuation Pause) (young), 0.0475721 secs]
   [Parallel Time: 38.6 ms, GC Workers: 8]
      [GC Worker Start (ms): Min: 459220133.7, Avg: 459220133.9, Max: 459220134.0, Diff: 0.3]
      [Ext Root Scanning (ms): Min: 3.0, Avg: 5.8, Max: 22.5, Diff: 19.5, Sum: 46.7]
      [Update RS (ms): Min: 0.0, Avg: 8.5, Max: 10.1, Diff: 10.1, Sum: 68.2]
         [Processed Buffers: Min: 0, Avg: 48.8, Max: 70, Diff: 70, Sum: 390]
      [Scan RS (ms): Min: 0.1, Avg: 0.3, Max: 0.5, Diff: 0.4, Sum: 2.7]
      [Code Root Scanning (ms): Min: 0.0, Avg: 0.0, Max: 0.0, Diff: 0.0, Sum: 0.1]
      [Object Copy (ms): Min: 15.1, Avg: 23.0, Max: 24.2, Diff: 9.1, Sum: 184.3]
      [Termination (ms): Min: 0.0, Avg: 0.3, Max: 0.5, Diff: 0.5, Sum: 2.4]
         [Termination Attempts: Min: 1, Avg: 1.0, Max: 1, Diff: 0, Sum: 8]
      [GC Worker Other (ms): Min: 0.0, Avg: 0.1, Max: 0.2, Diff: 0.1, Sum: 0.9]
      [GC Worker Total (ms): Min: 38.0, Avg: 38.2, Max: 38.3, Diff: 0.3, Sum: 305.2]
      [GC Worker End (ms): Min: 459220172.0, Avg: 459220172.1, Max: 459220172.2, Diff: 0.2]
   [Code Root Fixup: 0.0 ms]
   [Code Root Purge: 0.0 ms]
   [Clear CT: 0.6 ms]
   [Other: 8.4 ms]
      [Choose CSet: 0.0 ms]
      [Ref Proc: 1.9 ms]
      [Ref Enq: 0.1 ms]
      [Redirty Cards: 0.1 ms]
      [Humongous Register: 1.3 ms]
      [Humongous Reclaim: 0.2 ms]
      [Free CSet: 3.7 ms]
   [Eden: 2748.0M(2748.0M)->0.0B(2762.0M) Survivors: 70.0M->82.0M Heap: 4991.5M(6144.0M)->2229.8M(6144.0M)]
 [Times: user=0.22 sys=0.10, real=0.05 secs] 
2025-07-25T19:31:38.610+0800: 459252.446: [GC pause (G1 Evacuation Pause) (young), 0.0435623 secs]
   [Parallel Time: 37.5 ms, GC Workers: 8]
      [GC Worker Start (ms): Min: 459252446.9, Avg: 459252447.0, Max: 459252447.0, Diff: 0.1]
      [Ext Root Scanning (ms): Min: 2.6, Avg: 3.2, Max: 5.2, Diff: 2.6, Sum: 25.7]
      [Update RS (ms): Min: 15.1, Avg: 16.9, Max: 17.5, Diff: 2.4, Sum: 135.2]
         [Processed Buffers: Min: 70, Avg: 95.8, Max: 118, Diff: 48, Sum: 766]
      [Scan RS (ms): Min: 0.1, Avg: 0.3, Max: 0.4, Diff: 0.3, Sum: 2.6]
      [Code Root Scanning (ms): Min: 0.0, Avg: 0.0, Max: 0.0, Diff: 0.0, Sum: 0.1]
      [Object Copy (ms): Min: 16.7, Avg: 16.8, Max: 17.0, Diff: 0.3, Sum: 134.6]
      [Termination (ms): Min: 0.0, Avg: 0.0, Max: 0.0, Diff: 0.0, Sum: 0.1]
         [Termination Attempts: Min: 1, Avg: 1.0, Max: 1, Diff: 0, Sum: 8]
      [GC Worker Other (ms): Min: 0.0, Avg: 0.0, Max: 0.1, Diff: 0.0, Sum: 0.4]
      [GC Worker Total (ms): Min: 37.3, Avg: 37.3, Max: 37.4, Diff: 0.2, Sum: 298.7]
      [GC Worker End (ms): Min: 459252484.3, Avg: 459252484.3, Max: 459252484.3, Diff: 0.1]
   [Code Root Fixup: 0.0 ms]
   [Code Root Purge: 0.0 ms]
   [Clear CT: 0.6 ms]
   [Other: 5.4 ms]
      [Choose CSet: 0.0 ms]
      [Ref Proc: 1.7 ms]
      [Ref Enq: 0.2 ms]
      [Redirty Cards: 0.1 ms]
      [Humongous Register: 0.7 ms]
      [Humongous Reclaim: 0.3 ms]
      [Free CSet: 1.6 ms]
   [Eden: 2762.0M(2762.0M)->0.0B(2810.0M) Survivors: 82.0M->72.0M Heap: 5063.0M(6144.0M)->2214.8M(6144.0M)]
 [Times: user=0.26 sys=0.05, real=0.04 secs] 
2025-07-25T19:32:23.532+0800: 459297.368: [GC pause (G1 Evacuation Pause) (young), 0.0423401 secs]
   [Parallel Time: 33.8 ms, GC Workers: 8]
      [GC Worker Start (ms): Min: 459297369.9, Avg: 459297370.0, Max: 459297370.1, Diff: 0.2]
      [Ext Root Scanning (ms): Min: 2.8, Avg: 4.0, Max: 10.3, Diff: 7.5, Sum: 32.3]
      [Update RS (ms): Min: 5.8, Avg: 11.8, Max: 13.1, Diff: 7.2, Sum: 94.2]
         [Processed Buffers: Min: 49, Avg: 73.0, Max: 90, Diff: 41, Sum: 584]
      [Scan RS (ms): Min: 0.1, Avg: 0.3, Max: 0.4, Diff: 0.3, Sum: 2.4]
      [Code Root Scanning (ms): Min: 0.0, Avg: 0.0, Max: 0.0, Diff: 0.0, Sum: 0.1]
      [Object Copy (ms): Min: 17.1, Avg: 17.2, Max: 17.3, Diff: 0.2, Sum: 137.9]
      [Termination (ms): Min: 0.0, Avg: 0.0, Max: 0.0, Diff: 0.0, Sum: 0.0]
         [Termination Attempts: Min: 1, Avg: 1.0, Max: 1, Diff: 0, Sum: 8]
      [GC Worker Other (ms): Min: 0.1, Avg: 0.2, Max: 0.3, Diff: 0.2, Sum: 1.4]
      [GC Worker Total (ms): Min: 33.4, Avg: 33.5, Max: 33.6, Diff: 0.1, Sum: 268.3]
      [GC Worker End (ms): Min: 459297403.5, Avg: 459297403.5, Max: 459297403.6, Diff: 0.1]
   [Code Root Fixup: 0.0 ms]
   [Code Root Purge: 0.0 ms]
   [Clear CT: 0.4 ms]
   [Other: 8.1 ms]
      [Choose CSet: 0.0 ms]
      [Ref Proc: 1.8 ms]
      [Ref Enq: 0.1 ms]
      [Redirty Cards: 0.2 ms]
      [Humongous Register: 1.4 ms]
      [Humongous Reclaim: 0.3 ms]
      [Free CSet: 3.4 ms]
   [Eden: 2810.0M(2810.0M)->0.0B(2832.0M) Survivors: 72.0M->70.0M Heap: 5083.6M(6144.0M)->2211.8M(6144.0M)]
 [Times: user=0.24 sys=0.04, real=0.04 secs] 
2025-07-25T19:41:28.115+0800: 459841.950: [GC pause (G1 Evacuation Pause) (young), 0.0548921 secs]
   [Parallel Time: 44.7 ms, GC Workers: 8]
      [GC Worker Start (ms): Min: 459841952.6, Avg: 459841952.7, Max: 459841952.7, Diff: 0.1]
      [Ext Root Scanning (ms): Min: 2.9, Avg: 4.4, Max: 12.7, Diff: 9.8, Sum: 35.4]
      [Update RS (ms): Min: 12.5, Avg: 20.6, Max: 22.3, Diff: 9.8, Sum: 164.9]
         [Processed Buffers: Min: 85, Avg: 112.2, Max: 130, Diff: 45, Sum: 898]
      [Scan RS (ms): Min: 0.1, Avg: 0.3, Max: 0.4, Diff: 0.3, Sum: 2.4]
      [Code Root Scanning (ms): Min: 0.0, Avg: 0.0, Max: 0.0, Diff: 0.0, Sum: 0.1]
      [Object Copy (ms): Min: 18.8, Avg: 19.1, Max: 19.2, Diff: 0.3, Sum: 152.4]
      [Termination (ms): Min: 0.0, Avg: 0.0, Max: 0.0, Diff: 0.0, Sum: 0.0]
         [Termination Attempts: Min: 1, Avg: 1.0, Max: 1, Diff: 0, Sum: 8]
      [GC Worker Other (ms): Min: 0.1, Avg: 0.1, Max: 0.2, Diff: 0.1, Sum: 1.0]
      [GC Worker Total (ms): Min: 44.4, Avg: 44.5, Max: 44.6, Diff: 0.1, Sum: 356.2]
      [GC Worker End (ms): Min: 459841997.1, Avg: 459841997.2, Max: 459841997.2, Diff: 0.1]
   [Code Root Fixup: 0.0 ms]
   [Code Root Purge: 0.0 ms]
   [Clear CT: 0.6 ms]
   [Other: 9.5 ms]
      [Choose CSet: 0.0 ms]
      [Ref Proc: 2.9 ms]
      [Ref Enq: 0.1 ms]
      [Redirty Cards: 0.1 ms]
      [Humongous Register: 1.4 ms]
      [Humongous Reclaim: 0.3 ms]
      [Free CSet: 3.5 ms]
   [Eden: 2832.0M(2832.0M)->0.0B(2848.0M) Survivors: 70.0M->52.0M Heap: 5140.9M(6144.0M)->2205.8M(6144.0M)]
 [Times: user=0.27 sys=0.09, real=0.06 secs] 
2025-07-25T19:43:41.367+0800: 459975.203: [GC pause (G1 Evacuation Pause) (young), 0.0437221 secs]
   [Parallel Time: 33.0 ms, GC Workers: 8]
      [GC Worker Start (ms): Min: 459975204.9, Avg: 459975205.0, Max: 459975205.1, Diff: 0.2]
      [Ext Root Scanning (ms): Min: 2.9, Avg: 4.4, Max: 13.5, Diff: 10.6, Sum: 35.4]
      [Update RS (ms): Min: 0.0, Avg: 6.2, Max: 7.4, Diff: 7.4, Sum: 49.2]
         [Processed Buffers: Min: 0, Avg: 23.2, Max: 55, Diff: 55, Sum: 186]
      [Scan RS (ms): Min: 0.1, Avg: 0.3, Max: 0.5, Diff: 0.4, Sum: 2.6]
      [Code Root Scanning (ms): Min: 0.0, Avg: 0.0, Max: 0.0, Diff: 0.0, Sum: 0.1]
      [Object Copy (ms): Min: 16.0, Avg: 18.8, Max: 20.3, Diff: 4.3, Sum: 150.7]
      [Termination (ms): Min: 1.7, Avg: 2.8, Max: 3.4, Diff: 1.7, Sum: 22.2]
         [Termination Attempts: Min: 143, Avg: 290.9, Max: 388, Diff: 245, Sum: 2327]
      [GC Worker Other (ms): Min: 0.1, Avg: 0.1, Max: 0.2, Diff: 0.1, Sum: 0.9]
      [GC Worker Total (ms): Min: 32.6, Avg: 32.6, Max: 32.8, Diff: 0.2, Sum: 261.1]
      [GC Worker End (ms): Min: 459975237.6, Avg: 459975237.6, Max: 459975237.8, Diff: 0.2]
   [Code Root Fixup: 0.0 ms]
   [Code Root Purge: 0.0 ms]
   [Clear CT: 0.7 ms]
   [Other: 10.1 ms]
      [Choose CSet: 0.0 ms]
      [Ref Proc: 3.3 ms]
      [Ref Enq: 0.1 ms]
      [Redirty Cards: 0.1 ms]
      [Humongous Register: 1.6 ms]
      [Humongous Reclaim: 0.1 ms]
      [Free CSet: 3.7 ms]
   [Eden: 2848.0M(2848.0M)->0.0B(2864.0M) Survivors: 52.0M->54.0M Heap: 5059.8M(6144.0M)->2207.8M(6144.0M)]
 [Times: user=0.20 sys=0.06, real=0.04 secs] 
2025-07-25T19:53:10.415+0800: 460544.250: [GC pause (G1 Evacuation Pause) (young), 0.0473943 secs]
   [Parallel Time: 38.4 ms, GC Workers: 8]
      [GC Worker Start (ms): Min: 460544252.2, Avg: 460544252.3, Max: 460544252.3, Diff: 0.1]
      [Ext Root Scanning (ms): Min: 3.1, Avg: 4.2, Max: 10.4, Diff: 7.3, Sum: 33.5]
      [Update RS (ms): Min: 6.7, Avg: 12.6, Max: 13.9, Diff: 7.3, Sum: 100.5]
         [Processed Buffers: Min: 61, Avg: 86.9, Max: 111, Diff: 50, Sum: 695]
      [Scan RS (ms): Min: 1.1, Avg: 1.5, Max: 1.7, Diff: 0.5, Sum: 12.1]
      [Code Root Scanning (ms): Min: 0.0, Avg: 0.0, Max: 0.0, Diff: 0.0, Sum: 0.1]
      [Object Copy (ms): Min: 19.7, Avg: 19.8, Max: 19.9, Diff: 0.3, Sum: 158.5]
      [Termination (ms): Min: 0.0, Avg: 0.0, Max: 0.0, Diff: 0.0, Sum: 0.0]
         [Termination Attempts: Min: 1, Avg: 1.0, Max: 1, Diff: 0, Sum: 8]
      [GC Worker Other (ms): Min: 0.1, Avg: 0.1, Max: 0.2, Diff: 0.1, Sum: 1.1]
      [GC Worker Total (ms): Min: 38.1, Avg: 38.2, Max: 38.3, Diff: 0.2, Sum: 305.6]
      [GC Worker End (ms): Min: 460544290.4, Avg: 460544290.5, Max: 460544290.5, Diff: 0.1]
   [Code Root Fixup: 0.0 ms]
   [Code Root Purge: 0.0 ms]
   [Clear CT: 0.5 ms]
   [Other: 8.4 ms]
      [Choose CSet: 0.0 ms]
      [Ref Proc: 2.3 ms]
      [Ref Enq: 0.1 ms]
      [Redirty Cards: 0.1 ms]
      [Humongous Register: 1.2 ms]
      [Humongous Reclaim: 0.4 ms]
      [Free CSet: 3.5 ms]
   [Eden: 2864.0M(2864.0M)->0.0B(2876.0M) Survivors: 54.0M->60.0M Heap: 5173.7M(6144.0M)->2207.8M(6144.0M)]
 [Times: user=0.25 sys=0.06, real=0.05 secs] 
2025-07-25T19:55:23.726+0800: 460677.562: [GC pause (G1 Evacuation Pause) (young), 0.0482363 secs]
   [Parallel Time: 42.6 ms, GC Workers: 8]
      [GC Worker Start (ms): Min: 460677562.7, Avg: 460677562.8, Max: 460677563.0, Diff: 0.3]
      [Ext Root Scanning (ms): Min: 2.3, Avg: 3.3, Max: 8.8, Diff: 6.6, Sum: 26.3]
      [Update RS (ms): Min: 14.0, Avg: 19.3, Max: 20.3, Diff: 6.3, Sum: 154.5]
         [Processed Buffers: Min: 105, Avg: 127.8, Max: 148, Diff: 43, Sum: 1022]
      [Scan RS (ms): Min: 1.3, Avg: 1.4, Max: 1.5, Diff: 0.3, Sum: 11.5]
      [Code Root Scanning (ms): Min: 0.0, Avg: 0.0, Max: 0.0, Diff: 0.0, Sum: 0.1]
      [Object Copy (ms): Min: 18.1, Avg: 18.3, Max: 18.3, Diff: 0.2, Sum: 146.0]
      [Termination (ms): Min: 0.0, Avg: 0.0, Max: 0.0, Diff: 0.0, Sum: 0.0]
         [Termination Attempts: Min: 1, Avg: 2.0, Max: 3, Diff: 2, Sum: 16]
      [GC Worker Other (ms): Min: 0.0, Avg: 0.1, Max: 0.1, Diff: 0.1, Sum: 0.5]
      [GC Worker Total (ms): Min: 42.2, Avg: 42.4, Max: 42.5, Diff: 0.2, Sum: 339.0]
      [GC Worker End (ms): Min: 460677605.1, Avg: 460677605.2, Max: 460677605.2, Diff: 0.1]
   [Code Root Fixup: 0.0 ms]
   [Code Root Purge: 0.0 ms]
   [Clear CT: 0.8 ms]
   [Other: 4.8 ms]
      [Choose CSet: 0.0 ms]
      [Ref Proc: 1.1 ms]
      [Ref Enq: 0.1 ms]
      [Redirty Cards: 0.2 ms]
      [Humongous Register: 0.3 ms]
      [Humongous Reclaim: 0.4 ms]
      [Free CSet: 1.8 ms]
   [Eden: 2876.0M(2876.0M)->0.0B(2844.0M) Survivors: 60.0M->76.0M Heap: 5271.9M(6144.0M)->2223.8M(6144.0M)]
 [Times: user=0.32 sys=0.03, real=0.05 secs] 
2025-07-25T19:58:19.704+0800: 460853.539: [GC pause (G1 Evacuation Pause) (young), 0.0584935 secs]
   [Parallel Time: 44.1 ms, GC Workers: 8]
      [GC Worker Start (ms): Min: 460853542.5, Avg: 460853542.6, Max: 460853542.7, Diff: 0.2]
      [Ext Root Scanning (ms): Min: 2.9, Avg: 3.4, Max: 4.9, Diff: 2.0, Sum: 27.2]
      [Update RS (ms): Min: 19.9, Avg: 21.0, Max: 21.5, Diff: 1.6, Sum: 167.7]
         [Processed Buffers: Min: 101, Avg: 126.8, Max: 136, Diff: 35, Sum: 1014]
      [Scan RS (ms): Min: 1.0, Avg: 1.5, Max: 1.6, Diff: 0.6, Sum: 11.7]
      [Code Root Scanning (ms): Min: 0.0, Avg: 0.0, Max: 0.0, Diff: 0.0, Sum: 0.1]
      [Object Copy (ms): Min: 17.7, Avg: 17.9, Max: 18.0, Diff: 0.2, Sum: 143.0]
      [Termination (ms): Min: 0.0, Avg: 0.0, Max: 0.0, Diff: 0.0, Sum: 0.0]
         [Termination Attempts: Min: 1, Avg: 1.0, Max: 1, Diff: 0, Sum: 8]
      [GC Worker Other (ms): Min: 0.1, Avg: 0.1, Max: 0.2, Diff: 0.2, Sum: 1.1]
      [GC Worker Total (ms): Min: 43.7, Avg: 43.9, Max: 44.0, Diff: 0.3, Sum: 350.9]
      [GC Worker End (ms): Min: 460853586.4, Avg: 460853586.4, Max: 460853586.5, Diff: 0.1]
   [Code Root Fixup: 0.0 ms]
   [Code Root Purge: 0.0 ms]
   [Clear CT: 0.6 ms]
   [Other: 13.7 ms]
      [Choose CSet: 0.0 ms]
      [Ref Proc: 1.7 ms]
      [Ref Enq: 0.1 ms]
      [Redirty Cards: 0.1 ms]
      [Humongous Register: 2.5 ms]
      [Humongous Reclaim: 0.7 ms]
      [Free CSet: 7.3 ms]
   [Eden: 2844.0M(2844.0M)->0.0B(2852.0M) Survivors: 76.0M->64.0M Heap: 5232.6M(6144.0M)->2226.9M(6144.0M)]
 [Times: user=0.31 sys=0.07, real=0.06 secs] 
2025-07-25T20:00:03.463+0800: 460957.298: [GC pause (G1 Evacuation Pause) (young), 0.1115679 secs]
   [Parallel Time: 105.7 ms, GC Workers: 8]
      [GC Worker Start (ms): Min: 460957299.2, Avg: 460957299.2, Max: 460957299.3, Diff: 0.1]
      [Ext Root Scanning (ms): Min: 2.2, Avg: 2.5, Max: 3.7, Diff: 1.5, Sum: 20.4]
      [Update RS (ms): Min: 19.3, Avg: 20.6, Max: 21.4, Diff: 2.1, Sum: 164.8]
         [Processed Buffers: Min: 75, Avg: 106.2, Max: 138, Diff: 63, Sum: 850]
      [Scan RS (ms): Min: 0.8, Avg: 1.3, Max: 1.6, Diff: 0.8, Sum: 10.7]
      [Code Root Scanning (ms): Min: 0.0, Avg: 0.0, Max: 0.0, Diff: 0.0, Sum: 0.1]
      [Object Copy (ms): Min: 80.8, Avg: 80.9, Max: 81.0, Diff: 0.2, Sum: 647.6]
      [Termination (ms): Min: 0.0, Avg: 0.0, Max: 0.0, Diff: 0.0, Sum: 0.0]
         [Termination Attempts: Min: 1, Avg: 1.0, Max: 1, Diff: 0, Sum: 8]
      [GC Worker Other (ms): Min: 0.0, Avg: 0.1, Max: 0.1, Diff: 0.1, Sum: 0.6]
      [GC Worker Total (ms): Min: 105.5, Avg: 105.5, Max: 105.6, Diff: 0.1, Sum: 844.1]
      [GC Worker End (ms): Min: 460957404.7, Avg: 460957404.7, Max: 460957404.8, Diff: 0.1]
   [Code Root Fixup: 0.0 ms]
   [Code Root Purge: 0.0 ms]
   [Clear CT: 0.6 ms]
   [Other: 5.2 ms]
      [Choose CSet: 0.0 ms]
      [Ref Proc: 1.7 ms]
      [Ref Enq: 0.1 ms]
      [Redirty Cards: 0.3 ms]
      [Humongous Register: 0.3 ms]
      [Humongous Reclaim: 0.3 ms]
      [Free CSet: 1.7 ms]
   [Eden: 2852.0M(2852.0M)->0.0B(2470.0M) Survivors: 64.0M->260.0M Heap: 5201.5M(6144.0M)->2412.2M(6144.0M)]
 [Times: user=0.79 sys=0.05, real=0.11 secs] 
2025-07-25T20:00:15.061+0800: 460968.897: [GC pause (G1 Evacuation Pause) (young), 0.2210710 secs]
   [Parallel Time: 215.7 ms, GC Workers: 8]
      [GC Worker Start (ms): Min: 460968897.4, Avg: 460968897.4, Max: 460968897.5, Diff: 0.1]
      [Ext Root Scanning (ms): Min: 2.4, Avg: 3.6, Max: 10.6, Diff: 8.2, Sum: 29.1]
      [Update RS (ms): Min: 12.5, Avg: 19.7, Max: 22.8, Diff: 10.2, Sum: 157.7]
         [Processed Buffers: Min: 10, Avg: 30.0, Max: 65, Diff: 55, Sum: 240]
      [Scan RS (ms): Min: 0.1, Avg: 0.2, Max: 0.5, Diff: 0.4, Sum: 2.0]
      [Code Root Scanning (ms): Min: 0.0, Avg: 0.0, Max: 0.0, Diff: 0.0, Sum: 0.1]
      [Object Copy (ms): Min: 190.1, Avg: 191.9, Max: 192.5, Diff: 2.4, Sum: 1535.1]
      [Termination (ms): Min: 0.0, Avg: 0.0, Max: 0.0, Diff: 0.0, Sum: 0.0]
         [Termination Attempts: Min: 1, Avg: 1.0, Max: 1, Diff: 0, Sum: 8]
      [GC Worker Other (ms): Min: 0.0, Avg: 0.1, Max: 0.1, Diff: 0.1, Sum: 0.5]
      [GC Worker Total (ms): Min: 215.5, Avg: 215.6, Max: 215.6, Diff: 0.1, Sum: 1724.6]
      [GC Worker End (ms): Min: 460969113.0, Avg: 460969113.0, Max: 460969113.1, Diff: 0.1]
   [Code Root Fixup: 0.1 ms]
   [Code Root Purge: 0.0 ms]
   [Clear CT: 0.5 ms]
   [Other: 4.7 ms]
      [Choose CSet: 0.0 ms]
      [Ref Proc: 1.1 ms]
      [Ref Enq: 0.1 ms]
      [Redirty Cards: 0.7 ms]
      [Humongous Register: 0.3 ms]
      [Humongous Reclaim: 0.1 ms]
      [Free CSet: 1.7 ms]
   [Eden: 2470.0M(2470.0M)->0.0B(1006.0M) Survivors: 260.0M->214.0M Heap: 4885.7M(6144.0M)->2603.4M(6144.0M)]
 [Times: user=1.65 sys=0.07, real=0.22 secs] 
2025-07-25T20:00:25.700+0800: 460979.536: [GC pause (G1 Evacuation Pause) (young) (initial-mark), 0.0952039 secs]
   [Parallel Time: 91.2 ms, GC Workers: 8]
      [GC Worker Start (ms): Min: 460979538.0, Avg: 460979538.1, Max: 460979538.1, Diff: 0.2]
      [Ext Root Scanning (ms): Min: 3.6, Avg: 3.8, Max: 4.1, Diff: 0.5, Sum: 30.0]
      [Update RS (ms): Min: 21.1, Avg: 21.1, Max: 21.2, Diff: 0.1, Sum: 168.9]
         [Processed Buffers: Min: 77, Avg: 89.6, Max: 97, Diff: 20, Sum: 717]
      [Scan RS (ms): Min: 1.7, Avg: 1.7, Max: 1.8, Diff: 0.2, Sum: 14.0]
      [Code Root Scanning (ms): Min: 0.0, Avg: 0.0, Max: 0.0, Diff: 0.0, Sum: 0.0]
      [Object Copy (ms): Min: 62.7, Avg: 63.1, Max: 63.2, Diff: 0.6, Sum: 504.6]
      [Termination (ms): Min: 0.0, Avg: 0.0, Max: 0.1, Diff: 0.1, Sum: 0.4]
         [Termination Attempts: Min: 1, Avg: 47.5, Max: 66, Diff: 65, Sum: 380]
      [GC Worker Other (ms): Min: 0.0, Avg: 0.1, Max: 0.1, Diff: 0.1, Sum: 0.4]
      [GC Worker Total (ms): Min: 89.7, Avg: 89.8, Max: 89.9, Diff: 0.2, Sum: 718.3]
      [GC Worker End (ms): Min: 460979627.8, Avg: 460979627.9, Max: 460979627.9, Diff: 0.1]
   [Code Root Fixup: 0.0 ms]
   [Code Root Purge: 0.0 ms]
   [Clear CT: 0.3 ms]
   [Other: 3.7 ms]
      [Choose CSet: 0.0 ms]
      [Ref Proc: 0.7 ms]
      [Ref Enq: 0.1 ms]
      [Redirty Cards: 0.4 ms]
      [Humongous Register: 0.3 ms]
      [Humongous Reclaim: 0.1 ms]
      [Free CSet: 0.7 ms]
   [Eden: 774.0M(774.0M)->0.0B(2380.0M) Survivors: 214.0M->26.0M Heap: 3377.4M(6144.0M)->2611.7M(6144.0M)]
 [Times: user=0.71 sys=0.03, real=0.09 secs] 
2025-07-25T20:00:25.796+0800: 460979.631: [GC concurrent-root-region-scan-start]
2025-07-25T20:00:25.802+0800: 460979.638: [GC concurrent-root-region-scan-end, 0.0067401 secs]
2025-07-25T20:00:25.802+0800: 460979.638: [GC concurrent-mark-start]
2025-07-25T20:00:26.573+0800: 460980.408: [GC concurrent-mark-end, 0.7702298 secs]
2025-07-25T20:00:26.577+0800: 460980.412: [GC remark 2025-07-25T20:00:26.577+0800: 460980.412: [Finalize Marking, 0.0006432 secs] 2025-07-25T20:00:26.577+0800: 460980.413: [GC ref-proc, 0.0101333 secs] 2025-07-25T20:00:26.587+0800: 460980.423: [Unloading, 0.0480614 secs], 0.0616321 secs]
 [Times: user=0.31 sys=0.02, real=0.07 secs] 
2025-07-25T20:00:26.642+0800: 460980.478: [GC cleanup 2672M->2505M(6144M), 0.0038947 secs]
 [Times: user=0.02 sys=0.01, real=0.00 secs] 
2025-07-25T20:00:26.646+0800: 460980.482: [GC concurrent-cleanup-start]
2025-07-25T20:00:26.647+0800: 460980.483: [GC concurrent-cleanup-end, 0.0007128 secs]
2025-07-25T20:00:52.406+0800: 461006.242: [GC pause (G1 Evacuation Pause) (young), 0.0330859 secs]
   [Parallel Time: 23.2 ms, GC Workers: 8]
      [GC Worker Start (ms): Min: 461006246.2, Avg: 461006246.3, Max: 461006246.3, Diff: 0.1]
      [Ext Root Scanning (ms): Min: 3.1, Avg: 3.5, Max: 4.5, Diff: 1.4, Sum: 28.2]
      [Update RS (ms): Min: 12.9, Avg: 13.8, Max: 14.7, Diff: 1.8, Sum: 110.8]
         [Processed Buffers: Min: 57, Avg: 80.9, Max: 94, Diff: 37, Sum: 647]
      [Scan RS (ms): Min: 0.1, Avg: 0.3, Max: 0.4, Diff: 0.3, Sum: 2.1]
      [Code Root Scanning (ms): Min: 0.0, Avg: 0.0, Max: 0.0, Diff: 0.0, Sum: 0.1]
      [Object Copy (ms): Min: 4.8, Avg: 5.2, Max: 5.4, Diff: 0.6, Sum: 41.7]
      [Termination (ms): Min: 0.0, Avg: 0.0, Max: 0.0, Diff: 0.0, Sum: 0.0]
         [Termination Attempts: Min: 1, Avg: 2.9, Max: 4, Diff: 3, Sum: 23]
      [GC Worker Other (ms): Min: 0.0, Avg: 0.1, Max: 0.2, Diff: 0.1, Sum: 0.8]
      [GC Worker Total (ms): Min: 22.9, Avg: 23.0, Max: 23.1, Diff: 0.2, Sum: 183.6]
      [GC Worker End (ms): Min: 461006269.2, Avg: 461006269.2, Max: 461006269.3, Diff: 0.1]
   [Code Root Fixup: 0.1 ms]
   [Code Root Purge: 0.0 ms]
   [Clear CT: 0.4 ms]
   [Other: 9.4 ms]
      [Choose CSet: 0.0 ms]
      [Ref Proc: 1.3 ms]
      [Ref Enq: 0.2 ms]
      [Redirty Cards: 0.1 ms]
      [Humongous Register: 3.2 ms]
      [Humongous Reclaim: 0.2 ms]
      [Free CSet: 2.9 ms]
   [Eden: 2380.0M(2380.0M)->0.0B(268.0M) Survivors: 26.0M->38.0M Heap: 4871.1M(6144.0M)->2457.1M(6144.0M)]
 [Times: user=0.19 sys=0.00, real=0.04 secs] 
2025-07-25T20:00:56.360+0800: 461010.195: [GC pause (G1 Evacuation Pause) (mixed), 0.0184099 secs]
   [Parallel Time: 12.7 ms, GC Workers: 8]
      [GC Worker Start (ms): Min: 461010196.9, Avg: 461010197.0, Max: 461010197.0, Diff: 0.1]
      [Ext Root Scanning (ms): Min: 2.2, Avg: 2.5, Max: 2.9, Diff: 0.7, Sum: 19.6]
      [Update RS (ms): Min: 0.6, Avg: 0.9, Max: 1.1, Diff: 0.5, Sum: 7.6]
         [Processed Buffers: Min: 2, Avg: 16.8, Max: 29, Diff: 27, Sum: 134]
      [Scan RS (ms): Min: 2.8, Avg: 2.9, Max: 3.0, Diff: 0.2, Sum: 23.2]
      [Code Root Scanning (ms): Min: 0.0, Avg: 0.0, Max: 0.0, Diff: 0.0, Sum: 0.0]
      [Object Copy (ms): Min: 5.9, Avg: 6.1, Max: 6.2, Diff: 0.3, Sum: 48.9]
      [Termination (ms): Min: 0.0, Avg: 0.0, Max: 0.0, Diff: 0.0, Sum: 0.1]
         [Termination Attempts: Min: 1, Avg: 15.8, Max: 26, Diff: 25, Sum: 126]
      [GC Worker Other (ms): Min: 0.0, Avg: 0.0, Max: 0.1, Diff: 0.1, Sum: 0.3]
      [GC Worker Total (ms): Min: 12.4, Avg: 12.5, Max: 12.5, Diff: 0.1, Sum: 99.8]
      [GC Worker End (ms): Min: 461010209.4, Avg: 461010209.4, Max: 461010209.5, Diff: 0.0]
   [Code Root Fixup: 0.1 ms]
   [Code Root Purge: 0.0 ms]
   [Clear CT: 0.4 ms]
   [Other: 5.3 ms]
      [Choose CSet: 0.8 ms]
      [Ref Proc: 0.5 ms]
      [Ref Enq: 0.0 ms]
      [Redirty Cards: 0.2 ms]
      [Humongous Register: 0.4 ms]
      [Humongous Reclaim: 0.1 ms]
      [Free CSet: 2.5 ms]
   [Eden: 268.0M(268.0M)->0.0B(284.0M) Survivors: 38.0M->22.0M Heap: 2725.1M(6144.0M)->1840.4M(6144.0M)]
 [Times: user=0.06 sys=0.04, real=0.02 secs] 
2025-07-25T20:00:59.356+0800: 461013.191: [GC pause (G1 Evacuation Pause) (mixed), 0.0450909 secs]
   [Parallel Time: 39.1 ms, GC Workers: 8]
      [GC Worker Start (ms): Min: 461013192.9, Avg: 461013193.0, Max: 461013193.0, Diff: 0.1]
      [Ext Root Scanning (ms): Min: 2.3, Avg: 2.6, Max: 3.1, Diff: 0.8, Sum: 20.4]
      [Update RS (ms): Min: 3.5, Avg: 4.0, Max: 4.2, Diff: 0.7, Sum: 31.9]
         [Processed Buffers: Min: 13, Avg: 27.6, Max: 40, Diff: 27, Sum: 221]
      [Scan RS (ms): Min: 7.6, Avg: 7.8, Max: 7.9, Diff: 0.3, Sum: 62.7]
      [Code Root Scanning (ms): Min: 0.0, Avg: 0.0, Max: 0.2, Diff: 0.2, Sum: 0.3]
      [Object Copy (ms): Min: 24.3, Avg: 24.5, Max: 24.6, Diff: 0.3, Sum: 195.9]
      [Termination (ms): Min: 0.0, Avg: 0.0, Max: 0.0, Diff: 0.0, Sum: 0.1]
         [Termination Attempts: Min: 1, Avg: 7.2, Max: 11, Diff: 10, Sum: 58]
      [GC Worker Other (ms): Min: 0.0, Avg: 0.0, Max: 0.1, Diff: 0.0, Sum: 0.3]
      [GC Worker Total (ms): Min: 38.9, Avg: 39.0, Max: 39.0, Diff: 0.1, Sum: 311.6]
      [GC Worker End (ms): Min: 461013231.9, Avg: 461013231.9, Max: 461013231.9, Diff: 0.0]
   [Code Root Fixup: 0.1 ms]
   [Code Root Purge: 0.0 ms]
   [Clear CT: 0.4 ms]
   [Other: 5.5 ms]
      [Choose CSet: 1.2 ms]
      [Ref Proc: 0.5 ms]
      [Ref Enq: 0.0 ms]
      [Redirty Cards: 0.2 ms]
      [Humongous Register: 0.3 ms]
      [Humongous Reclaim: 0.1 ms]
      [Free CSet: 2.4 ms]
   [Eden: 284.0M(284.0M)->0.0B(3656.0M) Survivors: 22.0M->30.0M Heap: 2124.4M(6144.0M)->1296.1M(6144.0M)]
 [Times: user=0.28 sys=0.04, real=0.05 secs] 
2025-07-25T20:01:36.942+0800: 461050.777: [GC pause (G1 Evacuation Pause) (young), 0.0372680 secs]
   [Parallel Time: 24.9 ms, GC Workers: 8]
      [GC Worker Start (ms): Min: 461050781.1, Avg: 461050781.2, Max: 461050781.3, Diff: 0.1]
      [Ext Root Scanning (ms): Min: 2.9, Avg: 4.3, Max: 11.8, Diff: 8.9, Sum: 34.5]
      [Update RS (ms): Min: 5.7, Avg: 12.9, Max: 14.1, Diff: 8.4, Sum: 102.9]
         [Processed Buffers: Min: 50, Avg: 93.8, Max: 118, Diff: 68, Sum: 750]
      [Scan RS (ms): Min: 0.6, Avg: 0.7, Max: 0.8, Diff: 0.2, Sum: 5.6]
      [Code Root Scanning (ms): Min: 0.0, Avg: 0.0, Max: 0.0, Diff: 0.0, Sum: 0.1]
      [Object Copy (ms): Min: 6.2, Avg: 6.5, Max: 6.8, Diff: 0.5, Sum: 51.9]
      [Termination (ms): Min: 0.0, Avg: 0.1, Max: 0.1, Diff: 0.1, Sum: 0.4]
         [Termination Attempts: Min: 1, Avg: 1.1, Max: 2, Diff: 1, Sum: 9]
      [GC Worker Other (ms): Min: 0.2, Avg: 0.2, Max: 0.3, Diff: 0.2, Sum: 1.9]
      [GC Worker Total (ms): Min: 24.6, Avg: 24.7, Max: 24.8, Diff: 0.2, Sum: 197.4]
      [GC Worker End (ms): Min: 461050805.8, Avg: 461050805.9, Max: 461050806.0, Diff: 0.1]
   [Code Root Fixup: 0.0 ms]
   [Code Root Purge: 0.0 ms]
   [Clear CT: 0.7 ms]
   [Other: 11.6 ms]
      [Choose CSet: 0.0 ms]
      [Ref Proc: 2.4 ms]
      [Ref Enq: 0.2 ms]
      [Redirty Cards: 0.1 ms]
      [Humongous Register: 2.5 ms]
      [Humongous Reclaim: 0.3 ms]
      [Free CSet: 4.4 ms]
   [Eden: 3656.0M(3656.0M)->0.0B(3650.0M) Survivors: 30.0M->36.0M Heap: 5048.1M(6144.0M)->1302.1M(6144.0M)]
 [Times: user=0.19 sys=0.01, real=0.04 secs] 
2025-07-25T20:02:58.594+0800: 461132.429: [GC pause (G1 Evacuation Pause) (young), 0.0529954 secs]
   [Parallel Time: 40.3 ms, GC Workers: 8]
      [GC Worker Start (ms): Min: 461132433.5, Avg: 461132433.6, Max: 461132433.7, Diff: 0.2]
      [Ext Root Scanning (ms): Min: 3.1, Avg: 5.0, Max: 16.7, Diff: 13.6, Sum: 39.8]
      [Update RS (ms): Min: 9.8, Avg: 21.3, Max: 23.5, Diff: 13.7, Sum: 170.7]
         [Processed Buffers: Min: 64, Avg: 121.5, Max: 160, Diff: 96, Sum: 972]
      [Scan RS (ms): Min: 0.2, Avg: 0.5, Max: 0.8, Diff: 0.6, Sum: 4.4]
      [Code Root Scanning (ms): Min: 0.0, Avg: 0.0, Max: 0.0, Diff: 0.0, Sum: 0.1]
      [Object Copy (ms): Min: 12.7, Avg: 13.0, Max: 13.3, Diff: 0.6, Sum: 103.7]
      [Termination (ms): Min: 0.0, Avg: 0.1, Max: 0.1, Diff: 0.1, Sum: 0.6]
         [Termination Attempts: Min: 14, Avg: 18.1, Max: 24, Diff: 10, Sum: 145]
      [GC Worker Other (ms): Min: 0.1, Avg: 0.2, Max: 0.3, Diff: 0.2, Sum: 1.5]
      [GC Worker Total (ms): Min: 40.0, Avg: 40.1, Max: 40.2, Diff: 0.2, Sum: 320.9]
      [GC Worker End (ms): Min: 461132473.7, Avg: 461132473.7, Max: 461132473.8, Diff: 0.1]
   [Code Root Fixup: 0.0 ms]
   [Code Root Purge: 0.0 ms]
   [Clear CT: 0.8 ms]
   [Other: 11.8 ms]
      [Choose CSet: 0.0 ms]
      [Ref Proc: 2.0 ms]
      [Ref Enq: 0.1 ms]
      [Redirty Cards: 0.2 ms]
      [Humongous Register: 3.1 ms]
      [Humongous Reclaim: 0.3 ms]
      [Free CSet: 4.5 ms]
   [Eden: 3650.0M(3650.0M)->0.0B(3644.0M) Survivors: 36.0M->42.0M Heap: 5048.0M(6144.0M)->1308.1M(6144.0M)]
 [Times: user=0.33 sys=0.00, real=0.05 secs] 
2025-07-25T20:06:43.479+0800: 461357.314: [GC pause (G1 Evacuation Pause) (young), 0.0464542 secs]
   [Parallel Time: 36.7 ms, GC Workers: 8]
      [GC Worker Start (ms): Min: 461357316.4, Avg: 461357316.5, Max: 461357316.6, Diff: 0.2]
      [Ext Root Scanning (ms): Min: 3.8, Avg: 5.0, Max: 12.1, Diff: 8.2, Sum: 39.7]
      [Update RS (ms): Min: 12.9, Avg: 19.5, Max: 20.7, Diff: 7.7, Sum: 155.8]
         [Processed Buffers: Min: 86, Avg: 107.2, Max: 130, Diff: 44, Sum: 858]
      [Scan RS (ms): Min: 1.1, Avg: 1.4, Max: 1.6, Diff: 0.5, Sum: 11.2]
      [Code Root Scanning (ms): Min: 0.0, Avg: 0.0, Max: 0.0, Diff: 0.0, Sum: 0.1]
      [Object Copy (ms): Min: 10.3, Avg: 10.4, Max: 10.6, Diff: 0.3, Sum: 83.5]
      [Termination (ms): Min: 0.0, Avg: 0.0, Max: 0.0, Diff: 0.0, Sum: 0.2]
         [Termination Attempts: Min: 1, Avg: 15.6, Max: 23, Diff: 22, Sum: 125]
      [GC Worker Other (ms): Min: 0.1, Avg: 0.1, Max: 0.2, Diff: 0.2, Sum: 1.1]
      [GC Worker Total (ms): Min: 36.3, Avg: 36.5, Max: 36.6, Diff: 0.3, Sum: 291.6]
      [GC Worker End (ms): Min: 461357352.9, Avg: 461357352.9, Max: 461357353.0, Diff: 0.1]
   [Code Root Fixup: 0.0 ms]
   [Code Root Purge: 0.0 ms]
   [Clear CT: 0.7 ms]
   [Other: 9.0 ms]
      [Choose CSet: 0.0 ms]
      [Ref Proc: 1.4 ms]
      [Ref Enq: 0.1 ms]
      [Redirty Cards: 0.1 ms]
      [Humongous Register: 1.5 ms]
      [Humongous Reclaim: 0.5 ms]
      [Free CSet: 4.5 ms]
   [Eden: 3644.0M(3644.0M)->0.0B(3652.0M) Survivors: 42.0M->34.0M Heap: 5140.2M(6144.0M)->1301.1M(6144.0M)]
 [Times: user=0.26 sys=0.04, real=0.04 secs] 
2025-07-25T20:08:20.515+0800: 461454.351: [GC pause (G1 Evacuation Pause) (young), 0.0428185 secs]
   [Parallel Time: 31.9 ms, GC Workers: 8]
      [GC Worker Start (ms): Min: 461454353.3, Avg: 461454353.4, Max: 461454353.5, Diff: 0.2]
      [Ext Root Scanning (ms): Min: 0.0, Avg: 3.9, Max: 11.5, Diff: 11.5, Sum: 31.1]
      [Update RS (ms): Min: 10.9, Avg: 17.9, Max: 19.4, Diff: 8.5, Sum: 143.1]
         [Processed Buffers: Min: 66, Avg: 117.2, Max: 140, Diff: 74, Sum: 938]
      [Scan RS (ms): Min: 0.9, Avg: 1.3, Max: 1.5, Diff: 0.6, Sum: 10.4]
      [Code Root Scanning (ms): Min: 0.0, Avg: 0.0, Max: 0.0, Diff: 0.0, Sum: 0.1]
      [Object Copy (ms): Min: 7.7, Avg: 7.9, Max: 8.1, Diff: 0.4, Sum: 63.3]
      [Termination (ms): Min: 0.0, Avg: 0.0, Max: 0.0, Diff: 0.0, Sum: 0.0]
         [Termination Attempts: Min: 1, Avg: 1.0, Max: 1, Diff: 0, Sum: 8]
      [GC Worker Other (ms): Min: 0.1, Avg: 0.6, Max: 3.9, Diff: 3.8, Sum: 4.9]
      [GC Worker Total (ms): Min: 31.5, Avg: 31.6, Max: 31.8, Diff: 0.3, Sum: 253.0]
      [GC Worker End (ms): Min: 461454384.9, Avg: 461454385.0, Max: 461454385.0, Diff: 0.1]
   [Code Root Fixup: 0.0 ms]
   [Code Root Purge: 0.0 ms]
   [Clear CT: 0.7 ms]
   [Other: 10.2 ms]
      [Choose CSet: 0.0 ms]
      [Ref Proc: 1.9 ms]
      [Ref Enq: 0.1 ms]
      [Redirty Cards: 0.1 ms]
      [Humongous Register: 1.7 ms]
      [Humongous Reclaim: 0.6 ms]
      [Free CSet: 4.6 ms]
   [Eden: 3652.0M(3652.0M)->0.0B(3658.0M) Survivors: 34.0M->28.0M Heap: 5130.0M(6144.0M)->1304.4M(6144.0M)]
 [Times: user=0.23 sys=0.04, real=0.05 secs] 
2025-07-25T20:13:24.942+0800: 461758.777: [GC pause (G1 Evacuation Pause) (young), 0.0476392 secs]
   [Parallel Time: 35.6 ms, GC Workers: 8]
      [GC Worker Start (ms): Min: 461758779.9, Avg: 461758780.0, Max: 461758780.1, Diff: 0.2]
      [Ext Root Scanning (ms): Min: 3.0, Avg: 4.6, Max: 14.9, Diff: 11.9, Sum: 37.1]
      [Update RS (ms): Min: 9.3, Avg: 19.5, Max: 21.3, Diff: 12.0, Sum: 155.8]
         [Processed Buffers: Min: 63, Avg: 124.0, Max: 141, Diff: 78, Sum: 992]
      [Scan RS (ms): Min: 1.1, Avg: 1.4, Max: 1.5, Diff: 0.4, Sum: 11.0]
      [Code Root Scanning (ms): Min: 0.0, Avg: 0.0, Max: 0.0, Diff: 0.0, Sum: 0.1]
      [Object Copy (ms): Min: 8.5, Avg: 8.7, Max: 8.9, Diff: 0.4, Sum: 69.9]
      [Termination (ms): Min: 0.5, Avg: 0.9, Max: 1.1, Diff: 0.6, Sum: 7.1]
         [Termination Attempts: Min: 78, Avg: 125.2, Max: 194, Diff: 116, Sum: 1002]
      [GC Worker Other (ms): Min: 0.0, Avg: 0.1, Max: 0.2, Diff: 0.2, Sum: 1.0]
      [GC Worker Total (ms): Min: 35.1, Avg: 35.2, Max: 35.5, Diff: 0.4, Sum: 282.0]
      [GC Worker End (ms): Min: 461758815.1, Avg: 461758815.2, Max: 461758815.4, Diff: 0.3]
   [Code Root Fixup: 0.0 ms]
   [Code Root Purge: 0.0 ms]
   [Clear CT: 0.8 ms]
   [Other: 11.2 ms]
      [Choose CSet: 0.0 ms]
      [Ref Proc: 3.0 ms]
      [Ref Enq: 0.1 ms]
      [Redirty Cards: 0.2 ms]
      [Humongous Register: 1.7 ms]
      [Humongous Reclaim: 0.7 ms]
      [Free CSet: 4.4 ms]
   [Eden: 3658.0M(3658.0M)->0.0B(3660.0M) Survivors: 28.0M->26.0M Heap: 5119.2M(6144.0M)->1304.1M(6144.0M)]
 [Times: user=0.24 sys=0.05, real=0.05 secs] 
2025-07-25T20:15:31.347+0800: 461885.183: [GC pause (G1 Evacuation Pause) (young), 0.0303490 secs]
   [Parallel Time: 17.9 ms, GC Workers: 8]
      [GC Worker Start (ms): Min: 461885186.3, Avg: 461885186.4, Max: 461885186.5, Diff: 0.2]
      [Ext Root Scanning (ms): Min: 3.0, Avg: 4.3, Max: 11.7, Diff: 8.6, Sum: 34.4]
      [Update RS (ms): Min: 0.0, Avg: 3.4, Max: 4.5, Diff: 4.5, Sum: 27.5]
         [Processed Buffers: Min: 0, Avg: 20.5, Max: 38, Diff: 38, Sum: 164]
      [Scan RS (ms): Min: 0.1, Avg: 0.4, Max: 0.6, Diff: 0.4, Sum: 3.1]
      [Code Root Scanning (ms): Min: 0.0, Avg: 0.0, Max: 0.0, Diff: 0.0, Sum: 0.1]
      [Object Copy (ms): Min: 5.6, Avg: 9.1, Max: 9.7, Diff: 4.2, Sum: 72.9]
      [Termination (ms): Min: 0.1, Avg: 0.3, Max: 0.5, Diff: 0.4, Sum: 2.2]
         [Termination Attempts: Min: 5, Avg: 81.9, Max: 133, Diff: 128, Sum: 655]
      [GC Worker Other (ms): Min: 0.0, Avg: 0.1, Max: 0.2, Diff: 0.2, Sum: 1.0]
      [GC Worker Total (ms): Min: 17.5, Avg: 17.6, Max: 17.8, Diff: 0.3, Sum: 141.2]
      [GC Worker End (ms): Min: 461885204.0, Avg: 461885204.1, Max: 461885204.2, Diff: 0.1]
   [Code Root Fixup: 0.0 ms]
   [Code Root Purge: 0.0 ms]
   [Clear CT: 0.8 ms]
   [Other: 11.6 ms]
      [Choose CSet: 0.0 ms]
      [Ref Proc: 3.2 ms]
      [Ref Enq: 0.1 ms]
      [Redirty Cards: 0.1 ms]
      [Humongous Register: 2.8 ms]
      [Humongous Reclaim: 0.1 ms]
      [Free CSet: 4.3 ms]
   [Eden: 3660.0M(3660.0M)->0.0B(3662.0M) Survivors: 26.0M->24.0M Heap: 4964.1M(6144.0M)->1302.1M(6144.0M)]
 [Times: user=0.15 sys=0.00, real=0.03 secs] 
2025-07-25T20:24:53.473+0800: 462447.309: [GC pause (G1 Evacuation Pause) (young), 0.0401155 secs]
   [Parallel Time: 27.0 ms, GC Workers: 8]
      [GC Worker Start (ms): Min: 462447312.2, Avg: 462447312.3, Max: 462447312.4, Diff: 0.2]
      [Ext Root Scanning (ms): Min: 2.7, Avg: 4.0, Max: 11.4, Diff: 8.6, Sum: 32.2]
      [Update RS (ms): Min: 1.4, Avg: 7.9, Max: 9.1, Diff: 7.7, Sum: 63.3]
         [Processed Buffers: Min: 3, Avg: 51.8, Max: 68, Diff: 65, Sum: 414]
      [Scan RS (ms): Min: 0.1, Avg: 0.4, Max: 0.5, Diff: 0.4, Sum: 3.4]
      [Code Root Scanning (ms): Min: 0.0, Avg: 0.0, Max: 0.0, Diff: 0.0, Sum: 0.1]
      [Object Copy (ms): Min: 8.8, Avg: 9.7, Max: 10.6, Diff: 1.8, Sum: 77.7]
      [Termination (ms): Min: 3.5, Avg: 4.5, Max: 5.4, Diff: 1.9, Sum: 35.8]
         [Termination Attempts: Min: 346, Avg: 473.5, Max: 674, Diff: 328, Sum: 3788]
      [GC Worker Other (ms): Min: 0.0, Avg: 0.1, Max: 0.2, Diff: 0.2, Sum: 0.9]
      [GC Worker Total (ms): Min: 26.5, Avg: 26.7, Max: 26.9, Diff: 0.3, Sum: 213.5]
      [GC Worker End (ms): Min: 462447338.9, Avg: 462447338.9, Max: 462447339.1, Diff: 0.2]
   [Code Root Fixup: 0.0 ms]
   [Code Root Purge: 0.0 ms]
   [Clear CT: 0.7 ms]
   [Other: 12.4 ms]
      [Choose CSet: 0.0 ms]
      [Ref Proc: 4.0 ms]
      [Ref Enq: 0.1 ms]
      [Redirty Cards: 0.1 ms]
      [Humongous Register: 2.7 ms]
      [Humongous Reclaim: 0.3 ms]
      [Free CSet: 4.2 ms]
   [Eden: 3662.0M(3662.0M)->0.0B(3662.0M) Survivors: 24.0M->24.0M Heap: 5006.1M(6144.0M)->1303.1M(6144.0M)]
 [Times: user=0.19 sys=0.04, real=0.04 secs] 
2025-07-25T20:30:05.659+0800: 462759.494: [GC pause (G1 Evacuation Pause) (young), 0.1651011 secs]
   [Parallel Time: 154.3 ms, GC Workers: 8]
      [GC Worker Start (ms): Min: 462759496.5, Avg: 462759496.6, Max: 462759496.6, Diff: 0.1]
      [Ext Root Scanning (ms): Min: 2.7, Avg: 4.0, Max: 11.4, Diff: 8.7, Sum: 31.7]
      [Update RS (ms): Min: 13.8, Avg: 20.9, Max: 22.2, Diff: 8.3, Sum: 167.2]
         [Processed Buffers: Min: 28, Avg: 81.9, Max: 114, Diff: 86, Sum: 655]
      [Scan RS (ms): Min: 0.1, Avg: 0.4, Max: 0.6, Diff: 0.4, Sum: 3.1]
      [Code Root Scanning (ms): Min: 0.0, Avg: 0.0, Max: 0.0, Diff: 0.0, Sum: 0.1]
      [Object Copy (ms): Min: 128.0, Avg: 128.3, Max: 128.7, Diff: 0.7, Sum: 1026.6]
      [Termination (ms): Min: 0.0, Avg: 0.3, Max: 0.4, Diff: 0.4, Sum: 2.7]
         [Termination Attempts: Min: 1, Avg: 365.2, Max: 446, Diff: 445, Sum: 2922]
      [GC Worker Other (ms): Min: 0.1, Avg: 0.1, Max: 0.2, Diff: 0.1, Sum: 1.1]
      [GC Worker Total (ms): Min: 154.0, Avg: 154.1, Max: 154.1, Diff: 0.1, Sum: 1232.5]
      [GC Worker End (ms): Min: 462759650.6, Avg: 462759650.6, Max: 462759650.7, Diff: 0.1]
   [Code Root Fixup: 0.1 ms]
   [Code Root Purge: 0.0 ms]
   [Clear CT: 0.6 ms]
   [Other: 10.2 ms]
      [Choose CSet: 0.0 ms]
      [Ref Proc: 2.5 ms]
      [Ref Enq: 0.2 ms]
      [Redirty Cards: 0.1 ms]
      [Humongous Register: 1.9 ms]
      [Humongous Reclaim: 0.2 ms]
      [Free CSet: 4.4 ms]
   [Eden: 3662.0M(3662.0M)->0.0B(3228.0M) Survivors: 24.0M->322.0M Heap: 5016.0M(6144.0M)->1599.9M(6144.0M)]
 [Times: user=1.17 sys=0.08, real=0.16 secs] 
2025-07-25T20:30:33.313+0800: 462787.148: [GC pause (G1 Evacuation Pause) (young), 0.2907476 secs]
   [Parallel Time: 283.7 ms, GC Workers: 8]
      [GC Worker Start (ms): Min: 462787149.1, Avg: 462787149.2, Max: 462787149.2, Diff: 0.1]
      [Ext Root Scanning (ms): Min: 2.3, Avg: 2.6, Max: 3.5, Diff: 1.2, Sum: 20.9]
      [Update RS (ms): Min: 37.0, Avg: 55.2, Max: 76.7, Diff: 39.7, Sum: 441.3]
         [Processed Buffers: Min: 10, Avg: 80.6, Max: 292, Diff: 282, Sum: 645]
      [Scan RS (ms): Min: 0.1, Avg: 0.4, Max: 1.0, Diff: 0.8, Sum: 3.0]
      [Code Root Scanning (ms): Min: 0.0, Avg: 0.0, Max: 0.1, Diff: 0.1, Sum: 0.1]
      [Object Copy (ms): Min: 203.0, Avg: 225.1, Max: 242.9, Diff: 39.9, Sum: 1800.6]
      [Termination (ms): Min: 0.0, Avg: 0.2, Max: 0.2, Diff: 0.2, Sum: 1.3]
         [Termination Attempts: Min: 1, Avg: 157.2, Max: 203, Diff: 202, Sum: 1258]
      [GC Worker Other (ms): Min: 0.0, Avg: 0.1, Max: 0.2, Diff: 0.1, Sum: 0.5]
      [GC Worker Total (ms): Min: 283.4, Avg: 283.5, Max: 283.6, Diff: 0.2, Sum: 2267.7]
      [GC Worker End (ms): Min: 462787432.6, Avg: 462787432.6, Max: 462787432.7, Diff: 0.1]
   [Code Root Fixup: 0.1 ms]
   [Code Root Purge: 0.0 ms]
   [Clear CT: 0.6 ms]
   [Other: 6.4 ms]
      [Choose CSet: 0.0 ms]
      [Ref Proc: 1.9 ms]
      [Ref Enq: 0.2 ms]
      [Redirty Cards: 0.8 ms]
      [Humongous Register: 0.4 ms]
      [Humongous Reclaim: 0.2 ms]
      [Free CSet: 2.1 ms]
   [Eden: 3228.0M(3228.0M)->0.0B(3250.0M) Survivors: 322.0M->136.0M Heap: 4876.0M(6144.0M)->1710.1M(6144.0M)]
 [Times: user=1.97 sys=0.29, real=0.29 secs] 
2025-07-25T20:31:08.523+0800: 462822.359: [GC pause (G1 Evacuation Pause) (young), 0.0759595 secs]
   [Parallel Time: 66.3 ms, GC Workers: 8]
      [GC Worker Start (ms): Min: 462822361.3, Avg: 462822361.4, Max: 462822361.5, Diff: 0.2]
      [Ext Root Scanning (ms): Min: 3.1, Avg: 4.3, Max: 11.4, Diff: 8.3, Sum: 34.6]
      [Update RS (ms): Min: 10.4, Avg: 17.2, Max: 18.4, Diff: 8.1, Sum: 137.5]
         [Processed Buffers: Min: 70, Avg: 96.1, Max: 111, Diff: 41, Sum: 769]
      [Scan RS (ms): Min: 1.5, Avg: 1.6, Max: 1.7, Diff: 0.2, Sum: 12.9]
      [Code Root Scanning (ms): Min: 0.0, Avg: 0.0, Max: 0.0, Diff: 0.0, Sum: 0.1]
      [Object Copy (ms): Min: 42.7, Avg: 42.8, Max: 43.0, Diff: 0.3, Sum: 342.6]
      [Termination (ms): Min: 0.0, Avg: 0.0, Max: 0.0, Diff: 0.0, Sum: 0.2]
         [Termination Attempts: Min: 1, Avg: 11.1, Max: 18, Diff: 17, Sum: 89]
      [GC Worker Other (ms): Min: 0.1, Avg: 0.1, Max: 0.2, Diff: 0.1, Sum: 1.0]
      [GC Worker Total (ms): Min: 66.0, Avg: 66.1, Max: 66.2, Diff: 0.2, Sum: 528.9]
      [GC Worker End (ms): Min: 462822427.5, Avg: 462822427.5, Max: 462822427.5, Diff: 0.1]
   [Code Root Fixup: 0.0 ms]
   [Code Root Purge: 0.0 ms]
   [Clear CT: 0.6 ms]
   [Other: 9.0 ms]
      [Choose CSet: 0.0 ms]
      [Ref Proc: 1.9 ms]
      [Ref Enq: 0.1 ms]
      [Redirty Cards: 0.1 ms]
      [Humongous Register: 1.5 ms]
      [Humongous Reclaim: 0.2 ms]
      [Free CSet: 4.1 ms]
   [Eden: 3250.0M(3250.0M)->0.0B(3276.0M) Survivors: 136.0M->142.0M Heap: 5010.0M(6144.0M)->1716.1M(6144.0M)]
 [Times: user=0.45 sys=0.09, real=0.08 secs] 
2025-07-25T20:31:50.987+0800: 462864.822: [GC pause (G1 Evacuation Pause) (young), 0.0780838 secs]
   [Parallel Time: 66.7 ms, GC Workers: 8]
      [GC Worker Start (ms): Min: 462864825.9, Avg: 462864826.0, Max: 462864826.1, Diff: 0.2]
      [Ext Root Scanning (ms): Min: 3.1, Avg: 4.4, Max: 11.7, Diff: 8.6, Sum: 35.3]
      [Update RS (ms): Min: 10.8, Avg: 17.4, Max: 18.6, Diff: 7.8, Sum: 139.2]
         [Processed Buffers: Min: 55, Avg: 71.0, Max: 104, Diff: 49, Sum: 568]
      [Scan RS (ms): Min: 0.1, Avg: 0.3, Max: 0.5, Diff: 0.3, Sum: 2.8]
      [Code Root Scanning (ms): Min: 0.0, Avg: 0.0, Max: 0.0, Diff: 0.0, Sum: 0.1]
      [Object Copy (ms): Min: 43.7, Avg: 44.2, Max: 44.3, Diff: 0.5, Sum: 353.2]
      [Termination (ms): Min: 0.0, Avg: 0.0, Max: 0.0, Diff: 0.0, Sum: 0.0]
         [Termination Attempts: Min: 1, Avg: 1.0, Max: 1, Diff: 0, Sum: 8]
      [GC Worker Other (ms): Min: 0.1, Avg: 0.2, Max: 0.2, Diff: 0.2, Sum: 1.5]
      [GC Worker Total (ms): Min: 66.4, Avg: 66.5, Max: 66.6, Diff: 0.2, Sum: 532.1]
      [GC Worker End (ms): Min: 462864892.5, Avg: 462864892.5, Max: 462864892.5, Diff: 0.1]
   [Code Root Fixup: 0.0 ms]
   [Code Root Purge: 0.0 ms]
   [Clear CT: 0.5 ms]
   [Other: 10.8 ms]
      [Choose CSet: 0.0 ms]
      [Ref Proc: 2.1 ms]
      [Ref Enq: 0.1 ms]
      [Redirty Cards: 0.2 ms]
      [Humongous Register: 2.8 ms]
      [Humongous Reclaim: 0.2 ms]
      [Free CSet: 4.1 ms]
   [Eden: 3276.0M(3276.0M)->0.0B(3304.0M) Survivors: 142.0M->134.0M Heap: 5038.2M(6144.0M)->1709.1M(6144.0M)]
 [Times: user=0.42 sys=0.12, real=0.08 secs] 
2025-07-25T20:33:28.372+0800: 462962.208: [GC pause (G1 Evacuation Pause) (young), 0.0807502 secs]
   [Parallel Time: 71.5 ms, GC Workers: 8]
      [GC Worker Start (ms): Min: 462962209.9, Avg: 462962210.0, Max: 462962210.1, Diff: 0.2]
      [Ext Root Scanning (ms): Min: 2.9, Avg: 4.1, Max: 11.1, Diff: 8.2, Sum: 33.2]
      [Update RS (ms): Min: 20.1, Avg: 26.8, Max: 28.1, Diff: 8.0, Sum: 214.0]
         [Processed Buffers: Min: 71, Avg: 126.8, Max: 152, Diff: 81, Sum: 1014]
      [Scan RS (ms): Min: 0.1, Avg: 0.4, Max: 0.5, Diff: 0.4, Sum: 3.1]
      [Code Root Scanning (ms): Min: 0.0, Avg: 0.0, Max: 0.0, Diff: 0.0, Sum: 0.1]
      [Object Copy (ms): Min: 39.6, Avg: 39.8, Max: 39.9, Diff: 0.3, Sum: 318.1]
      [Termination (ms): Min: 0.0, Avg: 0.1, Max: 0.1, Diff: 0.1, Sum: 0.7]
         [Termination Attempts: Min: 1, Avg: 91.5, Max: 118, Diff: 117, Sum: 732]
      [GC Worker Other (ms): Min: 0.1, Avg: 0.1, Max: 0.2, Diff: 0.2, Sum: 1.1]
      [GC Worker Total (ms): Min: 71.2, Avg: 71.3, Max: 71.4, Diff: 0.2, Sum: 570.4]
      [GC Worker End (ms): Min: 462962281.3, Avg: 462962281.3, Max: 462962281.4, Diff: 0.1]
   [Code Root Fixup: 0.1 ms]
   [Code Root Purge: 0.0 ms]
   [Clear CT: 0.6 ms]
   [Other: 8.6 ms]
      [Choose CSet: 0.0 ms]
      [Ref Proc: 1.5 ms]
      [Ref Enq: 0.1 ms]
      [Redirty Cards: 0.1 ms]
      [Humongous Register: 1.5 ms]
      [Humongous Reclaim: 0.3 ms]
      [Free CSet: 4.1 ms]
   [Eden: 3304.0M(3304.0M)->0.0B(1242.0M) Survivors: 134.0M->124.0M Heap: 5114.0M(6144.0M)->1702.4M(6144.0M)]
 [Times: user=0.49 sys=0.09, real=0.08 secs] 
2025-07-25T20:34:42.667+0800: 463036.503: [GC pause (G1 Evacuation Pause) (young), 0.0720083 secs]
   [Parallel Time: 63.1 ms, GC Workers: 8]
      [GC Worker Start (ms): Min: 463036507.5, Avg: 463036507.6, Max: 463036507.6, Diff: 0.1]
      [Ext Root Scanning (ms): Min: 2.9, Avg: 4.1, Max: 10.8, Diff: 8.0, Sum: 32.5]
      [Update RS (ms): Min: 12.2, Avg: 18.7, Max: 20.4, Diff: 8.2, Sum: 149.9]
         [Processed Buffers: Min: 89, Avg: 106.1, Max: 127, Diff: 38, Sum: 849]
      [Scan RS (ms): Min: 0.0, Avg: 0.1, Max: 0.2, Diff: 0.2, Sum: 1.2]
      [Code Root Scanning (ms): Min: 0.0, Avg: 0.0, Max: 0.0, Diff: 0.0, Sum: 0.0]
      [Object Copy (ms): Min: 39.2, Avg: 39.7, Max: 39.8, Diff: 0.6, Sum: 317.5]
      [Termination (ms): Min: 0.0, Avg: 0.1, Max: 0.2, Diff: 0.2, Sum: 1.0]
         [Termination Attempts: Min: 1, Avg: 124.9, Max: 165, Diff: 164, Sum: 999]
      [GC Worker Other (ms): Min: 0.1, Avg: 0.1, Max: 0.2, Diff: 0.1, Sum: 1.1]
      [GC Worker Total (ms): Min: 62.8, Avg: 62.9, Max: 63.0, Diff: 0.2, Sum: 503.1]
      [GC Worker End (ms): Min: 463036570.4, Avg: 463036570.5, Max: 463036570.5, Diff: 0.1]
   [Code Root Fixup: 0.0 ms]
   [Code Root Purge: 0.0 ms]
   [Clear CT: 0.3 ms]
   [Other: 8.6 ms]
      [Choose CSet: 0.0 ms]
      [Ref Proc: 0.7 ms]
      [Ref Enq: 0.0 ms]
      [Redirty Cards: 0.3 ms]
      [Humongous Register: 4.4 ms]
      [Humongous Reclaim: 0.3 ms]
      [Free CSet: 1.8 ms]
   [Eden: 1242.0M(1242.0M)->0.0B(3338.0M) Survivors: 124.0M->28.0M Heap: 3031.6M(6144.0M)->1724.2M(6144.0M)]
 [Times: user=0.49 sys=0.03, real=0.07 secs] 
2025-07-25T20:37:17.146+0800: 463190.982: [GC pause (G1 Evacuation Pause) (young), 0.0381191 secs]
   [Parallel Time: 28.3 ms, GC Workers: 8]
      [GC Worker Start (ms): Min: 463190984.0, Avg: 463190984.1, Max: 463190984.2, Diff: 0.2]
      [Ext Root Scanning (ms): Min: 3.0, Avg: 4.2, Max: 11.3, Diff: 8.4, Sum: 33.7]
      [Update RS (ms): Min: 7.9, Avg: 14.5, Max: 15.9, Diff: 8.0, Sum: 116.3]
         [Processed Buffers: Min: 53, Avg: 106.1, Max: 133, Diff: 80, Sum: 849]
      [Scan RS (ms): Min: 0.8, Avg: 1.1, Max: 1.2, Diff: 0.4, Sum: 8.4]
      [Code Root Scanning (ms): Min: 0.0, Avg: 0.0, Max: 0.0, Diff: 0.0, Sum: 0.1]
      [Object Copy (ms): Min: 7.3, Avg: 7.5, Max: 8.0, Diff: 0.7, Sum: 59.9]
      [Termination (ms): Min: 0.0, Avg: 0.6, Max: 0.7, Diff: 0.7, Sum: 5.0]
         [Termination Attempts: Min: 1, Avg: 3.2, Max: 6, Diff: 5, Sum: 26]
      [GC Worker Other (ms): Min: 0.1, Avg: 0.1, Max: 0.2, Diff: 0.1, Sum: 1.0]
      [GC Worker Total (ms): Min: 27.8, Avg: 28.1, Max: 28.2, Diff: 0.3, Sum: 224.4]
      [GC Worker End (ms): Min: 463191012.0, Avg: 463191012.1, Max: 463191012.2, Diff: 0.2]
   [Code Root Fixup: 0.0 ms]
   [Code Root Purge: 0.0 ms]
   [Clear CT: 0.8 ms]
   [Other: 9.0 ms]
      [Choose CSet: 0.0 ms]
      [Ref Proc: 1.1 ms]
      [Ref Enq: 0.1 ms]
      [Redirty Cards: 0.1 ms]
      [Humongous Register: 1.4 ms]
      [Humongous Reclaim: 0.7 ms]
      [Free CSet: 4.4 ms]
   [Eden: 3338.0M(3338.0M)->0.0B(3350.0M) Survivors: 28.0M->30.0M Heap: 5253.9M(6144.0M)->1725.2M(6144.0M)]
 [Times: user=0.13 sys=0.11, real=0.04 secs] 
2025-07-25T20:40:04.222+0800: 463358.057: [GC pause (G1 Evacuation Pause) (young), 0.0466375 secs]
   [Parallel Time: 34.9 ms, GC Workers: 8]
      [GC Worker Start (ms): Min: 463358061.0, Avg: 463358061.1, Max: 463358061.2, Diff: 0.2]
      [Ext Root Scanning (ms): Min: 3.0, Avg: 4.3, Max: 11.6, Diff: 8.6, Sum: 34.3]
      [Update RS (ms): Min: 11.0, Avg: 18.1, Max: 19.6, Diff: 8.5, Sum: 144.6]
         [Processed Buffers: Min: 96, Avg: 132.1, Max: 154, Diff: 58, Sum: 1057]
      [Scan RS (ms): Min: 0.7, Avg: 1.0, Max: 1.2, Diff: 0.5, Sum: 8.3]
      [Code Root Scanning (ms): Min: 0.0, Avg: 0.0, Max: 0.0, Diff: 0.0, Sum: 0.1]
      [Object Copy (ms): Min: 10.9, Avg: 11.1, Max: 11.2, Diff: 0.3, Sum: 88.5]
      [Termination (ms): Min: 0.0, Avg: 0.1, Max: 0.1, Diff: 0.1, Sum: 0.7]
         [Termination Attempts: Min: 1, Avg: 1.6, Max: 3, Diff: 2, Sum: 13]
      [GC Worker Other (ms): Min: 0.0, Avg: 0.1, Max: 0.2, Diff: 0.1, Sum: 1.0]
      [GC Worker Total (ms): Min: 34.6, Avg: 34.7, Max: 34.7, Diff: 0.2, Sum: 277.4]
      [GC Worker End (ms): Min: 463358095.7, Avg: 463358095.8, Max: 463358095.9, Diff: 0.1]
   [Code Root Fixup: 0.0 ms]
   [Code Root Purge: 0.0 ms]
   [Clear CT: 0.7 ms]
   [Other: 11.0 ms]
      [Choose CSet: 0.0 ms]
      [Ref Proc: 1.7 ms]
      [Ref Enq: 0.2 ms]
      [Redirty Cards: 0.1 ms]
      [Humongous Register: 2.7 ms]
      [Humongous Reclaim: 0.7 ms]
      [Free CSet: 4.4 ms]
   [Eden: 3350.0M(3350.0M)->0.0B(3334.0M) Survivors: 30.0M->48.0M Heap: 5263.2M(6144.0M)->1744.2M(6144.0M)]
 [Times: user=0.26 sys=0.03, real=0.05 secs] 
2025-07-25T20:40:45.305+0800: 463399.141: [GC pause (G1 Evacuation Pause) (young), 0.0328111 secs]
   [Parallel Time: 26.9 ms, GC Workers: 8]
      [GC Worker Start (ms): Min: 463399141.8, Avg: 463399141.8, Max: 463399141.9, Diff: 0.1]
      [Ext Root Scanning (ms): Min: 2.2, Avg: 2.4, Max: 3.2, Diff: 1.0, Sum: 19.6]
      [Update RS (ms): Min: 10.9, Avg: 11.4, Max: 11.8, Diff: 0.9, Sum: 91.2]
         [Processed Buffers: Min: 56, Avg: 74.5, Max: 93, Diff: 37, Sum: 596]
      [Scan RS (ms): Min: 0.2, Avg: 0.3, Max: 0.4, Diff: 0.2, Sum: 2.7]
      [Code Root Scanning (ms): Min: 0.0, Avg: 0.0, Max: 0.0, Diff: 0.0, Sum: 0.1]
      [Object Copy (ms): Min: 12.1, Avg: 12.3, Max: 12.5, Diff: 0.3, Sum: 98.8]
      [Termination (ms): Min: 0.0, Avg: 0.1, Max: 0.1, Diff: 0.1, Sum: 0.6]
         [Termination Attempts: Min: 1, Avg: 22.9, Max: 35, Diff: 34, Sum: 183]
      [GC Worker Other (ms): Min: 0.0, Avg: 0.0, Max: 0.1, Diff: 0.1, Sum: 0.4]
      [GC Worker Total (ms): Min: 26.6, Avg: 26.7, Max: 26.7, Diff: 0.1, Sum: 213.3]
      [GC Worker End (ms): Min: 463399168.5, Avg: 463399168.5, Max: 463399168.5, Diff: 0.1]
   [Code Root Fixup: 0.0 ms]
   [Code Root Purge: 0.0 ms]
   [Clear CT: 0.6 ms]
   [Other: 5.3 ms]
      [Choose CSet: 0.0 ms]
      [Ref Proc: 1.8 ms]
      [Ref Enq: 0.2 ms]
      [Redirty Cards: 0.1 ms]
      [Humongous Register: 0.6 ms]
      [Humongous Reclaim: 0.1 ms]
      [Free CSet: 1.8 ms]
   [Eden: 3334.0M(3334.0M)->0.0B(3330.0M) Survivors: 48.0M->56.0M Heap: 5124.2M(6144.0M)->1752.2M(6144.0M)]
 [Times: user=0.20 sys=0.02, real=0.04 secs] 
2025-07-25T20:41:16.947+0800: 463430.783: [GC pause (G1 Evacuation Pause) (young), 0.0389872 secs]
   [Parallel Time: 28.6 ms, GC Workers: 8]
      [GC Worker Start (ms): Min: 463430786.3, Avg: 463430786.4, Max: 463430786.5, Diff: 0.2]
      [Ext Root Scanning (ms): Min: 3.1, Avg: 4.4, Max: 11.5, Diff: 8.4, Sum: 35.2]
      [Update RS (ms): Min: 5.9, Avg: 12.7, Max: 14.8, Diff: 8.9, Sum: 101.2]
         [Processed Buffers: Min: 30, Avg: 82.4, Max: 103, Diff: 73, Sum: 659]
      [Scan RS (ms): Min: 0.1, Avg: 0.3, Max: 0.5, Diff: 0.4, Sum: 2.7]
      [Code Root Scanning (ms): Min: 0.0, Avg: 0.0, Max: 0.0, Diff: 0.0, Sum: 0.1]
      [Object Copy (ms): Min: 10.0, Avg: 10.7, Max: 11.0, Diff: 1.0, Sum: 86.0]
      [Termination (ms): Min: 0.0, Avg: 0.1, Max: 0.1, Diff: 0.1, Sum: 0.4]
         [Termination Attempts: Min: 1, Avg: 2.5, Max: 4, Diff: 3, Sum: 20]
      [GC Worker Other (ms): Min: 0.1, Avg: 0.1, Max: 0.3, Diff: 0.2, Sum: 1.1]
      [GC Worker Total (ms): Min: 28.2, Avg: 28.3, Max: 28.5, Diff: 0.2, Sum: 226.8]
      [GC Worker End (ms): Min: 463430814.6, Avg: 463430814.7, Max: 463430814.7, Diff: 0.1]
   [Code Root Fixup: 0.0 ms]
   [Code Root Purge: 0.0 ms]
   [Clear CT: 0.5 ms]
   [Other: 9.9 ms]
      [Choose CSet: 0.0 ms]
      [Ref Proc: 1.8 ms]
      [Ref Enq: 0.2 ms]
      [Redirty Cards: 0.1 ms]
      [Humongous Register: 2.6 ms]
      [Humongous Reclaim: 0.2 ms]
      [Free CSet: 4.0 ms]
   [Eden: 3330.0M(3330.0M)->0.0B(3320.0M) Survivors: 56.0M->56.0M Heap: 5138.1M(6144.0M)->1758.2M(6144.0M)]
 [Times: user=0.21 sys=0.03, real=0.03 secs] 
2025-07-25T20:41:55.223+0800: 463469.058: [GC pause (G1 Evacuation Pause) (young), 0.0335414 secs]
   [Parallel Time: 27.2 ms, GC Workers: 8]
      [GC Worker Start (ms): Min: 463469059.5, Avg: 463469059.5, Max: 463469059.6, Diff: 0.1]
      [Ext Root Scanning (ms): Min: 2.2, Avg: 2.5, Max: 3.2, Diff: 1.0, Sum: 19.6]
      [Update RS (ms): Min: 13.1, Avg: 13.6, Max: 13.9, Diff: 0.8, Sum: 108.6]
         [Processed Buffers: Min: 62, Avg: 83.8, Max: 97, Diff: 35, Sum: 670]
      [Scan RS (ms): Min: 0.2, Avg: 0.3, Max: 0.4, Diff: 0.2, Sum: 2.8]
      [Code Root Scanning (ms): Min: 0.0, Avg: 0.0, Max: 0.0, Diff: 0.0, Sum: 0.1]
      [Object Copy (ms): Min: 10.2, Avg: 10.4, Max: 10.6, Diff: 0.4, Sum: 83.5]
      [Termination (ms): Min: 0.0, Avg: 0.0, Max: 0.0, Diff: 0.0, Sum: 0.3]
         [Termination Attempts: Min: 1, Avg: 40.2, Max: 51, Diff: 50, Sum: 322]
      [GC Worker Other (ms): Min: 0.0, Avg: 0.1, Max: 0.2, Diff: 0.2, Sum: 0.8]
      [GC Worker Total (ms): Min: 26.9, Avg: 26.9, Max: 27.1, Diff: 0.2, Sum: 215.6]
      [GC Worker End (ms): Min: 463469086.4, Avg: 463469086.5, Max: 463469086.6, Diff: 0.2]
   [Code Root Fixup: 0.0 ms]
   [Code Root Purge: 0.0 ms]
   [Clear CT: 0.5 ms]
   [Other: 5.8 ms]
      [Choose CSet: 0.0 ms]
      [Ref Proc: 2.2 ms]
      [Ref Enq: 0.2 ms]
      [Redirty Cards: 0.1 ms]
      [Humongous Register: 0.7 ms]
      [Humongous Reclaim: 0.2 ms]
      [Free CSet: 1.7 ms]
   [Eden: 3320.0M(3320.0M)->0.0B(3342.0M) Survivors: 56.0M->42.0M Heap: 5136.3M(6144.0M)->1744.2M(6144.0M)]
 [Times: user=0.22 sys=0.00, real=0.03 secs] 
2025-07-25T20:43:04.796+0800: 463538.632: [GC pause (G1 Evacuation Pause) (young), 0.0476440 secs]
   [Parallel Time: 36.4 ms, GC Workers: 8]
      [GC Worker Start (ms): Min: 463538635.4, Avg: 463538635.5, Max: 463538635.6, Diff: 0.2]
      [Ext Root Scanning (ms): Min: 3.0, Avg: 4.6, Max: 11.7, Diff: 8.7, Sum: 36.5]
      [Update RS (ms): Min: 14.6, Avg: 21.2, Max: 22.8, Diff: 8.1, Sum: 169.6]
         [Processed Buffers: Min: 79, Avg: 126.2, Max: 142, Diff: 63, Sum: 1010]
      [Scan RS (ms): Min: 0.1, Avg: 0.3, Max: 0.5, Diff: 0.3, Sum: 2.7]
      [Code Root Scanning (ms): Min: 0.0, Avg: 0.0, Max: 0.0, Diff: 0.0, Sum: 0.1]
      [Object Copy (ms): Min: 9.7, Avg: 10.0, Max: 10.1, Diff: 0.4, Sum: 79.8]
      [Termination (ms): Min: 0.0, Avg: 0.0, Max: 0.0, Diff: 0.0, Sum: 0.1]
         [Termination Attempts: Min: 1, Avg: 10.2, Max: 17, Diff: 16, Sum: 82]
      [GC Worker Other (ms): Min: 0.1, Avg: 0.1, Max: 0.2, Diff: 0.1, Sum: 1.1]
      [GC Worker Total (ms): Min: 36.1, Avg: 36.2, Max: 36.3, Diff: 0.2, Sum: 289.8]
      [GC Worker End (ms): Min: 463538671.7, Avg: 463538671.7, Max: 463538671.8, Diff: 0.1]
   [Code Root Fixup: 0.0 ms]
   [Code Root Purge: 0.0 ms]
   [Clear CT: 0.6 ms]
   [Other: 10.6 ms]
      [Choose CSet: 0.0 ms]
      [Ref Proc: 1.8 ms]
      [Ref Enq: 0.2 ms]
      [Redirty Cards: 0.1 ms]
      [Humongous Register: 2.9 ms]
      [Humongous Reclaim: 0.3 ms]
      [Free CSet: 4.0 ms]
   [Eden: 3342.0M(3342.0M)->0.0B(3350.0M) Survivors: 42.0M->38.0M Heap: 5182.0M(6144.0M)->1739.2M(6144.0M)]
 [Times: user=0.27 sys=0.04, real=0.05 secs] 
2025-07-25T20:48:00.977+0800: 463834.812: [GC pause (G1 Evacuation Pause) (young), 0.0457075 secs]
   [Parallel Time: 33.5 ms, GC Workers: 8]
      [GC Worker Start (ms): Min: 463834816.5, Avg: 463834816.6, Max: 463834816.7, Diff: 0.2]
      [Ext Root Scanning (ms): Min: 3.2, Avg: 4.4, Max: 11.1, Diff: 7.8, Sum: 35.2]
      [Update RS (ms): Min: 13.4, Avg: 19.9, Max: 21.3, Diff: 8.0, Sum: 159.3]
         [Processed Buffers: Min: 109, Avg: 129.5, Max: 140, Diff: 31, Sum: 1036]
      [Scan RS (ms): Min: 1.8, Avg: 2.2, Max: 2.4, Diff: 0.6, Sum: 17.5]
      [Code Root Scanning (ms): Min: 0.0, Avg: 0.0, Max: 0.0, Diff: 0.0, Sum: 0.1]
      [Object Copy (ms): Min: 6.4, Avg: 6.6, Max: 6.7, Diff: 0.3, Sum: 52.7]
      [Termination (ms): Min: 0.0, Avg: 0.0, Max: 0.0, Diff: 0.0, Sum: 0.0]
         [Termination Attempts: Min: 1, Avg: 3.5, Max: 7, Diff: 6, Sum: 28]
      [GC Worker Other (ms): Min: 0.1, Avg: 0.2, Max: 0.2, Diff: 0.1, Sum: 1.2]
      [GC Worker Total (ms): Min: 33.2, Avg: 33.3, Max: 33.3, Diff: 0.1, Sum: 266.0]
      [GC Worker End (ms): Min: 463834849.8, Avg: 463834849.9, Max: 463834849.9, Diff: 0.1]
   [Code Root Fixup: 0.0 ms]
   [Code Root Purge: 0.0 ms]
   [Clear CT: 0.9 ms]
   [Other: 11.3 ms]
      [Choose CSet: 0.0 ms]
      [Ref Proc: 1.5 ms]
      [Ref Enq: 0.1 ms]
      [Redirty Cards: 0.2 ms]
      [Humongous Register: 3.2 ms]
      [Humongous Reclaim: 0.7 ms]
      [Free CSet: 4.3 ms]
   [Eden: 3350.0M(3350.0M)->0.0B(3368.0M) Survivors: 38.0M->28.0M Heap: 5283.2M(6144.0M)->1729.2M(6144.0M)]
 [Times: user=0.24 sys=0.03, real=0.05 secs] 
2025-07-25T21:03:01.055+0800: 464734.891: [GC pause (G1 Evacuation Pause) (young), 0.0442670 secs]
   [Parallel Time: 31.2 ms, GC Workers: 8]
      [GC Worker Start (ms): Min: 464734892.9, Avg: 464734893.0, Max: 464734893.0, Diff: 0.2]
      [Ext Root Scanning (ms): Min: 3.0, Avg: 4.2, Max: 11.2, Diff: 8.3, Sum: 33.7]
      [Update RS (ms): Min: 4.6, Avg: 11.4, Max: 12.7, Diff: 8.1, Sum: 91.5]
         [Processed Buffers: Min: 54, Avg: 70.2, Max: 91, Diff: 37, Sum: 562]
      [Scan RS (ms): Min: 0.1, Avg: 0.4, Max: 0.5, Diff: 0.3, Sum: 3.0]
      [Code Root Scanning (ms): Min: 0.0, Avg: 0.0, Max: 0.0, Diff: 0.0, Sum: 0.1]
      [Object Copy (ms): Min: 13.7, Avg: 14.2, Max: 15.0, Diff: 1.3, Sum: 113.8]
      [Termination (ms): Min: 0.0, Avg: 0.7, Max: 0.8, Diff: 0.8, Sum: 5.4]
         [Termination Attempts: Min: 1, Avg: 4.1, Max: 11, Diff: 10, Sum: 33]
      [GC Worker Other (ms): Min: 0.1, Avg: 0.1, Max: 0.2, Diff: 0.1, Sum: 1.0]
      [GC Worker Total (ms): Min: 31.0, Avg: 31.1, Max: 31.1, Diff: 0.2, Sum: 248.4]
      [GC Worker End (ms): Min: 464734924.0, Avg: 464734924.0, Max: 464734924.0, Diff: 0.1]
   [Code Root Fixup: 0.0 ms]
   [Code Root Purge: 0.0 ms]
   [Clear CT: 0.7 ms]
   [Other: 12.3 ms]
      [Choose CSet: 0.0 ms]
      [Ref Proc: 5.2 ms]
      [Ref Enq: 0.1 ms]
      [Redirty Cards: 0.1 ms]
      [Humongous Register: 1.6 ms]
      [Humongous Reclaim: 0.4 ms]
      [Free CSet: 4.0 ms]
   [Eden: 3368.0M(3368.0M)->0.0B(3364.0M) Survivors: 28.0M->40.0M Heap: 5156.9M(6144.0M)->1742.9M(6144.0M)]
 [Times: user=0.21 sys=0.06, real=0.05 secs] 
2025-07-25T21:05:20.927+0800: 464874.762: [GC pause (G1 Evacuation Pause) (young), 0.0450277 secs]
   [Parallel Time: 35.7 ms, GC Workers: 8]
      [GC Worker Start (ms): Min: 464874764.0, Avg: 464874764.1, Max: 464874764.2, Diff: 0.2]
      [Ext Root Scanning (ms): Min: 3.1, Avg: 4.3, Max: 11.2, Diff: 8.0, Sum: 34.7]
      [Update RS (ms): Min: 9.9, Avg: 16.6, Max: 17.8, Diff: 7.9, Sum: 132.5]
         [Processed Buffers: Min: 81, Avg: 112.1, Max: 125, Diff: 44, Sum: 897]
      [Scan RS (ms): Min: 1.6, Avg: 2.0, Max: 2.2, Diff: 0.6, Sum: 15.8]
      [Code Root Scanning (ms): Min: 0.0, Avg: 0.0, Max: 0.0, Diff: 0.0, Sum: 0.1]
      [Object Copy (ms): Min: 12.2, Avg: 12.4, Max: 12.6, Diff: 0.4, Sum: 99.0]
      [Termination (ms): Min: 0.0, Avg: 0.1, Max: 0.1, Diff: 0.1, Sum: 0.8]
         [Termination Attempts: Min: 1, Avg: 1.6, Max: 2, Diff: 1, Sum: 13]
      [GC Worker Other (ms): Min: 0.0, Avg: 0.1, Max: 0.2, Diff: 0.1, Sum: 0.9]
      [GC Worker Total (ms): Min: 35.4, Avg: 35.5, Max: 35.5, Diff: 0.2, Sum: 283.8]
      [GC Worker End (ms): Min: 464874799.5, Avg: 464874799.6, Max: 464874799.6, Diff: 0.1]
   [Code Root Fixup: 0.0 ms]
   [Code Root Purge: 0.0 ms]
   [Clear CT: 0.8 ms]
   [Other: 8.5 ms]
      [Choose CSet: 0.0 ms]
      [Ref Proc: 1.0 ms]
      [Ref Enq: 0.1 ms]
      [Redirty Cards: 0.1 ms]
      [Humongous Register: 1.2 ms]
      [Humongous Reclaim: 0.8 ms]
      [Free CSet: 4.3 ms]
   [Eden: 3364.0M(3364.0M)->0.0B(3356.0M) Survivors: 40.0M->48.0M Heap: 5333.0M(6144.0M)->1743.2M(6144.0M)]
 [Times: user=0.29 sys=0.00, real=0.05 secs] 
2025-07-25T21:08:46.696+0800: 465080.532: [GC pause (G1 Evacuation Pause) (young), 0.0544994 secs]
   [Parallel Time: 44.5 ms, GC Workers: 8]
      [GC Worker Start (ms): Min: 465080534.0, Avg: 465080534.1, Max: 465080534.3, Diff: 0.2]
      [Ext Root Scanning (ms): Min: 3.2, Avg: 4.7, Max: 13.0, Diff: 9.8, Sum: 37.5]
      [Update RS (ms): Min: 19.0, Avg: 27.1, Max: 28.8, Diff: 9.8, Sum: 216.9]
         [Processed Buffers: Min: 138, Avg: 166.9, Max: 195, Diff: 57, Sum: 1335]
      [Scan RS (ms): Min: 2.3, Avg: 2.7, Max: 2.9, Diff: 0.6, Sum: 21.4]
      [Code Root Scanning (ms): Min: 0.0, Avg: 0.0, Max: 0.0, Diff: 0.0, Sum: 0.1]
      [Object Copy (ms): Min: 8.9, Avg: 9.1, Max: 9.3, Diff: 0.4, Sum: 73.1]
      [Termination (ms): Min: 0.0, Avg: 0.4, Max: 0.5, Diff: 0.5, Sum: 3.4]
         [Termination Attempts: Min: 1, Avg: 4.4, Max: 10, Diff: 9, Sum: 35]
      [GC Worker Other (ms): Min: 0.1, Avg: 0.1, Max: 0.2, Diff: 0.2, Sum: 1.1]
      [GC Worker Total (ms): Min: 44.1, Avg: 44.2, Max: 44.4, Diff: 0.3, Sum: 353.5]
      [GC Worker End (ms): Min: 465080578.2, Avg: 465080578.3, Max: 465080578.4, Diff: 0.2]
   [Code Root Fixup: 0.0 ms]
   [Code Root Purge: 0.0 ms]
   [Clear CT: 0.8 ms]
   [Other: 9.2 ms]
      [Choose CSet: 0.0 ms]
      [Ref Proc: 1.6 ms]
      [Ref Enq: 0.1 ms]
      [Redirty Cards: 0.2 ms]
      [Humongous Register: 1.5 ms]
      [Humongous Reclaim: 0.6 ms]
      [Free CSet: 4.2 ms]
   [Eden: 3356.0M(3356.0M)->0.0B(3380.0M) Survivors: 48.0M->36.0M Heap: 5287.3M(6144.0M)->1732.2M(6144.0M)]
 [Times: user=0.29 sys=0.07, real=0.06 secs] 
2025-07-25T21:10:23.016+0800: 465176.851: [GC pause (G1 Evacuation Pause) (young), 0.0566294 secs]
   [Parallel Time: 46.3 ms, GC Workers: 8]
      [GC Worker Start (ms): Min: 465176853.5, Avg: 465176853.6, Max: 465176853.7, Diff: 0.2]
      [Ext Root Scanning (ms): Min: 3.0, Avg: 4.5, Max: 13.7, Diff: 10.7, Sum: 36.3]
      [Update RS (ms): Min: 14.8, Avg: 23.2, Max: 25.0, Diff: 10.2, Sum: 185.5]
         [Processed Buffers: Min: 75, Avg: 148.2, Max: 176, Diff: 101, Sum: 1186]
      [Scan RS (ms): Min: 0.1, Avg: 0.4, Max: 0.6, Diff: 0.4, Sum: 2.9]
      [Code Root Scanning (ms): Min: 0.0, Avg: 0.0, Max: 0.0, Diff: 0.0, Sum: 0.1]
      [Object Copy (ms): Min: 17.4, Avg: 17.8, Max: 18.0, Diff: 0.6, Sum: 142.8]
      [Termination (ms): Min: 0.0, Avg: 0.0, Max: 0.0, Diff: 0.0, Sum: 0.0]
         [Termination Attempts: Min: 1, Avg: 1.2, Max: 2, Diff: 1, Sum: 10]
      [GC Worker Other (ms): Min: 0.1, Avg: 0.1, Max: 0.2, Diff: 0.2, Sum: 1.2]
      [GC Worker Total (ms): Min: 46.0, Avg: 46.1, Max: 46.2, Diff: 0.2, Sum: 368.7]
      [GC Worker End (ms): Min: 465176899.7, Avg: 465176899.7, Max: 465176899.7, Diff: 0.1]
   [Code Root Fixup: 0.0 ms]
   [Code Root Purge: 0.0 ms]
   [Clear CT: 0.7 ms]
   [Other: 9.6 ms]
      [Choose CSet: 0.0 ms]
      [Ref Proc: 2.1 ms]
      [Ref Enq: 0.2 ms]
      [Redirty Cards: 0.1 ms]
      [Humongous Register: 1.3 ms]
      [Humongous Reclaim: 0.5 ms]
      [Free CSet: 4.4 ms]
   [Eden: 3380.0M(3380.0M)->0.0B(3288.0M) Survivors: 36.0M->82.0M Heap: 5230.8M(6144.0M)->1777.2M(6144.0M)]
 [Times: user=0.38 sys=0.00, real=0.06 secs] 
2025-07-25T21:11:00.662+0800: 465214.497: [GC pause (G1 Evacuation Pause) (young), 0.0464053 secs]
   [Parallel Time: 36.6 ms, GC Workers: 8]
      [GC Worker Start (ms): Min: 465214499.1, Avg: 465214499.1, Max: 465214499.2, Diff: 0.1]
      [Ext Root Scanning (ms): Min: 2.5, Avg: 2.7, Max: 3.2, Diff: 0.7, Sum: 21.7]
      [Update RS (ms): Min: 16.4, Avg: 16.8, Max: 17.0, Diff: 0.7, Sum: 134.4]
         [Processed Buffers: Min: 84, Avg: 102.0, Max: 108, Diff: 24, Sum: 816]
      [Scan RS (ms): Min: 0.2, Avg: 0.4, Max: 0.5, Diff: 0.2, Sum: 3.0]
      [Code Root Scanning (ms): Min: 0.0, Avg: 0.0, Max: 0.0, Diff: 0.0, Sum: 0.1]
      [Object Copy (ms): Min: 16.2, Avg: 16.4, Max: 16.5, Diff: 0.3, Sum: 131.0]
      [Termination (ms): Min: 0.0, Avg: 0.0, Max: 0.0, Diff: 0.0, Sum: 0.1]
         [Termination Attempts: Min: 1, Avg: 14.9, Max: 20, Diff: 19, Sum: 119]
      [GC Worker Other (ms): Min: 0.0, Avg: 0.1, Max: 0.1, Diff: 0.1, Sum: 0.7]
      [GC Worker Total (ms): Min: 36.3, Avg: 36.4, Max: 36.5, Diff: 0.1, Sum: 291.0]
      [GC Worker End (ms): Min: 465214535.4, Avg: 465214535.5, Max: 465214535.5, Diff: 0.1]
   [Code Root Fixup: 0.1 ms]
   [Code Root Purge: 0.0 ms]
   [Clear CT: 0.8 ms]
   [Other: 9.0 ms]
      [Choose CSet: 0.0 ms]
      [Ref Proc: 3.2 ms]
      [Ref Enq: 0.3 ms]
      [Redirty Cards: 0.1 ms]
      [Humongous Register: 1.1 ms]
      [Humongous Reclaim: 0.3 ms]
      [Free CSet: 3.0 ms]
   [Eden: 3288.0M(3288.0M)->0.0B(3290.0M) Survivors: 82.0M->70.0M Heap: 5138.2M(6144.0M)->1781.6M(6144.0M)]
 [Times: user=0.27 sys=0.04, real=0.05 secs] 
2025-07-25T21:11:40.645+0800: 465254.481: [GC pause (G1 Evacuation Pause) (young), 0.0389696 secs]
   [Parallel Time: 26.3 ms, GC Workers: 8]
      [GC Worker Start (ms): Min: 465254484.4, Avg: 465254484.5, Max: 465254484.7, Diff: 0.2]
      [Ext Root Scanning (ms): Min: 3.0, Avg: 4.3, Max: 11.1, Diff: 8.1, Sum: 34.4]
      [Update RS (ms): Min: 5.4, Avg: 11.8, Max: 12.8, Diff: 7.4, Sum: 94.0]
         [Processed Buffers: Min: 55, Avg: 75.2, Max: 92, Diff: 37, Sum: 602]
      [Scan RS (ms): Min: 0.1, Avg: 0.3, Max: 0.4, Diff: 0.3, Sum: 2.8]
      [Code Root Scanning (ms): Min: 0.0, Avg: 0.0, Max: 0.0, Diff: 0.0, Sum: 0.1]
      [Object Copy (ms): Min: 9.3, Avg: 9.5, Max: 9.7, Diff: 0.4, Sum: 76.2]
      [Termination (ms): Min: 0.0, Avg: 0.0, Max: 0.0, Diff: 0.0, Sum: 0.1]
         [Termination Attempts: Min: 1, Avg: 14.0, Max: 21, Diff: 20, Sum: 112]
      [GC Worker Other (ms): Min: 0.1, Avg: 0.2, Max: 0.3, Diff: 0.1, Sum: 1.3]
      [GC Worker Total (ms): Min: 26.0, Avg: 26.1, Max: 26.2, Diff: 0.2, Sum: 209.0]
      [GC Worker End (ms): Min: 465254510.6, Avg: 465254510.7, Max: 465254510.7, Diff: 0.1]
   [Code Root Fixup: 0.0 ms]
   [Code Root Purge: 0.0 ms]
   [Clear CT: 0.6 ms]
   [Other: 12.0 ms]
      [Choose CSet: 0.0 ms]
      [Ref Proc: 3.4 ms]
      [Ref Enq: 0.2 ms]
      [Redirty Cards: 0.1 ms]
      [Humongous Register: 2.8 ms]
      [Humongous Reclaim: 0.3 ms]
      [Free CSet: 4.2 ms]
   [Eden: 3290.0M(3290.0M)->0.0B(3342.0M) Survivors: 70.0M->54.0M Heap: 5117.6M(6144.0M)->1752.5M(6144.0M)]
 [Times: user=0.20 sys=0.02, real=0.04 secs] 
2025-07-25T21:13:00.634+0800: 465334.469: [GC pause (G1 Evacuation Pause) (young), 0.0363048 secs]
   [Parallel Time: 29.5 ms, GC Workers: 8]
      [GC Worker Start (ms): Min: 465334470.3, Avg: 465334470.4, Max: 465334470.4, Diff: 0.1]
      [Ext Root Scanning (ms): Min: 2.7, Avg: 3.8, Max: 9.8, Diff: 7.1, Sum: 30.0]
      [Update RS (ms): Min: 6.0, Avg: 11.8, Max: 12.7, Diff: 6.7, Sum: 94.4]
         [Processed Buffers: Min: 52, Avg: 76.2, Max: 90, Diff: 38, Sum: 610]
      [Scan RS (ms): Min: 0.2, Avg: 0.4, Max: 0.4, Diff: 0.2, Sum: 3.0]
      [Code Root Scanning (ms): Min: 0.0, Avg: 0.0, Max: 0.0, Diff: 0.0, Sum: 0.1]
      [Object Copy (ms): Min: 13.2, Avg: 13.3, Max: 13.4, Diff: 0.3, Sum: 106.8]
      [Termination (ms): Min: 0.0, Avg: 0.0, Max: 0.0, Diff: 0.0, Sum: 0.1]
         [Termination Attempts: Min: 1, Avg: 3.8, Max: 6, Diff: 5, Sum: 30]
      [GC Worker Other (ms): Min: 0.0, Avg: 0.1, Max: 0.1, Diff: 0.1, Sum: 0.5]
      [GC Worker Total (ms): Min: 29.3, Avg: 29.4, Max: 29.4, Diff: 0.1, Sum: 234.8]
      [GC Worker End (ms): Min: 465334499.7, Avg: 465334499.7, Max: 465334499.8, Diff: 0.1]
   [Code Root Fixup: 0.0 ms]
   [Code Root Purge: 0.0 ms]
   [Clear CT: 0.6 ms]
   [Other: 6.2 ms]
      [Choose CSet: 0.0 ms]
      [Ref Proc: 2.7 ms]
      [Ref Enq: 0.2 ms]
      [Redirty Cards: 0.1 ms]
      [Humongous Register: 0.5 ms]
      [Humongous Reclaim: 0.2 ms]
      [Free CSet: 1.8 ms]
   [Eden: 3342.0M(3342.0M)->0.0B(3344.0M) Survivors: 54.0M->52.0M Heap: 5140.6M(6144.0M)->1750.9M(6144.0M)]
 [Times: user=0.22 sys=0.02, real=0.04 secs] 
2025-07-25T21:15:22.506+0800: 465476.342: [GC pause (G1 Evacuation Pause) (young), 0.0457999 secs]
   [Parallel Time: 33.8 ms, GC Workers: 8]
      [GC Worker Start (ms): Min: 465476344.6, Avg: 465476344.6, Max: 465476344.7, Diff: 0.1]
      [Ext Root Scanning (ms): Min: 2.6, Avg: 3.7, Max: 10.3, Diff: 7.7, Sum: 29.6]
      [Update RS (ms): Min: 12.3, Avg: 18.5, Max: 19.9, Diff: 7.6, Sum: 147.7]
         [Processed Buffers: Min: 65, Avg: 124.5, Max: 145, Diff: 80, Sum: 996]
      [Scan RS (ms): Min: 1.3, Avg: 1.7, Max: 1.9, Diff: 0.6, Sum: 13.9]
      [Code Root Scanning (ms): Min: 0.0, Avg: 0.0, Max: 0.0, Diff: 0.0, Sum: 0.1]
      [Object Copy (ms): Min: 8.7, Avg: 8.9, Max: 9.4, Diff: 0.7, Sum: 71.1]
      [Termination (ms): Min: 0.0, Avg: 0.6, Max: 0.8, Diff: 0.8, Sum: 5.1]
         [Termination Attempts: Min: 1, Avg: 6.9, Max: 11, Diff: 10, Sum: 55]
      [GC Worker Other (ms): Min: 0.0, Avg: 0.1, Max: 0.1, Diff: 0.1, Sum: 0.6]
      [GC Worker Total (ms): Min: 33.4, Avg: 33.5, Max: 33.6, Diff: 0.2, Sum: 268.1]
      [GC Worker End (ms): Min: 465476378.1, Avg: 465476378.1, Max: 465476378.2, Diff: 0.1]
   [Code Root Fixup: 0.0 ms]
   [Code Root Purge: 0.0 ms]
   [Clear CT: 0.6 ms]
   [Other: 11.3 ms]
      [Choose CSet: 0.0 ms]
      [Ref Proc: 3.3 ms]
      [Ref Enq: 0.1 ms]
      [Redirty Cards: 0.1 ms]
      [Humongous Register: 1.7 ms]
      [Humongous Reclaim: 0.5 ms]
      [Free CSet: 4.5 ms]
   [Eden: 3344.0M(3344.0M)->0.0B(3366.0M) Survivors: 52.0M->38.0M Heap: 5286.7M(6144.0M)->1738.2M(6144.0M)]
 [Times: user=0.25 sys=0.04, real=0.05 secs] 
2025-07-25T21:18:27.937+0800: 465661.772: [GC pause (G1 Evacuation Pause) (young), 0.0434694 secs]
   [Parallel Time: 31.9 ms, GC Workers: 8]
      [GC Worker Start (ms): Min: 465661774.3, Avg: 465661774.4, Max: 465661774.4, Diff: 0.1]
      [Ext Root Scanning (ms): Min: 2.8, Avg: 4.1, Max: 11.7, Diff: 8.9, Sum: 32.6]
      [Update RS (ms): Min: 10.7, Avg: 18.2, Max: 19.7, Diff: 9.0, Sum: 145.7]
         [Processed Buffers: Min: 90, Avg: 123.5, Max: 143, Diff: 53, Sum: 988]
      [Scan RS (ms): Min: 1.2, Avg: 1.5, Max: 1.8, Diff: 0.5, Sum: 12.4]
      [Code Root Scanning (ms): Min: 0.0, Avg: 0.0, Max: 0.0, Diff: 0.0, Sum: 0.1]
      [Object Copy (ms): Min: 7.6, Avg: 7.7, Max: 7.8, Diff: 0.2, Sum: 61.7]
      [Termination (ms): Min: 0.0, Avg: 0.1, Max: 0.1, Diff: 0.1, Sum: 0.8]
         [Termination Attempts: Min: 1, Avg: 18.0, Max: 25, Diff: 24, Sum: 144]
      [GC Worker Other (ms): Min: 0.0, Avg: 0.1, Max: 0.1, Diff: 0.1, Sum: 0.6]
      [GC Worker Total (ms): Min: 31.7, Avg: 31.7, Max: 31.8, Diff: 0.1, Sum: 253.8]
      [GC Worker End (ms): Min: 465661806.0, Avg: 465661806.1, Max: 465661806.1, Diff: 0.1]
   [Code Root Fixup: 0.0 ms]
   [Code Root Purge: 0.0 ms]
   [Clear CT: 0.7 ms]
   [Other: 10.7 ms]
      [Choose CSet: 0.0 ms]
      [Ref Proc: 3.6 ms]
      [Ref Enq: 0.1 ms]
      [Redirty Cards: 0.1 ms]
      [Humongous Register: 1.4 ms]
      [Humongous Reclaim: 0.5 ms]
      [Free CSet: 4.1 ms]
   [Eden: 3366.0M(3366.0M)->0.0B(3370.0M) Survivors: 38.0M->34.0M Heap: 5298.2M(6144.0M)->1739.2M(6144.0M)]
 [Times: user=0.23 sys=0.04, real=0.05 secs] 
2025-07-25T21:20:15.193+0800: 465769.028: [GC pause (G1 Evacuation Pause) (young), 0.0493147 secs]
   [Parallel Time: 42.1 ms, GC Workers: 8]
      [GC Worker Start (ms): Min: 465769029.1, Avg: 465769029.1, Max: 465769029.2, Diff: 0.1]
      [Ext Root Scanning (ms): Min: 2.3, Avg: 2.6, Max: 3.1, Diff: 0.8, Sum: 20.5]
      [Update RS (ms): Min: 27.7, Avg: 28.2, Max: 28.7, Diff: 1.0, Sum: 225.4]
         [Processed Buffers: Min: 144, Avg: 166.8, Max: 184, Diff: 40, Sum: 1334]
      [Scan RS (ms): Min: 0.1, Avg: 0.3, Max: 0.4, Diff: 0.3, Sum: 2.7]
      [Code Root Scanning (ms): Min: 0.0, Avg: 0.0, Max: 0.0, Diff: 0.0, Sum: 0.1]
      [Object Copy (ms): Min: 9.9, Avg: 10.2, Max: 10.8, Diff: 0.9, Sum: 81.3]
      [Termination (ms): Min: 0.0, Avg: 0.6, Max: 0.8, Diff: 0.8, Sum: 5.1]
         [Termination Attempts: Min: 1, Avg: 1.6, Max: 3, Diff: 2, Sum: 13]
      [GC Worker Other (ms): Min: 0.0, Avg: 0.0, Max: 0.1, Diff: 0.1, Sum: 0.3]
      [GC Worker Total (ms): Min: 41.9, Avg: 41.9, Max: 42.0, Diff: 0.1, Sum: 335.4]
      [GC Worker End (ms): Min: 465769071.0, Avg: 465769071.1, Max: 465769071.1, Diff: 0.1]
   [Code Root Fixup: 0.1 ms]
   [Code Root Purge: 0.0 ms]
   [Clear CT: 0.6 ms]
   [Other: 6.6 ms]
      [Choose CSet: 0.0 ms]
      [Ref Proc: 2.8 ms]
      [Ref Enq: 0.1 ms]
      [Redirty Cards: 0.2 ms]
      [Humongous Register: 0.6 ms]
      [Humongous Reclaim: 0.3 ms]
      [Free CSet: 1.9 ms]
   [Eden: 3370.0M(3370.0M)->0.0B(3338.0M) Survivors: 34.0M->52.0M Heap: 5246.2M(6144.0M)->1756.2M(6144.0M)]
 [Times: user=0.35 sys=0.00, real=0.05 secs] 
2025-07-25T21:20:57.466+0800: 465811.302: [GC pause (G1 Evacuation Pause) (young), 0.0346655 secs]
   [Parallel Time: 24.2 ms, GC Workers: 8]
      [GC Worker Start (ms): Min: 465811305.1, Avg: 465811305.1, Max: 465811305.2, Diff: 0.1]
      [Ext Root Scanning (ms): Min: 3.3, Avg: 4.5, Max: 11.5, Diff: 8.2, Sum: 36.0]
      [Update RS (ms): Min: 4.2, Avg: 10.7, Max: 12.1, Diff: 7.9, Sum: 86.0]
         [Processed Buffers: Min: 43, Avg: 73.1, Max: 90, Diff: 47, Sum: 585]
      [Scan RS (ms): Min: 0.1, Avg: 0.4, Max: 0.4, Diff: 0.3, Sum: 2.9]
      [Code Root Scanning (ms): Min: 0.0, Avg: 0.0, Max: 0.0, Diff: 0.0, Sum: 0.1]
      [Object Copy (ms): Min: 8.0, Avg: 8.2, Max: 8.3, Diff: 0.3, Sum: 65.8]
      [Termination (ms): Min: 0.0, Avg: 0.0, Max: 0.0, Diff: 0.0, Sum: 0.0]
         [Termination Attempts: Min: 1, Avg: 2.9, Max: 5, Diff: 4, Sum: 23]
      [GC Worker Other (ms): Min: 0.0, Avg: 0.1, Max: 0.2, Diff: 0.2, Sum: 1.1]
      [GC Worker Total (ms): Min: 23.9, Avg: 24.0, Max: 24.1, Diff: 0.2, Sum: 191.9]
      [GC Worker End (ms): Min: 465811329.1, Avg: 465811329.1, Max: 465811329.2, Diff: 0.1]
   [Code Root Fixup: 0.0 ms]
   [Code Root Purge: 0.0 ms]
   [Clear CT: 0.5 ms]
   [Other: 10.0 ms]
      [Choose CSet: 0.0 ms]
      [Ref Proc: 2.1 ms]
      [Ref Enq: 0.1 ms]
      [Redirty Cards: 0.1 ms]
      [Humongous Register: 2.5 ms]
      [Humongous Reclaim: 0.2 ms]
      [Free CSet: 4.0 ms]
   [Eden: 3338.0M(3338.0M)->0.0B(3342.0M) Survivors: 52.0M->50.0M Heap: 5140.3M(6144.0M)->1754.8M(6144.0M)]
 [Times: user=0.11 sys=0.09, real=0.04 secs] 
2025-07-25T21:21:36.627+0800: 465850.463: [GC pause (G1 Evacuation Pause) (young), 0.0299481 secs]
   [Parallel Time: 23.7 ms, GC Workers: 8]
      [GC Worker Start (ms): Min: 465850463.7, Avg: 465850463.8, Max: 465850464.0, Diff: 0.2]
      [Ext Root Scanning (ms): Min: 2.3, Avg: 3.3, Max: 8.9, Diff: 6.6, Sum: 26.5]
      [Update RS (ms): Min: 6.3, Avg: 11.4, Max: 12.4, Diff: 6.2, Sum: 91.5]
         [Processed Buffers: Min: 33, Avg: 81.6, Max: 103, Diff: 70, Sum: 653]
      [Scan RS (ms): Min: 0.2, Avg: 0.3, Max: 0.4, Diff: 0.2, Sum: 2.8]
      [Code Root Scanning (ms): Min: 0.0, Avg: 0.0, Max: 0.0, Diff: 0.0, Sum: 0.1]
      [Object Copy (ms): Min: 8.0, Avg: 8.2, Max: 8.4, Diff: 0.4, Sum: 65.6]
      [Termination (ms): Min: 0.0, Avg: 0.2, Max: 0.3, Diff: 0.3, Sum: 1.4]
         [Termination Attempts: Min: 1, Avg: 1.2, Max: 2, Diff: 1, Sum: 10]
      [GC Worker Other (ms): Min: 0.0, Avg: 0.0, Max: 0.0, Diff: 0.0, Sum: 0.2]
      [GC Worker Total (ms): Min: 23.4, Avg: 23.5, Max: 23.6, Diff: 0.2, Sum: 188.0]
      [GC Worker End (ms): Min: 465850487.3, Avg: 465850487.3, Max: 465850487.3, Diff: 0.1]
   [Code Root Fixup: 0.0 ms]
   [Code Root Purge: 0.0 ms]
   [Clear CT: 0.5 ms]
   [Other: 5.7 ms]
      [Choose CSet: 0.0 ms]
      [Ref Proc: 2.0 ms]
      [Ref Enq: 0.2 ms]
      [Redirty Cards: 0.1 ms]
      [Humongous Register: 0.6 ms]
      [Humongous Reclaim: 0.3 ms]
      [Free CSet: 1.9 ms]
   [Eden: 3342.0M(3342.0M)->0.0B(3358.0M) Survivors: 50.0M->42.0M Heap: 5158.7M(6144.0M)->1747.9M(6144.0M)]
 [Times: user=0.19 sys=0.00, real=0.03 secs] 
2025-07-25T21:25:33.607+0800: 466087.443: [GC pause (GCLocker Initiated GC) (young), 0.0309160 secs]
   [Parallel Time: 18.2 ms, GC Workers: 8]
      [GC Worker Start (ms): Min: 466087445.0, Avg: 466087445.1, Max: 466087445.2, Diff: 0.1]
      [Ext Root Scanning (ms): Min: 2.7, Avg: 3.9, Max: 10.5, Diff: 7.8, Sum: 31.0]
      [Update RS (ms): Min: 0.5, Avg: 7.0, Max: 8.6, Diff: 8.1, Sum: 56.0]
         [Processed Buffers: Min: 25, Avg: 53.9, Max: 69, Diff: 44, Sum: 431]
      [Scan RS (ms): Min: 0.1, Avg: 0.3, Max: 0.5, Diff: 0.3, Sum: 2.8]
      [Code Root Scanning (ms): Min: 0.0, Avg: 0.0, Max: 0.0, Diff: 0.0, Sum: 0.1]
      [Object Copy (ms): Min: 5.9, Avg: 6.2, Max: 6.7, Diff: 0.8, Sum: 49.9]
      [Termination (ms): Min: 0.2, Avg: 0.5, Max: 0.8, Diff: 0.6, Sum: 3.9]
         [Termination Attempts: Min: 23, Avg: 90.4, Max: 145, Diff: 122, Sum: 723]
      [GC Worker Other (ms): Min: 0.0, Avg: 0.1, Max: 0.2, Diff: 0.1, Sum: 0.9]
      [GC Worker Total (ms): Min: 18.0, Avg: 18.1, Max: 18.2, Diff: 0.2, Sum: 144.5]
      [GC Worker End (ms): Min: 466087463.1, Avg: 466087463.2, Max: 466087463.2, Diff: 0.1]
   [Code Root Fixup: 0.0 ms]
   [Code Root Purge: 0.0 ms]
   [Clear CT: 0.7 ms]
   [Other: 11.9 ms]
      [Choose CSet: 0.0 ms]
      [Ref Proc: 4.8 ms]
      [Ref Enq: 0.2 ms]
      [Redirty Cards: 0.1 ms]
      [Humongous Register: 1.7 ms]
      [Humongous Reclaim: 0.3 ms]
      [Free CSet: 4.0 ms]
   [Eden: 3358.0M(3358.0M)->0.0B(3370.0M) Survivors: 42.0M->24.0M Heap: 5147.9M(6144.0M)->1734.9M(6144.0M)]
 [Times: user=0.05 sys=0.10, real=0.03 secs] 
2025-07-25T21:33:50.881+0800: 466584.716: [GC pause (G1 Evacuation Pause) (young), 0.0396561 secs]
   [Parallel Time: 25.5 ms, GC Workers: 8]
      [GC Worker Start (ms): Min: 466584719.9, Avg: 466584720.0, Max: 466584720.1, Diff: 0.1]
      [Ext Root Scanning (ms): Min: 3.2, Avg: 4.4, Max: 11.6, Diff: 8.4, Sum: 35.3]
      [Update RS (ms): Min: 0.0, Avg: 6.0, Max: 7.8, Diff: 7.8, Sum: 48.2]
         [Processed Buffers: Min: 0, Avg: 42.9, Max: 57, Diff: 57, Sum: 343]
      [Scan RS (ms): Min: 0.1, Avg: 0.4, Max: 0.5, Diff: 0.4, Sum: 3.0]
      [Code Root Scanning (ms): Min: 0.0, Avg: 0.0, Max: 0.0, Diff: 0.0, Sum: 0.1]
      [Object Copy (ms): Min: 7.4, Avg: 8.3, Max: 9.2, Diff: 1.7, Sum: 66.2]
      [Termination (ms): Min: 5.3, Avg: 6.1, Max: 7.1, Diff: 1.9, Sum: 48.9]
         [Termination Attempts: Min: 552, Avg: 708.8, Max: 867, Diff: 315, Sum: 5670]
      [GC Worker Other (ms): Min: 0.1, Avg: 0.1, Max: 0.2, Diff: 0.1, Sum: 1.0]
      [GC Worker Total (ms): Min: 25.3, Avg: 25.3, Max: 25.4, Diff: 0.1, Sum: 202.7]
      [GC Worker End (ms): Min: 466584745.3, Avg: 466584745.3, Max: 466584745.4, Diff: 0.1]
   [Code Root Fixup: 0.0 ms]
   [Code Root Purge: 0.0 ms]
   [Clear CT: 0.7 ms]
   [Other: 13.4 ms]
      [Choose CSet: 0.0 ms]
      [Ref Proc: 4.6 ms]
      [Ref Enq: 0.1 ms]
      [Redirty Cards: 0.1 ms]
      [Humongous Register: 3.0 ms]
      [Humongous Reclaim: 0.3 ms]
      [Free CSet: 4.2 ms]
   [Eden: 3370.0M(3370.0M)->0.0B(3376.0M) Survivors: 24.0M->22.0M Heap: 5140.9M(6144.0M)->1734.9M(6144.0M)]
 [Times: user=0.19 sys=0.03, real=0.04 secs] 
2025-07-25T21:40:00.551+0800: 466954.387: [GC pause (G1 Evacuation Pause) (young), 0.0372337 secs]
   [Parallel Time: 24.4 ms, GC Workers: 8]
      [GC Worker Start (ms): Min: 466954390.1, Avg: 466954390.2, Max: 466954390.2, Diff: 0.2]
      [Ext Root Scanning (ms): Min: 2.8, Avg: 4.1, Max: 10.9, Diff: 8.1, Sum: 32.9]
      [Update RS (ms): Min: 0.0, Avg: 2.6, Max: 3.3, Diff: 3.3, Sum: 20.5]
         [Processed Buffers: Min: 0, Avg: 29.8, Max: 50, Diff: 50, Sum: 238]
      [Scan RS (ms): Min: 0.1, Avg: 0.3, Max: 0.5, Diff: 0.4, Sum: 2.8]
      [Code Root Scanning (ms): Min: 0.0, Avg: 0.0, Max: 0.0, Diff: 0.0, Sum: 0.1]
      [Object Copy (ms): Min: 8.6, Avg: 12.1, Max: 13.5, Diff: 4.9, Sum: 97.0]
      [Termination (ms): Min: 4.0, Avg: 4.8, Max: 5.6, Diff: 1.6, Sum: 38.6]
         [Termination Attempts: Min: 268, Avg: 520.4, Max: 722, Diff: 454, Sum: 4163]
      [GC Worker Other (ms): Min: 0.1, Avg: 0.1, Max: 0.2, Diff: 0.2, Sum: 1.2]
      [GC Worker Total (ms): Min: 24.0, Avg: 24.1, Max: 24.3, Diff: 0.2, Sum: 193.0]
      [GC Worker End (ms): Min: 466954414.2, Avg: 466954414.3, Max: 466954414.4, Diff: 0.2]
   [Code Root Fixup: 0.0 ms]
   [Code Root Purge: 0.0 ms]
   [Clear CT: 0.6 ms]
   [Other: 12.1 ms]
      [Choose CSet: 0.0 ms]
      [Ref Proc: 4.0 ms]
      [Ref Enq: 0.1 ms]
      [Redirty Cards: 0.1 ms]
      [Humongous Register: 2.9 ms]
      [Humongous Reclaim: 0.2 ms]
      [Free CSet: 3.9 ms]
   [Eden: 3376.0M(3376.0M)->0.0B(3360.0M) Survivors: 22.0M->38.0M Heap: 5116.9M(6144.0M)->1749.9M(6144.0M)]
 [Times: user=0.19 sys=0.02, real=0.04 secs] 
2025-07-25T21:40:42.738+0800: 466996.573: [GC pause (G1 Evacuation Pause) (young), 0.0336221 secs]
   [Parallel Time: 22.5 ms, GC Workers: 8]
      [GC Worker Start (ms): Min: 466996576.8, Avg: 466996576.9, Max: 466996577.0, Diff: 0.1]
      [Ext Root Scanning (ms): Min: 3.0, Avg: 4.2, Max: 11.0, Diff: 7.9, Sum: 33.8]
      [Update RS (ms): Min: 3.3, Avg: 9.9, Max: 11.3, Diff: 8.0, Sum: 78.9]
         [Processed Buffers: Min: 35, Avg: 69.5, Max: 80, Diff: 45, Sum: 556]
      [Scan RS (ms): Min: 0.2, Avg: 0.4, Max: 0.5, Diff: 0.3, Sum: 3.0]
      [Code Root Scanning (ms): Min: 0.0, Avg: 0.0, Max: 0.0, Diff: 0.0, Sum: 0.1]
      [Object Copy (ms): Min: 7.4, Avg: 7.5, Max: 7.7, Diff: 0.3, Sum: 60.2]
      [Termination (ms): Min: 0.0, Avg: 0.2, Max: 0.2, Diff: 0.2, Sum: 1.3]
         [Termination Attempts: Min: 1, Avg: 1.0, Max: 1, Diff: 0, Sum: 8]
      [GC Worker Other (ms): Min: 0.0, Avg: 0.1, Max: 0.2, Diff: 0.1, Sum: 0.9]
      [GC Worker Total (ms): Min: 22.2, Avg: 22.3, Max: 22.4, Diff: 0.2, Sum: 178.2]
      [GC Worker End (ms): Min: 466996599.1, Avg: 466996599.2, Max: 466996599.3, Diff: 0.1]
   [Code Root Fixup: 0.0 ms]
   [Code Root Purge: 0.0 ms]
   [Clear CT: 0.5 ms]
   [Other: 10.5 ms]
      [Choose CSet: 0.0 ms]
      [Ref Proc: 2.0 ms]
      [Ref Enq: 0.1 ms]
      [Redirty Cards: 0.2 ms]
      [Humongous Register: 2.8 ms]
      [Humongous Reclaim: 0.2 ms]
      [Free CSet: 4.0 ms]
   [Eden: 3360.0M(3360.0M)->0.0B(3344.0M) Survivors: 38.0M->46.0M Heap: 5156.0M(6144.0M)->1758.0M(6144.0M)]
 [Times: user=0.19 sys=0.00, real=0.03 secs] 
2025-07-25T21:41:21.690+0800: 467035.525: [GC pause (G1 Evacuation Pause) (young), 0.0296811 secs]
   [Parallel Time: 23.8 ms, GC Workers: 8]
      [GC Worker Start (ms): Min: 467035526.2, Avg: 467035526.2, Max: 467035526.2, Diff: 0.1]
      [Ext Root Scanning (ms): Min: 2.6, Avg: 3.7, Max: 10.2, Diff: 7.6, Sum: 29.6]
      [Update RS (ms): Min: 3.3, Avg: 9.6, Max: 10.8, Diff: 7.5, Sum: 76.4]
         [Processed Buffers: Min: 38, Avg: 74.6, Max: 91, Diff: 53, Sum: 597]
      [Scan RS (ms): Min: 0.2, Avg: 0.3, Max: 0.4, Diff: 0.2, Sum: 2.8]
      [Code Root Scanning (ms): Min: 0.0, Avg: 0.0, Max: 0.0, Diff: 0.0, Sum: 0.1]
      [Object Copy (ms): Min: 9.8, Avg: 10.0, Max: 10.2, Diff: 0.4, Sum: 80.1]
      [Termination (ms): Min: 0.0, Avg: 0.0, Max: 0.0, Diff: 0.0, Sum: 0.0]
         [Termination Attempts: Min: 1, Avg: 1.1, Max: 2, Diff: 1, Sum: 9]
      [GC Worker Other (ms): Min: 0.0, Avg: 0.1, Max: 0.1, Diff: 0.1, Sum: 0.5]
      [GC Worker Total (ms): Min: 23.6, Avg: 23.7, Max: 23.7, Diff: 0.1, Sum: 189.6]
      [GC Worker End (ms): Min: 467035549.9, Avg: 467035549.9, Max: 467035549.9, Diff: 0.1]
   [Code Root Fixup: 0.0 ms]
   [Code Root Purge: 0.0 ms]
   [Clear CT: 0.6 ms]
   [Other: 5.2 ms]
      [Choose CSet: 0.0 ms]
      [Ref Proc: 1.8 ms]
      [Ref Enq: 0.2 ms]
      [Redirty Cards: 0.2 ms]
      [Humongous Register: 0.3 ms]
      [Humongous Reclaim: 0.2 ms]
      [Free CSet: 1.9 ms]
   [Eden: 3344.0M(3344.0M)->0.0B(3328.0M) Survivors: 46.0M->54.0M Heap: 5152.9M(6144.0M)->1765.1M(6144.0M)]
 [Times: user=0.20 sys=0.00, real=0.03 secs] 
2025-07-25T21:42:07.775+0800: 467081.611: [GC pause (G1 Evacuation Pause) (young), 0.0409288 secs]
   [Parallel Time: 24.4 ms, GC Workers: 8]
      [GC Worker Start (ms): Min: 467081616.7, Avg: 467081616.8, Max: 467081616.9, Diff: 0.2]
      [Ext Root Scanning (ms): Min: 2.8, Avg: 3.2, Max: 4.5, Diff: 1.7, Sum: 25.9]
      [Update RS (ms): Min: 9.7, Avg: 10.7, Max: 11.4, Diff: 1.7, Sum: 85.6]
         [Processed Buffers: Min: 53, Avg: 71.0, Max: 81, Diff: 28, Sum: 568]
      [Scan RS (ms): Min: 0.1, Avg: 0.3, Max: 0.4, Diff: 0.3, Sum: 2.8]
      [Code Root Scanning (ms): Min: 0.0, Avg: 0.0, Max: 0.0, Diff: 0.0, Sum: 0.1]
      [Object Copy (ms): Min: 9.6, Avg: 9.8, Max: 9.9, Diff: 0.3, Sum: 78.2]
      [Termination (ms): Min: 0.0, Avg: 0.0, Max: 0.0, Diff: 0.0, Sum: 0.0]
         [Termination Attempts: Min: 1, Avg: 1.2, Max: 3, Diff: 2, Sum: 10]
      [GC Worker Other (ms): Min: 0.1, Avg: 0.2, Max: 0.3, Diff: 0.2, Sum: 1.2]
      [GC Worker Total (ms): Min: 24.2, Avg: 24.2, Max: 24.3, Diff: 0.2, Sum: 193.8]
      [GC Worker End (ms): Min: 467081641.0, Avg: 467081641.0, Max: 467081641.1, Diff: 0.1]
   [Code Root Fixup: 0.0 ms]
   [Code Root Purge: 0.0 ms]
   [Clear CT: 0.6 ms]
   [Other: 15.8 ms]
      [Choose CSet: 0.0 ms]
      [Ref Proc: 5.1 ms]
      [Ref Enq: 0.2 ms]
      [Redirty Cards: 0.1 ms]
      [Humongous Register: 4.9 ms]
      [Humongous Reclaim: 0.2 ms]
      [Free CSet: 4.2 ms]
   [Eden: 3328.0M(3328.0M)->0.0B(3348.0M) Survivors: 54.0M->44.0M Heap: 5139.1M(6144.0M)->1755.1M(6144.0M)]
 [Times: user=0.21 sys=0.00, real=0.04 secs] 
2025-07-25T21:44:02.681+0800: 467196.516: [GC pause (G1 Evacuation Pause) (young), 0.0369412 secs]
   [Parallel Time: 27.0 ms, GC Workers: 8]
      [GC Worker Start (ms): Min: 467196518.3, Avg: 467196518.5, Max: 467196518.6, Diff: 0.3]
      [Ext Root Scanning (ms): Min: 2.5, Avg: 3.6, Max: 9.9, Diff: 7.4, Sum: 29.1]
      [Update RS (ms): Min: 10.8, Avg: 17.0, Max: 18.2, Diff: 7.4, Sum: 135.7]
         [Processed Buffers: Min: 102, Avg: 121.8, Max: 142, Diff: 40, Sum: 974]
      [Scan RS (ms): Min: 0.3, Avg: 0.5, Max: 0.7, Diff: 0.5, Sum: 4.4]
      [Code Root Scanning (ms): Min: 0.0, Avg: 0.0, Max: 0.0, Diff: 0.0, Sum: 0.1]
      [Object Copy (ms): Min: 5.3, Avg: 5.5, Max: 5.5, Diff: 0.2, Sum: 43.7]
      [Termination (ms): Min: 0.0, Avg: 0.0, Max: 0.0, Diff: 0.0, Sum: 0.2]
         [Termination Attempts: Min: 1, Avg: 20.6, Max: 28, Diff: 27, Sum: 165]
      [GC Worker Other (ms): Min: 0.1, Avg: 0.1, Max: 0.2, Diff: 0.1, Sum: 1.0]
      [GC Worker Total (ms): Min: 26.6, Avg: 26.8, Max: 26.9, Diff: 0.3, Sum: 214.1]
      [GC Worker End (ms): Min: 467196545.2, Avg: 467196545.2, Max: 467196545.3, Diff: 0.1]
   [Code Root Fixup: 0.0 ms]
   [Code Root Purge: 0.0 ms]
   [Clear CT: 0.6 ms]
   [Other: 9.3 ms]
      [Choose CSet: 0.0 ms]
      [Ref Proc: 2.5 ms]
      [Ref Enq: 0.1 ms]
      [Redirty Cards: 0.1 ms]
      [Humongous Register: 1.4 ms]
      [Humongous Reclaim: 0.4 ms]
      [Free CSet: 3.9 ms]
   [Eden: 3348.0M(3348.0M)->0.0B(3370.0M) Survivors: 44.0M->30.0M Heap: 5245.1M(6144.0M)->1741.2M(6144.0M)]
 [Times: user=0.22 sys=0.00, real=0.04 secs] 
2025-07-25T21:46:25.791+0800: 467339.627: [GC pause (G1 Evacuation Pause) (young), 0.0410930 secs]
   [Parallel Time: 31.4 ms, GC Workers: 8]
      [GC Worker Start (ms): Min: 467339629.0, Avg: 467339629.1, Max: 467339629.2, Diff: 0.1]
      [Ext Root Scanning (ms): Min: 2.8, Avg: 4.0, Max: 10.4, Diff: 7.5, Sum: 31.8]
      [Update RS (ms): Min: 16.2, Avg: 22.5, Max: 24.0, Diff: 7.8, Sum: 179.8]
         [Processed Buffers: Min: 125, Avg: 145.9, Max: 162, Diff: 37, Sum: 1167]
      [Scan RS (ms): Min: 0.1, Avg: 0.5, Max: 0.7, Diff: 0.6, Sum: 4.2]
      [Code Root Scanning (ms): Min: 0.0, Avg: 0.0, Max: 0.0, Diff: 0.0, Sum: 0.1]
      [Object Copy (ms): Min: 3.4, Avg: 3.6, Max: 3.9, Diff: 0.5, Sum: 28.7]
      [Termination (ms): Min: 0.0, Avg: 0.4, Max: 0.6, Diff: 0.6, Sum: 3.4]
         [Termination Attempts: Min: 1, Avg: 1.0, Max: 1, Diff: 0, Sum: 8]
      [GC Worker Other (ms): Min: 0.0, Avg: 0.1, Max: 0.1, Diff: 0.1, Sum: 0.7]
      [GC Worker Total (ms): Min: 30.9, Avg: 31.1, Max: 31.3, Diff: 0.4, Sum: 248.6]
      [GC Worker End (ms): Min: 467339660.0, Avg: 467339660.2, Max: 467339660.3, Diff: 0.3]
   [Code Root Fixup: 0.0 ms]
   [Code Root Purge: 0.0 ms]
   [Clear CT: 0.7 ms]
   [Other: 8.9 ms]
      [Choose CSet: 0.0 ms]
      [Ref Proc: 1.9 ms]
      [Ref Enq: 0.1 ms]
      [Redirty Cards: 0.1 ms]
      [Humongous Register: 1.5 ms]
      [Humongous Reclaim: 0.5 ms]
      [Free CSet: 3.9 ms]
   [Eden: 3370.0M(3370.0M)->0.0B(3384.0M) Survivors: 30.0M->22.0M Heap: 5305.3M(6144.0M)->1734.3M(6144.0M)]
 [Times: user=0.23 sys=0.02, real=0.04 secs] 
2025-07-25T21:49:10.307+0800: 467504.143: [GC pause (G1 Evacuation Pause) (young), 0.0390518 secs]
   [Parallel Time: 27.5 ms, GC Workers: 8]
      [GC Worker Start (ms): Min: 467504145.1, Avg: 467504145.2, Max: 467504145.3, Diff: 0.2]
      [Ext Root Scanning (ms): Min: 2.8, Avg: 4.0, Max: 10.5, Diff: 7.7, Sum: 31.8]
      [Update RS (ms): Min: 10.6, Avg: 16.9, Max: 18.0, Diff: 7.4, Sum: 134.9]
         [Processed Buffers: Min: 76, Avg: 114.5, Max: 133, Diff: 57, Sum: 916]
      [Scan RS (ms): Min: 0.1, Avg: 0.5, Max: 0.6, Diff: 0.5, Sum: 4.1]
      [Code Root Scanning (ms): Min: 0.0, Avg: 0.0, Max: 0.0, Diff: 0.0, Sum: 0.1]
      [Object Copy (ms): Min: 5.6, Avg: 5.7, Max: 5.8, Diff: 0.3, Sum: 45.6]
      [Termination (ms): Min: 0.0, Avg: 0.0, Max: 0.0, Diff: 0.0, Sum: 0.1]
         [Termination Attempts: Min: 1, Avg: 8.2, Max: 12, Diff: 11, Sum: 66]
      [GC Worker Other (ms): Min: 0.1, Avg: 0.1, Max: 0.2, Diff: 0.2, Sum: 1.1]
      [GC Worker Total (ms): Min: 27.1, Avg: 27.2, Max: 27.4, Diff: 0.3, Sum: 217.7]
      [GC Worker End (ms): Min: 467504172.4, Avg: 467504172.4, Max: 467504172.5, Diff: 0.1]
   [Code Root Fixup: 0.0 ms]
   [Code Root Purge: 0.0 ms]
   [Clear CT: 0.6 ms]
   [Other: 10.9 ms]
      [Choose CSet: 0.0 ms]
      [Ref Proc: 3.7 ms]
      [Ref Enq: 0.1 ms]
      [Redirty Cards: 0.1 ms]
      [Humongous Register: 1.6 ms]
      [Humongous Reclaim: 0.5 ms]
      [Free CSet: 4.0 ms]
   [Eden: 3384.0M(3384.0M)->0.0B(3380.0M) Survivors: 22.0M->28.0M Heap: 5309.9M(6144.0M)->1740.3M(6144.0M)]
 [Times: user=0.20 sys=0.03, real=0.03 secs] 
2025-07-25T21:50:32.986+0800: 467586.822: [GC pause (G1 Evacuation Pause) (young), 0.0443443 secs]
   [Parallel Time: 33.7 ms, GC Workers: 8]
      [GC Worker Start (ms): Min: 467586823.9, Avg: 467586824.0, Max: 467586824.1, Diff: 0.2]
      [Ext Root Scanning (ms): Min: 3.0, Avg: 4.2, Max: 10.7, Diff: 7.7, Sum: 33.4]
      [Update RS (ms): Min: 12.0, Avg: 18.0, Max: 18.9, Diff: 6.9, Sum: 143.8]
         [Processed Buffers: Min: 60, Avg: 116.8, Max: 134, Diff: 74, Sum: 934]
      [Scan RS (ms): Min: 0.1, Avg: 0.3, Max: 0.5, Diff: 0.4, Sum: 2.7]
      [Code Root Scanning (ms): Min: 0.0, Avg: 0.0, Max: 0.0, Diff: 0.0, Sum: 0.1]
      [Object Copy (ms): Min: 10.3, Avg: 10.7, Max: 11.0, Diff: 0.7, Sum: 85.8]
      [Termination (ms): Min: 0.0, Avg: 0.0, Max: 0.0, Diff: 0.0, Sum: 0.0]
         [Termination Attempts: Min: 1, Avg: 1.2, Max: 2, Diff: 1, Sum: 10]
      [GC Worker Other (ms): Min: 0.1, Avg: 0.2, Max: 0.2, Diff: 0.1, Sum: 1.2]
      [GC Worker Total (ms): Min: 33.3, Avg: 33.4, Max: 33.4, Diff: 0.1, Sum: 267.0]
      [GC Worker End (ms): Min: 467586857.4, Avg: 467586857.4, Max: 467586857.5, Diff: 0.1]
   [Code Root Fixup: 0.0 ms]
   [Code Root Purge: 0.0 ms]
   [Clear CT: 0.6 ms]
   [Other: 10.1 ms]
      [Choose CSet: 0.0 ms]
      [Ref Proc: 2.7 ms]
      [Ref Enq: 0.1 ms]
      [Redirty Cards: 0.1 ms]
      [Humongous Register: 1.5 ms]
      [Humongous Reclaim: 0.3 ms]
      [Free CSet: 4.3 ms]
   [Eden: 3380.0M(3380.0M)->0.0B(3332.0M) Survivors: 28.0M->52.0M Heap: 5212.4M(6144.0M)->1764.3M(6144.0M)]
 [Times: user=0.24 sys=0.04, real=0.05 secs] 
2025-07-25T21:51:12.118+0800: 467625.954: [GC pause (G1 Evacuation Pause) (young), 0.0339771 secs]
   [Parallel Time: 23.7 ms, GC Workers: 8]
      [GC Worker Start (ms): Min: 467625957.0, Avg: 467625957.1, Max: 467625957.2, Diff: 0.1]
      [Ext Root Scanning (ms): Min: 3.4, Avg: 4.6, Max: 11.3, Diff: 7.9, Sum: 37.0]
      [Update RS (ms): Min: 3.7, Avg: 10.2, Max: 11.6, Diff: 7.9, Sum: 81.6]
         [Processed Buffers: Min: 53, Avg: 73.1, Max: 90, Diff: 37, Sum: 585]
      [Scan RS (ms): Min: 0.1, Avg: 0.4, Max: 0.5, Diff: 0.4, Sum: 3.0]
      [Code Root Scanning (ms): Min: 0.0, Avg: 0.0, Max: 0.0, Diff: 0.0, Sum: 0.1]
      [Object Copy (ms): Min: 7.9, Avg: 8.1, Max: 8.3, Diff: 0.4, Sum: 65.1]
      [Termination (ms): Min: 0.0, Avg: 0.0, Max: 0.0, Diff: 0.0, Sum: 0.0]
         [Termination Attempts: Min: 1, Avg: 2.4, Max: 4, Diff: 3, Sum: 19]
      [GC Worker Other (ms): Min: 0.1, Avg: 0.1, Max: 0.2, Diff: 0.1, Sum: 1.1]
      [GC Worker Total (ms): Min: 23.4, Avg: 23.5, Max: 23.6, Diff: 0.2, Sum: 187.9]
      [GC Worker End (ms): Min: 467625980.6, Avg: 467625980.6, Max: 467625980.6, Diff: 0.1]
   [Code Root Fixup: 0.0 ms]
   [Code Root Purge: 0.0 ms]
   [Clear CT: 0.6 ms]
   [Other: 9.7 ms]
      [Choose CSet: 0.0 ms]
      [Ref Proc: 1.7 ms]
      [Ref Enq: 0.1 ms]
      [Redirty Cards: 0.1 ms]
      [Humongous Register: 2.5 ms]
      [Humongous Reclaim: 0.2 ms]
      [Free CSet: 3.9 ms]
   [Eden: 3332.0M(3332.0M)->0.0B(3332.0M) Survivors: 52.0M->52.0M Heap: 5146.2M(6144.0M)->1764.7M(6144.0M)]
 [Times: user=0.11 sys=0.09, real=0.03 secs] 
2025-07-25T21:51:59.330+0800: 467673.166: [GC pause (G1 Evacuation Pause) (young), 0.0285952 secs]
   [Parallel Time: 22.2 ms, GC Workers: 8]
      [GC Worker Start (ms): Min: 467673166.9, Avg: 467673167.0, Max: 467673167.0, Diff: 0.1]
      [Ext Root Scanning (ms): Min: 2.4, Avg: 3.4, Max: 9.6, Diff: 7.2, Sum: 27.6]
      [Update RS (ms): Min: 3.4, Avg: 9.4, Max: 10.6, Diff: 7.1, Sum: 75.2]
         [Processed Buffers: Min: 45, Avg: 70.4, Max: 89, Diff: 44, Sum: 563]
      [Scan RS (ms): Min: 0.2, Avg: 0.3, Max: 0.4, Diff: 0.3, Sum: 2.7]
      [Code Root Scanning (ms): Min: 0.0, Avg: 0.0, Max: 0.0, Diff: 0.0, Sum: 0.1]
      [Object Copy (ms): Min: 8.4, Avg: 8.7, Max: 8.8, Diff: 0.4, Sum: 69.3]
      [Termination (ms): Min: 0.0, Avg: 0.1, Max: 0.2, Diff: 0.2, Sum: 0.7]
         [Termination Attempts: Min: 1, Avg: 1.2, Max: 2, Diff: 1, Sum: 10]
      [GC Worker Other (ms): Min: 0.0, Avg: 0.0, Max: 0.1, Diff: 0.0, Sum: 0.3]
      [GC Worker Total (ms): Min: 21.9, Avg: 22.0, Max: 22.0, Diff: 0.1, Sum: 175.9]
      [GC Worker End (ms): Min: 467673188.9, Avg: 467673189.0, Max: 467673189.0, Diff: 0.1]
   [Code Root Fixup: 0.0 ms]
   [Code Root Purge: 0.0 ms]
   [Clear CT: 0.6 ms]
   [Other: 5.8 ms]
      [Choose CSet: 0.0 ms]
      [Ref Proc: 2.1 ms]
      [Ref Enq: 0.1 ms]
      [Redirty Cards: 0.1 ms]
      [Humongous Register: 0.6 ms]
      [Humongous Reclaim: 0.2 ms]
      [Free CSet: 1.8 ms]
   [Eden: 3332.0M(3332.0M)->0.0B(3344.0M) Survivors: 52.0M->46.0M Heap: 5142.8M(6144.0M)->1757.8M(6144.0M)]
 [Times: user=0.19 sys=0.00, real=0.03 secs] 
2025-07-25T21:53:16.568+0800: 467750.404: [GC pause (G1 Evacuation Pause) (young), 0.0395140 secs]
   [Parallel Time: 30.3 ms, GC Workers: 8]
      [GC Worker Start (ms): Min: 467750405.7, Avg: 467750405.8, Max: 467750405.9, Diff: 0.2]
      [Ext Root Scanning (ms): Min: 2.5, Avg: 2.9, Max: 4.7, Diff: 2.3, Sum: 23.4]
      [Update RS (ms): Min: 17.6, Avg: 19.2, Max: 19.7, Diff: 2.1, Sum: 154.0]
         [Processed Buffers: Min: 99, Avg: 120.6, Max: 130, Diff: 31, Sum: 965]
      [Scan RS (ms): Min: 0.1, Avg: 0.4, Max: 0.5, Diff: 0.3, Sum: 2.9]
      [Code Root Scanning (ms): Min: 0.0, Avg: 0.0, Max: 0.0, Diff: 0.0, Sum: 0.1]
      [Object Copy (ms): Min: 7.2, Avg: 7.4, Max: 7.6, Diff: 0.3, Sum: 59.6]
      [Termination (ms): Min: 0.0, Avg: 0.0, Max: 0.0, Diff: 0.0, Sum: 0.0]
         [Termination Attempts: Min: 1, Avg: 1.0, Max: 1, Diff: 0, Sum: 8]
      [GC Worker Other (ms): Min: 0.0, Avg: 0.1, Max: 0.2, Diff: 0.2, Sum: 1.2]
      [GC Worker Total (ms): Min: 30.1, Avg: 30.1, Max: 30.2, Diff: 0.2, Sum: 241.1]
      [GC Worker End (ms): Min: 467750435.9, Avg: 467750435.9, Max: 467750436.0, Diff: 0.1]
   [Code Root Fixup: 0.0 ms]
   [Code Root Purge: 0.0 ms]
   [Clear CT: 0.6 ms]
   [Other: 8.6 ms]
      [Choose CSet: 0.0 ms]
      [Ref Proc: 1.6 ms]
      [Ref Enq: 0.2 ms]
      [Redirty Cards: 0.1 ms]
      [Humongous Register: 1.5 ms]
      [Humongous Reclaim: 0.3 ms]
      [Free CSet: 3.9 ms]
   [Eden: 3344.0M(3344.0M)->0.0B(3360.0M) Survivors: 46.0M->34.0M Heap: 5197.8M(6144.0M)->1746.1M(6144.0M)]
 [Times: user=0.24 sys=0.01, real=0.04 secs] 
2025-07-25T21:56:20.075+0800: 467933.911: [GC pause (G1 Evacuation Pause) (young), 0.0441357 secs]
   [Parallel Time: 34.1 ms, GC Workers: 8]
      [GC Worker Start (ms): Min: 467933912.9, Avg: 467933913.0, Max: 467933913.1, Diff: 0.2]
      [Ext Root Scanning (ms): Min: 2.7, Avg: 3.9, Max: 10.2, Diff: 7.5, Sum: 30.9]
      [Update RS (ms): Min: 16.6, Avg: 22.8, Max: 24.4, Diff: 7.8, Sum: 182.4]
         [Processed Buffers: Min: 129, Avg: 151.4, Max: 169, Diff: 40, Sum: 1211]
      [Scan RS (ms): Min: 0.1, Avg: 0.5, Max: 0.7, Diff: 0.5, Sum: 4.1]
      [Code Root Scanning (ms): Min: 0.0, Avg: 0.0, Max: 0.0, Diff: 0.0, Sum: 0.1]
      [Object Copy (ms): Min: 6.1, Avg: 6.4, Max: 6.6, Diff: 0.4, Sum: 51.6]
      [Termination (ms): Min: 0.0, Avg: 0.1, Max: 0.3, Diff: 0.2, Sum: 0.7]
         [Termination Attempts: Min: 8, Avg: 20.6, Max: 26, Diff: 18, Sum: 165]
      [GC Worker Other (ms): Min: 0.1, Avg: 0.1, Max: 0.2, Diff: 0.1, Sum: 1.0]
      [GC Worker Total (ms): Min: 33.7, Avg: 33.8, Max: 33.9, Diff: 0.2, Sum: 270.7]
      [GC Worker End (ms): Min: 467933946.8, Avg: 467933946.8, Max: 467933946.8, Diff: 0.1]
   [Code Root Fixup: 0.0 ms]
   [Code Root Purge: 0.0 ms]
   [Clear CT: 0.6 ms]
   [Other: 9.4 ms]
      [Choose CSet: 0.0 ms]
      [Ref Proc: 2.4 ms]
      [Ref Enq: 0.1 ms]
      [Redirty Cards: 0.1 ms]
      [Humongous Register: 1.3 ms]
      [Humongous Reclaim: 0.5 ms]
      [Free CSet: 4.0 ms]
   [Eden: 3360.0M(3360.0M)->0.0B(3366.0M) Survivors: 34.0M->28.0M Heap: 5299.2M(6144.0M)->1744.5M(6144.0M)]
 [Times: user=0.28 sys=0.00, real=0.05 secs] 
2025-07-25T22:09:56.459+0800: 468750.295: [GC pause (G1 Evacuation Pause) (young), 0.0480080 secs]
   [Parallel Time: 34.0 ms, GC Workers: 8]
      [GC Worker Start (ms): Min: 468750298.8, Avg: 468750298.9, Max: 468750299.0, Diff: 0.1]
      [Ext Root Scanning (ms): Min: 3.0, Avg: 4.3, Max: 11.5, Diff: 8.5, Sum: 34.3]
      [Update RS (ms): Min: 16.8, Avg: 23.9, Max: 25.2, Diff: 8.3, Sum: 191.3]
         [Processed Buffers: Min: 119, Avg: 151.8, Max: 166, Diff: 47, Sum: 1214]
      [Scan RS (ms): Min: 0.1, Avg: 0.5, Max: 0.6, Diff: 0.5, Sum: 4.2]
      [Code Root Scanning (ms): Min: 0.0, Avg: 0.0, Max: 0.0, Diff: 0.0, Sum: 0.1]
      [Object Copy (ms): Min: 4.8, Avg: 4.9, Max: 5.0, Diff: 0.2, Sum: 39.4]
      [Termination (ms): Min: 0.0, Avg: 0.0, Max: 0.0, Diff: 0.0, Sum: 0.0]
         [Termination Attempts: Min: 1, Avg: 1.0, Max: 1, Diff: 0, Sum: 8]
      [GC Worker Other (ms): Min: 0.0, Avg: 0.1, Max: 0.2, Diff: 0.1, Sum: 1.2]
      [GC Worker Total (ms): Min: 33.8, Avg: 33.8, Max: 33.9, Diff: 0.1, Sum: 270.5]
      [GC Worker End (ms): Min: 468750332.6, Avg: 468750332.7, Max: 468750332.7, Diff: 0.1]
   [Code Root Fixup: 0.0 ms]
   [Code Root Purge: 0.0 ms]
   [Clear CT: 0.7 ms]
   [Other: 13.3 ms]
      [Choose CSet: 0.0 ms]
      [Ref Proc: 3.9 ms]
      [Ref Enq: 0.1 ms]
      [Redirty Cards: 0.1 ms]
      [Humongous Register: 3.4 ms]
      [Humongous Reclaim: 0.6 ms]
      [Free CSet: 4.0 ms]
   [Eden: 3366.0M(3366.0M)->0.0B(3382.0M) Survivors: 28.0M->22.0M Heap: 5293.5M(6144.0M)->1735.1M(6144.0M)]
 [Times: user=0.25 sys=0.04, real=0.05 secs] 
2025-07-25T22:15:21.954+0800: 469075.789: [GC pause (G1 Evacuation Pause) (young), 0.0432818 secs]
   [Parallel Time: 30.5 ms, GC Workers: 8]
      [GC Worker Start (ms): Min: 469075791.6, Avg: 469075791.7, Max: 469075791.8, Diff: 0.2]
      [Ext Root Scanning (ms): Min: 2.8, Avg: 4.0, Max: 10.7, Diff: 7.9, Sum: 31.8]
      [Update RS (ms): Min: 8.3, Avg: 14.7, Max: 16.3, Diff: 8.0, Sum: 117.4]
         [Processed Buffers: Min: 52, Avg: 95.2, Max: 114, Diff: 62, Sum: 762]
      [Scan RS (ms): Min: 0.1, Avg: 0.4, Max: 0.5, Diff: 0.4, Sum: 3.2]
      [Code Root Scanning (ms): Min: 0.0, Avg: 0.0, Max: 0.0, Diff: 0.0, Sum: 0.1]
      [Object Copy (ms): Min: 10.7, Avg: 11.1, Max: 11.3, Diff: 0.6, Sum: 89.1]
      [Termination (ms): Min: 0.0, Avg: 0.0, Max: 0.0, Diff: 0.0, Sum: 0.0]
         [Termination Attempts: Min: 1, Avg: 1.5, Max: 2, Diff: 1, Sum: 12]
      [GC Worker Other (ms): Min: 0.1, Avg: 0.1, Max: 0.2, Diff: 0.1, Sum: 1.2]
      [GC Worker Total (ms): Min: 30.2, Avg: 30.3, Max: 30.5, Diff: 0.2, Sum: 242.7]
      [GC Worker End (ms): Min: 469075822.0, Avg: 469075822.0, Max: 469075822.1, Diff: 0.1]
   [Code Root Fixup: 0.0 ms]
   [Code Root Purge: 0.0 ms]
   [Clear CT: 0.6 ms]
   [Other: 12.2 ms]
      [Choose CSet: 0.0 ms]
      [Ref Proc: 5.0 ms]
      [Ref Enq: 0.1 ms]
      [Redirty Cards: 0.1 ms]
      [Humongous Register: 1.5 ms]
      [Humongous Reclaim: 0.3 ms]
      [Free CSet: 4.1 ms]
   [Eden: 3382.0M(3382.0M)->0.0B(3350.0M) Survivors: 22.0M->42.0M Heap: 5195.6M(6144.0M)->1754.8M(6144.0M)]
 [Times: user=0.21 sys=0.04, real=0.05 secs] 
2025-07-25T22:16:46.906+0800: 469160.741: [GC pause (G1 Evacuation Pause) (young), 0.0397672 secs]
   [Parallel Time: 28.5 ms, GC Workers: 8]
      [GC Worker Start (ms): Min: 469160744.7, Avg: 469160744.8, Max: 469160744.9, Diff: 0.2]
      [Ext Root Scanning (ms): Min: 3.2, Avg: 5.1, Max: 16.6, Diff: 13.4, Sum: 40.4]
      [Update RS (ms): Min: 3.2, Avg: 14.4, Max: 16.7, Diff: 13.5, Sum: 115.1]
         [Processed Buffers: Min: 30, Avg: 95.5, Max: 116, Diff: 86, Sum: 764]
      [Scan RS (ms): Min: 0.1, Avg: 0.4, Max: 0.5, Diff: 0.4, Sum: 3.0]
      [Code Root Scanning (ms): Min: 0.0, Avg: 0.0, Max: 0.0, Diff: 0.0, Sum: 0.1]
      [Object Copy (ms): Min: 7.9, Avg: 8.3, Max: 8.4, Diff: 0.5, Sum: 66.3]
      [Termination (ms): Min: 0.0, Avg: 0.0, Max: 0.0, Diff: 0.0, Sum: 0.0]
         [Termination Attempts: Min: 1, Avg: 1.0, Max: 1, Diff: 0, Sum: 8]
      [GC Worker Other (ms): Min: 0.1, Avg: 0.2, Max: 0.2, Diff: 0.1, Sum: 1.4]
      [GC Worker Total (ms): Min: 28.1, Avg: 28.3, Max: 28.4, Diff: 0.2, Sum: 226.2]
      [GC Worker End (ms): Min: 469160773.1, Avg: 469160773.1, Max: 469160773.2, Diff: 0.1]
   [Code Root Fixup: 0.0 ms]
   [Code Root Purge: 0.0 ms]
   [Clear CT: 0.6 ms]
   [Other: 10.6 ms]
      [Choose CSet: 0.0 ms]
      [Ref Proc: 2.5 ms]
      [Ref Enq: 0.1 ms]
      [Redirty Cards: 0.1 ms]
      [Humongous Register: 2.9 ms]
      [Humongous Reclaim: 0.3 ms]
      [Free CSet: 3.8 ms]
   [Eden: 3350.0M(3350.0M)->0.0B(3364.0M) Survivors: 42.0M->28.0M Heap: 5186.1M(6144.0M)->1747.9M(6144.0M)]
 [Times: user=0.20 sys=0.04, real=0.04 secs] 
2025-07-25T22:17:48.633+0800: 469222.469: [GC pause (G1 Evacuation Pause) (young), 0.0425302 secs]
   [Parallel Time: 30.0 ms, GC Workers: 8]
      [GC Worker Start (ms): Min: 469222472.6, Avg: 469222472.7, Max: 469222472.8, Diff: 0.1]
      [Ext Root Scanning (ms): Min: 2.8, Avg: 4.2, Max: 12.4, Diff: 9.6, Sum: 34.0]
      [Update RS (ms): Min: 12.4, Avg: 18.6, Max: 20.3, Diff: 7.9, Sum: 149.1]
         [Processed Buffers: Min: 81, Avg: 118.2, Max: 132, Diff: 51, Sum: 946]
      [Scan RS (ms): Min: 0.1, Avg: 0.4, Max: 0.6, Diff: 0.4, Sum: 3.2]
      [Code Root Scanning (ms): Min: 0.0, Avg: 0.0, Max: 0.0, Diff: 0.0, Sum: 0.1]
      [Object Copy (ms): Min: 4.8, Avg: 6.3, Max: 6.6, Diff: 1.8, Sum: 50.4]
      [Termination (ms): Min: 0.0, Avg: 0.1, Max: 0.2, Diff: 0.1, Sum: 0.6]
         [Termination Attempts: Min: 10, Avg: 32.4, Max: 42, Diff: 32, Sum: 259]
      [GC Worker Other (ms): Min: 0.1, Avg: 0.1, Max: 0.2, Diff: 0.1, Sum: 1.1]
      [GC Worker Total (ms): Min: 29.7, Avg: 29.8, Max: 29.9, Diff: 0.1, Sum: 238.5]
      [GC Worker End (ms): Min: 469222502.5, Avg: 469222502.5, Max: 469222502.5, Diff: 0.1]
   [Code Root Fixup: 0.0 ms]
   [Code Root Purge: 0.0 ms]
   [Clear CT: 0.6 ms]
   [Other: 11.9 ms]
      [Choose CSet: 0.0 ms]
      [Ref Proc: 3.2 ms]
      [Ref Enq: 0.1 ms]
      [Redirty Cards: 0.1 ms]
      [Humongous Register: 2.9 ms]
      [Humongous Reclaim: 0.3 ms]
      [Free CSet: 4.1 ms]
   [Eden: 3364.0M(3364.0M)->0.0B(3376.0M) Survivors: 28.0M->22.0M Heap: 5213.8M(6144.0M)->1742.0M(6144.0M)]
 [Times: user=0.12 sys=0.13, real=0.04 secs] 
2025-07-25T22:19:22.267+0800: 469316.102: [GC pause (G1 Evacuation Pause) (young), 0.0432835 secs]
   [Parallel Time: 33.0 ms, GC Workers: 8]
      [GC Worker Start (ms): Min: 469316104.6, Avg: 469316104.7, Max: 469316104.8, Diff: 0.2]
      [Ext Root Scanning (ms): Min: 2.9, Avg: 4.3, Max: 11.9, Diff: 9.0, Sum: 34.1]
      [Update RS (ms): Min: 10.6, Avg: 18.1, Max: 19.8, Diff: 9.2, Sum: 144.7]
         [Processed Buffers: Min: 79, Avg: 114.1, Max: 136, Diff: 57, Sum: 913]
      [Scan RS (ms): Min: 0.1, Avg: 0.4, Max: 0.5, Diff: 0.4, Sum: 2.8]
      [Code Root Scanning (ms): Min: 0.0, Avg: 0.0, Max: 0.0, Diff: 0.0, Sum: 0.1]
      [Object Copy (ms): Min: 7.2, Avg: 7.7, Max: 9.7, Diff: 2.5, Sum: 61.8]
      [Termination (ms): Min: 0.0, Avg: 2.1, Max: 2.5, Diff: 2.5, Sum: 16.8]
         [Termination Attempts: Min: 1, Avg: 2.0, Max: 5, Diff: 4, Sum: 16]
      [GC Worker Other (ms): Min: 0.0, Avg: 0.1, Max: 0.1, Diff: 0.1, Sum: 0.8]
      [GC Worker Total (ms): Min: 32.5, Avg: 32.6, Max: 32.8, Diff: 0.3, Sum: 261.2]
      [GC Worker End (ms): Min: 469316137.3, Avg: 469316137.3, Max: 469316137.5, Diff: 0.2]
   [Code Root Fixup: 0.0 ms]
   [Code Root Purge: 0.0 ms]
   [Clear CT: 0.7 ms]
   [Other: 9.5 ms]
      [Choose CSet: 0.0 ms]
      [Ref Proc: 2.4 ms]
      [Ref Enq: 0.1 ms]
      [Redirty Cards: 0.1 ms]
      [Humongous Register: 1.5 ms]
      [Humongous Reclaim: 0.3 ms]
      [Free CSet: 4.0 ms]
   [Eden: 3376.0M(3376.0M)->0.0B(3378.0M) Survivors: 22.0M->28.0M Heap: 5213.9M(6144.0M)->1741.2M(6144.0M)]
 [Times: user=0.24 sys=0.04, real=0.05 secs] 
2025-07-25T22:20:34.690+0800: 469388.526: [GC pause (G1 Evacuation Pause) (young), 0.0460690 secs]
   [Parallel Time: 33.0 ms, GC Workers: 8]
      [GC Worker Start (ms): Min: 469388529.3, Avg: 469388529.4, Max: 469388529.5, Diff: 0.1]
      [Ext Root Scanning (ms): Min: 3.0, Avg: 4.2, Max: 10.8, Diff: 7.7, Sum: 33.5]
      [Update RS (ms): Min: 11.7, Avg: 18.1, Max: 19.5, Diff: 7.8, Sum: 144.9]
         [Processed Buffers: Min: 89, Avg: 117.2, Max: 135, Diff: 46, Sum: 938]
      [Scan RS (ms): Min: 0.1, Avg: 0.4, Max: 0.5, Diff: 0.4, Sum: 2.9]
      [Code Root Scanning (ms): Min: 0.0, Avg: 0.0, Max: 0.0, Diff: 0.0, Sum: 0.1]
      [Object Copy (ms): Min: 9.5, Avg: 9.9, Max: 10.1, Diff: 0.5, Sum: 79.5]
      [Termination (ms): Min: 0.0, Avg: 0.1, Max: 0.1, Diff: 0.1, Sum: 0.4]
         [Termination Attempts: Min: 1, Avg: 1.0, Max: 1, Diff: 0, Sum: 8]
      [GC Worker Other (ms): Min: 0.0, Avg: 0.1, Max: 0.2, Diff: 0.2, Sum: 1.1]
      [GC Worker Total (ms): Min: 32.7, Avg: 32.8, Max: 32.9, Diff: 0.1, Sum: 262.4]
      [GC Worker End (ms): Min: 469388562.2, Avg: 469388562.2, Max: 469388562.3, Diff: 0.1]
   [Code Root Fixup: 0.0 ms]
   [Code Root Purge: 0.0 ms]
   [Clear CT: 0.7 ms]
   [Other: 12.3 ms]
      [Choose CSet: 0.0 ms]
      [Ref Proc: 3.5 ms]
      [Ref Enq: 0.2 ms]
      [Redirty Cards: 0.1 ms]
      [Humongous Register: 2.9 ms]
      [Humongous Reclaim: 0.4 ms]
      [Free CSet: 4.1 ms]
   [Eden: 3378.0M(3378.0M)->0.0B(3342.0M) Survivors: 28.0M->46.0M Heap: 5211.3M(6144.0M)->1760.2M(6144.0M)]
 [Times: user=0.24 sys=0.04, real=0.04 secs] 
2025-07-25T22:21:14.752+0800: 469428.588: [GC pause (G1 Evacuation Pause) (young), 0.0285979 secs]
   [Parallel Time: 22.9 ms, GC Workers: 8]
      [GC Worker Start (ms): Min: 469428588.7, Avg: 469428588.8, Max: 469428588.8, Diff: 0.1]
      [Ext Root Scanning (ms): Min: 2.2, Avg: 3.3, Max: 9.4, Diff: 7.1, Sum: 26.1]
      [Update RS (ms): Min: 3.7, Avg: 9.5, Max: 10.6, Diff: 6.9, Sum: 76.3]
         [Processed Buffers: Min: 19, Avg: 73.2, Max: 89, Diff: 70, Sum: 586]
      [Scan RS (ms): Min: 0.2, Avg: 0.3, Max: 0.4, Diff: 0.2, Sum: 2.8]
      [Code Root Scanning (ms): Min: 0.0, Avg: 0.0, Max: 0.0, Diff: 0.0, Sum: 0.1]
      [Object Copy (ms): Min: 9.3, Avg: 9.4, Max: 9.5, Diff: 0.3, Sum: 75.5]
      [Termination (ms): Min: 0.0, Avg: 0.1, Max: 0.2, Diff: 0.2, Sum: 0.9]
         [Termination Attempts: Min: 1, Avg: 1.0, Max: 1, Diff: 0, Sum: 8]
      [GC Worker Other (ms): Min: 0.0, Avg: 0.0, Max: 0.0, Diff: 0.0, Sum: 0.2]
      [GC Worker Total (ms): Min: 22.7, Avg: 22.7, Max: 22.8, Diff: 0.1, Sum: 181.8]
      [GC Worker End (ms): Min: 469428611.5, Avg: 469428611.5, Max: 469428611.6, Diff: 0.1]
   [Code Root Fixup: 0.0 ms]
   [Code Root Purge: 0.0 ms]
   [Clear CT: 0.5 ms]
   [Other: 5.1 ms]
      [Choose CSet: 0.0 ms]
      [Ref Proc: 1.8 ms]
      [Ref Enq: 0.2 ms]
      [Redirty Cards: 0.2 ms]
      [Humongous Register: 0.3 ms]
      [Humongous Reclaim: 0.2 ms]
      [Free CSet: 1.8 ms]
   [Eden: 3342.0M(3342.0M)->0.0B(3342.0M) Survivors: 46.0M->46.0M Heap: 5151.9M(6144.0M)->1759.2M(6144.0M)]
 [Times: user=0.19 sys=0.00, real=0.03 secs] 
2025-07-25T22:22:01.488+0800: 469475.324: [GC pause (G1 Evacuation Pause) (young), 0.0364800 secs]
   [Parallel Time: 25.5 ms, GC Workers: 8]
      [GC Worker Start (ms): Min: 469475327.3, Avg: 469475327.4, Max: 469475327.5, Diff: 0.2]
      [Ext Root Scanning (ms): Min: 2.8, Avg: 3.4, Max: 5.8, Diff: 3.0, Sum: 27.3]
      [Update RS (ms): Min: 8.7, Avg: 10.3, Max: 10.8, Diff: 2.1, Sum: 82.3]
         [Processed Buffers: Min: 46, Avg: 71.0, Max: 90, Diff: 44, Sum: 568]
      [Scan RS (ms): Min: 0.1, Avg: 0.4, Max: 0.5, Diff: 0.4, Sum: 2.8]
      [Code Root Scanning (ms): Min: 0.0, Avg: 0.0, Max: 0.0, Diff: 0.0, Sum: 0.1]
      [Object Copy (ms): Min: 10.6, Avg: 11.0, Max: 11.1, Diff: 0.5, Sum: 88.2]
      [Termination (ms): Min: 0.0, Avg: 0.0, Max: 0.0, Diff: 0.0, Sum: 0.1]
         [Termination Attempts: Min: 1, Avg: 3.5, Max: 5, Diff: 4, Sum: 28]
      [GC Worker Other (ms): Min: 0.0, Avg: 0.1, Max: 0.2, Diff: 0.1, Sum: 1.0]
      [GC Worker Total (ms): Min: 25.1, Avg: 25.2, Max: 25.4, Diff: 0.3, Sum: 201.8]
      [GC Worker End (ms): Min: 469475352.6, Avg: 469475352.6, Max: 469475352.7, Diff: 0.1]
   [Code Root Fixup: 0.0 ms]
   [Code Root Purge: 0.0 ms]
   [Clear CT: 0.5 ms]
   [Other: 10.5 ms]
      [Choose CSet: 0.0 ms]
      [Ref Proc: 2.0 ms]
      [Ref Enq: 0.2 ms]
      [Redirty Cards: 0.1 ms]
      [Humongous Register: 2.9 ms]
      [Humongous Reclaim: 0.2 ms]
      [Free CSet: 4.0 ms]
   [Eden: 3342.0M(3342.0M)->0.0B(3338.0M) Survivors: 46.0M->48.0M Heap: 5147.3M(6144.0M)->1762.6M(6144.0M)]
 [Times: user=0.19 sys=0.03, real=0.03 secs] 
2025-07-25T22:23:17.866+0800: 469551.702: [GC pause (G1 Evacuation Pause) (young), 0.0386267 secs]
   [Parallel Time: 27.5 ms, GC Workers: 8]
      [GC Worker Start (ms): Min: 469551705.4, Avg: 469551705.4, Max: 469551705.5, Diff: 0.2]
      [Ext Root Scanning (ms): Min: 2.9, Avg: 4.2, Max: 10.6, Diff: 7.7, Sum: 33.4]
      [Update RS (ms): Min: 10.7, Avg: 16.9, Max: 18.3, Diff: 7.6, Sum: 135.2]
         [Processed Buffers: Min: 86, Avg: 120.5, Max: 146, Diff: 60, Sum: 964]
      [Scan RS (ms): Min: 0.1, Avg: 0.4, Max: 0.5, Diff: 0.4, Sum: 2.8]
      [Code Root Scanning (ms): Min: 0.0, Avg: 0.0, Max: 0.0, Diff: 0.0, Sum: 0.1]
      [Object Copy (ms): Min: 5.5, Avg: 5.7, Max: 5.8, Diff: 0.4, Sum: 45.3]
      [Termination (ms): Min: 0.0, Avg: 0.1, Max: 0.1, Diff: 0.1, Sum: 0.4]
         [Termination Attempts: Min: 1, Avg: 1.1, Max: 2, Diff: 1, Sum: 9]
      [GC Worker Other (ms): Min: 0.1, Avg: 0.1, Max: 0.2, Diff: 0.1, Sum: 1.2]
      [GC Worker Total (ms): Min: 27.2, Avg: 27.3, Max: 27.4, Diff: 0.2, Sum: 218.4]
      [GC Worker End (ms): Min: 469551732.7, Avg: 469551732.7, Max: 469551732.8, Diff: 0.1]
   [Code Root Fixup: 0.0 ms]
   [Code Root Purge: 0.0 ms]
   [Clear CT: 0.6 ms]
   [Other: 10.4 ms]
      [Choose CSet: 0.0 ms]
      [Ref Proc: 1.9 ms]
      [Ref Enq: 0.2 ms]
      [Redirty Cards: 0.1 ms]
      [Humongous Register: 2.6 ms]
      [Humongous Reclaim: 0.3 ms]
      [Free CSet: 4.2 ms]
   [Eden: 3338.0M(3338.0M)->0.0B(3364.0M) Survivors: 48.0M->30.0M Heap: 5196.5M(6144.0M)->1744.7M(6144.0M)]
 [Times: user=0.21 sys=0.01, real=0.04 secs] 
2025-07-25T22:26:20.872+0800: 469734.708: [GC pause (G1 Evacuation Pause) (young), 0.0459371 secs]
   [Parallel Time: 35.7 ms, GC Workers: 8]
      [GC Worker Start (ms): Min: 469734709.9, Avg: 469734709.9, Max: 469734710.0, Diff: 0.1]
      [Ext Root Scanning (ms): Min: 2.5, Avg: 3.7, Max: 10.5, Diff: 8.0, Sum: 29.7]
      [Update RS (ms): Min: 16.4, Avg: 23.1, Max: 24.7, Diff: 8.3, Sum: 184.6]
         [Processed Buffers: Min: 118, Avg: 149.4, Max: 165, Diff: 47, Sum: 1195]
      [Scan RS (ms): Min: 0.1, Avg: 0.5, Max: 0.7, Diff: 0.6, Sum: 4.3]
      [Code Root Scanning (ms): Min: 0.0, Avg: 0.0, Max: 0.0, Diff: 0.0, Sum: 0.1]
      [Object Copy (ms): Min: 7.8, Avg: 8.0, Max: 8.2, Diff: 0.3, Sum: 64.4]
      [Termination (ms): Min: 0.0, Avg: 0.0, Max: 0.0, Diff: 0.0, Sum: 0.2]
         [Termination Attempts: Min: 6, Avg: 9.0, Max: 11, Diff: 5, Sum: 72]
      [GC Worker Other (ms): Min: 0.0, Avg: 0.1, Max: 0.2, Diff: 0.2, Sum: 1.1]
      [GC Worker Total (ms): Min: 35.4, Avg: 35.5, Max: 35.6, Diff: 0.2, Sum: 284.4]
      [GC Worker End (ms): Min: 469734745.4, Avg: 469734745.5, Max: 469734745.5, Diff: 0.1]
   [Code Root Fixup: 0.0 ms]
   [Code Root Purge: 0.0 ms]
   [Clear CT: 0.7 ms]
   [Other: 9.5 ms]
      [Choose CSet: 0.0 ms]
      [Ref Proc: 2.4 ms]
      [Ref Enq: 0.1 ms]
      [Redirty Cards: 0.1 ms]
      [Humongous Register: 1.3 ms]
      [Humongous Reclaim: 0.5 ms]
      [Free CSet: 4.0 ms]
   [Eden: 3364.0M(3364.0M)->0.0B(3344.0M) Survivors: 30.0M->36.0M Heap: 5319.6M(6144.0M)->1764.8M(6144.0M)]
 [Times: user=0.25 sys=0.04, real=0.05 secs] 
2025-07-25T22:28:58.994+0800: 469892.829: [GC pause (G1 Evacuation Pause) (young), 0.0456531 secs]
   [Parallel Time: 39.0 ms, GC Workers: 8]
      [GC Worker Start (ms): Min: 469892830.1, Avg: 469892830.2, Max: 469892830.2, Diff: 0.1]
      [Ext Root Scanning (ms): Min: 2.3, Avg: 3.3, Max: 8.9, Diff: 6.7, Sum: 26.2]
      [Update RS (ms): Min: 22.7, Avg: 28.0, Max: 29.1, Diff: 6.4, Sum: 223.9]
         [Processed Buffers: Min: 148, Avg: 175.6, Max: 205, Diff: 57, Sum: 1405]
      [Scan RS (ms): Min: 0.3, Avg: 0.5, Max: 0.6, Diff: 0.3, Sum: 3.9]
      [Code Root Scanning (ms): Min: 0.0, Avg: 0.0, Max: 0.0, Diff: 0.0, Sum: 0.1]
      [Object Copy (ms): Min: 6.8, Avg: 7.0, Max: 7.1, Diff: 0.3, Sum: 56.2]
      [Termination (ms): Min: 0.0, Avg: 0.0, Max: 0.0, Diff: 0.0, Sum: 0.0]
         [Termination Attempts: Min: 1, Avg: 1.0, Max: 1, Diff: 0, Sum: 8]
      [GC Worker Other (ms): Min: 0.0, Avg: 0.1, Max: 0.1, Diff: 0.1, Sum: 0.6]
      [GC Worker Total (ms): Min: 38.8, Avg: 38.9, Max: 38.9, Diff: 0.1, Sum: 310.9]
      [GC Worker End (ms): Min: 469892869.0, Avg: 469892869.1, Max: 469892869.1, Diff: 0.1]
   [Code Root Fixup: 0.0 ms]
   [Code Root Purge: 0.0 ms]
   [Clear CT: 0.6 ms]
   [Other: 6.0 ms]
      [Choose CSet: 0.0 ms]
      [Ref Proc: 2.3 ms]
      [Ref Enq: 0.1 ms]
      [Redirty Cards: 0.1 ms]
      [Humongous Register: 0.6 ms]
      [Humongous Reclaim: 0.4 ms]
      [Free CSet: 1.8 ms]
   [Eden: 3344.0M(3344.0M)->0.0B(3348.0M) Survivors: 36.0M->32.0M Heap: 5324.0M(6144.0M)->1762.5M(6144.0M)]
 [Times: user=0.32 sys=0.00, real=0.05 secs] 
2025-07-25T22:30:05.079+0800: 469958.915: [GC pause (G1 Evacuation Pause) (young), 0.1943150 secs]
   [Parallel Time: 185.2 ms, GC Workers: 8]
      [GC Worker Start (ms): Min: 469958916.9, Avg: 469958917.0, Max: 469958917.1, Diff: 0.1]
      [Ext Root Scanning (ms): Min: 2.7, Avg: 3.2, Max: 4.7, Diff: 2.0, Sum: 25.6]
      [Update RS (ms): Min: 25.0, Avg: 26.0, Max: 26.6, Diff: 1.5, Sum: 208.0]
         [Processed Buffers: Min: 55, Avg: 83.1, Max: 121, Diff: 66, Sum: 665]
      [Scan RS (ms): Min: 0.1, Avg: 0.4, Max: 0.5, Diff: 0.4, Sum: 2.8]
      [Code Root Scanning (ms): Min: 0.0, Avg: 0.0, Max: 0.0, Diff: 0.0, Sum: 0.1]
      [Object Copy (ms): Min: 154.4, Avg: 154.9, Max: 156.2, Diff: 1.8, Sum: 1239.0]
      [Termination (ms): Min: 0.0, Avg: 0.4, Max: 0.5, Diff: 0.5, Sum: 3.3]
         [Termination Attempts: Min: 1, Avg: 406.4, Max: 489, Diff: 488, Sum: 3251]
      [GC Worker Other (ms): Min: 0.1, Avg: 0.1, Max: 0.2, Diff: 0.1, Sum: 1.2]
      [GC Worker Total (ms): Min: 184.9, Avg: 185.0, Max: 185.1, Diff: 0.2, Sum: 1479.9]
      [GC Worker End (ms): Min: 469959102.0, Avg: 469959102.0, Max: 469959102.0, Diff: 0.1]
   [Code Root Fixup: 0.1 ms]
   [Code Root Purge: 0.0 ms]
   [Clear CT: 0.6 ms]
   [Other: 8.5 ms]
      [Choose CSet: 0.0 ms]
      [Ref Proc: 1.2 ms]
      [Ref Enq: 0.1 ms]
      [Redirty Cards: 0.1 ms]
      [Humongous Register: 1.8 ms]
      [Humongous Reclaim: 0.3 ms]
      [Free CSet: 4.0 ms]
   [Eden: 3348.0M(3348.0M)->0.0B(1886.0M) Survivors: 32.0M->406.0M Heap: 5167.8M(6144.0M)->2126.8M(6144.0M)]
 [Times: user=1.40 sys=0.09, real=0.19 secs] 
2025-07-25T22:30:23.018+0800: 469976.854: [GC pause (G1 Evacuation Pause) (young), 0.2156841 secs]
   [Parallel Time: 209.7 ms, GC Workers: 8]
      [GC Worker Start (ms): Min: 469976854.9, Avg: 469976854.9, Max: 469976855.0, Diff: 0.1]
      [Ext Root Scanning (ms): Min: 2.3, Avg: 2.5, Max: 3.2, Diff: 1.0, Sum: 20.3]
      [Update RS (ms): Min: 22.1, Avg: 22.7, Max: 23.6, Diff: 1.4, Sum: 181.7]
         [Processed Buffers: Min: 45, Avg: 75.2, Max: 84, Diff: 39, Sum: 602]
      [Scan RS (ms): Min: 0.1, Avg: 0.2, Max: 0.3, Diff: 0.2, Sum: 1.9]
      [Code Root Scanning (ms): Min: 0.0, Avg: 0.0, Max: 0.0, Diff: 0.0, Sum: 0.0]
      [Object Copy (ms): Min: 183.5, Avg: 183.9, Max: 184.1, Diff: 0.6, Sum: 1471.6]
      [Termination (ms): Min: 0.0, Avg: 0.0, Max: 0.0, Diff: 0.0, Sum: 0.0]
         [Termination Attempts: Min: 1, Avg: 1.0, Max: 1, Diff: 0, Sum: 8]
      [GC Worker Other (ms): Min: 0.0, Avg: 0.1, Max: 0.1, Diff: 0.1, Sum: 0.6]
      [GC Worker Total (ms): Min: 209.4, Avg: 209.5, Max: 209.6, Diff: 0.2, Sum: 1676.2]
      [GC Worker End (ms): Min: 469977064.4, Avg: 469977064.5, Max: 469977064.5, Diff: 0.1]
   [Code Root Fixup: 0.0 ms]
   [Code Root Purge: 0.0 ms]
   [Clear CT: 0.4 ms]
   [Other: 5.5 ms]
      [Choose CSet: 0.0 ms]
      [Ref Proc: 1.1 ms]
      [Ref Enq: 0.1 ms]
      [Redirty Cards: 0.9 ms]
      [Humongous Register: 0.3 ms]
      [Humongous Reclaim: 0.3 ms]
      [Free CSet: 1.7 ms]
   [Eden: 1886.0M(1886.0M)->0.0B(2052.0M) Survivors: 406.0M->52.0M Heap: 4058.8M(6144.0M)->2147.2M(6144.0M)]
 [Times: user=1.59 sys=0.08, real=0.21 secs] 
2025-07-25T22:30:53.717+0800: 470007.552: [GC pause (G1 Evacuation Pause) (young), 0.0474616 secs]
   [Parallel Time: 43.0 ms, GC Workers: 8]
      [GC Worker Start (ms): Min: 470007552.9, Avg: 470007553.0, Max: 470007553.1, Diff: 0.1]
      [Ext Root Scanning (ms): Min: 2.2, Avg: 3.4, Max: 9.9, Diff: 7.8, Sum: 27.5]
      [Update RS (ms): Min: 17.5, Avg: 23.8, Max: 25.1, Diff: 7.5, Sum: 190.5]
         [Processed Buffers: Min: 103, Avg: 112.2, Max: 126, Diff: 23, Sum: 898]
      [Scan RS (ms): Min: 0.3, Avg: 0.5, Max: 0.6, Diff: 0.3, Sum: 4.0]
      [Code Root Scanning (ms): Min: 0.0, Avg: 0.0, Max: 0.0, Diff: 0.0, Sum: 0.0]
      [Object Copy (ms): Min: 14.7, Avg: 14.9, Max: 15.2, Diff: 0.4, Sum: 119.5]
      [Termination (ms): Min: 0.0, Avg: 0.0, Max: 0.0, Diff: 0.0, Sum: 0.0]
         [Termination Attempts: Min: 1, Avg: 1.0, Max: 1, Diff: 0, Sum: 8]
      [GC Worker Other (ms): Min: 0.0, Avg: 0.1, Max: 0.1, Diff: 0.1, Sum: 0.5]
      [GC Worker Total (ms): Min: 42.7, Avg: 42.8, Max: 42.8, Diff: 0.1, Sum: 342.1]
      [GC Worker End (ms): Min: 470007595.7, Avg: 470007595.8, Max: 470007595.8, Diff: 0.1]
   [Code Root Fixup: 0.0 ms]
   [Code Root Purge: 0.0 ms]
   [Clear CT: 0.4 ms]
   [Other: 4.0 ms]
      [Choose CSet: 0.0 ms]
      [Ref Proc: 1.5 ms]
      [Ref Enq: 0.2 ms]
      [Redirty Cards: 0.1 ms]
      [Humongous Register: 0.3 ms]
      [Humongous Reclaim: 0.1 ms]
      [Free CSet: 1.1 ms]
   [Eden: 2044.0M(2044.0M)->0.0B(2844.0M) Survivors: 52.0M->60.0M Heap: 4191.2M(6144.0M)->2154.2M(6144.0M)]
 [Times: user=0.29 sys=0.05, real=0.05 secs] 
2025-07-25T22:31:35.749+0800: 470049.585: [GC pause (G1 Evacuation Pause) (young), 0.0368586 secs]
   [Parallel Time: 28.2 ms, GC Workers: 8]
      [GC Worker Start (ms): Min: 470049586.8, Avg: 470049586.9, Max: 470049586.9, Diff: 0.1]
      [Ext Root Scanning (ms): Min: 2.4, Avg: 3.0, Max: 4.5, Diff: 2.1, Sum: 24.0]
      [Update RS (ms): Min: 5.5, Avg: 6.8, Max: 7.4, Diff: 1.9, Sum: 54.6]
         [Processed Buffers: Min: 28, Avg: 48.6, Max: 57, Diff: 29, Sum: 389]
      [Scan RS (ms): Min: 0.1, Avg: 0.3, Max: 0.3, Diff: 0.2, Sum: 2.1]
      [Code Root Scanning (ms): Min: 0.0, Avg: 0.0, Max: 0.0, Diff: 0.0, Sum: 0.1]
      [Object Copy (ms): Min: 17.5, Avg: 17.7, Max: 18.0, Diff: 0.6, Sum: 141.3]
      [Termination (ms): Min: 0.0, Avg: 0.1, Max: 0.1, Diff: 0.1, Sum: 0.7]
         [Termination Attempts: Min: 13, Avg: 17.4, Max: 20, Diff: 7, Sum: 139]
      [GC Worker Other (ms): Min: 0.0, Avg: 0.1, Max: 0.2, Diff: 0.1, Sum: 0.9]
      [GC Worker Total (ms): Min: 27.9, Avg: 28.0, Max: 28.1, Diff: 0.2, Sum: 223.6]
      [GC Worker End (ms): Min: 470049614.8, Avg: 470049614.8, Max: 470049614.8, Diff: 0.1]
   [Code Root Fixup: 0.0 ms]
   [Code Root Purge: 0.0 ms]
   [Clear CT: 0.4 ms]
   [Other: 8.2 ms]
      [Choose CSet: 0.0 ms]
      [Ref Proc: 1.8 ms]
      [Ref Enq: 0.1 ms]
      [Redirty Cards: 0.1 ms]
      [Humongous Register: 1.6 ms]
      [Humongous Reclaim: 0.2 ms]
      [Free CSet: 3.5 ms]
   [Eden: 2844.0M(2844.0M)->0.0B(2844.0M) Survivors: 60.0M->78.0M Heap: 5022.7M(6144.0M)->2172.2M(6144.0M)]
 [Times: user=0.22 sys=0.01, real=0.03 secs] 
2025-07-25T22:32:20.571+0800: 470094.407: [GC pause (G1 Evacuation Pause) (young), 0.0271787 secs]
   [Parallel Time: 22.1 ms, GC Workers: 8]
      [GC Worker Start (ms): Min: 470094407.7, Avg: 470094407.8, Max: 470094407.9, Diff: 0.1]
      [Ext Root Scanning (ms): Min: 2.3, Avg: 3.4, Max: 9.7, Diff: 7.4, Sum: 27.0]
      [Update RS (ms): Min: 0.2, Avg: 6.4, Max: 7.5, Diff: 7.3, Sum: 51.0]
         [Processed Buffers: Min: 10, Avg: 46.9, Max: 78, Diff: 68, Sum: 375]
      [Scan RS (ms): Min: 0.1, Avg: 0.3, Max: 0.4, Diff: 0.3, Sum: 2.3]
      [Code Root Scanning (ms): Min: 0.0, Avg: 0.0, Max: 0.0, Diff: 0.0, Sum: 0.1]
      [Object Copy (ms): Min: 11.6, Avg: 11.8, Max: 11.8, Diff: 0.2, Sum: 94.0]
      [Termination (ms): Min: 0.0, Avg: 0.0, Max: 0.1, Diff: 0.1, Sum: 0.4]
         [Termination Attempts: Min: 1, Avg: 1.0, Max: 1, Diff: 0, Sum: 8]
      [GC Worker Other (ms): Min: 0.0, Avg: 0.0, Max: 0.1, Diff: 0.1, Sum: 0.4]
      [GC Worker Total (ms): Min: 21.8, Avg: 21.9, Max: 22.0, Diff: 0.2, Sum: 175.1]
      [GC Worker End (ms): Min: 470094429.6, Avg: 470094429.7, Max: 470094429.7, Diff: 0.1]
   [Code Root Fixup: 0.0 ms]
   [Code Root Purge: 0.0 ms]
   [Clear CT: 0.5 ms]
   [Other: 4.6 ms]
      [Choose CSet: 0.0 ms]
      [Ref Proc: 1.6 ms]
      [Ref Enq: 0.2 ms]
      [Redirty Cards: 0.1 ms]
      [Humongous Register: 0.4 ms]
      [Humongous Reclaim: 0.1 ms]
      [Free CSet: 1.6 ms]
   [Eden: 2844.0M(2844.0M)->0.0B(2886.0M) Survivors: 78.0M->58.0M Heap: 5041.1M(6144.0M)->2152.2M(6144.0M)]
 [Times: user=0.18 sys=0.01, real=0.03 secs] 
2025-07-25T22:50:19.972+0800: 471173.808: [GC pause (G1 Evacuation Pause) (young), 0.0417356 secs]
   [Parallel Time: 28.3 ms, GC Workers: 8]
      [GC Worker Start (ms): Min: 471173811.8, Avg: 471173811.9, Max: 471173812.0, Diff: 0.1]
      [Ext Root Scanning (ms): Min: 3.0, Avg: 4.4, Max: 12.8, Diff: 9.8, Sum: 35.0]
      [Update RS (ms): Min: 0.0, Avg: 5.9, Max: 7.0, Diff: 7.0, Sum: 47.5]
         [Processed Buffers: Min: 0, Avg: 28.1, Max: 54, Diff: 54, Sum: 225]
      [Scan RS (ms): Min: 0.1, Avg: 0.3, Max: 0.4, Diff: 0.3, Sum: 2.2]
      [Code Root Scanning (ms): Min: 0.0, Avg: 0.0, Max: 0.0, Diff: 0.0, Sum: 0.1]
      [Object Copy (ms): Min: 15.2, Avg: 17.4, Max: 17.8, Diff: 2.5, Sum: 139.2]
      [Termination (ms): Min: 0.0, Avg: 0.0, Max: 0.0, Diff: 0.0, Sum: 0.0]
         [Termination Attempts: Min: 1, Avg: 1.0, Max: 1, Diff: 0, Sum: 8]
      [GC Worker Other (ms): Min: 0.1, Avg: 0.1, Max: 0.2, Diff: 0.1, Sum: 1.1]
      [GC Worker Total (ms): Min: 28.0, Avg: 28.1, Max: 28.2, Diff: 0.2, Sum: 225.1]
      [GC Worker End (ms): Min: 471173840.0, Avg: 471173840.0, Max: 471173840.1, Diff: 0.1]
   [Code Root Fixup: 0.0 ms]
   [Code Root Purge: 0.0 ms]
   [Clear CT: 0.5 ms]
   [Other: 12.9 ms]
      [Choose CSet: 0.0 ms]
      [Ref Proc: 4.8 ms]
      [Ref Enq: 0.2 ms]
      [Redirty Cards: 0.1 ms]
      [Humongous Register: 3.1 ms]
      [Humongous Reclaim: 0.1 ms]
      [Free CSet: 3.5 ms]
   [Eden: 2886.0M(2886.0M)->0.0B(2892.0M) Survivors: 58.0M->64.0M Heap: 5038.2M(6144.0M)->2159.2M(6144.0M)]
 [Times: user=0.18 sys=0.07, real=0.04 secs] 
2025-07-25T22:51:04.767+0800: 471218.603: [GC pause (G1 Evacuation Pause) (young), 0.0358815 secs]
   [Parallel Time: 25.3 ms, GC Workers: 8]
      [GC Worker Start (ms): Min: 471218606.7, Avg: 471218606.8, Max: 471218606.9, Diff: 0.2]
      [Ext Root Scanning (ms): Min: 2.6, Avg: 3.0, Max: 4.6, Diff: 2.1, Sum: 24.4]
      [Update RS (ms): Min: 2.4, Avg: 3.7, Max: 4.2, Diff: 1.8, Sum: 29.4]
         [Processed Buffers: Min: 8, Avg: 27.2, Max: 37, Diff: 29, Sum: 218]
      [Scan RS (ms): Min: 0.1, Avg: 0.3, Max: 0.4, Diff: 0.3, Sum: 2.3]
      [Code Root Scanning (ms): Min: 0.0, Avg: 0.0, Max: 0.0, Diff: 0.0, Sum: 0.1]
      [Object Copy (ms): Min: 17.8, Avg: 17.9, Max: 18.0, Diff: 0.3, Sum: 143.6]
      [Termination (ms): Min: 0.0, Avg: 0.0, Max: 0.0, Diff: 0.0, Sum: 0.0]
         [Termination Attempts: Min: 1, Avg: 1.2, Max: 2, Diff: 1, Sum: 10]
      [GC Worker Other (ms): Min: 0.1, Avg: 0.2, Max: 0.2, Diff: 0.2, Sum: 1.3]
      [GC Worker Total (ms): Min: 25.1, Avg: 25.1, Max: 25.2, Diff: 0.1, Sum: 201.0]
      [GC Worker End (ms): Min: 471218631.9, Avg: 471218631.9, Max: 471218631.9, Diff: 0.1]
   [Code Root Fixup: 0.0 ms]
   [Code Root Purge: 0.0 ms]
   [Clear CT: 0.5 ms]
   [Other: 10.1 ms]
      [Choose CSet: 0.0 ms]
      [Ref Proc: 1.9 ms]
      [Ref Enq: 0.2 ms]
      [Redirty Cards: 0.1 ms]
      [Humongous Register: 3.1 ms]
      [Humongous Reclaim: 0.1 ms]
      [Free CSet: 3.6 ms]
   [Eden: 2892.0M(2892.0M)->0.0B(2890.0M) Survivors: 64.0M->74.0M Heap: 5051.2M(6144.0M)->2169.2M(6144.0M)]
 [Times: user=0.13 sys=0.09, real=0.03 secs] 
2025-07-25T22:51:35.563+0800: 471249.399: [GC pause (G1 Evacuation Pause) (young), 0.0489259 secs]
   [Parallel Time: 43.4 ms, GC Workers: 8]
      [GC Worker Start (ms): Min: 471249399.6, Avg: 471249399.6, Max: 471249399.7, Diff: 0.1]
      [Ext Root Scanning (ms): Min: 2.4, Avg: 3.5, Max: 9.4, Diff: 7.0, Sum: 27.7]
      [Update RS (ms): Min: 14.0, Avg: 19.8, Max: 20.9, Diff: 6.9, Sum: 158.1]
         [Processed Buffers: Min: 100, Avg: 121.9, Max: 141, Diff: 41, Sum: 975]
      [Scan RS (ms): Min: 0.2, Avg: 0.3, Max: 0.4, Diff: 0.2, Sum: 2.4]
      [Code Root Scanning (ms): Min: 0.0, Avg: 0.0, Max: 0.0, Diff: 0.0, Sum: 0.1]
      [Object Copy (ms): Min: 19.5, Avg: 19.7, Max: 19.8, Diff: 0.3, Sum: 157.2]
      [Termination (ms): Min: 0.0, Avg: 0.0, Max: 0.1, Diff: 0.0, Sum: 0.4]
         [Termination Attempts: Min: 17, Avg: 19.8, Max: 22, Diff: 5, Sum: 158]
      [GC Worker Other (ms): Min: 0.0, Avg: 0.1, Max: 0.1, Diff: 0.1, Sum: 0.4]
      [GC Worker Total (ms): Min: 43.2, Avg: 43.3, Max: 43.3, Diff: 0.1, Sum: 346.2]
      [GC Worker End (ms): Min: 471249442.9, Avg: 471249442.9, Max: 471249442.9, Diff: 0.1]
   [Code Root Fixup: 0.1 ms]
   [Code Root Purge: 0.0 ms]
   [Clear CT: 0.5 ms]
   [Other: 4.9 ms]
      [Choose CSet: 0.0 ms]
      [Ref Proc: 1.6 ms]
      [Ref Enq: 0.1 ms]
      [Redirty Cards: 0.1 ms]
      [Humongous Register: 0.4 ms]
      [Humongous Reclaim: 0.4 ms]
      [Free CSet: 1.6 ms]
   [Eden: 2890.0M(2890.0M)->0.0B(2884.0M) Survivors: 74.0M->82.0M Heap: 5155.1M(6144.0M)->2176.2M(6144.0M)]
 [Times: user=0.29 sys=0.07, real=0.05 secs] 
2025-07-25T22:52:19.793+0800: 471293.629: [GC pause (G1 Evacuation Pause) (young), 0.0361009 secs]
   [Parallel Time: 25.3 ms, GC Workers: 8]
      [GC Worker Start (ms): Min: 471293632.1, Avg: 471293632.2, Max: 471293632.3, Diff: 0.1]
      [Ext Root Scanning (ms): Min: 2.8, Avg: 3.2, Max: 4.9, Diff: 2.1, Sum: 25.8]
      [Update RS (ms): Min: 4.0, Avg: 5.5, Max: 5.9, Diff: 1.9, Sum: 43.8]
         [Processed Buffers: Min: 15, Avg: 30.8, Max: 40, Diff: 25, Sum: 246]
      [Scan RS (ms): Min: 0.1, Avg: 0.3, Max: 0.4, Diff: 0.3, Sum: 2.5]
      [Code Root Scanning (ms): Min: 0.0, Avg: 0.0, Max: 0.0, Diff: 0.0, Sum: 0.1]
      [Object Copy (ms): Min: 15.7, Avg: 16.0, Max: 16.1, Diff: 0.3, Sum: 127.7]
      [Termination (ms): Min: 0.0, Avg: 0.0, Max: 0.0, Diff: 0.0, Sum: 0.0]
         [Termination Attempts: Min: 1, Avg: 1.0, Max: 1, Diff: 0, Sum: 8]
      [GC Worker Other (ms): Min: 0.1, Avg: 0.1, Max: 0.2, Diff: 0.1, Sum: 1.1]
      [GC Worker Total (ms): Min: 25.1, Avg: 25.1, Max: 25.2, Diff: 0.1, Sum: 201.0]
      [GC Worker End (ms): Min: 471293657.3, Avg: 471293657.3, Max: 471293657.4, Diff: 0.1]
   [Code Root Fixup: 0.1 ms]
   [Code Root Purge: 0.0 ms]
   [Clear CT: 0.6 ms]
   [Other: 10.1 ms]
      [Choose CSet: 0.0 ms]
      [Ref Proc: 2.5 ms]
      [Ref Enq: 0.1 ms]
      [Redirty Cards: 0.1 ms]
      [Humongous Register: 3.0 ms]
      [Humongous Reclaim: 0.1 ms]
      [Free CSet: 3.5 ms]
   [Eden: 2884.0M(2884.0M)->0.0B(2902.0M) Survivors: 82.0M->70.0M Heap: 5065.3M(6144.0M)->2168.6M(6144.0M)]
 [Times: user=0.09 sys=0.13, real=0.04 secs] 
2025-07-25T22:53:25.551+0800: 471359.387: [GC pause (G1 Evacuation Pause) (young), 0.0452873 secs]
   [Parallel Time: 36.9 ms, GC Workers: 8]
      [GC Worker Start (ms): Min: 471359388.3, Avg: 471359388.4, Max: 471359388.5, Diff: 0.2]
      [Ext Root Scanning (ms): Min: 2.7, Avg: 3.9, Max: 10.3, Diff: 7.5, Sum: 31.1]
      [Update RS (ms): Min: 9.5, Avg: 15.8, Max: 17.1, Diff: 7.6, Sum: 126.0]
         [Processed Buffers: Min: 75, Avg: 108.9, Max: 130, Diff: 55, Sum: 871]
      [Scan RS (ms): Min: 1.2, Avg: 1.4, Max: 1.5, Diff: 0.3, Sum: 11.3]
      [Code Root Scanning (ms): Min: 0.0, Avg: 0.0, Max: 0.0, Diff: 0.0, Sum: 0.1]
      [Object Copy (ms): Min: 15.3, Avg: 15.5, Max: 15.6, Diff: 0.3, Sum: 123.7]
      [Termination (ms): Min: 0.0, Avg: 0.0, Max: 0.0, Diff: 0.0, Sum: 0.0]
         [Termination Attempts: Min: 1, Avg: 1.0, Max: 1, Diff: 0, Sum: 8]
      [GC Worker Other (ms): Min: 0.0, Avg: 0.1, Max: 0.2, Diff: 0.1, Sum: 0.9]
      [GC Worker Total (ms): Min: 36.6, Avg: 36.6, Max: 36.7, Diff: 0.1, Sum: 293.1]
      [GC Worker End (ms): Min: 471359425.0, Avg: 471359425.1, Max: 471359425.1, Diff: 0.1]
   [Code Root Fixup: 0.0 ms]
   [Code Root Purge: 0.0 ms]
   [Clear CT: 0.7 ms]
   [Other: 7.7 ms]
      [Choose CSet: 0.0 ms]
      [Ref Proc: 1.4 ms]
      [Ref Enq: 0.1 ms]
      [Redirty Cards: 0.1 ms]
      [Humongous Register: 1.2 ms]
      [Humongous Reclaim: 0.4 ms]
      [Free CSet: 3.5 ms]
   [Eden: 2902.0M(2902.0M)->0.0B(2914.0M) Survivors: 70.0M->66.0M Heap: 5207.5M(6144.0M)->2160.2M(6144.0M)]
 [Times: user=0.30 sys=0.00, real=0.04 secs] 
2025-07-25T22:56:20.078+0800: 471533.914: [GC pause (G1 Evacuation Pause) (young), 0.0542802 secs]
   [Parallel Time: 45.1 ms, GC Workers: 8]
      [GC Worker Start (ms): Min: 471533916.2, Avg: 471533916.3, Max: 471533916.3, Diff: 0.1]
      [Ext Root Scanning (ms): Min: 3.0, Avg: 4.2, Max: 11.1, Diff: 8.2, Sum: 33.5]
      [Update RS (ms): Min: 14.6, Avg: 21.5, Max: 23.1, Diff: 8.5, Sum: 171.7]
         [Processed Buffers: Min: 108, Avg: 139.0, Max: 156, Diff: 48, Sum: 1112]
      [Scan RS (ms): Min: 0.9, Avg: 1.4, Max: 1.5, Diff: 0.6, Sum: 10.9]
      [Code Root Scanning (ms): Min: 0.0, Avg: 0.0, Max: 0.0, Diff: 0.0, Sum: 0.1]
      [Object Copy (ms): Min: 17.6, Avg: 17.7, Max: 17.8, Diff: 0.3, Sum: 142.0]
      [Termination (ms): Min: 0.0, Avg: 0.0, Max: 0.0, Diff: 0.0, Sum: 0.0]
         [Termination Attempts: Min: 2, Avg: 2.4, Max: 3, Diff: 1, Sum: 19]
      [GC Worker Other (ms): Min: 0.1, Avg: 0.1, Max: 0.2, Diff: 0.1, Sum: 1.1]
      [GC Worker Total (ms): Min: 44.8, Avg: 44.9, Max: 44.9, Diff: 0.1, Sum: 359.2]
      [GC Worker End (ms): Min: 471533961.1, Avg: 471533961.2, Max: 471533961.2, Diff: 0.1]
   [Code Root Fixup: 0.0 ms]
   [Code Root Purge: 0.0 ms]
   [Clear CT: 0.7 ms]
   [Other: 8.5 ms]
      [Choose CSet: 0.0 ms]
      [Ref Proc: 1.4 ms]
      [Ref Enq: 0.1 ms]
      [Redirty Cards: 0.1 ms]
      [Humongous Register: 1.6 ms]
      [Humongous Reclaim: 0.5 ms]
      [Free CSet: 3.8 ms]
   [Eden: 2914.0M(2914.0M)->0.0B(2920.0M) Survivors: 66.0M->64.0M Heap: 5239.0M(6144.0M)->2159.2M(6144.0M)]
 [Times: user=0.31 sys=0.07, real=0.05 secs] 
2025-07-25T22:59:09.005+0800: 471702.841: [GC pause (G1 Evacuation Pause) (young), 0.0529440 secs]
   [Parallel Time: 44.4 ms, GC Workers: 8]
      [GC Worker Start (ms): Min: 471702842.7, Avg: 471702842.8, Max: 471702842.9, Diff: 0.2]
      [Ext Root Scanning (ms): Min: 2.8, Avg: 4.0, Max: 10.7, Diff: 7.9, Sum: 32.2]
      [Update RS (ms): Min: 14.6, Avg: 21.2, Max: 22.8, Diff: 8.2, Sum: 169.5]
         [Processed Buffers: Min: 95, Avg: 134.8, Max: 156, Diff: 61, Sum: 1078]
      [Scan RS (ms): Min: 0.8, Avg: 1.4, Max: 1.6, Diff: 0.7, Sum: 10.8]
      [Code Root Scanning (ms): Min: 0.0, Avg: 0.0, Max: 0.0, Diff: 0.0, Sum: 0.1]
      [Object Copy (ms): Min: 17.4, Avg: 17.5, Max: 17.6, Diff: 0.2, Sum: 140.3]
      [Termination (ms): Min: 0.0, Avg: 0.0, Max: 0.0, Diff: 0.0, Sum: 0.0]
         [Termination Attempts: Min: 1, Avg: 1.1, Max: 2, Diff: 1, Sum: 9]
      [GC Worker Other (ms): Min: 0.1, Avg: 0.1, Max: 0.2, Diff: 0.1, Sum: 0.9]
      [GC Worker Total (ms): Min: 44.1, Avg: 44.2, Max: 44.3, Diff: 0.2, Sum: 353.7]
      [GC Worker End (ms): Min: 471702887.0, Avg: 471702887.0, Max: 471702887.1, Diff: 0.1]
   [Code Root Fixup: 0.0 ms]
   [Code Root Purge: 0.0 ms]
   [Clear CT: 0.6 ms]
   [Other: 7.9 ms]
      [Choose CSet: 0.0 ms]
      [Ref Proc: 1.1 ms]
      [Ref Enq: 0.1 ms]
      [Redirty Cards: 0.2 ms]
      [Humongous Register: 1.5 ms]
      [Humongous Reclaim: 0.4 ms]
      [Free CSet: 3.7 ms]
   [Eden: 2920.0M(2920.0M)->0.0B(2920.0M) Survivors: 64.0M->60.0M Heap: 5235.2M(6144.0M)->2161.2M(6144.0M)]
 [Times: user=0.36 sys=0.00, real=0.06 secs] 
2025-07-25T23:00:04.673+0800: 471758.509: [GC pause (G1 Evacuation Pause) (young), 0.3348509 secs]
   [Parallel Time: 306.4 ms, GC Workers: 8]
      [GC Worker Start (ms): Min: 471758509.7, Avg: 471758509.7, Max: 471758509.7, Diff: 0.1]
      [Ext Root Scanning (ms): Min: 2.4, Avg: 2.7, Max: 3.2, Diff: 0.8, Sum: 21.3]
      [Update RS (ms): Min: 52.0, Avg: 72.3, Max: 87.4, Diff: 35.4, Sum: 578.3]
         [Processed Buffers: Min: 62, Avg: 96.8, Max: 243, Diff: 181, Sum: 774]
      [Scan RS (ms): Min: 0.1, Avg: 0.3, Max: 0.7, Diff: 0.6, Sum: 2.4]
      [Code Root Scanning (ms): Min: 0.0, Avg: 0.0, Max: 0.0, Diff: 0.0, Sum: 0.1]
      [Object Copy (ms): Min: 213.0, Avg: 228.0, Max: 250.6, Diff: 37.6, Sum: 1824.3]
      [Termination (ms): Min: 0.0, Avg: 2.9, Max: 3.4, Diff: 3.4, Sum: 23.3]
         [Termination Attempts: Min: 1, Avg: 2939.2, Max: 3456, Diff: 3455, Sum: 23514]
      [GC Worker Other (ms): Min: 0.0, Avg: 0.1, Max: 0.1, Diff: 0.1, Sum: 0.4]
      [GC Worker Total (ms): Min: 306.2, Avg: 306.3, Max: 306.4, Diff: 0.1, Sum: 2450.2]
      [GC Worker End (ms): Min: 471758815.9, Avg: 471758816.0, Max: 471758816.0, Diff: 0.1]
   [Code Root Fixup: 0.1 ms]
   [Code Root Purge: 0.0 ms]
   [Clear CT: 0.6 ms]
   [Other: 27.7 ms]
      [Choose CSet: 0.0 ms]
      [Ref Proc: 23.3 ms]
      [Ref Enq: 0.9 ms]
      [Redirty Cards: 0.1 ms]
      [Humongous Register: 0.4 ms]
      [Humongous Reclaim: 0.3 ms]
      [Free CSet: 1.8 ms]
   [Eden: 2920.0M(2920.0M)->0.0B(2290.0M) Survivors: 60.0M->374.0M Heap: 5149.8M(6144.0M)->2474.9M(6144.0M)]
 [Times: user=1.97 sys=0.50, real=0.34 secs] 
2025-07-25T23:00:15.174+0800: 471769.010: [GC pause (G1 Evacuation Pause) (young), 0.3540243 secs]
   [Parallel Time: 284.5 ms, GC Workers: 8]
      [GC Worker Start (ms): Min: 471769014.1, Avg: 471769014.1, Max: 471769014.2, Diff: 0.1]
      [Ext Root Scanning (ms): Min: 3.3, Avg: 5.0, Max: 12.0, Diff: 8.8, Sum: 39.6]
      [Update RS (ms): Min: 23.9, Avg: 56.1, Max: 69.5, Diff: 45.6, Sum: 448.6]
         [Processed Buffers: Min: 9, Avg: 30.1, Max: 164, Diff: 155, Sum: 241]
      [Scan RS (ms): Min: 0.1, Avg: 0.3, Max: 1.1, Diff: 1.1, Sum: 2.2]
      [Code Root Scanning (ms): Min: 0.0, Avg: 0.0, Max: 0.1, Diff: 0.1, Sum: 0.1]
      [Object Copy (ms): Min: 211.1, Avg: 222.8, Max: 255.5, Diff: 44.4, Sum: 1782.0]
      [Termination (ms): Min: 0.0, Avg: 0.0, Max: 0.1, Diff: 0.1, Sum: 0.3]
         [Termination Attempts: Min: 1, Avg: 41.8, Max: 64, Diff: 63, Sum: 334]
      [GC Worker Other (ms): Min: 0.1, Avg: 0.2, Max: 0.2, Diff: 0.2, Sum: 1.4]
      [GC Worker Total (ms): Min: 284.2, Avg: 284.3, Max: 284.4, Diff: 0.2, Sum: 2274.2]
      [GC Worker End (ms): Min: 471769298.3, Avg: 471769298.4, Max: 471769298.5, Diff: 0.1]
   [Code Root Fixup: 0.1 ms]
   [Code Root Purge: 0.0 ms]
   [Clear CT: 0.8 ms]
   [Other: 68.7 ms]
      [Choose CSet: 0.0 ms]
      [Ref Proc: 57.4 ms]
      [Ref Enq: 2.2 ms]
      [Redirty Cards: 0.9 ms]
      [Humongous Register: 3.4 ms]
      [Humongous Reclaim: 0.2 ms]
      [Free CSet: 3.4 ms]
   [Eden: 2290.0M(2290.0M)->0.0B(178.0M) Survivors: 374.0M->128.0M Heap: 4767.0M(6144.0M)->2574.7M(6144.0M)]
 [Times: user=2.00 sys=0.34, real=0.36 secs] 
2025-07-25T23:00:16.477+0800: 471770.313: [GC pause (G1 Evacuation Pause) (young) (initial-mark), 0.0606763 secs]
   [Parallel Time: 54.4 ms, GC Workers: 8]
      [GC Worker Start (ms): Min: 471770314.0, Avg: 471770314.1, Max: 471770314.1, Diff: 0.1]
      [Ext Root Scanning (ms): Min: 3.5, Avg: 3.7, Max: 4.1, Diff: 0.5, Sum: 30.0]
      [Update RS (ms): Min: 18.9, Avg: 19.0, Max: 19.2, Diff: 0.3, Sum: 152.2]
         [Processed Buffers: Min: 62, Avg: 77.8, Max: 98, Diff: 36, Sum: 622]
      [Scan RS (ms): Min: 0.6, Avg: 0.8, Max: 0.9, Diff: 0.3, Sum: 6.3]
      [Code Root Scanning (ms): Min: 0.0, Avg: 0.0, Max: 0.0, Diff: 0.0, Sum: 0.0]
      [Object Copy (ms): Min: 29.9, Avg: 30.2, Max: 30.5, Diff: 0.6, Sum: 241.8]
      [Termination (ms): Min: 0.0, Avg: 0.1, Max: 0.2, Diff: 0.2, Sum: 1.1]
         [Termination Attempts: Min: 1, Avg: 130.1, Max: 169, Diff: 168, Sum: 1041]
      [GC Worker Other (ms): Min: 0.0, Avg: 0.0, Max: 0.1, Diff: 0.1, Sum: 0.3]
      [GC Worker Total (ms): Min: 53.9, Avg: 54.0, Max: 54.0, Diff: 0.1, Sum: 431.7]
      [GC Worker End (ms): Min: 471770368.0, Avg: 471770368.0, Max: 471770368.1, Diff: 0.0]
   [Code Root Fixup: 0.1 ms]
   [Code Root Purge: 0.0 ms]
   [Clear CT: 0.1 ms]
   [Other: 6.1 ms]
      [Choose CSet: 0.0 ms]
      [Ref Proc: 3.7 ms]
      [Ref Enq: 0.2 ms]
      [Redirty Cards: 0.3 ms]
      [Humongous Register: 0.3 ms]
      [Humongous Reclaim: 0.1 ms]
      [Free CSet: 0.4 ms]
   [Eden: 178.0M(178.0M)->0.0B(282.0M) Survivors: 128.0M->24.0M Heap: 2752.7M(6144.0M)->2565.7M(6144.0M)]
 [Times: user=0.39 sys=0.06, real=0.06 secs] 
2025-07-25T23:00:16.538+0800: 471770.374: [GC concurrent-root-region-scan-start]
2025-07-25T23:00:16.544+0800: 471770.380: [GC concurrent-root-region-scan-end, 0.0058861 secs]
2025-07-25T23:00:16.544+0800: 471770.380: [GC concurrent-mark-start]
2025-07-25T23:00:17.274+0800: 471771.110: [GC concurrent-mark-end, 0.7298214 secs]
2025-07-25T23:00:17.277+0800: 471771.113: [GC remark 2025-07-25T23:00:17.277+0800: 471771.113: [Finalize Marking, 0.0007263 secs] 2025-07-25T23:00:17.278+0800: 471771.114: [GC ref-proc, 0.0080753 secs] 2025-07-25T23:00:17.286+0800: 471771.122: [Unloading, 0.0556855 secs], 0.0671829 secs]
 [Times: user=0.32 sys=0.06, real=0.06 secs] 
2025-07-25T23:00:17.348+0800: 471771.184: [GC cleanup 2710M->2515M(6144M), 0.0038191 secs]
 [Times: user=0.01 sys=0.01, real=0.00 secs] 
2025-07-25T23:00:17.353+0800: 471771.188: [GC concurrent-cleanup-start]
2025-07-25T23:00:17.353+0800: 471771.188: [GC concurrent-cleanup-end, 0.0003860 secs]
2025-07-25T23:00:18.385+0800: 471772.220: [GC pause (G1 Evacuation Pause) (young), 0.0516937 secs]
   [Parallel Time: 42.1 ms, GC Workers: 8]
      [GC Worker Start (ms): Min: 471772221.0, Avg: 471772221.0, Max: 471772221.0, Diff: 0.1]
      [Ext Root Scanning (ms): Min: 2.4, Avg: 2.7, Max: 3.2, Diff: 0.8, Sum: 21.3]
      [Update RS (ms): Min: 28.3, Avg: 28.7, Max: 29.2, Diff: 0.9, Sum: 229.8]
         [Processed Buffers: Min: 83, Avg: 99.5, Max: 111, Diff: 28, Sum: 796]
      [Scan RS (ms): Min: 0.0, Avg: 0.0, Max: 0.0, Diff: 0.0, Sum: 0.2]
      [Code Root Scanning (ms): Min: 0.0, Avg: 0.0, Max: 0.0, Diff: 0.0, Sum: 0.0]
      [Object Copy (ms): Min: 10.0, Avg: 10.3, Max: 10.5, Diff: 0.5, Sum: 82.4]
      [Termination (ms): Min: 0.2, Avg: 0.2, Max: 0.3, Diff: 0.1, Sum: 2.0]
         [Termination Attempts: Min: 169, Avg: 204.9, Max: 237, Diff: 68, Sum: 1639]
      [GC Worker Other (ms): Min: 0.0, Avg: 0.0, Max: 0.0, Diff: 0.0, Sum: 0.2]
      [GC Worker Total (ms): Min: 42.0, Avg: 42.0, Max: 42.1, Diff: 0.1, Sum: 336.0]
      [GC Worker End (ms): Min: 471772263.0, Avg: 471772263.0, Max: 471772263.0, Diff: 0.0]
   [Code Root Fixup: 0.1 ms]
   [Code Root Purge: 0.0 ms]
   [Clear CT: 0.2 ms]
   [Other: 9.3 ms]
      [Choose CSet: 0.0 ms]
      [Ref Proc: 7.2 ms]
      [Ref Enq: 0.3 ms]
      [Redirty Cards: 0.1 ms]
      [Humongous Register: 0.3 ms]
      [Humongous Reclaim: 0.1 ms]
      [Free CSet: 0.4 ms]
   [Eden: 282.0M(282.0M)->0.0B(272.0M) Survivors: 24.0M->34.0M Heap: 2653.1M(6144.0M)->2380.1M(6144.0M)]
 [Times: user=0.30 sys=0.05, real=0.05 secs] 
2025-07-25T23:00:20.217+0800: 471774.052: [GC pause (G1 Evacuation Pause) (mixed), 0.0310084 secs]
   [Parallel Time: 17.7 ms, GC Workers: 8]
      [GC Worker Start (ms): Min: 471774053.4, Avg: 471774053.4, Max: 471774053.5, Diff: 0.1]
      [Ext Root Scanning (ms): Min: 2.3, Avg: 2.6, Max: 3.2, Diff: 0.9, Sum: 21.1]
      [Update RS (ms): Min: 0.3, Avg: 0.7, Max: 0.9, Diff: 0.6, Sum: 5.9]
         [Processed Buffers: Min: 1, Avg: 14.1, Max: 27, Diff: 26, Sum: 113]
      [Scan RS (ms): Min: 2.3, Avg: 2.4, Max: 2.4, Diff: 0.1, Sum: 19.3]
      [Code Root Scanning (ms): Min: 0.0, Avg: 0.0, Max: 0.0, Diff: 0.0, Sum: 0.0]
      [Object Copy (ms): Min: 11.4, Avg: 11.6, Max: 11.9, Diff: 0.5, Sum: 93.0]
      [Termination (ms): Min: 0.0, Avg: 0.1, Max: 0.2, Diff: 0.2, Sum: 1.0]
         [Termination Attempts: Min: 1, Avg: 123.9, Max: 158, Diff: 157, Sum: 991]
      [GC Worker Other (ms): Min: 0.0, Avg: 0.0, Max: 0.1, Diff: 0.0, Sum: 0.3]
      [GC Worker Total (ms): Min: 17.5, Avg: 17.6, Max: 17.6, Diff: 0.1, Sum: 140.5]
      [GC Worker End (ms): Min: 471774071.0, Avg: 471774071.0, Max: 471774071.0, Diff: 0.0]
   [Code Root Fixup: 0.1 ms]
   [Code Root Purge: 0.0 ms]
   [Clear CT: 0.3 ms]
   [Other: 12.9 ms]
      [Choose CSet: 0.4 ms]
      [Ref Proc: 8.7 ms]
      [Ref Enq: 0.3 ms]
      [Redirty Cards: 0.1 ms]
      [Humongous Register: 0.4 ms]
      [Humongous Reclaim: 0.1 ms]
      [Free CSet: 2.1 ms]
   [Eden: 272.0M(272.0M)->0.0B(272.0M) Survivors: 34.0M->34.0M Heap: 2652.1M(6144.0M)->1774.1M(6144.0M)]
 [Times: user=0.15 sys=0.00, real=0.04 secs] 
2025-07-25T23:00:20.536+0800: 471774.372: [GC pause (G1 Evacuation Pause) (mixed), 0.0480620 secs]
   [Parallel Time: 41.5 ms, GC Workers: 8]
      [GC Worker Start (ms): Min: 471774373.3, Avg: 471774373.3, Max: 471774373.4, Diff: 0.1]
      [Ext Root Scanning (ms): Min: 2.1, Avg: 2.4, Max: 3.0, Diff: 0.9, Sum: 19.4]
      [Update RS (ms): Min: 4.4, Avg: 4.8, Max: 4.9, Diff: 0.6, Sum: 38.3]
         [Processed Buffers: Min: 24, Avg: 35.5, Max: 44, Diff: 20, Sum: 284]
      [Scan RS (ms): Min: 7.3, Avg: 7.5, Max: 7.6, Diff: 0.3, Sum: 59.9]
      [Code Root Scanning (ms): Min: 0.0, Avg: 0.0, Max: 0.1, Diff: 0.1, Sum: 0.2]
      [Object Copy (ms): Min: 26.4, Avg: 26.6, Max: 26.6, Diff: 0.2, Sum: 212.5]
      [Termination (ms): Min: 0.0, Avg: 0.0, Max: 0.0, Diff: 0.0, Sum: 0.0]
         [Termination Attempts: Min: 1, Avg: 2.0, Max: 3, Diff: 2, Sum: 16]
      [GC Worker Other (ms): Min: 0.0, Avg: 0.0, Max: 0.1, Diff: 0.0, Sum: 0.2]
      [GC Worker Total (ms): Min: 41.3, Avg: 41.3, Max: 41.3, Diff: 0.1, Sum: 330.5]
      [GC Worker End (ms): Min: 471774414.6, Avg: 471774414.6, Max: 471774414.7, Diff: 0.0]
   [Code Root Fixup: 0.1 ms]
   [Code Root Purge: 0.0 ms]
   [Clear CT: 0.4 ms]
   [Other: 6.1 ms]
      [Choose CSet: 0.6 ms]
      [Ref Proc: 1.7 ms]
      [Ref Enq: 0.1 ms]
      [Redirty Cards: 0.3 ms]
      [Humongous Register: 0.4 ms]
      [Humongous Reclaim: 0.1 ms]
      [Free CSet: 2.0 ms]
   [Eden: 272.0M(272.0M)->0.0B(2114.0M) Survivors: 34.0M->36.0M Heap: 2068.9M(6144.0M)->1307.1M(6144.0M)]
 [Times: user=0.29 sys=0.06, real=0.05 secs] 
2025-07-25T23:00:32.643+0800: 471786.478: [GC pause (G1 Evacuation Pause) (young), 0.2545899 secs]
   [Parallel Time: 166.1 ms, GC Workers: 8]
      [GC Worker Start (ms): Min: 471786483.3, Avg: 471786483.4, Max: 471786483.5, Diff: 0.2]
      [Ext Root Scanning (ms): Min: 3.0, Avg: 4.3, Max: 11.8, Diff: 8.8, Sum: 34.7]
      [Update RS (ms): Min: 24.2, Avg: 31.3, Max: 32.5, Diff: 8.3, Sum: 250.5]
         [Processed Buffers: Min: 84, Avg: 104.0, Max: 121, Diff: 37, Sum: 832]
      [Scan RS (ms): Min: 0.2, Avg: 0.2, Max: 0.3, Diff: 0.1, Sum: 1.9]
      [Code Root Scanning (ms): Min: 0.0, Avg: 0.0, Max: 0.0, Diff: 0.0, Sum: 0.0]
      [Object Copy (ms): Min: 103.9, Avg: 109.0, Max: 111.4, Diff: 7.5, Sum: 872.3]
      [Termination (ms): Min: 18.3, Avg: 20.8, Max: 25.9, Diff: 7.6, Sum: 166.4]
         [Termination Attempts: Min: 9527, Avg: 10108.6, Max: 10576, Diff: 1049, Sum: 80869]
      [GC Worker Other (ms): Min: 0.1, Avg: 0.2, Max: 0.3, Diff: 0.1, Sum: 1.8]
      [GC Worker Total (ms): Min: 165.8, Avg: 165.9, Max: 166.0, Diff: 0.2, Sum: 1327.5]
      [GC Worker End (ms): Min: 471786649.3, Avg: 471786649.3, Max: 471786649.3, Diff: 0.1]
   [Code Root Fixup: 0.1 ms]
   [Code Root Purge: 0.0 ms]
   [Clear CT: 0.6 ms]
   [Other: 87.8 ms]
      [Choose CSet: 0.0 ms]
      [Ref Proc: 76.8 ms]
      [Ref Enq: 2.5 ms]
      [Redirty Cards: 0.2 ms]
      [Humongous Register: 3.9 ms]
      [Humongous Reclaim: 0.2 ms]
      [Free CSet: 2.8 ms]
   [Eden: 2114.0M(2114.0M)->0.0B(250.0M) Survivors: 36.0M->56.0M Heap: 3444.3M(6144.0M)->1327.1M(6144.0M)]
 [Times: user=1.28 sys=0.14, real=0.26 secs] 
2025-07-25T23:00:34.387+0800: 471788.223: [GC pause (G1 Evacuation Pause) (young), 0.0192675 secs]
   [Parallel Time: 10.2 ms, GC Workers: 8]
      [GC Worker Start (ms): Min: 471788223.5, Avg: 471788223.6, Max: 471788223.6, Diff: 0.1]
      [Ext Root Scanning (ms): Min: 2.2, Avg: 2.5, Max: 3.1, Diff: 0.9, Sum: 20.1]
      [Update RS (ms): Min: 0.4, Avg: 0.9, Max: 1.1, Diff: 0.8, Sum: 7.6]
         [Processed Buffers: Min: 2, Avg: 14.2, Max: 40, Diff: 38, Sum: 114]
      [Scan RS (ms): Min: 0.0, Avg: 0.0, Max: 0.0, Diff: 0.0, Sum: 0.2]
      [Code Root Scanning (ms): Min: 0.0, Avg: 0.0, Max: 0.0, Diff: 0.0, Sum: 0.0]
      [Object Copy (ms): Min: 6.4, Avg: 6.6, Max: 6.7, Diff: 0.3, Sum: 52.5]
      [Termination (ms): Min: 0.0, Avg: 0.0, Max: 0.0, Diff: 0.0, Sum: 0.0]
         [Termination Attempts: Min: 1, Avg: 1.4, Max: 3, Diff: 2, Sum: 11]
      [GC Worker Other (ms): Min: 0.0, Avg: 0.0, Max: 0.0, Diff: 0.0, Sum: 0.2]
      [GC Worker Total (ms): Min: 10.0, Avg: 10.1, Max: 10.1, Diff: 0.1, Sum: 80.6]
      [GC Worker End (ms): Min: 471788233.7, Avg: 471788233.7, Max: 471788233.7, Diff: 0.0]
   [Code Root Fixup: 0.0 ms]
   [Code Root Purge: 0.0 ms]
   [Clear CT: 0.1 ms]
   [Other: 8.8 ms]
      [Choose CSet: 0.0 ms]
      [Ref Proc: 6.7 ms]
      [Ref Enq: 0.2 ms]
      [Redirty Cards: 0.1 ms]
      [Humongous Register: 0.4 ms]
      [Humongous Reclaim: 0.1 ms]
      [Free CSet: 0.3 ms]
   [Eden: 250.0M(250.0M)->0.0B(452.0M) Survivors: 56.0M->20.0M Heap: 1577.1M(6144.0M)->1308.1M(6144.0M)]
 [Times: user=0.06 sys=0.03, real=0.01 secs] 
2025-07-25T23:00:37.416+0800: 471791.251: [GC pause (G1 Evacuation Pause) (young), 0.0433218 secs]
   [Parallel Time: 24.0 ms, GC Workers: 8]
      [GC Worker Start (ms): Min: 471791251.8, Avg: 471791251.9, Max: 471791251.9, Diff: 0.1]
      [Ext Root Scanning (ms): Min: 2.2, Avg: 2.5, Max: 3.3, Diff: 1.0, Sum: 19.8]
      [Update RS (ms): Min: 2.0, Avg: 2.6, Max: 2.8, Diff: 0.8, Sum: 20.5]
         [Processed Buffers: Min: 5, Avg: 20.2, Max: 29, Diff: 24, Sum: 162]
      [Scan RS (ms): Min: 0.0, Avg: 0.0, Max: 0.0, Diff: 0.0, Sum: 0.3]
      [Code Root Scanning (ms): Min: 0.0, Avg: 0.0, Max: 0.0, Diff: 0.0, Sum: 0.0]
      [Object Copy (ms): Min: 18.0, Avg: 18.2, Max: 18.3, Diff: 0.3, Sum: 145.6]
      [Termination (ms): Min: 0.4, Avg: 0.4, Max: 0.5, Diff: 0.1, Sum: 3.5]
         [Termination Attempts: Min: 308, Avg: 377.1, Max: 415, Diff: 107, Sum: 3017]
      [GC Worker Other (ms): Min: 0.0, Avg: 0.0, Max: 0.2, Diff: 0.1, Sum: 0.4]
      [GC Worker Total (ms): Min: 23.7, Avg: 23.8, Max: 23.8, Diff: 0.1, Sum: 190.2]
      [GC Worker End (ms): Min: 471791275.6, Avg: 471791275.6, Max: 471791275.7, Diff: 0.1]
   [Code Root Fixup: 0.1 ms]
   [Code Root Purge: 0.0 ms]
   [Clear CT: 0.2 ms]
   [Other: 19.0 ms]
      [Choose CSet: 0.0 ms]
      [Ref Proc: 16.4 ms]
      [Ref Enq: 0.7 ms]
      [Redirty Cards: 0.1 ms]
      [Humongous Register: 0.4 ms]
      [Humongous Reclaim: 0.2 ms]
      [Free CSet: 0.4 ms]
   [Eden: 452.0M(452.0M)->0.0B(708.0M) Survivors: 20.0M->36.0M Heap: 1760.1M(6144.0M)->1324.1M(6144.0M)]
 [Times: user=0.21 sys=0.00, real=0.05 secs] 
2025-07-25T23:00:42.707+0800: 471796.542: [GC pause (G1 Evacuation Pause) (young), 0.0674284 secs]
   [Parallel Time: 38.3 ms, GC Workers: 8]
      [GC Worker Start (ms): Min: 471796543.2, Avg: 471796543.2, Max: 471796543.3, Diff: 0.1]
      [Ext Root Scanning (ms): Min: 2.3, Avg: 2.6, Max: 3.3, Diff: 1.0, Sum: 20.7]
      [Update RS (ms): Min: 0.4, Avg: 0.9, Max: 1.0, Diff: 0.7, Sum: 7.2]
         [Processed Buffers: Min: 7, Avg: 18.6, Max: 35, Diff: 28, Sum: 149]
      [Scan RS (ms): Min: 0.0, Avg: 0.1, Max: 0.1, Diff: 0.1, Sum: 0.5]
      [Code Root Scanning (ms): Min: 0.0, Avg: 0.0, Max: 0.0, Diff: 0.0, Sum: 0.0]
      [Object Copy (ms): Min: 33.0, Avg: 33.3, Max: 33.4, Diff: 0.4, Sum: 266.5]
      [Termination (ms): Min: 1.1, Avg: 1.2, Max: 1.3, Diff: 0.2, Sum: 9.8]
         [Termination Attempts: Min: 934, Avg: 1029.8, Max: 1105, Diff: 171, Sum: 8238]
      [GC Worker Other (ms): Min: 0.0, Avg: 0.1, Max: 0.1, Diff: 0.1, Sum: 0.4]
      [GC Worker Total (ms): Min: 38.1, Avg: 38.1, Max: 38.2, Diff: 0.1, Sum: 305.1]
      [GC Worker End (ms): Min: 471796581.3, Avg: 471796581.4, Max: 471796581.4, Diff: 0.1]
   [Code Root Fixup: 0.1 ms]
   [Code Root Purge: 0.0 ms]
   [Clear CT: 0.2 ms]
   [Other: 28.9 ms]
      [Choose CSet: 0.0 ms]
      [Ref Proc: 25.7 ms]
      [Ref Enq: 1.0 ms]
      [Redirty Cards: 0.2 ms]
      [Humongous Register: 0.4 ms]
      [Humongous Reclaim: 0.1 ms]
      [Free CSet: 0.6 ms]
   [Eden: 708.0M(708.0M)->0.0B(998.0M) Survivors: 36.0M->38.0M Heap: 2032.1M(6144.0M)->1325.1M(6144.0M)]
 [Times: user=0.32 sys=0.02, real=0.07 secs] 
2025-07-25T23:00:50.534+0800: 471804.370: [GC pause (G1 Evacuation Pause) (young), 0.1086627 secs]
   [Parallel Time: 74.0 ms, GC Workers: 8]
      [GC Worker Start (ms): Min: 471804370.4, Avg: 471804370.5, Max: 471804370.5, Diff: 0.1]
      [Ext Root Scanning (ms): Min: 2.5, Avg: 3.6, Max: 9.4, Diff: 6.9, Sum: 28.7]
      [Update RS (ms): Min: 0.0, Avg: 1.4, Max: 2.0, Diff: 2.0, Sum: 11.2]
         [Processed Buffers: Min: 0, Avg: 21.8, Max: 43, Diff: 43, Sum: 174]
      [Scan RS (ms): Min: 0.0, Avg: 0.1, Max: 0.1, Diff: 0.1, Sum: 0.7]
      [Code Root Scanning (ms): Min: 0.0, Avg: 0.0, Max: 0.0, Diff: 0.0, Sum: 0.0]
      [Object Copy (ms): Min: 40.4, Avg: 44.6, Max: 47.8, Diff: 7.4, Sum: 357.1]
      [Termination (ms): Min: 21.5, Avg: 24.1, Max: 25.3, Diff: 3.8, Sum: 192.4]
         [Termination Attempts: Min: 4543, Avg: 5131.4, Max: 5414, Diff: 871, Sum: 41051]
      [GC Worker Other (ms): Min: 0.0, Avg: 0.0, Max: 0.1, Diff: 0.1, Sum: 0.3]
      [GC Worker Total (ms): Min: 73.7, Avg: 73.8, Max: 73.9, Diff: 0.2, Sum: 590.5]
      [GC Worker End (ms): Min: 471804444.3, Avg: 471804444.3, Max: 471804444.3, Diff: 0.1]
   [Code Root Fixup: 0.1 ms]
   [Code Root Purge: 0.0 ms]
   [Clear CT: 0.3 ms]
   [Other: 34.4 ms]
      [Choose CSet: 0.0 ms]
      [Ref Proc: 31.2 ms]
      [Ref Enq: 1.1 ms]
      [Redirty Cards: 0.1 ms]
      [Humongous Register: 0.3 ms]
      [Humongous Reclaim: 0.1 ms]
      [Free CSet: 0.7 ms]
   [Eden: 998.0M(998.0M)->0.0B(1214.0M) Survivors: 38.0M->36.0M Heap: 2323.1M(6144.0M)->1324.1M(6144.0M)]
 [Times: user=0.54 sys=0.08, real=0.11 secs] 
2025-07-25T23:00:59.932+0800: 471813.768: [GC pause (G1 Evacuation Pause) (young), 0.0861645 secs]
   [Parallel Time: 42.7 ms, GC Workers: 8]
      [GC Worker Start (ms): Min: 471813772.7, Avg: 471813772.8, Max: 471813772.8, Diff: 0.1]
      [Ext Root Scanning (ms): Min: 2.9, Avg: 3.5, Max: 5.2, Diff: 2.3, Sum: 27.8]
      [Update RS (ms): Min: 0.7, Avg: 2.3, Max: 3.3, Diff: 2.6, Sum: 18.2]
         [Processed Buffers: Min: 2, Avg: 20.9, Max: 41, Diff: 39, Sum: 167]
      [Scan RS (ms): Min: 0.0, Avg: 0.1, Max: 0.2, Diff: 0.1, Sum: 1.1]
      [Code Root Scanning (ms): Min: 0.0, Avg: 0.0, Max: 0.0, Diff: 0.0, Sum: 0.0]
      [Object Copy (ms): Min: 34.6, Avg: 35.3, Max: 35.7, Diff: 1.1, Sum: 282.4]
      [Termination (ms): Min: 1.0, Avg: 1.2, Max: 1.4, Diff: 0.4, Sum: 9.9]
         [Termination Attempts: Min: 826, Avg: 949.2, Max: 1033, Diff: 207, Sum: 7594]
      [GC Worker Other (ms): Min: 0.1, Avg: 0.1, Max: 0.2, Diff: 0.2, Sum: 1.0]
      [GC Worker Total (ms): Min: 42.5, Avg: 42.6, Max: 42.6, Diff: 0.1, Sum: 340.4]
      [GC Worker End (ms): Min: 471813815.3, Avg: 471813815.3, Max: 471813815.3, Diff: 0.1]
   [Code Root Fixup: 0.1 ms]
   [Code Root Purge: 0.0 ms]
   [Clear CT: 0.4 ms]
   [Other: 43.0 ms]
      [Choose CSet: 0.0 ms]
      [Ref Proc: 33.7 ms]
      [Ref Enq: 1.5 ms]
      [Redirty Cards: 0.2 ms]
      [Humongous Register: 4.3 ms]
      [Humongous Reclaim: 0.1 ms]
      [Free CSet: 2.0 ms]
   [Eden: 1214.0M(1214.0M)->0.0B(1558.0M) Survivors: 36.0M->42.0M Heap: 2538.1M(6144.0M)->1330.1M(6144.0M)]
 [Times: user=0.32 sys=0.07, real=0.09 secs] 
2025-07-25T23:01:08.739+0800: 471822.574: [GC pause (G1 Evacuation Pause) (young), 0.1073438 secs]
   [Parallel Time: 76.8 ms, GC Workers: 8]
      [GC Worker Start (ms): Min: 471822575.3, Avg: 471822575.4, Max: 471822575.5, Diff: 0.2]
      [Ext Root Scanning (ms): Min: 2.7, Avg: 3.8, Max: 9.5, Diff: 6.7, Sum: 30.3]
      [Update RS (ms): Min: 3.5, Avg: 9.0, Max: 10.2, Diff: 6.7, Sum: 71.7]
         [Processed Buffers: Min: 46, Avg: 70.6, Max: 94, Diff: 48, Sum: 565]
      [Scan RS (ms): Min: 0.1, Avg: 0.2, Max: 0.2, Diff: 0.2, Sum: 1.5]
      [Code Root Scanning (ms): Min: 0.0, Avg: 0.0, Max: 0.0, Diff: 0.0, Sum: 0.0]
      [Object Copy (ms): Min: 37.8, Avg: 39.8, Max: 41.6, Diff: 3.8, Sum: 318.2]
      [Termination (ms): Min: 22.0, Avg: 23.8, Max: 25.8, Diff: 3.9, Sum: 190.3]
         [Termination Attempts: Min: 3407, Avg: 3695.1, Max: 3918, Diff: 511, Sum: 29561]
      [GC Worker Other (ms): Min: 0.0, Avg: 0.0, Max: 0.1, Diff: 0.0, Sum: 0.3]
      [GC Worker Total (ms): Min: 76.4, Avg: 76.5, Max: 76.7, Diff: 0.3, Sum: 612.3]
      [GC Worker End (ms): Min: 471822651.9, Avg: 471822652.0, Max: 471822652.1, Diff: 0.2]
   [Code Root Fixup: 0.1 ms]
   [Code Root Purge: 0.0 ms]
   [Clear CT: 0.4 ms]
   [Other: 30.0 ms]
      [Choose CSet: 0.0 ms]
      [Ref Proc: 25.4 ms]
      [Ref Enq: 1.0 ms]
      [Redirty Cards: 0.3 ms]
      [Humongous Register: 0.4 ms]
      [Humongous Reclaim: 0.3 ms]
      [Free CSet: 1.3 ms]
   [Eden: 1558.0M(1558.0M)->0.0B(2414.0M) Survivors: 42.0M->46.0M Heap: 2937.9M(6144.0M)->1333.1M(6144.0M)]
 [Times: user=0.64 sys=0.00, real=0.10 secs] 
2025-07-25T23:01:26.092+0800: 471839.928: [GC pause (G1 Evacuation Pause) (young), 0.1874163 secs]
   [Parallel Time: 82.7 ms, GC Workers: 8]
      [GC Worker Start (ms): Min: 471839931.3, Avg: 471839931.4, Max: 471839931.5, Diff: 0.1]
      [Ext Root Scanning (ms): Min: 2.7, Avg: 3.2, Max: 5.0, Diff: 2.4, Sum: 25.3]
      [Update RS (ms): Min: 8.1, Avg: 9.8, Max: 10.4, Diff: 2.3, Sum: 78.7]
         [Processed Buffers: Min: 47, Avg: 69.5, Max: 89, Diff: 42, Sum: 556]
      [Scan RS (ms): Min: 0.1, Avg: 0.3, Max: 0.4, Diff: 0.3, Sum: 2.1]
      [Code Root Scanning (ms): Min: 0.0, Avg: 0.0, Max: 0.0, Diff: 0.0, Sum: 0.0]
      [Object Copy (ms): Min: 66.3, Avg: 66.7, Max: 68.2, Diff: 1.9, Sum: 533.4]
      [Termination (ms): Min: 0.7, Avg: 2.4, Max: 2.8, Diff: 2.1, Sum: 19.5]
         [Termination Attempts: Min: 422, Avg: 1175.9, Max: 1498, Diff: 1076, Sum: 9407]
      [GC Worker Other (ms): Min: 0.1, Avg: 0.1, Max: 0.2, Diff: 0.1, Sum: 0.9]
      [GC Worker Total (ms): Min: 82.5, Avg: 82.5, Max: 82.6, Diff: 0.1, Sum: 660.0]
      [GC Worker End (ms): Min: 471840013.9, Avg: 471840013.9, Max: 471840014.0, Diff: 0.1]
   [Code Root Fixup: 0.1 ms]
   [Code Root Purge: 0.0 ms]
   [Clear CT: 0.7 ms]
   [Other: 103.9 ms]
      [Choose CSet: 0.0 ms]
      [Ref Proc: 94.4 ms]
      [Ref Enq: 2.1 ms]
      [Redirty Cards: 0.4 ms]
      [Humongous Register: 2.8 ms]
      [Humongous Reclaim: 0.2 ms]
      [Free CSet: 3.1 ms]
   [Eden: 2414.0M(2414.0M)->0.0B(992.0M) Survivors: 46.0M->62.0M Heap: 3793.1M(6144.0M)->1363.4M(6144.0M)]
 [Times: user=0.75 sys=0.02, real=0.19 secs] 
2025-07-25T23:01:33.403+0800: 471847.239: [GC pause (G1 Evacuation Pause) (young), 0.0978204 secs]
   [Parallel Time: 69.1 ms, GC Workers: 8]
      [GC Worker Start (ms): Min: 471847239.2, Avg: 471847239.3, Max: 471847239.4, Diff: 0.1]
      [Ext Root Scanning (ms): Min: 3.1, Avg: 3.3, Max: 3.7, Diff: 0.6, Sum: 26.4]
      [Update RS (ms): Min: 1.6, Avg: 1.7, Max: 1.8, Diff: 0.2, Sum: 13.3]
         [Processed Buffers: Min: 2, Avg: 20.0, Max: 40, Diff: 38, Sum: 160]
      [Scan RS (ms): Min: 0.0, Avg: 0.2, Max: 0.3, Diff: 0.2, Sum: 1.4]
      [Code Root Scanning (ms): Min: 0.0, Avg: 0.0, Max: 0.0, Diff: 0.0, Sum: 0.0]
      [Object Copy (ms): Min: 36.1, Avg: 38.0, Max: 42.7, Diff: 6.5, Sum: 303.9]
      [Termination (ms): Min: 21.0, Avg: 25.5, Max: 27.3, Diff: 6.3, Sum: 204.2]
         [Termination Attempts: Min: 2522, Avg: 3700.6, Max: 4201, Diff: 1679, Sum: 29605]
      [GC Worker Other (ms): Min: 0.0, Avg: 0.1, Max: 0.1, Diff: 0.1, Sum: 0.4]
      [GC Worker Total (ms): Min: 68.6, Avg: 68.7, Max: 68.8, Diff: 0.2, Sum: 549.8]
      [GC Worker End (ms): Min: 471847308.0, Avg: 471847308.0, Max: 471847308.2, Diff: 0.2]
   [Code Root Fixup: 0.0 ms]
   [Code Root Purge: 0.0 ms]
   [Clear CT: 0.3 ms]
   [Other: 28.5 ms]
      [Choose CSet: 0.0 ms]
      [Ref Proc: 25.4 ms]
      [Ref Enq: 1.0 ms]
      [Redirty Cards: 0.1 ms]
      [Humongous Register: 0.3 ms]
      [Humongous Reclaim: 0.1 ms]
      [Free CSet: 0.7 ms]
   [Eden: 992.0M(992.0M)->0.0B(1482.0M) Survivors: 62.0M->44.0M Heap: 2355.4M(6144.0M)->1331.1M(6144.0M)]
 [Times: user=0.58 sys=0.00, real=0.10 secs] 
2025-07-25T23:01:45.732+0800: 471859.568: [GC pause (G1 Evacuation Pause) (young), 0.1263178 secs]
   [Parallel Time: 72.1 ms, GC Workers: 8]
      [GC Worker Start (ms): Min: 471859572.1, Avg: 471859572.2, Max: 471859572.3, Diff: 0.2]
      [Ext Root Scanning (ms): Min: 3.1, Avg: 4.8, Max: 14.4, Diff: 11.3, Sum: 38.6]
      [Update RS (ms): Min: 0.0, Avg: 2.3, Max: 2.9, Diff: 2.9, Sum: 18.4]
         [Processed Buffers: Min: 0, Avg: 20.2, Max: 35, Diff: 35, Sum: 162]
      [Scan RS (ms): Min: 0.1, Avg: 0.1, Max: 0.2, Diff: 0.2, Sum: 1.1]
      [Code Root Scanning (ms): Min: 0.0, Avg: 0.0, Max: 0.0, Diff: 0.0, Sum: 0.0]
      [Object Copy (ms): Min: 52.0, Avg: 59.2, Max: 60.7, Diff: 8.7, Sum: 473.3]
      [Termination (ms): Min: 4.9, Avg: 5.1, Max: 5.4, Diff: 0.6, Sum: 41.0]
         [Termination Attempts: Min: 3099, Avg: 3204.9, Max: 3349, Diff: 250, Sum: 25639]
      [GC Worker Other (ms): Min: 0.1, Avg: 0.2, Max: 0.3, Diff: 0.2, Sum: 1.4]
      [GC Worker Total (ms): Min: 71.6, Avg: 71.7, Max: 71.9, Diff: 0.3, Sum: 573.9]
      [GC Worker End (ms): Min: 471859643.9, Avg: 471859644.0, Max: 471859644.0, Diff: 0.1]
   [Code Root Fixup: 0.1 ms]
   [Code Root Purge: 0.0 ms]
   [Clear CT: 0.4 ms]
   [Other: 53.8 ms]
      [Choose CSet: 0.0 ms]
      [Ref Proc: 44.8 ms]
      [Ref Enq: 1.7 ms]
      [Redirty Cards: 0.1 ms]
      [Humongous Register: 4.0 ms]
      [Humongous Reclaim: 0.1 ms]
      [Free CSet: 2.0 ms]
   [Eden: 1482.0M(1482.0M)->0.0B(1790.0M) Survivors: 44.0M->48.0M Heap: 2813.1M(6144.0M)->1336.1M(6144.0M)]
 [Times: user=0.56 sys=0.08, real=0.13 secs] 
2025-07-25T23:02:00.272+0800: 471874.107: [GC pause (G1 Evacuation Pause) (young), 0.2703531 secs]
   [Parallel Time: 193.8 ms, GC Workers: 8]
      [GC Worker Start (ms): Min: 471874108.1, Avg: 471874108.1, Max: 471874108.2, Diff: 0.1]
      [Ext Root Scanning (ms): Min: 2.4, Avg: 3.5, Max: 9.8, Diff: 7.4, Sum: 28.0]
      [Update RS (ms): Min: 0.0, Avg: 1.9, Max: 2.3, Diff: 2.3, Sum: 15.0]
         [Processed Buffers: Min: 0, Avg: 21.2, Max: 39, Diff: 39, Sum: 170]
      [Scan RS (ms): Min: 0.1, Avg: 0.2, Max: 0.2, Diff: 0.2, Sum: 1.4]
      [Code Root Scanning (ms): Min: 0.0, Avg: 0.0, Max: 0.0, Diff: 0.0, Sum: 0.0]
      [Object Copy (ms): Min: 85.2, Avg: 89.8, Max: 94.3, Diff: 9.1, Sum: 718.2]
      [Termination (ms): Min: 94.4, Avg: 98.2, Max: 101.8, Diff: 7.4, Sum: 785.4]
         [Termination Attempts: Min: 12776, Avg: 13803.5, Max: 15361, Diff: 2585, Sum: 110428]
      [GC Worker Other (ms): Min: 0.0, Avg: 0.0, Max: 0.1, Diff: 0.0, Sum: 0.3]
      [GC Worker Total (ms): Min: 193.4, Avg: 193.5, Max: 193.7, Diff: 0.2, Sum: 1548.3]
      [GC Worker End (ms): Min: 471874301.6, Avg: 471874301.7, Max: 471874301.8, Diff: 0.2]
   [Code Root Fixup: 0.0 ms]
   [Code Root Purge: 0.0 ms]
   [Clear CT: 0.4 ms]
   [Other: 76.1 ms]
      [Choose CSet: 0.0 ms]
      [Ref Proc: 70.4 ms]
      [Ref Enq: 2.3 ms]
      [Redirty Cards: 0.1 ms]
      [Humongous Register: 0.5 ms]
      [Humongous Reclaim: 0.1 ms]
      [Free CSet: 1.2 ms]
   [Eden: 1790.0M(1790.0M)->0.0B(1724.0M) Survivors: 48.0M->54.0M Heap: 3126.1M(6144.0M)->1342.1M(6144.0M)]
 [Times: user=1.42 sys=0.21, real=0.27 secs] 
2025-07-25T23:02:15.824+0800: 471889.660: [GC pause (G1 Evacuation Pause) (young), 0.1046983 secs]
   [Parallel Time: 56.0 ms, GC Workers: 8]
      [GC Worker Start (ms): Min: 471889664.5, Avg: 471889664.5, Max: 471889664.6, Diff: 0.1]
      [Ext Root Scanning (ms): Min: 3.0, Avg: 3.4, Max: 5.2, Diff: 2.3, Sum: 27.3]
      [Update RS (ms): Min: 0.8, Avg: 2.5, Max: 3.2, Diff: 2.3, Sum: 19.9]
         [Processed Buffers: Min: 3, Avg: 23.1, Max: 40, Diff: 37, Sum: 185]
      [Scan RS (ms): Min: 0.1, Avg: 0.2, Max: 0.3, Diff: 0.2, Sum: 1.5]
      [Code Root Scanning (ms): Min: 0.0, Avg: 0.0, Max: 0.0, Diff: 0.0, Sum: 0.0]
      [Object Copy (ms): Min: 48.0, Avg: 48.2, Max: 48.4, Diff: 0.4, Sum: 385.6]
      [Termination (ms): Min: 1.2, Avg: 1.4, Max: 1.6, Diff: 0.4, Sum: 11.1]
         [Termination Attempts: Min: 984, Avg: 1207.1, Max: 1382, Diff: 398, Sum: 9657]
      [GC Worker Other (ms): Min: 0.1, Avg: 0.1, Max: 0.2, Diff: 0.1, Sum: 1.1]
      [GC Worker Total (ms): Min: 55.7, Avg: 55.8, Max: 55.9, Diff: 0.2, Sum: 446.6]
      [GC Worker End (ms): Min: 471889720.3, Avg: 471889720.4, Max: 471889720.4, Diff: 0.1]
   [Code Root Fixup: 0.1 ms]
   [Code Root Purge: 0.0 ms]
   [Clear CT: 0.3 ms]
   [Other: 48.3 ms]
      [Choose CSet: 0.0 ms]
      [Ref Proc: 39.2 ms]
      [Ref Enq: 1.6 ms]
      [Redirty Cards: 0.1 ms]
      [Humongous Register: 3.9 ms]
      [Humongous Reclaim: 0.1 ms]
      [Free CSet: 2.3 ms]
   [Eden: 1724.0M(1724.0M)->0.0B(2560.0M) Survivors: 54.0M->58.0M Heap: 3066.1M(6144.0M)->1345.1M(6144.0M)]
 [Times: user=0.42 sys=0.09, real=0.11 secs] 
2025-07-25T23:02:34.749+0800: 471908.584: [GC pause (G1 Evacuation Pause) (young), 0.2466506 secs]
   [Parallel Time: 175.2 ms, GC Workers: 8]
      [GC Worker Start (ms): Min: 471908585.2, Avg: 471908585.3, Max: 471908585.3, Diff: 0.1]
      [Ext Root Scanning (ms): Min: 2.4, Avg: 3.5, Max: 10.2, Diff: 7.9, Sum: 27.7]
      [Update RS (ms): Min: 2.7, Avg: 9.3, Max: 10.4, Diff: 7.8, Sum: 74.0]
         [Processed Buffers: Min: 39, Avg: 70.8, Max: 93, Diff: 54, Sum: 566]
      [Scan RS (ms): Min: 0.1, Avg: 0.3, Max: 0.3, Diff: 0.2, Sum: 2.1]
      [Code Root Scanning (ms): Min: 0.0, Avg: 0.0, Max: 0.0, Diff: 0.0, Sum: 0.0]
      [Object Copy (ms): Min: 89.5, Avg: 92.2, Max: 96.2, Diff: 6.7, Sum: 737.6]
      [Termination (ms): Min: 65.9, Avg: 69.7, Max: 72.3, Diff: 6.4, Sum: 557.5]
         [Termination Attempts: Min: 11194, Avg: 12035.4, Max: 12477, Diff: 1283, Sum: 96283]
      [GC Worker Other (ms): Min: 0.0, Avg: 0.0, Max: 0.1, Diff: 0.1, Sum: 0.4]
      [GC Worker Total (ms): Min: 174.8, Avg: 174.9, Max: 175.1, Diff: 0.2, Sum: 1399.4]
      [GC Worker End (ms): Min: 471908760.1, Avg: 471908760.2, Max: 471908760.3, Diff: 0.2]
   [Code Root Fixup: 0.1 ms]
   [Code Root Purge: 0.0 ms]
   [Clear CT: 0.6 ms]
   [Other: 70.8 ms]
      [Choose CSet: 0.0 ms]
      [Ref Proc: 64.8 ms]
      [Ref Enq: 2.3 ms]
      [Redirty Cards: 0.2 ms]
      [Humongous Register: 0.4 ms]
      [Humongous Reclaim: 0.2 ms]
      [Free CSet: 2.0 ms]
   [Eden: 2560.0M(2560.0M)->0.0B(250.0M) Survivors: 58.0M->56.0M Heap: 3951.1M(6144.0M)->1344.1M(6144.0M)]
 [Times: user=1.29 sys=0.19, real=0.24 secs] 
2025-07-25T23:02:37.226+0800: 471911.062: [GC pause (G1 Evacuation Pause) (young), 0.0205050 secs]
   [Parallel Time: 11.4 ms, GC Workers: 8]
      [GC Worker Start (ms): Min: 471911062.3, Avg: 471911062.4, Max: 471911062.6, Diff: 0.2]
      [Ext Root Scanning (ms): Min: 2.2, Avg: 2.6, Max: 3.4, Diff: 1.1, Sum: 20.5]
      [Update RS (ms): Min: 0.5, Avg: 1.2, Max: 1.6, Diff: 1.1, Sum: 9.8]
         [Processed Buffers: Min: 3, Avg: 12.8, Max: 29, Diff: 26, Sum: 102]
      [Scan RS (ms): Min: 0.0, Avg: 0.0, Max: 0.0, Diff: 0.0, Sum: 0.2]
      [Code Root Scanning (ms): Min: 0.0, Avg: 0.0, Max: 0.0, Diff: 0.0, Sum: 0.0]
      [Object Copy (ms): Min: 7.1, Avg: 7.3, Max: 7.4, Diff: 0.3, Sum: 58.3]
      [Termination (ms): Min: 0.0, Avg: 0.1, Max: 0.1, Diff: 0.1, Sum: 0.4]
         [Termination Attempts: Min: 1, Avg: 4.2, Max: 7, Diff: 6, Sum: 34]
      [GC Worker Other (ms): Min: 0.0, Avg: 0.0, Max: 0.0, Diff: 0.0, Sum: 0.2]
      [GC Worker Total (ms): Min: 11.1, Avg: 11.2, Max: 11.3, Diff: 0.2, Sum: 89.4]
      [GC Worker End (ms): Min: 471911073.6, Avg: 471911073.6, Max: 471911073.6, Diff: 0.0]
   [Code Root Fixup: 0.0 ms]
   [Code Root Purge: 0.0 ms]
   [Clear CT: 0.2 ms]
   [Other: 8.9 ms]
      [Choose CSet: 0.0 ms]
      [Ref Proc: 7.1 ms]
      [Ref Enq: 0.3 ms]
      [Redirty Cards: 0.1 ms]
      [Humongous Register: 0.3 ms]
      [Humongous Reclaim: 0.1 ms]
      [Free CSet: 0.3 ms]
   [Eden: 250.0M(250.0M)->0.0B(284.0M) Survivors: 56.0M->22.0M Heap: 1594.1M(6144.0M)->1325.7M(6144.0M)]
 [Times: user=0.06 sys=0.03, real=0.03 secs] 
2025-07-25T23:02:40.310+0800: 471914.145: [GC pause (G1 Evacuation Pause) (young), 0.0423567 secs]
   [Parallel Time: 23.1 ms, GC Workers: 8]
      [GC Worker Start (ms): Min: 471914147.0, Avg: 471914147.1, Max: 471914147.2, Diff: 0.2]
      [Ext Root Scanning (ms): Min: 3.1, Avg: 3.4, Max: 3.9, Diff: 0.8, Sum: 27.4]
      [Update RS (ms): Min: 4.8, Avg: 5.4, Max: 5.8, Diff: 1.0, Sum: 43.4]
         [Processed Buffers: Min: 5, Avg: 19.5, Max: 35, Diff: 30, Sum: 156]
      [Scan RS (ms): Min: 0.0, Avg: 0.0, Max: 0.1, Diff: 0.1, Sum: 0.3]
      [Code Root Scanning (ms): Min: 0.0, Avg: 0.0, Max: 0.0, Diff: 0.0, Sum: 0.0]
      [Object Copy (ms): Min: 12.9, Avg: 13.4, Max: 13.7, Diff: 0.8, Sum: 107.0]
      [Termination (ms): Min: 0.4, Avg: 0.5, Max: 0.8, Diff: 0.4, Sum: 4.2]
         [Termination Attempts: Min: 310, Avg: 369.1, Max: 477, Diff: 167, Sum: 2953]
      [GC Worker Other (ms): Min: 0.0, Avg: 0.1, Max: 0.2, Diff: 0.2, Sum: 1.0]
      [GC Worker Total (ms): Min: 22.8, Avg: 22.9, Max: 23.0, Diff: 0.2, Sum: 183.3]
      [GC Worker End (ms): Min: 471914170.0, Avg: 471914170.0, Max: 471914170.0, Diff: 0.0]
   [Code Root Fixup: 0.3 ms]
   [Code Root Purge: 0.0 ms]
   [Clear CT: 0.3 ms]
   [Other: 18.6 ms]
      [Choose CSet: 0.0 ms]
      [Ref Proc: 10.7 ms]
      [Ref Enq: 0.4 ms]
      [Redirty Cards: 0.1 ms]
      [Humongous Register: 1.0 ms]
      [Humongous Reclaim: 1.2 ms]
      [Free CSet: 0.8 ms]
   [Eden: 284.0M(284.0M)->0.0B(606.0M) Survivors: 22.0M->24.0M Heap: 1609.7M(6144.0M)->1327.7M(6144.0M)]
 [Times: user=0.19 sys=0.02, real=0.04 secs] 
2025-07-25T23:02:47.951+0800: 471921.787: [GC pause (G1 Evacuation Pause) (young), 0.0631369 secs]
   [Parallel Time: 38.0 ms, GC Workers: 8]
      [GC Worker Start (ms): Min: 471921787.4, Avg: 471921787.4, Max: 471921787.5, Diff: 0.1]
      [Ext Root Scanning (ms): Min: 2.2, Avg: 2.6, Max: 3.9, Diff: 1.7, Sum: 21.2]
      [Update RS (ms): Min: 0.0, Avg: 0.9, Max: 1.4, Diff: 1.4, Sum: 7.1]
         [Processed Buffers: Min: 0, Avg: 14.5, Max: 34, Diff: 34, Sum: 116]
      [Scan RS (ms): Min: 0.0, Avg: 0.1, Max: 0.1, Diff: 0.1, Sum: 0.4]
      [Code Root Scanning (ms): Min: 0.0, Avg: 0.0, Max: 0.0, Diff: 0.0, Sum: 0.0]
      [Object Copy (ms): Min: 32.4, Avg: 32.7, Max: 33.1, Diff: 0.7, Sum: 262.0]
      [Termination (ms): Min: 1.4, Avg: 1.5, Max: 1.7, Diff: 0.3, Sum: 11.9]
         [Termination Attempts: Min: 1093, Avg: 1156.8, Max: 1229, Diff: 136, Sum: 9254]
      [GC Worker Other (ms): Min: 0.0, Avg: 0.0, Max: 0.1, Diff: 0.0, Sum: 0.3]
      [GC Worker Total (ms): Min: 37.8, Avg: 37.9, Max: 37.9, Diff: 0.1, Sum: 302.9]
      [GC Worker End (ms): Min: 471921825.3, Avg: 471921825.3, Max: 471921825.3, Diff: 0.0]
   [Code Root Fixup: 0.0 ms]
   [Code Root Purge: 0.0 ms]
   [Clear CT: 0.3 ms]
   [Other: 24.7 ms]
      [Choose CSet: 0.0 ms]
      [Ref Proc: 21.6 ms]
      [Ref Enq: 0.8 ms]
      [Redirty Cards: 0.1 ms]
      [Humongous Register: 0.6 ms]
      [Humongous Reclaim: 0.1 ms]
      [Free CSet: 0.7 ms]
   [Eden: 606.0M(606.0M)->0.0B(1244.0M) Survivors: 24.0M->24.0M Heap: 1933.7M(6144.0M)->1328.7M(6144.0M)]
 [Times: user=0.32 sys=0.01, real=0.06 secs] 
2025-07-25T23:03:02.176+0800: 471936.011: [GC pause (G1 Evacuation Pause) (young), 0.1758762 secs]
   [Parallel Time: 130.3 ms, GC Workers: 8]
      [GC Worker Start (ms): Min: 471936011.9, Avg: 471936012.0, Max: 471936012.1, Diff: 0.2]
      [Ext Root Scanning (ms): Min: 2.2, Avg: 3.2, Max: 9.2, Diff: 6.9, Sum: 25.9]
      [Update RS (ms): Min: 0.0, Avg: 5.6, Max: 6.6, Diff: 6.6, Sum: 44.7]
         [Processed Buffers: Min: 0, Avg: 45.6, Max: 65, Diff: 65, Sum: 365]
      [Scan RS (ms): Min: 0.0, Avg: 0.1, Max: 0.2, Diff: 0.2, Sum: 0.9]
      [Code Root Scanning (ms): Min: 0.0, Avg: 0.0, Max: 0.0, Diff: 0.0, Sum: 0.0]
      [Object Copy (ms): Min: 50.6, Avg: 54.9, Max: 59.2, Diff: 8.6, Sum: 439.0]
      [Termination (ms): Min: 62.1, Avg: 66.2, Max: 70.4, Diff: 8.2, Sum: 529.6]
         [Termination Attempts: Min: 7558, Avg: 8085.4, Max: 8687, Diff: 1129, Sum: 64683]
      [GC Worker Other (ms): Min: 0.0, Avg: 0.0, Max: 0.0, Diff: 0.0, Sum: 0.2]
      [GC Worker Total (ms): Min: 129.9, Avg: 130.0, Max: 130.3, Diff: 0.3, Sum: 1040.3]
      [GC Worker End (ms): Min: 471936142.0, Avg: 471936142.0, Max: 471936142.2, Diff: 0.2]
   [Code Root Fixup: 0.0 ms]
   [Code Root Purge: 0.0 ms]
   [Clear CT: 0.3 ms]
   [Other: 45.2 ms]
      [Choose CSet: 0.0 ms]
      [Ref Proc: 41.1 ms]
      [Ref Enq: 1.4 ms]
      [Redirty Cards: 0.1 ms]
      [Humongous Register: 0.3 ms]
      [Humongous Reclaim: 0.2 ms]
      [Free CSet: 1.2 ms]
   [Eden: 1244.0M(1244.0M)->0.0B(930.0M) Survivors: 24.0M->42.0M Heap: 2602.6M(6144.0M)->1350.2M(6144.0M)]
 [Times: user=1.00 sys=0.09, real=0.18 secs] 
2025-07-25T23:03:14.985+0800: 471948.821: [GC pause (G1 Evacuation Pause) (young), 0.1024043 secs]
   [Parallel Time: 55.8 ms, GC Workers: 8]
      [GC Worker Start (ms): Min: 471948825.5, Avg: 471948825.6, Max: 471948825.7, Diff: 0.2]
      [Ext Root Scanning (ms): Min: 3.2, Avg: 3.7, Max: 5.8, Diff: 2.6, Sum: 29.5]
      [Update RS (ms): Min: 3.0, Avg: 5.0, Max: 5.4, Diff: 2.4, Sum: 40.0]
         [Processed Buffers: Min: 19, Avg: 34.0, Max: 42, Diff: 23, Sum: 272]
      [Scan RS (ms): Min: 0.0, Avg: 0.1, Max: 0.2, Diff: 0.1, Sum: 0.8]
      [Code Root Scanning (ms): Min: 0.0, Avg: 0.0, Max: 0.0, Diff: 0.0, Sum: 0.0]
      [Object Copy (ms): Min: 43.9, Avg: 44.8, Max: 45.2, Diff: 1.2, Sum: 358.5]
      [Termination (ms): Min: 1.6, Avg: 1.8, Max: 2.5, Diff: 0.9, Sum: 14.4]
         [Termination Attempts: Min: 1215, Avg: 1350.8, Max: 1584, Diff: 369, Sum: 10806]
      [GC Worker Other (ms): Min: 0.1, Avg: 0.1, Max: 0.2, Diff: 0.1, Sum: 0.9]
      [GC Worker Total (ms): Min: 55.4, Avg: 55.5, Max: 55.6, Diff: 0.2, Sum: 444.1]
      [GC Worker End (ms): Min: 471948881.0, Avg: 471948881.1, Max: 471948881.1, Diff: 0.1]
   [Code Root Fixup: 0.0 ms]
   [Code Root Purge: 0.0 ms]
   [Clear CT: 0.3 ms]
   [Other: 46.3 ms]
      [Choose CSet: 0.0 ms]
      [Ref Proc: 37.8 ms]
      [Ref Enq: 1.4 ms]
      [Redirty Cards: 0.1 ms]
      [Humongous Register: 4.4 ms]
      [Humongous Reclaim: 0.2 ms]
      [Free CSet: 1.4 ms]
   [Eden: 930.0M(930.0M)->0.0B(384.0M) Survivors: 42.0M->30.0M Heap: 2300.1M(6144.0M)->1333.7M(6144.0M)]
 [Times: user=0.42 sys=0.08, real=0.11 secs] 
2025-07-25T23:03:20.690+0800: 471954.526: [GC pause (G1 Evacuation Pause) (young), 0.0414768 secs]
   [Parallel Time: 24.2 ms, GC Workers: 8]
      [GC Worker Start (ms): Min: 471954526.9, Avg: 471954526.9, Max: 471954527.0, Diff: 0.1]
      [Ext Root Scanning (ms): Min: 2.2, Avg: 2.5, Max: 3.2, Diff: 1.0, Sum: 19.7]
      [Update RS (ms): Min: 0.5, Avg: 0.9, Max: 1.3, Diff: 0.8, Sum: 7.4]
         [Processed Buffers: Min: 1, Avg: 13.2, Max: 25, Diff: 24, Sum: 106]
      [Scan RS (ms): Min: 0.0, Avg: 0.0, Max: 0.1, Diff: 0.1, Sum: 0.3]
      [Code Root Scanning (ms): Min: 0.0, Avg: 0.0, Max: 0.0, Diff: 0.0, Sum: 0.0]
      [Object Copy (ms): Min: 19.8, Avg: 20.1, Max: 20.4, Diff: 0.6, Sum: 160.7]
      [Termination (ms): Min: 0.4, Avg: 0.5, Max: 0.6, Diff: 0.2, Sum: 4.3]
         [Termination Attempts: Min: 352, Avg: 492.1, Max: 559, Diff: 207, Sum: 3937]
      [GC Worker Other (ms): Min: 0.0, Avg: 0.0, Max: 0.1, Diff: 0.0, Sum: 0.3]
      [GC Worker Total (ms): Min: 24.1, Avg: 24.1, Max: 24.2, Diff: 0.1, Sum: 192.8]
      [GC Worker End (ms): Min: 471954551.0, Avg: 471954551.0, Max: 471954551.1, Diff: 0.0]
   [Code Root Fixup: 0.0 ms]
   [Code Root Purge: 0.0 ms]
   [Clear CT: 0.2 ms]
   [Other: 17.0 ms]
      [Choose CSet: 0.0 ms]
      [Ref Proc: 14.4 ms]
      [Ref Enq: 0.5 ms]
      [Redirty Cards: 0.1 ms]
      [Humongous Register: 0.4 ms]
      [Humongous Reclaim: 0.1 ms]
      [Free CSet: 0.4 ms]
   [Eden: 384.0M(384.0M)->0.0B(804.0M) Survivors: 30.0M->26.0M Heap: 1717.7M(6144.0M)->1330.7M(6144.0M)]
 [Times: user=0.20 sys=0.00, real=0.04 secs] 
2025-07-25T23:03:25.997+0800: 471959.833: [GC pause (G1 Evacuation Pause) (young), 0.0686694 secs]
   [Parallel Time: 43.0 ms, GC Workers: 8]
      [GC Worker Start (ms): Min: 471959833.1, Avg: 471959833.3, Max: 471959833.4, Diff: 0.3]
      [Ext Root Scanning (ms): Min: 2.1, Avg: 2.4, Max: 3.2, Diff: 1.1, Sum: 19.2]
      [Update RS (ms): Min: 7.7, Avg: 8.1, Max: 8.3, Diff: 0.6, Sum: 64.9]
         [Processed Buffers: Min: 46, Avg: 57.0, Max: 63, Diff: 17, Sum: 456]
      [Scan RS (ms): Min: 0.0, Avg: 0.1, Max: 0.1, Diff: 0.1, Sum: 0.6]
      [Code Root Scanning (ms): Min: 0.0, Avg: 0.0, Max: 0.0, Diff: 0.0, Sum: 0.0]
      [Object Copy (ms): Min: 29.0, Avg: 29.4, Max: 29.8, Diff: 0.7, Sum: 235.5]
      [Termination (ms): Min: 2.4, Avg: 2.6, Max: 3.1, Diff: 0.7, Sum: 21.0]
         [Termination Attempts: Min: 1546, Avg: 1631.1, Max: 1696, Diff: 150, Sum: 13049]
      [GC Worker Other (ms): Min: 0.0, Avg: 0.0, Max: 0.1, Diff: 0.0, Sum: 0.3]
      [GC Worker Total (ms): Min: 42.6, Avg: 42.7, Max: 42.9, Diff: 0.3, Sum: 341.5]
      [GC Worker End (ms): Min: 471959876.0, Avg: 471959876.0, Max: 471959876.0, Diff: 0.0]
   [Code Root Fixup: 0.0 ms]
   [Code Root Purge: 0.0 ms]
   [Clear CT: 0.3 ms]
   [Other: 25.4 ms]
      [Choose CSet: 0.0 ms]
      [Ref Proc: 22.6 ms]
      [Ref Enq: 0.8 ms]
      [Redirty Cards: 0.1 ms]
      [Humongous Register: 0.3 ms]
      [Humongous Reclaim: 0.2 ms]
      [Free CSet: 0.6 ms]
   [Eden: 804.0M(804.0M)->0.0B(1762.0M) Survivors: 26.0M->22.0M Heap: 2180.8M(6144.0M)->1325.7M(6144.0M)]
 [Times: user=0.37 sys=0.00, real=0.06 secs] 
2025-07-25T23:04:05.859+0800: 471999.695: [GC pause (G1 Evacuation Pause) (young), 0.2796070 secs]
   [Parallel Time: 158.7 ms, GC Workers: 8]
      [GC Worker Start (ms): Min: 471999699.0, Avg: 471999699.1, Max: 471999699.2, Diff: 0.3]
      [Ext Root Scanning (ms): Min: 3.4, Avg: 4.9, Max: 13.5, Diff: 10.1, Sum: 39.6]
      [Update RS (ms): Min: 0.0, Avg: 2.2, Max: 2.9, Diff: 2.9, Sum: 17.9]
         [Processed Buffers: Min: 0, Avg: 17.6, Max: 40, Diff: 40, Sum: 141]
      [Scan RS (ms): Min: 0.1, Avg: 0.2, Max: 0.3, Diff: 0.2, Sum: 1.4]
      [Code Root Scanning (ms): Min: 0.0, Avg: 0.0, Max: 0.0, Diff: 0.0, Sum: 0.0]
      [Object Copy (ms): Min: 128.8, Avg: 134.3, Max: 136.3, Diff: 7.6, Sum: 1074.1]
      [Termination (ms): Min: 15.4, Avg: 16.6, Max: 19.0, Diff: 3.6, Sum: 132.8]
         [Termination Attempts: Min: 8821, Avg: 9349.6, Max: 10061, Diff: 1240, Sum: 74797]
      [GC Worker Other (ms): Min: 0.0, Avg: 0.2, Max: 0.2, Diff: 0.2, Sum: 1.3]
      [GC Worker Total (ms): Min: 158.2, Avg: 158.4, Max: 158.5, Diff: 0.3, Sum: 1267.1]
      [GC Worker End (ms): Min: 471999857.4, Avg: 471999857.5, Max: 471999857.5, Diff: 0.1]
   [Code Root Fixup: 0.0 ms]
   [Code Root Purge: 0.0 ms]
   [Clear CT: 0.4 ms]
   [Other: 120.5 ms]
      [Choose CSet: 0.0 ms]
      [Ref Proc: 109.8 ms]
      [Ref Enq: 3.4 ms]
      [Redirty Cards: 0.2 ms]
      [Humongous Register: 3.8 ms]
      [Humongous Reclaim: 0.1 ms]
      [Free CSet: 2.2 ms]
   [Eden: 1762.0M(1762.0M)->0.0B(846.0M) Survivors: 22.0M->44.0M Heap: 3087.7M(6144.0M)->1347.7M(6144.0M)]
 [Times: user=1.34 sys=0.09, real=0.28 secs] 
2025-07-25T23:04:18.970+0800: 472012.805: [GC pause (G1 Evacuation Pause) (young), 0.1224093 secs]
   [Parallel Time: 75.1 ms, GC Workers: 8]
      [GC Worker Start (ms): Min: 472012805.9, Avg: 472012806.0, Max: 472012806.0, Diff: 0.1]
      [Ext Root Scanning (ms): Min: 2.1, Avg: 2.4, Max: 3.2, Diff: 1.0, Sum: 19.3]
      [Update RS (ms): Min: 0.5, Avg: 1.1, Max: 1.4, Diff: 0.9, Sum: 8.8]
         [Processed Buffers: Min: 2, Avg: 14.9, Max: 39, Diff: 37, Sum: 119]
      [Scan RS (ms): Min: 0.0, Avg: 0.1, Max: 0.1, Diff: 0.1, Sum: 0.6]
      [Code Root Scanning (ms): Min: 0.0, Avg: 0.0, Max: 0.0, Diff: 0.0, Sum: 0.0]
      [Object Copy (ms): Min: 46.6, Avg: 48.7, Max: 51.6, Diff: 4.9, Sum: 389.7]
      [Termination (ms): Min: 19.7, Avg: 22.6, Max: 24.6, Diff: 4.9, Sum: 180.6]
         [Termination Attempts: Min: 5139, Avg: 5351.0, Max: 5487, Diff: 348, Sum: 42808]
      [GC Worker Other (ms): Min: 0.0, Avg: 0.0, Max: 0.0, Diff: 0.0, Sum: 0.2]
      [GC Worker Total (ms): Min: 74.9, Avg: 74.9, Max: 75.0, Diff: 0.1, Sum: 599.3]
      [GC Worker End (ms): Min: 472012880.9, Avg: 472012880.9, Max: 472012881.0, Diff: 0.1]
   [Code Root Fixup: 0.0 ms]
   [Code Root Purge: 0.0 ms]
   [Clear CT: 0.2 ms]
   [Other: 47.0 ms]
      [Choose CSet: 0.0 ms]
      [Ref Proc: 43.4 ms]
      [Ref Enq: 1.6 ms]
      [Redirty Cards: 0.2 ms]
      [Humongous Register: 0.3 ms]
      [Humongous Reclaim: 0.2 ms]
      [Free CSet: 0.6 ms]
   [Eden: 846.0M(846.0M)->0.0B(1490.0M) Survivors: 44.0M->30.0M Heap: 2193.7M(6144.0M)->1333.7M(6144.0M)]
 [Times: user=0.66 sys=0.00, real=0.12 secs] 
2025-07-25T23:04:45.999+0800: 472039.835: [GC pause (G1 Evacuation Pause) (young), 0.1522988 secs]
   [Parallel Time: 92.6 ms, GC Workers: 8]
      [GC Worker Start (ms): Min: 472039839.5, Avg: 472039839.6, Max: 472039839.7, Diff: 0.2]
      [Ext Root Scanning (ms): Min: 3.0, Avg: 4.2, Max: 10.7, Diff: 7.7, Sum: 33.6]
      [Update RS (ms): Min: 2.8, Avg: 9.2, Max: 10.6, Diff: 7.8, Sum: 73.9]
         [Processed Buffers: Min: 36, Avg: 63.9, Max: 75, Diff: 39, Sum: 511]
      [Scan RS (ms): Min: 0.0, Avg: 0.2, Max: 0.2, Diff: 0.2, Sum: 1.2]
      [Code Root Scanning (ms): Min: 0.0, Avg: 0.0, Max: 0.0, Diff: 0.0, Sum: 0.0]
      [Object Copy (ms): Min: 71.4, Avg: 71.7, Max: 72.0, Diff: 0.6, Sum: 573.5]
      [Termination (ms): Min: 6.6, Avg: 7.1, Max: 7.4, Diff: 0.9, Sum: 56.5]
         [Termination Attempts: Min: 3936, Avg: 4164.6, Max: 4474, Diff: 538, Sum: 33317]
      [GC Worker Other (ms): Min: 0.1, Avg: 0.1, Max: 0.2, Diff: 0.1, Sum: 1.0]
      [GC Worker Total (ms): Min: 92.4, Avg: 92.5, Max: 92.5, Diff: 0.1, Sum: 739.7]
      [GC Worker End (ms): Min: 472039932.0, Avg: 472039932.1, Max: 472039932.1, Diff: 0.1]
   [Code Root Fixup: 0.1 ms]
   [Code Root Purge: 0.0 ms]
   [Clear CT: 0.6 ms]
   [Other: 59.0 ms]
      [Choose CSet: 0.0 ms]
      [Ref Proc: 49.9 ms]
      [Ref Enq: 1.8 ms]
      [Redirty Cards: 0.2 ms]
      [Humongous Register: 3.9 ms]
      [Humongous Reclaim: 0.2 ms]
      [Free CSet: 2.0 ms]
   [Eden: 1490.0M(1490.0M)->0.0B(2362.0M) Survivors: 30.0M->34.0M Heap: 2869.9M(6144.0M)->1338.7M(6144.0M)]
 [Times: user=0.77 sys=0.03, real=0.15 secs] 
2025-07-25T23:05:28.591+0800: 472082.427: [GC pause (G1 Evacuation Pause) (young), 0.4501939 secs]
   [Parallel Time: 323.3 ms, GC Workers: 8]
      [GC Worker Start (ms): Min: 472082427.7, Avg: 472082427.8, Max: 472082427.9, Diff: 0.1]
      [Ext Root Scanning (ms): Min: 2.1, Avg: 2.4, Max: 3.1, Diff: 1.0, Sum: 18.9]
      [Update RS (ms): Min: 1.1, Avg: 1.7, Max: 1.9, Diff: 0.8, Sum: 13.5]
         [Processed Buffers: Min: 2, Avg: 18.0, Max: 47, Diff: 45, Sum: 144]
      [Scan RS (ms): Min: 0.2, Avg: 0.2, Max: 0.3, Diff: 0.1, Sum: 1.9]
      [Code Root Scanning (ms): Min: 0.0, Avg: 0.0, Max: 0.0, Diff: 0.0, Sum: 0.0]
      [Object Copy (ms): Min: 135.5, Avg: 149.9, Max: 157.6, Diff: 22.2, Sum: 1198.8]
      [Termination (ms): Min: 161.1, Avg: 168.8, Max: 183.4, Diff: 22.3, Sum: 1350.5]
         [Termination Attempts: Min: 18389, Avg: 22143.4, Max: 24544, Diff: 6155, Sum: 177147]
      [GC Worker Other (ms): Min: 0.0, Avg: 0.1, Max: 0.1, Diff: 0.1, Sum: 0.4]
      [GC Worker Total (ms): Min: 322.9, Avg: 323.0, Max: 323.1, Diff: 0.2, Sum: 2584.2]
      [GC Worker End (ms): Min: 472082750.8, Avg: 472082750.8, Max: 472082750.9, Diff: 0.2]
   [Code Root Fixup: 0.0 ms]
   [Code Root Purge: 0.0 ms]
   [Clear CT: 0.6 ms]
   [Other: 126.2 ms]
      [Choose CSet: 0.0 ms]
      [Ref Proc: 118.2 ms]
      [Ref Enq: 4.2 ms]
      [Redirty Cards: 0.2 ms]
      [Humongous Register: 0.6 ms]
      [Humongous Reclaim: 0.1 ms]
      [Free CSet: 2.0 ms]
   [Eden: 2362.0M(2362.0M)->0.0B(1374.0M) Survivors: 34.0M->56.0M Heap: 3700.7M(6144.0M)->1359.7M(6144.0M)]
 [Times: user=2.45 sys=0.25, real=0.45 secs] 
2025-07-25T23:05:37.334+0800: 472091.169: [GC pause (G1 Evacuation Pause) (young), 0.0967390 secs]
   [Parallel Time: 64.7 ms, GC Workers: 8]
      [GC Worker Start (ms): Min: 472091169.8, Avg: 472091169.9, Max: 472091170.0, Diff: 0.2]
      [Ext Root Scanning (ms): Min: 2.1, Avg: 3.2, Max: 9.1, Diff: 6.9, Sum: 25.3]
      [Update RS (ms): Min: 11.4, Avg: 17.2, Max: 18.2, Diff: 6.8, Sum: 137.4]
         [Processed Buffers: Min: 72, Avg: 109.8, Max: 122, Diff: 50, Sum: 878]
      [Scan RS (ms): Min: 0.0, Avg: 0.1, Max: 0.2, Diff: 0.1, Sum: 1.1]
      [Code Root Scanning (ms): Min: 0.0, Avg: 0.0, Max: 0.0, Diff: 0.0, Sum: 0.0]
      [Object Copy (ms): Min: 41.8, Avg: 42.1, Max: 42.5, Diff: 0.7, Sum: 336.6]
      [Termination (ms): Min: 1.3, Avg: 1.8, Max: 2.0, Diff: 0.7, Sum: 14.5]
         [Termination Attempts: Min: 895, Avg: 1464.0, Max: 1618, Diff: 723, Sum: 11712]
      [GC Worker Other (ms): Min: 0.0, Avg: 0.1, Max: 0.1, Diff: 0.1, Sum: 0.5]
      [GC Worker Total (ms): Min: 64.4, Avg: 64.4, Max: 64.5, Diff: 0.2, Sum: 515.4]
      [GC Worker End (ms): Min: 472091234.3, Avg: 472091234.4, Max: 472091234.4, Diff: 0.1]
   [Code Root Fixup: 0.0 ms]
   [Code Root Purge: 0.0 ms]
   [Clear CT: 0.3 ms]
   [Other: 31.7 ms]
      [Choose CSet: 0.0 ms]
      [Ref Proc: 28.2 ms]
      [Ref Enq: 1.1 ms]
      [Redirty Cards: 0.3 ms]
      [Humongous Register: 0.3 ms]
      [Humongous Reclaim: 0.3 ms]
      [Free CSet: 1.0 ms]
   [Eden: 1374.0M(1374.0M)->0.0B(1922.0M) Survivors: 56.0M->36.0M Heap: 2829.5M(6144.0M)->1355.1M(6144.0M)]
 [Times: user=0.54 sys=0.02, real=0.10 secs] 
2025-07-25T23:06:11.814+0800: 472125.649: [GC pause (G1 Evacuation Pause) (young), 0.2925450 secs]
   [Parallel Time: 171.0 ms, GC Workers: 8]
      [GC Worker Start (ms): Min: 472125653.8, Avg: 472125654.0, Max: 472125654.1, Diff: 0.2]
      [Ext Root Scanning (ms): Min: 2.7, Avg: 3.3, Max: 5.4, Diff: 2.7, Sum: 26.4]
      [Update RS (ms): Min: 0.6, Avg: 2.4, Max: 3.2, Diff: 2.6, Sum: 19.2]
         [Processed Buffers: Min: 5, Avg: 18.0, Max: 25, Diff: 20, Sum: 144]
      [Scan RS (ms): Min: 0.1, Avg: 0.2, Max: 0.3, Diff: 0.2, Sum: 1.5]
      [Code Root Scanning (ms): Min: 0.0, Avg: 0.0, Max: 0.0, Diff: 0.0, Sum: 0.0]
      [Object Copy (ms): Min: 130.7, Avg: 133.6, Max: 135.1, Diff: 4.4, Sum: 1068.6]
      [Termination (ms): Min: 29.6, Avg: 31.1, Max: 34.1, Diff: 4.6, Sum: 249.0]
         [Termination Attempts: Min: 13408, Avg: 14210.1, Max: 15096, Diff: 1688, Sum: 113681]
      [GC Worker Other (ms): Min: 0.1, Avg: 0.1, Max: 0.2, Diff: 0.1, Sum: 1.0]
      [GC Worker Total (ms): Min: 170.6, Avg: 170.7, Max: 170.9, Diff: 0.3, Sum: 1365.9]
      [GC Worker End (ms): Min: 472125824.7, Avg: 472125824.7, Max: 472125824.7, Diff: 0.1]
   [Code Root Fixup: 0.0 ms]
   [Code Root Purge: 0.0 ms]
   [Clear CT: 0.5 ms]
   [Other: 121.0 ms]
      [Choose CSet: 0.0 ms]
      [Ref Proc: 109.9 ms]
      [Ref Enq: 3.5 ms]
      [Redirty Cards: 0.2 ms]
      [Humongous Register: 3.8 ms]
      [Humongous Reclaim: 0.2 ms]
      [Free CSet: 2.5 ms]
   [Eden: 1922.0M(1922.0M)->0.0B(464.0M) Survivors: 36.0M->46.0M Heap: 3277.1M(6144.0M)->1349.7M(6144.0M)]
 [Times: user=1.47 sys=0.03, real=0.29 secs] 
2025-07-25T23:06:17.444+0800: 472131.279: [GC pause (G1 Evacuation Pause) (young), 0.0875071 secs]
   [Parallel Time: 62.7 ms, GC Workers: 8]
      [GC Worker Start (ms): Min: 472131280.0, Avg: 472131280.1, Max: 472131280.1, Diff: 0.1]
      [Ext Root Scanning (ms): Min: 2.8, Avg: 4.0, Max: 11.2, Diff: 8.4, Sum: 31.8]
      [Update RS (ms): Min: 0.0, Avg: 1.4, Max: 2.0, Diff: 2.0, Sum: 11.5]
         [Processed Buffers: Min: 0, Avg: 13.5, Max: 29, Diff: 29, Sum: 108]
      [Scan RS (ms): Min: 0.0, Avg: 0.1, Max: 0.1, Diff: 0.1, Sum: 0.6]
      [Code Root Scanning (ms): Min: 0.0, Avg: 0.0, Max: 0.0, Diff: 0.0, Sum: 0.0]
      [Object Copy (ms): Min: 27.5, Avg: 33.3, Max: 36.8, Diff: 9.3, Sum: 266.8]
      [Termination (ms): Min: 20.9, Avg: 23.7, Max: 25.3, Diff: 4.4, Sum: 189.2]
         [Termination Attempts: Min: 3312, Avg: 3857.2, Max: 4413, Diff: 1101, Sum: 30858]
      [GC Worker Other (ms): Min: 0.0, Avg: 0.0, Max: 0.0, Diff: 0.0, Sum: 0.2]
      [GC Worker Total (ms): Min: 62.4, Avg: 62.5, Max: 62.6, Diff: 0.1, Sum: 500.1]
      [GC Worker End (ms): Min: 472131342.5, Avg: 472131342.6, Max: 472131342.7, Diff: 0.1]
   [Code Root Fixup: 0.0 ms]
   [Code Root Purge: 0.0 ms]
   [Clear CT: 0.2 ms]
   [Other: 24.6 ms]
      [Choose CSet: 0.0 ms]
      [Ref Proc: 21.5 ms]
      [Ref Enq: 0.8 ms]
      [Redirty Cards: 0.1 ms]
      [Humongous Register: 0.6 ms]
      [Humongous Reclaim: 0.1 ms]
      [Free CSet: 0.7 ms]
   [Eden: 464.0M(464.0M)->0.0B(1324.0M) Survivors: 46.0M->26.0M Heap: 1813.7M(6144.0M)->1330.7M(6144.0M)]
 [Times: user=0.47 sys=0.06, real=0.09 secs] 
2025-07-25T23:06:33.457+0800: 472147.293: [GC pause (G1 Evacuation Pause) (young), 0.1267811 secs]
   [Parallel Time: 70.2 ms, GC Workers: 8]
      [GC Worker Start (ms): Min: 472147296.9, Avg: 472147297.0, Max: 472147297.1, Diff: 0.1]
      [Ext Root Scanning (ms): Min: 2.3, Avg: 2.6, Max: 3.9, Diff: 1.6, Sum: 21.1]
      [Update RS (ms): Min: 8.9, Avg: 10.1, Max: 10.4, Diff: 1.5, Sum: 80.4]
         [Processed Buffers: Min: 49, Avg: 63.4, Max: 81, Diff: 32, Sum: 507]
      [Scan RS (ms): Min: 0.0, Avg: 0.1, Max: 0.2, Diff: 0.2, Sum: 1.0]
      [Code Root Scanning (ms): Min: 0.0, Avg: 0.0, Max: 0.0, Diff: 0.0, Sum: 0.0]
      [Object Copy (ms): Min: 54.4, Avg: 54.7, Max: 54.9, Diff: 0.5, Sum: 437.7]
      [Termination (ms): Min: 2.2, Avg: 2.4, Max: 2.5, Diff: 0.3, Sum: 19.0]
         [Termination Attempts: Min: 1697, Avg: 1867.5, Max: 2028, Diff: 331, Sum: 14940]
      [GC Worker Other (ms): Min: 0.0, Avg: 0.1, Max: 0.1, Diff: 0.1, Sum: 0.9]
      [GC Worker Total (ms): Min: 70.0, Avg: 70.0, Max: 70.1, Diff: 0.2, Sum: 560.3]
      [GC Worker End (ms): Min: 472147367.0, Avg: 472147367.1, Max: 472147367.1, Diff: 0.1]
   [Code Root Fixup: 0.0 ms]
   [Code Root Purge: 0.0 ms]
   [Clear CT: 0.4 ms]
   [Other: 56.1 ms]
      [Choose CSet: 0.0 ms]
      [Ref Proc: 47.7 ms]
      [Ref Enq: 1.7 ms]
      [Redirty Cards: 0.2 ms]
      [Humongous Register: 3.7 ms]
      [Humongous Reclaim: 0.3 ms]
      [Free CSet: 1.7 ms]
   [Eden: 1324.0M(1324.0M)->0.0B(2582.0M) Survivors: 26.0M->32.0M Heap: 2700.9M(6144.0M)->1336.7M(6144.0M)]
 [Times: user=0.60 sys=0.03, real=0.12 secs] 
2025-07-25T23:07:09.760+0800: 472183.596: [GC pause (G1 Evacuation Pause) (young), 0.5057023 secs]
   [Parallel Time: 320.2 ms, GC Workers: 8]
      [GC Worker Start (ms): Min: 472183599.1, Avg: 472183599.2, Max: 472183599.2, Diff: 0.1]
      [Ext Root Scanning (ms): Min: 2.8, Avg: 4.0, Max: 11.3, Diff: 8.5, Sum: 32.0]
      [Update RS (ms): Min: 3.0, Avg: 10.2, Max: 11.9, Diff: 8.8, Sum: 81.5]
         [Processed Buffers: Min: 27, Avg: 68.2, Max: 85, Diff: 58, Sum: 546]
      [Scan RS (ms): Min: 0.1, Avg: 0.3, Max: 0.4, Diff: 0.3, Sum: 2.3]
      [Code Root Scanning (ms): Min: 0.0, Avg: 0.0, Max: 0.0, Diff: 0.0, Sum: 0.0]
      [Object Copy (ms): Min: 145.6, Avg: 152.7, Max: 157.7, Diff: 12.1, Sum: 1221.8]
      [Termination (ms): Min: 147.8, Avg: 152.7, Max: 159.9, Diff: 12.1, Sum: 1221.3]
         [Termination Attempts: Min: 23274, Avg: 24425.8, Max: 25504, Diff: 2230, Sum: 195406]
      [GC Worker Other (ms): Min: 0.0, Avg: 0.1, Max: 0.1, Diff: 0.1, Sum: 0.7]
      [GC Worker Total (ms): Min: 319.9, Avg: 320.0, Max: 320.0, Diff: 0.1, Sum: 2559.6]
      [GC Worker End (ms): Min: 472183919.1, Avg: 472183919.1, Max: 472183919.2, Diff: 0.1]
   [Code Root Fixup: 0.0 ms]
   [Code Root Purge: 0.0 ms]
   [Clear CT: 0.6 ms]
   [Other: 184.8 ms]
      [Choose CSet: 0.0 ms]
      [Ref Proc: 173.2 ms]
      [Ref Enq: 4.4 ms]
      [Redirty Cards: 0.2 ms]
      [Humongous Register: 2.6 ms]
      [Humongous Reclaim: 0.2 ms]
      [Free CSet: 3.2 ms]
   [Eden: 2582.0M(2582.0M)->0.0B(1306.0M) Survivors: 32.0M->46.0M Heap: 3968.6M(6144.0M)->1350.9M(6144.0M)]
 [Times: user=2.50 sys=0.23, real=0.50 secs] 
2025-07-25T23:07:38.703+0800: 472212.539: [GC pause (G1 Evacuation Pause) (young), 0.1865501 secs]
   [Parallel Time: 100.2 ms, GC Workers: 8]
      [GC Worker Start (ms): Min: 472212543.7, Avg: 472212543.9, Max: 472212544.0, Diff: 0.3]
      [Ext Root Scanning (ms): Min: 2.5, Avg: 3.0, Max: 4.8, Diff: 2.3, Sum: 23.9]
      [Update RS (ms): Min: 1.0, Avg: 2.6, Max: 3.5, Diff: 2.5, Sum: 20.5]
         [Processed Buffers: Min: 4, Avg: 16.6, Max: 27, Diff: 23, Sum: 133]
      [Scan RS (ms): Min: 0.0, Avg: 0.1, Max: 0.2, Diff: 0.2, Sum: 1.1]
      [Code Root Scanning (ms): Min: 0.0, Avg: 0.0, Max: 0.0, Diff: 0.0, Sum: 0.0]
      [Object Copy (ms): Min: 89.3, Avg: 89.8, Max: 90.1, Diff: 0.8, Sum: 718.8]
      [Termination (ms): Min: 4.0, Avg: 4.2, Max: 4.5, Diff: 0.5, Sum: 33.9]
         [Termination Attempts: Min: 3155, Avg: 3368.4, Max: 3466, Diff: 311, Sum: 26947]
      [GC Worker Other (ms): Min: 0.1, Avg: 0.1, Max: 0.2, Diff: 0.1, Sum: 0.9]
      [GC Worker Total (ms): Min: 99.7, Avg: 99.9, Max: 100.1, Diff: 0.4, Sum: 799.1]
      [GC Worker End (ms): Min: 472212643.7, Avg: 472212643.8, Max: 472212643.8, Diff: 0.1]
   [Code Root Fixup: 0.0 ms]
   [Code Root Purge: 0.0 ms]
   [Clear CT: 0.3 ms]
   [Other: 86.0 ms]
      [Choose CSet: 0.0 ms]
      [Ref Proc: 75.9 ms]
      [Ref Enq: 2.6 ms]
      [Redirty Cards: 0.3 ms]
      [Humongous Register: 4.4 ms]
      [Humongous Reclaim: 0.2 ms]
      [Free CSet: 1.8 ms]
   [Eden: 1306.0M(1306.0M)->0.0B(1162.0M) Survivors: 46.0M->34.0M Heap: 2656.9M(6144.0M)->1340.9M(6144.0M)]
 [Times: user=0.88 sys=0.00, real=0.19 secs] 
2025-07-25T23:07:58.412+0800: 472232.247: [GC pause (G1 Evacuation Pause) (young), 0.2623368 secs]
   [Parallel Time: 185.9 ms, GC Workers: 8]
      [GC Worker Start (ms): Min: 472232248.2, Avg: 472232248.2, Max: 472232248.3, Diff: 0.1]
      [Ext Root Scanning (ms): Min: 2.2, Avg: 3.3, Max: 9.8, Diff: 7.6, Sum: 26.3]
      [Update RS (ms): Min: 0.0, Avg: 1.5, Max: 2.0, Diff: 2.0, Sum: 12.4]
         [Processed Buffers: Min: 0, Avg: 15.9, Max: 35, Diff: 35, Sum: 127]
      [Scan RS (ms): Min: 0.0, Avg: 0.1, Max: 0.2, Diff: 0.1, Sum: 0.8]
      [Code Root Scanning (ms): Min: 0.0, Avg: 0.0, Max: 0.0, Diff: 0.0, Sum: 0.0]
      [Object Copy (ms): Min: 95.3, Avg: 100.7, Max: 105.3, Diff: 10.0, Sum: 805.4]
      [Termination (ms): Min: 76.0, Avg: 80.0, Max: 83.8, Diff: 7.8, Sum: 640.0]
         [Termination Attempts: Min: 13550, Avg: 14347.8, Max: 14916, Diff: 1366, Sum: 114782]
      [GC Worker Other (ms): Min: 0.0, Avg: 0.0, Max: 0.0, Diff: 0.0, Sum: 0.2]
      [GC Worker Total (ms): Min: 185.6, Avg: 185.7, Max: 185.8, Diff: 0.2, Sum: 1485.2]
      [GC Worker End (ms): Min: 472232433.8, Avg: 472232433.9, Max: 472232434.0, Diff: 0.2]
   [Code Root Fixup: 0.0 ms]
   [Code Root Purge: 0.0 ms]
   [Clear CT: 0.3 ms]
   [Other: 76.1 ms]
      [Choose CSet: 0.0 ms]
      [Ref Proc: 71.3 ms]
      [Ref Enq: 2.4 ms]
      [Redirty Cards: 0.1 ms]
      [Humongous Register: 0.4 ms]
      [Humongous Reclaim: 0.1 ms]
      [Free CSet: 0.7 ms]
   [Eden: 1162.0M(1162.0M)->0.0B(1288.0M) Survivors: 34.0M->32.0M Heap: 2502.9M(6144.0M)->1339.5M(6144.0M)]
 [Times: user=1.40 sys=0.15, real=0.26 secs] 
2025-07-25T23:08:19.720+0800: 472253.555: [GC pause (G1 Evacuation Pause) (young), 0.2029236 secs]
   [Parallel Time: 107.2 ms, GC Workers: 8]
      [GC Worker Start (ms): Min: 472253560.1, Avg: 472253560.2, Max: 472253560.2, Diff: 0.1]
      [Ext Root Scanning (ms): Min: 6.0, Avg: 6.2, Max: 7.1, Diff: 1.1, Sum: 50.0]
      [Update RS (ms): Min: 1.5, Avg: 2.4, Max: 3.2, Diff: 1.7, Sum: 19.4]
         [Processed Buffers: Min: 5, Avg: 16.2, Max: 29, Diff: 24, Sum: 130]
      [Scan RS (ms): Min: 0.0, Avg: 0.1, Max: 0.2, Diff: 0.2, Sum: 1.1]
      [Code Root Scanning (ms): Min: 0.0, Avg: 0.0, Max: 0.0, Diff: 0.0, Sum: 0.0]
      [Object Copy (ms): Min: 92.2, Avg: 93.1, Max: 93.4, Diff: 1.2, Sum: 745.1]
      [Termination (ms): Min: 4.8, Avg: 5.0, Max: 5.4, Diff: 0.6, Sum: 40.4]
         [Termination Attempts: Min: 3808, Avg: 3935.1, Max: 4141, Diff: 333, Sum: 31481]
      [GC Worker Other (ms): Min: 0.0, Avg: 0.1, Max: 0.2, Diff: 0.2, Sum: 0.8]
      [GC Worker Total (ms): Min: 107.0, Avg: 107.1, Max: 107.1, Diff: 0.1, Sum: 856.7]
      [GC Worker End (ms): Min: 472253667.2, Avg: 472253667.2, Max: 472253667.3, Diff: 0.1]
   [Code Root Fixup: 0.0 ms]
   [Code Root Purge: 0.0 ms]
   [Clear CT: 0.4 ms]
   [Other: 95.3 ms]
      [Choose CSet: 0.0 ms]
      [Ref Proc: 85.5 ms]
      [Ref Enq: 2.6 ms]
      [Redirty Cards: 0.2 ms]
      [Humongous Register: 4.2 ms]
      [Humongous Reclaim: 0.1 ms]
      [Free CSet: 1.7 ms]
   [Eden: 1288.0M(1288.0M)->0.0B(1358.0M) Survivors: 32.0M->32.0M Heap: 2627.5M(6144.0M)->1341.6M(6144.0M)]
 [Times: user=0.90 sys=0.05, real=0.20 secs] 
2025-07-25T23:08:46.098+0800: 472279.934: [GC pause (G1 Evacuation Pause) (young), 0.2650229 secs]
   [Parallel Time: 178.0 ms, GC Workers: 8]
      [GC Worker Start (ms): Min: 472279934.6, Avg: 472279934.6, Max: 472279934.7, Diff: 0.1]
      [Ext Root Scanning (ms): Min: 2.1, Avg: 2.4, Max: 3.2, Diff: 1.1, Sum: 19.1]
      [Update RS (ms): Min: 1.0, Avg: 1.7, Max: 1.9, Diff: 1.0, Sum: 13.2]
         [Processed Buffers: Min: 4, Avg: 17.0, Max: 29, Diff: 25, Sum: 136]
      [Scan RS (ms): Min: 0.0, Avg: 0.1, Max: 0.2, Diff: 0.1, Sum: 1.0]
      [Code Root Scanning (ms): Min: 0.0, Avg: 0.0, Max: 0.0, Diff: 0.0, Sum: 0.0]
      [Object Copy (ms): Min: 90.6, Avg: 93.6, Max: 98.6, Diff: 8.1, Sum: 749.1]
      [Termination (ms): Min: 74.7, Avg: 79.8, Max: 83.1, Diff: 8.5, Sum: 638.6]
         [Termination Attempts: Min: 11569, Avg: 12162.9, Max: 12676, Diff: 1107, Sum: 97303]
      [GC Worker Other (ms): Min: 0.0, Avg: 0.0, Max: 0.0, Diff: 0.0, Sum: 0.2]
      [GC Worker Total (ms): Min: 177.6, Avg: 177.7, Max: 177.9, Diff: 0.2, Sum: 1421.5]
      [GC Worker End (ms): Min: 472280112.2, Avg: 472280112.3, Max: 472280112.5, Diff: 0.2]
   [Code Root Fixup: 0.0 ms]
   [Code Root Purge: 0.0 ms]
   [Clear CT: 0.5 ms]
   [Other: 86.5 ms]
      [Choose CSet: 0.0 ms]
      [Ref Proc: 81.1 ms]
      [Ref Enq: 2.7 ms]
      [Redirty Cards: 0.4 ms]
      [Humongous Register: 0.5 ms]
      [Humongous Reclaim: 0.1 ms]
      [Free CSet: 0.8 ms]
   [Eden: 1358.0M(1358.0M)->0.0B(1768.0M) Survivors: 32.0M->34.0M Heap: 2699.6M(6144.0M)->1343.5M(6144.0M)]
 [Times: user=1.35 sys=0.15, real=0.26 secs] 
2025-07-25T23:09:30.568+0800: 472324.404: [GC pause (G1 Evacuation Pause) (young), 0.3070101 secs]
   [Parallel Time: 181.4 ms, GC Workers: 8]
      [GC Worker Start (ms): Min: 472324408.2, Avg: 472324408.3, Max: 472324408.4, Diff: 0.2]
      [Ext Root Scanning (ms): Min: 3.0, Avg: 4.3, Max: 11.1, Diff: 8.1, Sum: 34.7]
      [Update RS (ms): Min: 0.0, Avg: 2.9, Max: 4.0, Diff: 3.9, Sum: 23.1]
         [Processed Buffers: Min: 0, Avg: 18.2, Max: 33, Diff: 33, Sum: 146]
      [Scan RS (ms): Min: 0.1, Avg: 0.2, Max: 0.3, Diff: 0.3, Sum: 1.6]
      [Code Root Scanning (ms): Min: 0.0, Avg: 0.0, Max: 0.0, Diff: 0.0, Sum: 0.0]
      [Object Copy (ms): Min: 143.6, Avg: 147.1, Max: 149.4, Diff: 5.8, Sum: 1176.4]
      [Termination (ms): Min: 24.9, Avg: 26.6, Max: 29.2, Diff: 4.4, Sum: 213.1]
         [Termination Attempts: Min: 12629, Avg: 13496.1, Max: 13968, Diff: 1339, Sum: 107969]
      [GC Worker Other (ms): Min: 0.0, Avg: 0.1, Max: 0.2, Diff: 0.1, Sum: 0.9]
      [GC Worker Total (ms): Min: 181.1, Avg: 181.2, Max: 181.3, Diff: 0.2, Sum: 1449.9]
      [GC Worker End (ms): Min: 472324589.5, Avg: 472324589.6, Max: 472324589.6, Diff: 0.0]
   [Code Root Fixup: 0.0 ms]
   [Code Root Purge: 0.0 ms]
   [Clear CT: 0.5 ms]
   [Other: 125.0 ms]
      [Choose CSet: 0.0 ms]
      [Ref Proc: 114.0 ms]
      [Ref Enq: 3.6 ms]
      [Redirty Cards: 0.2 ms]
      [Humongous Register: 3.8 ms]
      [Humongous Reclaim: 0.1 ms]
      [Free CSet: 2.2 ms]
   [Eden: 1768.0M(1768.0M)->0.0B(1134.0M) Survivors: 34.0M->40.0M Heap: 3111.5M(6144.0M)->1350.5M(6144.0M)]
 [Times: user=1.46 sys=0.11, real=0.30 secs] 
2025-07-25T23:09:50.057+0800: 472343.893: [GC pause (G1 Evacuation Pause) (young), 0.1631696 secs]
   [Parallel Time: 89.4 ms, GC Workers: 8]
      [GC Worker Start (ms): Min: 472343893.6, Avg: 472343893.6, Max: 472343893.7, Diff: 0.1]
      [Ext Root Scanning (ms): Min: 2.1, Avg: 2.4, Max: 3.1, Diff: 1.0, Sum: 19.2]
      [Update RS (ms): Min: 0.9, Avg: 1.6, Max: 1.9, Diff: 1.0, Sum: 12.6]
         [Processed Buffers: Min: 3, Avg: 16.1, Max: 31, Diff: 28, Sum: 129]
      [Scan RS (ms): Min: 0.0, Avg: 0.1, Max: 0.1, Diff: 0.1, Sum: 0.9]
      [Code Root Scanning (ms): Min: 0.0, Avg: 0.0, Max: 0.0, Diff: 0.0, Sum: 0.0]
      [Object Copy (ms): Min: 81.4, Avg: 81.7, Max: 81.9, Diff: 0.5, Sum: 653.5]
      [Termination (ms): Min: 3.3, Avg: 3.4, Max: 3.6, Diff: 0.3, Sum: 27.3]
         [Termination Attempts: Min: 2740, Avg: 2821.6, Max: 2916, Diff: 176, Sum: 22573]
      [GC Worker Other (ms): Min: 0.0, Avg: 0.1, Max: 0.1, Diff: 0.1, Sum: 0.4]
      [GC Worker Total (ms): Min: 89.2, Avg: 89.2, Max: 89.3, Diff: 0.1, Sum: 713.9]
      [GC Worker End (ms): Min: 472343982.8, Avg: 472343982.9, Max: 472343982.9, Diff: 0.1]
   [Code Root Fixup: 0.0 ms]
   [Code Root Purge: 0.0 ms]
   [Clear CT: 0.3 ms]
   [Other: 73.4 ms]
      [Choose CSet: 0.0 ms]
      [Ref Proc: 68.9 ms]
      [Ref Enq: 2.3 ms]
      [Redirty Cards: 0.2 ms]
      [Humongous Register: 0.4 ms]
      [Humongous Reclaim: 0.1 ms]
      [Free CSet: 0.7 ms]
   [Eden: 1134.0M(1134.0M)->0.0B(1758.0M) Survivors: 40.0M->32.0M Heap: 2484.5M(6144.0M)->1341.6M(6144.0M)]
 [Times: user=0.79 sys=0.00, real=0.16 secs] 
2025-07-25T23:10:21.078+0800: 472374.914: [GC pause (G1 Evacuation Pause) (young), 0.3991227 secs]
   [Parallel Time: 279.4 ms, GC Workers: 8]
      [GC Worker Start (ms): Min: 472374914.4, Avg: 472374914.5, Max: 472374914.5, Diff: 0.1]
      [Ext Root Scanning (ms): Min: 2.1, Avg: 2.4, Max: 3.2, Diff: 1.1, Sum: 19.0]
      [Update RS (ms): Min: 1.3, Avg: 1.8, Max: 2.1, Diff: 0.8, Sum: 14.3]
         [Processed Buffers: Min: 6, Avg: 18.1, Max: 28, Diff: 22, Sum: 145]
      [Scan RS (ms): Min: 0.1, Avg: 0.2, Max: 0.2, Diff: 0.2, Sum: 1.3]
      [Code Root Scanning (ms): Min: 0.0, Avg: 0.0, Max: 0.0, Diff: 0.0, Sum: 0.0]
      [Object Copy (ms): Min: 133.5, Avg: 137.7, Max: 144.1, Diff: 10.6, Sum: 1101.8]
      [Termination (ms): Min: 130.7, Avg: 137.0, Max: 141.2, Diff: 10.5, Sum: 1096.2]
         [Termination Attempts: Min: 18862, Avg: 19791.4, Max: 20516, Diff: 1654, Sum: 158331]
      [GC Worker Other (ms): Min: 0.0, Avg: 0.0, Max: 0.1, Diff: 0.0, Sum: 0.3]
      [GC Worker Total (ms): Min: 279.1, Avg: 279.1, Max: 279.2, Diff: 0.2, Sum: 2232.9]
      [GC Worker End (ms): Min: 472375193.5, Avg: 472375193.6, Max: 472375193.8, Diff: 0.2]
   [Code Root Fixup: 0.0 ms]
   [Code Root Purge: 0.0 ms]
   [Clear CT: 0.4 ms]
   [Other: 119.3 ms]
      [Choose CSet: 0.0 ms]
      [Ref Proc: 112.9 ms]
      [Ref Enq: 3.8 ms]
      [Redirty Cards: 0.2 ms]
      [Humongous Register: 0.3 ms]
      [Humongous Reclaim: 0.1 ms]
      [Free CSet: 1.0 ms]
   [Eden: 1758.0M(1758.0M)->0.0B(1386.0M) Survivors: 32.0M->38.0M Heap: 3099.6M(6144.0M)->1347.8M(6144.0M)]
 [Times: user=2.20 sys=0.14, real=0.40 secs] 
2025-07-25T23:10:50.005+0800: 472403.841: [GC pause (G1 Evacuation Pause) (young), 0.3698508 secs]
   [Parallel Time: 271.5 ms, GC Workers: 8]
      [GC Worker Start (ms): Min: 472403845.4, Avg: 472403845.4, Max: 472403845.5, Diff: 0.2]
      [Ext Root Scanning (ms): Min: 3.1, Avg: 4.4, Max: 11.8, Diff: 8.7, Sum: 35.3]
      [Update RS (ms): Min: 0.0, Avg: 3.3, Max: 5.0, Diff: 5.0, Sum: 26.1]
         [Processed Buffers: Min: 0, Avg: 18.6, Max: 35, Diff: 35, Sum: 149]
      [Scan RS (ms): Min: 0.0, Avg: 0.2, Max: 0.3, Diff: 0.2, Sum: 1.3]
      [Code Root Scanning (ms): Min: 0.0, Avg: 0.0, Max: 0.0, Diff: 0.0, Sum: 0.0]
      [Object Copy (ms): Min: 105.7, Avg: 113.1, Max: 118.7, Diff: 13.0, Sum: 904.8]
      [Termination (ms): Min: 145.4, Avg: 150.2, Max: 157.3, Diff: 11.9, Sum: 1201.7]
         [Termination Attempts: Min: 16767, Avg: 19656.8, Max: 21055, Diff: 4288, Sum: 157254]
      [GC Worker Other (ms): Min: 0.1, Avg: 0.1, Max: 0.2, Diff: 0.1, Sum: 1.0]
      [GC Worker Total (ms): Min: 271.2, Avg: 271.3, Max: 271.4, Diff: 0.2, Sum: 2170.2]
      [GC Worker End (ms): Min: 472404116.7, Avg: 472404116.7, Max: 472404116.7, Diff: 0.0]
   [Code Root Fixup: 0.0 ms]
   [Code Root Purge: 0.0 ms]
   [Clear CT: 0.4 ms]
   [Other: 98.0 ms]
      [Choose CSet: 0.0 ms]
      [Ref Proc: 87.4 ms]
      [Ref Enq: 2.9 ms]
      [Redirty Cards: 0.4 ms]
      [Humongous Register: 4.1 ms]
      [Humongous Reclaim: 0.1 ms]
      [Free CSet: 1.9 ms]
   [Eden: 1386.0M(1386.0M)->0.0B(1460.0M) Survivors: 38.0M->32.0M Heap: 2733.8M(6144.0M)->1343.3M(6144.0M)]
 [Times: user=2.10 sys=0.16, real=0.37 secs] 
2025-07-25T23:19:14.136+0800: 472907.972: [GC pause (G1 Evacuation Pause) (young), 0.1716586 secs]
   [Parallel Time: 127.7 ms, GC Workers: 8]
      [GC Worker Start (ms): Min: 472907976.7, Avg: 472907976.8, Max: 472907976.9, Diff: 0.1]
      [Ext Root Scanning (ms): Min: 2.7, Avg: 3.9, Max: 11.0, Diff: 8.3, Sum: 31.4]
      [Update RS (ms): Min: 0.0, Avg: 3.0, Max: 3.8, Diff: 3.8, Sum: 23.9]
         [Processed Buffers: Min: 0, Avg: 21.9, Max: 37, Diff: 37, Sum: 175]
      [Scan RS (ms): Min: 0.0, Avg: 0.2, Max: 0.2, Diff: 0.2, Sum: 1.2]
      [Code Root Scanning (ms): Min: 0.0, Avg: 0.0, Max: 0.0, Diff: 0.0, Sum: 0.0]
      [Object Copy (ms): Min: 43.0, Avg: 48.0, Max: 57.0, Diff: 14.0, Sum: 383.7]
      [Termination (ms): Min: 63.8, Avg: 72.3, Max: 76.1, Diff: 12.3, Sum: 578.1]
         [Termination Attempts: Min: 8013, Avg: 8321.5, Max: 8718, Diff: 705, Sum: 66572]
      [GC Worker Other (ms): Min: 0.1, Avg: 0.1, Max: 0.2, Diff: 0.1, Sum: 0.9]
      [GC Worker Total (ms): Min: 127.3, Avg: 127.4, Max: 127.6, Diff: 0.2, Sum: 1019.3]
      [GC Worker End (ms): Min: 472908104.2, Avg: 472908104.2, Max: 472908104.4, Diff: 0.2]
   [Code Root Fixup: 0.1 ms]
   [Code Root Purge: 0.0 ms]
   [Clear CT: 0.5 ms]
   [Other: 43.4 ms]
      [Choose CSet: 0.0 ms]
      [Ref Proc: 34.7 ms]
      [Ref Enq: 1.2 ms]
      [Redirty Cards: 0.1 ms]
      [Humongous Register: 4.1 ms]
      [Humongous Reclaim: 0.1 ms]
      [Free CSet: 2.0 ms]
   [Eden: 1460.0M(1460.0M)->0.0B(2036.0M) Survivors: 32.0M->26.0M Heap: 2803.3M(6144.0M)->1336.8M(6144.0M)]
 [Times: user=0.93 sys=0.13, real=0.18 secs] 
2025-07-25T23:26:21.444+0800: 473335.279: [GC pause (G1 Evacuation Pause) (young), 0.0320051 secs]
   [Parallel Time: 21.0 ms, GC Workers: 8]
      [GC Worker Start (ms): Min: 473335283.3, Avg: 473335283.4, Max: 473335283.5, Diff: 0.2]
      [Ext Root Scanning (ms): Min: 2.6, Avg: 3.9, Max: 10.9, Diff: 8.3, Sum: 30.9]
      [Update RS (ms): Min: 3.1, Avg: 9.4, Max: 10.6, Diff: 7.5, Sum: 74.9]
         [Processed Buffers: Min: 12, Avg: 61.5, Max: 72, Diff: 60, Sum: 492]
      [Scan RS (ms): Min: 0.1, Avg: 0.2, Max: 0.3, Diff: 0.3, Sum: 1.9]
      [Code Root Scanning (ms): Min: 0.0, Avg: 0.0, Max: 0.0, Diff: 0.0, Sum: 0.1]
      [Object Copy (ms): Min: 6.7, Avg: 7.1, Max: 7.3, Diff: 0.6, Sum: 57.1]
      [Termination (ms): Min: 0.0, Avg: 0.0, Max: 0.0, Diff: 0.0, Sum: 0.1]
         [Termination Attempts: Min: 1, Avg: 5.1, Max: 8, Diff: 7, Sum: 41]
      [GC Worker Other (ms): Min: 0.1, Avg: 0.1, Max: 0.2, Diff: 0.1, Sum: 0.9]
      [GC Worker Total (ms): Min: 20.6, Avg: 20.7, Max: 20.9, Diff: 0.3, Sum: 165.9]
      [GC Worker End (ms): Min: 473335304.1, Avg: 473335304.2, Max: 473335304.2, Diff: 0.1]
   [Code Root Fixup: 0.0 ms]
   [Code Root Purge: 0.0 ms]
   [Clear CT: 0.6 ms]
   [Other: 10.4 ms]
      [Choose CSet: 0.0 ms]
      [Ref Proc: 2.7 ms]
      [Ref Enq: 0.1 ms]
      [Redirty Cards: 0.1 ms]
      [Humongous Register: 3.0 ms]
      [Humongous Reclaim: 0.2 ms]
      [Free CSet: 3.1 ms]
   [Eden: 2036.0M(2036.0M)->0.0B(3490.0M) Survivors: 26.0M->18.0M Heap: 3413.8M(6144.0M)->1337.1M(6144.0M)]
 [Times: user=0.16 sys=0.02, real=0.03 secs] 
2025-07-25T23:28:59.674+0800: 473493.510: [GC pause (G1 Evacuation Pause) (young), 0.0414587 secs]
   [Parallel Time: 27.8 ms, GC Workers: 8]
      [GC Worker Start (ms): Min: 473493512.3, Avg: 473493512.6, Max: 473493512.7, Diff: 0.4]
      [Ext Root Scanning (ms): Min: 3.1, Avg: 5.5, Max: 20.9, Diff: 17.9, Sum: 44.4]
      [Update RS (ms): Min: 0.0, Avg: 14.1, Max: 16.3, Diff: 16.3, Sum: 112.9]
         [Processed Buffers: Min: 0, Avg: 99.1, Max: 132, Diff: 132, Sum: 793]
      [Scan RS (ms): Min: 0.6, Avg: 1.3, Max: 1.6, Diff: 1.0, Sum: 10.8]
      [Code Root Scanning (ms): Min: 0.0, Avg: 0.0, Max: 0.0, Diff: 0.0, Sum: 0.1]
      [Object Copy (ms): Min: 6.0, Avg: 6.2, Max: 6.4, Diff: 0.4, Sum: 49.8]
      [Termination (ms): Min: 0.0, Avg: 0.0, Max: 0.0, Diff: 0.0, Sum: 0.0]
         [Termination Attempts: Min: 1, Avg: 1.0, Max: 1, Diff: 0, Sum: 8]
      [GC Worker Other (ms): Min: 0.1, Avg: 0.2, Max: 0.3, Diff: 0.3, Sum: 1.3]
      [GC Worker Total (ms): Min: 27.3, Avg: 27.4, Max: 27.6, Diff: 0.4, Sum: 219.2]
      [GC Worker End (ms): Min: 473493539.9, Avg: 473493540.0, Max: 473493540.0, Diff: 0.1]
   [Code Root Fixup: 0.0 ms]
   [Code Root Purge: 0.0 ms]
   [Clear CT: 0.8 ms]
   [Other: 12.8 ms]
      [Choose CSet: 0.0 ms]
      [Ref Proc: 1.2 ms]
      [Ref Enq: 0.1 ms]
      [Redirty Cards: 0.2 ms]
      [Humongous Register: 1.9 ms]
      [Humongous Reclaim: 1.0 ms]
      [Free CSet: 7.3 ms]
   [Eden: 3150.0M(3150.0M)->0.0B(3666.0M) Survivors: 18.0M->20.0M Heap: 4667.0M(6144.0M)->1333.1M(6144.0M)]
 [Times: user=0.20 sys=0.03, real=0.04 secs] 
2025-07-25T23:30:06.419+0800: 473560.255: [GC pause (G1 Evacuation Pause) (young), 0.2933622 secs]
   [Parallel Time: 287.4 ms, GC Workers: 8]
      [GC Worker Start (ms): Min: 473560255.7, Avg: 473560255.8, Max: 473560255.9, Diff: 0.2]
      [Ext Root Scanning (ms): Min: 2.2, Avg: 2.7, Max: 5.2, Diff: 2.9, Sum: 21.9]
      [Update RS (ms): Min: 51.9, Avg: 63.3, Max: 72.8, Diff: 20.8, Sum: 506.1]
         [Processed Buffers: Min: 80, Avg: 109.2, Max: 143, Diff: 63, Sum: 874]
      [Scan RS (ms): Min: 0.2, Avg: 0.3, Max: 0.6, Diff: 0.4, Sum: 2.6]
      [Code Root Scanning (ms): Min: 0.0, Avg: 0.0, Max: 0.0, Diff: 0.0, Sum: 0.1]
      [Object Copy (ms): Min: 211.8, Avg: 220.8, Max: 229.8, Diff: 18.0, Sum: 1766.0]
      [Termination (ms): Min: 0.0, Avg: 0.0, Max: 0.0, Diff: 0.0, Sum: 0.2]
         [Termination Attempts: Min: 1, Avg: 24.6, Max: 34, Diff: 33, Sum: 197]
      [GC Worker Other (ms): Min: 0.0, Avg: 0.1, Max: 0.2, Diff: 0.1, Sum: 0.7]
      [GC Worker Total (ms): Min: 287.1, Avg: 287.2, Max: 287.3, Diff: 0.2, Sum: 2297.6]
      [GC Worker End (ms): Min: 473560542.9, Avg: 473560543.0, Max: 473560543.0, Diff: 0.1]
   [Code Root Fixup: 0.0 ms]
   [Code Root Purge: 0.0 ms]
   [Clear CT: 0.7 ms]
   [Other: 5.3 ms]
      [Choose CSet: 0.0 ms]
      [Ref Proc: 1.2 ms]
      [Ref Enq: 0.1 ms]
      [Redirty Cards: 0.1 ms]
      [Humongous Register: 0.6 ms]
      [Humongous Reclaim: 0.2 ms]
      [Free CSet: 2.3 ms]
   [Eden: 3666.0M(3666.0M)->0.0B(822.0M) Survivors: 20.0M->424.0M Heap: 5080.4M(6144.0M)->1742.6M(6144.0M)]
 [Times: user=1.98 sys=0.30, real=0.29 secs] 
2025-07-25T23:30:16.622+0800: 473570.458: [GC pause (G1 Evacuation Pause) (young), 0.1722287 secs]
   [Parallel Time: 167.4 ms, GC Workers: 8]
      [GC Worker Start (ms): Min: 473570458.3, Avg: 473570458.4, Max: 473570458.4, Diff: 0.2]
      [Ext Root Scanning (ms): Min: 2.3, Avg: 3.4, Max: 9.6, Diff: 7.3, Sum: 27.4]
      [Update RS (ms): Min: 15.9, Avg: 16.6, Max: 17.2, Diff: 1.3, Sum: 132.5]
         [Processed Buffers: Min: 12, Avg: 29.6, Max: 54, Diff: 42, Sum: 237]
      [Scan RS (ms): Min: 0.0, Avg: 0.1, Max: 0.2, Diff: 0.1, Sum: 0.8]
      [Code Root Scanning (ms): Min: 0.0, Avg: 0.0, Max: 0.0, Diff: 0.0, Sum: 0.1]
      [Object Copy (ms): Min: 140.3, Avg: 147.0, Max: 148.1, Diff: 7.8, Sum: 1176.3]
      [Termination (ms): Min: 0.0, Avg: 0.0, Max: 0.0, Diff: 0.0, Sum: 0.0]
         [Termination Attempts: Min: 1, Avg: 1.0, Max: 1, Diff: 0, Sum: 8]
      [GC Worker Other (ms): Min: 0.0, Avg: 0.1, Max: 0.1, Diff: 0.1, Sum: 0.5]
      [GC Worker Total (ms): Min: 167.1, Avg: 167.2, Max: 167.3, Diff: 0.2, Sum: 1337.6]
      [GC Worker End (ms): Min: 473570625.5, Avg: 473570625.6, Max: 473570625.6, Diff: 0.1]
   [Code Root Fixup: 0.0 ms]
   [Code Root Purge: 0.0 ms]
   [Clear CT: 0.3 ms]
   [Other: 4.5 ms]
      [Choose CSet: 0.0 ms]
      [Ref Proc: 1.0 ms]
      [Ref Enq: 0.1 ms]
      [Redirty Cards: 0.9 ms]
      [Humongous Register: 0.3 ms]
      [Humongous Reclaim: 0.1 ms]
      [Free CSet: 1.0 ms]
   [Eden: 822.0M(822.0M)->0.0B(930.0M) Survivors: 424.0M->32.0M Heap: 2564.6M(6144.0M)->1745.1M(6144.0M)]
 [Times: user=1.27 sys=0.08, real=0.17 secs] 
2025-07-25T23:30:25.391+0800: 473579.227: [GC pause (G1 Evacuation Pause) (young), 0.0320337 secs]
   [Parallel Time: 26.8 ms, GC Workers: 8]
      [GC Worker Start (ms): Min: 473579228.9, Avg: 473579229.0, Max: 473579229.0, Diff: 0.1]
      [Ext Root Scanning (ms): Min: 2.9, Avg: 3.3, Max: 5.3, Diff: 2.4, Sum: 26.5]
      [Update RS (ms): Min: 16.0, Avg: 17.7, Max: 18.2, Diff: 2.2, Sum: 141.5]
         [Processed Buffers: Min: 79, Avg: 100.1, Max: 105, Diff: 26, Sum: 801]
      [Scan RS (ms): Min: 0.1, Avg: 0.2, Max: 0.3, Diff: 0.2, Sum: 2.0]
      [Code Root Scanning (ms): Min: 0.0, Avg: 0.0, Max: 0.0, Diff: 0.0, Sum: 0.0]
      [Object Copy (ms): Min: 5.1, Avg: 5.3, Max: 5.4, Diff: 0.3, Sum: 42.1]
      [Termination (ms): Min: 0.0, Avg: 0.0, Max: 0.0, Diff: 0.0, Sum: 0.0]
         [Termination Attempts: Min: 1, Avg: 1.0, Max: 1, Diff: 0, Sum: 8]
      [GC Worker Other (ms): Min: 0.0, Avg: 0.1, Max: 0.1, Diff: 0.1, Sum: 0.9]
      [GC Worker Total (ms): Min: 26.6, Avg: 26.6, Max: 26.7, Diff: 0.1, Sum: 213.0]
      [GC Worker End (ms): Min: 473579255.6, Avg: 473579255.6, Max: 473579255.6, Diff: 0.0]
   [Code Root Fixup: 0.0 ms]
   [Code Root Purge: 0.0 ms]
   [Clear CT: 0.3 ms]
   [Other: 4.9 ms]
      [Choose CSet: 0.0 ms]
      [Ref Proc: 0.6 ms]
      [Ref Enq: 0.0 ms]
      [Redirty Cards: 0.1 ms]
      [Humongous Register: 0.6 ms]
      [Humongous Reclaim: 0.2 ms]
      [Free CSet: 1.3 ms]
   [Eden: 930.0M(930.0M)->0.0B(1388.0M) Survivors: 32.0M->42.0M Heap: 2721.3M(6144.0M)->1754.6M(6144.0M)]
 [Times: user=0.12 sys=0.10, real=0.03 secs] 
2025-07-25T23:30:50.038+0800: 473603.874: [GC pause (G1 Evacuation Pause) (young), 0.0212737 secs]
   [Parallel Time: 12.9 ms, GC Workers: 8]
      [GC Worker Start (ms): Min: 473603879.2, Avg: 473603879.2, Max: 473603879.3, Diff: 0.1]
      [Ext Root Scanning (ms): Min: 2.4, Avg: 2.8, Max: 4.2, Diff: 1.9, Sum: 22.4]
      [Update RS (ms): Min: 0.4, Avg: 1.6, Max: 2.1, Diff: 1.7, Sum: 12.5]
         [Processed Buffers: Min: 11, Avg: 23.9, Max: 38, Diff: 27, Sum: 191]
      [Scan RS (ms): Min: 0.0, Avg: 0.1, Max: 0.2, Diff: 0.1, Sum: 1.1]
      [Code Root Scanning (ms): Min: 0.0, Avg: 0.0, Max: 0.0, Diff: 0.0, Sum: 0.0]
      [Object Copy (ms): Min: 7.8, Avg: 8.0, Max: 8.1, Diff: 0.3, Sum: 63.9]
      [Termination (ms): Min: 0.0, Avg: 0.0, Max: 0.0, Diff: 0.0, Sum: 0.0]
         [Termination Attempts: Min: 1, Avg: 1.8, Max: 3, Diff: 2, Sum: 14]
      [GC Worker Other (ms): Min: 0.0, Avg: 0.1, Max: 0.3, Diff: 0.2, Sum: 0.8]
      [GC Worker Total (ms): Min: 12.5, Avg: 12.6, Max: 12.7, Diff: 0.2, Sum: 100.7]
      [GC Worker End (ms): Min: 473603891.7, Avg: 473603891.8, Max: 473603892.0, Diff: 0.2]
   [Code Root Fixup: 0.0 ms]
   [Code Root Purge: 0.0 ms]
   [Clear CT: 0.2 ms]
   [Other: 8.1 ms]
      [Choose CSet: 0.0 ms]
      [Ref Proc: 1.0 ms]
      [Ref Enq: 0.1 ms]
      [Redirty Cards: 0.1 ms]
      [Humongous Register: 4.6 ms]
      [Humongous Reclaim: 0.1 ms]
      [Free CSet: 1.2 ms]
   [Eden: 1388.0M(1388.0M)->0.0B(2182.0M) Survivors: 42.0M->44.0M Heap: 3142.6M(6144.0M)->1757.1M(6144.0M)]
 [Times: user=0.11 sys=0.00, real=0.02 secs] 
2025-07-25T23:31:17.578+0800: 473631.414: [GC pause (G1 Evacuation Pause) (young), 0.0272742 secs]
   [Parallel Time: 22.8 ms, GC Workers: 8]
      [GC Worker Start (ms): Min: 473631414.5, Avg: 473631414.5, Max: 473631414.6, Diff: 0.1]
      [Ext Root Scanning (ms): Min: 2.1, Avg: 2.4, Max: 3.1, Diff: 1.0, Sum: 19.6]
      [Update RS (ms): Min: 9.7, Avg: 10.2, Max: 10.5, Diff: 0.8, Sum: 81.8]
         [Processed Buffers: Min: 60, Avg: 72.2, Max: 90, Diff: 30, Sum: 578]
      [Scan RS (ms): Min: 0.1, Avg: 0.2, Max: 0.3, Diff: 0.2, Sum: 1.8]
      [Code Root Scanning (ms): Min: 0.0, Avg: 0.0, Max: 0.0, Diff: 0.0, Sum: 0.0]
      [Object Copy (ms): Min: 9.5, Avg: 9.7, Max: 9.8, Diff: 0.4, Sum: 77.3]
      [Termination (ms): Min: 0.0, Avg: 0.0, Max: 0.0, Diff: 0.0, Sum: 0.0]
         [Termination Attempts: Min: 1, Avg: 1.0, Max: 1, Diff: 0, Sum: 8]
      [GC Worker Other (ms): Min: 0.0, Avg: 0.1, Max: 0.1, Diff: 0.1, Sum: 0.6]
      [GC Worker Total (ms): Min: 22.6, Avg: 22.6, Max: 22.7, Diff: 0.1, Sum: 181.1]
      [GC Worker End (ms): Min: 473631437.1, Avg: 473631437.2, Max: 473631437.2, Diff: 0.1]
   [Code Root Fixup: 0.0 ms]
   [Code Root Purge: 0.0 ms]
   [Clear CT: 0.4 ms]
   [Other: 4.1 ms]
      [Choose CSet: 0.0 ms]
      [Ref Proc: 1.0 ms]
      [Ref Enq: 0.1 ms]
      [Redirty Cards: 0.1 ms]
      [Humongous Register: 0.4 ms]
      [Humongous Reclaim: 0.2 ms]
      [Free CSet: 1.6 ms]
   [Eden: 2182.0M(2182.0M)->0.0B(3222.0M) Survivors: 44.0M->50.0M Heap: 3989.0M(6144.0M)->1762.1M(6144.0M)]
 [Times: user=0.11 sys=0.08, real=0.02 secs] 
2025-07-25T23:32:05.128+0800: 473678.963: [GC pause (G1 Evacuation Pause) (young), 0.0354975 secs]
   [Parallel Time: 25.0 ms, GC Workers: 8]
      [GC Worker Start (ms): Min: 473678967.0, Avg: 473678967.0, Max: 473678967.1, Diff: 0.1]
      [Ext Root Scanning (ms): Min: 2.9, Avg: 4.1, Max: 11.0, Diff: 8.1, Sum: 32.8]
      [Update RS (ms): Min: 3.3, Avg: 9.9, Max: 11.1, Diff: 7.8, Sum: 79.1]
         [Processed Buffers: Min: 44, Avg: 70.9, Max: 87, Diff: 43, Sum: 567]
      [Scan RS (ms): Min: 0.1, Avg: 0.3, Max: 0.4, Diff: 0.3, Sum: 2.5]
      [Code Root Scanning (ms): Min: 0.0, Avg: 0.0, Max: 0.0, Diff: 0.0, Sum: 0.1]
      [Object Copy (ms): Min: 10.2, Avg: 10.3, Max: 10.4, Diff: 0.3, Sum: 82.7]
      [Termination (ms): Min: 0.0, Avg: 0.0, Max: 0.0, Diff: 0.0, Sum: 0.0]
         [Termination Attempts: Min: 2, Avg: 3.6, Max: 5, Diff: 3, Sum: 29]
      [GC Worker Other (ms): Min: 0.1, Avg: 0.2, Max: 0.3, Diff: 0.2, Sum: 1.2]
      [GC Worker Total (ms): Min: 24.7, Avg: 24.8, Max: 24.9, Diff: 0.2, Sum: 198.3]
      [GC Worker End (ms): Min: 473678991.8, Avg: 473678991.8, Max: 473678991.9, Diff: 0.1]
   [Code Root Fixup: 0.0 ms]
   [Code Root Purge: 0.0 ms]
   [Clear CT: 0.5 ms]
   [Other: 10.0 ms]
      [Choose CSet: 0.0 ms]
      [Ref Proc: 1.8 ms]
      [Ref Enq: 0.2 ms]
      [Redirty Cards: 0.1 ms]
      [Humongous Register: 2.8 ms]
      [Humongous Reclaim: 0.2 ms]
      [Free CSet: 3.8 ms]
   [Eden: 3222.0M(3222.0M)->0.0B(2210.0M) Survivors: 50.0M->52.0M Heap: 5030.3M(6144.0M)->1764.1M(6144.0M)]
 [Times: user=0.11 sys=0.10, real=0.03 secs] 
2025-07-25T23:32:34.054+0800: 473707.889: [GC pause (G1 Evacuation Pause) (young), 0.0278155 secs]
   [Parallel Time: 22.8 ms, GC Workers: 8]
      [GC Worker Start (ms): Min: 473707890.2, Avg: 473707890.3, Max: 473707890.4, Diff: 0.1]
      [Ext Root Scanning (ms): Min: 2.3, Avg: 2.6, Max: 3.2, Diff: 0.9, Sum: 20.5]
      [Update RS (ms): Min: 9.5, Avg: 9.9, Max: 10.3, Diff: 0.8, Sum: 79.3]
         [Processed Buffers: Min: 57, Avg: 70.1, Max: 82, Diff: 25, Sum: 561]
      [Scan RS (ms): Min: 0.1, Avg: 0.2, Max: 0.3, Diff: 0.2, Sum: 1.7]
      [Code Root Scanning (ms): Min: 0.0, Avg: 0.0, Max: 0.0, Diff: 0.0, Sum: 0.0]
      [Object Copy (ms): Min: 9.7, Avg: 9.8, Max: 9.9, Diff: 0.2, Sum: 78.8]
      [Termination (ms): Min: 0.0, Avg: 0.0, Max: 0.0, Diff: 0.0, Sum: 0.1]
         [Termination Attempts: Min: 1, Avg: 1.6, Max: 3, Diff: 2, Sum: 13]
      [GC Worker Other (ms): Min: 0.0, Avg: 0.1, Max: 0.1, Diff: 0.1, Sum: 0.4]
      [GC Worker Total (ms): Min: 22.6, Avg: 22.6, Max: 22.7, Diff: 0.1, Sum: 180.9]
      [GC Worker End (ms): Min: 473707912.9, Avg: 473707912.9, Max: 473707912.9, Diff: 0.1]
   [Code Root Fixup: 0.1 ms]
   [Code Root Purge: 0.0 ms]
   [Clear CT: 0.4 ms]
   [Other: 4.6 ms]
      [Choose CSet: 0.0 ms]
      [Ref Proc: 1.4 ms]
      [Ref Enq: 0.1 ms]
      [Redirty Cards: 0.1 ms]
      [Humongous Register: 0.5 ms]
      [Humongous Reclaim: 0.2 ms]
      [Free CSet: 1.5 ms]
   [Eden: 2210.0M(2210.0M)->0.0B(662.0M) Survivors: 52.0M->48.0M Heap: 4020.3M(6144.0M)->1761.1M(6144.0M)]
 [Times: user=0.11 sys=0.08, real=0.03 secs] 
2025-07-25T23:32:44.544+0800: 473718.380: [GC pause (G1 Evacuation Pause) (young), 0.0153620 secs]
   [Parallel Time: 12.7 ms, GC Workers: 8]
      [GC Worker Start (ms): Min: 473718380.3, Avg: 473718380.4, Max: 473718380.5, Diff: 0.2]
      [Ext Root Scanning (ms): Min: 2.1, Avg: 2.4, Max: 3.1, Diff: 1.0, Sum: 19.2]
      [Update RS (ms): Min: 0.7, Avg: 1.2, Max: 1.4, Diff: 0.7, Sum: 9.4]
         [Processed Buffers: Min: 3, Avg: 20.4, Max: 32, Diff: 29, Sum: 163]
      [Scan RS (ms): Min: 0.0, Avg: 0.1, Max: 0.1, Diff: 0.1, Sum: 0.5]
      [Code Root Scanning (ms): Min: 0.0, Avg: 0.0, Max: 0.0, Diff: 0.0, Sum: 0.0]
      [Object Copy (ms): Min: 8.7, Avg: 8.9, Max: 9.1, Diff: 0.4, Sum: 70.9]
      [Termination (ms): Min: 0.0, Avg: 0.0, Max: 0.0, Diff: 0.0, Sum: 0.0]
         [Termination Attempts: Min: 1, Avg: 1.2, Max: 2, Diff: 1, Sum: 10]
      [GC Worker Other (ms): Min: 0.0, Avg: 0.0, Max: 0.1, Diff: 0.1, Sum: 0.3]
      [GC Worker Total (ms): Min: 12.4, Avg: 12.5, Max: 12.6, Diff: 0.2, Sum: 100.4]
      [GC Worker End (ms): Min: 473718392.9, Avg: 473718392.9, Max: 473718393.0, Diff: 0.0]
   [Code Root Fixup: 0.0 ms]
   [Code Root Purge: 0.0 ms]
   [Clear CT: 0.2 ms]
   [Other: 2.4 ms]
      [Choose CSet: 0.0 ms]
      [Ref Proc: 0.6 ms]
      [Ref Enq: 0.0 ms]
      [Redirty Cards: 0.1 ms]
      [Humongous Register: 0.3 ms]
      [Humongous Reclaim: 0.1 ms]
      [Free CSet: 0.5 ms]
   [Eden: 662.0M(662.0M)->0.0B(1434.0M) Survivors: 48.0M->46.0M Heap: 2423.1M(6144.0M)->1759.1M(6144.0M)]
 [Times: user=0.11 sys=0.00, real=0.02 secs] 
2025-07-25T23:33:20.788+0800: 473754.624: [GC pause (G1 Evacuation Pause) (young), 0.0400569 secs]
   [Parallel Time: 32.2 ms, GC Workers: 8]
      [GC Worker Start (ms): Min: 473754627.6, Avg: 473754627.7, Max: 473754627.8, Diff: 0.1]
      [Ext Root Scanning (ms): Min: 3.0, Avg: 4.3, Max: 10.9, Diff: 7.9, Sum: 34.1]
      [Update RS (ms): Min: 11.7, Avg: 18.2, Max: 19.7, Diff: 8.0, Sum: 145.3]
         [Processed Buffers: Min: 81, Avg: 115.0, Max: 127, Diff: 46, Sum: 920]
      [Scan RS (ms): Min: 0.0, Avg: 0.2, Max: 0.2, Diff: 0.2, Sum: 1.2]
      [Code Root Scanning (ms): Min: 0.0, Avg: 0.0, Max: 0.0, Diff: 0.0, Sum: 0.0]
      [Object Copy (ms): Min: 8.9, Avg: 9.3, Max: 9.5, Diff: 0.6, Sum: 74.7]
      [Termination (ms): Min: 0.0, Avg: 0.0, Max: 0.0, Diff: 0.0, Sum: 0.0]
         [Termination Attempts: Min: 1, Avg: 1.5, Max: 2, Diff: 1, Sum: 12]
      [GC Worker Other (ms): Min: 0.0, Avg: 0.1, Max: 0.2, Diff: 0.1, Sum: 0.9]
      [GC Worker Total (ms): Min: 32.0, Avg: 32.0, Max: 32.1, Diff: 0.1, Sum: 256.3]
      [GC Worker End (ms): Min: 473754659.7, Avg: 473754659.8, Max: 473754659.8, Diff: 0.1]
   [Code Root Fixup: 0.0 ms]
   [Code Root Purge: 0.0 ms]
   [Clear CT: 0.4 ms]
   [Other: 7.4 ms]
      [Choose CSet: 0.0 ms]
      [Ref Proc: 0.6 ms]
      [Ref Enq: 0.1 ms]
      [Redirty Cards: 0.1 ms]
      [Humongous Register: 3.0 ms]
      [Humongous Reclaim: 0.5 ms]
      [Free CSet: 1.9 ms]
   [Eden: 1434.0M(1434.0M)->0.0B(1906.0M) Survivors: 46.0M->44.0M Heap: 3289.2M(6144.0M)->1771.5M(6144.0M)]
 [Times: user=0.23 sys=0.02, real=0.04 secs] 
2025-07-25T23:35:03.679+0800: 473857.515: [GC pause (G1 Evacuation Pause) (young), 0.0328209 secs]
   [Parallel Time: 28.4 ms, GC Workers: 8]
      [GC Worker Start (ms): Min: 473857515.7, Avg: 473857515.7, Max: 473857515.8, Diff: 0.1]
      [Ext Root Scanning (ms): Min: 2.2, Avg: 2.5, Max: 3.1, Diff: 0.9, Sum: 19.8]
      [Update RS (ms): Min: 17.3, Avg: 17.9, Max: 18.2, Diff: 0.9, Sum: 142.8]
         [Processed Buffers: Min: 101, Avg: 115.4, Max: 126, Diff: 25, Sum: 923]
      [Scan RS (ms): Min: 0.1, Avg: 0.2, Max: 0.3, Diff: 0.2, Sum: 1.4]
      [Code Root Scanning (ms): Min: 0.0, Avg: 0.0, Max: 0.0, Diff: 0.0, Sum: 0.0]
      [Object Copy (ms): Min: 7.6, Avg: 7.7, Max: 7.8, Diff: 0.2, Sum: 61.5]
      [Termination (ms): Min: 0.0, Avg: 0.0, Max: 0.0, Diff: 0.0, Sum: 0.0]
         [Termination Attempts: Min: 1, Avg: 1.0, Max: 1, Diff: 0, Sum: 8]
      [GC Worker Other (ms): Min: 0.0, Avg: 0.1, Max: 0.1, Diff: 0.1, Sum: 0.5]
      [GC Worker Total (ms): Min: 28.2, Avg: 28.3, Max: 28.4, Diff: 0.2, Sum: 226.1]
      [GC Worker End (ms): Min: 473857544.0, Avg: 473857544.0, Max: 473857544.0, Diff: 0.1]
   [Code Root Fixup: 0.0 ms]
   [Code Root Purge: 0.0 ms]
   [Clear CT: 0.4 ms]
   [Other: 4.0 ms]
      [Choose CSet: 0.0 ms]
      [Ref Proc: 0.9 ms]
      [Ref Enq: 0.1 ms]
      [Redirty Cards: 0.1 ms]
      [Humongous Register: 0.5 ms]
      [Humongous Reclaim: 0.3 ms]
      [Free CSet: 1.4 ms]
   [Eden: 1906.0M(1906.0M)->0.0B(2894.0M) Survivors: 44.0M->38.0M Heap: 3773.5M(6144.0M)->1751.1M(6144.0M)]
 [Times: user=0.23 sys=0.00, real=0.03 secs] 
2025-07-25T23:37:24.070+0800: 473997.906: [GC pause (G1 Evacuation Pause) (young), 0.0404681 secs]
   [Parallel Time: 32.1 ms, GC Workers: 8]
      [GC Worker Start (ms): Min: 473997908.4, Avg: 473997908.5, Max: 473997908.5, Diff: 0.2]
      [Ext Root Scanning (ms): Min: 2.7, Avg: 3.9, Max: 10.4, Diff: 7.7, Sum: 31.4]
      [Update RS (ms): Min: 13.5, Avg: 19.1, Max: 20.2, Diff: 6.7, Sum: 153.0]
         [Processed Buffers: Min: 70, Avg: 124.2, Max: 147, Diff: 77, Sum: 994]
      [Scan RS (ms): Min: 0.1, Avg: 0.6, Max: 0.7, Diff: 0.6, Sum: 4.5]
      [Code Root Scanning (ms): Min: 0.0, Avg: 0.0, Max: 0.0, Diff: 0.0, Sum: 0.1]
      [Object Copy (ms): Min: 7.9, Avg: 8.1, Max: 8.3, Diff: 0.4, Sum: 65.1]
      [Termination (ms): Min: 0.0, Avg: 0.0, Max: 0.0, Diff: 0.0, Sum: 0.0]
         [Termination Attempts: Min: 1, Avg: 1.0, Max: 1, Diff: 0, Sum: 8]
      [GC Worker Other (ms): Min: 0.1, Avg: 0.1, Max: 0.2, Diff: 0.1, Sum: 1.0]
      [GC Worker Total (ms): Min: 31.8, Avg: 31.9, Max: 32.0, Diff: 0.2, Sum: 255.0]
      [GC Worker End (ms): Min: 473997940.3, Avg: 473997940.3, Max: 473997940.4, Diff: 0.1]
   [Code Root Fixup: 0.1 ms]
   [Code Root Purge: 0.0 ms]
   [Clear CT: 0.5 ms]
   [Other: 7.7 ms]
      [Choose CSet: 0.0 ms]
      [Ref Proc: 0.9 ms]
      [Ref Enq: 0.1 ms]
      [Redirty Cards: 0.1 ms]
      [Humongous Register: 1.8 ms]
      [Humongous Reclaim: 0.5 ms]
      [Free CSet: 3.5 ms]
   [Eden: 2866.0M(2866.0M)->0.0B(3318.0M) Survivors: 38.0M->34.0M Heap: 4784.0M(6144.0M)->1748.9M(6144.0M)]
 [Times: user=0.25 sys=0.02, real=0.04 secs] 
2025-07-25T23:40:07.685+0800: 474161.521: [GC pause (G1 Evacuation Pause) (young), 0.0552803 secs]
   [Parallel Time: 45.9 ms, GC Workers: 8]
      [GC Worker Start (ms): Min: 474161523.0, Avg: 474161523.1, Max: 474161523.1, Diff: 0.1]
      [Ext Root Scanning (ms): Min: 2.9, Avg: 4.1, Max: 10.5, Diff: 7.6, Sum: 32.5]
      [Update RS (ms): Min: 22.2, Avg: 28.5, Max: 30.0, Diff: 7.8, Sum: 228.2]
         [Processed Buffers: Min: 163, Avg: 192.2, Max: 213, Diff: 50, Sum: 1538]
      [Scan RS (ms): Min: 0.1, Avg: 0.4, Max: 0.5, Diff: 0.4, Sum: 2.8]
      [Code Root Scanning (ms): Min: 0.0, Avg: 0.0, Max: 0.0, Diff: 0.0, Sum: 0.1]
      [Object Copy (ms): Min: 12.4, Avg: 12.6, Max: 12.8, Diff: 0.3, Sum: 101.1]
      [Termination (ms): Min: 0.0, Avg: 0.0, Max: 0.0, Diff: 0.0, Sum: 0.0]
         [Termination Attempts: Min: 1, Avg: 1.2, Max: 2, Diff: 1, Sum: 10]
      [GC Worker Other (ms): Min: 0.1, Avg: 0.1, Max: 0.2, Diff: 0.2, Sum: 1.1]
      [GC Worker Total (ms): Min: 45.6, Avg: 45.7, Max: 45.8, Diff: 0.2, Sum: 365.8]
      [GC Worker End (ms): Min: 474161568.7, Avg: 474161568.8, Max: 474161568.8, Diff: 0.1]
   [Code Root Fixup: 0.0 ms]
   [Code Root Purge: 0.0 ms]
   [Clear CT: 0.6 ms]
   [Other: 8.7 ms]
      [Choose CSet: 0.0 ms]
      [Ref Proc: 1.6 ms]
      [Ref Enq: 0.1 ms]
      [Redirty Cards: 0.1 ms]
      [Humongous Register: 1.4 ms]
      [Humongous Reclaim: 0.5 ms]
      [Free CSet: 4.1 ms]
   [Eden: 3318.0M(3318.0M)->0.0B(3298.0M) Survivors: 34.0M->58.0M Heap: 5230.6M(6144.0M)->1771.1M(6144.0M)]
 [Times: user=0.31 sys=0.06, real=0.06 secs] 
2025-07-25T23:40:53.469+0800: 474207.305: [GC pause (G1 Evacuation Pause) (young), 0.0340043 secs]
   [Parallel Time: 28.2 ms, GC Workers: 8]
      [GC Worker Start (ms): Min: 474207305.6, Avg: 474207305.6, Max: 474207305.7, Diff: 0.1]
      [Ext Root Scanning (ms): Min: 2.3, Avg: 3.5, Max: 11.1, Diff: 8.8, Sum: 28.2]
      [Update RS (ms): Min: 2.6, Avg: 10.0, Max: 11.3, Diff: 8.7, Sum: 79.9]
         [Processed Buffers: Min: 33, Avg: 72.9, Max: 92, Diff: 59, Sum: 583]
      [Scan RS (ms): Min: 0.2, Avg: 0.3, Max: 0.4, Diff: 0.2, Sum: 2.8]
      [Code Root Scanning (ms): Min: 0.0, Avg: 0.0, Max: 0.0, Diff: 0.0, Sum: 0.1]
      [Object Copy (ms): Min: 13.9, Avg: 14.1, Max: 14.2, Diff: 0.3, Sum: 113.1]
      [Termination (ms): Min: 0.0, Avg: 0.0, Max: 0.0, Diff: 0.0, Sum: 0.0]
         [Termination Attempts: Min: 1, Avg: 2.0, Max: 4, Diff: 3, Sum: 16]
      [GC Worker Other (ms): Min: 0.0, Avg: 0.1, Max: 0.1, Diff: 0.1, Sum: 0.5]
      [GC Worker Total (ms): Min: 28.0, Avg: 28.1, Max: 28.1, Diff: 0.1, Sum: 224.6]
      [GC Worker End (ms): Min: 474207333.7, Avg: 474207333.7, Max: 474207333.7, Diff: 0.1]
   [Code Root Fixup: 0.0 ms]
   [Code Root Purge: 0.0 ms]
   [Clear CT: 0.5 ms]
   [Other: 5.2 ms]
      [Choose CSet: 0.0 ms]
      [Ref Proc: 1.9 ms]
      [Ref Enq: 0.1 ms]
      [Redirty Cards: 0.1 ms]
      [Humongous Register: 0.4 ms]
      [Humongous Reclaim: 0.1 ms]
      [Free CSet: 1.8 ms]
   [Eden: 3298.0M(3298.0M)->0.0B(3312.0M) Survivors: 58.0M->52.0M Heap: 5115.3M(6144.0M)->1765.1M(6144.0M)]
 [Times: user=0.13 sys=0.10, real=0.03 secs] 
2025-07-25T23:41:32.426+0800: 474246.262: [GC pause (G1 Evacuation Pause) (young), 0.0431518 secs]
   [Parallel Time: 33.7 ms, GC Workers: 8]
      [GC Worker Start (ms): Min: 474246264.0, Avg: 474246264.1, Max: 474246264.2, Diff: 0.1]
      [Ext Root Scanning (ms): Min: 2.7, Avg: 3.3, Max: 5.2, Diff: 2.5, Sum: 26.2]
      [Update RS (ms): Min: 17.3, Avg: 19.2, Max: 20.2, Diff: 2.9, Sum: 153.5]
         [Processed Buffers: Min: 94, Avg: 124.5, Max: 148, Diff: 54, Sum: 996]
      [Scan RS (ms): Min: 0.1, Avg: 0.3, Max: 0.4, Diff: 0.3, Sum: 2.7]
      [Code Root Scanning (ms): Min: 0.0, Avg: 0.0, Max: 0.0, Diff: 0.0, Sum: 0.1]
      [Object Copy (ms): Min: 10.1, Avg: 10.5, Max: 10.7, Diff: 0.6, Sum: 84.1]
      [Termination (ms): Min: 0.0, Avg: 0.0, Max: 0.0, Diff: 0.0, Sum: 0.0]
         [Termination Attempts: Min: 1, Avg: 1.0, Max: 1, Diff: 0, Sum: 8]
      [GC Worker Other (ms): Min: 0.1, Avg: 0.2, Max: 0.2, Diff: 0.1, Sum: 1.3]
      [GC Worker Total (ms): Min: 33.4, Avg: 33.5, Max: 33.6, Diff: 0.2, Sum: 267.8]
      [GC Worker End (ms): Min: 474246297.5, Avg: 474246297.6, Max: 474246297.6, Diff: 0.1]
   [Code Root Fixup: 0.0 ms]
   [Code Root Purge: 0.0 ms]
   [Clear CT: 0.5 ms]
   [Other: 8.9 ms]
      [Choose CSet: 0.0 ms]
      [Ref Proc: 1.9 ms]
      [Ref Enq: 0.2 ms]
      [Redirty Cards: 0.1 ms]
      [Humongous Register: 1.6 ms]
      [Humongous Reclaim: 0.3 ms]
      [Free CSet: 3.9 ms]
   [Eden: 3312.0M(3312.0M)->0.0B(3324.0M) Survivors: 52.0M->46.0M Heap: 5174.2M(6144.0M)->1759.5M(6144.0M)]
 [Times: user=0.23 sys=0.05, real=0.05 secs] 
2025-07-25T23:42:21.572+0800: 474295.407: [GC pause (G1 Evacuation Pause) (young), 0.0331674 secs]
   [Parallel Time: 23.2 ms, GC Workers: 8]
      [GC Worker Start (ms): Min: 474295409.8, Avg: 474295409.9, Max: 474295409.9, Diff: 0.2]
      [Ext Root Scanning (ms): Min: 2.8, Avg: 4.1, Max: 10.8, Diff: 8.0, Sum: 32.9]
      [Update RS (ms): Min: 0.4, Avg: 6.9, Max: 8.3, Diff: 7.9, Sum: 55.0]
         [Processed Buffers: Min: 12, Avg: 51.0, Max: 74, Diff: 62, Sum: 408]
      [Scan RS (ms): Min: 0.1, Avg: 0.4, Max: 0.5, Diff: 0.3, Sum: 2.9]
      [Code Root Scanning (ms): Min: 0.0, Avg: 0.0, Max: 0.0, Diff: 0.0, Sum: 0.1]
      [Object Copy (ms): Min: 11.2, Avg: 11.3, Max: 11.4, Diff: 0.3, Sum: 90.6]
      [Termination (ms): Min: 0.0, Avg: 0.0, Max: 0.0, Diff: 0.0, Sum: 0.0]
         [Termination Attempts: Min: 1, Avg: 2.4, Max: 4, Diff: 3, Sum: 19]
      [GC Worker Other (ms): Min: 0.1, Avg: 0.1, Max: 0.2, Diff: 0.1, Sum: 1.2]
      [GC Worker Total (ms): Min: 22.7, Avg: 22.8, Max: 23.0, Diff: 0.2, Sum: 182.7]
      [GC Worker End (ms): Min: 474295432.7, Avg: 474295432.7, Max: 474295432.7, Diff: 0.1]
   [Code Root Fixup: 0.0 ms]
   [Code Root Purge: 0.0 ms]
   [Clear CT: 0.5 ms]
   [Other: 9.3 ms]
      [Choose CSet: 0.0 ms]
      [Ref Proc: 2.1 ms]
      [Ref Enq: 0.1 ms]
      [Redirty Cards: 0.1 ms]
      [Humongous Register: 1.6 ms]
      [Humongous Reclaim: 0.2 ms]
      [Free CSet: 4.0 ms]
   [Eden: 3324.0M(3324.0M)->0.0B(3316.0M) Survivors: 46.0M->54.0M Heap: 5108.1M(6144.0M)->1769.9M(6144.0M)]
 [Times: user=0.10 sys=0.09, real=0.03 secs] 
2025-07-25T23:56:40.247+0800: 475154.083: [GC pause (G1 Evacuation Pause) (young), 0.0444235 secs]
   [Parallel Time: 27.9 ms, GC Workers: 8]
      [GC Worker Start (ms): Min: 475154088.0, Avg: 475154088.0, Max: 475154088.1, Diff: 0.2]
      [Ext Root Scanning (ms): Min: 3.1, Avg: 4.6, Max: 13.5, Diff: 10.4, Sum: 37.0]
      [Update RS (ms): Min: 2.2, Avg: 10.8, Max: 12.6, Diff: 10.5, Sum: 86.5]
         [Processed Buffers: Min: 44, Avg: 61.9, Max: 78, Diff: 34, Sum: 495]
      [Scan RS (ms): Min: 0.1, Avg: 0.4, Max: 0.5, Diff: 0.3, Sum: 2.8]
      [Code Root Scanning (ms): Min: 0.0, Avg: 0.0, Max: 0.0, Diff: 0.0, Sum: 0.1]
      [Object Copy (ms): Min: 11.2, Avg: 11.4, Max: 11.5, Diff: 0.3, Sum: 90.9]
      [Termination (ms): Min: 0.1, Avg: 0.4, Max: 0.5, Diff: 0.4, Sum: 2.8]
         [Termination Attempts: Min: 3, Avg: 80.5, Max: 129, Diff: 126, Sum: 644]
      [GC Worker Other (ms): Min: 0.0, Avg: 0.1, Max: 0.2, Diff: 0.2, Sum: 1.1]
      [GC Worker Total (ms): Min: 27.6, Avg: 27.7, Max: 27.7, Diff: 0.1, Sum: 221.3]
      [GC Worker End (ms): Min: 475154115.7, Avg: 475154115.7, Max: 475154115.8, Diff: 0.1]
   [Code Root Fixup: 0.0 ms]
   [Code Root Purge: 0.0 ms]
   [Clear CT: 0.6 ms]
   [Other: 15.8 ms]
      [Choose CSet: 0.0 ms]
      [Ref Proc: 5.1 ms]
      [Ref Enq: 0.3 ms]
      [Redirty Cards: 0.1 ms]
      [Humongous Register: 3.9 ms]
      [Humongous Reclaim: 0.2 ms]
      [Free CSet: 4.8 ms]
   [Eden: 3316.0M(3316.0M)->0.0B(3340.0M) Survivors: 54.0M->28.0M Heap: 5125.5M(6144.0M)->1748.2M(6144.0M)]
 [Times: user=0.19 sys=0.05, real=0.04 secs] 
2025-07-26T00:00:12.221+0800: 475366.057: [GC pause (G1 Evacuation Pause) (young), 0.0353893 secs]
   [Parallel Time: 22.5 ms, GC Workers: 8]
      [GC Worker Start (ms): Min: 475366060.4, Avg: 475366060.5, Max: 475366060.6, Diff: 0.2]
      [Ext Root Scanning (ms): Min: 3.1, Avg: 4.4, Max: 11.1, Diff: 7.9, Sum: 34.9]
      [Update RS (ms): Min: 0.0, Avg: 3.9, Max: 4.8, Diff: 4.8, Sum: 31.1]
         [Processed Buffers: Min: 0, Avg: 27.6, Max: 47, Diff: 47, Sum: 221]
      [Scan RS (ms): Min: 0.1, Avg: 0.3, Max: 0.5, Diff: 0.4, Sum: 2.7]
      [Code Root Scanning (ms): Min: 0.0, Avg: 0.0, Max: 0.0, Diff: 0.0, Sum: 0.1]
      [Object Copy (ms): Min: 11.0, Avg: 13.5, Max: 14.0, Diff: 3.0, Sum: 108.3]
      [Termination (ms): Min: 0.0, Avg: 0.0, Max: 0.0, Diff: 0.0, Sum: 0.0]
         [Termination Attempts: Min: 1, Avg: 1.2, Max: 2, Diff: 1, Sum: 10]
      [GC Worker Other (ms): Min: 0.1, Avg: 0.2, Max: 0.2, Diff: 0.1, Sum: 1.3]
      [GC Worker Total (ms): Min: 22.2, Avg: 22.3, Max: 22.4, Diff: 0.2, Sum: 178.3]
      [GC Worker End (ms): Min: 475366082.7, Avg: 475366082.8, Max: 475366082.8, Diff: 0.1]
   [Code Root Fixup: 0.0 ms]
   [Code Root Purge: 0.0 ms]
   [Clear CT: 0.7 ms]
   [Other: 12.1 ms]
      [Choose CSet: 0.0 ms]
      [Ref Proc: 3.6 ms]
      [Ref Enq: 0.2 ms]
      [Redirty Cards: 0.1 ms]
      [Humongous Register: 2.8 ms]
      [Humongous Reclaim: 0.1 ms]
      [Free CSet: 4.3 ms]
   [Eden: 3340.0M(3340.0M)->0.0B(3316.0M) Survivors: 28.0M->48.0M Heap: 5088.2M(6144.0M)->1773.2M(6144.0M)]
 [Times: user=0.16 sys=0.04, real=0.04 secs] 
2025-07-26T00:01:06.370+0800: 475420.205: [GC pause (G1 Evacuation Pause) (young), 0.0371555 secs]
   [Parallel Time: 25.3 ms, GC Workers: 8]
      [GC Worker Start (ms): Min: 475420208.9, Avg: 475420209.0, Max: 475420209.1, Diff: 0.2]
      [Ext Root Scanning (ms): Min: 3.2, Avg: 4.5, Max: 11.6, Diff: 8.4, Sum: 36.0]
      [Update RS (ms): Min: 0.0, Avg: 5.4, Max: 6.5, Diff: 6.5, Sum: 43.5]
         [Processed Buffers: Min: 0, Avg: 32.1, Max: 56, Diff: 56, Sum: 257]
      [Scan RS (ms): Min: 0.1, Avg: 0.4, Max: 0.5, Diff: 0.4, Sum: 3.1]
      [Code Root Scanning (ms): Min: 0.0, Avg: 0.0, Max: 0.0, Diff: 0.0, Sum: 0.1]
      [Object Copy (ms): Min: 13.2, Avg: 14.5, Max: 14.8, Diff: 1.6, Sum: 116.4]
      [Termination (ms): Min: 0.0, Avg: 0.1, Max: 0.1, Diff: 0.1, Sum: 0.6]
         [Termination Attempts: Min: 1, Avg: 24.2, Max: 36, Diff: 35, Sum: 194]
      [GC Worker Other (ms): Min: 0.1, Avg: 0.1, Max: 0.2, Diff: 0.1, Sum: 1.1]
      [GC Worker Total (ms): Min: 25.0, Avg: 25.1, Max: 25.2, Diff: 0.2, Sum: 200.8]
      [GC Worker End (ms): Min: 475420234.0, Avg: 475420234.1, Max: 475420234.1, Diff: 0.1]
   [Code Root Fixup: 0.1 ms]
   [Code Root Purge: 0.0 ms]
   [Clear CT: 0.6 ms]
   [Other: 11.2 ms]
      [Choose CSet: 0.0 ms]
      [Ref Proc: 2.5 ms]
      [Ref Enq: 0.2 ms]
      [Redirty Cards: 0.1 ms]
      [Humongous Register: 2.7 ms]
      [Humongous Reclaim: 0.1 ms]
      [Free CSet: 4.4 ms]
   [Eden: 3316.0M(3316.0M)->0.0B(3296.0M) Survivors: 48.0M->58.0M Heap: 5089.2M(6144.0M)->1786.3M(6144.0M)]
 [Times: user=0.19 sys=0.03, real=0.04 secs] 
2025-07-26T00:02:01.921+0800: 475475.757: [GC pause (G1 Evacuation Pause) (young), 0.0436162 secs]
   [Parallel Time: 37.0 ms, GC Workers: 8]
      [GC Worker Start (ms): Min: 475475757.8, Avg: 475475757.9, Max: 475475757.9, Diff: 0.1]
      [Ext Root Scanning (ms): Min: 2.0, Avg: 3.3, Max: 9.2, Diff: 7.2, Sum: 26.4]
      [Update RS (ms): Min: 15.6, Avg: 21.2, Max: 22.2, Diff: 6.5, Sum: 169.7]
         [Processed Buffers: Min: 106, Avg: 126.8, Max: 146, Diff: 40, Sum: 1014]
      [Scan RS (ms): Min: 0.1, Avg: 0.3, Max: 0.4, Diff: 0.3, Sum: 2.7]
      [Code Root Scanning (ms): Min: 0.0, Avg: 0.0, Max: 0.0, Diff: 0.0, Sum: 0.1]
      [Object Copy (ms): Min: 11.6, Avg: 11.9, Max: 12.3, Diff: 0.7, Sum: 95.5]
      [Termination (ms): Min: 0.0, Avg: 0.0, Max: 0.0, Diff: 0.0, Sum: 0.2]
         [Termination Attempts: Min: 1, Avg: 27.9, Max: 39, Diff: 38, Sum: 223]
      [GC Worker Other (ms): Min: 0.0, Avg: 0.1, Max: 0.1, Diff: 0.1, Sum: 0.5]
      [GC Worker Total (ms): Min: 36.8, Avg: 36.9, Max: 37.0, Diff: 0.1, Sum: 295.1]
      [GC Worker End (ms): Min: 475475794.7, Avg: 475475794.7, Max: 475475794.8, Diff: 0.1]
   [Code Root Fixup: 0.0 ms]
   [Code Root Purge: 0.0 ms]
   [Clear CT: 0.6 ms]
   [Other: 6.0 ms]
      [Choose CSet: 0.0 ms]
      [Ref Proc: 2.2 ms]
      [Ref Enq: 0.2 ms]
      [Redirty Cards: 0.1 ms]
      [Humongous Register: 0.6 ms]
      [Humongous Reclaim: 0.3 ms]
      [Free CSet: 1.8 ms]
   [Eden: 3296.0M(3296.0M)->0.0B(3302.0M) Survivors: 58.0M->54.0M Heap: 5179.5M(6144.0M)->1783.3M(6144.0M)]
 [Times: user=0.29 sys=0.02, real=0.04 secs] 
2025-07-26T00:02:33.543+0800: 475507.379: [GC pause (G1 Evacuation Pause) (young), 0.0358116 secs]
   [Parallel Time: 26.2 ms, GC Workers: 8]
      [GC Worker Start (ms): Min: 475507381.0, Avg: 475507381.0, Max: 475507381.1, Diff: 0.1]
      [Ext Root Scanning (ms): Min: 3.0, Avg: 3.6, Max: 5.5, Diff: 2.5, Sum: 28.6]
      [Update RS (ms): Min: 10.8, Avg: 12.1, Max: 12.6, Diff: 1.8, Sum: 97.1]
         [Processed Buffers: Min: 49, Avg: 74.5, Max: 90, Diff: 41, Sum: 596]
      [Scan RS (ms): Min: 0.1, Avg: 0.3, Max: 0.5, Diff: 0.3, Sum: 2.8]
      [Code Root Scanning (ms): Min: 0.0, Avg: 0.0, Max: 0.0, Diff: 0.0, Sum: 0.1]
      [Object Copy (ms): Min: 9.4, Avg: 9.6, Max: 9.8, Diff: 0.4, Sum: 77.1]
      [Termination (ms): Min: 0.0, Avg: 0.0, Max: 0.0, Diff: 0.0, Sum: 0.2]
         [Termination Attempts: Min: 1, Avg: 27.2, Max: 36, Diff: 35, Sum: 218]
      [GC Worker Other (ms): Min: 0.1, Avg: 0.2, Max: 0.2, Diff: 0.1, Sum: 1.3]
      [GC Worker Total (ms): Min: 25.8, Avg: 25.9, Max: 26.0, Diff: 0.2, Sum: 207.2]
      [GC Worker End (ms): Min: 475507406.9, Avg: 475507406.9, Max: 475507407.0, Diff: 0.1]
   [Code Root Fixup: 0.0 ms]
   [Code Root Purge: 0.0 ms]
   [Clear CT: 0.5 ms]
   [Other: 9.1 ms]
      [Choose CSet: 0.0 ms]
      [Ref Proc: 2.1 ms]
      [Ref Enq: 0.2 ms]
      [Redirty Cards: 0.1 ms]
      [Humongous Register: 1.5 ms]
      [Humongous Reclaim: 0.2 ms]
      [Free CSet: 4.0 ms]
   [Eden: 3302.0M(3302.0M)->0.0B(3306.0M) Survivors: 54.0M->52.0M Heap: 5131.5M(6144.0M)->1781.9M(6144.0M)]
 [Times: user=0.21 sys=0.00, real=0.04 secs] 
2025-07-26T00:04:20.556+0800: 475614.391: [GC pause (G1 Evacuation Pause) (young), 0.0457754 secs]
   [Parallel Time: 39.0 ms, GC Workers: 8]
      [GC Worker Start (ms): Min: 475614393.1, Avg: 475614393.2, Max: 475614393.3, Diff: 0.2]
      [Ext Root Scanning (ms): Min: 2.3, Avg: 3.2, Max: 8.8, Diff: 6.5, Sum: 25.6]
      [Update RS (ms): Min: 20.7, Avg: 26.0, Max: 27.0, Diff: 6.3, Sum: 208.1]
         [Processed Buffers: Min: 136, Avg: 153.5, Max: 173, Diff: 37, Sum: 1228]
      [Scan RS (ms): Min: 0.3, Avg: 0.4, Max: 0.5, Diff: 0.2, Sum: 3.1]
      [Code Root Scanning (ms): Min: 0.0, Avg: 0.0, Max: 0.0, Diff: 0.0, Sum: 0.1]
      [Object Copy (ms): Min: 9.0, Avg: 9.1, Max: 9.2, Diff: 0.2, Sum: 73.1]
      [Termination (ms): Min: 0.0, Avg: 0.0, Max: 0.0, Diff: 0.0, Sum: 0.0]
         [Termination Attempts: Min: 1, Avg: 1.0, Max: 1, Diff: 0, Sum: 8]
      [GC Worker Other (ms): Min: 0.0, Avg: 0.1, Max: 0.1, Diff: 0.1, Sum: 0.8]
      [GC Worker Total (ms): Min: 38.7, Avg: 38.8, Max: 39.0, Diff: 0.2, Sum: 310.8]
      [GC Worker End (ms): Min: 475614432.0, Avg: 475614432.0, Max: 475614432.1, Diff: 0.1]
   [Code Root Fixup: 0.0 ms]
   [Code Root Purge: 0.0 ms]
   [Clear CT: 0.6 ms]
   [Other: 6.1 ms]
      [Choose CSet: 0.0 ms]
      [Ref Proc: 1.4 ms]
      [Ref Enq: 0.2 ms]
      [Redirty Cards: 0.2 ms]
      [Humongous Register: 0.7 ms]
      [Humongous Reclaim: 0.3 ms]
      [Free CSet: 2.1 ms]
   [Eden: 3306.0M(3306.0M)->0.0B(3322.0M) Survivors: 52.0M->36.0M Heap: 5212.1M(6144.0M)->1769.9M(6144.0M)]
 [Times: user=0.28 sys=0.04, real=0.05 secs] 
2025-07-26T00:07:07.055+0800: 475780.890: [GC pause (G1 Evacuation Pause) (young), 0.0477843 secs]
   [Parallel Time: 38.9 ms, GC Workers: 8]
      [GC Worker Start (ms): Min: 475780892.1, Avg: 475780892.2, Max: 475780892.3, Diff: 0.1]
      [Ext Root Scanning (ms): Min: 2.7, Avg: 3.9, Max: 10.7, Diff: 8.0, Sum: 31.2]
      [Update RS (ms): Min: 14.7, Avg: 21.3, Max: 22.8, Diff: 8.1, Sum: 170.4]
         [Processed Buffers: Min: 110, Avg: 139.6, Max: 157, Diff: 47, Sum: 1117]
      [Scan RS (ms): Min: 1.3, Avg: 1.6, Max: 1.8, Diff: 0.5, Sum: 12.7]
      [Code Root Scanning (ms): Min: 0.0, Avg: 0.0, Max: 0.0, Diff: 0.0, Sum: 0.1]
      [Object Copy (ms): Min: 11.6, Avg: 11.8, Max: 12.2, Diff: 0.6, Sum: 94.4]
      [Termination (ms): Min: 0.0, Avg: 0.0, Max: 0.0, Diff: 0.0, Sum: 0.1]
         [Termination Attempts: Min: 3, Avg: 4.9, Max: 8, Diff: 5, Sum: 39]
      [GC Worker Other (ms): Min: 0.0, Avg: 0.1, Max: 0.2, Diff: 0.1, Sum: 0.9]
      [GC Worker Total (ms): Min: 38.7, Avg: 38.7, Max: 38.8, Diff: 0.1, Sum: 309.8]
      [GC Worker End (ms): Min: 475780930.9, Avg: 475780930.9, Max: 475780930.9, Diff: 0.1]
   [Code Root Fixup: 0.0 ms]
   [Code Root Purge: 0.0 ms]
   [Clear CT: 0.6 ms]
   [Other: 8.2 ms]
      [Choose CSet: 0.0 ms]
      [Ref Proc: 1.5 ms]
      [Ref Enq: 0.1 ms]
      [Redirty Cards: 0.1 ms]
      [Humongous Register: 1.3 ms]
      [Humongous Reclaim: 0.5 ms]
      [Free CSet: 4.1 ms]
   [Eden: 3322.0M(3322.0M)->0.0B(3298.0M) Survivors: 36.0M->46.0M Heap: 5302.0M(6144.0M)->1792.3M(6144.0M)]
 [Times: user=0.29 sys=0.03, real=0.05 secs] 
2025-07-26T00:10:01.519+0800: 475955.355: [GC pause (G1 Evacuation Pause) (young), 0.0509861 secs]
   [Parallel Time: 36.1 ms, GC Workers: 8]
      [GC Worker Start (ms): Min: 475955357.3, Avg: 475955357.4, Max: 475955357.5, Diff: 0.1]
      [Ext Root Scanning (ms): Min: 2.9, Avg: 4.0, Max: 10.5, Diff: 7.6, Sum: 32.0]
      [Update RS (ms): Min: 13.5, Avg: 19.8, Max: 21.4, Diff: 8.0, Sum: 158.3]
         [Processed Buffers: Min: 101, Avg: 134.1, Max: 154, Diff: 53, Sum: 1073]
      [Scan RS (ms): Min: 0.9, Avg: 1.5, Max: 1.7, Diff: 0.8, Sum: 12.0]
      [Code Root Scanning (ms): Min: 0.0, Avg: 0.0, Max: 0.0, Diff: 0.0, Sum: 0.1]
      [Object Copy (ms): Min: 10.2, Avg: 10.4, Max: 10.5, Diff: 0.3, Sum: 83.4]
      [Termination (ms): Min: 0.0, Avg: 0.0, Max: 0.0, Diff: 0.0, Sum: 0.0]
         [Termination Attempts: Min: 1, Avg: 1.9, Max: 3, Diff: 2, Sum: 15]
      [GC Worker Other (ms): Min: 0.1, Avg: 0.2, Max: 0.2, Diff: 0.1, Sum: 1.2]
      [GC Worker Total (ms): Min: 35.8, Avg: 35.9, Max: 36.0, Diff: 0.2, Sum: 287.0]
      [GC Worker End (ms): Min: 475955393.2, Avg: 475955393.3, Max: 475955393.3, Diff: 0.1]
   [Code Root Fixup: 0.3 ms]
   [Code Root Purge: 0.0 ms]
   [Clear CT: 2.8 ms]
   [Other: 11.8 ms]
      [Choose CSet: 0.0 ms]
      [Ref Proc: 2.2 ms]
      [Ref Enq: 0.1 ms]
      [Redirty Cards: 0.1 ms]
      [Humongous Register: 1.4 ms]
      [Humongous Reclaim: 2.0 ms]
      [Free CSet: 4.2 ms]
   [Eden: 3298.0M(3298.0M)->0.0B(3294.0M) Survivors: 46.0M->58.0M Heap: 5278.6M(6144.0M)->1788.8M(6144.0M)]
 [Times: user=0.32 sys=0.00, real=0.05 secs] 
2025-07-26T00:10:47.562+0800: 476001.397: [GC pause (G1 Evacuation Pause) (young), 0.0369259 secs]
   [Parallel Time: 27.2 ms, GC Workers: 8]
      [GC Worker Start (ms): Min: 476001398.6, Avg: 476001398.6, Max: 476001398.7, Diff: 0.1]
      [Ext Root Scanning (ms): Min: 2.5, Avg: 2.9, Max: 4.1, Diff: 1.6, Sum: 23.2]
      [Update RS (ms): Min: 10.2, Avg: 11.2, Max: 11.5, Diff: 1.3, Sum: 90.0]
         [Processed Buffers: Min: 51, Avg: 74.4, Max: 86, Diff: 35, Sum: 595]
      [Scan RS (ms): Min: 0.1, Avg: 0.3, Max: 0.4, Diff: 0.3, Sum: 2.7]
      [Code Root Scanning (ms): Min: 0.0, Avg: 0.0, Max: 0.0, Diff: 0.0, Sum: 0.1]
      [Object Copy (ms): Min: 11.4, Avg: 11.7, Max: 12.5, Diff: 1.1, Sum: 93.5]
      [Termination (ms): Min: 0.0, Avg: 0.8, Max: 1.0, Diff: 1.0, Sum: 6.6]
         [Termination Attempts: Min: 1, Avg: 7.0, Max: 10, Diff: 9, Sum: 56]
      [GC Worker Other (ms): Min: 0.0, Avg: 0.0, Max: 0.1, Diff: 0.0, Sum: 0.3]
      [GC Worker Total (ms): Min: 27.0, Avg: 27.0, Max: 27.1, Diff: 0.1, Sum: 216.3]
      [GC Worker End (ms): Min: 476001425.6, Avg: 476001425.7, Max: 476001425.7, Diff: 0.1]
   [Code Root Fixup: 0.0 ms]
   [Code Root Purge: 0.0 ms]
   [Clear CT: 0.6 ms]
   [Other: 9.1 ms]
      [Choose CSet: 0.0 ms]
      [Ref Proc: 5.5 ms]
      [Ref Enq: 0.2 ms]
      [Redirty Cards: 0.1 ms]
      [Humongous Register: 0.6 ms]
      [Humongous Reclaim: 0.1 ms]
      [Free CSet: 1.8 ms]
   [Eden: 3294.0M(3294.0M)->0.0B(3302.0M) Survivors: 58.0M->54.0M Heap: 5129.0M(6144.0M)->1785.8M(6144.0M)]
 [Times: user=0.21 sys=0.01, real=0.04 secs] 
2025-07-26T00:11:28.819+0800: 476042.655: [GC pause (G1 Evacuation Pause) (young), 0.0374039 secs]
   [Parallel Time: 27.1 ms, GC Workers: 8]
      [GC Worker Start (ms): Min: 476042657.7, Avg: 476042657.8, Max: 476042657.8, Diff: 0.1]
      [Ext Root Scanning (ms): Min: 2.8, Avg: 4.0, Max: 10.9, Diff: 8.1, Sum: 32.2]
      [Update RS (ms): Min: 5.1, Avg: 11.5, Max: 12.8, Diff: 7.8, Sum: 92.0]
         [Processed Buffers: Min: 53, Avg: 77.5, Max: 101, Diff: 48, Sum: 620]
      [Scan RS (ms): Min: 0.1, Avg: 0.3, Max: 0.4, Diff: 0.3, Sum: 2.6]
      [Code Root Scanning (ms): Min: 0.0, Avg: 0.0, Max: 0.0, Diff: 0.0, Sum: 0.1]
      [Object Copy (ms): Min: 10.6, Avg: 10.8, Max: 10.9, Diff: 0.3, Sum: 86.6]
      [Termination (ms): Min: 0.0, Avg: 0.0, Max: 0.0, Diff: 0.0, Sum: 0.2]
         [Termination Attempts: Min: 1, Avg: 22.5, Max: 30, Diff: 29, Sum: 180]
      [GC Worker Other (ms): Min: 0.1, Avg: 0.2, Max: 0.2, Diff: 0.2, Sum: 1.3]
      [GC Worker Total (ms): Min: 26.8, Avg: 26.9, Max: 27.0, Diff: 0.2, Sum: 215.0]
      [GC Worker End (ms): Min: 476042684.6, Avg: 476042684.6, Max: 476042684.7, Diff: 0.1]
   [Code Root Fixup: 0.0 ms]
   [Code Root Purge: 0.0 ms]
   [Clear CT: 0.6 ms]
   [Other: 9.7 ms]
      [Choose CSet: 0.0 ms]
      [Ref Proc: 1.8 ms]
      [Ref Enq: 0.2 ms]
      [Redirty Cards: 0.1 ms]
      [Humongous Register: 2.5 ms]
      [Humongous Reclaim: 0.2 ms]
      [Free CSet: 3.9 ms]
   [Eden: 3302.0M(3302.0M)->0.0B(3300.0M) Survivors: 54.0M->54.0M Heap: 5137.6M(6144.0M)->1785.7M(6144.0M)]
 [Times: user=0.21 sys=0.02, real=0.03 secs] 
2025-07-26T00:12:17.359+0800: 476091.195: [GC pause (G1 Evacuation Pause) (young), 0.0343880 secs]
   [Parallel Time: 26.9 ms, GC Workers: 8]
      [GC Worker Start (ms): Min: 476091195.7, Avg: 476091195.8, Max: 476091195.8, Diff: 0.1]
      [Ext Root Scanning (ms): Min: 2.4, Avg: 3.6, Max: 10.3, Diff: 7.9, Sum: 28.5]
      [Update RS (ms): Min: 4.7, Avg: 11.3, Max: 12.5, Diff: 7.8, Sum: 90.1]
         [Processed Buffers: Min: 35, Avg: 73.6, Max: 87, Diff: 52, Sum: 589]
      [Scan RS (ms): Min: 0.2, Avg: 0.3, Max: 0.4, Diff: 0.2, Sum: 2.7]
      [Code Root Scanning (ms): Min: 0.0, Avg: 0.0, Max: 0.0, Diff: 0.0, Sum: 0.1]
      [Object Copy (ms): Min: 11.3, Avg: 11.5, Max: 11.5, Diff: 0.2, Sum: 91.7]
      [Termination (ms): Min: 0.0, Avg: 0.1, Max: 0.2, Diff: 0.1, Sum: 1.0]
         [Termination Attempts: Min: 1, Avg: 21.2, Max: 34, Diff: 33, Sum: 170]
      [GC Worker Other (ms): Min: 0.0, Avg: 0.0, Max: 0.0, Diff: 0.0, Sum: 0.2]
      [GC Worker Total (ms): Min: 26.7, Avg: 26.8, Max: 26.8, Diff: 0.1, Sum: 214.2]
      [GC Worker End (ms): Min: 476091222.5, Avg: 476091222.5, Max: 476091222.6, Diff: 0.0]
   [Code Root Fixup: 0.0 ms]
   [Code Root Purge: 0.0 ms]
   [Clear CT: 0.5 ms]
   [Other: 6.9 ms]
      [Choose CSet: 0.0 ms]
      [Ref Proc: 3.5 ms]
      [Ref Enq: 0.2 ms]
      [Redirty Cards: 0.1 ms]
      [Humongous Register: 0.6 ms]
      [Humongous Reclaim: 0.2 ms]
      [Free CSet: 1.7 ms]
   [Eden: 3300.0M(3300.0M)->0.0B(3316.0M) Survivors: 54.0M->46.0M Heap: 5131.9M(6144.0M)->1777.9M(6144.0M)]
 [Times: user=0.21 sys=0.01, real=0.03 secs] 
2025-07-26T00:13:20.791+0800: 476154.626: [GC pause (G1 Evacuation Pause) (young), 0.0487209 secs]
   [Parallel Time: 38.3 ms, GC Workers: 8]
      [GC Worker Start (ms): Min: 476154628.6, Avg: 476154628.7, Max: 476154628.7, Diff: 0.1]
      [Ext Root Scanning (ms): Min: 2.4, Avg: 2.9, Max: 4.7, Diff: 2.2, Sum: 23.0]
      [Update RS (ms): Min: 24.3, Avg: 26.0, Max: 26.6, Diff: 2.3, Sum: 207.8]
         [Processed Buffers: Min: 131, Avg: 152.1, Max: 164, Diff: 33, Sum: 1217]
      [Scan RS (ms): Min: 0.1, Avg: 0.3, Max: 0.5, Diff: 0.4, Sum: 2.8]
      [Code Root Scanning (ms): Min: 0.0, Avg: 0.0, Max: 0.0, Diff: 0.0, Sum: 0.1]
      [Object Copy (ms): Min: 8.5, Avg: 8.7, Max: 8.8, Diff: 0.3, Sum: 69.6]
      [Termination (ms): Min: 0.0, Avg: 0.0, Max: 0.0, Diff: 0.0, Sum: 0.0]
         [Termination Attempts: Min: 1, Avg: 1.0, Max: 1, Diff: 0, Sum: 8]
      [GC Worker Other (ms): Min: 0.1, Avg: 0.1, Max: 0.2, Diff: 0.1, Sum: 1.2]
      [GC Worker Total (ms): Min: 38.0, Avg: 38.1, Max: 38.1, Diff: 0.2, Sum: 304.5]
      [GC Worker End (ms): Min: 476154666.7, Avg: 476154666.7, Max: 476154666.8, Diff: 0.1]
   [Code Root Fixup: 0.0 ms]
   [Code Root Purge: 0.0 ms]
   [Clear CT: 0.6 ms]
   [Other: 9.8 ms]
      [Choose CSet: 0.0 ms]
      [Ref Proc: 2.8 ms]
      [Ref Enq: 0.1 ms]
      [Redirty Cards: 0.2 ms]
      [Humongous Register: 1.6 ms]
      [Humongous Reclaim: 0.4 ms]
      [Free CSet: 3.9 ms]
   [Eden: 3316.0M(3316.0M)->0.0B(3318.0M) Survivors: 46.0M->40.0M Heap: 5218.0M(6144.0M)->1777.2M(6144.0M)]
 [Times: user=0.28 sys=0.03, real=0.05 secs] 
2025-07-26T00:16:29.953+0800: 476343.788: [GC pause (G1 Evacuation Pause) (young), 0.0496397 secs]
   [Parallel Time: 36.8 ms, GC Workers: 8]
      [GC Worker Start (ms): Min: 476343791.3, Avg: 476343791.4, Max: 476343791.5, Diff: 0.2]
      [Ext Root Scanning (ms): Min: 2.8, Avg: 4.3, Max: 12.8, Diff: 10.0, Sum: 34.1]
      [Update RS (ms): Min: 11.4, Avg: 19.7, Max: 21.3, Diff: 9.9, Sum: 157.2]
         [Processed Buffers: Min: 93, Avg: 128.8, Max: 151, Diff: 58, Sum: 1030]
      [Scan RS (ms): Min: 0.3, Avg: 0.7, Max: 0.9, Diff: 0.6, Sum: 5.4]
      [Code Root Scanning (ms): Min: 0.0, Avg: 0.0, Max: 0.0, Diff: 0.0, Sum: 0.1]
      [Object Copy (ms): Min: 11.6, Avg: 11.7, Max: 11.9, Diff: 0.3, Sum: 93.8]
      [Termination (ms): Min: 0.0, Avg: 0.0, Max: 0.0, Diff: 0.0, Sum: 0.0]
         [Termination Attempts: Min: 1, Avg: 1.0, Max: 1, Diff: 0, Sum: 8]
      [GC Worker Other (ms): Min: 0.0, Avg: 0.1, Max: 0.2, Diff: 0.1, Sum: 0.9]
      [GC Worker Total (ms): Min: 36.3, Avg: 36.4, Max: 36.5, Diff: 0.2, Sum: 291.5]
      [GC Worker End (ms): Min: 476343827.8, Avg: 476343827.8, Max: 476343827.9, Diff: 0.1]
   [Code Root Fixup: 0.0 ms]
   [Code Root Purge: 0.0 ms]
   [Clear CT: 0.6 ms]
   [Other: 12.1 ms]
      [Choose CSet: 0.0 ms]
      [Ref Proc: 3.6 ms]
      [Ref Enq: 0.1 ms]
      [Redirty Cards: 0.1 ms]
      [Humongous Register: 2.4 ms]
      [Humongous Reclaim: 0.6 ms]
      [Free CSet: 4.2 ms]
   [Eden: 3318.0M(3318.0M)->0.0B(3310.0M) Survivors: 40.0M->48.0M Heap: 5278.4M(6144.0M)->1781.1M(6144.0M)]
 [Times: user=0.26 sys=0.04, real=0.05 secs] 
2025-07-26T00:19:20.398+0800: 476514.233: [GC pause (GCLocker Initiated GC) (young), 0.0378864 secs]
   [Parallel Time: 27.4 ms, GC Workers: 8]
      [GC Worker Start (ms): Min: 476514235.3, Avg: 476514235.4, Max: 476514235.5, Diff: 0.1]
      [Ext Root Scanning (ms): Min: 2.6, Avg: 3.6, Max: 10.0, Diff: 7.4, Sum: 29.1]
      [Update RS (ms): Min: 10.6, Avg: 16.8, Max: 18.1, Diff: 7.5, Sum: 134.1]
         [Processed Buffers: Min: 82, Avg: 114.1, Max: 131, Diff: 49, Sum: 913]
      [Scan RS (ms): Min: 0.3, Avg: 0.6, Max: 0.7, Diff: 0.4, Sum: 4.6]
      [Code Root Scanning (ms): Min: 0.0, Avg: 0.0, Max: 0.0, Diff: 0.0, Sum: 0.1]
      [Object Copy (ms): Min: 4.9, Avg: 5.2, Max: 6.1, Diff: 1.2, Sum: 41.3]
      [Termination (ms): Min: 0.0, Avg: 1.0, Max: 1.2, Diff: 1.2, Sum: 8.0]
         [Termination Attempts: Min: 1, Avg: 1.0, Max: 1, Diff: 0, Sum: 8]
      [GC Worker Other (ms): Min: 0.0, Avg: 0.1, Max: 0.1, Diff: 0.1, Sum: 0.6]
      [GC Worker Total (ms): Min: 27.0, Avg: 27.2, Max: 27.3, Diff: 0.3, Sum: 217.7]
      [GC Worker End (ms): Min: 476514262.5, Avg: 476514262.6, Max: 476514262.7, Diff: 0.2]
   [Code Root Fixup: 0.0 ms]
   [Code Root Purge: 0.0 ms]
   [Clear CT: 0.7 ms]
   [Other: 9.7 ms]
      [Choose CSet: 0.0 ms]
      [Ref Proc: 2.7 ms]
      [Ref Enq: 0.1 ms]
      [Redirty Cards: 0.1 ms]
      [Humongous Register: 1.3 ms]
      [Humongous Reclaim: 0.5 ms]
      [Free CSet: 4.0 ms]
   [Eden: 3312.0M(3310.0M)->0.0B(3332.0M) Survivors: 48.0M->24.0M Heap: 5293.0M(6144.0M)->1765.8M(6144.0M)]
 [Times: user=0.22 sys=0.00, real=0.03 secs] 
2025-07-26T00:21:39.282+0800: 476653.117: [GC pause (G1 Evacuation Pause) (young), 0.0324690 secs]
   [Parallel Time: 20.4 ms, GC Workers: 8]
      [GC Worker Start (ms): Min: 476653121.0, Avg: 476653121.0, Max: 476653121.1, Diff: 0.1]
      [Ext Root Scanning (ms): Min: 3.2, Avg: 4.5, Max: 11.8, Diff: 8.6, Sum: 35.9]
      [Update RS (ms): Min: 0.0, Avg: 3.2, Max: 4.3, Diff: 4.3, Sum: 25.5]
         [Processed Buffers: Min: 0, Avg: 24.0, Max: 37, Diff: 37, Sum: 192]
      [Scan RS (ms): Min: 0.1, Avg: 0.4, Max: 0.5, Diff: 0.4, Sum: 2.9]
      [Code Root Scanning (ms): Min: 0.0, Avg: 0.0, Max: 0.0, Diff: 0.0, Sum: 0.1]
      [Object Copy (ms): Min: 5.1, Avg: 7.3, Max: 8.5, Diff: 3.4, Sum: 58.1]
      [Termination (ms): Min: 3.0, Avg: 4.7, Max: 5.8, Diff: 2.7, Sum: 37.7]
         [Termination Attempts: Min: 436, Avg: 524.0, Max: 619, Diff: 183, Sum: 4192]
      [GC Worker Other (ms): Min: 0.1, Avg: 0.1, Max: 0.2, Diff: 0.1, Sum: 0.9]
      [GC Worker Total (ms): Min: 20.0, Avg: 20.2, Max: 20.2, Diff: 0.2, Sum: 161.2]
      [GC Worker End (ms): Min: 476653141.1, Avg: 476653141.2, Max: 476653141.3, Diff: 0.2]
   [Code Root Fixup: 0.0 ms]
   [Code Root Purge: 0.0 ms]
   [Clear CT: 0.7 ms]
   [Other: 11.3 ms]
      [Choose CSet: 0.0 ms]
      [Ref Proc: 3.0 ms]
      [Ref Enq: 0.1 ms]
      [Redirty Cards: 0.1 ms]
      [Humongous Register: 3.0 ms]
      [Humongous Reclaim: 0.2 ms]
      [Free CSet: 4.0 ms]
   [Eden: 3332.0M(3332.0M)->0.0B(3338.0M) Survivors: 24.0M->24.0M Heap: 5109.8M(6144.0M)->1767.0M(6144.0M)]
 [Times: user=0.17 sys=0.01, real=0.03 secs] 
2025-07-26T00:24:21.243+0800: 476815.078: [GC pause (G1 Evacuation Pause) (young), 0.0342029 secs]
   [Parallel Time: 22.3 ms, GC Workers: 8]
      [GC Worker Start (ms): Min: 476815080.5, Avg: 476815080.7, Max: 476815080.8, Diff: 0.2]
      [Ext Root Scanning (ms): Min: 2.8, Avg: 4.5, Max: 14.5, Diff: 11.7, Sum: 36.3]
      [Update RS (ms): Min: 0.0, Avg: 3.9, Max: 5.0, Diff: 5.0, Sum: 30.9]
         [Processed Buffers: Min: 0, Avg: 28.5, Max: 43, Diff: 43, Sum: 228]
      [Scan RS (ms): Min: 0.1, Avg: 0.4, Max: 0.5, Diff: 0.4, Sum: 2.8]
      [Code Root Scanning (ms): Min: 0.0, Avg: 0.0, Max: 0.0, Diff: 0.0, Sum: 0.1]
      [Object Copy (ms): Min: 2.0, Avg: 7.7, Max: 9.4, Diff: 7.4, Sum: 61.3]
      [Termination (ms): Min: 4.6, Avg: 5.4, Max: 6.3, Diff: 1.7, Sum: 43.5]
         [Termination Attempts: Min: 417, Avg: 611.8, Max: 811, Diff: 394, Sum: 4894]
      [GC Worker Other (ms): Min: 0.0, Avg: 0.1, Max: 0.1, Diff: 0.1, Sum: 0.9]
      [GC Worker Total (ms): Min: 21.9, Avg: 22.0, Max: 22.1, Diff: 0.2, Sum: 175.7]
      [GC Worker End (ms): Min: 476815102.6, Avg: 476815102.6, Max: 476815102.7, Diff: 0.1]
   [Code Root Fixup: 0.0 ms]
   [Code Root Purge: 0.0 ms]
   [Clear CT: 0.7 ms]
   [Other: 11.2 ms]
      [Choose CSet: 0.0 ms]
      [Ref Proc: 4.4 ms]
      [Ref Enq: 0.1 ms]
      [Redirty Cards: 0.1 ms]
      [Humongous Register: 1.6 ms]
      [Humongous Reclaim: 0.2 ms]
      [Free CSet: 3.9 ms]
   [Eden: 3338.0M(3338.0M)->0.0B(3344.0M) Survivors: 24.0M->24.0M Heap: 5123.0M(6144.0M)->1766.8M(6144.0M)]
 [Times: user=0.16 sys=0.02, real=0.04 secs] 
2025-07-26T00:25:27.325+0800: 476881.161: [GC pause (G1 Evacuation Pause) (young), 0.0282986 secs]
   [Parallel Time: 17.7 ms, GC Workers: 8]
      [GC Worker Start (ms): Min: 476881162.9, Avg: 476881163.0, Max: 476881163.1, Diff: 0.1]
      [Ext Root Scanning (ms): Min: 2.8, Avg: 4.0, Max: 11.4, Diff: 8.6, Sum: 32.4]
      [Update RS (ms): Min: 0.0, Avg: 3.0, Max: 4.1, Diff: 4.1, Sum: 24.0]
         [Processed Buffers: Min: 0, Avg: 23.8, Max: 37, Diff: 37, Sum: 190]
      [Scan RS (ms): Min: 0.1, Avg: 0.4, Max: 0.5, Diff: 0.4, Sum: 2.8]
      [Code Root Scanning (ms): Min: 0.0, Avg: 0.0, Max: 0.0, Diff: 0.0, Sum: 0.1]
      [Object Copy (ms): Min: 3.2, Avg: 7.5, Max: 8.6, Diff: 5.4, Sum: 59.9]
      [Termination (ms): Min: 1.8, Avg: 2.3, Max: 2.9, Diff: 1.1, Sum: 18.8]
         [Termination Attempts: Min: 250, Avg: 314.0, Max: 389, Diff: 139, Sum: 2512]
      [GC Worker Other (ms): Min: 0.0, Avg: 0.1, Max: 0.2, Diff: 0.1, Sum: 0.8]
      [GC Worker Total (ms): Min: 17.2, Avg: 17.3, Max: 17.5, Diff: 0.2, Sum: 138.7]
      [GC Worker End (ms): Min: 476881180.2, Avg: 476881180.3, Max: 476881180.5, Diff: 0.2]
   [Code Root Fixup: 0.0 ms]
   [Code Root Purge: 0.0 ms]
   [Clear CT: 0.6 ms]
   [Other: 10.0 ms]
      [Choose CSet: 0.0 ms]
      [Ref Proc: 3.2 ms]
      [Ref Enq: 0.1 ms]
      [Redirty Cards: 0.2 ms]
      [Humongous Register: 1.7 ms]
      [Humongous Reclaim: 0.1 ms]
      [Free CSet: 3.8 ms]
   [Eden: 3344.0M(3344.0M)->0.0B(3346.0M) Survivors: 24.0M->22.0M Heap: 5122.8M(6144.0M)->1767.7M(6144.0M)]
 [Times: user=0.15 sys=0.00, real=0.03 secs] 
2025-07-26T00:27:45.004+0800: 477018.840: [GC pause (G1 Evacuation Pause) (young), 0.0337471 secs]
   [Parallel Time: 17.1 ms, GC Workers: 8]
      [GC Worker Start (ms): Min: 477018843.8, Avg: 477018843.8, Max: 477018843.9, Diff: 0.1]
      [Ext Root Scanning (ms): Min: 2.7, Avg: 3.1, Max: 3.8, Diff: 1.1, Sum: 24.8]
      [Update RS (ms): Min: 1.5, Avg: 2.0, Max: 2.9, Diff: 1.4, Sum: 16.1]
         [Processed Buffers: Min: 3, Avg: 16.0, Max: 30, Diff: 27, Sum: 128]
      [Scan RS (ms): Min: 0.1, Avg: 0.4, Max: 0.5, Diff: 0.4, Sum: 3.1]
      [Code Root Scanning (ms): Min: 0.0, Avg: 0.0, Max: 0.0, Diff: 0.0, Sum: 0.1]
      [Object Copy (ms): Min: 5.7, Avg: 6.7, Max: 7.4, Diff: 1.6, Sum: 53.9]
      [Termination (ms): Min: 4.0, Avg: 4.5, Max: 5.4, Diff: 1.5, Sum: 35.9]
         [Termination Attempts: Min: 320, Avg: 513.5, Max: 759, Diff: 439, Sum: 4108]
      [GC Worker Other (ms): Min: 0.0, Avg: 0.1, Max: 0.2, Diff: 0.2, Sum: 1.0]
      [GC Worker Total (ms): Min: 16.7, Avg: 16.8, Max: 16.9, Diff: 0.2, Sum: 134.7]
      [GC Worker End (ms): Min: 477018860.6, Avg: 477018860.7, Max: 477018860.8, Diff: 0.2]
   [Code Root Fixup: 0.1 ms]
   [Code Root Purge: 0.0 ms]
   [Clear CT: 0.8 ms]
   [Other: 15.7 ms]
      [Choose CSet: 0.0 ms]
      [Ref Proc: 5.2 ms]
      [Ref Enq: 0.2 ms]
      [Redirty Cards: 0.1 ms]
      [Humongous Register: 3.2 ms]
      [Humongous Reclaim: 0.2 ms]
      [Free CSet: 5.8 ms]
   [Eden: 3346.0M(3346.0M)->0.0B(3344.0M) Survivors: 22.0M->22.0M Heap: 5113.7M(6144.0M)->1768.4M(6144.0M)]
 [Times: user=0.15 sys=0.00, real=0.04 secs] 
2025-07-26T00:36:37.948+0800: 477551.783: [GC pause (G1 Evacuation Pause) (young), 0.0406586 secs]
   [Parallel Time: 30.0 ms, GC Workers: 8]
      [GC Worker Start (ms): Min: 477551785.9, Avg: 477551786.0, Max: 477551786.1, Diff: 0.2]
      [Ext Root Scanning (ms): Min: 2.9, Avg: 4.1, Max: 11.1, Diff: 8.3, Sum: 32.9]
      [Update RS (ms): Min: 10.0, Avg: 16.6, Max: 18.1, Diff: 8.1, Sum: 133.0]
         [Processed Buffers: Min: 78, Avg: 111.5, Max: 136, Diff: 58, Sum: 892]
      [Scan RS (ms): Min: 0.1, Avg: 0.4, Max: 0.5, Diff: 0.4, Sum: 2.9]
      [Code Root Scanning (ms): Min: 0.0, Avg: 0.0, Max: 0.0, Diff: 0.0, Sum: 0.1]
      [Object Copy (ms): Min: 7.5, Avg: 7.9, Max: 8.2, Diff: 0.7, Sum: 63.3]
      [Termination (ms): Min: 0.3, Avg: 0.5, Max: 0.8, Diff: 0.5, Sum: 4.2]
         [Termination Attempts: Min: 40, Avg: 70.8, Max: 120, Diff: 80, Sum: 566]
      [GC Worker Other (ms): Min: 0.1, Avg: 0.1, Max: 0.2, Diff: 0.1, Sum: 1.1]
      [GC Worker Total (ms): Min: 29.6, Avg: 29.7, Max: 29.9, Diff: 0.3, Sum: 237.5]
      [GC Worker End (ms): Min: 477551815.6, Avg: 477551815.7, Max: 477551815.8, Diff: 0.2]
   [Code Root Fixup: 0.0 ms]
   [Code Root Purge: 0.0 ms]
   [Clear CT: 0.6 ms]
   [Other: 10.1 ms]
      [Choose CSet: 0.0 ms]
      [Ref Proc: 2.5 ms]
      [Ref Enq: 0.1 ms]
      [Redirty Cards: 0.1 ms]
      [Humongous Register: 2.1 ms]
      [Humongous Reclaim: 0.3 ms]
      [Free CSet: 3.9 ms]
   [Eden: 3344.0M(3344.0M)->0.0B(3336.0M) Survivors: 22.0M->26.0M Heap: 5204.8M(6144.0M)->1773.0M(6144.0M)]
 [Times: user=0.22 sys=0.02, real=0.04 secs] 
2025-07-26T00:39:16.571+0800: 477710.407: [GC pause (G1 Evacuation Pause) (young), 0.0463291 secs]
   [Parallel Time: 37.4 ms, GC Workers: 8]
      [GC Worker Start (ms): Min: 477710408.8, Avg: 477710408.9, Max: 477710409.0, Diff: 0.2]
      [Ext Root Scanning (ms): Min: 3.5, Avg: 4.8, Max: 11.0, Diff: 7.5, Sum: 38.1]
      [Update RS (ms): Min: 19.1, Avg: 25.3, Max: 26.6, Diff: 7.5, Sum: 202.0]
         [Processed Buffers: Min: 109, Avg: 156.9, Max: 189, Diff: 80, Sum: 1255]
      [Scan RS (ms): Min: 0.2, Avg: 0.6, Max: 0.8, Diff: 0.7, Sum: 4.6]
      [Code Root Scanning (ms): Min: 0.0, Avg: 0.0, Max: 0.0, Diff: 0.0, Sum: 0.1]
      [Object Copy (ms): Min: 5.9, Avg: 6.4, Max: 6.5, Diff: 0.6, Sum: 50.9]
      [Termination (ms): Min: 0.0, Avg: 0.0, Max: 0.0, Diff: 0.0, Sum: 0.0]
         [Termination Attempts: Min: 1, Avg: 2.9, Max: 6, Diff: 5, Sum: 23]
      [GC Worker Other (ms): Min: 0.1, Avg: 0.1, Max: 0.2, Diff: 0.1, Sum: 1.2]
      [GC Worker Total (ms): Min: 37.0, Avg: 37.1, Max: 37.2, Diff: 0.3, Sum: 296.9]
      [GC Worker End (ms): Min: 477710445.9, Avg: 477710446.0, Max: 477710446.0, Diff: 0.1]
   [Code Root Fixup: 0.0 ms]
   [Code Root Purge: 0.0 ms]
   [Clear CT: 0.7 ms]
   [Other: 8.2 ms]
      [Choose CSet: 0.0 ms]
      [Ref Proc: 1.4 ms]
      [Ref Enq: 0.1 ms]
      [Redirty Cards: 0.1 ms]
      [Humongous Register: 1.4 ms]
      [Humongous Reclaim: 0.5 ms]
      [Free CSet: 3.9 ms]
   [Eden: 3336.0M(3336.0M)->0.0B(3328.0M) Survivors: 26.0M->30.0M Heap: 5302.1M(6144.0M)->1777.3M(6144.0M)]
 [Times: user=0.31 sys=0.00, real=0.05 secs] 
2025-07-26T00:40:35.949+0800: 477789.785: [GC pause (G1 Evacuation Pause) (young), 0.0495289 secs]
   [Parallel Time: 33.9 ms, GC Workers: 8]
      [GC Worker Start (ms): Min: 477789788.4, Avg: 477789788.5, Max: 477789788.7, Diff: 0.3]
      [Ext Root Scanning (ms): Min: 3.1, Avg: 4.3, Max: 11.1, Diff: 8.0, Sum: 34.8]
      [Update RS (ms): Min: 11.6, Avg: 18.2, Max: 19.8, Diff: 8.2, Sum: 145.6]
         [Processed Buffers: Min: 86, Avg: 117.6, Max: 134, Diff: 48, Sum: 941]
      [Scan RS (ms): Min: 0.1, Avg: 0.3, Max: 0.4, Diff: 0.3, Sum: 2.7]
      [Code Root Scanning (ms): Min: 0.0, Avg: 0.0, Max: 0.0, Diff: 0.0, Sum: 0.1]
      [Object Copy (ms): Min: 10.3, Avg: 10.6, Max: 10.7, Diff: 0.4, Sum: 84.5]
      [Termination (ms): Min: 0.0, Avg: 0.1, Max: 0.1, Diff: 0.1, Sum: 0.4]
         [Termination Attempts: Min: 1, Avg: 1.1, Max: 2, Diff: 1, Sum: 9]
      [GC Worker Other (ms): Min: 0.1, Avg: 0.1, Max: 0.2, Diff: 0.1, Sum: 1.1]
      [GC Worker Total (ms): Min: 33.5, Avg: 33.7, Max: 33.8, Diff: 0.3, Sum: 269.2]
      [GC Worker End (ms): Min: 477789822.1, Avg: 477789822.2, Max: 477789822.2, Diff: 0.1]
   [Code Root Fixup: 0.0 ms]
   [Code Root Purge: 0.0 ms]
   [Clear CT: 0.7 ms]
   [Other: 14.8 ms]
      [Choose CSet: 0.0 ms]
      [Ref Proc: 5.5 ms]
      [Ref Enq: 0.2 ms]
      [Redirty Cards: 0.1 ms]
      [Humongous Register: 2.6 ms]
      [Humongous Reclaim: 0.5 ms]
      [Free CSet: 4.7 ms]
   [Eden: 3328.0M(3328.0M)->0.0B(3292.0M) Survivors: 30.0M->48.0M Heap: 5197.6M(6144.0M)->1794.9M(6144.0M)]
 [Times: user=0.22 sys=0.06, real=0.05 secs] 
2025-07-26T00:41:18.778+0800: 477832.613: [GC pause (G1 Evacuation Pause) (young), 0.0299843 secs]
   [Parallel Time: 24.3 ms, GC Workers: 8]
      [GC Worker Start (ms): Min: 477832614.1, Avg: 477832614.2, Max: 477832614.2, Diff: 0.1]
      [Ext Root Scanning (ms): Min: 2.2, Avg: 2.5, Max: 3.3, Diff: 1.1, Sum: 20.2]
      [Update RS (ms): Min: 9.9, Avg: 10.6, Max: 10.8, Diff: 0.9, Sum: 84.5]
         [Processed Buffers: Min: 51, Avg: 73.9, Max: 88, Diff: 37, Sum: 591]
      [Scan RS (ms): Min: 0.2, Avg: 0.3, Max: 0.4, Diff: 0.2, Sum: 2.6]
      [Code Root Scanning (ms): Min: 0.0, Avg: 0.0, Max: 0.0, Diff: 0.0, Sum: 0.1]
      [Object Copy (ms): Min: 10.4, Avg: 10.6, Max: 10.7, Diff: 0.3, Sum: 84.8]
      [Termination (ms): Min: 0.0, Avg: 0.0, Max: 0.0, Diff: 0.0, Sum: 0.0]
         [Termination Attempts: Min: 1, Avg: 2.1, Max: 6, Diff: 5, Sum: 17]
      [GC Worker Other (ms): Min: 0.0, Avg: 0.1, Max: 0.1, Diff: 0.1, Sum: 0.6]
      [GC Worker Total (ms): Min: 24.0, Avg: 24.1, Max: 24.2, Diff: 0.1, Sum: 192.8]
      [GC Worker End (ms): Min: 477832638.2, Avg: 477832638.3, Max: 477832638.3, Diff: 0.1]
   [Code Root Fixup: 0.0 ms]
   [Code Root Purge: 0.0 ms]
   [Clear CT: 0.6 ms]
   [Other: 5.1 ms]
      [Choose CSet: 0.0 ms]
      [Ref Proc: 1.7 ms]
      [Ref Enq: 0.2 ms]
      [Redirty Cards: 0.1 ms]
      [Humongous Register: 0.6 ms]
      [Humongous Reclaim: 0.2 ms]
      [Free CSet: 1.8 ms]
   [Eden: 3292.0M(3292.0M)->0.0B(3294.0M) Survivors: 48.0M->46.0M Heap: 5136.8M(6144.0M)->1794.2M(6144.0M)]
 [Times: user=0.12 sys=0.08, real=0.03 secs] 
2025-07-26T00:42:10.069+0800: 477883.905: [GC pause (G1 Evacuation Pause) (young), 0.0377099 secs]
   [Parallel Time: 25.4 ms, GC Workers: 8]
      [GC Worker Start (ms): Min: 477883908.2, Avg: 477883908.2, Max: 477883908.3, Diff: 0.2]
      [Ext Root Scanning (ms): Min: 2.9, Avg: 4.2, Max: 10.8, Diff: 8.0, Sum: 33.3]
      [Update RS (ms): Min: 3.7, Avg: 10.0, Max: 11.3, Diff: 7.5, Sum: 79.6]
         [Processed Buffers: Min: 42, Avg: 70.6, Max: 87, Diff: 45, Sum: 565]
      [Scan RS (ms): Min: 0.1, Avg: 0.3, Max: 0.4, Diff: 0.3, Sum: 2.7]
      [Code Root Scanning (ms): Min: 0.0, Avg: 0.0, Max: 0.0, Diff: 0.0, Sum: 0.1]
      [Object Copy (ms): Min: 10.3, Avg: 10.6, Max: 10.9, Diff: 0.6, Sum: 84.7]
      [Termination (ms): Min: 0.0, Avg: 0.0, Max: 0.0, Diff: 0.0, Sum: 0.0]
         [Termination Attempts: Min: 1, Avg: 1.0, Max: 1, Diff: 0, Sum: 8]
      [GC Worker Other (ms): Min: 0.1, Avg: 0.2, Max: 0.2, Diff: 0.2, Sum: 1.3]
      [GC Worker Total (ms): Min: 25.0, Avg: 25.2, Max: 25.3, Diff: 0.2, Sum: 201.6]
      [GC Worker End (ms): Min: 477883933.4, Avg: 477883933.4, Max: 477883933.5, Diff: 0.1]
   [Code Root Fixup: 0.0 ms]
   [Code Root Purge: 0.0 ms]
   [Clear CT: 0.4 ms]
   [Other: 11.8 ms]
      [Choose CSet: 0.0 ms]
      [Ref Proc: 3.2 ms]
      [Ref Enq: 0.2 ms]
      [Redirty Cards: 0.2 ms]
      [Humongous Register: 2.8 ms]
      [Humongous Reclaim: 0.2 ms]
      [Free CSet: 4.2 ms]
   [Eden: 3294.0M(3294.0M)->0.0B(258.0M) Survivors: 46.0M->48.0M Heap: 5134.4M(6144.0M)->1795.3M(6144.0M)]
 [Times: user=0.18 sys=0.03, real=0.04 secs] 
2025-07-26T00:42:15.183+0800: 477889.019: [GC pause (G1 Evacuation Pause) (young), 0.0143076 secs]
   [Parallel Time: 12.0 ms, GC Workers: 8]
      [GC Worker Start (ms): Min: 477889019.5, Avg: 477889019.5, Max: 477889019.6, Diff: 0.1]
      [Ext Root Scanning (ms): Min: 2.3, Avg: 2.6, Max: 3.2, Diff: 0.9, Sum: 20.6]
      [Update RS (ms): Min: 0.5, Avg: 1.1, Max: 1.4, Diff: 0.9, Sum: 8.9]
         [Processed Buffers: Min: 1, Avg: 17.6, Max: 44, Diff: 43, Sum: 141]
      [Scan RS (ms): Min: 0.0, Avg: 0.0, Max: 0.0, Diff: 0.0, Sum: 0.2]
      [Code Root Scanning (ms): Min: 0.0, Avg: 0.0, Max: 0.0, Diff: 0.0, Sum: 0.0]
      [Object Copy (ms): Min: 7.9, Avg: 8.1, Max: 8.2, Diff: 0.3, Sum: 64.6]
      [Termination (ms): Min: 0.0, Avg: 0.0, Max: 0.0, Diff: 0.0, Sum: 0.0]
         [Termination Attempts: Min: 1, Avg: 1.2, Max: 2, Diff: 1, Sum: 10]
      [GC Worker Other (ms): Min: 0.0, Avg: 0.0, Max: 0.1, Diff: 0.0, Sum: 0.3]
      [GC Worker Total (ms): Min: 11.8, Avg: 11.8, Max: 11.9, Diff: 0.1, Sum: 94.6]
      [GC Worker End (ms): Min: 477889031.3, Avg: 477889031.3, Max: 477889031.4, Diff: 0.0]
   [Code Root Fixup: 0.1 ms]
   [Code Root Purge: 0.0 ms]
   [Clear CT: 0.1 ms]
   [Other: 2.2 ms]
      [Choose CSet: 0.0 ms]
      [Ref Proc: 0.4 ms]
      [Ref Enq: 0.0 ms]
      [Redirty Cards: 0.1 ms]
      [Humongous Register: 0.3 ms]
      [Humongous Reclaim: 0.1 ms]
      [Free CSet: 0.3 ms]
   [Eden: 258.0M(258.0M)->0.0B(326.0M) Survivors: 48.0M->24.0M Heap: 2053.3M(6144.0M)->1791.1M(6144.0M)]
 [Times: user=0.10 sys=0.00, real=0.02 secs] 
2025-07-26T00:42:20.134+0800: 477893.970: [GC pause (G1 Evacuation Pause) (young), 0.0131493 secs]
   [Parallel Time: 11.0 ms, GC Workers: 8]
      [GC Worker Start (ms): Min: 477893970.5, Avg: 477893970.5, Max: 477893970.6, Diff: 0.1]
      [Ext Root Scanning (ms): Min: 2.1, Avg: 2.3, Max: 3.1, Diff: 1.0, Sum: 18.7]
      [Update RS (ms): Min: 3.0, Avg: 3.7, Max: 4.0, Diff: 0.9, Sum: 29.4]
         [Processed Buffers: Min: 12, Avg: 25.8, Max: 36, Diff: 24, Sum: 206]
      [Scan RS (ms): Min: 0.0, Avg: 0.0, Max: 0.0, Diff: 0.0, Sum: 0.2]
      [Code Root Scanning (ms): Min: 0.0, Avg: 0.0, Max: 0.0, Diff: 0.0, Sum: 0.0]
      [Object Copy (ms): Min: 4.6, Avg: 4.7, Max: 4.9, Diff: 0.3, Sum: 37.7]
      [Termination (ms): Min: 0.0, Avg: 0.1, Max: 0.1, Diff: 0.1, Sum: 0.8]
         [Termination Attempts: Min: 1, Avg: 3.1, Max: 5, Diff: 4, Sum: 25]
      [GC Worker Other (ms): Min: 0.0, Avg: 0.0, Max: 0.0, Diff: 0.0, Sum: 0.1]
      [GC Worker Total (ms): Min: 10.8, Avg: 10.9, Max: 11.0, Diff: 0.1, Sum: 87.0]
      [GC Worker End (ms): Min: 477893981.4, Avg: 477893981.4, Max: 477893981.4, Diff: 0.1]
   [Code Root Fixup: 0.0 ms]
   [Code Root Purge: 0.0 ms]
   [Clear CT: 0.1 ms]
   [Other: 2.0 ms]
      [Choose CSet: 0.0 ms]
      [Ref Proc: 0.4 ms]
      [Ref Enq: 0.0 ms]
      [Redirty Cards: 0.1 ms]
      [Humongous Register: 0.3 ms]
      [Humongous Reclaim: 0.1 ms]
      [Free CSet: 0.3 ms]
   [Eden: 326.0M(326.0M)->0.0B(2340.0M) Survivors: 24.0M->36.0M Heap: 2117.1M(6144.0M)->1802.1M(6144.0M)]
 [Times: user=0.05 sys=0.04, real=0.02 secs] 
2025-07-26T00:43:02.302+0800: 477936.137: [GC pause (G1 Evacuation Pause) (young), 0.0338605 secs]
   [Parallel Time: 23.7 ms, GC Workers: 8]
      [GC Worker Start (ms): Min: 477936141.7, Avg: 477936141.8, Max: 477936141.9, Diff: 0.2]
      [Ext Root Scanning (ms): Min: 3.2, Avg: 4.5, Max: 11.2, Diff: 8.0, Sum: 35.6]
      [Update RS (ms): Min: 2.8, Avg: 9.3, Max: 10.6, Diff: 7.8, Sum: 74.5]
         [Processed Buffers: Min: 37, Avg: 73.5, Max: 93, Diff: 56, Sum: 588]
      [Scan RS (ms): Min: 0.1, Avg: 0.2, Max: 0.3, Diff: 0.3, Sum: 1.9]
      [Code Root Scanning (ms): Min: 0.0, Avg: 0.0, Max: 0.0, Diff: 0.0, Sum: 0.0]
      [Object Copy (ms): Min: 9.1, Avg: 9.3, Max: 9.4, Diff: 0.3, Sum: 74.1]
      [Termination (ms): Min: 0.0, Avg: 0.0, Max: 0.0, Diff: 0.0, Sum: 0.0]
         [Termination Attempts: Min: 1, Avg: 1.0, Max: 1, Diff: 0, Sum: 8]
      [GC Worker Other (ms): Min: 0.0, Avg: 0.2, Max: 0.3, Diff: 0.2, Sum: 1.2]
      [GC Worker Total (ms): Min: 23.3, Avg: 23.4, Max: 23.5, Diff: 0.2, Sum: 187.4]
      [GC Worker End (ms): Min: 477936165.2, Avg: 477936165.2, Max: 477936165.3, Diff: 0.1]
   [Code Root Fixup: 0.1 ms]
   [Code Root Purge: 0.0 ms]
   [Clear CT: 0.5 ms]
   [Other: 9.6 ms]
      [Choose CSet: 0.0 ms]
      [Ref Proc: 1.3 ms]
      [Ref Enq: 0.1 ms]
      [Redirty Cards: 0.2 ms]
      [Humongous Register: 3.5 ms]
      [Humongous Reclaim: 0.2 ms]
      [Free CSet: 2.9 ms]
   [Eden: 2340.0M(2340.0M)->0.0B(3282.0M) Survivors: 36.0M->42.0M Heap: 4189.9M(6144.0M)->1810.7M(6144.0M)]
 [Times: user=0.11 sys=0.10, real=0.03 secs] 
2025-07-26T00:45:34.946+0800: 478088.782: [GC pause (G1 Evacuation Pause) (young), 0.0586975 secs]
   [Parallel Time: 50.0 ms, GC Workers: 8]
      [GC Worker Start (ms): Min: 478088783.7, Avg: 478088783.8, Max: 478088783.9, Diff: 0.2]
      [Ext Root Scanning (ms): Min: 3.2, Avg: 4.6, Max: 11.6, Diff: 8.4, Sum: 36.5]
      [Update RS (ms): Min: 29.9, Avg: 36.8, Max: 38.2, Diff: 8.3, Sum: 294.0]
         [Processed Buffers: Min: 149, Avg: 175.0, Max: 193, Diff: 44, Sum: 1400]
      [Scan RS (ms): Min: 0.5, Avg: 0.9, Max: 1.1, Diff: 0.6, Sum: 7.0]
      [Code Root Scanning (ms): Min: 0.0, Avg: 0.0, Max: 0.0, Diff: 0.0, Sum: 0.1]
      [Object Copy (ms): Min: 7.3, Avg: 7.5, Max: 7.7, Diff: 0.4, Sum: 59.7]
      [Termination (ms): Min: 0.0, Avg: 0.0, Max: 0.0, Diff: 0.0, Sum: 0.0]
         [Termination Attempts: Min: 1, Avg: 1.0, Max: 1, Diff: 0, Sum: 8]
      [GC Worker Other (ms): Min: 0.1, Avg: 0.2, Max: 0.3, Diff: 0.2, Sum: 1.2]
      [GC Worker Total (ms): Min: 49.7, Avg: 49.8, Max: 49.8, Diff: 0.1, Sum: 398.4]
      [GC Worker End (ms): Min: 478088833.5, Avg: 478088833.6, Max: 478088833.7, Diff: 0.1]
   [Code Root Fixup: 0.0 ms]
   [Code Root Purge: 0.0 ms]
   [Clear CT: 0.7 ms]
   [Other: 8.0 ms]
      [Choose CSet: 0.0 ms]
      [Ref Proc: 1.0 ms]
      [Ref Enq: 0.1 ms]
      [Redirty Cards: 0.1 ms]
      [Humongous Register: 1.2 ms]
      [Humongous Reclaim: 0.5 ms]
      [Free CSet: 4.1 ms]
   [Eden: 3282.0M(3282.0M)->0.0B(3300.0M) Survivors: 42.0M->30.0M Heap: 5304.0M(6144.0M)->1797.1M(6144.0M)]
 [Times: user=0.42 sys=0.00, real=0.06 secs] 
2025-07-26T00:48:20.863+0800: 478254.698: [GC pause (G1 Evacuation Pause) (young), 0.0451634 secs]
   [Parallel Time: 36.2 ms, GC Workers: 8]
      [GC Worker Start (ms): Min: 478254700.7, Avg: 478254700.8, Max: 478254700.8, Diff: 0.2]
      [Ext Root Scanning (ms): Min: 2.8, Avg: 4.0, Max: 10.6, Diff: 7.8, Sum: 32.0]
      [Update RS (ms): Min: 14.4, Avg: 21.0, Max: 22.6, Diff: 8.2, Sum: 167.6]
         [Processed Buffers: Min: 96, Avg: 134.1, Max: 149, Diff: 53, Sum: 1073]
      [Scan RS (ms): Min: 0.1, Avg: 0.8, Max: 1.0, Diff: 0.9, Sum: 6.3]
      [Code Root Scanning (ms): Min: 0.0, Avg: 0.0, Max: 0.0, Diff: 0.0, Sum: 0.1]
      [Object Copy (ms): Min: 9.9, Avg: 10.0, Max: 10.1, Diff: 0.3, Sum: 80.1]
      [Termination (ms): Min: 0.0, Avg: 0.0, Max: 0.0, Diff: 0.0, Sum: 0.0]
         [Termination Attempts: Min: 1, Avg: 1.0, Max: 1, Diff: 0, Sum: 8]
      [GC Worker Other (ms): Min: 0.1, Avg: 0.1, Max: 0.2, Diff: 0.1, Sum: 1.0]
      [GC Worker Total (ms): Min: 35.8, Avg: 35.9, Max: 35.9, Diff: 0.1, Sum: 287.0]
      [GC Worker End (ms): Min: 478254736.6, Avg: 478254736.6, Max: 478254736.7, Diff: 0.1]
   [Code Root Fixup: 0.0 ms]
   [Code Root Purge: 0.0 ms]
   [Clear CT: 0.6 ms]
   [Other: 8.3 ms]
      [Choose CSet: 0.0 ms]
      [Ref Proc: 1.1 ms]
      [Ref Enq: 0.1 ms]
      [Redirty Cards: 0.1 ms]
      [Humongous Register: 1.4 ms]
      [Humongous Reclaim: 0.5 ms]
      [Free CSet: 4.0 ms]
   [Eden: 3300.0M(3300.0M)->0.0B(3284.0M) Survivors: 30.0M->42.0M Heap: 5310.4M(6144.0M)->1808.1M(6144.0M)]
 [Times: user=0.30 sys=0.00, real=0.05 secs] 
2025-07-26T00:50:22.581+0800: 478376.417: [GC pause (G1 Evacuation Pause) (young), 0.0453101 secs]
   [Parallel Time: 33.6 ms, GC Workers: 8]
      [GC Worker Start (ms): Min: 478376420.8, Avg: 478376420.9, Max: 478376421.0, Diff: 0.1]
      [Ext Root Scanning (ms): Min: 3.0, Avg: 4.3, Max: 10.8, Diff: 7.8, Sum: 34.2]
      [Update RS (ms): Min: 11.2, Avg: 17.6, Max: 18.7, Diff: 7.5, Sum: 140.5]
         [Processed Buffers: Min: 93, Avg: 122.0, Max: 146, Diff: 53, Sum: 976]
      [Scan RS (ms): Min: 0.1, Avg: 0.4, Max: 0.5, Diff: 0.3, Sum: 2.9]
      [Code Root Scanning (ms): Min: 0.0, Avg: 0.0, Max: 0.0, Diff: 0.0, Sum: 0.1]
      [Object Copy (ms): Min: 10.0, Avg: 10.4, Max: 10.7, Diff: 0.7, Sum: 83.0]
      [Termination (ms): Min: 0.0, Avg: 0.6, Max: 0.8, Diff: 0.8, Sum: 5.1]
         [Termination Attempts: Min: 1, Avg: 1.2, Max: 2, Diff: 1, Sum: 10]
      [GC Worker Other (ms): Min: 0.1, Avg: 0.1, Max: 0.1, Diff: 0.1, Sum: 0.9]
      [GC Worker Total (ms): Min: 33.2, Avg: 33.3, Max: 33.4, Diff: 0.2, Sum: 266.5]
      [GC Worker End (ms): Min: 478376454.1, Avg: 478376454.2, Max: 478376454.3, Diff: 0.2]
   [Code Root Fixup: 0.0 ms]
   [Code Root Purge: 0.0 ms]
   [Clear CT: 0.5 ms]
   [Other: 11.2 ms]
      [Choose CSet: 0.0 ms]
      [Ref Proc: 2.2 ms]
      [Ref Enq: 0.1 ms]
      [Redirty Cards: 0.1 ms]
      [Humongous Register: 2.7 ms]
      [Humongous Reclaim: 0.4 ms]
      [Free CSet: 4.3 ms]
   [Eden: 3284.0M(3284.0M)->0.0B(3260.0M) Survivors: 42.0M->54.0M Heap: 5188.0M(6144.0M)->1821.1M(6144.0M)]
 [Times: user=0.24 sys=0.04, real=0.05 secs] 
2025-07-26T00:51:01.739+0800: 478415.575: [GC pause (G1 Evacuation Pause) (young), 0.0481347 secs]
   [Parallel Time: 41.7 ms, GC Workers: 8]
      [GC Worker Start (ms): Min: 478415575.7, Avg: 478415575.7, Max: 478415575.8, Diff: 0.1]
      [Ext Root Scanning (ms): Min: 2.4, Avg: 2.6, Max: 3.1, Diff: 0.7, Sum: 21.1]
      [Update RS (ms): Min: 16.9, Avg: 17.8, Max: 18.1, Diff: 1.1, Sum: 142.4]
         [Processed Buffers: Min: 95, Avg: 120.5, Max: 148, Diff: 53, Sum: 964]
      [Scan RS (ms): Min: 0.2, Avg: 0.4, Max: 0.5, Diff: 0.2, Sum: 2.9]
      [Code Root Scanning (ms): Min: 0.0, Avg: 0.0, Max: 0.0, Diff: 0.0, Sum: 0.1]
      [Object Copy (ms): Min: 20.3, Avg: 20.6, Max: 21.2, Diff: 0.9, Sum: 165.0]
      [Termination (ms): Min: 0.0, Avg: 0.0, Max: 0.1, Diff: 0.1, Sum: 0.3]
         [Termination Attempts: Min: 7, Avg: 13.9, Max: 16, Diff: 9, Sum: 111]
      [GC Worker Other (ms): Min: 0.0, Avg: 0.1, Max: 0.1, Diff: 0.1, Sum: 0.6]
      [GC Worker Total (ms): Min: 41.5, Avg: 41.6, Max: 41.6, Diff: 0.1, Sum: 332.4]
      [GC Worker End (ms): Min: 478415617.3, Avg: 478415617.3, Max: 478415617.3, Diff: 0.1]
   [Code Root Fixup: 0.0 ms]
   [Code Root Purge: 0.0 ms]
   [Clear CT: 0.6 ms]
   [Other: 5.8 ms]
      [Choose CSet: 0.0 ms]
      [Ref Proc: 2.3 ms]
      [Ref Enq: 0.1 ms]
      [Redirty Cards: 0.2 ms]
      [Humongous Register: 0.4 ms]
      [Humongous Reclaim: 0.2 ms]
      [Free CSet: 1.8 ms]
   [Eden: 3260.0M(3260.0M)->0.0B(3212.0M) Survivors: 54.0M->78.0M Heap: 5177.1M(6144.0M)->1845.1M(6144.0M)]
 [Times: user=0.30 sys=0.04, real=0.05 secs] 
2025-07-26T00:51:49.310+0800: 478463.146: [GC pause (G1 Evacuation Pause) (young), 0.0341450 secs]
   [Parallel Time: 22.9 ms, GC Workers: 8]
      [GC Worker Start (ms): Min: 478463149.2, Avg: 478463149.2, Max: 478463149.3, Diff: 0.2]
      [Ext Root Scanning (ms): Min: 3.5, Avg: 4.9, Max: 11.3, Diff: 7.8, Sum: 38.9]
      [Update RS (ms): Min: 4.5, Avg: 10.6, Max: 11.9, Diff: 7.4, Sum: 85.1]
         [Processed Buffers: Min: 56, Avg: 69.9, Max: 87, Diff: 31, Sum: 559]
      [Scan RS (ms): Min: 0.2, Avg: 0.4, Max: 0.5, Diff: 0.3, Sum: 3.1]
      [Code Root Scanning (ms): Min: 0.0, Avg: 0.0, Max: 0.0, Diff: 0.0, Sum: 0.1]
      [Object Copy (ms): Min: 6.4, Avg: 6.7, Max: 6.8, Diff: 0.4, Sum: 53.3]
      [Termination (ms): Min: 0.0, Avg: 0.0, Max: 0.0, Diff: 0.0, Sum: 0.0]
         [Termination Attempts: Min: 1, Avg: 1.0, Max: 1, Diff: 0, Sum: 8]
      [GC Worker Other (ms): Min: 0.1, Avg: 0.2, Max: 0.2, Diff: 0.1, Sum: 1.3]
      [GC Worker Total (ms): Min: 22.6, Avg: 22.7, Max: 22.8, Diff: 0.2, Sum: 181.8]
      [GC Worker End (ms): Min: 478463171.9, Avg: 478463172.0, Max: 478463172.0, Diff: 0.1]
   [Code Root Fixup: 0.0 ms]
   [Code Root Purge: 0.0 ms]
   [Clear CT: 0.6 ms]
   [Other: 10.6 ms]
      [Choose CSet: 0.0 ms]
      [Ref Proc: 2.4 ms]
      [Ref Enq: 0.2 ms]
      [Redirty Cards: 0.1 ms]
      [Humongous Register: 2.8 ms]
      [Humongous Reclaim: 0.3 ms]
      [Free CSet: 3.9 ms]
   [Eden: 3212.0M(3212.0M)->0.0B(3272.0M) Survivors: 78.0M->46.0M Heap: 5103.3M(6144.0M)->1813.1M(6144.0M)]
 [Times: user=0.19 sys=0.00, real=0.03 secs] 
2025-07-26T00:52:36.772+0800: 478510.608: [GC pause (G1 Evacuation Pause) (young), 0.0306208 secs]
   [Parallel Time: 24.9 ms, GC Workers: 8]
      [GC Worker Start (ms): Min: 478510608.8, Avg: 478510608.8, Max: 478510608.9, Diff: 0.1]
      [Ext Root Scanning (ms): Min: 2.5, Avg: 3.6, Max: 9.7, Diff: 7.2, Sum: 29.2]
      [Update RS (ms): Min: 2.7, Avg: 8.5, Max: 9.8, Diff: 7.1, Sum: 68.4]
         [Processed Buffers: Min: 37, Avg: 71.0, Max: 92, Diff: 55, Sum: 568]
      [Scan RS (ms): Min: 0.2, Avg: 0.4, Max: 0.4, Diff: 0.2, Sum: 2.9]
      [Code Root Scanning (ms): Min: 0.0, Avg: 0.0, Max: 0.0, Diff: 0.0, Sum: 0.1]
      [Object Copy (ms): Min: 11.4, Avg: 11.7, Max: 12.0, Diff: 0.6, Sum: 94.0]
      [Termination (ms): Min: 0.2, Avg: 0.4, Max: 0.7, Diff: 0.5, Sum: 3.3]
         [Termination Attempts: Min: 34, Avg: 84.2, Max: 131, Diff: 97, Sum: 674]
      [GC Worker Other (ms): Min: 0.0, Avg: 0.1, Max: 0.1, Diff: 0.1, Sum: 0.4]
      [GC Worker Total (ms): Min: 24.7, Avg: 24.8, Max: 24.9, Diff: 0.2, Sum: 198.2]
      [GC Worker End (ms): Min: 478510633.6, Avg: 478510633.6, Max: 478510633.6, Diff: 0.1]
   [Code Root Fixup: 0.0 ms]
   [Code Root Purge: 0.0 ms]
   [Clear CT: 0.6 ms]
   [Other: 5.1 ms]
      [Choose CSet: 0.0 ms]
      [Ref Proc: 1.8 ms]
      [Ref Enq: 0.2 ms]
      [Redirty Cards: 0.1 ms]
      [Humongous Register: 0.3 ms]
      [Humongous Reclaim: 0.1 ms]
      [Free CSet: 1.8 ms]
   [Eden: 3272.0M(3272.0M)->0.0B(3256.0M) Survivors: 46.0M->56.0M Heap: 5131.3M(6144.0M)->1822.1M(6144.0M)]
 [Times: user=0.21 sys=0.00, real=0.03 secs] 
2025-07-26T01:09:27.764+0800: 479521.599: [GC pause (G1 Evacuation Pause) (young), 0.0502733 secs]
   [Parallel Time: 36.4 ms, GC Workers: 8]
      [GC Worker Start (ms): Min: 479521603.8, Avg: 479521603.9, Max: 479521603.9, Diff: 0.2]
      [Ext Root Scanning (ms): Min: 3.2, Avg: 5.0, Max: 15.2, Diff: 11.9, Sum: 39.7]
      [Update RS (ms): Min: 9.3, Avg: 19.3, Max: 21.2, Diff: 11.9, Sum: 154.4]
         [Processed Buffers: Min: 67, Avg: 122.1, Max: 145, Diff: 78, Sum: 977]
      [Scan RS (ms): Min: 0.1, Avg: 0.4, Max: 0.5, Diff: 0.4, Sum: 2.9]
      [Code Root Scanning (ms): Min: 0.0, Avg: 0.0, Max: 0.0, Diff: 0.0, Sum: 0.1]
      [Object Copy (ms): Min: 10.0, Avg: 10.3, Max: 11.0, Diff: 1.0, Sum: 82.4]
      [Termination (ms): Min: 0.2, Avg: 1.1, Max: 1.5, Diff: 1.3, Sum: 8.9]
         [Termination Attempts: Min: 1, Avg: 202.6, Max: 244, Diff: 243, Sum: 1621]
      [GC Worker Other (ms): Min: 0.0, Avg: 0.1, Max: 0.2, Diff: 0.1, Sum: 1.0]
      [GC Worker Total (ms): Min: 36.1, Avg: 36.2, Max: 36.2, Diff: 0.2, Sum: 289.4]
      [GC Worker End (ms): Min: 479521640.0, Avg: 479521640.0, Max: 479521640.1, Diff: 0.1]
   [Code Root Fixup: 0.0 ms]
   [Code Root Purge: 0.0 ms]
   [Clear CT: 0.8 ms]
   [Other: 13.0 ms]
      [Choose CSet: 0.0 ms]
      [Ref Proc: 3.7 ms]
      [Ref Enq: 0.2 ms]
      [Redirty Cards: 0.1 ms]
      [Humongous Register: 3.4 ms]
      [Humongous Reclaim: 0.3 ms]
      [Free CSet: 4.0 ms]
   [Eden: 3256.0M(3256.0M)->0.0B(3296.0M) Survivors: 56.0M->28.0M Heap: 5174.0M(6144.0M)->1795.0M(6144.0M)]
 [Times: user=0.25 sys=0.06, real=0.05 secs] 
2025-07-26T01:10:54.090+0800: 479607.925: [GC pause (G1 Evacuation Pause) (young), 0.0330735 secs]
   [Parallel Time: 21.8 ms, GC Workers: 8]
      [GC Worker Start (ms): Min: 479607928.9, Avg: 479607929.0, Max: 479607929.1, Diff: 0.2]
      [Ext Root Scanning (ms): Min: 3.3, Avg: 4.6, Max: 11.5, Diff: 8.2, Sum: 36.7]
      [Update RS (ms): Min: 0.0, Avg: 2.8, Max: 3.5, Diff: 3.5, Sum: 22.6]
         [Processed Buffers: Min: 0, Avg: 24.9, Max: 37, Diff: 37, Sum: 199]
      [Scan RS (ms): Min: 0.1, Avg: 0.3, Max: 0.5, Diff: 0.4, Sum: 2.6]
      [Code Root Scanning (ms): Min: 0.0, Avg: 0.0, Max: 0.0, Diff: 0.0, Sum: 0.1]
      [Object Copy (ms): Min: 9.4, Avg: 13.2, Max: 14.2, Diff: 4.9, Sum: 105.5]
      [Termination (ms): Min: 0.0, Avg: 0.5, Max: 0.7, Diff: 0.7, Sum: 4.3]
         [Termination Attempts: Min: 3, Avg: 73.1, Max: 108, Diff: 105, Sum: 585]
      [GC Worker Other (ms): Min: 0.1, Avg: 0.1, Max: 0.2, Diff: 0.2, Sum: 1.0]
      [GC Worker Total (ms): Min: 21.5, Avg: 21.6, Max: 21.7, Diff: 0.2, Sum: 172.7]
      [GC Worker End (ms): Min: 479607950.5, Avg: 479607950.6, Max: 479607950.6, Diff: 0.1]
   [Code Root Fixup: 0.0 ms]
   [Code Root Purge: 0.0 ms]
   [Clear CT: 0.5 ms]
   [Other: 10.7 ms]
      [Choose CSet: 0.0 ms]
      [Ref Proc: 2.4 ms]
      [Ref Enq: 0.2 ms]
      [Redirty Cards: 0.1 ms]
      [Humongous Register: 2.9 ms]
      [Humongous Reclaim: 0.1 ms]
      [Free CSet: 3.9 ms]
   [Eden: 3296.0M(3296.0M)->0.0B(3252.0M) Survivors: 28.0M->58.0M Heap: 5091.0M(6144.0M)->1825.1M(6144.0M)]
 [Times: user=0.17 sys=0.02, real=0.03 secs] 
2025-07-26T01:11:30.713+0800: 479644.548: [GC pause (G1 Evacuation Pause) (young), 0.0371829 secs]
   [Parallel Time: 31.3 ms, GC Workers: 8]
      [GC Worker Start (ms): Min: 479644549.2, Avg: 479644549.3, Max: 479644549.3, Diff: 0.1]
      [Ext Root Scanning (ms): Min: 2.2, Avg: 2.5, Max: 3.2, Diff: 1.0, Sum: 20.2]
      [Update RS (ms): Min: 18.2, Avg: 18.7, Max: 18.8, Diff: 0.6, Sum: 149.4]
         [Processed Buffers: Min: 92, Avg: 119.5, Max: 135, Diff: 43, Sum: 956]
      [Scan RS (ms): Min: 0.2, Avg: 0.4, Max: 0.4, Diff: 0.2, Sum: 2.9]
      [Code Root Scanning (ms): Min: 0.0, Avg: 0.0, Max: 0.0, Diff: 0.0, Sum: 0.1]
      [Object Copy (ms): Min: 9.4, Avg: 9.6, Max: 9.7, Diff: 0.3, Sum: 76.4]
      [Termination (ms): Min: 0.0, Avg: 0.0, Max: 0.0, Diff: 0.0, Sum: 0.3]
         [Termination Attempts: Min: 1, Avg: 3.1, Max: 7, Diff: 6, Sum: 25]
      [GC Worker Other (ms): Min: 0.0, Avg: 0.1, Max: 0.1, Diff: 0.1, Sum: 0.4]
      [GC Worker Total (ms): Min: 31.2, Avg: 31.2, Max: 31.3, Diff: 0.1, Sum: 249.7]
      [GC Worker End (ms): Min: 479644580.5, Avg: 479644580.5, Max: 479644580.5, Diff: 0.1]
   [Code Root Fixup: 0.0 ms]
   [Code Root Purge: 0.0 ms]
   [Clear CT: 0.6 ms]
   [Other: 5.2 ms]
      [Choose CSet: 0.0 ms]
      [Ref Proc: 1.5 ms]
      [Ref Enq: 0.2 ms]
      [Redirty Cards: 0.1 ms]
      [Humongous Register: 0.5 ms]
      [Humongous Reclaim: 0.3 ms]
      [Free CSet: 1.9 ms]
   [Eden: 3252.0M(3252.0M)->0.0B(3260.0M) Survivors: 58.0M->54.0M Heap: 5171.9M(6144.0M)->1820.1M(6144.0M)]
 [Times: user=0.24 sys=0.02, real=0.04 secs] 
2025-07-26T01:12:20.401+0800: 479694.237: [GC pause (G1 Evacuation Pause) (young), 0.0303121 secs]
   [Parallel Time: 20.8 ms, GC Workers: 8]
      [GC Worker Start (ms): Min: 479694238.9, Avg: 479694239.0, Max: 479694239.0, Diff: 0.1]
      [Ext Root Scanning (ms): Min: 2.8, Avg: 4.1, Max: 11.3, Diff: 8.5, Sum: 32.8]
      [Update RS (ms): Min: 0.0, Avg: 4.7, Max: 5.7, Diff: 5.7, Sum: 37.3]
         [Processed Buffers: Min: 0, Avg: 36.0, Max: 54, Diff: 54, Sum: 288]
      [Scan RS (ms): Min: 0.1, Avg: 0.3, Max: 0.4, Diff: 0.3, Sum: 2.5]
      [Code Root Scanning (ms): Min: 0.0, Avg: 0.0, Max: 0.0, Diff: 0.0, Sum: 0.1]
      [Object Copy (ms): Min: 8.9, Avg: 11.3, Max: 11.6, Diff: 2.7, Sum: 90.0]
      [Termination (ms): Min: 0.0, Avg: 0.0, Max: 0.0, Diff: 0.0, Sum: 0.0]
         [Termination Attempts: Min: 1, Avg: 1.0, Max: 1, Diff: 0, Sum: 8]
      [GC Worker Other (ms): Min: 0.0, Avg: 0.2, Max: 0.2, Diff: 0.2, Sum: 1.3]
      [GC Worker Total (ms): Min: 20.4, Avg: 20.5, Max: 20.6, Diff: 0.2, Sum: 164.0]
      [GC Worker End (ms): Min: 479694259.4, Avg: 479694259.5, Max: 479694259.5, Diff: 0.1]
   [Code Root Fixup: 0.0 ms]
   [Code Root Purge: 0.0 ms]
   [Clear CT: 0.5 ms]
   [Other: 8.9 ms]
      [Choose CSet: 0.0 ms]
      [Ref Proc: 2.0 ms]
      [Ref Enq: 0.2 ms]
      [Redirty Cards: 0.1 ms]
      [Humongous Register: 1.7 ms]
      [Humongous Reclaim: 0.1 ms]
      [Free CSet: 3.9 ms]
   [Eden: 3260.0M(3260.0M)->0.0B(3244.0M) Survivors: 54.0M->58.0M Heap: 5091.8M(6144.0M)->1830.8M(6144.0M)]
 [Times: user=0.07 sys=0.10, real=0.03 secs] 
2025-07-26T01:14:20.137+0800: 479813.973: [GC pause (G1 Evacuation Pause) (young), 0.0489337 secs]
   [Parallel Time: 37.1 ms, GC Workers: 8]
      [GC Worker Start (ms): Min: 479813976.6, Avg: 479813976.7, Max: 479813976.8, Diff: 0.2]
      [Ext Root Scanning (ms): Min: 3.0, Avg: 4.2, Max: 10.8, Diff: 7.7, Sum: 33.8]
      [Update RS (ms): Min: 19.0, Avg: 25.1, Max: 26.4, Diff: 7.4, Sum: 200.9]
         [Processed Buffers: Min: 134, Avg: 155.0, Max: 167, Diff: 33, Sum: 1240]
      [Scan RS (ms): Min: 0.1, Avg: 0.3, Max: 0.5, Diff: 0.3, Sum: 2.8]
      [Code Root Scanning (ms): Min: 0.0, Avg: 0.0, Max: 0.0, Diff: 0.0, Sum: 0.1]
      [Object Copy (ms): Min: 6.8, Avg: 7.0, Max: 7.1, Diff: 0.3, Sum: 55.8]
      [Termination (ms): Min: 0.0, Avg: 0.0, Max: 0.0, Diff: 0.0, Sum: 0.2]
         [Termination Attempts: Min: 1, Avg: 33.9, Max: 53, Diff: 52, Sum: 271]
      [GC Worker Other (ms): Min: 0.1, Avg: 0.1, Max: 0.2, Diff: 0.2, Sum: 1.1]
      [GC Worker Total (ms): Min: 36.7, Avg: 36.8, Max: 36.9, Diff: 0.2, Sum: 294.8]
      [GC Worker End (ms): Min: 479814013.5, Avg: 479814013.6, Max: 479814013.6, Diff: 0.1]
   [Code Root Fixup: 0.0 ms]
   [Code Root Purge: 0.0 ms]
   [Clear CT: 0.5 ms]
   [Other: 11.3 ms]
      [Choose CSet: 0.0 ms]
      [Ref Proc: 2.7 ms]
      [Ref Enq: 0.2 ms]
      [Redirty Cards: 0.1 ms]
      [Humongous Register: 2.7 ms]
      [Humongous Reclaim: 0.4 ms]
      [Free CSet: 3.9 ms]
   [Eden: 3244.0M(3244.0M)->0.0B(3284.0M) Survivors: 58.0M->40.0M Heap: 5203.7M(6144.0M)->1807.0M(6144.0M)]
 [Times: user=0.27 sys=0.03, real=0.04 secs] 
2025-07-26T01:17:02.099+0800: 479975.935: [GC pause (G1 Evacuation Pause) (young), 0.0450206 secs]
   [Parallel Time: 37.9 ms, GC Workers: 8]
      [GC Worker Start (ms): Min: 479975936.0, Avg: 479975936.1, Max: 479975936.1, Diff: 0.2]
      [Ext Root Scanning (ms): Min: 2.7, Avg: 3.8, Max: 10.2, Diff: 7.5, Sum: 30.7]
      [Update RS (ms): Min: 14.7, Avg: 21.0, Max: 22.1, Diff: 7.4, Sum: 167.7]
         [Processed Buffers: Min: 120, Avg: 137.2, Max: 155, Diff: 35, Sum: 1098]
      [Scan RS (ms): Min: 0.5, Avg: 0.6, Max: 0.8, Diff: 0.3, Sum: 5.1]
      [Code Root Scanning (ms): Min: 0.0, Avg: 0.0, Max: 0.0, Diff: 0.0, Sum: 0.1]
      [Object Copy (ms): Min: 11.8, Avg: 12.0, Max: 12.2, Diff: 0.4, Sum: 95.7]
      [Termination (ms): Min: 0.0, Avg: 0.1, Max: 0.2, Diff: 0.2, Sum: 1.1]
         [Termination Attempts: Min: 1, Avg: 145.4, Max: 185, Diff: 184, Sum: 1163]
      [GC Worker Other (ms): Min: 0.0, Avg: 0.1, Max: 0.1, Diff: 0.1, Sum: 0.6]
      [GC Worker Total (ms): Min: 37.5, Avg: 37.6, Max: 37.7, Diff: 0.2, Sum: 300.9]
      [GC Worker End (ms): Min: 479975973.6, Avg: 479975973.7, Max: 479975973.7, Diff: 0.1]
   [Code Root Fixup: 0.0 ms]
   [Code Root Purge: 0.0 ms]
   [Clear CT: 0.7 ms]
   [Other: 6.4 ms]
      [Choose CSet: 0.0 ms]
      [Ref Proc: 2.5 ms]
      [Ref Enq: 0.1 ms]
      [Redirty Cards: 0.1 ms]
      [Humongous Register: 0.6 ms]
      [Humongous Reclaim: 0.4 ms]
      [Free CSet: 1.9 ms]
   [Eden: 3284.0M(3284.0M)->0.0B(3280.0M) Survivors: 40.0M->44.0M Heap: 5277.6M(6144.0M)->1810.0M(6144.0M)]
 [Times: user=0.27 sys=0.04, real=0.04 secs] 
2025-07-26T01:19:23.314+0800: 480117.149: [GC pause (G1 Evacuation Pause) (young), 0.0439942 secs]
   [Parallel Time: 35.8 ms, GC Workers: 8]
      [GC Worker Start (ms): Min: 480117150.9, Avg: 480117150.9, Max: 480117151.0, Diff: 0.1]
      [Ext Root Scanning (ms): Min: 2.3, Avg: 2.7, Max: 3.9, Diff: 1.6, Sum: 21.6]
      [Update RS (ms): Min: 23.3, Avg: 24.4, Max: 25.0, Diff: 1.8, Sum: 195.0]
         [Processed Buffers: Min: 136, Avg: 153.5, Max: 166, Diff: 30, Sum: 1228]
      [Scan RS (ms): Min: 0.3, Avg: 0.7, Max: 0.8, Diff: 0.5, Sum: 5.3]
      [Code Root Scanning (ms): Min: 0.0, Avg: 0.0, Max: 0.0, Diff: 0.0, Sum: 0.1]
      [Object Copy (ms): Min: 7.7, Avg: 7.8, Max: 7.9, Diff: 0.2, Sum: 62.5]
      [Termination (ms): Min: 0.0, Avg: 0.0, Max: 0.0, Diff: 0.0, Sum: 0.0]
         [Termination Attempts: Min: 1, Avg: 1.0, Max: 1, Diff: 0, Sum: 8]
      [GC Worker Other (ms): Min: 0.1, Avg: 0.1, Max: 0.2, Diff: 0.1, Sum: 0.8]
      [GC Worker Total (ms): Min: 35.6, Avg: 35.7, Max: 35.7, Diff: 0.2, Sum: 285.2]
      [GC Worker End (ms): Min: 480117186.5, Avg: 480117186.6, Max: 480117186.6, Diff: 0.1]
   [Code Root Fixup: 0.0 ms]
   [Code Root Purge: 0.0 ms]
   [Clear CT: 0.6 ms]
   [Other: 7.5 ms]
      [Choose CSet: 0.0 ms]
      [Ref Proc: 0.9 ms]
      [Ref Enq: 0.1 ms]
      [Redirty Cards: 0.1 ms]
      [Humongous Register: 1.3 ms]
      [Humongous Reclaim: 0.5 ms]
      [Free CSet: 4.0 ms]
   [Eden: 3280.0M(3280.0M)->0.0B(3288.0M) Survivors: 44.0M->38.0M Heap: 5284.8M(6144.0M)->1807.7M(6144.0M)]
 [Times: user=0.27 sys=0.02, real=0.05 secs] 
2025-07-26T01:20:38.507+0800: 480192.342: [GC pause (G1 Evacuation Pause) (young), 0.0421607 secs]
   [Parallel Time: 31.3 ms, GC Workers: 8]
      [GC Worker Start (ms): Min: 480192344.6, Avg: 480192344.7, Max: 480192344.7, Diff: 0.1]
      [Ext Root Scanning (ms): Min: 2.9, Avg: 4.1, Max: 11.1, Diff: 8.2, Sum: 32.8]
      [Update RS (ms): Min: 10.6, Avg: 17.1, Max: 18.4, Diff: 7.8, Sum: 137.2]
         [Processed Buffers: Min: 84, Avg: 112.6, Max: 126, Diff: 42, Sum: 901]
      [Scan RS (ms): Min: 0.2, Avg: 0.4, Max: 0.4, Diff: 0.2, Sum: 3.0]
      [Code Root Scanning (ms): Min: 0.0, Avg: 0.0, Max: 0.0, Diff: 0.0, Sum: 0.1]
      [Object Copy (ms): Min: 8.7, Avg: 9.0, Max: 9.3, Diff: 0.6, Sum: 71.8]
      [Termination (ms): Min: 0.0, Avg: 0.4, Max: 0.5, Diff: 0.5, Sum: 3.4]
         [Termination Attempts: Min: 1, Avg: 1.8, Max: 3, Diff: 2, Sum: 14]
      [GC Worker Other (ms): Min: 0.0, Avg: 0.1, Max: 0.1, Diff: 0.1, Sum: 0.9]
      [GC Worker Total (ms): Min: 30.9, Avg: 31.1, Max: 31.2, Diff: 0.3, Sum: 249.1]
      [GC Worker End (ms): Min: 480192375.6, Avg: 480192375.8, Max: 480192375.8, Diff: 0.2]
   [Code Root Fixup: 0.0 ms]
   [Code Root Purge: 0.0 ms]
   [Clear CT: 0.6 ms]
   [Other: 10.3 ms]
      [Choose CSet: 0.0 ms]
      [Ref Proc: 3.2 ms]
      [Ref Enq: 0.2 ms]
      [Redirty Cards: 0.1 ms]
      [Humongous Register: 1.5 ms]
      [Humongous Reclaim: 0.3 ms]
      [Free CSet: 4.1 ms]
   [Eden: 3288.0M(3288.0M)->0.0B(3252.0M) Survivors: 38.0M->58.0M Heap: 5182.5M(6144.0M)->1825.8M(6144.0M)]
 [Times: user=0.29 sys=0.00, real=0.04 secs] 
2025-07-26T01:21:17.371+0800: 480231.206: [GC pause (G1 Evacuation Pause) (young), 0.0318542 secs]
   [Parallel Time: 25.7 ms, GC Workers: 8]
      [GC Worker Start (ms): Min: 480231207.2, Avg: 480231207.3, Max: 480231207.3, Diff: 0.2]
      [Ext Root Scanning (ms): Min: 2.6, Avg: 3.6, Max: 9.6, Diff: 7.0, Sum: 29.1]
      [Update RS (ms): Min: 4.3, Avg: 10.0, Max: 11.2, Diff: 6.9, Sum: 80.3]
         [Processed Buffers: Min: 46, Avg: 73.1, Max: 90, Diff: 44, Sum: 585]
      [Scan RS (ms): Min: 0.2, Avg: 0.3, Max: 0.4, Diff: 0.2, Sum: 2.7]
      [Code Root Scanning (ms): Min: 0.0, Avg: 0.0, Max: 0.0, Diff: 0.0, Sum: 0.1]
      [Object Copy (ms): Min: 10.4, Avg: 10.6, Max: 11.3, Diff: 0.9, Sum: 85.0]
      [Termination (ms): Min: 0.0, Avg: 0.7, Max: 0.8, Diff: 0.8, Sum: 5.4]
         [Termination Attempts: Min: 1, Avg: 1.2, Max: 2, Diff: 1, Sum: 10]
      [GC Worker Other (ms): Min: 0.0, Avg: 0.0, Max: 0.1, Diff: 0.0, Sum: 0.2]
      [GC Worker Total (ms): Min: 25.2, Avg: 25.4, Max: 25.6, Diff: 0.4, Sum: 202.8]
      [GC Worker End (ms): Min: 480231232.6, Avg: 480231232.6, Max: 480231232.8, Diff: 0.2]
   [Code Root Fixup: 0.0 ms]
   [Code Root Purge: 0.0 ms]
   [Clear CT: 0.6 ms]
   [Other: 5.6 ms]
      [Choose CSet: 0.0 ms]
      [Ref Proc: 1.9 ms]
      [Ref Enq: 0.2 ms]
      [Redirty Cards: 0.2 ms]
      [Humongous Register: 0.6 ms]
      [Humongous Reclaim: 0.2 ms]
      [Free CSet: 1.8 ms]
   [Eden: 3252.0M(3252.0M)->0.0B(3258.0M) Survivors: 58.0M->54.0M Heap: 5126.8M(6144.0M)->1822.7M(6144.0M)]
 [Times: user=0.20 sys=0.00, real=0.03 secs] 
2025-07-26T01:22:06.065+0800: 480279.901: [GC pause (G1 Evacuation Pause) (young), 0.0370823 secs]
   [Parallel Time: 26.1 ms, GC Workers: 8]
      [GC Worker Start (ms): Min: 480279904.4, Avg: 480279904.5, Max: 480279904.6, Diff: 0.2]
      [Ext Root Scanning (ms): Min: 2.6, Avg: 3.2, Max: 4.8, Diff: 2.2, Sum: 25.8]
      [Update RS (ms): Min: 9.9, Avg: 11.0, Max: 11.3, Diff: 1.4, Sum: 87.7]
         [Processed Buffers: Min: 46, Avg: 70.5, Max: 85, Diff: 39, Sum: 564]
      [Scan RS (ms): Min: 0.1, Avg: 0.3, Max: 0.4, Diff: 0.3, Sum: 2.6]
      [Code Root Scanning (ms): Min: 0.0, Avg: 0.0, Max: 0.0, Diff: 0.0, Sum: 0.1]
      [Object Copy (ms): Min: 11.0, Avg: 11.2, Max: 11.5, Diff: 0.5, Sum: 89.9]
      [Termination (ms): Min: 0.0, Avg: 0.0, Max: 0.0, Diff: 0.0, Sum: 0.0]
         [Termination Attempts: Min: 1, Avg: 1.9, Max: 3, Diff: 2, Sum: 15]
      [GC Worker Other (ms): Min: 0.0, Avg: 0.1, Max: 0.2, Diff: 0.2, Sum: 1.0]
      [GC Worker Total (ms): Min: 25.8, Avg: 25.9, Max: 26.0, Diff: 0.2, Sum: 207.2]
      [GC Worker End (ms): Min: 480279930.4, Avg: 480279930.4, Max: 480279930.5, Diff: 0.1]
   [Code Root Fixup: 0.0 ms]
   [Code Root Purge: 0.0 ms]
   [Clear CT: 0.6 ms]
   [Other: 10.3 ms]
      [Choose CSet: 0.0 ms]
      [Ref Proc: 2.0 ms]
      [Ref Enq: 0.2 ms]
      [Redirty Cards: 0.2 ms]
      [Humongous Register: 3.0 ms]
      [Humongous Reclaim: 0.2 ms]
      [Free CSet: 3.9 ms]
   [Eden: 3258.0M(3258.0M)->0.0B(3244.0M) Survivors: 54.0M->58.0M Heap: 5126.6M(6144.0M)->1831.1M(6144.0M)]
 [Times: user=0.20 sys=0.01, real=0.04 secs] 
2025-07-26T01:23:03.813+0800: 480337.649: [GC pause (G1 Evacuation Pause) (young), 0.0564574 secs]
   [Parallel Time: 43.9 ms, GC Workers: 8]
      [GC Worker Start (ms): Min: 480337651.7, Avg: 480337652.7, Max: 480337658.5, Diff: 6.8]
      [Ext Root Scanning (ms): Min: 0.8, Avg: 8.3, Max: 21.9, Diff: 21.1, Sum: 66.0]
      [Update RS (ms): Min: 14.4, Avg: 26.9, Max: 29.3, Diff: 14.9, Sum: 215.3]
         [Processed Buffers: Min: 73, Avg: 120.2, Max: 138, Diff: 65, Sum: 962]
      [Scan RS (ms): Min: 0.2, Avg: 0.6, Max: 0.8, Diff: 0.6, Sum: 4.9]
      [Code Root Scanning (ms): Min: 0.0, Avg: 0.0, Max: 0.0, Diff: 0.0, Sum: 0.1]
      [Object Copy (ms): Min: 6.6, Avg: 6.8, Max: 7.0, Diff: 0.4, Sum: 54.5]
      [Termination (ms): Min: 0.0, Avg: 0.0, Max: 0.0, Diff: 0.0, Sum: 0.0]
         [Termination Attempts: Min: 1, Avg: 1.5, Max: 3, Diff: 2, Sum: 12]
      [GC Worker Other (ms): Min: 0.2, Avg: 0.2, Max: 0.3, Diff: 0.1, Sum: 1.7]
      [GC Worker Total (ms): Min: 37.0, Avg: 42.8, Max: 43.8, Diff: 6.8, Sum: 342.6]
      [GC Worker End (ms): Min: 480337695.4, Avg: 480337695.5, Max: 480337695.6, Diff: 0.1]
   [Code Root Fixup: 0.1 ms]
   [Code Root Purge: 0.0 ms]
   [Clear CT: 0.8 ms]
   [Other: 11.7 ms]
      [Choose CSet: 0.0 ms]
      [Ref Proc: 2.3 ms]
      [Ref Enq: 0.3 ms]
      [Redirty Cards: 0.1 ms]
      [Humongous Register: 1.8 ms]
      [Humongous Reclaim: 0.5 ms]
      [Free CSet: 5.4 ms]
   [Eden: 3244.0M(3244.0M)->0.0B(3280.0M) Survivors: 58.0M->36.0M Heap: 5170.1M(6144.0M)->1810.2M(6144.0M)]
 [Times: user=0.28 sys=0.04, real=0.06 secs] 
2025-07-26T01:26:16.249+0800: 480530.084: [GC pause (G1 Evacuation Pause) (young), 0.0519402 secs]
   [Parallel Time: 39.5 ms, GC Workers: 8]
      [GC Worker Start (ms): Min: 480530088.3, Avg: 480530088.5, Max: 480530088.7, Diff: 0.3]
      [Ext Root Scanning (ms): Min: 3.8, Avg: 5.3, Max: 14.3, Diff: 10.5, Sum: 42.2]
      [Update RS (ms): Min: 17.9, Avg: 26.3, Max: 28.3, Diff: 10.5, Sum: 210.5]
         [Processed Buffers: Min: 92, Avg: 126.2, Max: 152, Diff: 60, Sum: 1010]
      [Scan RS (ms): Min: 0.4, Avg: 0.7, Max: 0.9, Diff: 0.5, Sum: 5.2]
      [Code Root Scanning (ms): Min: 0.0, Avg: 0.0, Max: 0.0, Diff: 0.0, Sum: 0.1]
      [Object Copy (ms): Min: 6.3, Avg: 6.8, Max: 7.0, Diff: 0.6, Sum: 54.1]
      [Termination (ms): Min: 0.0, Avg: 0.0, Max: 0.0, Diff: 0.0, Sum: 0.0]
         [Termination Attempts: Min: 1, Avg: 4.0, Max: 7, Diff: 6, Sum: 32]
      [GC Worker Other (ms): Min: 0.0, Avg: 0.1, Max: 0.3, Diff: 0.3, Sum: 1.2]
      [GC Worker Total (ms): Min: 38.9, Avg: 39.2, Max: 39.3, Diff: 0.4, Sum: 313.3]
      [GC Worker End (ms): Min: 480530127.6, Avg: 480530127.6, Max: 480530127.7, Diff: 0.1]
   [Code Root Fixup: 0.0 ms]
   [Code Root Purge: 0.0 ms]
   [Clear CT: 0.9 ms]
   [Other: 11.6 ms]
      [Choose CSet: 0.0 ms]
      [Ref Proc: 2.4 ms]
      [Ref Enq: 0.1 ms]
      [Redirty Cards: 0.2 ms]
      [Humongous Register: 3.1 ms]
      [Humongous Reclaim: 0.6 ms]
      [Free CSet: 4.1 ms]
   [Eden: 3280.0M(3280.0M)->0.0B(3292.0M) Survivors: 36.0M->30.0M Heap: 5277.2M(6144.0M)->1805.5M(6144.0M)]
 [Times: user=0.27 sys=0.06, real=0.05 secs] 
2025-07-26T01:29:16.255+0800: 480710.091: [GC pause (G1 Evacuation Pause) (young), 0.0422301 secs]
   [Parallel Time: 32.7 ms, GC Workers: 8]
      [GC Worker Start (ms): Min: 480710091.9, Avg: 480710092.0, Max: 480710092.0, Diff: 0.1]
      [Ext Root Scanning (ms): Min: 3.1, Avg: 4.2, Max: 10.4, Diff: 7.3, Sum: 33.2]
      [Update RS (ms): Min: 13.5, Avg: 19.5, Max: 20.6, Diff: 7.1, Sum: 155.8]
         [Processed Buffers: Min: 95, Avg: 126.6, Max: 146, Diff: 51, Sum: 1013]
      [Scan RS (ms): Min: 0.3, Avg: 0.5, Max: 0.7, Diff: 0.4, Sum: 4.0]
      [Code Root Scanning (ms): Min: 0.0, Avg: 0.0, Max: 0.0, Diff: 0.0, Sum: 0.1]
      [Object Copy (ms): Min: 8.1, Avg: 8.3, Max: 8.4, Diff: 0.3, Sum: 66.0]
      [Termination (ms): Min: 0.0, Avg: 0.0, Max: 0.0, Diff: 0.0, Sum: 0.1]
         [Termination Attempts: Min: 1, Avg: 19.2, Max: 29, Diff: 28, Sum: 154]
      [GC Worker Other (ms): Min: 0.0, Avg: 0.1, Max: 0.1, Diff: 0.1, Sum: 0.8]
      [GC Worker Total (ms): Min: 32.4, Avg: 32.5, Max: 32.6, Diff: 0.2, Sum: 260.1]
      [GC Worker End (ms): Min: 480710124.4, Avg: 480710124.5, Max: 480710124.5, Diff: 0.1]
   [Code Root Fixup: 0.0 ms]
   [Code Root Purge: 0.0 ms]
   [Clear CT: 0.7 ms]
   [Other: 8.8 ms]
      [Choose CSet: 0.0 ms]
      [Ref Proc: 2.4 ms]
      [Ref Enq: 0.1 ms]
      [Redirty Cards: 0.1 ms]
      [Humongous Register: 0.6 ms]
      [Humongous Reclaim: 0.6 ms]
      [Free CSet: 4.1 ms]
   [Eden: 3292.0M(3292.0M)->0.0B(3290.0M) Survivors: 30.0M->34.0M Heap: 5284.6M(6144.0M)->1810.0M(6144.0M)]
 [Times: user=0.24 sys=0.03, real=0.05 secs] 
2025-07-26T01:47:14.671+0800: 481788.506: [GC pause (G1 Evacuation Pause) (young), 0.0434506 secs]
   [Parallel Time: 29.4 ms, GC Workers: 8]
      [GC Worker Start (ms): Min: 481788508.1, Avg: 481788508.2, Max: 481788508.3, Diff: 0.2]
      [Ext Root Scanning (ms): Min: 2.8, Avg: 4.0, Max: 10.5, Diff: 7.7, Sum: 31.9]
      [Update RS (ms): Min: 10.6, Avg: 17.0, Max: 18.1, Diff: 7.5, Sum: 136.0]
         [Processed Buffers: Min: 81, Avg: 114.1, Max: 133, Diff: 52, Sum: 913]
      [Scan RS (ms): Min: 0.1, Avg: 0.5, Max: 0.6, Diff: 0.5, Sum: 4.0]
      [Code Root Scanning (ms): Min: 0.0, Avg: 0.0, Max: 0.0, Diff: 0.0, Sum: 0.1]
      [Object Copy (ms): Min: 7.4, Avg: 7.6, Max: 7.7, Diff: 0.3, Sum: 60.6]
      [Termination (ms): Min: 0.0, Avg: 0.0, Max: 0.0, Diff: 0.0, Sum: 0.0]
         [Termination Attempts: Min: 1, Avg: 1.0, Max: 1, Diff: 0, Sum: 8]
      [GC Worker Other (ms): Min: 0.0, Avg: 0.1, Max: 0.3, Diff: 0.2, Sum: 1.0]
      [GC Worker Total (ms): Min: 29.0, Avg: 29.2, Max: 29.3, Diff: 0.3, Sum: 233.5]
      [GC Worker End (ms): Min: 481788537.4, Avg: 481788537.4, Max: 481788537.5, Diff: 0.1]
   [Code Root Fixup: 0.0 ms]
   [Code Root Purge: 0.0 ms]
   [Clear CT: 0.6 ms]
   [Other: 13.4 ms]
      [Choose CSet: 0.0 ms]
      [Ref Proc: 6.5 ms]
      [Ref Enq: 0.1 ms]
      [Redirty Cards: 0.1 ms]
      [Humongous Register: 1.4 ms]
      [Humongous Reclaim: 0.4 ms]
      [Free CSet: 4.0 ms]
   [Eden: 3290.0M(3290.0M)->0.0B(3294.0M) Survivors: 34.0M->32.0M Heap: 5244.3M(6144.0M)->1808.0M(6144.0M)]
 [Times: user=0.22 sys=0.03, real=0.04 secs] 
2025-07-26T01:50:04.363+0800: 481958.199: [GC pause (G1 Evacuation Pause) (young), 0.0730596 secs]
   [Parallel Time: 61.0 ms, GC Workers: 8]
      [GC Worker Start (ms): Min: 481958201.6, Avg: 481958201.8, Max: 481958202.3, Diff: 0.6]
      [Ext Root Scanning (ms): Min: 6.3, Avg: 8.1, Max: 15.0, Diff: 8.7, Sum: 65.2]
      [Update RS (ms): Min: 31.0, Avg: 36.9, Max: 38.2, Diff: 7.2, Sum: 295.5]
         [Processed Buffers: Min: 115, Avg: 152.1, Max: 192, Diff: 77, Sum: 1217]
      [Scan RS (ms): Min: 0.5, Avg: 0.9, Max: 1.1, Diff: 0.6, Sum: 7.0]
      [Code Root Scanning (ms): Min: 0.0, Avg: 0.0, Max: 0.0, Diff: 0.0, Sum: 0.1]
      [Object Copy (ms): Min: 14.1, Avg: 14.5, Max: 15.1, Diff: 1.0, Sum: 116.3]
      [Termination (ms): Min: 0.0, Avg: 0.0, Max: 0.1, Diff: 0.0, Sum: 0.3]
         [Termination Attempts: Min: 2, Avg: 3.6, Max: 5, Diff: 3, Sum: 29]
      [GC Worker Other (ms): Min: 0.0, Avg: 0.1, Max: 0.2, Diff: 0.1, Sum: 0.9]
      [GC Worker Total (ms): Min: 60.2, Avg: 60.7, Max: 60.8, Diff: 0.7, Sum: 485.2]
      [GC Worker End (ms): Min: 481958262.4, Avg: 481958262.4, Max: 481958262.5, Diff: 0.1]
   [Code Root Fixup: 0.0 ms]
   [Code Root Purge: 0.0 ms]
   [Clear CT: 0.7 ms]
   [Other: 11.3 ms]
      [Choose CSet: 0.0 ms]
      [Ref Proc: 2.9 ms]
      [Ref Enq: 0.2 ms]
      [Redirty Cards: 0.2 ms]
      [Humongous Register: 1.9 ms]
      [Humongous Reclaim: 0.5 ms]
      [Free CSet: 4.4 ms]
   [Eden: 3294.0M(3294.0M)->0.0B(3254.0M) Survivors: 32.0M->52.0M Heap: 5289.5M(6144.0M)->1828.0M(6144.0M)]
 [Times: user=0.44 sys=0.04, real=0.07 secs] 
2025-07-26T01:50:50.276+0800: 482004.111: [GC pause (G1 Evacuation Pause) (young), 0.0403506 secs]
   [Parallel Time: 29.3 ms, GC Workers: 8]
      [GC Worker Start (ms): Min: 482004114.4, Avg: 482004114.5, Max: 482004114.7, Diff: 0.3]
      [Ext Root Scanning (ms): Min: 4.1, Avg: 6.6, Max: 22.4, Diff: 18.4, Sum: 53.1]
      [Update RS (ms): Min: 0.0, Avg: 12.1, Max: 14.1, Diff: 14.1, Sum: 96.7]
         [Processed Buffers: Min: 0, Avg: 69.9, Max: 96, Diff: 96, Sum: 559]
      [Scan RS (ms): Min: 0.2, Avg: 0.6, Max: 0.8, Diff: 0.6, Sum: 4.9]
      [Code Root Scanning (ms): Min: 0.0, Avg: 0.0, Max: 0.0, Diff: 0.0, Sum: 0.1]
      [Object Copy (ms): Min: 6.4, Avg: 9.5, Max: 10.0, Diff: 3.7, Sum: 75.9]
      [Termination (ms): Min: 0.0, Avg: 0.0, Max: 0.0, Diff: 0.0, Sum: 0.0]
         [Termination Attempts: Min: 1, Avg: 2.5, Max: 4, Diff: 3, Sum: 20]
      [GC Worker Other (ms): Min: 0.0, Avg: 0.2, Max: 0.4, Diff: 0.4, Sum: 1.5]
      [GC Worker Total (ms): Min: 28.8, Avg: 29.0, Max: 29.2, Diff: 0.4, Sum: 232.3]
      [GC Worker End (ms): Min: 482004143.5, Avg: 482004143.6, Max: 482004143.6, Diff: 0.1]
   [Code Root Fixup: 0.0 ms]
   [Code Root Purge: 0.0 ms]
   [Clear CT: 0.9 ms]
   [Other: 10.2 ms]
      [Choose CSet: 0.0 ms]
      [Ref Proc: 1.9 ms]
      [Ref Enq: 0.2 ms]
      [Redirty Cards: 0.2 ms]
      [Humongous Register: 2.6 ms]
      [Humongous Reclaim: 0.2 ms]
      [Free CSet: 4.1 ms]
   [Eden: 3254.0M(3254.0M)->0.0B(3260.0M) Survivors: 52.0M->48.0M Heap: 5128.1M(6144.0M)->1826.0M(6144.0M)]
 [Times: user=0.21 sys=0.04, real=0.04 secs] 
2025-07-26T01:51:26.940+0800: 482040.776: [GC pause (G1 Evacuation Pause) (young), 0.0399211 secs]
   [Parallel Time: 33.4 ms, GC Workers: 8]
      [GC Worker Start (ms): Min: 482040777.0, Avg: 482040777.1, Max: 482040777.2, Diff: 0.2]
      [Ext Root Scanning (ms): Min: 3.1, Avg: 3.7, Max: 5.3, Diff: 2.2, Sum: 29.5]
      [Update RS (ms): Min: 14.6, Avg: 15.9, Max: 16.5, Diff: 1.9, Sum: 127.1]
         [Processed Buffers: Min: 55, Avg: 84.4, Max: 118, Diff: 63, Sum: 675]
      [Scan RS (ms): Min: 0.3, Avg: 0.6, Max: 0.7, Diff: 0.4, Sum: 4.5]
      [Code Root Scanning (ms): Min: 0.0, Avg: 0.0, Max: 0.0, Diff: 0.0, Sum: 0.1]
      [Object Copy (ms): Min: 12.8, Avg: 13.0, Max: 13.2, Diff: 0.4, Sum: 103.9]
      [Termination (ms): Min: 0.0, Avg: 0.0, Max: 0.0, Diff: 0.0, Sum: 0.0]
         [Termination Attempts: Min: 1, Avg: 1.0, Max: 1, Diff: 0, Sum: 8]
      [GC Worker Other (ms): Min: 0.0, Avg: 0.1, Max: 0.1, Diff: 0.1, Sum: 0.7]
      [GC Worker Total (ms): Min: 33.2, Avg: 33.2, Max: 33.3, Diff: 0.2, Sum: 265.8]
      [GC Worker End (ms): Min: 482040810.3, Avg: 482040810.3, Max: 482040810.4, Diff: 0.1]
   [Code Root Fixup: 0.0 ms]
   [Code Root Purge: 0.0 ms]
   [Clear CT: 0.5 ms]
   [Other: 5.9 ms]
      [Choose CSet: 0.0 ms]
      [Ref Proc: 1.9 ms]
      [Ref Enq: 0.2 ms]
      [Redirty Cards: 0.1 ms]
      [Humongous Register: 0.8 ms]
      [Humongous Reclaim: 0.2 ms]
      [Free CSet: 2.0 ms]
   [Eden: 3260.0M(3260.0M)->0.0B(250.0M) Survivors: 48.0M->56.0M Heap: 5146.9M(6144.0M)->1839.9M(6144.0M)]
 [Times: user=0.25 sys=0.03, real=0.04 secs] 
2025-07-26T01:51:27.331+0800: 482041.167: [GC pause (G1 Evacuation Pause) (young), 0.0221562 secs]
   [Parallel Time: 19.7 ms, GC Workers: 8]
      [GC Worker Start (ms): Min: 482041167.5, Avg: 482041167.6, Max: 482041167.7, Diff: 0.1]
      [Ext Root Scanning (ms): Min: 2.1, Avg: 2.6, Max: 4.7, Diff: 2.6, Sum: 20.6]
      [Update RS (ms): Min: 6.6, Avg: 8.5, Max: 9.1, Diff: 2.5, Sum: 68.2]
         [Processed Buffers: Min: 38, Avg: 44.9, Max: 59, Diff: 21, Sum: 359]
      [Scan RS (ms): Min: 0.0, Avg: 0.0, Max: 0.1, Diff: 0.1, Sum: 0.3]
      [Code Root Scanning (ms): Min: 0.0, Avg: 0.0, Max: 0.0, Diff: 0.0, Sum: 0.0]
      [Object Copy (ms): Min: 8.3, Avg: 8.4, Max: 8.6, Diff: 0.3, Sum: 67.4]
      [Termination (ms): Min: 0.0, Avg: 0.0, Max: 0.0, Diff: 0.0, Sum: 0.0]
         [Termination Attempts: Min: 1, Avg: 1.0, Max: 1, Diff: 0, Sum: 8]
      [GC Worker Other (ms): Min: 0.0, Avg: 0.0, Max: 0.1, Diff: 0.0, Sum: 0.3]
      [GC Worker Total (ms): Min: 19.6, Avg: 19.6, Max: 19.7, Diff: 0.1, Sum: 156.9]
      [GC Worker End (ms): Min: 482041187.2, Avg: 482041187.2, Max: 482041187.2, Diff: 0.0]
   [Code Root Fixup: 0.0 ms]
   [Code Root Purge: 0.0 ms]
   [Clear CT: 0.2 ms]
   [Other: 2.2 ms]
      [Choose CSet: 0.0 ms]
      [Ref Proc: 0.4 ms]
      [Ref Enq: 0.0 ms]
      [Redirty Cards: 0.1 ms]
      [Humongous Register: 0.3 ms]
      [Humongous Reclaim: 0.2 ms]
      [Free CSet: 0.4 ms]
   [Eden: 250.0M(250.0M)->0.0B(288.0M) Survivors: 56.0M->18.0M Heap: 2124.2M(6144.0M)->1842.1M(6144.0M)]
 [Times: user=0.16 sys=0.00, real=0.02 secs] 
2025-07-26T01:51:30.125+0800: 482043.961: [GC pause (G1 Evacuation Pause) (young), 0.0122330 secs]
   [Parallel Time: 10.2 ms, GC Workers: 8]
      [GC Worker Start (ms): Min: 482043961.2, Avg: 482043961.2, Max: 482043961.3, Diff: 0.1]
      [Ext Root Scanning (ms): Min: 2.1, Avg: 2.8, Max: 5.6, Diff: 3.4, Sum: 22.2]
      [Update RS (ms): Min: 1.7, Avg: 4.4, Max: 5.0, Diff: 3.3, Sum: 34.8]
         [Processed Buffers: Min: 12, Avg: 23.9, Max: 35, Diff: 23, Sum: 191]
      [Scan RS (ms): Min: 0.0, Avg: 0.0, Max: 0.0, Diff: 0.0, Sum: 0.2]
      [Code Root Scanning (ms): Min: 0.0, Avg: 0.0, Max: 0.0, Diff: 0.0, Sum: 0.0]
      [Object Copy (ms): Min: 2.5, Avg: 2.7, Max: 2.8, Diff: 0.3, Sum: 21.4]
      [Termination (ms): Min: 0.0, Avg: 0.1, Max: 0.2, Diff: 0.2, Sum: 0.9]
         [Termination Attempts: Min: 1, Avg: 1.0, Max: 1, Diff: 0, Sum: 8]
      [GC Worker Other (ms): Min: 0.0, Avg: 0.0, Max: 0.0, Diff: 0.0, Sum: 0.1]
      [GC Worker Total (ms): Min: 9.9, Avg: 10.0, Max: 10.1, Diff: 0.2, Sum: 79.6]
      [GC Worker End (ms): Min: 482043971.2, Avg: 482043971.2, Max: 482043971.3, Diff: 0.1]
   [Code Root Fixup: 0.0 ms]
   [Code Root Purge: 0.0 ms]
   [Clear CT: 0.1 ms]
   [Other: 1.9 ms]
      [Choose CSet: 0.0 ms]
      [Ref Proc: 0.4 ms]
      [Ref Enq: 0.0 ms]
      [Redirty Cards: 0.1 ms]
      [Humongous Register: 0.3 ms]
      [Humongous Reclaim: 0.1 ms]
      [Free CSet: 0.3 ms]
   [Eden: 288.0M(288.0M)->0.0B(350.0M) Survivors: 18.0M->20.0M Heap: 2130.1M(6144.0M)->1830.6M(6144.0M)]
 [Times: user=0.05 sys=0.03, real=0.02 secs] 
2025-07-26T01:51:38.296+0800: 482052.131: [GC pause (G1 Evacuation Pause) (young), 0.0147077 secs]
   [Parallel Time: 12.3 ms, GC Workers: 8]
      [GC Worker Start (ms): Min: 482052132.0, Avg: 482052132.1, Max: 482052132.1, Diff: 0.1]
      [Ext Root Scanning (ms): Min: 2.3, Avg: 3.6, Max: 12.0, Diff: 9.8, Sum: 29.1]
      [Update RS (ms): Min: 0.0, Avg: 1.2, Max: 2.6, Diff: 2.6, Sum: 9.9]
         [Processed Buffers: Min: 0, Avg: 17.8, Max: 34, Diff: 34, Sum: 142]
      [Scan RS (ms): Min: 0.0, Avg: 0.0, Max: 0.1, Diff: 0.0, Sum: 0.3]
      [Code Root Scanning (ms): Min: 0.0, Avg: 0.0, Max: 0.0, Diff: 0.0, Sum: 0.0]
      [Object Copy (ms): Min: 0.0, Avg: 3.4, Max: 4.2, Diff: 4.2, Sum: 27.4]
      [Termination (ms): Min: 0.0, Avg: 3.8, Max: 4.4, Diff: 4.4, Sum: 30.4]
         [Termination Attempts: Min: 1, Avg: 1.2, Max: 2, Diff: 1, Sum: 10]
      [GC Worker Other (ms): Min: 0.0, Avg: 0.0, Max: 0.0, Diff: 0.0, Sum: 0.1]
      [GC Worker Total (ms): Min: 12.1, Avg: 12.1, Max: 12.2, Diff: 0.2, Sum: 97.2]
      [GC Worker End (ms): Min: 482052144.1, Avg: 482052144.2, Max: 482052144.3, Diff: 0.2]
   [Code Root Fixup: 0.0 ms]
   [Code Root Purge: 0.0 ms]
   [Clear CT: 0.1 ms]
   [Other: 2.2 ms]
      [Choose CSet: 0.0 ms]
      [Ref Proc: 0.5 ms]
      [Ref Enq: 0.0 ms]
      [Redirty Cards: 0.1 ms]
      [Humongous Register: 0.3 ms]
      [Humongous Reclaim: 0.1 ms]
      [Free CSet: 0.3 ms]
   [Eden: 350.0M(350.0M)->0.0B(464.0M) Survivors: 20.0M->32.0M Heap: 2180.6M(6144.0M)->1842.0M(6144.0M)]
 [Times: user=0.05 sys=0.05, real=0.02 secs] 
2025-07-26T01:51:45.718+0800: 482059.554: [GC pause (G1 Evacuation Pause) (young), 0.0093152 secs]
   [Parallel Time: 7.0 ms, GC Workers: 8]
      [GC Worker Start (ms): Min: 482059554.2, Avg: 482059554.3, Max: 482059554.5, Diff: 0.2]
      [Ext Root Scanning (ms): Min: 2.4, Avg: 2.8, Max: 3.9, Diff: 1.5, Sum: 22.6]
      [Update RS (ms): Min: 0.1, Avg: 0.9, Max: 1.3, Diff: 1.3, Sum: 7.6]
         [Processed Buffers: Min: 1, Avg: 17.2, Max: 36, Diff: 35, Sum: 138]
      [Scan RS (ms): Min: 0.0, Avg: 0.0, Max: 0.1, Diff: 0.0, Sum: 0.3]
      [Code Root Scanning (ms): Min: 0.0, Avg: 0.0, Max: 0.0, Diff: 0.0, Sum: 0.0]
      [Object Copy (ms): Min: 2.8, Avg: 2.9, Max: 3.0, Diff: 0.3, Sum: 23.3]
      [Termination (ms): Min: 0.0, Avg: 0.1, Max: 0.1, Diff: 0.1, Sum: 0.5]
         [Termination Attempts: Min: 1, Avg: 1.0, Max: 1, Diff: 0, Sum: 8]
      [GC Worker Other (ms): Min: 0.0, Avg: 0.0, Max: 0.0, Diff: 0.0, Sum: 0.2]
      [GC Worker Total (ms): Min: 6.7, Avg: 6.8, Max: 6.9, Diff: 0.2, Sum: 54.4]
      [GC Worker End (ms): Min: 482059561.1, Avg: 482059561.1, Max: 482059561.2, Diff: 0.0]
   [Code Root Fixup: 0.0 ms]
   [Code Root Purge: 0.0 ms]
   [Clear CT: 0.2 ms]
   [Other: 2.1 ms]
      [Choose CSet: 0.0 ms]
      [Ref Proc: 0.5 ms]
      [Ref Enq: 0.0 ms]
      [Redirty Cards: 0.1 ms]
      [Humongous Register: 0.3 ms]
      [Humongous Reclaim: 0.1 ms]
      [Free CSet: 0.4 ms]
   [Eden: 464.0M(464.0M)->0.0B(928.0M) Survivors: 32.0M->24.0M Heap: 2306.0M(6144.0M)->1834.4M(6144.0M)]
 [Times: user=0.03 sys=0.03, real=0.01 secs] 
2025-07-26T01:52:00.256+0800: 482074.091: [GC pause (G1 Evacuation Pause) (young), 0.0191577 secs]
   [Parallel Time: 10.8 ms, GC Workers: 8]
      [GC Worker Start (ms): Min: 482074096.6, Avg: 482074096.6, Max: 482074096.7, Diff: 0.1]
      [Ext Root Scanning (ms): Min: 2.6, Avg: 3.0, Max: 4.4, Diff: 1.8, Sum: 23.9]
      [Update RS (ms): Min: 0.8, Avg: 2.0, Max: 2.5, Diff: 1.7, Sum: 16.3]
         [Processed Buffers: Min: 3, Avg: 22.4, Max: 31, Diff: 28, Sum: 179]
      [Scan RS (ms): Min: 0.0, Avg: 0.1, Max: 0.2, Diff: 0.1, Sum: 0.7]
      [Code Root Scanning (ms): Min: 0.0, Avg: 0.0, Max: 0.0, Diff: 0.0, Sum: 0.0]
      [Object Copy (ms): Min: 5.3, Avg: 5.4, Max: 5.5, Diff: 0.2, Sum: 43.2]
      [Termination (ms): Min: 0.0, Avg: 0.0, Max: 0.0, Diff: 0.0, Sum: 0.0]
         [Termination Attempts: Min: 1, Avg: 1.8, Max: 4, Diff: 3, Sum: 14]
      [GC Worker Other (ms): Min: 0.0, Avg: 0.1, Max: 0.2, Diff: 0.2, Sum: 0.9]
      [GC Worker Total (ms): Min: 10.6, Avg: 10.6, Max: 10.7, Diff: 0.1, Sum: 85.1]
      [GC Worker End (ms): Min: 482074107.2, Avg: 482074107.3, Max: 482074107.3, Diff: 0.1]
   [Code Root Fixup: 0.0 ms]
   [Code Root Purge: 0.0 ms]
   [Clear CT: 0.2 ms]
   [Other: 8.0 ms]
      [Choose CSet: 0.0 ms]
      [Ref Proc: 0.9 ms]
      [Ref Enq: 0.1 ms]
      [Redirty Cards: 0.1 ms]
      [Humongous Register: 4.6 ms]
      [Humongous Reclaim: 0.1 ms]
      [Free CSet: 1.4 ms]
   [Eden: 928.0M(928.0M)->0.0B(1452.0M) Survivors: 24.0M->36.0M Heap: 2762.4M(6144.0M)->1846.8M(6144.0M)]
 [Times: user=0.04 sys=0.05, real=0.02 secs] 
2025-07-26T01:52:23.078+0800: 482096.914: [GC pause (G1 Evacuation Pause) (young), 0.0161342 secs]
   [Parallel Time: 11.3 ms, GC Workers: 8]
      [GC Worker Start (ms): Min: 482096915.3, Avg: 482096915.4, Max: 482096915.5, Diff: 0.2]
      [Ext Root Scanning (ms): Min: 2.2, Avg: 2.5, Max: 3.2, Diff: 1.0, Sum: 20.0]
      [Update RS (ms): Min: 1.1, Avg: 1.6, Max: 1.9, Diff: 0.8, Sum: 12.6]
         [Processed Buffers: Min: 13, Avg: 22.5, Max: 35, Diff: 22, Sum: 180]
      [Scan RS (ms): Min: 0.0, Avg: 0.1, Max: 0.2, Diff: 0.1, Sum: 1.1]
      [Code Root Scanning (ms): Min: 0.0, Avg: 0.0, Max: 0.0, Diff: 0.0, Sum: 0.0]
      [Object Copy (ms): Min: 6.5, Avg: 6.7, Max: 6.9, Diff: 0.4, Sum: 53.4]
      [Termination (ms): Min: 0.0, Avg: 0.2, Max: 0.3, Diff: 0.3, Sum: 1.2]
         [Termination Attempts: Min: 1, Avg: 1.8, Max: 2, Diff: 1, Sum: 14]
      [GC Worker Other (ms): Min: 0.0, Avg: 0.0, Max: 0.0, Diff: 0.0, Sum: 0.2]
      [GC Worker Total (ms): Min: 10.9, Avg: 11.1, Max: 11.2, Diff: 0.3, Sum: 88.6]
      [GC Worker End (ms): Min: 482096926.4, Avg: 482096926.4, Max: 482096926.5, Diff: 0.1]
   [Code Root Fixup: 0.0 ms]
   [Code Root Purge: 0.0 ms]
   [Clear CT: 0.2 ms]
   [Other: 4.6 ms]
      [Choose CSet: 0.0 ms]
      [Ref Proc: 1.0 ms]
      [Ref Enq: 0.1 ms]
      [Redirty Cards: 0.2 ms]
      [Humongous Register: 0.5 ms]
      [Humongous Reclaim: 0.1 ms]
      [Free CSet: 1.4 ms]
   [Eden: 1452.0M(1452.0M)->0.0B(2454.0M) Survivors: 36.0M->42.0M Heap: 3298.8M(6144.0M)->1851.8M(6144.0M)]
 [Times: user=0.09 sys=0.00, real=0.01 secs] 
2025-07-26T01:53:21.578+0800: 482155.413: [GC pause (G1 Evacuation Pause) (young), 0.0400918 secs]
   [Parallel Time: 34.8 ms, GC Workers: 8]
      [GC Worker Start (ms): Min: 482155414.1, Avg: 482155414.1, Max: 482155414.2, Diff: 0.1]
      [Ext Root Scanning (ms): Min: 2.1, Avg: 3.1, Max: 9.0, Diff: 6.9, Sum: 25.1]
      [Update RS (ms): Min: 16.0, Avg: 21.7, Max: 22.8, Diff: 6.8, Sum: 173.5]
         [Processed Buffers: Min: 97, Avg: 143.2, Max: 158, Diff: 61, Sum: 1146]
      [Scan RS (ms): Min: 0.1, Avg: 0.3, Max: 0.3, Diff: 0.2, Sum: 2.1]
      [Code Root Scanning (ms): Min: 0.0, Avg: 0.0, Max: 0.0, Diff: 0.0, Sum: 0.0]
      [Object Copy (ms): Min: 9.3, Avg: 9.5, Max: 9.6, Diff: 0.2, Sum: 75.8]
      [Termination (ms): Min: 0.0, Avg: 0.0, Max: 0.0, Diff: 0.0, Sum: 0.0]
         [Termination Attempts: Min: 1, Avg: 1.4, Max: 2, Diff: 1, Sum: 11]
      [GC Worker Other (ms): Min: 0.0, Avg: 0.1, Max: 0.1, Diff: 0.1, Sum: 0.5]
      [GC Worker Total (ms): Min: 34.6, Avg: 34.6, Max: 34.7, Diff: 0.1, Sum: 277.0]
      [GC Worker End (ms): Min: 482155448.7, Avg: 482155448.8, Max: 482155448.8, Diff: 0.1]
   [Code Root Fixup: 0.0 ms]
   [Code Root Purge: 0.0 ms]
   [Clear CT: 0.5 ms]
   [Other: 4.8 ms]
      [Choose CSet: 0.0 ms]
      [Ref Proc: 1.0 ms]
      [Ref Enq: 0.1 ms]
      [Redirty Cards: 0.1 ms]
      [Humongous Register: 0.3 ms]
      [Humongous Reclaim: 0.4 ms]
      [Free CSet: 2.0 ms]
   [Eden: 2454.0M(2454.0M)->0.0B(3188.0M) Survivors: 42.0M->42.0M Heap: 4424.0M(6144.0M)->1852.8M(6144.0M)]
 [Times: user=0.27 sys=0.02, real=0.04 secs] 
2025-07-26T01:56:20.983+0800: 482334.819: [GC pause (G1 Evacuation Pause) (young), 0.0397428 secs]
   [Parallel Time: 29.5 ms, GC Workers: 8]
      [GC Worker Start (ms): Min: 482334821.8, Avg: 482334821.8, Max: 482334821.9, Diff: 0.1]
      [Ext Root Scanning (ms): Min: 2.8, Avg: 4.0, Max: 11.0, Diff: 8.3, Sum: 32.3]
      [Update RS (ms): Min: 11.0, Avg: 17.5, Max: 19.2, Diff: 8.2, Sum: 140.3]
         [Processed Buffers: Min: 83, Avg: 123.6, Max: 156, Diff: 73, Sum: 989]
      [Scan RS (ms): Min: 0.1, Avg: 0.7, Max: 0.9, Diff: 0.8, Sum: 5.6]
      [Code Root Scanning (ms): Min: 0.0, Avg: 0.0, Max: 0.0, Diff: 0.0, Sum: 0.1]
      [Object Copy (ms): Min: 6.7, Avg: 6.8, Max: 6.9, Diff: 0.2, Sum: 54.7]
      [Termination (ms): Min: 0.0, Avg: 0.0, Max: 0.0, Diff: 0.0, Sum: 0.1]
         [Termination Attempts: Min: 1, Avg: 1.0, Max: 1, Diff: 0, Sum: 8]
      [GC Worker Other (ms): Min: 0.1, Avg: 0.2, Max: 0.2, Diff: 0.1, Sum: 1.2]
      [GC Worker Total (ms): Min: 29.2, Avg: 29.3, Max: 29.4, Diff: 0.2, Sum: 234.3]
      [GC Worker End (ms): Min: 482334851.1, Avg: 482334851.1, Max: 482334851.2, Diff: 0.1]
   [Code Root Fixup: 0.0 ms]
   [Code Root Purge: 0.0 ms]
   [Clear CT: 0.7 ms]
   [Other: 9.5 ms]
      [Choose CSet: 0.0 ms]
      [Ref Proc: 1.3 ms]
      [Ref Enq: 0.1 ms]
      [Redirty Cards: 0.2 ms]
      [Humongous Register: 1.8 ms]
      [Humongous Reclaim: 0.6 ms]
      [Free CSet: 4.2 ms]
   [Eden: 3188.0M(3188.0M)->0.0B(3218.0M) Survivors: 42.0M->28.0M Heap: 5228.3M(6144.0M)->1838.8M(6144.0M)]
 [Times: user=0.23 sys=0.02, real=0.04 secs] 
2025-07-26T01:59:00.434+0800: 482494.270: [GC pause (G1 Evacuation Pause) (young), 0.0337743 secs]
   [Parallel Time: 28.5 ms, GC Workers: 8]
      [GC Worker Start (ms): Min: 482494270.9, Avg: 482494270.9, Max: 482494271.0, Diff: 0.1]
      [Ext Root Scanning (ms): Min: 2.5, Avg: 3.6, Max: 10.8, Diff: 8.3, Sum: 29.1]
      [Update RS (ms): Min: 6.9, Avg: 13.9, Max: 15.4, Diff: 8.4, Sum: 111.6]
         [Processed Buffers: Min: 62, Avg: 108.0, Max: 137, Diff: 75, Sum: 864]
      [Scan RS (ms): Min: 0.4, Avg: 0.7, Max: 0.8, Diff: 0.5, Sum: 5.7]
      [Code Root Scanning (ms): Min: 0.0, Avg: 0.0, Max: 0.0, Diff: 0.0, Sum: 0.1]
      [Object Copy (ms): Min: 9.8, Avg: 9.9, Max: 10.0, Diff: 0.2, Sum: 79.6]
      [Termination (ms): Min: 0.0, Avg: 0.0, Max: 0.0, Diff: 0.0, Sum: 0.0]
         [Termination Attempts: Min: 1, Avg: 3.4, Max: 7, Diff: 6, Sum: 27]
      [GC Worker Other (ms): Min: 0.0, Avg: 0.1, Max: 0.1, Diff: 0.1, Sum: 0.6]
      [GC Worker Total (ms): Min: 28.3, Avg: 28.3, Max: 28.4, Diff: 0.1, Sum: 226.6]
      [GC Worker End (ms): Min: 482494299.2, Avg: 482494299.3, Max: 482494299.3, Diff: 0.1]
   [Code Root Fixup: 0.0 ms]
   [Code Root Purge: 0.0 ms]
   [Clear CT: 0.5 ms]
   [Other: 4.7 ms]
      [Choose CSet: 0.0 ms]
      [Ref Proc: 1.3 ms]
      [Ref Enq: 0.1 ms]
      [Redirty Cards: 0.1 ms]
      [Humongous Register: 0.6 ms]
      [Humongous Reclaim: 0.3 ms]
      [Free CSet: 1.6 ms]
   [Eden: 3218.0M(3218.0M)->0.0B(3220.0M) Survivors: 28.0M->36.0M Heap: 5246.0M(6144.0M)->1845.8M(6144.0M)]
 [Times: user=0.22 sys=0.00, real=0.04 secs] 
2025-07-26T02:00:05.336+0800: 482559.172: [GC pause (G1 Evacuation Pause) (young), 0.2128629 secs]
   [Parallel Time: 204.0 ms, GC Workers: 8]
      [GC Worker Start (ms): Min: 482559174.0, Avg: 482559174.1, Max: 482559174.2, Diff: 0.2]
      [Ext Root Scanning (ms): Min: 3.3, Avg: 3.7, Max: 4.8, Diff: 1.5, Sum: 29.7]
      [Update RS (ms): Min: 30.5, Avg: 31.5, Max: 32.6, Diff: 2.1, Sum: 252.4]
         [Processed Buffers: Min: 70, Avg: 104.0, Max: 161, Diff: 91, Sum: 832]
      [Scan RS (ms): Min: 0.1, Avg: 0.4, Max: 0.6, Diff: 0.5, Sum: 2.8]
      [Code Root Scanning (ms): Min: 0.0, Avg: 0.0, Max: 0.0, Diff: 0.0, Sum: 0.1]
      [Object Copy (ms): Min: 167.3, Avg: 167.9, Max: 168.1, Diff: 0.8, Sum: 1343.0]
      [Termination (ms): Min: 0.0, Avg: 0.2, Max: 0.2, Diff: 0.2, Sum: 1.6]
         [Termination Attempts: Min: 1, Avg: 194.5, Max: 230, Diff: 229, Sum: 1556]
      [GC Worker Other (ms): Min: 0.1, Avg: 0.1, Max: 0.2, Diff: 0.1, Sum: 1.0]
      [GC Worker Total (ms): Min: 203.7, Avg: 203.8, Max: 203.9, Diff: 0.2, Sum: 1630.5]
      [GC Worker End (ms): Min: 482559377.9, Avg: 482559377.9, Max: 482559378.0, Diff: 0.1]
   [Code Root Fixup: 0.0 ms]
   [Code Root Purge: 0.0 ms]
   [Clear CT: 0.5 ms]
   [Other: 8.2 ms]
      [Choose CSet: 0.0 ms]
      [Ref Proc: 1.3 ms]
      [Ref Enq: 0.1 ms]
      [Redirty Cards: 0.1 ms]
      [Humongous Register: 1.5 ms]
      [Humongous Reclaim: 0.3 ms]
      [Free CSet: 4.0 ms]
   [Eden: 3220.0M(3220.0M)->0.0B(1848.0M) Survivors: 36.0M->382.0M Heap: 5143.6M(6144.0M)->2199.6M(6144.0M)]
 [Times: user=1.51 sys=0.13, real=0.22 secs] 
2025-07-26T02:00:21.503+0800: 482575.339: [GC pause (G1 Evacuation Pause) (young), 0.2325858 secs]
   [Parallel Time: 226.7 ms, GC Workers: 8]
      [GC Worker Start (ms): Min: 482575340.3, Avg: 482575340.3, Max: 482575340.4, Diff: 0.1]
      [Ext Root Scanning (ms): Min: 1.6, Avg: 2.3, Max: 3.1, Diff: 1.5, Sum: 18.7]
      [Update RS (ms): Min: 25.3, Avg: 25.9, Max: 26.5, Diff: 1.2, Sum: 206.9]
         [Processed Buffers: Min: 59, Avg: 75.9, Max: 91, Diff: 32, Sum: 607]
      [Scan RS (ms): Min: 0.1, Avg: 0.2, Max: 0.3, Diff: 0.2, Sum: 1.8]
      [Code Root Scanning (ms): Min: 0.0, Avg: 0.0, Max: 0.0, Diff: 0.0, Sum: 0.0]
      [Object Copy (ms): Min: 196.8, Avg: 198.1, Max: 198.8, Diff: 2.0, Sum: 1584.4]
      [Termination (ms): Min: 0.0, Avg: 0.0, Max: 0.0, Diff: 0.0, Sum: 0.0]
         [Termination Attempts: Min: 1, Avg: 1.5, Max: 2, Diff: 1, Sum: 12]
      [GC Worker Other (ms): Min: 0.0, Avg: 0.1, Max: 0.1, Diff: 0.1, Sum: 0.5]
      [GC Worker Total (ms): Min: 226.5, Avg: 226.5, Max: 226.6, Diff: 0.1, Sum: 1812.3]
      [GC Worker End (ms): Min: 482575566.8, Avg: 482575566.9, Max: 482575566.9, Diff: 0.1]
   [Code Root Fixup: 0.0 ms]
   [Code Root Purge: 0.0 ms]
   [Clear CT: 0.4 ms]
   [Other: 5.4 ms]
      [Choose CSet: 0.0 ms]
      [Ref Proc: 0.9 ms]
      [Ref Enq: 0.1 ms]
      [Redirty Cards: 1.0 ms]
      [Humongous Register: 0.6 ms]
      [Humongous Reclaim: 0.2 ms]
      [Free CSet: 1.5 ms]
   [Eden: 1848.0M(1848.0M)->0.0B(1726.0M) Survivors: 382.0M->96.0M Heap: 4093.8M(6144.0M)->2274.1M(6144.0M)]
 [Times: user=1.66 sys=0.17, real=0.23 secs] 
2025-07-26T02:00:49.096+0800: 482602.932: [GC pause (G1 Evacuation Pause) (young), 0.0667050 secs]
   [Parallel Time: 62.2 ms, GC Workers: 8]
      [GC Worker Start (ms): Min: 482602932.6, Avg: 482602932.7, Max: 482602932.7, Diff: 0.1]
      [Ext Root Scanning (ms): Min: 2.5, Avg: 3.8, Max: 11.8, Diff: 9.4, Sum: 30.7]
      [Update RS (ms): Min: 21.7, Avg: 29.1, Max: 30.4, Diff: 8.7, Sum: 233.0]
         [Processed Buffers: Min: 67, Avg: 105.6, Max: 126, Diff: 59, Sum: 845]
      [Scan RS (ms): Min: 0.4, Avg: 0.7, Max: 0.8, Diff: 0.4, Sum: 5.4]
      [Code Root Scanning (ms): Min: 0.0, Avg: 0.0, Max: 0.0, Diff: 0.0, Sum: 0.0]
      [Object Copy (ms): Min: 28.1, Avg: 28.3, Max: 28.4, Diff: 0.3, Sum: 226.6]
      [Termination (ms): Min: 0.0, Avg: 0.0, Max: 0.0, Diff: 0.0, Sum: 0.0]
         [Termination Attempts: Min: 1, Avg: 1.0, Max: 1, Diff: 0, Sum: 8]
      [GC Worker Other (ms): Min: 0.0, Avg: 0.1, Max: 0.1, Diff: 0.1, Sum: 0.4]
      [GC Worker Total (ms): Min: 62.0, Avg: 62.0, Max: 62.1, Diff: 0.1, Sum: 496.2]
      [GC Worker End (ms): Min: 482602994.7, Avg: 482602994.7, Max: 482602994.7, Diff: 0.1]
   [Code Root Fixup: 0.1 ms]
   [Code Root Purge: 0.0 ms]
   [Clear CT: 0.4 ms]
   [Other: 4.1 ms]
      [Choose CSet: 0.0 ms]
      [Ref Proc: 1.4 ms]
      [Ref Enq: 0.2 ms]
      [Redirty Cards: 0.1 ms]
      [Humongous Register: 0.3 ms]
      [Humongous Reclaim: 0.1 ms]
      [Free CSet: 1.0 ms]
   [Eden: 1712.0M(1712.0M)->0.0B(2164.0M) Survivors: 96.0M->94.0M Heap: 3986.1M(6144.0M)->2272.1M(6144.0M)]
 [Times: user=0.44 sys=0.06, real=0.07 secs] 
2025-07-26T02:01:13.706+0800: 482627.541: [GC pause (G1 Evacuation Pause) (young), 0.0531657 secs]
   [Parallel Time: 44.7 ms, GC Workers: 8]
      [GC Worker Start (ms): Min: 482627543.7, Avg: 482627543.8, Max: 482627543.9, Diff: 0.1]
      [Ext Root Scanning (ms): Min: 2.9, Avg: 3.5, Max: 6.0, Diff: 3.0, Sum: 27.6]
      [Update RS (ms): Min: 9.9, Avg: 11.6, Max: 12.2, Diff: 2.3, Sum: 92.7]
         [Processed Buffers: Min: 47, Avg: 72.5, Max: 84, Diff: 37, Sum: 580]
      [Scan RS (ms): Min: 0.1, Avg: 0.2, Max: 0.3, Diff: 0.3, Sum: 1.8]
      [Code Root Scanning (ms): Min: 0.0, Avg: 0.0, Max: 0.0, Diff: 0.0, Sum: 0.0]
      [Object Copy (ms): Min: 28.6, Avg: 29.2, Max: 29.3, Diff: 0.7, Sum: 233.2]
      [Termination (ms): Min: 0.0, Avg: 0.0, Max: 0.0, Diff: 0.0, Sum: 0.0]
         [Termination Attempts: Min: 1, Avg: 1.0, Max: 1, Diff: 0, Sum: 8]
      [GC Worker Other (ms): Min: 0.0, Avg: 0.1, Max: 0.2, Diff: 0.2, Sum: 1.2]
      [GC Worker Total (ms): Min: 44.5, Avg: 44.6, Max: 44.6, Diff: 0.2, Sum: 356.5]
      [GC Worker End (ms): Min: 482627588.3, Avg: 482627588.4, Max: 482627588.4, Diff: 0.1]
   [Code Root Fixup: 0.1 ms]
   [Code Root Purge: 0.0 ms]
   [Clear CT: 0.5 ms]
   [Other: 7.9 ms]
      [Choose CSet: 0.0 ms]
      [Ref Proc: 1.6 ms]
      [Ref Enq: 0.2 ms]
      [Redirty Cards: 0.1 ms]
      [Humongous Register: 1.7 ms]
      [Humongous Reclaim: 0.2 ms]
      [Free CSet: 2.9 ms]
   [Eden: 2164.0M(2164.0M)->0.0B(2716.0M) Survivors: 94.0M->94.0M Heap: 4485.3M(6144.0M)->2271.1M(6144.0M)]
 [Times: user=0.37 sys=0.00, real=0.06 secs] 
2025-07-26T02:01:50.900+0800: 482664.736: [GC pause (G1 Evacuation Pause) (young), 0.0464325 secs]
   [Parallel Time: 40.2 ms, GC Workers: 8]
      [GC Worker Start (ms): Min: 482664736.6, Avg: 482664736.6, Max: 482664736.6, Diff: 0.1]
      [Ext Root Scanning (ms): Min: 2.6, Avg: 3.8, Max: 10.5, Diff: 7.9, Sum: 30.3]
      [Update RS (ms): Min: 6.9, Avg: 13.4, Max: 14.7, Diff: 7.8, Sum: 107.3]
         [Processed Buffers: Min: 54, Avg: 70.8, Max: 79, Diff: 25, Sum: 566]
      [Scan RS (ms): Min: 0.1, Avg: 0.3, Max: 0.3, Diff: 0.2, Sum: 2.3]
      [Code Root Scanning (ms): Min: 0.0, Avg: 0.0, Max: 0.0, Diff: 0.0, Sum: 0.1]
      [Object Copy (ms): Min: 22.2, Avg: 22.5, Max: 22.6, Diff: 0.4, Sum: 179.7]
      [Termination (ms): Min: 0.0, Avg: 0.0, Max: 0.0, Diff: 0.0, Sum: 0.0]
         [Termination Attempts: Min: 1, Avg: 1.0, Max: 1, Diff: 0, Sum: 8]
      [GC Worker Other (ms): Min: 0.0, Avg: 0.1, Max: 0.2, Diff: 0.1, Sum: 0.6]
      [GC Worker Total (ms): Min: 39.9, Avg: 40.0, Max: 40.1, Diff: 0.2, Sum: 320.2]
      [GC Worker End (ms): Min: 482664776.6, Avg: 482664776.6, Max: 482664776.7, Diff: 0.1]
   [Code Root Fixup: 0.0 ms]
   [Code Root Purge: 0.0 ms]
   [Clear CT: 0.5 ms]
   [Other: 5.7 ms]
      [Choose CSet: 0.0 ms]
      [Ref Proc: 2.4 ms]
      [Ref Enq: 0.2 ms]
      [Redirty Cards: 0.1 ms]
      [Humongous Register: 0.3 ms]
      [Humongous Reclaim: 0.2 ms]
      [Free CSet: 1.8 ms]
   [Eden: 2716.0M(2716.0M)->0.0B(2746.0M) Survivors: 94.0M->88.0M Heap: 5033.2M(6144.0M)->2266.1M(6144.0M)]
 [Times: user=0.28 sys=0.05, real=0.05 secs] 
2025-07-26T02:02:30.075+0800: 482703.911: [GC pause (G1 Evacuation Pause) (young), 0.0519852 secs]
   [Parallel Time: 43.2 ms, GC Workers: 8]
      [GC Worker Start (ms): Min: 482703913.1, Avg: 482703913.1, Max: 482703913.2, Diff: 0.1]
      [Ext Root Scanning (ms): Min: 2.6, Avg: 3.1, Max: 4.5, Diff: 1.9, Sum: 24.8]
      [Update RS (ms): Min: 13.3, Avg: 14.4, Max: 15.0, Diff: 1.7, Sum: 115.2]
         [Processed Buffers: Min: 38, Avg: 71.1, Max: 91, Diff: 53, Sum: 569]
      [Scan RS (ms): Min: 0.1, Avg: 0.3, Max: 0.5, Diff: 0.3, Sum: 2.5]
      [Code Root Scanning (ms): Min: 0.0, Avg: 0.0, Max: 0.0, Diff: 0.0, Sum: 0.1]
      [Object Copy (ms): Min: 24.8, Avg: 25.0, Max: 25.1, Diff: 0.2, Sum: 200.1]
      [Termination (ms): Min: 0.0, Avg: 0.0, Max: 0.0, Diff: 0.0, Sum: 0.0]
         [Termination Attempts: Min: 1, Avg: 1.0, Max: 1, Diff: 0, Sum: 8]
      [GC Worker Other (ms): Min: 0.1, Avg: 0.1, Max: 0.2, Diff: 0.1, Sum: 1.1]
      [GC Worker Total (ms): Min: 42.9, Avg: 43.0, Max: 43.0, Diff: 0.1, Sum: 343.8]
      [GC Worker End (ms): Min: 482703956.1, Avg: 482703956.1, Max: 482703956.2, Diff: 0.1]
   [Code Root Fixup: 0.0 ms]
   [Code Root Purge: 0.0 ms]
   [Clear CT: 0.5 ms]
   [Other: 8.3 ms]
      [Choose CSet: 0.0 ms]
      [Ref Proc: 1.6 ms]
      [Ref Enq: 0.2 ms]
      [Redirty Cards: 0.1 ms]
      [Humongous Register: 1.9 ms]
      [Humongous Reclaim: 0.2 ms]
      [Free CSet: 3.4 ms]
   [Eden: 2746.0M(2746.0M)->0.0B(2766.0M) Survivors: 88.0M->86.0M Heap: 5058.3M(6144.0M)->2263.1M(6144.0M)]
 [Times: user=0.35 sys=0.00, real=0.06 secs] 
2025-07-26T02:21:45.004+0800: 483858.840: [GC pause (G1 Evacuation Pause) (young), 0.0686300 secs]
   [Parallel Time: 51.1 ms, GC Workers: 8]
      [GC Worker Start (ms): Min: 483858846.9, Avg: 483858847.0, Max: 483858847.0, Diff: 0.2]
      [Ext Root Scanning (ms): Min: 3.3, Avg: 4.9, Max: 13.1, Diff: 9.8, Sum: 39.1]
      [Update RS (ms): Min: 10.9, Avg: 18.6, Max: 20.2, Diff: 9.4, Sum: 149.1]
         [Processed Buffers: Min: 56, Avg: 76.6, Max: 98, Diff: 42, Sum: 613]
      [Scan RS (ms): Min: 0.1, Avg: 0.3, Max: 0.5, Diff: 0.3, Sum: 2.5]
      [Code Root Scanning (ms): Min: 0.0, Avg: 0.0, Max: 0.0, Diff: 0.0, Sum: 0.1]
      [Object Copy (ms): Min: 26.6, Avg: 26.9, Max: 27.0, Diff: 0.4, Sum: 215.0]
      [Termination (ms): Min: 0.0, Avg: 0.0, Max: 0.0, Diff: 0.0, Sum: 0.0]
         [Termination Attempts: Min: 1, Avg: 1.0, Max: 1, Diff: 0, Sum: 8]
      [GC Worker Other (ms): Min: 0.1, Avg: 0.2, Max: 0.3, Diff: 0.2, Sum: 1.3]
      [GC Worker Total (ms): Min: 50.8, Avg: 50.9, Max: 51.0, Diff: 0.2, Sum: 407.1]
      [GC Worker End (ms): Min: 483858897.8, Avg: 483858897.8, Max: 483858897.9, Diff: 0.1]
   [Code Root Fixup: 0.0 ms]
   [Code Root Purge: 0.0 ms]
   [Clear CT: 0.6 ms]
   [Other: 16.9 ms]
      [Choose CSet: 0.0 ms]
      [Ref Proc: 5.0 ms]
      [Ref Enq: 0.2 ms]
      [Redirty Cards: 0.1 ms]
      [Humongous Register: 5.7 ms]
      [Humongous Reclaim: 0.3 ms]
      [Free CSet: 3.7 ms]
   [Eden: 2766.0M(2766.0M)->0.0B(2798.0M) Survivors: 86.0M->72.0M Heap: 5075.3M(6144.0M)->2250.1M(6144.0M)]
 [Times: user=0.29 sys=0.14, real=0.07 secs] 
2025-07-26T02:24:23.695+0800: 484017.531: [GC pause (G1 Evacuation Pause) (young), 0.0575865 secs]
   [Parallel Time: 49.5 ms, GC Workers: 8]
      [GC Worker Start (ms): Min: 484017531.9, Avg: 484017532.0, Max: 484017532.0, Diff: 0.1]
      [Ext Root Scanning (ms): Min: 2.0, Avg: 2.3, Max: 3.1, Diff: 1.1, Sum: 18.4]
      [Update RS (ms): Min: 18.7, Avg: 19.5, Max: 19.9, Diff: 1.2, Sum: 155.6]
         [Processed Buffers: Min: 110, Avg: 126.2, Max: 135, Diff: 25, Sum: 1010]
      [Scan RS (ms): Min: 1.3, Avg: 1.5, Max: 1.6, Diff: 0.3, Sum: 11.8]
      [Code Root Scanning (ms): Min: 0.0, Avg: 0.0, Max: 0.0, Diff: 0.0, Sum: 0.1]
      [Object Copy (ms): Min: 25.9, Avg: 26.0, Max: 26.1, Diff: 0.2, Sum: 208.2]
      [Termination (ms): Min: 0.0, Avg: 0.0, Max: 0.0, Diff: 0.0, Sum: 0.0]
         [Termination Attempts: Min: 1, Avg: 3.4, Max: 5, Diff: 4, Sum: 27]
      [GC Worker Other (ms): Min: 0.0, Avg: 0.1, Max: 0.1, Diff: 0.1, Sum: 0.5]
      [GC Worker Total (ms): Min: 49.2, Avg: 49.3, Max: 49.4, Diff: 0.1, Sum: 394.5]
      [GC Worker End (ms): Min: 484017581.3, Avg: 484017581.3, Max: 484017581.3, Diff: 0.1]
   [Code Root Fixup: 0.0 ms]
   [Code Root Purge: 0.0 ms]
   [Clear CT: 0.6 ms]
   [Other: 7.5 ms]
      [Choose CSet: 0.0 ms]
      [Ref Proc: 3.9 ms]
      [Ref Enq: 0.1 ms]
      [Redirty Cards: 0.1 ms]
      [Humongous Register: 0.7 ms]
      [Humongous Reclaim: 0.4 ms]
      [Free CSet: 1.6 ms]
   [Eden: 2798.0M(2798.0M)->0.0B(2788.0M) Survivors: 72.0M->80.0M Heap: 5194.6M(6144.0M)->2261.5M(6144.0M)]
 [Times: user=0.41 sys=0.00, real=0.06 secs] 
2025-07-26T02:26:21.762+0800: 484135.597: [GC pause (G1 Humongous Allocation) (young) (initial-mark), 0.0575614 secs]
   [Parallel Time: 48.6 ms, GC Workers: 8]
      [GC Worker Start (ms): Min: 484135602.7, Avg: 484135602.8, Max: 484135602.9, Diff: 0.2]
      [Ext Root Scanning (ms): Min: 7.0, Avg: 7.2, Max: 7.6, Diff: 0.6, Sum: 57.6]
      [Update RS (ms): Min: 19.4, Avg: 19.5, Max: 20.0, Diff: 0.6, Sum: 156.0]
         [Processed Buffers: Min: 89, Avg: 121.9, Max: 137, Diff: 48, Sum: 975]
      [Scan RS (ms): Min: 1.1, Avg: 1.6, Max: 1.8, Diff: 0.7, Sum: 12.8]
      [Code Root Scanning (ms): Min: 0.0, Avg: 0.0, Max: 0.0, Diff: 0.0, Sum: 0.1]
      [Object Copy (ms): Min: 17.5, Avg: 17.8, Max: 18.0, Diff: 0.6, Sum: 142.5]
      [Termination (ms): Min: 0.0, Avg: 0.0, Max: 0.0, Diff: 0.0, Sum: 0.0]
         [Termination Attempts: Min: 1, Avg: 3.9, Max: 5, Diff: 4, Sum: 31]
      [GC Worker Other (ms): Min: 0.1, Avg: 0.2, Max: 0.3, Diff: 0.2, Sum: 1.2]
      [GC Worker Total (ms): Min: 46.2, Avg: 46.3, Max: 46.4, Diff: 0.2, Sum: 370.2]
      [GC Worker End (ms): Min: 484135649.0, Avg: 484135649.1, Max: 484135649.1, Diff: 0.1]
   [Code Root Fixup: 0.0 ms]
   [Code Root Purge: 0.0 ms]
   [Clear CT: 0.5 ms]
   [Other: 8.3 ms]
      [Choose CSet: 0.0 ms]
      [Ref Proc: 0.9 ms]
      [Ref Enq: 0.1 ms]
      [Redirty Cards: 0.1 ms]
      [Humongous Register: 0.9 ms]
      [Humongous Reclaim: 0.5 ms]
      [Free CSet: 3.1 ms]
   [Eden: 2402.0M(2788.0M)->0.0B(2776.0M) Survivors: 80.0M->82.0M Heap: 4818.6M(6144.0M)->2269.5M(6144.0M)]
 [Times: user=0.31 sys=0.06, real=0.06 secs] 
2025-07-26T02:26:21.820+0800: 484135.655: [GC concurrent-root-region-scan-start]
2025-07-26T02:26:21.851+0800: 484135.687: [GC concurrent-root-region-scan-end, 0.0314008 secs]
2025-07-26T02:26:21.851+0800: 484135.687: [GC concurrent-mark-start]
2025-07-26T02:26:22.271+0800: 484136.107: [GC concurrent-mark-end, 0.4200955 secs]
2025-07-26T02:26:22.274+0800: 484136.110: [GC remark 2025-07-26T02:26:22.274+0800: 484136.110: [Finalize Marking, 0.0004670 secs] 2025-07-26T02:26:22.275+0800: 484136.110: [GC ref-proc, 0.0090443 secs] 2025-07-26T02:26:22.284+0800: 484136.120: [Unloading, 0.0519594 secs], 0.0637818 secs]
 [Times: user=0.24 sys=0.12, real=0.07 secs] 
2025-07-26T02:26:22.341+0800: 484136.177: [GC cleanup 2497M->2315M(6144M), 0.0040138 secs]
 [Times: user=0.03 sys=0.00, real=0.00 secs] 
2025-07-26T02:26:22.346+0800: 484136.181: [GC concurrent-cleanup-start]
2025-07-26T02:26:22.346+0800: 484136.182: [GC concurrent-cleanup-end, 0.0003359 secs]
2025-07-26T02:28:42.282+0800: 484276.117: [GC pause (G1 Evacuation Pause) (young), 0.0381128 secs]
   [Parallel Time: 32.6 ms, GC Workers: 8]
      [GC Worker Start (ms): Min: 484276118.3, Avg: 484276118.4, Max: 484276118.4, Diff: 0.1]
      [Ext Root Scanning (ms): Min: 2.4, Avg: 3.4, Max: 9.5, Diff: 7.2, Sum: 27.1]
      [Update RS (ms): Min: 15.1, Avg: 21.0, Max: 22.2, Diff: 7.1, Sum: 168.3]
         [Processed Buffers: Min: 113, Avg: 141.8, Max: 160, Diff: 47, Sum: 1134]
      [Scan RS (ms): Min: 0.4, Avg: 0.6, Max: 0.7, Diff: 0.3, Sum: 4.4]
      [Code Root Scanning (ms): Min: 0.0, Avg: 0.0, Max: 0.0, Diff: 0.0, Sum: 0.1]
      [Object Copy (ms): Min: 7.2, Avg: 7.4, Max: 7.5, Diff: 0.3, Sum: 59.3]
      [Termination (ms): Min: 0.0, Avg: 0.0, Max: 0.0, Diff: 0.0, Sum: 0.1]
         [Termination Attempts: Min: 1, Avg: 7.6, Max: 11, Diff: 10, Sum: 61]
      [GC Worker Other (ms): Min: 0.0, Avg: 0.1, Max: 0.1, Diff: 0.1, Sum: 0.5]
      [GC Worker Total (ms): Min: 32.4, Avg: 32.5, Max: 32.5, Diff: 0.1, Sum: 259.8]
      [GC Worker End (ms): Min: 484276150.8, Avg: 484276150.8, Max: 484276150.9, Diff: 0.1]
   [Code Root Fixup: 0.0 ms]
   [Code Root Purge: 0.0 ms]
   [Clear CT: 0.6 ms]
   [Other: 4.9 ms]
      [Choose CSet: 0.0 ms]
      [Ref Proc: 1.3 ms]
      [Ref Enq: 0.1 ms]
      [Redirty Cards: 0.1 ms]
      [Humongous Register: 0.4 ms]
      [Humongous Reclaim: 0.3 ms]
      [Free CSet: 1.8 ms]
   [Eden: 2776.0M(2776.0M)->0.0B(276.0M) Survivors: 82.0M->30.0M Heap: 5031.8M(6144.0M)->2026.0M(6144.0M)]
 [Times: user=0.25 sys=0.03, real=0.04 secs] 
2025-07-26T02:29:01.396+0800: 484295.231: [GC pause (G1 Evacuation Pause) (mixed), 0.0218196 secs]
   [Parallel Time: 15.9 ms, GC Workers: 8]
      [GC Worker Start (ms): Min: 484295233.0, Avg: 484295233.0, Max: 484295233.1, Diff: 0.1]
      [Ext Root Scanning (ms): Min: 2.6, Avg: 3.0, Max: 4.2, Diff: 1.6, Sum: 23.8]
      [Update RS (ms): Min: 0.0, Avg: 1.0, Max: 1.6, Diff: 1.6, Sum: 7.9]
         [Processed Buffers: Min: 0, Avg: 15.8, Max: 26, Diff: 26, Sum: 126]
      [Scan RS (ms): Min: 1.9, Avg: 2.2, Max: 2.3, Diff: 0.4, Sum: 17.5]
      [Code Root Scanning (ms): Min: 0.0, Avg: 0.0, Max: 0.0, Diff: 0.0, Sum: 0.1]
      [Object Copy (ms): Min: 9.4, Avg: 9.6, Max: 9.7, Diff: 0.2, Sum: 76.7]
      [Termination (ms): Min: 0.0, Avg: 0.0, Max: 0.0, Diff: 0.0, Sum: 0.0]
         [Termination Attempts: Min: 1, Avg: 1.0, Max: 1, Diff: 0, Sum: 8]
      [GC Worker Other (ms): Min: 0.0, Avg: 0.0, Max: 0.0, Diff: 0.0, Sum: 0.2]
      [GC Worker Total (ms): Min: 15.7, Avg: 15.8, Max: 15.8, Diff: 0.1, Sum: 126.1]
      [GC Worker End (ms): Min: 484295248.8, Avg: 484295248.8, Max: 484295248.8, Diff: 0.0]
   [Code Root Fixup: 0.0 ms]
   [Code Root Purge: 0.0 ms]
   [Clear CT: 0.3 ms]
   [Other: 5.5 ms]
      [Choose CSet: 0.9 ms]
      [Ref Proc: 0.6 ms]
      [Ref Enq: 0.0 ms]
      [Redirty Cards: 0.1 ms]
      [Humongous Register: 0.5 ms]
      [Humongous Reclaim: 0.1 ms]
      [Free CSet: 2.5 ms]
   [Eden: 276.0M(276.0M)->0.0B(274.0M) Survivors: 30.0M->32.0M Heap: 2302.0M(6144.0M)->1417.4M(6144.0M)]
 [Times: user=0.06 sys=0.07, real=0.03 secs] 
2025-07-26T02:29:01.852+0800: 484295.688: [GC pause (G1 Evacuation Pause) (mixed), 0.0369113 secs]
   [Parallel Time: 31.6 ms, GC Workers: 8]
      [GC Worker Start (ms): Min: 484295688.9, Avg: 484295689.0, Max: 484295689.1, Diff: 0.2]
      [Ext Root Scanning (ms): Min: 2.3, Avg: 2.5, Max: 3.2, Diff: 1.0, Sum: 20.2]
      [Update RS (ms): Min: 8.3, Avg: 8.9, Max: 9.4, Diff: 1.1, Sum: 71.6]
         [Processed Buffers: Min: 34, Avg: 40.9, Max: 48, Diff: 14, Sum: 327]
      [Scan RS (ms): Min: 3.2, Avg: 3.6, Max: 3.7, Diff: 0.4, Sum: 28.6]
      [Code Root Scanning (ms): Min: 0.0, Avg: 0.0, Max: 0.1, Diff: 0.1, Sum: 0.1]
      [Object Copy (ms): Min: 16.2, Avg: 16.3, Max: 16.5, Diff: 0.3, Sum: 130.8]
      [Termination (ms): Min: 0.0, Avg: 0.0, Max: 0.0, Diff: 0.0, Sum: 0.1]
         [Termination Attempts: Min: 1, Avg: 9.8, Max: 19, Diff: 18, Sum: 78]
      [GC Worker Other (ms): Min: 0.0, Avg: 0.0, Max: 0.1, Diff: 0.0, Sum: 0.3]
      [GC Worker Total (ms): Min: 31.3, Avg: 31.5, Max: 31.5, Diff: 0.2, Sum: 251.6]
      [GC Worker End (ms): Min: 484295720.4, Avg: 484295720.4, Max: 484295720.4, Diff: 0.0]
   [Code Root Fixup: 0.0 ms]
   [Code Root Purge: 0.0 ms]
   [Clear CT: 0.4 ms]
   [Other: 4.8 ms]
      [Choose CSet: 0.8 ms]
      [Ref Proc: 1.1 ms]
      [Ref Enq: 0.0 ms]
      [Redirty Cards: 0.2 ms]
      [Humongous Register: 0.3 ms]
      [Humongous Reclaim: 0.2 ms]
      [Free CSet: 1.6 ms]
   [Eden: 274.0M(274.0M)->0.0B(3662.0M) Survivors: 32.0M->24.0M Heap: 1721.0M(6144.0M)->1067.5M(6144.0M)]
 [Times: user=0.24 sys=0.01, real=0.04 secs] 
2025-07-26T02:30:06.219+0800: 484360.055: [GC pause (G1 Evacuation Pause) (young), 0.2172955 secs]
   [Parallel Time: 207.5 ms, GC Workers: 8]
      [GC Worker Start (ms): Min: 484360057.2, Avg: 484360057.3, Max: 484360057.3, Diff: 0.1]
      [Ext Root Scanning (ms): Min: 1.7, Avg: 2.8, Max: 3.9, Diff: 2.3, Sum: 22.0]
      [Update RS (ms): Min: 41.3, Avg: 42.6, Max: 44.4, Diff: 3.1, Sum: 340.5]
         [Processed Buffers: Min: 92, Avg: 119.9, Max: 207, Diff: 115, Sum: 959]
      [Scan RS (ms): Min: 0.1, Avg: 0.4, Max: 0.6, Diff: 0.5, Sum: 3.1]
      [Code Root Scanning (ms): Min: 0.0, Avg: 0.0, Max: 0.0, Diff: 0.0, Sum: 0.1]
      [Object Copy (ms): Min: 159.9, Avg: 161.3, Max: 162.4, Diff: 2.5, Sum: 1290.1]
      [Termination (ms): Min: 0.0, Avg: 0.1, Max: 0.1, Diff: 0.1, Sum: 0.5]
         [Termination Attempts: Min: 1, Avg: 69.6, Max: 89, Diff: 88, Sum: 557]
      [GC Worker Other (ms): Min: 0.2, Avg: 0.2, Max: 0.4, Diff: 0.2, Sum: 1.9]
      [GC Worker Total (ms): Min: 207.2, Avg: 207.3, Max: 207.4, Diff: 0.2, Sum: 1658.2]
      [GC Worker End (ms): Min: 484360264.5, Avg: 484360264.5, Max: 484360264.6, Diff: 0.1]
   [Code Root Fixup: 0.1 ms]
   [Code Root Purge: 0.0 ms]
   [Clear CT: 0.7 ms]
   [Other: 9.1 ms]
      [Choose CSet: 0.0 ms]
      [Ref Proc: 1.4 ms]
      [Ref Enq: 0.1 ms]
      [Redirty Cards: 0.1 ms]
      [Humongous Register: 2.1 ms]
      [Humongous Reclaim: 0.2 ms]
      [Free CSet: 4.2 ms]
   [Eden: 3662.0M(3662.0M)->0.0B(3218.0M) Survivors: 24.0M->436.0M Heap: 4802.1M(6144.0M)->1483.9M(6144.0M)]
 [Times: user=1.62 sys=0.06, real=0.21 secs] 
2025-07-26T02:30:50.014+0800: 484403.850: [GC pause (G1 Evacuation Pause) (young), 0.2053112 secs]
   [Parallel Time: 197.7 ms, GC Workers: 8]
      [GC Worker Start (ms): Min: 484403850.6, Avg: 484403850.7, Max: 484403850.7, Diff: 0.1]
      [Ext Root Scanning (ms): Min: 2.8, Avg: 3.9, Max: 10.2, Diff: 7.5, Sum: 31.5]
      [Update RS (ms): Min: 19.3, Avg: 25.4, Max: 26.5, Diff: 7.2, Sum: 203.3]
         [Processed Buffers: Min: 50, Avg: 76.2, Max: 90, Diff: 40, Sum: 610]
      [Scan RS (ms): Min: 0.3, Avg: 0.4, Max: 0.5, Diff: 0.2, Sum: 3.2]
      [Code Root Scanning (ms): Min: 0.0, Avg: 0.0, Max: 0.0, Diff: 0.0, Sum: 0.1]
      [Object Copy (ms): Min: 167.5, Avg: 167.7, Max: 167.8, Diff: 0.3, Sum: 1341.5]
      [Termination (ms): Min: 0.0, Avg: 0.0, Max: 0.0, Diff: 0.0, Sum: 0.0]
         [Termination Attempts: Min: 1, Avg: 2.8, Max: 6, Diff: 5, Sum: 22]
      [GC Worker Other (ms): Min: 0.0, Avg: 0.1, Max: 0.1, Diff: 0.1, Sum: 0.7]
      [GC Worker Total (ms): Min: 197.4, Avg: 197.5, Max: 197.6, Diff: 0.1, Sum: 1580.2]
      [GC Worker End (ms): Min: 484404048.1, Avg: 484404048.2, Max: 484404048.2, Diff: 0.1]
   [Code Root Fixup: 0.0 ms]
   [Code Root Purge: 0.0 ms]
   [Clear CT: 0.8 ms]
   [Other: 6.7 ms]
      [Choose CSet: 0.0 ms]
      [Ref Proc: 2.1 ms]
      [Ref Enq: 0.2 ms]
      [Redirty Cards: 1.2 ms]
      [Humongous Register: 0.3 ms]
      [Humongous Reclaim: 0.2 ms]
      [Free CSet: 2.0 ms]
   [Eden: 3218.0M(3218.0M)->0.0B(3304.0M) Survivors: 436.0M->36.0M Heap: 4748.0M(6144.0M)->1638.3M(6144.0M)]
 [Times: user=1.50 sys=0.08, real=0.21 secs] 
2025-07-26T02:31:26.333+0800: 484440.168: [GC pause (G1 Evacuation Pause) (young), 0.0390359 secs]
   [Parallel Time: 29.7 ms, GC Workers: 8]
      [GC Worker Start (ms): Min: 484440170.4, Avg: 484440170.5, Max: 484440170.7, Diff: 0.3]
      [Ext Root Scanning (ms): Min: 4.3, Avg: 5.3, Max: 11.3, Diff: 7.0, Sum: 42.5]
      [Update RS (ms): Min: 11.2, Avg: 17.0, Max: 18.1, Diff: 6.9, Sum: 135.7]
         [Processed Buffers: Min: 72, Avg: 95.6, Max: 109, Diff: 37, Sum: 765]
      [Scan RS (ms): Min: 0.7, Avg: 0.9, Max: 1.1, Diff: 0.4, Sum: 7.3]
      [Code Root Scanning (ms): Min: 0.0, Avg: 0.0, Max: 0.0, Diff: 0.0, Sum: 0.1]
      [Object Copy (ms): Min: 5.8, Avg: 6.1, Max: 6.3, Diff: 0.4, Sum: 48.4]
      [Termination (ms): Min: 0.0, Avg: 0.0, Max: 0.0, Diff: 0.0, Sum: 0.0]
         [Termination Attempts: Min: 1, Avg: 4.0, Max: 8, Diff: 7, Sum: 32]
      [GC Worker Other (ms): Min: 0.1, Avg: 0.1, Max: 0.2, Diff: 0.2, Sum: 1.2]
      [GC Worker Total (ms): Min: 29.2, Avg: 29.4, Max: 29.5, Diff: 0.3, Sum: 235.3]
      [GC Worker End (ms): Min: 484440199.9, Avg: 484440199.9, Max: 484440200.0, Diff: 0.1]
   [Code Root Fixup: 0.0 ms]
   [Code Root Purge: 0.0 ms]
   [Clear CT: 0.6 ms]
   [Other: 8.6 ms]
      [Choose CSet: 0.0 ms]
      [Ref Proc: 1.6 ms]
      [Ref Enq: 0.1 ms]
      [Redirty Cards: 0.2 ms]
      [Humongous Register: 1.4 ms]
      [Humongous Reclaim: 0.3 ms]
      [Free CSet: 4.3 ms]
   [Eden: 3304.0M(3304.0M)->0.0B(3342.0M) Survivors: 36.0M->32.0M Heap: 5037.7M(6144.0M)->1634.3M(6144.0M)]
 [Times: user=0.23 sys=0.02, real=0.04 secs] 
2025-07-26T02:32:22.670+0800: 484496.505: [GC pause (G1 Evacuation Pause) (young), 0.0285264 secs]
   [Parallel Time: 17.2 ms, GC Workers: 8]
      [GC Worker Start (ms): Min: 484496509.1, Avg: 484496509.2, Max: 484496509.3, Diff: 0.2]
      [Ext Root Scanning (ms): Min: 2.8, Avg: 3.5, Max: 6.8, Diff: 4.1, Sum: 27.9]
      [Update RS (ms): Min: 0.0, Avg: 2.4, Max: 3.2, Diff: 3.2, Sum: 19.2]
         [Processed Buffers: Min: 0, Avg: 24.4, Max: 41, Diff: 41, Sum: 195]
      [Scan RS (ms): Min: 0.1, Avg: 0.4, Max: 0.6, Diff: 0.5, Sum: 3.3]
      [Code Root Scanning (ms): Min: 0.0, Avg: 0.0, Max: 0.0, Diff: 0.0, Sum: 0.1]
      [Object Copy (ms): Min: 9.5, Avg: 10.4, Max: 10.7, Diff: 1.2, Sum: 83.5]
      [Termination (ms): Min: 0.0, Avg: 0.0, Max: 0.0, Diff: 0.0, Sum: 0.0]
         [Termination Attempts: Min: 1, Avg: 2.2, Max: 5, Diff: 4, Sum: 18]
      [GC Worker Other (ms): Min: 0.1, Avg: 0.2, Max: 0.2, Diff: 0.1, Sum: 1.3]
      [GC Worker Total (ms): Min: 16.8, Avg: 16.9, Max: 17.0, Diff: 0.2, Sum: 135.4]
      [GC Worker End (ms): Min: 484496526.1, Avg: 484496526.1, Max: 484496526.2, Diff: 0.1]
   [Code Root Fixup: 0.0 ms]
   [Code Root Purge: 0.0 ms]
   [Clear CT: 0.7 ms]
   [Other: 10.6 ms]
      [Choose CSet: 0.0 ms]
      [Ref Proc: 2.1 ms]
      [Ref Enq: 0.2 ms]
      [Redirty Cards: 0.1 ms]
      [Humongous Register: 2.8 ms]
      [Humongous Reclaim: 0.1 ms]
      [Free CSet: 4.1 ms]
   [Eden: 3342.0M(3342.0M)->0.0B(3358.0M) Survivors: 32.0M->42.0M Heap: 4976.3M(6144.0M)->1644.3M(6144.0M)]
 [Times: user=0.06 sys=0.09, real=0.03 secs] 
2025-07-26T02:34:20.185+0800: 484614.020: [GC pause (G1 Evacuation Pause) (young), 0.0393379 secs]
   [Parallel Time: 30.2 ms, GC Workers: 8]
      [GC Worker Start (ms): Min: 484614022.3, Avg: 484614022.5, Max: 484614022.6, Diff: 0.3]
      [Ext Root Scanning (ms): Min: 2.6, Avg: 4.1, Max: 12.4, Diff: 9.8, Sum: 33.0]
      [Update RS (ms): Min: 10.0, Avg: 18.0, Max: 19.5, Diff: 9.5, Sum: 143.9]
         [Processed Buffers: Min: 83, Avg: 126.8, Max: 154, Diff: 71, Sum: 1014]
      [Scan RS (ms): Min: 0.4, Avg: 0.7, Max: 0.8, Diff: 0.3, Sum: 5.3]
      [Code Root Scanning (ms): Min: 0.0, Avg: 0.0, Max: 0.0, Diff: 0.0, Sum: 0.1]
      [Object Copy (ms): Min: 6.8, Avg: 6.9, Max: 7.0, Diff: 0.2, Sum: 55.2]
      [Termination (ms): Min: 0.0, Avg: 0.0, Max: 0.0, Diff: 0.0, Sum: 0.0]
         [Termination Attempts: Min: 1, Avg: 1.4, Max: 3, Diff: 2, Sum: 11]
      [GC Worker Other (ms): Min: 0.1, Avg: 0.1, Max: 0.2, Diff: 0.1, Sum: 1.1]
      [GC Worker Total (ms): Min: 29.6, Avg: 29.8, Max: 30.0, Diff: 0.3, Sum: 238.6]
      [GC Worker End (ms): Min: 484614052.2, Avg: 484614052.3, Max: 484614052.4, Diff: 0.1]
   [Code Root Fixup: 0.1 ms]
   [Code Root Purge: 0.0 ms]
   [Clear CT: 0.6 ms]
   [Other: 8.4 ms]
      [Choose CSet: 0.0 ms]
      [Ref Proc: 1.6 ms]
      [Ref Enq: 0.1 ms]
      [Redirty Cards: 0.1 ms]
      [Humongous Register: 1.3 ms]
      [Humongous Reclaim: 0.4 ms]
      [Free CSet: 3.9 ms]
   [Eden: 3358.0M(3358.0M)->0.0B(3392.0M) Survivors: 42.0M->30.0M Heap: 5143.7M(6144.0M)->1631.3M(6144.0M)]
 [Times: user=0.25 sys=0.00, real=0.04 secs] 
2025-07-26T02:37:14.615+0800: 484788.451: [GC pause (G1 Evacuation Pause) (young), 0.0447876 secs]
   [Parallel Time: 33.9 ms, GC Workers: 8]
      [GC Worker Start (ms): Min: 484788454.5, Avg: 484788454.6, Max: 484788454.7, Diff: 0.2]
      [Ext Root Scanning (ms): Min: 3.1, Avg: 4.3, Max: 10.7, Diff: 7.6, Sum: 34.4]
      [Update RS (ms): Min: 13.2, Avg: 19.4, Max: 21.1, Diff: 8.0, Sum: 155.0]
         [Processed Buffers: Min: 88, Avg: 126.6, Max: 154, Diff: 66, Sum: 1013]
      [Scan RS (ms): Min: 0.1, Avg: 0.8, Max: 1.0, Diff: 0.9, Sum: 6.5]
      [Code Root Scanning (ms): Min: 0.0, Avg: 0.0, Max: 0.0, Diff: 0.0, Sum: 0.1]
      [Object Copy (ms): Min: 8.8, Avg: 9.0, Max: 9.1, Diff: 0.2, Sum: 72.0]
      [Termination (ms): Min: 0.0, Avg: 0.0, Max: 0.0, Diff: 0.0, Sum: 0.2]
         [Termination Attempts: Min: 1, Avg: 1.6, Max: 2, Diff: 1, Sum: 13]
      [GC Worker Other (ms): Min: 0.1, Avg: 0.1, Max: 0.2, Diff: 0.1, Sum: 1.0]
      [GC Worker Total (ms): Min: 33.6, Avg: 33.6, Max: 33.7, Diff: 0.2, Sum: 269.1]
      [GC Worker End (ms): Min: 484788488.2, Avg: 484788488.2, Max: 484788488.2, Diff: 0.1]
   [Code Root Fixup: 0.0 ms]
   [Code Root Purge: 0.0 ms]
   [Clear CT: 0.7 ms]
   [Other: 10.1 ms]
      [Choose CSet: 0.0 ms]
      [Ref Proc: 1.3 ms]
      [Ref Enq: 0.1 ms]
      [Redirty Cards: 0.2 ms]
      [Humongous Register: 2.7 ms]
      [Humongous Reclaim: 0.7 ms]
      [Free CSet: 4.1 ms]
   [Eden: 3392.0M(3392.0M)->0.0B(3404.0M) Survivors: 30.0M->36.0M Heap: 5210.8M(6144.0M)->1638.3M(6144.0M)]
 [Times: user=0.26 sys=0.02, real=0.05 secs] 
2025-07-26T02:50:20.972+0800: 485574.808: [GC pause (G1 Evacuation Pause) (young), 0.0436762 secs]
   [Parallel Time: 31.1 ms, GC Workers: 8]
      [GC Worker Start (ms): Min: 485574811.6, Avg: 485574811.6, Max: 485574811.7, Diff: 0.1]
      [Ext Root Scanning (ms): Min: 2.6, Avg: 3.9, Max: 11.1, Diff: 8.5, Sum: 31.0]
      [Update RS (ms): Min: 11.8, Avg: 18.5, Max: 19.7, Diff: 7.9, Sum: 147.7]
         [Processed Buffers: Min: 62, Avg: 114.0, Max: 142, Diff: 80, Sum: 912]
      [Scan RS (ms): Min: 0.8, Avg: 1.1, Max: 1.3, Diff: 0.5, Sum: 8.9]
      [Code Root Scanning (ms): Min: 0.0, Avg: 0.0, Max: 0.0, Diff: 0.0, Sum: 0.1]
      [Object Copy (ms): Min: 7.0, Avg: 7.2, Max: 7.3, Diff: 0.3, Sum: 57.7]
      [Termination (ms): Min: 0.0, Avg: 0.0, Max: 0.0, Diff: 0.0, Sum: 0.1]
         [Termination Attempts: Min: 1, Avg: 15.4, Max: 23, Diff: 22, Sum: 123]
      [GC Worker Other (ms): Min: 0.1, Avg: 0.2, Max: 0.2, Diff: 0.1, Sum: 1.3]
      [GC Worker Total (ms): Min: 30.8, Avg: 30.8, Max: 31.0, Diff: 0.2, Sum: 246.8]
      [GC Worker End (ms): Min: 485574842.4, Avg: 485574842.5, Max: 485574842.5, Diff: 0.1]
   [Code Root Fixup: 0.0 ms]
   [Code Root Purge: 0.0 ms]
   [Clear CT: 0.7 ms]
   [Other: 11.8 ms]
      [Choose CSet: 0.0 ms]
      [Ref Proc: 2.8 ms]
      [Ref Enq: 0.1 ms]
      [Redirty Cards: 0.1 ms]
      [Humongous Register: 3.0 ms]
      [Humongous Reclaim: 0.6 ms]
      [Free CSet: 4.0 ms]
   [Eden: 3404.0M(3404.0M)->0.0B(3434.0M) Survivors: 36.0M->24.0M Heap: 5233.1M(6144.0M)->1625.3M(6144.0M)]
 [Times: user=0.23 sys=0.03, real=0.04 secs] 
2025-07-26T03:00:02.309+0800: 486156.144: [GC pause (G1 Evacuation Pause) (young), 0.0956885 secs]
   [Parallel Time: 82.7 ms, GC Workers: 8]
      [GC Worker Start (ms): Min: 486156147.6, Avg: 486156147.6, Max: 486156147.7, Diff: 0.2]
      [Ext Root Scanning (ms): Min: 2.8, Avg: 4.0, Max: 10.3, Diff: 7.5, Sum: 31.6]
      [Update RS (ms): Min: 24.1, Avg: 30.5, Max: 32.4, Diff: 8.3, Sum: 243.9]
         [Processed Buffers: Min: 149, Avg: 173.8, Max: 204, Diff: 55, Sum: 1390]
      [Scan RS (ms): Min: 0.1, Avg: 0.4, Max: 0.5, Diff: 0.4, Sum: 2.8]
      [Code Root Scanning (ms): Min: 0.0, Avg: 0.0, Max: 0.0, Diff: 0.0, Sum: 0.1]
      [Object Copy (ms): Min: 46.9, Avg: 47.5, Max: 47.7, Diff: 0.9, Sum: 380.2]
      [Termination (ms): Min: 0.0, Avg: 0.0, Max: 0.0, Diff: 0.0, Sum: 0.0]
         [Termination Attempts: Min: 1, Avg: 1.0, Max: 1, Diff: 0, Sum: 8]
      [GC Worker Other (ms): Min: 0.1, Avg: 0.1, Max: 0.2, Diff: 0.1, Sum: 1.1]
      [GC Worker Total (ms): Min: 82.4, Avg: 82.5, Max: 82.5, Diff: 0.2, Sum: 659.7]
      [GC Worker End (ms): Min: 486156230.0, Avg: 486156230.1, Max: 486156230.1, Diff: 0.1]
   [Code Root Fixup: 0.1 ms]
   [Code Root Purge: 0.0 ms]
   [Clear CT: 0.8 ms]
   [Other: 12.2 ms]
      [Choose CSet: 0.0 ms]
      [Ref Proc: 3.2 ms]
      [Ref Enq: 0.2 ms]
      [Redirty Cards: 0.1 ms]
      [Humongous Register: 2.7 ms]
      [Humongous Reclaim: 0.5 ms]
      [Free CSet: 4.4 ms]
   [Eden: 3434.0M(3434.0M)->0.0B(236.0M) Survivors: 24.0M->156.0M Heap: 5202.2M(6144.0M)->1758.7M(6144.0M)]
 [Times: user=0.58 sys=0.10, real=0.09 secs] 
2025-07-26T03:00:03.149+0800: 486156.984: [GC pause (G1 Evacuation Pause) (young), 0.0830162 secs]
   [Parallel Time: 80.3 ms, GC Workers: 8]
      [GC Worker Start (ms): Min: 486156985.1, Avg: 486156985.2, Max: 486156985.3, Diff: 0.1]
      [Ext Root Scanning (ms): Min: 2.2, Avg: 2.5, Max: 3.2, Diff: 1.0, Sum: 19.9]
      [Update RS (ms): Min: 7.9, Avg: 8.3, Max: 9.0, Diff: 1.1, Sum: 66.7]
         [Processed Buffers: Min: 5, Avg: 18.5, Max: 60, Diff: 55, Sum: 148]
      [Scan RS (ms): Min: 0.0, Avg: 0.0, Max: 0.1, Diff: 0.1, Sum: 0.2]
      [Code Root Scanning (ms): Min: 0.0, Avg: 0.0, Max: 0.0, Diff: 0.0, Sum: 0.0]
      [Object Copy (ms): Min: 68.2, Avg: 69.0, Max: 69.4, Diff: 1.3, Sum: 551.7]
      [Termination (ms): Min: 0.0, Avg: 0.3, Max: 0.3, Diff: 0.3, Sum: 2.1]
         [Termination Attempts: Min: 1, Avg: 292.6, Max: 348, Diff: 347, Sum: 2341]
      [GC Worker Other (ms): Min: 0.0, Avg: 0.0, Max: 0.1, Diff: 0.0, Sum: 0.2]
      [GC Worker Total (ms): Min: 80.1, Avg: 80.1, Max: 80.2, Diff: 0.1, Sum: 641.0]
      [GC Worker End (ms): Min: 486157065.3, Avg: 486157065.3, Max: 486157065.3, Diff: 0.0]
   [Code Root Fixup: 0.1 ms]
   [Code Root Purge: 0.0 ms]
   [Clear CT: 0.2 ms]
   [Other: 2.5 ms]
      [Choose CSet: 0.0 ms]
      [Ref Proc: 0.5 ms]
      [Ref Enq: 0.0 ms]
      [Redirty Cards: 0.2 ms]
      [Humongous Register: 0.4 ms]
      [Humongous Reclaim: 0.1 ms]
      [Free CSet: 0.4 ms]
   [Eden: 236.0M(236.0M)->0.0B(256.0M) Survivors: 156.0M->50.0M Heap: 1996.8M(6144.0M)->1817.5M(6144.0M)]
 [Times: user=0.65 sys=0.00, real=0.08 secs] 
2025-07-26T03:00:03.548+0800: 486157.383: [GC pause (G1 Evacuation Pause) (young), 0.0636577 secs]
   [Parallel Time: 61.7 ms, GC Workers: 8]
      [GC Worker Start (ms): Min: 486157383.8, Avg: 486157383.9, Max: 486157384.0, Diff: 0.1]
      [Ext Root Scanning (ms): Min: 2.1, Avg: 2.4, Max: 3.1, Diff: 1.0, Sum: 19.4]
      [Update RS (ms): Min: 19.6, Avg: 20.1, Max: 20.4, Diff: 0.9, Sum: 160.9]
         [Processed Buffers: Min: 47, Avg: 59.4, Max: 79, Diff: 32, Sum: 475]
      [Scan RS (ms): Min: 0.0, Avg: 0.0, Max: 0.0, Diff: 0.0, Sum: 0.2]
      [Code Root Scanning (ms): Min: 0.0, Avg: 0.0, Max: 0.0, Diff: 0.0, Sum: 0.0]
      [Object Copy (ms): Min: 38.7, Avg: 38.8, Max: 39.0, Diff: 0.4, Sum: 310.3]
      [Termination (ms): Min: 0.0, Avg: 0.1, Max: 0.1, Diff: 0.1, Sum: 0.5]
         [Termination Attempts: Min: 17, Avg: 25.2, Max: 29, Diff: 12, Sum: 202]
      [GC Worker Other (ms): Min: 0.0, Avg: 0.0, Max: 0.1, Diff: 0.1, Sum: 0.3]
      [GC Worker Total (ms): Min: 61.3, Avg: 61.4, Max: 61.5, Diff: 0.2, Sum: 491.5]
      [GC Worker End (ms): Min: 486157445.3, Avg: 486157445.3, Max: 486157445.4, Diff: 0.1]
   [Code Root Fixup: 0.1 ms]
   [Code Root Purge: 0.0 ms]
   [Clear CT: 0.1 ms]
   [Other: 1.8 ms]
      [Choose CSet: 0.0 ms]
      [Ref Proc: 0.3 ms]
      [Ref Enq: 0.0 ms]
      [Redirty Cards: 0.1 ms]
      [Humongous Register: 0.3 ms]
      [Humongous Reclaim: 0.1 ms]
      [Free CSet: 0.3 ms]
   [Eden: 256.0M(256.0M)->0.0B(326.0M) Survivors: 50.0M->40.0M Heap: 2073.5M(6144.0M)->1865.3M(6144.0M)]
 [Times: user=0.49 sys=0.01, real=0.06 secs] 
2025-07-26T03:00:04.046+0800: 486157.882: [GC pause (G1 Evacuation Pause) (young), 0.0479370 secs]
   [Parallel Time: 45.4 ms, GC Workers: 8]
      [GC Worker Start (ms): Min: 486157882.6, Avg: 486157882.6, Max: 486157882.6, Diff: 0.1]
      [Ext Root Scanning (ms): Min: 2.2, Avg: 2.5, Max: 3.3, Diff: 1.0, Sum: 20.0]
      [Update RS (ms): Min: 14.5, Avg: 15.0, Max: 15.2, Diff: 0.8, Sum: 120.3]
         [Processed Buffers: Min: 38, Avg: 44.8, Max: 53, Diff: 15, Sum: 358]
      [Scan RS (ms): Min: 0.0, Avg: 0.0, Max: 0.0, Diff: 0.0, Sum: 0.3]
      [Code Root Scanning (ms): Min: 0.0, Avg: 0.0, Max: 0.0, Diff: 0.0, Sum: 0.0]
      [Object Copy (ms): Min: 27.3, Avg: 27.5, Max: 27.6, Diff: 0.2, Sum: 220.0]
      [Termination (ms): Min: 0.2, Avg: 0.2, Max: 0.2, Diff: 0.1, Sum: 1.5]
         [Termination Attempts: Min: 68, Avg: 81.5, Max: 100, Diff: 32, Sum: 652]
      [GC Worker Other (ms): Min: 0.0, Avg: 0.0, Max: 0.0, Diff: 0.0, Sum: 0.2]
      [GC Worker Total (ms): Min: 45.3, Avg: 45.3, Max: 45.3, Diff: 0.1, Sum: 362.3]
      [GC Worker End (ms): Min: 486157927.9, Avg: 486157927.9, Max: 486157927.9, Diff: 0.0]
   [Code Root Fixup: 0.1 ms]
   [Code Root Purge: 0.0 ms]
   [Clear CT: 0.2 ms]
   [Other: 2.2 ms]
      [Choose CSet: 0.0 ms]
      [Ref Proc: 0.3 ms]
      [Ref Enq: 0.0 ms]
      [Redirty Cards: 0.2 ms]
      [Humongous Register: 0.3 ms]
      [Humongous Reclaim: 0.1 ms]
      [Free CSet: 0.3 ms]
   [Eden: 326.0M(326.0M)->0.0B(472.0M) Survivors: 40.0M->46.0M Heap: 2191.3M(6144.0M)->1908.3M(6144.0M)]
 [Times: user=0.37 sys=0.00, real=0.05 secs] 
2025-07-26T03:00:04.679+0800: 486158.515: [GC pause (G1 Evacuation Pause) (young), 0.0648766 secs]
   [Parallel Time: 62.6 ms, GC Workers: 8]
      [GC Worker Start (ms): Min: 486158515.5, Avg: 486158515.5, Max: 486158515.6, Diff: 0.1]
      [Ext Root Scanning (ms): Min: 2.1, Avg: 2.4, Max: 3.1, Diff: 1.0, Sum: 19.3]
      [Update RS (ms): Min: 21.2, Avg: 21.8, Max: 22.0, Diff: 0.7, Sum: 174.2]
         [Processed Buffers: Min: 70, Avg: 84.2, Max: 99, Diff: 29, Sum: 674]
      [Scan RS (ms): Min: 0.0, Avg: 0.0, Max: 0.1, Diff: 0.1, Sum: 0.3]
      [Code Root Scanning (ms): Min: 0.0, Avg: 0.0, Max: 0.0, Diff: 0.0, Sum: 0.0]
      [Object Copy (ms): Min: 37.8, Avg: 38.1, Max: 38.3, Diff: 0.4, Sum: 305.2]
      [Termination (ms): Min: 0.0, Avg: 0.0, Max: 0.0, Diff: 0.0, Sum: 0.0]
         [Termination Attempts: Min: 1, Avg: 1.0, Max: 1, Diff: 0, Sum: 8]
      [GC Worker Other (ms): Min: 0.0, Avg: 0.0, Max: 0.1, Diff: 0.0, Sum: 0.3]
      [GC Worker Total (ms): Min: 62.4, Avg: 62.4, Max: 62.5, Diff: 0.1, Sum: 499.4]
      [GC Worker End (ms): Min: 486158577.9, Avg: 486158578.0, Max: 486158578.0, Diff: 0.0]
   [Code Root Fixup: 0.1 ms]
   [Code Root Purge: 0.0 ms]
   [Clear CT: 0.2 ms]
   [Other: 2.1 ms]
      [Choose CSet: 0.0 ms]
      [Ref Proc: 0.3 ms]
      [Ref Enq: 0.0 ms]
      [Redirty Cards: 0.2 ms]
      [Humongous Register: 0.3 ms]
      [Humongous Reclaim: 0.1 ms]
      [Free CSet: 0.4 ms]
   [Eden: 472.0M(472.0M)->0.0B(564.0M) Survivors: 46.0M->66.0M Heap: 2381.7M(6144.0M)->1971.7M(6144.0M)]
 [Times: user=0.50 sys=0.01, real=0.06 secs] 
2025-07-26T03:00:05.399+0800: 486159.235: [GC pause (G1 Evacuation Pause) (young), 0.0864652 secs]
   [Parallel Time: 83.7 ms, GC Workers: 8]
      [GC Worker Start (ms): Min: 486159235.7, Avg: 486159235.8, Max: 486159235.9, Diff: 0.2]
      [Ext Root Scanning (ms): Min: 2.5, Avg: 2.8, Max: 3.7, Diff: 1.2, Sum: 22.3]
      [Update RS (ms): Min: 28.8, Avg: 29.7, Max: 30.1, Diff: 1.2, Sum: 237.5]
         [Processed Buffers: Min: 76, Avg: 97.1, Max: 116, Diff: 40, Sum: 777]
      [Scan RS (ms): Min: 0.0, Avg: 0.1, Max: 0.1, Diff: 0.1, Sum: 0.5]
      [Code Root Scanning (ms): Min: 0.0, Avg: 0.0, Max: 0.0, Diff: 0.0, Sum: 0.0]
      [Object Copy (ms): Min: 50.5, Avg: 50.7, Max: 50.9, Diff: 0.4, Sum: 405.5]
      [Termination (ms): Min: 0.0, Avg: 0.2, Max: 0.2, Diff: 0.2, Sum: 1.4]
         [Termination Attempts: Min: 1, Avg: 183.2, Max: 228, Diff: 227, Sum: 1466]
      [GC Worker Other (ms): Min: 0.0, Avg: 0.0, Max: 0.1, Diff: 0.1, Sum: 0.4]
      [GC Worker Total (ms): Min: 83.4, Avg: 83.5, Max: 83.6, Diff: 0.2, Sum: 667.6]
      [GC Worker End (ms): Min: 486159319.3, Avg: 486159319.3, Max: 486159319.3, Diff: 0.1]
   [Code Root Fixup: 0.1 ms]
   [Code Root Purge: 0.0 ms]
   [Clear CT: 0.2 ms]
   [Other: 2.5 ms]
      [Choose CSet: 0.0 ms]
      [Ref Proc: 0.3 ms]
      [Ref Enq: 0.0 ms]
      [Redirty Cards: 0.3 ms]
      [Humongous Register: 0.5 ms]
      [Humongous Reclaim: 0.1 ms]
      [Free CSet: 0.5 ms]
   [Eden: 564.0M(564.0M)->0.0B(664.0M) Survivors: 66.0M->80.0M Heap: 2537.7M(6144.0M)->2050.7M(6144.0M)]
 [Times: user=0.67 sys=0.00, real=0.08 secs] 
2025-07-26T03:00:09.087+0800: 486162.923: [GC pause (G1 Evacuation Pause) (young), 0.0852649 secs]
   [Parallel Time: 82.4 ms, GC Workers: 8]
      [GC Worker Start (ms): Min: 486162923.4, Avg: 486162923.5, Max: 486162923.5, Diff: 0.1]
      [Ext Root Scanning (ms): Min: 2.2, Avg: 2.5, Max: 3.3, Diff: 1.0, Sum: 19.9]
      [Update RS (ms): Min: 29.4, Avg: 29.9, Max: 30.1, Diff: 0.7, Sum: 239.3]
         [Processed Buffers: Min: 93, Avg: 107.4, Max: 117, Diff: 24, Sum: 859]
      [Scan RS (ms): Min: 0.0, Avg: 0.1, Max: 0.1, Diff: 0.1, Sum: 0.5]
      [Code Root Scanning (ms): Min: 0.0, Avg: 0.0, Max: 0.0, Diff: 0.0, Sum: 0.0]
      [Object Copy (ms): Min: 49.5, Avg: 49.7, Max: 49.9, Diff: 0.3, Sum: 397.7]
      [Termination (ms): Min: 0.0, Avg: 0.0, Max: 0.0, Diff: 0.0, Sum: 0.0]
         [Termination Attempts: Min: 1, Avg: 1.0, Max: 1, Diff: 0, Sum: 8]
      [GC Worker Other (ms): Min: 0.0, Avg: 0.0, Max: 0.1, Diff: 0.1, Sum: 0.3]
      [GC Worker Total (ms): Min: 82.2, Avg: 82.2, Max: 82.3, Diff: 0.1, Sum: 657.7]
      [GC Worker End (ms): Min: 486163005.6, Avg: 486163005.7, Max: 486163005.7, Diff: 0.1]
   [Code Root Fixup: 0.1 ms]
   [Code Root Purge: 0.0 ms]
   [Clear CT: 0.2 ms]
   [Other: 2.6 ms]
      [Choose CSet: 0.0 ms]
      [Ref Proc: 0.4 ms]
      [Ref Enq: 0.0 ms]
      [Redirty Cards: 0.3 ms]
      [Humongous Register: 0.5 ms]
      [Humongous Reclaim: 0.1 ms]
      [Free CSet: 0.5 ms]
   [Eden: 664.0M(664.0M)->0.0B(894.0M) Survivors: 80.0M->76.0M Heap: 2714.7M(6144.0M)->2116.7M(6144.0M)]
 [Times: user=0.65 sys=0.01, real=0.08 secs] 
2025-07-26T03:00:21.469+0800: 486175.305: [GC pause (G1 Evacuation Pause) (young), 0.0429490 secs]
   [Parallel Time: 39.7 ms, GC Workers: 8]
      [GC Worker Start (ms): Min: 486175305.7, Avg: 486175305.7, Max: 486175305.7, Diff: 0.1]
      [Ext Root Scanning (ms): Min: 2.1, Avg: 2.4, Max: 3.4, Diff: 1.2, Sum: 19.4]
      [Update RS (ms): Min: 16.5, Avg: 17.3, Max: 17.5, Diff: 1.0, Sum: 138.5]
         [Processed Buffers: Min: 69, Avg: 84.9, Max: 96, Diff: 27, Sum: 679]
      [Scan RS (ms): Min: 0.0, Avg: 0.4, Max: 0.5, Diff: 0.5, Sum: 3.5]
      [Code Root Scanning (ms): Min: 0.0, Avg: 0.0, Max: 0.0, Diff: 0.0, Sum: 0.0]
      [Object Copy (ms): Min: 19.2, Avg: 19.3, Max: 19.4, Diff: 0.2, Sum: 154.8]
      [Termination (ms): Min: 0.0, Avg: 0.0, Max: 0.0, Diff: 0.0, Sum: 0.0]
         [Termination Attempts: Min: 1, Avg: 1.0, Max: 1, Diff: 0, Sum: 8]
      [GC Worker Other (ms): Min: 0.0, Avg: 0.1, Max: 0.1, Diff: 0.1, Sum: 0.4]
      [GC Worker Total (ms): Min: 39.5, Avg: 39.6, Max: 39.6, Diff: 0.1, Sum: 316.6]
      [GC Worker End (ms): Min: 486175345.2, Avg: 486175345.3, Max: 486175345.3, Diff: 0.1]
   [Code Root Fixup: 0.1 ms]
   [Code Root Purge: 0.0 ms]
   [Clear CT: 0.3 ms]
   [Other: 2.9 ms]
      [Choose CSet: 0.0 ms]
      [Ref Proc: 0.7 ms]
      [Ref Enq: 0.1 ms]
      [Redirty Cards: 0.2 ms]
      [Humongous Register: 0.3 ms]
      [Humongous Reclaim: 0.1 ms]
      [Free CSet: 0.6 ms]
   [Eden: 894.0M(894.0M)->0.0B(1706.0M) Survivors: 76.0M->30.0M Heap: 3015.8M(6144.0M)->2126.8M(6144.0M)]
 [Times: user=0.28 sys=0.04, real=0.04 secs] 
2025-07-26T03:00:44.564+0800: 486198.399: [GC pause (G1 Evacuation Pause) (young), 0.0355923 secs]
   [Parallel Time: 31.8 ms, GC Workers: 8]
      [GC Worker Start (ms): Min: 486198400.0, Avg: 486198400.1, Max: 486198400.1, Diff: 0.1]
      [Ext Root Scanning (ms): Min: 2.7, Avg: 3.8, Max: 10.5, Diff: 7.8, Sum: 30.7]
      [Update RS (ms): Min: 13.9, Avg: 20.4, Max: 21.6, Diff: 7.6, Sum: 163.0]
         [Processed Buffers: Min: 86, Avg: 111.2, Max: 128, Diff: 42, Sum: 890]
      [Scan RS (ms): Min: 0.1, Avg: 0.2, Max: 0.2, Diff: 0.2, Sum: 1.3]
      [Code Root Scanning (ms): Min: 0.0, Avg: 0.0, Max: 0.0, Diff: 0.0, Sum: 0.0]
      [Object Copy (ms): Min: 7.0, Avg: 7.2, Max: 7.2, Diff: 0.3, Sum: 57.3]
      [Termination (ms): Min: 0.0, Avg: 0.0, Max: 0.0, Diff: 0.0, Sum: 0.0]
         [Termination Attempts: Min: 1, Avg: 4.1, Max: 7, Diff: 6, Sum: 33]
      [GC Worker Other (ms): Min: 0.0, Avg: 0.1, Max: 0.1, Diff: 0.1, Sum: 0.4]
      [GC Worker Total (ms): Min: 31.5, Avg: 31.6, Max: 31.6, Diff: 0.1, Sum: 252.9]
      [GC Worker End (ms): Min: 486198431.6, Avg: 486198431.7, Max: 486198431.7, Diff: 0.1]
   [Code Root Fixup: 0.0 ms]
   [Code Root Purge: 0.0 ms]
   [Clear CT: 0.3 ms]
   [Other: 3.5 ms]
      [Choose CSet: 0.0 ms]
      [Ref Proc: 1.0 ms]
      [Ref Enq: 0.1 ms]
      [Redirty Cards: 0.1 ms]
      [Humongous Register: 0.3 ms]
      [Humongous Reclaim: 0.2 ms]
      [Free CSet: 0.9 ms]
   [Eden: 1706.0M(1706.0M)->0.0B(2700.0M) Survivors: 30.0M->38.0M Heap: 3873.9M(6144.0M)->2130.7M(6144.0M)]
 [Times: user=0.25 sys=0.01, real=0.04 secs] 
2025-07-26T03:01:18.682+0800: 486232.517: [GC pause (G1 Evacuation Pause) (young), 0.0298297 secs]
   [Parallel Time: 21.6 ms, GC Workers: 8]
      [GC Worker Start (ms): Min: 486232519.2, Avg: 486232519.3, Max: 486232519.3, Diff: 0.1]
      [Ext Root Scanning (ms): Min: 2.4, Avg: 3.0, Max: 4.5, Diff: 2.0, Sum: 24.1]
      [Update RS (ms): Min: 9.8, Avg: 10.8, Max: 11.4, Diff: 1.6, Sum: 86.8]
         [Processed Buffers: Min: 49, Avg: 73.4, Max: 87, Diff: 38, Sum: 587]
      [Scan RS (ms): Min: 0.1, Avg: 0.3, Max: 0.4, Diff: 0.3, Sum: 2.0]
      [Code Root Scanning (ms): Min: 0.0, Avg: 0.0, Max: 0.0, Diff: 0.0, Sum: 0.1]
      [Object Copy (ms): Min: 7.0, Avg: 7.2, Max: 7.4, Diff: 0.4, Sum: 57.5]
      [Termination (ms): Min: 0.0, Avg: 0.0, Max: 0.0, Diff: 0.0, Sum: 0.0]
         [Termination Attempts: Min: 1, Avg: 1.0, Max: 1, Diff: 0, Sum: 8]
      [GC Worker Other (ms): Min: 0.0, Avg: 0.1, Max: 0.2, Diff: 0.2, Sum: 1.1]
      [GC Worker Total (ms): Min: 21.4, Avg: 21.4, Max: 21.6, Diff: 0.2, Sum: 171.5]
      [GC Worker End (ms): Min: 486232540.7, Avg: 486232540.7, Max: 486232540.7, Diff: 0.1]
   [Code Root Fixup: 0.0 ms]
   [Code Root Purge: 0.0 ms]
   [Clear CT: 0.5 ms]
   [Other: 7.7 ms]
      [Choose CSet: 0.0 ms]
      [Ref Proc: 1.3 ms]
      [Ref Enq: 0.2 ms]
      [Redirty Cards: 0.1 ms]
      [Humongous Register: 1.3 ms]
      [Humongous Reclaim: 0.3 ms]
      [Free CSet: 3.5 ms]
   [Eden: 2700.0M(2700.0M)->0.0B(2750.0M) Survivors: 38.0M->44.0M Heap: 4880.0M(6144.0M)->2136.7M(6144.0M)]
 [Times: user=0.18 sys=0.00, real=0.03 secs] 
2025-07-26T03:01:57.047+0800: 486270.882: [GC pause (G1 Evacuation Pause) (young), 0.0248252 secs]
   [Parallel Time: 19.0 ms, GC Workers: 8]
      [GC Worker Start (ms): Min: 486270883.0, Avg: 486270883.1, Max: 486270883.2, Diff: 0.1]
      [Ext Root Scanning (ms): Min: 2.3, Avg: 2.5, Max: 3.1, Diff: 0.8, Sum: 20.1]
      [Update RS (ms): Min: 9.3, Avg: 9.8, Max: 10.1, Diff: 0.8, Sum: 78.5]
         [Processed Buffers: Min: 58, Avg: 70.8, Max: 81, Diff: 23, Sum: 566]
      [Scan RS (ms): Min: 0.1, Avg: 0.3, Max: 0.3, Diff: 0.2, Sum: 2.2]
      [Code Root Scanning (ms): Min: 0.0, Avg: 0.0, Max: 0.0, Diff: 0.0, Sum: 0.1]
      [Object Copy (ms): Min: 6.0, Avg: 6.1, Max: 6.2, Diff: 0.2, Sum: 49.1]
      [Termination (ms): Min: 0.0, Avg: 0.0, Max: 0.0, Diff: 0.0, Sum: 0.0]
         [Termination Attempts: Min: 1, Avg: 2.5, Max: 4, Diff: 3, Sum: 20]
      [GC Worker Other (ms): Min: 0.0, Avg: 0.1, Max: 0.1, Diff: 0.1, Sum: 0.5]
      [GC Worker Total (ms): Min: 18.8, Avg: 18.8, Max: 18.9, Diff: 0.1, Sum: 150.5]
      [GC Worker End (ms): Min: 486270901.9, Avg: 486270901.9, Max: 486270902.0, Diff: 0.1]
   [Code Root Fixup: 0.0 ms]
   [Code Root Purge: 0.0 ms]
   [Clear CT: 0.5 ms]
   [Other: 5.3 ms]
      [Choose CSet: 0.0 ms]
      [Ref Proc: 2.1 ms]
      [Ref Enq: 0.2 ms]
      [Redirty Cards: 0.1 ms]
      [Humongous Register: 0.4 ms]
      [Humongous Reclaim: 0.2 ms]
      [Free CSet: 1.5 ms]
   [Eden: 2750.0M(2750.0M)->0.0B(2800.0M) Survivors: 44.0M->38.0M Heap: 4932.9M(6144.0M)->2131.7M(6144.0M)]
 [Times: user=0.09 sys=0.07, real=0.03 secs] 
2025-07-26T03:02:36.136+0800: 486309.971: [GC pause (G1 Evacuation Pause) (young), 0.0347623 secs]
   [Parallel Time: 23.7 ms, GC Workers: 8]
      [GC Worker Start (ms): Min: 486309976.1, Avg: 486309976.2, Max: 486309976.3, Diff: 0.1]
      [Ext Root Scanning (ms): Min: 3.0, Avg: 4.7, Max: 15.1, Diff: 12.1, Sum: 37.5]
      [Update RS (ms): Min: 0.0, Avg: 9.9, Max: 11.8, Diff: 11.8, Sum: 78.9]
         [Processed Buffers: Min: 0, Avg: 70.8, Max: 98, Diff: 98, Sum: 566]
      [Scan RS (ms): Min: 0.1, Avg: 0.3, Max: 0.4, Diff: 0.3, Sum: 2.3]
      [Code Root Scanning (ms): Min: 0.0, Avg: 0.0, Max: 0.0, Diff: 0.0, Sum: 0.1]
      [Object Copy (ms): Min: 8.1, Avg: 8.5, Max: 8.6, Diff: 0.4, Sum: 67.6]
      [Termination (ms): Min: 0.0, Avg: 0.0, Max: 0.0, Diff: 0.0, Sum: 0.1]
         [Termination Attempts: Min: 1, Avg: 16.8, Max: 21, Diff: 20, Sum: 134]
      [GC Worker Other (ms): Min: 0.1, Avg: 0.1, Max: 0.2, Diff: 0.1, Sum: 1.2]
      [GC Worker Total (ms): Min: 23.4, Avg: 23.5, Max: 23.5, Diff: 0.2, Sum: 187.7]
      [GC Worker End (ms): Min: 486309999.6, Avg: 486309999.7, Max: 486309999.7, Diff: 0.1]
   [Code Root Fixup: 0.1 ms]
   [Code Root Purge: 0.0 ms]
   [Clear CT: 0.5 ms]
   [Other: 10.6 ms]
      [Choose CSet: 0.0 ms]
      [Ref Proc: 1.6 ms]
      [Ref Enq: 0.2 ms]
      [Redirty Cards: 0.1 ms]
      [Humongous Register: 4.1 ms]
      [Humongous Reclaim: 0.2 ms]
      [Free CSet: 3.4 ms]
   [Eden: 2800.0M(2800.0M)->0.0B(2828.0M) Survivors: 38.0M->46.0M Heap: 4977.9M(6144.0M)->2138.7M(6144.0M)]
 [Times: user=0.19 sys=0.01, real=0.04 secs] 
2025-07-26T03:04:43.537+0800: 486437.373: [GC pause (G1 Evacuation Pause) (young), 0.0336103 secs]
   [Parallel Time: 28.7 ms, GC Workers: 8]
      [GC Worker Start (ms): Min: 486437373.6, Avg: 486437373.7, Max: 486437373.7, Diff: 0.1]
      [Ext Root Scanning (ms): Min: 2.2, Avg: 2.5, Max: 3.2, Diff: 1.1, Sum: 19.6]
      [Update RS (ms): Min: 18.0, Avg: 18.7, Max: 19.1, Diff: 1.1, Sum: 149.4]
         [Processed Buffers: Min: 108, Avg: 127.9, Max: 152, Diff: 44, Sum: 1023]
      [Scan RS (ms): Min: 0.4, Avg: 0.7, Max: 0.9, Diff: 0.4, Sum: 5.3]
      [Code Root Scanning (ms): Min: 0.0, Avg: 0.0, Max: 0.0, Diff: 0.0, Sum: 0.1]
      [Object Copy (ms): Min: 6.6, Avg: 6.7, Max: 6.8, Diff: 0.2, Sum: 53.5]
      [Termination (ms): Min: 0.0, Avg: 0.0, Max: 0.0, Diff: 0.0, Sum: 0.1]
         [Termination Attempts: Min: 1, Avg: 9.0, Max: 12, Diff: 11, Sum: 72]
      [GC Worker Other (ms): Min: 0.0, Avg: 0.1, Max: 0.1, Diff: 0.1, Sum: 0.5]
      [GC Worker Total (ms): Min: 28.5, Avg: 28.5, Max: 28.6, Diff: 0.1, Sum: 228.4]
      [GC Worker End (ms): Min: 486437402.2, Avg: 486437402.2, Max: 486437402.3, Diff: 0.1]
   [Code Root Fixup: 0.0 ms]
   [Code Root Purge: 0.0 ms]
   [Clear CT: 0.5 ms]
   [Other: 4.4 ms]
      [Choose CSet: 0.0 ms]
      [Ref Proc: 1.1 ms]
      [Ref Enq: 0.1 ms]
      [Redirty Cards: 0.1 ms]
      [Humongous Register: 0.5 ms]
      [Humongous Reclaim: 0.4 ms]
      [Free CSet: 1.5 ms]
   [Eden: 2828.0M(2828.0M)->0.0B(2876.0M) Survivors: 46.0M->28.0M Heap: 5108.2M(6144.0M)->2121.7M(6144.0M)]
 [Times: user=0.26 sys=0.00, real=0.03 secs] 
2025-07-26T03:07:03.973+0800: 486577.808: [GC pause (G1 Evacuation Pause) (young), 0.0427098 secs]
   [Parallel Time: 34.9 ms, GC Workers: 8]
      [GC Worker Start (ms): Min: 486577810.0, Avg: 486577810.1, Max: 486577810.2, Diff: 0.1]
      [Ext Root Scanning (ms): Min: 2.7, Avg: 3.8, Max: 10.4, Diff: 7.7, Sum: 30.8]
      [Update RS (ms): Min: 13.6, Avg: 19.9, Max: 21.4, Diff: 7.8, Sum: 159.1]
         [Processed Buffers: Min: 106, Avg: 132.4, Max: 157, Diff: 51, Sum: 1059]
      [Scan RS (ms): Min: 0.4, Avg: 0.8, Max: 1.0, Diff: 0.6, Sum: 6.4]
      [Code Root Scanning (ms): Min: 0.0, Avg: 0.0, Max: 0.0, Diff: 0.0, Sum: 0.1]
      [Object Copy (ms): Min: 9.9, Avg: 10.0, Max: 10.1, Diff: 0.2, Sum: 80.1]
      [Termination (ms): Min: 0.0, Avg: 0.0, Max: 0.0, Diff: 0.0, Sum: 0.1]
         [Termination Attempts: Min: 1, Avg: 11.4, Max: 17, Diff: 16, Sum: 91]
      [GC Worker Other (ms): Min: 0.1, Avg: 0.1, Max: 0.1, Diff: 0.1, Sum: 0.8]
      [GC Worker Total (ms): Min: 34.6, Avg: 34.7, Max: 34.8, Diff: 0.2, Sum: 277.4]
      [GC Worker End (ms): Min: 486577844.7, Avg: 486577844.8, Max: 486577844.8, Diff: 0.1]
   [Code Root Fixup: 0.0 ms]
   [Code Root Purge: 0.0 ms]
   [Clear CT: 0.5 ms]
   [Other: 7.3 ms]
      [Choose CSet: 0.0 ms]
      [Ref Proc: 1.1 ms]
      [Ref Enq: 0.1 ms]
      [Redirty Cards: 0.1 ms]
      [Humongous Register: 1.2 ms]
      [Humongous Reclaim: 0.4 ms]
      [Free CSet: 3.5 ms]
   [Eden: 2876.0M(2876.0M)->0.0B(2888.0M) Survivors: 28.0M->38.0M Heap: 5165.4M(6144.0M)->2132.5M(6144.0M)]
 [Times: user=0.26 sys=0.03, real=0.04 secs] 
2025-07-26T03:09:51.401+0800: 486745.237: [GC pause (G1 Evacuation Pause) (young), 0.0451476 secs]
   [Parallel Time: 37.3 ms, GC Workers: 8]
      [GC Worker Start (ms): Min: 486745238.4, Avg: 486745238.6, Max: 486745238.7, Diff: 0.3]
      [Ext Root Scanning (ms): Min: 2.5, Avg: 3.8, Max: 10.4, Diff: 7.9, Sum: 30.0]
      [Update RS (ms): Min: 15.9, Avg: 22.4, Max: 23.9, Diff: 7.9, Sum: 179.0]
         [Processed Buffers: Min: 102, Avg: 138.6, Max: 159, Diff: 57, Sum: 1109]
      [Scan RS (ms): Min: 0.4, Avg: 0.9, Max: 1.0, Diff: 0.6, Sum: 7.0]
      [Code Root Scanning (ms): Min: 0.0, Avg: 0.0, Max: 0.0, Diff: 0.0, Sum: 0.1]
      [Object Copy (ms): Min: 9.7, Avg: 9.9, Max: 10.0, Diff: 0.2, Sum: 79.2]
      [Termination (ms): Min: 0.0, Avg: 0.0, Max: 0.1, Diff: 0.1, Sum: 0.3]
         [Termination Attempts: Min: 1, Avg: 45.4, Max: 62, Diff: 61, Sum: 363]
      [GC Worker Other (ms): Min: 0.0, Avg: 0.1, Max: 0.1, Diff: 0.1, Sum: 0.7]
      [GC Worker Total (ms): Min: 36.9, Avg: 37.0, Max: 37.2, Diff: 0.4, Sum: 296.3]
      [GC Worker End (ms): Min: 486745275.6, Avg: 486745275.6, Max: 486745275.7, Diff: 0.1]
   [Code Root Fixup: 0.0 ms]
   [Code Root Purge: 0.0 ms]
   [Clear CT: 0.6 ms]
   [Other: 7.2 ms]
      [Choose CSet: 0.0 ms]
      [Ref Proc: 1.2 ms]
      [Ref Enq: 0.1 ms]
      [Redirty Cards: 0.1 ms]
      [Humongous Register: 1.1 ms]
      [Humongous Reclaim: 0.4 ms]
      [Free CSet: 3.5 ms]
   [Eden: 2888.0M(2888.0M)->0.0B(2910.0M) Survivors: 38.0M->34.0M Heap: 5183.6M(6144.0M)->2128.4M(6144.0M)]
 [Times: user=0.30 sys=0.00, real=0.04 secs] 
2025-07-26T03:10:30.384+0800: 486784.220: [GC pause (G1 Evacuation Pause) (young), 0.0439188 secs]
   [Parallel Time: 35.6 ms, GC Workers: 8]
      [GC Worker Start (ms): Min: 486784221.6, Avg: 486784221.7, Max: 486784221.8, Diff: 0.2]
      [Ext Root Scanning (ms): Min: 3.1, Avg: 4.4, Max: 11.1, Diff: 8.0, Sum: 34.8]
      [Update RS (ms): Min: 14.0, Avg: 20.7, Max: 22.3, Diff: 8.3, Sum: 165.7]
         [Processed Buffers: Min: 100, Avg: 123.0, Max: 145, Diff: 45, Sum: 984]
      [Scan RS (ms): Min: 0.1, Avg: 0.3, Max: 0.4, Diff: 0.3, Sum: 2.3]
      [Code Root Scanning (ms): Min: 0.0, Avg: 0.0, Max: 0.0, Diff: 0.0, Sum: 0.1]
      [Object Copy (ms): Min: 9.5, Avg: 9.9, Max: 10.0, Diff: 0.6, Sum: 78.9]
      [Termination (ms): Min: 0.0, Avg: 0.0, Max: 0.0, Diff: 0.0, Sum: 0.0]
         [Termination Attempts: Min: 1, Avg: 3.5, Max: 5, Diff: 4, Sum: 28]
      [GC Worker Other (ms): Min: 0.1, Avg: 0.2, Max: 0.2, Diff: 0.1, Sum: 1.2]
      [GC Worker Total (ms): Min: 35.3, Avg: 35.4, Max: 35.5, Diff: 0.2, Sum: 283.1]
      [GC Worker End (ms): Min: 486784257.0, Avg: 486784257.1, Max: 486784257.1, Diff: 0.1]
   [Code Root Fixup: 0.0 ms]
   [Code Root Purge: 0.0 ms]
   [Clear CT: 0.5 ms]
   [Other: 7.8 ms]
      [Choose CSet: 0.0 ms]
      [Ref Proc: 1.7 ms]
      [Ref Enq: 0.2 ms]
      [Redirty Cards: 0.1 ms]
      [Humongous Register: 1.2 ms]
      [Humongous Reclaim: 0.3 ms]
      [Free CSet: 3.5 ms]
   [Eden: 2910.0M(2910.0M)->0.0B(2904.0M) Survivors: 34.0M->52.0M Heap: 5132.1M(6144.0M)->2144.7M(6144.0M)]
 [Times: user=0.26 sys=0.03, real=0.05 secs] 
2025-07-26T03:11:09.208+0800: 486823.043: [GC pause (G1 Evacuation Pause) (young), 0.0329916 secs]
   [Parallel Time: 27.6 ms, GC Workers: 8]
      [GC Worker Start (ms): Min: 486823044.2, Avg: 486823044.2, Max: 486823044.3, Diff: 0.2]
      [Ext Root Scanning (ms): Min: 2.1, Avg: 2.4, Max: 3.1, Diff: 1.0, Sum: 19.3]
      [Update RS (ms): Min: 11.4, Avg: 11.8, Max: 12.0, Diff: 0.6, Sum: 94.6]
         [Processed Buffers: Min: 61, Avg: 77.8, Max: 84, Diff: 23, Sum: 622]
      [Scan RS (ms): Min: 0.2, Avg: 0.3, Max: 0.4, Diff: 0.2, Sum: 2.4]
      [Code Root Scanning (ms): Min: 0.0, Avg: 0.0, Max: 0.0, Diff: 0.0, Sum: 0.1]
      [Object Copy (ms): Min: 12.6, Avg: 12.8, Max: 12.9, Diff: 0.3, Sum: 102.3]
      [Termination (ms): Min: 0.0, Avg: 0.0, Max: 0.0, Diff: 0.0, Sum: 0.1]
         [Termination Attempts: Min: 1, Avg: 10.2, Max: 14, Diff: 13, Sum: 82]
      [GC Worker Other (ms): Min: 0.0, Avg: 0.1, Max: 0.2, Diff: 0.1, Sum: 0.8]
      [GC Worker Total (ms): Min: 27.3, Avg: 27.4, Max: 27.6, Diff: 0.3, Sum: 219.5]
      [GC Worker End (ms): Min: 486823071.6, Avg: 486823071.7, Max: 486823071.8, Diff: 0.1]
   [Code Root Fixup: 0.0 ms]
   [Code Root Purge: 0.0 ms]
   [Clear CT: 0.6 ms]
   [Other: 4.8 ms]
      [Choose CSet: 0.0 ms]
      [Ref Proc: 1.6 ms]
      [Ref Enq: 0.2 ms]
      [Redirty Cards: 0.1 ms]
      [Humongous Register: 0.3 ms]
      [Humongous Reclaim: 0.2 ms]
      [Free CSet: 1.6 ms]
   [Eden: 2904.0M(2904.0M)->0.0B(2902.0M) Survivors: 52.0M->60.0M Heap: 5097.9M(6144.0M)->2153.7M(6144.0M)]
 [Times: user=0.22 sys=0.01, real=0.03 secs] 
2025-07-26T03:11:49.967+0800: 486863.803: [GC pause (G1 Evacuation Pause) (young), 0.0645102 secs]
   [Parallel Time: 37.5 ms, GC Workers: 8]
      [GC Worker Start (ms): Min: 486863808.0, Avg: 486863808.1, Max: 486863808.2, Diff: 0.2]
      [Ext Root Scanning (ms): Min: 4.3, Avg: 5.8, Max: 14.3, Diff: 10.0, Sum: 46.5]
      [Update RS (ms): Min: 6.0, Avg: 13.7, Max: 15.1, Diff: 9.1, Sum: 109.3]
         [Processed Buffers: Min: 38, Avg: 74.2, Max: 98, Diff: 60, Sum: 594]
      [Scan RS (ms): Min: 0.1, Avg: 0.4, Max: 0.7, Diff: 0.6, Sum: 3.4]
      [Code Root Scanning (ms): Min: 0.0, Avg: 0.0, Max: 0.0, Diff: 0.0, Sum: 0.1]
      [Object Copy (ms): Min: 13.6, Avg: 14.0, Max: 14.3, Diff: 0.7, Sum: 112.0]
      [Termination (ms): Min: 0.0, Avg: 0.0, Max: 0.0, Diff: 0.0, Sum: 0.0]
         [Termination Attempts: Min: 1, Avg: 3.8, Max: 6, Diff: 5, Sum: 30]
      [GC Worker Other (ms): Min: 0.0, Avg: 1.7, Max: 3.4, Diff: 3.4, Sum: 13.4]
      [GC Worker Total (ms): Min: 34.0, Avg: 35.6, Max: 37.4, Diff: 3.4, Sum: 284.7]
      [GC Worker End (ms): Min: 486863842.2, Avg: 486863843.7, Max: 486863845.4, Diff: 3.2]
   [Code Root Fixup: 0.1 ms]
   [Code Root Purge: 0.0 ms]
   [Clear CT: 2.5 ms]
   [Other: 24.4 ms]
      [Choose CSet: 0.0 ms]
      [Ref Proc: 10.2 ms]
      [Ref Enq: 0.3 ms]
      [Redirty Cards: 2.4 ms]
      [Humongous Register: 3.9 ms]
      [Humongous Reclaim: 0.4 ms]
      [Free CSet: 5.6 ms]
   [Eden: 2902.0M(2902.0M)->0.0B(2916.0M) Survivors: 60.0M->54.0M Heap: 5101.9M(6144.0M)->2146.7M(6144.0M)]
 [Times: user=0.25 sys=0.04, real=0.06 secs] 
2025-07-26T03:12:32.946+0800: 486906.782: [GC pause (G1 Evacuation Pause) (young), 0.0306308 secs]
   [Parallel Time: 25.4 ms, GC Workers: 8]
      [GC Worker Start (ms): Min: 486906782.7, Avg: 486906782.7, Max: 486906782.8, Diff: 0.1]
      [Ext Root Scanning (ms): Min: 2.3, Avg: 2.5, Max: 3.1, Diff: 0.9, Sum: 19.9]
      [Update RS (ms): Min: 11.3, Avg: 11.8, Max: 12.1, Diff: 0.8, Sum: 94.0]
         [Processed Buffers: Min: 59, Avg: 75.6, Max: 89, Diff: 30, Sum: 605]
      [Scan RS (ms): Min: 0.1, Avg: 0.3, Max: 0.4, Diff: 0.2, Sum: 2.5]
      [Code Root Scanning (ms): Min: 0.0, Avg: 0.0, Max: 0.0, Diff: 0.0, Sum: 0.1]
      [Object Copy (ms): Min: 10.5, Avg: 10.6, Max: 10.7, Diff: 0.2, Sum: 84.8]
      [Termination (ms): Min: 0.0, Avg: 0.0, Max: 0.0, Diff: 0.0, Sum: 0.1]
         [Termination Attempts: Min: 1, Avg: 20.1, Max: 26, Diff: 25, Sum: 161]
      [GC Worker Other (ms): Min: 0.0, Avg: 0.1, Max: 0.1, Diff: 0.1, Sum: 0.7]
      [GC Worker Total (ms): Min: 25.2, Avg: 25.3, Max: 25.4, Diff: 0.2, Sum: 202.1]
      [GC Worker End (ms): Min: 486906807.9, Avg: 486906808.0, Max: 486906808.0, Diff: 0.1]
   [Code Root Fixup: 0.0 ms]
   [Code Root Purge: 0.0 ms]
   [Clear CT: 0.5 ms]
   [Other: 4.7 ms]
      [Choose CSet: 0.0 ms]
      [Ref Proc: 1.5 ms]
      [Ref Enq: 0.2 ms]
      [Redirty Cards: 0.1 ms]
      [Humongous Register: 0.6 ms]
      [Humongous Reclaim: 0.1 ms]
      [Free CSet: 1.5 ms]
   [Eden: 2916.0M(2916.0M)->0.0B(2920.0M) Survivors: 54.0M->56.0M Heap: 5108.9M(6144.0M)->2148.7M(6144.0M)]
 [Times: user=0.14 sys=0.07, real=0.04 secs] 
2025-07-26T03:16:00.223+0800: 487114.059: [GC pause (G1 Evacuation Pause) (young), 0.0574143 secs]
   [Parallel Time: 48.3 ms, GC Workers: 8]
      [GC Worker Start (ms): Min: 487114060.7, Avg: 487114060.8, Max: 487114060.9, Diff: 0.2]
      [Ext Root Scanning (ms): Min: 3.5, Avg: 4.6, Max: 10.9, Diff: 7.4, Sum: 37.0]
      [Update RS (ms): Min: 21.2, Avg: 27.0, Max: 28.2, Diff: 7.0, Sum: 216.3]
         [Processed Buffers: Min: 108, Avg: 126.4, Max: 141, Diff: 33, Sum: 1011]
      [Scan RS (ms): Min: 0.3, Avg: 0.5, Max: 0.8, Diff: 0.5, Sum: 4.2]
      [Code Root Scanning (ms): Min: 0.0, Avg: 0.0, Max: 0.0, Diff: 0.0, Sum: 0.1]
      [Object Copy (ms): Min: 15.4, Avg: 15.7, Max: 16.0, Diff: 0.6, Sum: 125.8]
      [Termination (ms): Min: 0.0, Avg: 0.0, Max: 0.0, Diff: 0.0, Sum: 0.0]
         [Termination Attempts: Min: 1, Avg: 3.1, Max: 5, Diff: 4, Sum: 25]
      [GC Worker Other (ms): Min: 0.0, Avg: 0.2, Max: 0.2, Diff: 0.2, Sum: 1.3]
      [GC Worker Total (ms): Min: 48.0, Avg: 48.1, Max: 48.2, Diff: 0.2, Sum: 384.7]
      [GC Worker End (ms): Min: 487114108.9, Avg: 487114108.9, Max: 487114109.0, Diff: 0.1]
   [Code Root Fixup: 0.0 ms]
   [Code Root Purge: 0.0 ms]
   [Clear CT: 0.7 ms]
   [Other: 8.4 ms]
      [Choose CSet: 0.0 ms]
      [Ref Proc: 1.8 ms]
      [Ref Enq: 0.2 ms]
      [Redirty Cards: 0.1 ms]
      [Humongous Register: 1.2 ms]
      [Humongous Reclaim: 0.3 ms]
      [Free CSet: 3.7 ms]
   [Eden: 2920.0M(2920.0M)->0.0B(2944.0M) Survivors: 56.0M->38.0M Heap: 5164.1M(6144.0M)->2131.7M(6144.0M)]
 [Times: user=0.30 sys=0.09, real=0.06 secs] 
2025-07-26T03:32:08.576+0800: 488082.412: [GC pause (G1 Evacuation Pause) (young), 0.0484423 secs]
   [Parallel Time: 37.8 ms, GC Workers: 8]
      [GC Worker Start (ms): Min: 488082413.4, Avg: 488082413.6, Max: 488082413.7, Diff: 0.3]
      [Ext Root Scanning (ms): Min: 3.0, Avg: 4.3, Max: 11.5, Diff: 8.5, Sum: 34.1]
      [Update RS (ms): Min: 14.8, Avg: 21.7, Max: 23.2, Diff: 8.4, Sum: 173.9]
         [Processed Buffers: Min: 102, Avg: 122.4, Max: 134, Diff: 32, Sum: 979]
      [Scan RS (ms): Min: 0.1, Avg: 0.3, Max: 0.4, Diff: 0.3, Sum: 2.4]
      [Code Root Scanning (ms): Min: 0.0, Avg: 0.0, Max: 0.0, Diff: 0.0, Sum: 0.1]
      [Object Copy (ms): Min: 10.8, Avg: 11.0, Max: 11.1, Diff: 0.3, Sum: 87.9]
      [Termination (ms): Min: 0.0, Avg: 0.0, Max: 0.0, Diff: 0.0, Sum: 0.1]
         [Termination Attempts: Min: 1, Avg: 15.1, Max: 23, Diff: 22, Sum: 121]
      [GC Worker Other (ms): Min: 0.1, Avg: 0.2, Max: 0.2, Diff: 0.1, Sum: 1.2]
      [GC Worker Total (ms): Min: 37.3, Avg: 37.5, Max: 37.7, Diff: 0.4, Sum: 299.8]
      [GC Worker End (ms): Min: 488082451.0, Avg: 488082451.1, Max: 488082451.1, Diff: 0.1]
   [Code Root Fixup: 0.0 ms]
   [Code Root Purge: 0.0 ms]
   [Clear CT: 0.6 ms]
   [Other: 10.1 ms]
      [Choose CSet: 0.0 ms]
      [Ref Proc: 3.6 ms]
      [Ref Enq: 0.2 ms]
      [Redirty Cards: 0.1 ms]
      [Humongous Register: 1.2 ms]
      [Humongous Reclaim: 0.4 ms]
      [Free CSet: 3.7 ms]
   [Eden: 2944.0M(2944.0M)->0.0B(2952.0M) Survivors: 38.0M->38.0M Heap: 5172.3M(6144.0M)->2130.7M(6144.0M)]
 [Times: user=0.25 sys=0.06, real=0.05 secs] 
2025-07-26T03:34:30.137+0800: 488223.973: [GC pause (G1 Evacuation Pause) (young), 0.0355946 secs]
   [Parallel Time: 28.0 ms, GC Workers: 8]
      [GC Worker Start (ms): Min: 488223974.3, Avg: 488223974.4, Max: 488223974.5, Diff: 0.2]
      [Ext Root Scanning (ms): Min: 2.6, Avg: 3.8, Max: 10.4, Diff: 7.7, Sum: 30.4]
      [Update RS (ms): Min: 5.8, Avg: 12.2, Max: 13.7, Diff: 7.9, Sum: 97.5]
         [Processed Buffers: Min: 68, Avg: 89.1, Max: 97, Diff: 29, Sum: 713]
      [Scan RS (ms): Min: 2.2, Avg: 2.6, Max: 2.8, Diff: 0.7, Sum: 21.0]
      [Code Root Scanning (ms): Min: 0.0, Avg: 0.0, Max: 0.0, Diff: 0.0, Sum: 0.1]
      [Object Copy (ms): Min: 8.8, Avg: 9.0, Max: 9.1, Diff: 0.2, Sum: 71.9]
      [Termination (ms): Min: 0.0, Avg: 0.0, Max: 0.0, Diff: 0.0, Sum: 0.1]
         [Termination Attempts: Min: 1, Avg: 16.6, Max: 23, Diff: 22, Sum: 133]
      [GC Worker Other (ms): Min: 0.0, Avg: 0.1, Max: 0.1, Diff: 0.1, Sum: 0.8]
      [GC Worker Total (ms): Min: 27.6, Avg: 27.7, Max: 27.8, Diff: 0.2, Sum: 221.9]
      [GC Worker End (ms): Min: 488224002.1, Avg: 488224002.1, Max: 488224002.2, Diff: 0.1]
   [Code Root Fixup: 0.0 ms]
   [Code Root Purge: 0.0 ms]
   [Clear CT: 0.6 ms]
   [Other: 7.0 ms]
      [Choose CSet: 0.0 ms]
      [Ref Proc: 1.1 ms]
      [Ref Enq: 0.1 ms]
      [Redirty Cards: 0.1 ms]
      [Humongous Register: 1.1 ms]
      [Humongous Reclaim: 0.4 ms]
      [Free CSet: 3.5 ms]
   [Eden: 2952.0M(2952.0M)->0.0B(2962.0M) Survivors: 38.0M->36.0M Heap: 5270.8M(6144.0M)->2128.7M(6144.0M)]
 [Times: user=0.20 sys=0.03, real=0.03 secs] 
2025-07-26T03:37:02.515+0800: 488376.350: [GC pause (G1 Evacuation Pause) (young), 0.0397806 secs]
   [Parallel Time: 32.2 ms, GC Workers: 8]
      [GC Worker Start (ms): Min: 488376351.4, Avg: 488376351.5, Max: 488376351.6, Diff: 0.2]
      [Ext Root Scanning (ms): Min: 2.5, Avg: 3.8, Max: 10.7, Diff: 8.2, Sum: 30.3]
      [Update RS (ms): Min: 6.6, Avg: 13.3, Max: 14.7, Diff: 8.1, Sum: 106.1]
         [Processed Buffers: Min: 59, Avg: 96.4, Max: 113, Diff: 54, Sum: 771]
      [Scan RS (ms): Min: 1.4, Avg: 1.7, Max: 1.9, Diff: 0.5, Sum: 13.9]
      [Code Root Scanning (ms): Min: 0.0, Avg: 0.0, Max: 0.0, Diff: 0.0, Sum: 0.1]
      [Object Copy (ms): Min: 12.9, Avg: 13.0, Max: 13.3, Diff: 0.4, Sum: 104.2]
      [Termination (ms): Min: 0.0, Avg: 0.0, Max: 0.1, Diff: 0.1, Sum: 0.4]
         [Termination Attempts: Min: 11, Avg: 18.5, Max: 22, Diff: 11, Sum: 148]
      [GC Worker Other (ms): Min: 0.1, Avg: 0.1, Max: 0.2, Diff: 0.1, Sum: 1.0]
      [GC Worker Total (ms): Min: 31.9, Avg: 32.0, Max: 32.1, Diff: 0.2, Sum: 255.8]
      [GC Worker End (ms): Min: 488376383.4, Avg: 488376383.4, Max: 488376383.5, Diff: 0.1]
   [Code Root Fixup: 0.0 ms]
   [Code Root Purge: 0.0 ms]
   [Clear CT: 0.6 ms]
   [Other: 7.0 ms]
      [Choose CSet: 0.0 ms]
      [Ref Proc: 1.1 ms]
      [Ref Enq: 0.1 ms]
      [Redirty Cards: 0.1 ms]
      [Humongous Register: 0.8 ms]
      [Humongous Reclaim: 0.4 ms]
      [Free CSet: 3.6 ms]
   [Eden: 2962.0M(2962.0M)->0.0B(2926.0M) Survivors: 36.0M->56.0M Heap: 5257.1M(6144.0M)->2150.7M(6144.0M)]
 [Times: user=0.24 sys=0.02, real=0.04 secs] 
2025-07-26T03:39:21.299+0800: 488515.135: [GC pause (G1 Evacuation Pause) (young), 0.0362393 secs]
   [Parallel Time: 29.1 ms, GC Workers: 8]
      [GC Worker Start (ms): Min: 488515135.8, Avg: 488515135.9, Max: 488515135.9, Diff: 0.2]
      [Ext Root Scanning (ms): Min: 2.3, Avg: 3.4, Max: 9.5, Diff: 7.2, Sum: 26.9]
      [Update RS (ms): Min: 8.9, Avg: 14.8, Max: 15.7, Diff: 6.9, Sum: 118.4]
         [Processed Buffers: Min: 67, Avg: 105.9, Max: 131, Diff: 64, Sum: 847]
      [Scan RS (ms): Min: 1.5, Avg: 1.7, Max: 1.8, Diff: 0.3, Sum: 13.8]
      [Code Root Scanning (ms): Min: 0.0, Avg: 0.0, Max: 0.0, Diff: 0.0, Sum: 0.1]
      [Object Copy (ms): Min: 8.7, Avg: 8.9, Max: 8.9, Diff: 0.2, Sum: 70.9]
      [Termination (ms): Min: 0.0, Avg: 0.0, Max: 0.0, Diff: 0.0, Sum: 0.0]
         [Termination Attempts: Min: 1, Avg: 3.5, Max: 6, Diff: 5, Sum: 28]
      [GC Worker Other (ms): Min: 0.0, Avg: 0.1, Max: 0.1, Diff: 0.1, Sum: 0.6]
      [GC Worker Total (ms): Min: 28.8, Avg: 28.8, Max: 29.0, Diff: 0.2, Sum: 230.7]
      [GC Worker End (ms): Min: 488515164.7, Avg: 488515164.7, Max: 488515164.8, Diff: 0.1]
   [Code Root Fixup: 0.0 ms]
   [Code Root Purge: 0.0 ms]
   [Clear CT: 0.6 ms]
   [Other: 6.6 ms]
      [Choose CSet: 0.0 ms]
      [Ref Proc: 3.0 ms]
      [Ref Enq: 0.1 ms]
      [Redirty Cards: 0.1 ms]
      [Humongous Register: 0.5 ms]
      [Humongous Reclaim: 0.3 ms]
      [Free CSet: 1.5 ms]
   [Eden: 2926.0M(2926.0M)->0.0B(2962.0M) Survivors: 56.0M->38.0M Heap: 5244.5M(6144.0M)->2132.5M(6144.0M)]
 [Times: user=0.24 sys=0.00, real=0.03 secs] 
2025-07-26T03:40:33.611+0800: 488587.447: [GC pause (G1 Evacuation Pause) (young), 0.0462592 secs]
   [Parallel Time: 36.1 ms, GC Workers: 8]
      [GC Worker Start (ms): Min: 488587448.8, Avg: 488587448.9, Max: 488587449.0, Diff: 0.1]
      [Ext Root Scanning (ms): Min: 2.8, Avg: 3.2, Max: 5.0, Diff: 2.2, Sum: 25.8]
      [Update RS (ms): Min: 19.3, Avg: 20.3, Max: 20.9, Diff: 1.5, Sum: 162.3]
         [Processed Buffers: Min: 98, Avg: 122.8, Max: 145, Diff: 47, Sum: 982]
      [Scan RS (ms): Min: 0.1, Avg: 0.3, Max: 0.4, Diff: 0.3, Sum: 2.4]
      [Code Root Scanning (ms): Min: 0.0, Avg: 0.0, Max: 0.0, Diff: 0.0, Sum: 0.1]
      [Object Copy (ms): Min: 11.5, Avg: 12.0, Max: 12.1, Diff: 0.6, Sum: 95.7]
      [Termination (ms): Min: 0.0, Avg: 0.0, Max: 0.0, Diff: 0.0, Sum: 0.1]
         [Termination Attempts: Min: 1, Avg: 5.9, Max: 8, Diff: 7, Sum: 47]
      [GC Worker Other (ms): Min: 0.0, Avg: 0.1, Max: 0.2, Diff: 0.1, Sum: 1.1]
      [GC Worker Total (ms): Min: 35.9, Avg: 35.9, Max: 36.0, Diff: 0.2, Sum: 287.4]
      [GC Worker End (ms): Min: 488587484.8, Avg: 488587484.8, Max: 488587484.9, Diff: 0.1]
   [Code Root Fixup: 0.0 ms]
   [Code Root Purge: 0.0 ms]
   [Clear CT: 0.5 ms]
   [Other: 9.6 ms]
      [Choose CSet: 0.0 ms]
      [Ref Proc: 3.1 ms]
      [Ref Enq: 0.2 ms]
      [Redirty Cards: 0.1 ms]
      [Humongous Register: 1.5 ms]
      [Humongous Reclaim: 0.3 ms]
      [Free CSet: 3.5 ms]
   [Eden: 2962.0M(2962.0M)->0.0B(2912.0M) Survivors: 38.0M->62.0M Heap: 5186.9M(6144.0M)->2157.5M(6144.0M)]
 [Times: user=0.26 sys=0.04, real=0.05 secs] 
2025-07-26T03:41:11.486+0800: 488625.322: [GC pause (G1 Evacuation Pause) (young), 0.0343035 secs]
   [Parallel Time: 29.1 ms, GC Workers: 8]
      [GC Worker Start (ms): Min: 488625322.2, Avg: 488625322.3, Max: 488625322.4, Diff: 0.2]
      [Ext Root Scanning (ms): Min: 2.3, Avg: 3.4, Max: 9.4, Diff: 7.1, Sum: 27.1]
      [Update RS (ms): Min: 5.5, Avg: 11.1, Max: 12.1, Diff: 6.6, Sum: 88.5]
         [Processed Buffers: Min: 45, Avg: 78.0, Max: 96, Diff: 51, Sum: 624]
      [Scan RS (ms): Min: 0.2, Avg: 0.3, Max: 0.4, Diff: 0.2, Sum: 2.5]
      [Code Root Scanning (ms): Min: 0.0, Avg: 0.0, Max: 0.0, Diff: 0.0, Sum: 0.1]
      [Object Copy (ms): Min: 13.8, Avg: 14.0, Max: 14.2, Diff: 0.5, Sum: 112.2]
      [Termination (ms): Min: 0.0, Avg: 0.0, Max: 0.1, Diff: 0.1, Sum: 0.3]
         [Termination Attempts: Min: 1, Avg: 43.8, Max: 59, Diff: 58, Sum: 350]
      [GC Worker Other (ms): Min: 0.0, Avg: 0.1, Max: 0.1, Diff: 0.1, Sum: 0.6]
      [GC Worker Total (ms): Min: 28.8, Avg: 28.9, Max: 29.0, Diff: 0.2, Sum: 231.2]
      [GC Worker End (ms): Min: 488625351.2, Avg: 488625351.2, Max: 488625351.3, Diff: 0.1]
   [Code Root Fixup: 0.0 ms]
   [Code Root Purge: 0.0 ms]
   [Clear CT: 0.4 ms]
   [Other: 4.8 ms]
      [Choose CSet: 0.0 ms]
      [Ref Proc: 1.5 ms]
      [Ref Enq: 0.2 ms]
      [Redirty Cards: 0.1 ms]
      [Humongous Register: 0.3 ms]
      [Humongous Reclaim: 0.2 ms]
      [Free CSet: 1.6 ms]
   [Eden: 2912.0M(2912.0M)->0.0B(2910.0M) Survivors: 62.0M->62.0M Heap: 5118.9M(6144.0M)->2159.3M(6144.0M)]
 [Times: user=0.22 sys=0.02, real=0.04 secs] 
2025-07-26T03:41:55.090+0800: 488668.925: [GC pause (G1 Evacuation Pause) (young), 0.0365836 secs]
   [Parallel Time: 25.7 ms, GC Workers: 8]
      [GC Worker Start (ms): Min: 488668928.8, Avg: 488668928.8, Max: 488668928.9, Diff: 0.1]
      [Ext Root Scanning (ms): Min: 2.9, Avg: 3.4, Max: 5.3, Diff: 2.4, Sum: 27.0]
      [Update RS (ms): Min: 10.9, Avg: 12.3, Max: 13.1, Diff: 2.2, Sum: 98.4]
         [Processed Buffers: Min: 54, Avg: 74.9, Max: 91, Diff: 37, Sum: 599]
      [Scan RS (ms): Min: 0.1, Avg: 0.3, Max: 0.4, Diff: 0.3, Sum: 2.3]
      [Code Root Scanning (ms): Min: 0.0, Avg: 0.0, Max: 0.0, Diff: 0.0, Sum: 0.1]
      [Object Copy (ms): Min: 9.2, Avg: 9.4, Max: 9.5, Diff: 0.4, Sum: 74.9]
      [Termination (ms): Min: 0.0, Avg: 0.0, Max: 0.0, Diff: 0.0, Sum: 0.2]
         [Termination Attempts: Min: 1, Avg: 31.4, Max: 44, Diff: 43, Sum: 251]
      [GC Worker Other (ms): Min: 0.1, Avg: 0.1, Max: 0.2, Diff: 0.1, Sum: 1.2]
      [GC Worker Total (ms): Min: 25.4, Avg: 25.5, Max: 25.6, Diff: 0.2, Sum: 204.1]
      [GC Worker End (ms): Min: 488668954.3, Avg: 488668954.4, Max: 488668954.4, Diff: 0.1]
   [Code Root Fixup: 0.1 ms]
   [Code Root Purge: 0.0 ms]
   [Clear CT: 0.4 ms]
   [Other: 10.4 ms]
      [Choose CSet: 0.0 ms]
      [Ref Proc: 2.4 ms]
      [Ref Enq: 0.2 ms]
      [Redirty Cards: 0.1 ms]
      [Humongous Register: 3.0 ms]
      [Humongous Reclaim: 0.2 ms]
      [Free CSet: 3.6 ms]
   [Eden: 2910.0M(2910.0M)->0.0B(2922.0M) Survivors: 62.0M->56.0M Heap: 5115.4M(6144.0M)->2155.3M(6144.0M)]
 [Times: user=0.19 sys=0.02, real=0.03 secs] 
2025-07-26T03:42:37.977+0800: 488711.812: [GC pause (G1 Evacuation Pause) (young), 0.0336842 secs]
   [Parallel Time: 28.2 ms, GC Workers: 8]
      [GC Worker Start (ms): Min: 488711813.2, Avg: 488711813.3, Max: 488711813.4, Diff: 0.2]
      [Ext Root Scanning (ms): Min: 2.6, Avg: 3.9, Max: 11.7, Diff: 9.2, Sum: 31.2]
      [Update RS (ms): Min: 3.0, Avg: 10.6, Max: 11.9, Diff: 9.0, Sum: 84.5]
         [Processed Buffers: Min: 38, Avg: 74.8, Max: 95, Diff: 57, Sum: 598]
      [Scan RS (ms): Min: 0.1, Avg: 0.3, Max: 0.3, Diff: 0.2, Sum: 2.4]
      [Code Root Scanning (ms): Min: 0.0, Avg: 0.0, Max: 0.0, Diff: 0.0, Sum: 0.1]
      [Object Copy (ms): Min: 12.8, Avg: 13.0, Max: 13.3, Diff: 0.5, Sum: 104.2]
      [Termination (ms): Min: 0.0, Avg: 0.2, Max: 0.3, Diff: 0.3, Sum: 1.8]
         [Termination Attempts: Min: 1, Avg: 16.4, Max: 30, Diff: 29, Sum: 131]
      [GC Worker Other (ms): Min: 0.0, Avg: 0.0, Max: 0.1, Diff: 0.1, Sum: 0.3]
      [GC Worker Total (ms): Min: 28.0, Avg: 28.1, Max: 28.2, Diff: 0.2, Sum: 224.5]
      [GC Worker End (ms): Min: 488711841.4, Avg: 488711841.4, Max: 488711841.4, Diff: 0.1]
   [Code Root Fixup: 0.1 ms]
   [Code Root Purge: 0.0 ms]
   [Clear CT: 0.5 ms]
   [Other: 4.9 ms]
      [Choose CSet: 0.0 ms]
      [Ref Proc: 1.7 ms]
      [Ref Enq: 0.2 ms]
      [Redirty Cards: 0.1 ms]
      [Humongous Register: 0.4 ms]
      [Humongous Reclaim: 0.2 ms]
      [Free CSet: 1.6 ms]
   [Eden: 2922.0M(2922.0M)->0.0B(2932.0M) Survivors: 56.0M->50.0M Heap: 5123.4M(6144.0M)->2151.1M(6144.0M)]
 [Times: user=0.13 sys=0.10, real=0.04 secs] 
2025-07-26T03:44:24.224+0800: 488818.060: [GC pause (G1 Evacuation Pause) (young), 0.0431059 secs]
   [Parallel Time: 32.5 ms, GC Workers: 8]
      [GC Worker Start (ms): Min: 488818061.7, Avg: 488818061.8, Max: 488818061.9, Diff: 0.1]
      [Ext Root Scanning (ms): Min: 2.5, Avg: 2.9, Max: 4.6, Diff: 2.1, Sum: 23.5]
      [Update RS (ms): Min: 16.5, Avg: 17.6, Max: 18.0, Diff: 1.5, Sum: 140.5]
         [Processed Buffers: Min: 102, Avg: 129.0, Max: 145, Diff: 43, Sum: 1032]
      [Scan RS (ms): Min: 1.1, Avg: 1.5, Max: 1.6, Diff: 0.5, Sum: 11.8]
      [Code Root Scanning (ms): Min: 0.0, Avg: 0.0, Max: 0.0, Diff: 0.0, Sum: 0.1]
      [Object Copy (ms): Min: 10.1, Avg: 10.3, Max: 10.4, Diff: 0.3, Sum: 82.1]
      [Termination (ms): Min: 0.0, Avg: 0.0, Max: 0.0, Diff: 0.0, Sum: 0.0]
         [Termination Attempts: Min: 1, Avg: 1.4, Max: 2, Diff: 1, Sum: 11]
      [GC Worker Other (ms): Min: 0.1, Avg: 0.1, Max: 0.1, Diff: 0.1, Sum: 0.8]
      [GC Worker Total (ms): Min: 32.3, Avg: 32.3, Max: 32.4, Diff: 0.2, Sum: 258.8]
      [GC Worker End (ms): Min: 488818094.1, Avg: 488818094.2, Max: 488818094.2, Diff: 0.1]
   [Code Root Fixup: 0.0 ms]
   [Code Root Purge: 0.0 ms]
   [Clear CT: 0.5 ms]
   [Other: 10.1 ms]
      [Choose CSet: 0.0 ms]
      [Ref Proc: 3.6 ms]
      [Ref Enq: 0.1 ms]
      [Redirty Cards: 0.1 ms]
      [Humongous Register: 1.1 ms]
      [Humongous Reclaim: 0.4 ms]
      [Free CSet: 3.5 ms]
   [Eden: 2932.0M(2932.0M)->0.0B(2932.0M) Survivors: 50.0M->40.0M Heap: 5224.8M(6144.0M)->2156.6M(6144.0M)]
 [Times: user=0.25 sys=0.01, real=0.05 secs] 
2025-07-26T03:47:03.064+0800: 488976.899: [GC pause (G1 Evacuation Pause) (young), 0.0371178 secs]
   [Parallel Time: 29.4 ms, GC Workers: 8]
      [GC Worker Start (ms): Min: 488976900.8, Avg: 488976900.9, Max: 488976901.0, Diff: 0.2]
      [Ext Root Scanning (ms): Min: 2.8, Avg: 3.9, Max: 10.6, Diff: 7.8, Sum: 31.4]
      [Update RS (ms): Min: 8.4, Avg: 14.8, Max: 16.2, Diff: 7.8, Sum: 118.8]
         [Processed Buffers: Min: 100, Avg: 114.8, Max: 133, Diff: 33, Sum: 918]
      [Scan RS (ms): Min: 1.1, Avg: 1.5, Max: 1.6, Diff: 0.5, Sum: 11.9]
      [Code Root Scanning (ms): Min: 0.0, Avg: 0.0, Max: 0.0, Diff: 0.0, Sum: 0.1]
      [Object Copy (ms): Min: 8.7, Avg: 8.9, Max: 9.0, Diff: 0.3, Sum: 71.1]
      [Termination (ms): Min: 0.0, Avg: 0.0, Max: 0.0, Diff: 0.0, Sum: 0.0]
         [Termination Attempts: Min: 1, Avg: 5.9, Max: 9, Diff: 8, Sum: 47]
      [GC Worker Other (ms): Min: 0.1, Avg: 0.1, Max: 0.2, Diff: 0.1, Sum: 0.8]
      [GC Worker Total (ms): Min: 29.1, Avg: 29.3, Max: 29.3, Diff: 0.2, Sum: 234.1]
      [GC Worker End (ms): Min: 488976930.1, Avg: 488976930.1, Max: 488976930.2, Diff: 0.1]
   [Code Root Fixup: 0.0 ms]
   [Code Root Purge: 0.0 ms]
   [Clear CT: 0.6 ms]
   [Other: 7.0 ms]
      [Choose CSet: 0.0 ms]
      [Ref Proc: 1.1 ms]
      [Ref Enq: 0.1 ms]
      [Redirty Cards: 0.1 ms]
      [Humongous Register: 1.1 ms]
      [Humongous Reclaim: 0.4 ms]
      [Free CSet: 3.5 ms]
   [Eden: 2932.0M(2932.0M)->0.0B(2946.0M) Survivors: 40.0M->38.0M Heap: 5232.0M(6144.0M)->2145.4M(6144.0M)]
 [Times: user=0.24 sys=0.00, real=0.04 secs] 
2025-07-26T03:49:15.763+0800: 489109.598: [GC pause (G1 Evacuation Pause) (young), 0.0445125 secs]
   [Parallel Time: 36.0 ms, GC Workers: 8]
      [GC Worker Start (ms): Min: 489109599.2, Avg: 489109599.2, Max: 489109599.3, Diff: 0.1]
      [Ext Root Scanning (ms): Min: 2.9, Avg: 4.0, Max: 9.9, Diff: 7.0, Sum: 31.8]
      [Update RS (ms): Min: 18.6, Avg: 24.3, Max: 25.5, Diff: 6.9, Sum: 194.1]
         [Processed Buffers: Min: 141, Avg: 167.1, Max: 194, Diff: 53, Sum: 1337]
      [Scan RS (ms): Min: 0.1, Avg: 0.5, Max: 0.7, Diff: 0.6, Sum: 4.4]
      [Code Root Scanning (ms): Min: 0.0, Avg: 0.0, Max: 0.0, Diff: 0.0, Sum: 0.1]
      [Object Copy (ms): Min: 6.6, Avg: 6.8, Max: 7.0, Diff: 0.4, Sum: 54.7]
      [Termination (ms): Min: 0.0, Avg: 0.1, Max: 0.1, Diff: 0.1, Sum: 0.8]
         [Termination Attempts: Min: 1, Avg: 2.5, Max: 4, Diff: 3, Sum: 20]
      [GC Worker Other (ms): Min: 0.1, Avg: 0.1, Max: 0.2, Diff: 0.1, Sum: 1.0]
      [GC Worker Total (ms): Min: 35.8, Avg: 35.9, Max: 35.9, Diff: 0.1, Sum: 286.9]
      [GC Worker End (ms): Min: 489109635.0, Avg: 489109635.1, Max: 489109635.1, Diff: 0.1]
   [Code Root Fixup: 0.0 ms]
   [Code Root Purge: 0.0 ms]
   [Clear CT: 0.7 ms]
   [Other: 7.8 ms]
      [Choose CSet: 0.0 ms]
      [Ref Proc: 2.2 ms]
      [Ref Enq: 0.1 ms]
      [Redirty Cards: 0.1 ms]
      [Humongous Register: 0.4 ms]
      [Humongous Reclaim: 0.6 ms]
      [Free CSet: 3.5 ms]
   [Eden: 2946.0M(2946.0M)->0.0B(2958.0M) Survivors: 38.0M->32.0M Heap: 5280.9M(6144.0M)->2139.8M(6144.0M)]
 [Times: user=0.27 sys=0.04, real=0.05 secs] 
2025-07-26T04:07:01.903+0800: 490175.738: [GC pause (G1 Evacuation Pause) (young), 0.0630350 secs]
   [Parallel Time: 45.1 ms, GC Workers: 8]
      [GC Worker Start (ms): Min: 490175740.0, Avg: 490175740.1, Max: 490175740.2, Diff: 0.2]
      [Ext Root Scanning (ms): Min: 2.7, Avg: 4.3, Max: 13.5, Diff: 10.8, Sum: 34.4]
      [Update RS (ms): Min: 14.1, Avg: 23.1, Max: 25.9, Diff: 11.8, Sum: 185.1]
         [Processed Buffers: Min: 75, Avg: 136.6, Max: 158, Diff: 83, Sum: 1093]
      [Scan RS (ms): Min: 0.2, Avg: 0.4, Max: 0.5, Diff: 0.3, Sum: 2.9]
      [Code Root Scanning (ms): Min: 0.0, Avg: 0.0, Max: 0.0, Diff: 0.0, Sum: 0.1]
      [Object Copy (ms): Min: 15.4, Avg: 16.8, Max: 17.1, Diff: 1.7, Sum: 134.5]
      [Termination (ms): Min: 0.0, Avg: 0.1, Max: 0.1, Diff: 0.1, Sum: 0.5]
         [Termination Attempts: Min: 10, Avg: 17.2, Max: 23, Diff: 13, Sum: 138]
      [GC Worker Other (ms): Min: 0.0, Avg: 0.2, Max: 0.3, Diff: 0.2, Sum: 1.3]
      [GC Worker Total (ms): Min: 44.7, Avg: 44.9, Max: 45.0, Diff: 0.3, Sum: 358.9]
      [GC Worker End (ms): Min: 490175784.9, Avg: 490175785.0, Max: 490175785.0, Diff: 0.1]
   [Code Root Fixup: 0.0 ms]
   [Code Root Purge: 0.0 ms]
   [Clear CT: 0.8 ms]
   [Other: 17.0 ms]
      [Choose CSet: 0.0 ms]
      [Ref Proc: 6.3 ms]
      [Ref Enq: 0.3 ms]
      [Redirty Cards: 0.2 ms]
      [Humongous Register: 1.1 ms]
      [Humongous Reclaim: 0.7 ms]
      [Free CSet: 7.2 ms]
   [Eden: 2958.0M(2958.0M)->0.0B(2920.0M) Survivors: 32.0M->52.0M Heap: 5214.8M(6144.0M)->2160.0M(6144.0M)]
 [Times: user=0.37 sys=0.00, real=0.06 secs] 
2025-07-26T04:09:20.675+0800: 490314.511: [GC pause (G1 Evacuation Pause) (young), 0.0402280 secs]
   [Parallel Time: 31.1 ms, GC Workers: 8]
      [GC Worker Start (ms): Min: 490314512.2, Avg: 490314513.3, Max: 490314515.1, Diff: 2.8]
      [Ext Root Scanning (ms): Min: 1.3, Avg: 5.3, Max: 20.9, Diff: 19.6, Sum: 42.4]
      [Update RS (ms): Min: 4.0, Avg: 18.6, Max: 21.5, Diff: 17.4, Sum: 148.9]
         [Processed Buffers: Min: 30, Avg: 103.6, Max: 130, Diff: 100, Sum: 829]
      [Scan RS (ms): Min: 0.2, Avg: 0.8, Max: 1.0, Diff: 0.8, Sum: 6.3]
      [Code Root Scanning (ms): Min: 0.0, Avg: 0.0, Max: 0.0, Diff: 0.0, Sum: 0.1]
      [Object Copy (ms): Min: 4.7, Avg: 5.0, Max: 5.2, Diff: 0.5, Sum: 39.9]
      [Termination (ms): Min: 0.0, Avg: 0.0, Max: 0.0, Diff: 0.0, Sum: 0.0]
         [Termination Attempts: Min: 1, Avg: 1.0, Max: 1, Diff: 0, Sum: 8]
      [GC Worker Other (ms): Min: 0.0, Avg: 0.1, Max: 0.3, Diff: 0.2, Sum: 0.9]
      [GC Worker Total (ms): Min: 28.1, Avg: 29.8, Max: 31.0, Diff: 2.9, Sum: 238.6]
      [GC Worker End (ms): Min: 490314543.1, Avg: 490314543.2, Max: 490314543.2, Diff: 0.1]
   [Code Root Fixup: 0.0 ms]
   [Code Root Purge: 0.0 ms]
   [Clear CT: 0.7 ms]
   [Other: 8.4 ms]
      [Choose CSet: 0.0 ms]
      [Ref Proc: 2.1 ms]
      [Ref Enq: 0.1 ms]
      [Redirty Cards: 0.2 ms]
      [Humongous Register: 1.1 ms]
      [Humongous Reclaim: 0.5 ms]
      [Free CSet: 3.8 ms]
   [Eden: 2920.0M(2920.0M)->0.0B(2954.0M) Survivors: 52.0M->32.0M Heap: 5248.5M(6144.0M)->2143.4M(6144.0M)]
 [Times: user=0.23 sys=0.01, real=0.04 secs] 
2025-07-26T04:10:31.549+0800: 490385.384: [GC pause (G1 Evacuation Pause) (young), 0.0502777 secs]
   [Parallel Time: 39.8 ms, GC Workers: 8]
      [GC Worker Start (ms): Min: 490385385.8, Avg: 490385386.0, Max: 490385386.1, Diff: 0.3]
      [Ext Root Scanning (ms): Min: 3.4, Avg: 5.1, Max: 13.2, Diff: 9.9, Sum: 40.8]
      [Update RS (ms): Min: 14.1, Avg: 22.1, Max: 24.1, Diff: 10.0, Sum: 177.1]
         [Processed Buffers: Min: 83, Avg: 115.6, Max: 137, Diff: 54, Sum: 925]
      [Scan RS (ms): Min: 0.1, Avg: 0.4, Max: 0.5, Diff: 0.4, Sum: 2.9]
      [Code Root Scanning (ms): Min: 0.0, Avg: 0.0, Max: 0.0, Diff: 0.0, Sum: 0.1]
      [Object Copy (ms): Min: 10.6, Avg: 11.7, Max: 12.0, Diff: 1.4, Sum: 93.7]
      [Termination (ms): Min: 0.0, Avg: 0.0, Max: 0.0, Diff: 0.0, Sum: 0.1]
         [Termination Attempts: Min: 1, Avg: 2.4, Max: 4, Diff: 3, Sum: 19]
      [GC Worker Other (ms): Min: 0.0, Avg: 0.2, Max: 0.4, Diff: 0.3, Sum: 1.2]
      [GC Worker Total (ms): Min: 39.3, Avg: 39.5, Max: 39.6, Diff: 0.3, Sum: 315.8]
      [GC Worker End (ms): Min: 490385425.4, Avg: 490385425.5, Max: 490385425.5, Diff: 0.1]
   [Code Root Fixup: 0.0 ms]
   [Code Root Purge: 0.0 ms]
   [Clear CT: 0.6 ms]
   [Other: 9.8 ms]
      [Choose CSet: 0.0 ms]
      [Ref Proc: 3.2 ms]
      [Ref Enq: 0.2 ms]
      [Redirty Cards: 0.2 ms]
      [Humongous Register: 1.0 ms]
      [Humongous Reclaim: 0.3 ms]
      [Free CSet: 3.9 ms]
   [Eden: 2954.0M(2954.0M)->0.0B(2926.0M) Survivors: 32.0M->48.0M Heap: 5188.1M(6144.0M)->2157.9M(6144.0M)]
 [Times: user=0.27 sys=0.06, real=0.05 secs] 
2025-07-26T04:11:10.238+0800: 490424.073: [GC pause (G1 Evacuation Pause) (young), 0.0290716 secs]
   [Parallel Time: 22.7 ms, GC Workers: 8]
      [GC Worker Start (ms): Min: 490424074.1, Avg: 490424074.1, Max: 490424074.2, Diff: 0.2]
      [Ext Root Scanning (ms): Min: 2.1, Avg: 3.0, Max: 6.7, Diff: 4.6, Sum: 24.3]
      [Update RS (ms): Min: 4.6, Avg: 8.3, Max: 9.1, Diff: 4.5, Sum: 66.4]
         [Processed Buffers: Min: 45, Avg: 73.1, Max: 99, Diff: 54, Sum: 585]
      [Scan RS (ms): Min: 0.1, Avg: 0.3, Max: 0.4, Diff: 0.2, Sum: 2.3]
      [Code Root Scanning (ms): Min: 0.0, Avg: 0.0, Max: 0.0, Diff: 0.0, Sum: 0.1]
      [Object Copy (ms): Min: 10.4, Avg: 10.7, Max: 10.9, Diff: 0.5, Sum: 85.3]
      [Termination (ms): Min: 0.0, Avg: 0.2, Max: 0.3, Diff: 0.3, Sum: 1.3]
         [Termination Attempts: Min: 1, Avg: 2.1, Max: 4, Diff: 3, Sum: 17]
      [GC Worker Other (ms): Min: 0.0, Avg: 0.0, Max: 0.0, Diff: 0.0, Sum: 0.2]
      [GC Worker Total (ms): Min: 22.3, Avg: 22.5, Max: 22.6, Diff: 0.3, Sum: 179.9]
      [GC Worker End (ms): Min: 490424096.6, Avg: 490424096.6, Max: 490424096.7, Diff: 0.1]
   [Code Root Fixup: 0.0 ms]
   [Code Root Purge: 0.0 ms]
   [Clear CT: 0.4 ms]
   [Other: 5.9 ms]
      [Choose CSet: 0.0 ms]
      [Ref Proc: 2.7 ms]
      [Ref Enq: 0.2 ms]
      [Redirty Cards: 0.1 ms]
      [Humongous Register: 0.6 ms]
      [Humongous Reclaim: 0.2 ms]
      [Free CSet: 1.6 ms]
   [Eden: 2926.0M(2926.0M)->0.0B(2942.0M) Survivors: 48.0M->38.0M Heap: 5133.5M(6144.0M)->2149.8M(6144.0M)]
 [Times: user=0.18 sys=0.00, real=0.02 secs] 
2025-07-26T04:11:54.523+0800: 490468.359: [GC pause (G1 Evacuation Pause) (young), 0.0352059 secs]
   [Parallel Time: 23.4 ms, GC Workers: 8]
      [GC Worker Start (ms): Min: 490468364.2, Avg: 490468364.3, Max: 490468364.4, Diff: 0.2]
      [Ext Root Scanning (ms): Min: 3.6, Avg: 5.1, Max: 14.1, Diff: 10.5, Sum: 41.0]
      [Update RS (ms): Min: 0.9, Avg: 9.6, Max: 11.4, Diff: 10.5, Sum: 76.5]
         [Processed Buffers: Min: 24, Avg: 69.9, Max: 92, Diff: 68, Sum: 559]
      [Scan RS (ms): Min: 0.1, Avg: 0.3, Max: 0.4, Diff: 0.3, Sum: 2.6]
      [Code Root Scanning (ms): Min: 0.0, Avg: 0.0, Max: 0.0, Diff: 0.0, Sum: 0.1]
      [Object Copy (ms): Min: 7.7, Avg: 8.0, Max: 8.2, Diff: 0.5, Sum: 63.8]
      [Termination (ms): Min: 0.0, Avg: 0.1, Max: 0.1, Diff: 0.1, Sum: 0.5]
         [Termination Attempts: Min: 5, Avg: 9.4, Max: 19, Diff: 14, Sum: 75]
      [GC Worker Other (ms): Min: 0.0, Avg: 0.2, Max: 0.2, Diff: 0.2, Sum: 1.3]
      [GC Worker Total (ms): Min: 23.1, Avg: 23.2, Max: 23.3, Diff: 0.1, Sum: 185.8]
      [GC Worker End (ms): Min: 490468387.5, Avg: 490468387.5, Max: 490468387.6, Diff: 0.1]
   [Code Root Fixup: 0.0 ms]
   [Code Root Purge: 0.0 ms]
   [Clear CT: 0.6 ms]
   [Other: 11.2 ms]
      [Choose CSet: 0.0 ms]
      [Ref Proc: 1.6 ms]
      [Ref Enq: 0.2 ms]
      [Redirty Cards: 0.1 ms]
      [Humongous Register: 4.3 ms]
      [Humongous Reclaim: 0.2 ms]
      [Free CSet: 3.6 ms]
   [Eden: 2942.0M(2942.0M)->0.0B(2942.0M) Survivors: 38.0M->38.0M Heap: 5138.0M(6144.0M)->2150.5M(6144.0M)]
 [Times: user=0.10 sys=0.09, real=0.04 secs] 
2025-07-26T04:12:37.560+0800: 490511.395: [GC pause (G1 Evacuation Pause) (young), 0.0282934 secs]
   [Parallel Time: 22.6 ms, GC Workers: 8]
      [GC Worker Start (ms): Min: 490511396.6, Avg: 490511396.6, Max: 490511396.7, Diff: 0.1]
      [Ext Root Scanning (ms): Min: 2.5, Avg: 3.5, Max: 9.5, Diff: 7.0, Sum: 27.8]
      [Update RS (ms): Min: 2.8, Avg: 8.6, Max: 9.6, Diff: 6.9, Sum: 68.6]
         [Processed Buffers: Min: 41, Avg: 70.6, Max: 92, Diff: 51, Sum: 565]
      [Scan RS (ms): Min: 0.1, Avg: 0.3, Max: 0.4, Diff: 0.2, Sum: 2.2]
      [Code Root Scanning (ms): Min: 0.0, Avg: 0.0, Max: 0.0, Diff: 0.0, Sum: 0.1]
      [Object Copy (ms): Min: 9.8, Avg: 10.0, Max: 10.1, Diff: 0.3, Sum: 80.1]
      [Termination (ms): Min: 0.0, Avg: 0.0, Max: 0.0, Diff: 0.0, Sum: 0.0]
         [Termination Attempts: Min: 1, Avg: 3.0, Max: 6, Diff: 5, Sum: 24]
      [GC Worker Other (ms): Min: 0.0, Avg: 0.1, Max: 0.1, Diff: 0.1, Sum: 0.6]
      [GC Worker Total (ms): Min: 22.4, Avg: 22.4, Max: 22.5, Diff: 0.1, Sum: 179.5]
      [GC Worker End (ms): Min: 490511419.0, Avg: 490511419.1, Max: 490511419.1, Diff: 0.1]
   [Code Root Fixup: 0.0 ms]
   [Code Root Purge: 0.0 ms]
   [Clear CT: 0.5 ms]
   [Other: 5.2 ms]
      [Choose CSet: 0.0 ms]
      [Ref Proc: 1.8 ms]
      [Ref Enq: 0.2 ms]
      [Redirty Cards: 0.1 ms]
      [Humongous Register: 0.6 ms]
      [Humongous Reclaim: 0.1 ms]
      [Free CSet: 1.5 ms]
   [Eden: 2942.0M(2942.0M)->0.0B(258.0M) Survivors: 38.0M->48.0M Heap: 5138.7M(6144.0M)->2160.4M(6144.0M)]
 [Times: user=0.19 sys=0.00, real=0.03 secs] 
2025-07-26T04:12:41.273+0800: 490515.109: [GC pause (G1 Evacuation Pause) (young), 0.0140167 secs]
   [Parallel Time: 11.7 ms, GC Workers: 8]
      [GC Worker Start (ms): Min: 490515109.4, Avg: 490515109.5, Max: 490515109.5, Diff: 0.1]
      [Ext Root Scanning (ms): Min: 2.6, Avg: 2.9, Max: 3.6, Diff: 1.0, Sum: 22.9]
      [Update RS (ms): Min: 0.6, Avg: 1.0, Max: 1.3, Diff: 0.7, Sum: 7.7]
         [Processed Buffers: Min: 2, Avg: 17.4, Max: 34, Diff: 32, Sum: 139]
      [Scan RS (ms): Min: 0.0, Avg: 0.0, Max: 0.1, Diff: 0.0, Sum: 0.2]
      [Code Root Scanning (ms): Min: 0.0, Avg: 0.0, Max: 0.0, Diff: 0.0, Sum: 0.0]
      [Object Copy (ms): Min: 7.4, Avg: 7.7, Max: 7.9, Diff: 0.5, Sum: 61.6]
      [Termination (ms): Min: 0.0, Avg: 0.0, Max: 0.0, Diff: 0.0, Sum: 0.0]
         [Termination Attempts: Min: 1, Avg: 1.1, Max: 2, Diff: 1, Sum: 9]
      [GC Worker Other (ms): Min: 0.0, Avg: 0.0, Max: 0.0, Diff: 0.0, Sum: 0.3]
      [GC Worker Total (ms): Min: 11.5, Avg: 11.6, Max: 11.7, Diff: 0.1, Sum: 92.8]
      [GC Worker End (ms): Min: 490515121.0, Avg: 490515121.1, Max: 490515121.1, Diff: 0.0]
   [Code Root Fixup: 0.0 ms]
   [Code Root Purge: 0.0 ms]
   [Clear CT: 0.1 ms]
   [Other: 2.1 ms]
      [Choose CSet: 0.0 ms]
      [Ref Proc: 0.4 ms]
      [Ref Enq: 0.0 ms]
      [Redirty Cards: 0.1 ms]
      [Humongous Register: 0.3 ms]
      [Humongous Reclaim: 0.1 ms]
      [Free CSet: 0.3 ms]
   [Eden: 258.0M(258.0M)->0.0B(432.0M) Survivors: 48.0M->32.0M Heap: 2418.4M(6144.0M)->2162.0M(6144.0M)]
 [Times: user=0.09 sys=0.00, real=0.02 secs] 
2025-07-26T04:12:48.338+0800: 490522.173: [GC pause (G1 Evacuation Pause) (young), 0.0187459 secs]
   [Parallel Time: 10.7 ms, GC Workers: 8]
      [GC Worker Start (ms): Min: 490522178.9, Avg: 490522179.0, Max: 490522179.1, Diff: 0.2]
      [Ext Root Scanning (ms): Min: 2.7, Avg: 3.1, Max: 4.4, Diff: 1.7, Sum: 24.9]
      [Update RS (ms): Min: 3.1, Avg: 4.3, Max: 5.1, Diff: 1.9, Sum: 34.4]
         [Processed Buffers: Min: 11, Avg: 26.9, Max: 40, Diff: 29, Sum: 215]
      [Scan RS (ms): Min: 0.0, Avg: 0.1, Max: 0.1, Diff: 0.1, Sum: 0.4]
      [Code Root Scanning (ms): Min: 0.0, Avg: 0.0, Max: 0.0, Diff: 0.0, Sum: 0.0]
      [Object Copy (ms): Min: 2.1, Avg: 2.7, Max: 3.0, Diff: 0.9, Sum: 21.9]
      [Termination (ms): Min: 0.0, Avg: 0.2, Max: 0.3, Diff: 0.3, Sum: 1.3]
         [Termination Attempts: Min: 1, Avg: 1.6, Max: 3, Diff: 2, Sum: 13]
      [GC Worker Other (ms): Min: 0.0, Avg: 0.1, Max: 0.1, Diff: 0.1, Sum: 0.7]
      [GC Worker Total (ms): Min: 10.4, Avg: 10.5, Max: 10.5, Diff: 0.2, Sum: 83.7]
      [GC Worker End (ms): Min: 490522189.4, Avg: 490522189.5, Max: 490522189.5, Diff: 0.1]
   [Code Root Fixup: 0.0 ms]
   [Code Root Purge: 0.0 ms]
   [Clear CT: 0.2 ms]
   [Other: 7.8 ms]
      [Choose CSet: 0.0 ms]
      [Ref Proc: 0.5 ms]
      [Ref Enq: 0.0 ms]
      [Redirty Cards: 0.1 ms]
      [Humongous Register: 5.0 ms]
      [Humongous Reclaim: 0.1 ms]
      [Free CSet: 1.0 ms]
   [Eden: 432.0M(432.0M)->0.0B(932.0M) Survivors: 32.0M->22.0M Heap: 2594.0M(6144.0M)->2152.2M(6144.0M)]
 [Times: user=0.09 sys=0.00, real=0.01 secs] 
2025-07-26T04:13:10.575+0800: 490544.410: [GC pause (G1 Evacuation Pause) (young), 0.0224144 secs]
   [Parallel Time: 18.7 ms, GC Workers: 8]
      [GC Worker Start (ms): Min: 490544411.1, Avg: 490544411.2, Max: 490544411.3, Diff: 0.2]
      [Ext Root Scanning (ms): Min: 2.5, Avg: 2.8, Max: 3.6, Diff: 1.1, Sum: 22.1]
      [Update RS (ms): Min: 9.3, Avg: 10.2, Max: 10.5, Diff: 1.2, Sum: 81.3]
         [Processed Buffers: Min: 51, Avg: 68.0, Max: 88, Diff: 37, Sum: 544]
      [Scan RS (ms): Min: 0.0, Avg: 0.1, Max: 0.1, Diff: 0.1, Sum: 0.7]
      [Code Root Scanning (ms): Min: 0.0, Avg: 0.0, Max: 0.0, Diff: 0.0, Sum: 0.0]
      [Object Copy (ms): Min: 5.2, Avg: 5.5, Max: 5.5, Diff: 0.3, Sum: 43.7]
      [Termination (ms): Min: 0.0, Avg: 0.0, Max: 0.0, Diff: 0.0, Sum: 0.0]
         [Termination Attempts: Min: 1, Avg: 1.0, Max: 1, Diff: 0, Sum: 8]
      [GC Worker Other (ms): Min: 0.0, Avg: 0.0, Max: 0.1, Diff: 0.0, Sum: 0.4]
      [GC Worker Total (ms): Min: 18.4, Avg: 18.5, Max: 18.6, Diff: 0.2, Sum: 148.2]
      [GC Worker End (ms): Min: 490544429.7, Avg: 490544429.7, Max: 490544429.8, Diff: 0.1]
   [Code Root Fixup: 0.0 ms]
   [Code Root Purge: 0.0 ms]
   [Clear CT: 0.3 ms]
   [Other: 3.4 ms]
      [Choose CSet: 0.0 ms]
      [Ref Proc: 0.5 ms]
      [Ref Enq: 0.0 ms]
      [Redirty Cards: 0.1 ms]
      [Humongous Register: 0.5 ms]
      [Humongous Reclaim: 0.3 ms]
      [Free CSet: 1.2 ms]
   [Eden: 932.0M(932.0M)->0.0B(1464.0M) Survivors: 22.0M->32.0M Heap: 3133.7M(6144.0M)->2162.0M(6144.0M)]
 [Times: user=0.09 sys=0.06, real=0.03 secs] 
2025-07-26T04:14:20.155+0800: 490613.990: [GC pause (G1 Evacuation Pause) (young), 0.0347144 secs]
   [Parallel Time: 30.7 ms, GC Workers: 8]
      [GC Worker Start (ms): Min: 490613991.0, Avg: 490613991.0, Max: 490613991.1, Diff: 0.1]
      [Ext Root Scanning (ms): Min: 2.0, Avg: 2.3, Max: 3.1, Diff: 1.2, Sum: 18.5]
      [Update RS (ms): Min: 16.9, Avg: 17.6, Max: 17.9, Diff: 1.0, Sum: 141.0]
         [Processed Buffers: Min: 97, Avg: 111.4, Max: 125, Diff: 28, Sum: 891]
      [Scan RS (ms): Min: 0.0, Avg: 0.1, Max: 0.2, Diff: 0.1, Sum: 1.2]
      [Code Root Scanning (ms): Min: 0.0, Avg: 0.0, Max: 0.0, Diff: 0.0, Sum: 0.0]
      [Object Copy (ms): Min: 10.1, Avg: 10.3, Max: 10.5, Diff: 0.4, Sum: 82.7]
      [Termination (ms): Min: 0.0, Avg: 0.0, Max: 0.0, Diff: 0.0, Sum: 0.0]
         [Termination Attempts: Min: 1, Avg: 1.1, Max: 2, Diff: 1, Sum: 9]
      [GC Worker Other (ms): Min: 0.0, Avg: 0.1, Max: 0.1, Diff: 0.1, Sum: 0.5]
      [GC Worker Total (ms): Min: 30.4, Avg: 30.5, Max: 30.6, Diff: 0.1, Sum: 243.9]
      [GC Worker End (ms): Min: 490614021.5, Avg: 490614021.5, Max: 490614021.6, Diff: 0.1]
   [Code Root Fixup: 0.0 ms]
   [Code Root Purge: 0.0 ms]
   [Clear CT: 0.4 ms]
   [Other: 3.7 ms]
      [Choose CSet: 0.0 ms]
      [Ref Proc: 0.8 ms]
      [Ref Enq: 0.1 ms]
      [Redirty Cards: 0.1 ms]
      [Humongous Register: 0.4 ms]
      [Humongous Reclaim: 0.3 ms]
      [Free CSet: 1.3 ms]
   [Eden: 1464.0M(1464.0M)->0.0B(2212.0M) Survivors: 32.0M->44.0M Heap: 3718.4M(6144.0M)->2174.0M(6144.0M)]
 [Times: user=0.24 sys=0.01, real=0.04 secs] 
2025-07-26T04:16:21.170+0800: 490735.006: [GC pause (G1 Evacuation Pause) (young), 0.0384536 secs]
   [Parallel Time: 31.0 ms, GC Workers: 8]
      [GC Worker Start (ms): Min: 490735008.0, Avg: 490735008.1, Max: 490735008.2, Diff: 0.2]
      [Ext Root Scanning (ms): Min: 2.5, Avg: 3.7, Max: 10.5, Diff: 8.0, Sum: 29.4]
      [Update RS (ms): Min: 15.0, Avg: 21.6, Max: 23.2, Diff: 8.3, Sum: 172.9]
         [Processed Buffers: Min: 106, Avg: 136.9, Max: 159, Diff: 53, Sum: 1095]
      [Scan RS (ms): Min: 0.1, Avg: 0.2, Max: 0.3, Diff: 0.3, Sum: 1.8]
      [Code Root Scanning (ms): Min: 0.0, Avg: 0.0, Max: 0.0, Diff: 0.0, Sum: 0.0]
      [Object Copy (ms): Min: 4.8, Avg: 5.2, Max: 5.3, Diff: 0.5, Sum: 41.2]
      [Termination (ms): Min: 0.0, Avg: 0.0, Max: 0.0, Diff: 0.0, Sum: 0.0]
         [Termination Attempts: Min: 1, Avg: 1.0, Max: 1, Diff: 0, Sum: 8]
      [GC Worker Other (ms): Min: 0.1, Avg: 0.1, Max: 0.2, Diff: 0.1, Sum: 1.0]
      [GC Worker Total (ms): Min: 30.7, Avg: 30.8, Max: 30.9, Diff: 0.2, Sum: 246.5]
      [GC Worker End (ms): Min: 490735038.8, Avg: 490735038.9, Max: 490735038.9, Diff: 0.1]
   [Code Root Fixup: 0.0 ms]
   [Code Root Purge: 0.0 ms]
   [Clear CT: 0.4 ms]
   [Other: 7.0 ms]
      [Choose CSet: 0.0 ms]
      [Ref Proc: 0.9 ms]
      [Ref Enq: 0.0 ms]
      [Redirty Cards: 0.1 ms]
      [Humongous Register: 1.6 ms]
      [Humongous Reclaim: 0.4 ms]
      [Free CSet: 2.8 ms]
   [Eden: 2212.0M(2212.0M)->0.0B(2900.0M) Survivors: 44.0M->28.0M Heap: 4504.3M(6144.0M)->2158.0M(6144.0M)]
 [Times: user=0.24 sys=0.02, real=0.04 secs] 
2025-07-26T04:18:50.220+0800: 490884.056: [GC pause (G1 Evacuation Pause) (young), 0.0344672 secs]
   [Parallel Time: 24.5 ms, GC Workers: 8]
      [GC Worker Start (ms): Min: 490884059.2, Avg: 490884059.3, Max: 490884059.4, Diff: 0.2]
      [Ext Root Scanning (ms): Min: 3.0, Avg: 4.1, Max: 10.7, Diff: 7.7, Sum: 33.1]
      [Update RS (ms): Min: 6.9, Avg: 13.3, Max: 14.6, Diff: 7.7, Sum: 106.4]
         [Processed Buffers: Min: 72, Avg: 96.9, Max: 120, Diff: 48, Sum: 775]
      [Scan RS (ms): Min: 0.2, Avg: 0.5, Max: 0.7, Diff: 0.5, Sum: 4.3]
      [Code Root Scanning (ms): Min: 0.0, Avg: 0.0, Max: 0.0, Diff: 0.0, Sum: 0.1]
      [Object Copy (ms): Min: 5.9, Avg: 6.1, Max: 6.2, Diff: 0.3, Sum: 48.8]
      [Termination (ms): Min: 0.0, Avg: 0.0, Max: 0.0, Diff: 0.0, Sum: 0.0]
         [Termination Attempts: Min: 1, Avg: 1.0, Max: 1, Diff: 0, Sum: 8]
      [GC Worker Other (ms): Min: 0.1, Avg: 0.2, Max: 0.2, Diff: 0.1, Sum: 1.4]
      [GC Worker Total (ms): Min: 24.2, Avg: 24.3, Max: 24.4, Diff: 0.2, Sum: 194.1]
      [GC Worker End (ms): Min: 490884083.5, Avg: 490884083.6, Max: 490884083.6, Diff: 0.1]
   [Code Root Fixup: 0.0 ms]
   [Code Root Purge: 0.0 ms]
   [Clear CT: 0.6 ms]
   [Other: 9.3 ms]
      [Choose CSet: 0.0 ms]
      [Ref Proc: 1.1 ms]
      [Ref Enq: 0.1 ms]
      [Redirty Cards: 0.1 ms]
      [Humongous Register: 2.9 ms]
      [Humongous Reclaim: 0.6 ms]
      [Free CSet: 3.7 ms]
   [Eden: 2900.0M(2900.0M)->0.0B(2914.0M) Survivors: 28.0M->28.0M Heap: 5223.3M(6144.0M)->2158.0M(6144.0M)]
 [Times: user=0.20 sys=0.00, real=0.03 secs] 
2025-07-26T04:20:18.953+0800: 490972.788: [GC pause (G1 Evacuation Pause) (young), 0.0386065 secs]
   [Parallel Time: 32.9 ms, GC Workers: 8]
      [GC Worker Start (ms): Min: 490972789.3, Avg: 490972789.3, Max: 490972789.3, Diff: 0.1]
      [Ext Root Scanning (ms): Min: 2.2, Avg: 2.6, Max: 3.4, Diff: 1.2, Sum: 20.6]
      [Update RS (ms): Min: 16.6, Avg: 17.3, Max: 17.6, Diff: 1.0, Sum: 138.2]
         [Processed Buffers: Min: 92, Avg: 122.0, Max: 141, Diff: 49, Sum: 976]
      [Scan RS (ms): Min: 0.1, Avg: 0.3, Max: 0.4, Diff: 0.3, Sum: 2.4]
      [Code Root Scanning (ms): Min: 0.0, Avg: 0.0, Max: 0.0, Diff: 0.0, Sum: 0.1]
      [Object Copy (ms): Min: 12.1, Avg: 12.5, Max: 12.7, Diff: 0.6, Sum: 100.4]
      [Termination (ms): Min: 0.0, Avg: 0.0, Max: 0.0, Diff: 0.0, Sum: 0.2]
         [Termination Attempts: Min: 1, Avg: 3.4, Max: 5, Diff: 4, Sum: 27]
      [GC Worker Other (ms): Min: 0.0, Avg: 0.1, Max: 0.1, Diff: 0.1, Sum: 0.5]
      [GC Worker Total (ms): Min: 32.7, Avg: 32.8, Max: 32.9, Diff: 0.1, Sum: 262.3]
      [GC Worker End (ms): Min: 490972822.0, Avg: 490972822.1, Max: 490972822.1, Diff: 0.1]
   [Code Root Fixup: 0.0 ms]
   [Code Root Purge: 0.0 ms]
   [Clear CT: 0.5 ms]
   [Other: 5.1 ms]
      [Choose CSet: 0.0 ms]
      [Ref Proc: 1.6 ms]
      [Ref Enq: 0.2 ms]
      [Redirty Cards: 0.1 ms]
      [Humongous Register: 0.7 ms]
      [Humongous Reclaim: 0.2 ms]
      [Free CSet: 1.5 ms]
   [Eden: 2914.0M(2914.0M)->0.0B(2886.0M) Survivors: 28.0M->54.0M Heap: 5168.7M(6144.0M)->2184.0M(6144.0M)]
 [Times: user=0.24 sys=0.02, real=0.04 secs] 
2025-07-26T04:21:00.543+0800: 491014.379: [GC pause (G1 Evacuation Pause) (young), 0.0351519 secs]
   [Parallel Time: 26.9 ms, GC Workers: 8]
      [GC Worker Start (ms): Min: 491014380.3, Avg: 491014380.4, Max: 491014380.5, Diff: 0.2]
      [Ext Root Scanning (ms): Min: 3.0, Avg: 4.3, Max: 11.6, Diff: 8.6, Sum: 34.4]
      [Update RS (ms): Min: 2.7, Avg: 9.8, Max: 11.6, Diff: 8.9, Sum: 78.7]
         [Processed Buffers: Min: 45, Avg: 75.5, Max: 94, Diff: 49, Sum: 604]
      [Scan RS (ms): Min: 0.1, Avg: 0.3, Max: 0.4, Diff: 0.3, Sum: 2.5]
      [Code Root Scanning (ms): Min: 0.0, Avg: 0.0, Max: 0.0, Diff: 0.0, Sum: 0.1]
      [Object Copy (ms): Min: 11.0, Avg: 11.6, Max: 12.0, Diff: 1.0, Sum: 92.8]
      [Termination (ms): Min: 0.0, Avg: 0.4, Max: 0.6, Diff: 0.6, Sum: 3.5]
         [Termination Attempts: Min: 1, Avg: 1.0, Max: 1, Diff: 0, Sum: 8]
      [GC Worker Other (ms): Min: 0.0, Avg: 0.1, Max: 0.2, Diff: 0.1, Sum: 0.9]
      [GC Worker Total (ms): Min: 26.5, Avg: 26.6, Max: 26.7, Diff: 0.3, Sum: 212.9]
      [GC Worker End (ms): Min: 491014406.8, Avg: 491014407.0, Max: 491014407.1, Diff: 0.3]
   [Code Root Fixup: 0.0 ms]
   [Code Root Purge: 0.0 ms]
   [Clear CT: 0.5 ms]
   [Other: 7.7 ms]
      [Choose CSet: 0.0 ms]
      [Ref Proc: 1.8 ms]
      [Ref Enq: 0.2 ms]
      [Redirty Cards: 0.1 ms]
      [Humongous Register: 1.0 ms]
      [Humongous Reclaim: 0.2 ms]
      [Free CSet: 3.5 ms]
   [Eden: 2886.0M(2886.0M)->0.0B(2880.0M) Survivors: 54.0M->56.0M Heap: 5121.3M(6144.0M)->2190.4M(6144.0M)]
 [Times: user=0.21 sys=0.02, real=0.04 secs] 
2025-07-26T04:21:35.731+0800: 491049.567: [GC pause (G1 Evacuation Pause) (young), 0.0338117 secs]
   [Parallel Time: 28.5 ms, GC Workers: 8]
      [GC Worker Start (ms): Min: 491049567.6, Avg: 491049567.7, Max: 491049567.8, Diff: 0.2]
      [Ext Root Scanning (ms): Min: 2.3, Avg: 2.6, Max: 3.2, Diff: 0.9, Sum: 20.7]
      [Update RS (ms): Min: 16.0, Avg: 16.4, Max: 16.6, Diff: 0.6, Sum: 131.4]
         [Processed Buffers: Min: 86, Avg: 114.6, Max: 131, Diff: 45, Sum: 917]
      [Scan RS (ms): Min: 0.2, Avg: 0.3, Max: 0.3, Diff: 0.2, Sum: 2.3]
      [Code Root Scanning (ms): Min: 0.0, Avg: 0.0, Max: 0.0, Diff: 0.0, Sum: 0.1]
      [Object Copy (ms): Min: 8.6, Avg: 8.8, Max: 8.9, Diff: 0.3, Sum: 70.4]
      [Termination (ms): Min: 0.0, Avg: 0.2, Max: 0.3, Diff: 0.3, Sum: 1.6]
         [Termination Attempts: Min: 1, Avg: 1.0, Max: 1, Diff: 0, Sum: 8]
      [GC Worker Other (ms): Min: 0.0, Avg: 0.0, Max: 0.0, Diff: 0.0, Sum: 0.2]
      [GC Worker Total (ms): Min: 28.2, Avg: 28.3, Max: 28.4, Diff: 0.2, Sum: 226.6]
      [GC Worker End (ms): Min: 491049596.0, Avg: 491049596.0, Max: 491049596.1, Diff: 0.1]
   [Code Root Fixup: 0.0 ms]
   [Code Root Purge: 0.0 ms]
   [Clear CT: 0.5 ms]
   [Other: 4.8 ms]
      [Choose CSet: 0.0 ms]
      [Ref Proc: 1.5 ms]
      [Ref Enq: 0.1 ms]
      [Redirty Cards: 0.1 ms]
      [Humongous Register: 0.5 ms]
      [Humongous Reclaim: 0.3 ms]
      [Free CSet: 1.6 ms]
   [Eden: 2880.0M(2880.0M)->0.0B(2904.0M) Survivors: 56.0M->42.0M Heap: 5160.9M(6144.0M)->2172.7M(6144.0M)]
 [Times: user=0.23 sys=0.00, real=0.03 secs] 
2025-07-26T04:22:20.554+0800: 491094.390: [GC pause (G1 Evacuation Pause) (young), 0.0287625 secs]
   [Parallel Time: 20.6 ms, GC Workers: 8]
      [GC Worker Start (ms): Min: 491094391.6, Avg: 491094391.6, Max: 491094391.7, Diff: 0.1]
      [Ext Root Scanning (ms): Min: 2.8, Avg: 4.0, Max: 10.7, Diff: 7.9, Sum: 32.0]
      [Update RS (ms): Min: 0.0, Avg: 6.3, Max: 7.7, Diff: 7.7, Sum: 50.3]
         [Processed Buffers: Min: 0, Avg: 51.2, Max: 66, Diff: 66, Sum: 410]
      [Scan RS (ms): Min: 0.1, Avg: 0.3, Max: 0.4, Diff: 0.3, Sum: 2.3]
      [Code Root Scanning (ms): Min: 0.0, Avg: 0.0, Max: 0.0, Diff: 0.0, Sum: 0.1]
      [Object Copy (ms): Min: 9.1, Avg: 9.3, Max: 9.5, Diff: 0.4, Sum: 74.5]
      [Termination (ms): Min: 0.0, Avg: 0.4, Max: 0.5, Diff: 0.5, Sum: 3.2]
         [Termination Attempts: Min: 1, Avg: 2.4, Max: 5, Diff: 4, Sum: 19]
      [GC Worker Other (ms): Min: 0.1, Avg: 0.1, Max: 0.2, Diff: 0.1, Sum: 1.0]
      [GC Worker Total (ms): Min: 20.3, Avg: 20.4, Max: 20.5, Diff: 0.2, Sum: 163.3]
      [GC Worker End (ms): Min: 491094412.0, Avg: 491094412.0, Max: 491094412.1, Diff: 0.1]
   [Code Root Fixup: 0.0 ms]
   [Code Root Purge: 0.0 ms]
   [Clear CT: 0.5 ms]
   [Other: 7.7 ms]
      [Choose CSet: 0.0 ms]
      [Ref Proc: 1.6 ms]
      [Ref Enq: 0.1 ms]
      [Redirty Cards: 0.1 ms]
      [Humongous Register: 1.0 ms]
      [Humongous Reclaim: 0.2 ms]
      [Free CSet: 3.6 ms]
   [Eden: 2904.0M(2904.0M)->0.0B(2888.0M) Survivors: 42.0M->54.0M Heap: 5104.7M(6144.0M)->2187.5M(6144.0M)]
 [Times: user=0.09 sys=0.09, real=0.03 secs] 
2025-07-26T04:23:25.464+0800: 491159.300: [GC pause (G1 Evacuation Pause) (young), 0.0341709 secs]
   [Parallel Time: 28.8 ms, GC Workers: 8]
      [GC Worker Start (ms): Min: 491159300.8, Avg: 491159300.9, Max: 491159301.0, Diff: 0.2]
      [Ext Root Scanning (ms): Min: 2.1, Avg: 2.4, Max: 3.2, Diff: 1.1, Sum: 19.6]
      [Update RS (ms): Min: 12.7, Avg: 13.2, Max: 13.5, Diff: 0.8, Sum: 105.6]
         [Processed Buffers: Min: 68, Avg: 88.9, Max: 107, Diff: 39, Sum: 711]
      [Scan RS (ms): Min: 0.2, Avg: 0.3, Max: 0.4, Diff: 0.2, Sum: 2.4]
      [Code Root Scanning (ms): Min: 0.0, Avg: 0.0, Max: 0.0, Diff: 0.0, Sum: 0.1]
      [Object Copy (ms): Min: 12.3, Avg: 12.4, Max: 12.5, Diff: 0.2, Sum: 99.5]
      [Termination (ms): Min: 0.0, Avg: 0.0, Max: 0.1, Diff: 0.1, Sum: 0.4]
         [Termination Attempts: Min: 6, Avg: 11.5, Max: 16, Diff: 10, Sum: 92]
      [GC Worker Other (ms): Min: 0.0, Avg: 0.0, Max: 0.1, Diff: 0.1, Sum: 0.4]
      [GC Worker Total (ms): Min: 28.4, Avg: 28.5, Max: 28.6, Diff: 0.3, Sum: 227.9]
      [GC Worker End (ms): Min: 491159329.4, Avg: 491159329.4, Max: 491159329.5, Diff: 0.1]
   [Code Root Fixup: 0.0 ms]
   [Code Root Purge: 0.0 ms]
   [Clear CT: 0.6 ms]
   [Other: 4.8 ms]
      [Choose CSet: 0.0 ms]
      [Ref Proc: 1.5 ms]
      [Ref Enq: 0.2 ms]
      [Redirty Cards: 0.1 ms]
      [Humongous Register: 0.5 ms]
      [Humongous Reclaim: 0.2 ms]
      [Free CSet: 1.5 ms]
   [Eden: 2888.0M(2888.0M)->0.0B(2888.0M) Survivors: 54.0M->44.0M Heap: 5139.6M(6144.0M)->2188.4M(6144.0M)]
 [Times: user=0.21 sys=0.02, real=0.04 secs] 
2025-07-26T04:35:38.479+0800: 491892.315: [GC pause (G1 Evacuation Pause) (young), 0.0583744 secs]
   [Parallel Time: 38.6 ms, GC Workers: 8]
      [GC Worker Start (ms): Min: 491892322.6, Avg: 491892322.6, Max: 491892322.7, Diff: 0.2]
      [Ext Root Scanning (ms): Min: 2.7, Avg: 4.1, Max: 10.9, Diff: 8.2, Sum: 32.4]
      [Update RS (ms): Min: 20.9, Avg: 27.6, Max: 29.3, Diff: 8.4, Sum: 220.6]
         [Processed Buffers: Min: 136, Avg: 164.4, Max: 180, Diff: 44, Sum: 1315]
      [Scan RS (ms): Min: 0.1, Avg: 0.3, Max: 0.4, Diff: 0.3, Sum: 2.7]
      [Code Root Scanning (ms): Min: 0.0, Avg: 0.0, Max: 0.0, Diff: 0.0, Sum: 0.1]
      [Object Copy (ms): Min: 5.9, Avg: 6.2, Max: 6.3, Diff: 0.5, Sum: 49.6]
      [Termination (ms): Min: 0.0, Avg: 0.0, Max: 0.0, Diff: 0.0, Sum: 0.0]
         [Termination Attempts: Min: 1, Avg: 1.1, Max: 2, Diff: 1, Sum: 9]
      [GC Worker Other (ms): Min: 0.1, Avg: 0.2, Max: 0.2, Diff: 0.1, Sum: 1.2]
      [GC Worker Total (ms): Min: 38.2, Avg: 38.3, Max: 38.4, Diff: 0.2, Sum: 306.7]
      [GC Worker End (ms): Min: 491892360.9, Avg: 491892361.0, Max: 491892361.0, Diff: 0.1]
   [Code Root Fixup: 0.0 ms]
   [Code Root Purge: 0.0 ms]
   [Clear CT: 0.8 ms]
   [Other: 18.9 ms]
      [Choose CSet: 0.0 ms]
      [Ref Proc: 4.4 ms]
      [Ref Enq: 0.2 ms]
      [Redirty Cards: 0.1 ms]
      [Humongous Register: 6.5 ms]
      [Humongous Reclaim: 0.7 ms]
      [Free CSet: 5.5 ms]
   [Eden: 2888.0M(2888.0M)->0.0B(2934.0M) Survivors: 44.0M->24.0M Heap: 5221.3M(6144.0M)->2155.0M(6144.0M)]
 [Times: user=0.27 sys=0.06, real=0.06 secs] 
2025-07-26T04:44:06.633+0800: 492400.468: [GC pause (G1 Evacuation Pause) (young), 0.0416666 secs]
   [Parallel Time: 30.1 ms, GC Workers: 8]
      [GC Worker Start (ms): Min: 492400471.2, Avg: 492400471.2, Max: 492400471.3, Diff: 0.1]
      [Ext Root Scanning (ms): Min: 2.7, Avg: 3.9, Max: 10.5, Diff: 7.8, Sum: 31.1]
      [Update RS (ms): Min: 10.5, Avg: 17.0, Max: 18.5, Diff: 7.9, Sum: 136.2]
         [Processed Buffers: Min: 85, Avg: 113.5, Max: 125, Diff: 40, Sum: 908]
      [Scan RS (ms): Min: 0.3, Avg: 0.6, Max: 0.8, Diff: 0.5, Sum: 5.0]
      [Code Root Scanning (ms): Min: 0.0, Avg: 0.0, Max: 0.0, Diff: 0.0, Sum: 0.1]
      [Object Copy (ms): Min: 8.1, Avg: 8.2, Max: 8.3, Diff: 0.2, Sum: 65.4]
      [Termination (ms): Min: 0.0, Avg: 0.0, Max: 0.0, Diff: 0.0, Sum: 0.1]
         [Termination Attempts: Min: 1, Avg: 10.9, Max: 19, Diff: 18, Sum: 87]
      [GC Worker Other (ms): Min: 0.0, Avg: 0.1, Max: 0.2, Diff: 0.1, Sum: 0.9]
      [GC Worker Total (ms): Min: 29.8, Avg: 29.9, Max: 29.9, Diff: 0.1, Sum: 238.8]
      [GC Worker End (ms): Min: 492400501.0, Avg: 492400501.1, Max: 492400501.1, Diff: 0.1]
   [Code Root Fixup: 0.0 ms]
   [Code Root Purge: 0.0 ms]
   [Clear CT: 0.6 ms]
   [Other: 11.0 ms]
      [Choose CSet: 0.0 ms]
      [Ref Proc: 3.7 ms]
      [Ref Enq: 0.1 ms]
      [Redirty Cards: 0.1 ms]
      [Humongous Register: 1.8 ms]
      [Humongous Reclaim: 0.4 ms]
      [Free CSet: 3.6 ms]
   [Eden: 2934.0M(2934.0M)->0.0B(2930.0M) Survivors: 24.0M->34.0M Heap: 5230.7M(6144.0M)->2164.9M(6144.0M)]
 [Times: user=0.22 sys=0.04, real=0.04 secs] 
2025-07-26T04:46:23.211+0800: 492537.047: [GC pause (G1 Evacuation Pause) (young), 0.0436992 secs]
   [Parallel Time: 36.3 ms, GC Workers: 8]
      [GC Worker Start (ms): Min: 492537048.1, Avg: 492537048.2, Max: 492537048.2, Diff: 0.2]
      [Ext Root Scanning (ms): Min: 2.9, Avg: 4.5, Max: 13.3, Diff: 10.4, Sum: 36.3]
      [Update RS (ms): Min: 14.6, Avg: 23.1, Max: 24.6, Diff: 10.0, Sum: 184.6]
         [Processed Buffers: Min: 91, Avg: 142.4, Max: 164, Diff: 73, Sum: 1139]
      [Scan RS (ms): Min: 0.1, Avg: 0.6, Max: 0.7, Diff: 0.6, Sum: 4.6]
      [Code Root Scanning (ms): Min: 0.0, Avg: 0.0, Max: 0.0, Diff: 0.0, Sum: 0.1]
      [Object Copy (ms): Min: 6.9, Avg: 7.7, Max: 7.9, Diff: 1.0, Sum: 61.5]
      [Termination (ms): Min: 0.0, Avg: 0.0, Max: 0.0, Diff: 0.0, Sum: 0.3]
         [Termination Attempts: Min: 8, Avg: 12.6, Max: 15, Diff: 7, Sum: 101]
      [GC Worker Other (ms): Min: 0.1, Avg: 0.1, Max: 0.2, Diff: 0.1, Sum: 1.0]
      [GC Worker Total (ms): Min: 35.9, Avg: 36.0, Max: 36.1, Diff: 0.2, Sum: 288.3]
      [GC Worker End (ms): Min: 492537084.2, Avg: 492537084.2, Max: 492537084.3, Diff: 0.1]
   [Code Root Fixup: 0.0 ms]
   [Code Root Purge: 0.0 ms]
   [Clear CT: 0.6 ms]
   [Other: 6.8 ms]
      [Choose CSet: 0.0 ms]
      [Ref Proc: 1.0 ms]
      [Ref Enq: 0.0 ms]
      [Redirty Cards: 0.1 ms]
      [Humongous Register: 0.8 ms]
      [Humongous Reclaim: 0.4 ms]
      [Free CSet: 3.5 ms]
   [Eden: 2930.0M(2930.0M)->0.0B(2902.0M) Survivors: 34.0M->42.0M Heap: 5282.8M(6144.0M)->2187.4M(6144.0M)]
 [Times: user=0.26 sys=0.04, real=0.04 secs] 
2025-07-26T04:49:00.307+0800: 492694.142: [GC pause (G1 Evacuation Pause) (young), 0.0440389 secs]
   [Parallel Time: 32.1 ms, GC Workers: 8]
      [GC Worker Start (ms): Min: 492694146.3, Avg: 492694146.3, Max: 492694146.4, Diff: 0.1]
      [Ext Root Scanning (ms): Min: 3.0, Avg: 4.2, Max: 11.2, Diff: 8.2, Sum: 33.3]
      [Update RS (ms): Min: 10.5, Avg: 17.3, Max: 18.8, Diff: 8.3, Sum: 138.2]
         [Processed Buffers: Min: 91, Avg: 114.6, Max: 132, Diff: 41, Sum: 917]
      [Scan RS (ms): Min: 0.3, Avg: 0.7, Max: 0.8, Diff: 0.6, Sum: 5.5]
      [Code Root Scanning (ms): Min: 0.0, Avg: 0.0, Max: 0.0, Diff: 0.0, Sum: 0.1]
      [Object Copy (ms): Min: 9.4, Avg: 9.6, Max: 9.7, Diff: 0.2, Sum: 76.7]
      [Termination (ms): Min: 0.0, Avg: 0.0, Max: 0.0, Diff: 0.0, Sum: 0.0]
         [Termination Attempts: Min: 1, Avg: 1.0, Max: 1, Diff: 0, Sum: 8]
      [GC Worker Other (ms): Min: 0.1, Avg: 0.1, Max: 0.2, Diff: 0.1, Sum: 1.1]
      [GC Worker Total (ms): Min: 31.8, Avg: 31.9, Max: 31.9, Diff: 0.1, Sum: 255.0]
      [GC Worker End (ms): Min: 492694178.2, Avg: 492694178.2, Max: 492694178.2, Diff: 0.1]
   [Code Root Fixup: 0.0 ms]
   [Code Root Purge: 0.0 ms]
   [Clear CT: 0.6 ms]
   [Other: 11.3 ms]
      [Choose CSet: 0.0 ms]
      [Ref Proc: 2.5 ms]
      [Ref Enq: 0.1 ms]
      [Redirty Cards: 0.1 ms]
      [Humongous Register: 3.3 ms]
      [Humongous Reclaim: 0.6 ms]
      [Free CSet: 3.8 ms]
   [Eden: 2902.0M(2902.0M)->0.0B(2916.0M) Survivors: 42.0M->42.0M Heap: 5232.9M(6144.0M)->2173.7M(6144.0M)]
 [Times: user=0.23 sys=0.04, real=0.05 secs] 
2025-07-26T04:50:20.515+0800: 492774.350: [GC pause (G1 Evacuation Pause) (young), 0.0468989 secs]
   [Parallel Time: 41.6 ms, GC Workers: 8]
      [GC Worker Start (ms): Min: 492774350.9, Avg: 492774351.0, Max: 492774351.1, Diff: 0.2]
      [Ext Root Scanning (ms): Min: 2.3, Avg: 3.3, Max: 9.0, Diff: 6.7, Sum: 26.3]
      [Update RS (ms): Min: 16.3, Avg: 21.6, Max: 23.1, Diff: 6.8, Sum: 172.5]
         [Processed Buffers: Min: 105, Avg: 141.4, Max: 159, Diff: 54, Sum: 1131]
      [Scan RS (ms): Min: 0.1, Avg: 0.3, Max: 0.4, Diff: 0.3, Sum: 2.4]
      [Code Root Scanning (ms): Min: 0.0, Avg: 0.0, Max: 0.0, Diff: 0.0, Sum: 0.1]
      [Object Copy (ms): Min: 15.7, Avg: 16.1, Max: 16.4, Diff: 0.7, Sum: 129.0]
      [Termination (ms): Min: 0.0, Avg: 0.1, Max: 0.1, Diff: 0.1, Sum: 0.4]
         [Termination Attempts: Min: 1, Avg: 1.2, Max: 2, Diff: 1, Sum: 10]
      [GC Worker Other (ms): Min: 0.0, Avg: 0.1, Max: 0.1, Diff: 0.1, Sum: 0.4]
      [GC Worker Total (ms): Min: 41.3, Avg: 41.4, Max: 41.5, Diff: 0.2, Sum: 331.1]
      [GC Worker End (ms): Min: 492774392.3, Avg: 492774392.4, Max: 492774392.4, Diff: 0.1]
   [Code Root Fixup: 0.1 ms]
   [Code Root Purge: 0.0 ms]
   [Clear CT: 0.5 ms]
   [Other: 4.8 ms]
      [Choose CSet: 0.0 ms]
      [Ref Proc: 1.6 ms]
      [Ref Enq: 0.2 ms]
      [Redirty Cards: 0.1 ms]
      [Humongous Register: 0.3 ms]
      [Humongous Reclaim: 0.2 ms]
      [Free CSet: 1.7 ms]
   [Eden: 2916.0M(2916.0M)->0.0B(2858.0M) Survivors: 42.0M->72.0M Heap: 5206.5M(6144.0M)->2202.3M(6144.0M)]
 [Times: user=0.29 sys=0.05, real=0.05 secs] 
2025-07-26T04:51:00.246+0800: 492814.082: [GC pause (G1 Evacuation Pause) (young), 0.0309496 secs]
   [Parallel Time: 19.8 ms, GC Workers: 8]
      [GC Worker Start (ms): Min: 492814085.7, Avg: 492814085.8, Max: 492814085.8, Diff: 0.1]
      [Ext Root Scanning (ms): Min: 2.9, Avg: 3.4, Max: 5.4, Diff: 2.5, Sum: 27.5]
      [Update RS (ms): Min: 4.8, Avg: 6.6, Max: 7.6, Diff: 2.8, Sum: 52.7]
         [Processed Buffers: Min: 28, Avg: 48.1, Max: 68, Diff: 40, Sum: 385]
      [Scan RS (ms): Min: 0.1, Avg: 0.3, Max: 0.4, Diff: 0.2, Sum: 2.2]
      [Code Root Scanning (ms): Min: 0.0, Avg: 0.0, Max: 0.0, Diff: 0.0, Sum: 0.1]
      [Object Copy (ms): Min: 8.6, Avg: 9.1, Max: 9.2, Diff: 0.6, Sum: 72.7]
      [Termination (ms): Min: 0.0, Avg: 0.0, Max: 0.0, Diff: 0.0, Sum: 0.0]
         [Termination Attempts: Min: 1, Avg: 1.5, Max: 3, Diff: 2, Sum: 12]
      [GC Worker Other (ms): Min: 0.1, Avg: 0.2, Max: 0.2, Diff: 0.1, Sum: 1.3]
      [GC Worker Total (ms): Min: 19.5, Avg: 19.6, Max: 19.6, Diff: 0.1, Sum: 156.5]
      [GC Worker End (ms): Min: 492814105.3, Avg: 492814105.3, Max: 492814105.4, Diff: 0.1]
   [Code Root Fixup: 0.1 ms]
   [Code Root Purge: 0.0 ms]
   [Clear CT: 0.5 ms]
   [Other: 10.6 ms]
      [Choose CSet: 0.0 ms]
      [Ref Proc: 2.5 ms]
      [Ref Enq: 0.1 ms]
      [Redirty Cards: 0.1 ms]
      [Humongous Register: 3.1 ms]
      [Humongous Reclaim: 0.2 ms]
      [Free CSet: 3.5 ms]
   [Eden: 2858.0M(2858.0M)->0.0B(2894.0M) Survivors: 72.0M->54.0M Heap: 5083.5M(6144.0M)->2184.6M(6144.0M)]
 [Times: user=0.09 sys=0.08, real=0.04 secs] 
2025-07-26T04:51:31.343+0800: 492845.178: [GC pause (G1 Evacuation Pause) (young), 0.0391353 secs]
   [Parallel Time: 30.9 ms, GC Workers: 8]
      [GC Worker Start (ms): Min: 492845179.3, Avg: 492845179.3, Max: 492845179.4, Diff: 0.1]
      [Ext Root Scanning (ms): Min: 2.4, Avg: 3.4, Max: 9.1, Diff: 6.7, Sum: 27.4]
      [Update RS (ms): Min: 12.3, Avg: 17.7, Max: 18.6, Diff: 6.4, Sum: 141.3]
         [Processed Buffers: Min: 94, Avg: 119.2, Max: 139, Diff: 45, Sum: 954]
      [Scan RS (ms): Min: 0.2, Avg: 0.3, Max: 0.4, Diff: 0.2, Sum: 2.6]
      [Code Root Scanning (ms): Min: 0.0, Avg: 0.0, Max: 0.0, Diff: 0.0, Sum: 0.1]
      [Object Copy (ms): Min: 8.4, Avg: 8.6, Max: 9.0, Diff: 0.6, Sum: 68.9]
      [Termination (ms): Min: 0.0, Avg: 0.6, Max: 0.8, Diff: 0.8, Sum: 4.8]
         [Termination Attempts: Min: 1, Avg: 1.0, Max: 1, Diff: 0, Sum: 8]
      [GC Worker Other (ms): Min: 0.0, Avg: 0.0, Max: 0.1, Diff: 0.0, Sum: 0.2]
      [GC Worker Total (ms): Min: 30.5, Avg: 30.7, Max: 30.7, Diff: 0.2, Sum: 245.4]
      [GC Worker End (ms): Min: 492845209.9, Avg: 492845210.0, Max: 492845210.1, Diff: 0.2]
   [Code Root Fixup: 0.1 ms]
   [Code Root Purge: 0.0 ms]
   [Clear CT: 0.7 ms]
   [Other: 7.4 ms]
      [Choose CSet: 0.0 ms]
      [Ref Proc: 2.4 ms]
      [Ref Enq: 0.2 ms]
      [Redirty Cards: 0.1 ms]
      [Humongous Register: 0.4 ms]
      [Humongous Reclaim: 0.5 ms]
      [Free CSet: 2.8 ms]
   [Eden: 2894.0M(2894.0M)->0.0B(2900.0M) Survivors: 54.0M->50.0M Heap: 5174.4M(6144.0M)->2182.6M(6144.0M)]
 [Times: user=0.24 sys=0.02, real=0.04 secs] 
2025-07-26T04:52:17.904+0800: 492891.740: [GC pause (G1 Evacuation Pause) (young), 0.0304517 secs]
   [Parallel Time: 17.8 ms, GC Workers: 8]
      [GC Worker Start (ms): Min: 492891745.9, Avg: 492891745.9, Max: 492891746.0, Diff: 0.2]
      [Ext Root Scanning (ms): Min: 3.1, Avg: 3.6, Max: 5.3, Diff: 2.2, Sum: 28.6]
      [Update RS (ms): Min: 1.5, Avg: 2.9, Max: 3.8, Diff: 2.3, Sum: 22.9]
         [Processed Buffers: Min: 4, Avg: 23.9, Max: 36, Diff: 32, Sum: 191]
      [Scan RS (ms): Min: 0.1, Avg: 0.3, Max: 0.4, Diff: 0.2, Sum: 2.4]
      [Code Root Scanning (ms): Min: 0.0, Avg: 0.0, Max: 0.0, Diff: 0.0, Sum: 0.1]
      [Object Copy (ms): Min: 10.3, Avg: 10.7, Max: 10.9, Diff: 0.5, Sum: 85.8]
      [Termination (ms): Min: 0.0, Avg: 0.0, Max: 0.0, Diff: 0.0, Sum: 0.0]
         [Termination Attempts: Min: 1, Avg: 1.0, Max: 1, Diff: 0, Sum: 8]
      [GC Worker Other (ms): Min: 0.1, Avg: 0.2, Max: 0.2, Diff: 0.1, Sum: 1.2]
      [GC Worker Total (ms): Min: 17.6, Avg: 17.6, Max: 17.7, Diff: 0.2, Sum: 141.0]
      [GC Worker End (ms): Min: 492891763.5, Avg: 492891763.6, Max: 492891763.6, Diff: 0.1]
   [Code Root Fixup: 0.0 ms]
   [Code Root Purge: 0.0 ms]
   [Clear CT: 0.5 ms]
   [Other: 12.1 ms]
      [Choose CSet: 0.0 ms]
      [Ref Proc: 1.9 ms]
      [Ref Enq: 0.1 ms]
      [Redirty Cards: 0.1 ms]
      [Humongous Register: 5.1 ms]
      [Humongous Reclaim: 0.1 ms]
      [Free CSet: 3.6 ms]
   [Eden: 2900.0M(2900.0M)->0.0B(2904.0M) Survivors: 50.0M->46.0M Heap: 5082.6M(6144.0M)->2182.8M(6144.0M)]
 [Times: user=0.16 sys=0.00, real=0.03 secs] 
2025-07-26T04:53:20.184+0800: 492954.020: [GC pause (G1 Evacuation Pause) (young), 0.0359352 secs]
   [Parallel Time: 28.2 ms, GC Workers: 8]
      [GC Worker Start (ms): Min: 492954021.3, Avg: 492954021.4, Max: 492954021.4, Diff: 0.1]
      [Ext Root Scanning (ms): Min: 2.5, Avg: 3.6, Max: 9.6, Diff: 7.0, Sum: 28.8]
      [Update RS (ms): Min: 12.7, Avg: 18.3, Max: 19.5, Diff: 6.8, Sum: 146.5]
         [Processed Buffers: Min: 86, Avg: 120.4, Max: 140, Diff: 54, Sum: 963]
      [Scan RS (ms): Min: 0.1, Avg: 0.3, Max: 0.4, Diff: 0.3, Sum: 2.3]
      [Code Root Scanning (ms): Min: 0.0, Avg: 0.0, Max: 0.0, Diff: 0.0, Sum: 0.1]
      [Object Copy (ms): Min: 5.5, Avg: 5.7, Max: 5.8, Diff: 0.3, Sum: 45.6]
      [Termination (ms): Min: 0.0, Avg: 0.0, Max: 0.0, Diff: 0.0, Sum: 0.0]
         [Termination Attempts: Min: 1, Avg: 1.0, Max: 1, Diff: 0, Sum: 8]
      [GC Worker Other (ms): Min: 0.1, Avg: 0.2, Max: 0.2, Diff: 0.1, Sum: 1.3]
      [GC Worker Total (ms): Min: 28.0, Avg: 28.1, Max: 28.1, Diff: 0.1, Sum: 224.5]
      [GC Worker End (ms): Min: 492954049.4, Avg: 492954049.4, Max: 492954049.5, Diff: 0.1]
   [Code Root Fixup: 0.0 ms]
   [Code Root Purge: 0.0 ms]
   [Clear CT: 0.7 ms]
   [Other: 7.0 ms]
      [Choose CSet: 0.0 ms]
      [Ref Proc: 1.3 ms]
      [Ref Enq: 0.1 ms]
      [Redirty Cards: 0.1 ms]
      [Humongous Register: 0.4 ms]
      [Humongous Reclaim: 0.3 ms]
      [Free CSet: 3.5 ms]
   [Eden: 2904.0M(2904.0M)->0.0B(2914.0M) Survivors: 46.0M->38.0M Heap: 5182.6M(6144.0M)->2174.2M(6144.0M)]
 [Times: user=0.21 sys=0.01, real=0.04 secs] 
2025-07-26T04:56:07.071+0800: 493120.906: [GC pause (G1 Evacuation Pause) (young), 0.0449385 secs]
   [Parallel Time: 35.0 ms, GC Workers: 8]
      [GC Worker Start (ms): Min: 493120909.1, Avg: 493120909.3, Max: 493120909.4, Diff: 0.2]
      [Ext Root Scanning (ms): Min: 2.4, Avg: 3.8, Max: 10.9, Diff: 8.5, Sum: 30.1]
      [Update RS (ms): Min: 17.0, Avg: 24.0, Max: 25.5, Diff: 8.4, Sum: 191.8]
         [Processed Buffers: Min: 128, Avg: 157.2, Max: 177, Diff: 49, Sum: 1258]
      [Scan RS (ms): Min: 0.2, Avg: 0.5, Max: 0.6, Diff: 0.4, Sum: 4.0]
      [Code Root Scanning (ms): Min: 0.0, Avg: 0.0, Max: 0.0, Diff: 0.0, Sum: 0.1]
      [Object Copy (ms): Min: 6.2, Avg: 6.4, Max: 6.5, Diff: 0.3, Sum: 51.1]
      [Termination (ms): Min: 0.0, Avg: 0.0, Max: 0.0, Diff: 0.0, Sum: 0.1]
         [Termination Attempts: Min: 1, Avg: 8.8, Max: 12, Diff: 11, Sum: 70]
      [GC Worker Other (ms): Min: 0.0, Avg: 0.1, Max: 0.1, Diff: 0.1, Sum: 0.6]
      [GC Worker Total (ms): Min: 34.6, Avg: 34.7, Max: 34.9, Diff: 0.3, Sum: 277.8]
      [GC Worker End (ms): Min: 493120944.0, Avg: 493120944.0, Max: 493120944.1, Diff: 0.1]
   [Code Root Fixup: 0.1 ms]
   [Code Root Purge: 0.0 ms]
   [Clear CT: 0.7 ms]
   [Other: 9.2 ms]
      [Choose CSet: 0.0 ms]
      [Ref Proc: 2.3 ms]
      [Ref Enq: 0.1 ms]
      [Redirty Cards: 0.2 ms]
      [Humongous Register: 2.0 ms]
      [Humongous Reclaim: 0.8 ms]
      [Free CSet: 2.7 ms]
   [Eden: 2914.0M(2914.0M)->0.0B(2930.0M) Survivors: 38.0M->30.0M Heap: 5276.0M(6144.0M)->2167.3M(6144.0M)]
 [Times: user=0.26 sys=0.03, real=0.04 secs] 
2025-07-26T04:58:20.923+0800: 493254.759: [GC pause (G1 Evacuation Pause) (young), 0.0485012 secs]
   [Parallel Time: 39.3 ms, GC Workers: 8]
      [GC Worker Start (ms): Min: 493254760.4, Avg: 493254760.4, Max: 493254760.5, Diff: 0.1]
      [Ext Root Scanning (ms): Min: 2.5, Avg: 3.0, Max: 5.0, Diff: 2.5, Sum: 24.0]
      [Update RS (ms): Min: 23.7, Avg: 25.5, Max: 26.5, Diff: 2.8, Sum: 204.1]
         [Processed Buffers: Min: 141, Avg: 157.8, Max: 171, Diff: 30, Sum: 1262]
      [Scan RS (ms): Min: 0.1, Avg: 0.5, Max: 0.6, Diff: 0.5, Sum: 3.9]
      [Code Root Scanning (ms): Min: 0.0, Avg: 0.0, Max: 0.0, Diff: 0.0, Sum: 0.1]
      [Object Copy (ms): Min: 9.8, Avg: 10.0, Max: 10.3, Diff: 0.6, Sum: 80.1]
      [Termination (ms): Min: 0.0, Avg: 0.0, Max: 0.0, Diff: 0.0, Sum: 0.0]
         [Termination Attempts: Min: 1, Avg: 2.0, Max: 3, Diff: 2, Sum: 16]
      [GC Worker Other (ms): Min: 0.1, Avg: 0.1, Max: 0.2, Diff: 0.1, Sum: 0.9]
      [GC Worker Total (ms): Min: 39.1, Avg: 39.1, Max: 39.2, Diff: 0.2, Sum: 313.1]
      [GC Worker End (ms): Min: 493254799.5, Avg: 493254799.6, Max: 493254799.6, Diff: 0.1]
   [Code Root Fixup: 0.0 ms]
   [Code Root Purge: 0.0 ms]
   [Clear CT: 0.5 ms]
   [Other: 8.7 ms]
      [Choose CSet: 0.0 ms]
      [Ref Proc: 2.2 ms]
      [Ref Enq: 0.1 ms]
      [Redirty Cards: 0.1 ms]
      [Humongous Register: 1.1 ms]
      [Humongous Reclaim: 0.5 ms]
      [Free CSet: 3.5 ms]
   [Eden: 2930.0M(2930.0M)->0.0B(2912.0M) Survivors: 30.0M->40.0M Heap: 5285.3M(6144.0M)->2178.9M(6144.0M)]
 [Times: user=0.32 sys=0.00, real=0.05 secs] 
2025-07-26T05:00:14.783+0800: 493368.619: [GC pause (G1 Evacuation Pause) (young), 0.0394789 secs]
   [Parallel Time: 31.0 ms, GC Workers: 8]
      [GC Worker Start (ms): Min: 493368620.5, Avg: 493368620.7, Max: 493368620.8, Diff: 0.3]
      [Ext Root Scanning (ms): Min: 2.9, Avg: 4.1, Max: 10.6, Diff: 7.7, Sum: 32.8]
      [Update RS (ms): Min: 12.1, Avg: 18.2, Max: 19.6, Diff: 7.5, Sum: 145.8]
         [Processed Buffers: Min: 99, Avg: 121.4, Max: 136, Diff: 37, Sum: 971]
      [Scan RS (ms): Min: 0.1, Avg: 0.3, Max: 0.4, Diff: 0.3, Sum: 2.3]
      [Code Root Scanning (ms): Min: 0.0, Avg: 0.0, Max: 0.0, Diff: 0.0, Sum: 0.1]
      [Object Copy (ms): Min: 7.7, Avg: 7.8, Max: 8.0, Diff: 0.3, Sum: 62.6]
      [Termination (ms): Min: 0.0, Avg: 0.0, Max: 0.0, Diff: 0.0, Sum: 0.0]
         [Termination Attempts: Min: 2, Avg: 3.0, Max: 4, Diff: 2, Sum: 24]
      [GC Worker Other (ms): Min: 0.1, Avg: 0.1, Max: 0.2, Diff: 0.1, Sum: 1.1]
      [GC Worker Total (ms): Min: 30.5, Avg: 30.6, Max: 30.8, Diff: 0.3, Sum: 244.8]
      [GC Worker End (ms): Min: 493368651.2, Avg: 493368651.3, Max: 493368651.3, Diff: 0.1]
   [Code Root Fixup: 0.1 ms]
   [Code Root Purge: 0.0 ms]
   [Clear CT: 0.5 ms]
   [Other: 7.9 ms]
      [Choose CSet: 0.0 ms]
      [Ref Proc: 1.7 ms]
      [Ref Enq: 0.2 ms]
      [Redirty Cards: 0.2 ms]
      [Humongous Register: 1.2 ms]
      [Humongous Reclaim: 0.4 ms]
      [Free CSet: 3.5 ms]
   [Eden: 2912.0M(2912.0M)->0.0B(2888.0M) Survivors: 40.0M->52.0M Heap: 5186.6M(6144.0M)->2191.0M(6144.0M)]
 [Times: user=0.24 sys=0.02, real=0.04 secs] 
2025-07-26T05:01:01.079+0800: 493414.914: [GC pause (G1 Evacuation Pause) (young), 0.0263900 secs]
   [Parallel Time: 21.4 ms, GC Workers: 8]
      [GC Worker Start (ms): Min: 493414915.0, Avg: 493414915.0, Max: 493414915.1, Diff: 0.1]
      [Ext Root Scanning (ms): Min: 2.4, Avg: 3.4, Max: 9.1, Diff: 6.8, Sum: 27.0]
      [Update RS (ms): Min: 3.2, Avg: 8.8, Max: 9.9, Diff: 6.7, Sum: 70.4]
         [Processed Buffers: Min: 41, Avg: 69.9, Max: 86, Diff: 45, Sum: 559]
      [Scan RS (ms): Min: 0.1, Avg: 0.3, Max: 0.4, Diff: 0.3, Sum: 2.5]
      [Code Root Scanning (ms): Min: 0.0, Avg: 0.0, Max: 0.0, Diff: 0.0, Sum: 0.1]
      [Object Copy (ms): Min: 7.7, Avg: 8.0, Max: 8.7, Diff: 1.0, Sum: 64.2]
      [Termination (ms): Min: 0.0, Avg: 0.6, Max: 0.8, Diff: 0.8, Sum: 5.1]
         [Termination Attempts: Min: 1, Avg: 8.8, Max: 16, Diff: 15, Sum: 70]
      [GC Worker Other (ms): Min: 0.0, Avg: 0.1, Max: 0.1, Diff: 0.1, Sum: 0.5]
      [GC Worker Total (ms): Min: 21.2, Avg: 21.2, Max: 21.2, Diff: 0.0, Sum: 169.7]
      [GC Worker End (ms): Min: 493414936.2, Avg: 493414936.3, Max: 493414936.3, Diff: 0.1]
   [Code Root Fixup: 0.0 ms]
   [Code Root Purge: 0.0 ms]
   [Clear CT: 0.5 ms]
   [Other: 4.5 ms]
      [Choose CSet: 0.0 ms]
      [Ref Proc: 1.7 ms]
      [Ref Enq: 0.2 ms]
      [Redirty Cards: 0.1 ms]
      [Humongous Register: 0.3 ms]
      [Humongous Reclaim: 0.2 ms]
      [Free CSet: 1.4 ms]
   [Eden: 2888.0M(2888.0M)->0.0B(2900.0M) Survivors: 52.0M->46.0M Heap: 5125.0M(6144.0M)->2186.0M(6144.0M)]
 [Times: user=0.18 sys=0.00, real=0.02 secs] 
2025-07-26T05:01:50.065+0800: 493463.900: [GC pause (G1 Evacuation Pause) (young), 0.0243076 secs]
   [Parallel Time: 14.1 ms, GC Workers: 8]
      [GC Worker Start (ms): Min: 493463903.9, Avg: 493463904.1, Max: 493463904.2, Diff: 0.3]
      [Ext Root Scanning (ms): Min: 2.6, Avg: 3.1, Max: 4.6, Diff: 2.0, Sum: 25.1]
      [Update RS (ms): Min: 1.5, Avg: 2.4, Max: 2.8, Diff: 1.3, Sum: 18.8]
         [Processed Buffers: Min: 2, Avg: 21.9, Max: 41, Diff: 39, Sum: 175]
      [Scan RS (ms): Min: 0.1, Avg: 0.3, Max: 0.4, Diff: 0.3, Sum: 2.3]
      [Code Root Scanning (ms): Min: 0.0, Avg: 0.0, Max: 0.0, Diff: 0.0, Sum: 0.1]
      [Object Copy (ms): Min: 7.6, Avg: 7.9, Max: 8.0, Diff: 0.4, Sum: 63.1]
      [Termination (ms): Min: 0.0, Avg: 0.1, Max: 0.1, Diff: 0.1, Sum: 0.8]
         [Termination Attempts: Min: 1, Avg: 1.1, Max: 2, Diff: 1, Sum: 9]
      [GC Worker Other (ms): Min: 0.0, Avg: 0.1, Max: 0.2, Diff: 0.1, Sum: 0.9]
      [GC Worker Total (ms): Min: 13.7, Avg: 13.9, Max: 14.0, Diff: 0.3, Sum: 111.0]
      [GC Worker End (ms): Min: 493463917.9, Avg: 493463917.9, Max: 493463918.0, Diff: 0.1]
   [Code Root Fixup: 0.0 ms]
   [Code Root Purge: 0.0 ms]
   [Clear CT: 0.5 ms]
   [Other: 9.7 ms]
      [Choose CSet: 0.0 ms]
      [Ref Proc: 1.9 ms]
      [Ref Enq: 0.2 ms]
      [Redirty Cards: 0.1 ms]
      [Humongous Register: 3.1 ms]
      [Humongous Reclaim: 0.1 ms]
      [Free CSet: 3.5 ms]
   [Eden: 2900.0M(2900.0M)->0.0B(2900.0M) Survivors: 46.0M->46.0M Heap: 5086.0M(6144.0M)->2186.1M(6144.0M)]
 [Times: user=0.12 sys=0.00, real=0.03 secs] 
2025-07-26T05:02:44.375+0800: 493518.211: [GC pause (G1 Evacuation Pause) (young), 0.0229691 secs]
   [Parallel Time: 13.0 ms, GC Workers: 8]
      [GC Worker Start (ms): Min: 493518213.9, Avg: 493518214.1, Max: 493518214.2, Diff: 0.3]
      [Ext Root Scanning (ms): Min: 3.0, Avg: 4.3, Max: 11.2, Diff: 8.2, Sum: 34.4]
      [Update RS (ms): Min: 0.0, Avg: 2.2, Max: 2.9, Diff: 2.9, Sum: 17.5]
         [Processed Buffers: Min: 0, Avg: 22.2, Max: 52, Diff: 52, Sum: 178]
      [Scan RS (ms): Min: 0.1, Avg: 0.3, Max: 0.4, Diff: 0.3, Sum: 2.3]
      [Code Root Scanning (ms): Min: 0.0, Avg: 0.0, Max: 0.0, Diff: 0.0, Sum: 0.1]
      [Object Copy (ms): Min: 1.3, Avg: 5.7, Max: 6.4, Diff: 5.2, Sum: 45.6]
      [Termination (ms): Min: 0.0, Avg: 0.1, Max: 0.2, Diff: 0.2, Sum: 1.1]
         [Termination Attempts: Min: 1, Avg: 1.0, Max: 1, Diff: 0, Sum: 8]
      [GC Worker Other (ms): Min: 0.0, Avg: 0.1, Max: 0.3, Diff: 0.2, Sum: 1.0]
      [GC Worker Total (ms): Min: 12.5, Avg: 12.7, Max: 12.9, Diff: 0.4, Sum: 101.8]
      [GC Worker End (ms): Min: 493518226.7, Avg: 493518226.8, Max: 493518226.8, Diff: 0.1]
   [Code Root Fixup: 0.0 ms]
   [Code Root Purge: 0.0 ms]
   [Clear CT: 0.5 ms]
   [Other: 9.4 ms]
      [Choose CSet: 0.0 ms]
      [Ref Proc: 1.8 ms]
      [Ref Enq: 0.2 ms]
      [Redirty Cards: 0.1 ms]
      [Humongous Register: 2.8 ms]
      [Humongous Reclaim: 0.1 ms]
      [Free CSet: 3.5 ms]
   [Eden: 2900.0M(2900.0M)->0.0B(2912.0M) Survivors: 46.0M->40.0M Heap: 5086.1M(6144.0M)->2180.8M(6144.0M)]
 [Times: user=0.04 sys=0.07, real=0.03 secs] 
2025-07-26T05:19:07.038+0800: 494500.873: [GC pause (G1 Evacuation Pause) (young), 0.0433230 secs]
   [Parallel Time: 30.2 ms, GC Workers: 8]
      [GC Worker Start (ms): Min: 494500875.1, Avg: 494500875.2, Max: 494500875.2, Diff: 0.1]
      [Ext Root Scanning (ms): Min: 2.8, Avg: 3.9, Max: 10.3, Diff: 7.5, Sum: 31.1]
      [Update RS (ms): Min: 9.5, Avg: 15.3, Max: 16.4, Diff: 6.9, Sum: 122.5]
         [Processed Buffers: Min: 49, Avg: 97.0, Max: 118, Diff: 69, Sum: 776]
      [Scan RS (ms): Min: 0.1, Avg: 0.3, Max: 0.4, Diff: 0.3, Sum: 2.5]
      [Code Root Scanning (ms): Min: 0.0, Avg: 0.0, Max: 0.0, Diff: 0.0, Sum: 0.1]
      [Object Copy (ms): Min: 10.0, Avg: 10.3, Max: 10.4, Diff: 0.4, Sum: 82.6]
      [Termination (ms): Min: 0.0, Avg: 0.0, Max: 0.0, Diff: 0.0, Sum: 0.0]
         [Termination Attempts: Min: 1, Avg: 1.0, Max: 1, Diff: 0, Sum: 8]
      [GC Worker Other (ms): Min: 0.1, Avg: 0.1, Max: 0.2, Diff: 0.1, Sum: 1.1]
      [GC Worker Total (ms): Min: 29.9, Avg: 30.0, Max: 30.1, Diff: 0.2, Sum: 239.9]
      [GC Worker End (ms): Min: 494500905.1, Avg: 494500905.2, Max: 494500905.2, Diff: 0.1]
   [Code Root Fixup: 0.0 ms]
   [Code Root Purge: 0.0 ms]
   [Clear CT: 0.5 ms]
   [Other: 12.6 ms]
      [Choose CSet: 0.0 ms]
      [Ref Proc: 6.3 ms]
      [Ref Enq: 0.3 ms]
      [Redirty Cards: 0.2 ms]
      [Humongous Register: 1.2 ms]
      [Humongous Reclaim: 0.3 ms]
      [Free CSet: 3.5 ms]
   [Eden: 2912.0M(2912.0M)->0.0B(2914.0M) Survivors: 40.0M->36.0M Heap: 5168.8M(6144.0M)->2181.2M(6144.0M)]
 [Times: user=0.22 sys=0.03, real=0.04 secs] 
2025-07-26T05:20:21.291+0800: 494575.127: [GC pause (G1 Evacuation Pause) (young), 0.0459535 secs]
   [Parallel Time: 38.6 ms, GC Workers: 8]
      [GC Worker Start (ms): Min: 494575127.8, Avg: 494575127.9, Max: 494575128.0, Diff: 0.2]
      [Ext Root Scanning (ms): Min: 2.3, Avg: 3.4, Max: 9.5, Diff: 7.2, Sum: 27.2]
      [Update RS (ms): Min: 14.7, Avg: 20.6, Max: 22.1, Diff: 7.4, Sum: 165.2]
         [Processed Buffers: Min: 107, Avg: 136.8, Max: 149, Diff: 42, Sum: 1094]
      [Scan RS (ms): Min: 0.1, Avg: 0.3, Max: 0.4, Diff: 0.3, Sum: 2.3]
      [Code Root Scanning (ms): Min: 0.0, Avg: 0.0, Max: 0.0, Diff: 0.0, Sum: 0.1]
      [Object Copy (ms): Min: 13.6, Avg: 14.0, Max: 14.1, Diff: 0.6, Sum: 112.0]
      [Termination (ms): Min: 0.0, Avg: 0.0, Max: 0.0, Diff: 0.0, Sum: 0.0]
         [Termination Attempts: Min: 1, Avg: 1.5, Max: 2, Diff: 1, Sum: 12]
      [GC Worker Other (ms): Min: 0.0, Avg: 0.1, Max: 0.1, Diff: 0.1, Sum: 0.7]
      [GC Worker Total (ms): Min: 38.3, Avg: 38.4, Max: 38.5, Diff: 0.2, Sum: 307.4]
      [GC Worker End (ms): Min: 494575166.3, Avg: 494575166.4, Max: 494575166.4, Diff: 0.1]
   [Code Root Fixup: 0.1 ms]
   [Code Root Purge: 0.0 ms]
   [Clear CT: 0.6 ms]
   [Other: 6.7 ms]
      [Choose CSet: 0.0 ms]
      [Ref Proc: 3.2 ms]
      [Ref Enq: 0.2 ms]
      [Redirty Cards: 0.2 ms]
      [Humongous Register: 0.3 ms]
      [Humongous Reclaim: 0.3 ms]
      [Free CSet: 1.6 ms]
   [Eden: 2914.0M(2914.0M)->0.0B(2862.0M) Survivors: 36.0M->64.0M Heap: 5207.3M(6144.0M)->2204.8M(6144.0M)]
 [Times: user=0.28 sys=0.04, real=0.05 secs] 
2025-07-26T05:21:00.784+0800: 494614.619: [GC pause (G1 Evacuation Pause) (young), 0.0300493 secs]
   [Parallel Time: 21.0 ms, GC Workers: 8]
      [GC Worker Start (ms): Min: 494614621.4, Avg: 494614621.5, Max: 494614621.6, Diff: 0.2]
      [Ext Root Scanning (ms): Min: 3.0, Avg: 3.4, Max: 4.7, Diff: 1.7, Sum: 27.0]
      [Update RS (ms): Min: 6.5, Avg: 7.5, Max: 8.1, Diff: 1.6, Sum: 59.9]
         [Processed Buffers: Min: 32, Avg: 54.2, Max: 61, Diff: 29, Sum: 434]
      [Scan RS (ms): Min: 0.1, Avg: 0.3, Max: 0.4, Diff: 0.3, Sum: 2.4]
      [Code Root Scanning (ms): Min: 0.0, Avg: 0.0, Max: 0.0, Diff: 0.0, Sum: 0.1]
      [Object Copy (ms): Min: 9.3, Avg: 9.5, Max: 9.6, Diff: 0.3, Sum: 75.9]
      [Termination (ms): Min: 0.0, Avg: 0.0, Max: 0.0, Diff: 0.0, Sum: 0.0]
         [Termination Attempts: Min: 1, Avg: 1.0, Max: 1, Diff: 0, Sum: 8]
      [GC Worker Other (ms): Min: 0.1, Avg: 0.1, Max: 0.3, Diff: 0.2, Sum: 1.2]
      [GC Worker Total (ms): Min: 20.7, Avg: 20.8, Max: 20.9, Diff: 0.3, Sum: 166.3]
      [GC Worker End (ms): Min: 494614642.2, Avg: 494614642.3, Max: 494614642.3, Diff: 0.1]
   [Code Root Fixup: 0.0 ms]
   [Code Root Purge: 0.0 ms]
   [Clear CT: 0.5 ms]
   [Other: 8.5 ms]
      [Choose CSet: 0.0 ms]
      [Ref Proc: 1.7 ms]
      [Ref Enq: 0.2 ms]
      [Redirty Cards: 0.1 ms]
      [Humongous Register: 1.6 ms]
      [Humongous Reclaim: 0.2 ms]
      [Free CSet: 3.7 ms]
   [Eden: 2862.0M(2862.0M)->0.0B(2874.0M) Survivors: 64.0M->56.0M Heap: 5096.8M(6144.0M)->2200.4M(6144.0M)]
 [Times: user=0.10 sys=0.08, real=0.03 secs] 
2025-07-26T05:21:34.083+0800: 494647.918: [GC pause (G1 Evacuation Pause) (young), 0.0287132 secs]
   [Parallel Time: 23.8 ms, GC Workers: 8]
      [GC Worker Start (ms): Min: 494647919.1, Avg: 494647919.1, Max: 494647919.2, Diff: 0.2]
      [Ext Root Scanning (ms): Min: 2.3, Avg: 3.3, Max: 9.1, Diff: 6.8, Sum: 26.8]
      [Update RS (ms): Min: 7.1, Avg: 12.7, Max: 13.6, Diff: 6.5, Sum: 101.2]
         [Processed Buffers: Min: 60, Avg: 89.6, Max: 105, Diff: 45, Sum: 717]
      [Scan RS (ms): Min: 0.1, Avg: 0.3, Max: 0.3, Diff: 0.2, Sum: 2.4]
      [Code Root Scanning (ms): Min: 0.0, Avg: 0.0, Max: 0.0, Diff: 0.0, Sum: 0.1]
      [Object Copy (ms): Min: 7.0, Avg: 7.2, Max: 7.3, Diff: 0.3, Sum: 57.8]
      [Termination (ms): Min: 0.0, Avg: 0.0, Max: 0.0, Diff: 0.0, Sum: 0.2]
         [Termination Attempts: Min: 1, Avg: 1.0, Max: 1, Diff: 0, Sum: 8]
      [GC Worker Other (ms): Min: 0.0, Avg: 0.1, Max: 0.1, Diff: 0.1, Sum: 0.5]
      [GC Worker Total (ms): Min: 23.5, Avg: 23.6, Max: 23.7, Diff: 0.2, Sum: 188.8]
      [GC Worker End (ms): Min: 494647942.7, Avg: 494647942.7, Max: 494647942.8, Diff: 0.1]
   [Code Root Fixup: 0.0 ms]
   [Code Root Purge: 0.0 ms]
   [Clear CT: 0.5 ms]
   [Other: 4.4 ms]
      [Choose CSet: 0.0 ms]
      [Ref Proc: 1.4 ms]
      [Ref Enq: 0.1 ms]
      [Redirty Cards: 0.1 ms]
      [Humongous Register: 0.3 ms]
      [Humongous Reclaim: 0.2 ms]
      [Free CSet: 1.5 ms]
   [Eden: 2874.0M(2874.0M)->0.0B(2898.0M) Survivors: 56.0M->44.0M Heap: 5140.4M(6144.0M)->2185.2M(6144.0M)]
 [Times: user=0.19 sys=0.00, real=0.03 secs] 
2025-07-26T05:22:21.118+0800: 494694.954: [GC pause (G1 Evacuation Pause) (young), 0.0281291 secs]
   [Parallel Time: 17.2 ms, GC Workers: 8]
      [GC Worker Start (ms): Min: 494694957.9, Avg: 494694958.0, Max: 494694958.1, Diff: 0.2]
      [Ext Root Scanning (ms): Min: 2.8, Avg: 3.3, Max: 5.1, Diff: 2.3, Sum: 26.2]
      [Update RS (ms): Min: 1.0, Avg: 2.4, Max: 3.1, Diff: 2.1, Sum: 19.2]
         [Processed Buffers: Min: 2, Avg: 23.4, Max: 42, Diff: 40, Sum: 187]
      [Scan RS (ms): Min: 0.1, Avg: 0.3, Max: 0.4, Diff: 0.3, Sum: 2.2]
      [Code Root Scanning (ms): Min: 0.0, Avg: 0.0, Max: 0.0, Diff: 0.0, Sum: 0.1]
      [Object Copy (ms): Min: 10.6, Avg: 10.8, Max: 10.9, Diff: 0.3, Sum: 86.7]
      [Termination (ms): Min: 0.0, Avg: 0.0, Max: 0.0, Diff: 0.0, Sum: 0.0]
         [Termination Attempts: Min: 1, Avg: 1.0, Max: 1, Diff: 0, Sum: 8]
      [GC Worker Other (ms): Min: 0.1, Avg: 0.2, Max: 0.3, Diff: 0.1, Sum: 1.3]
      [GC Worker Total (ms): Min: 16.9, Avg: 17.0, Max: 17.1, Diff: 0.2, Sum: 135.8]
      [GC Worker End (ms): Min: 494694974.9, Avg: 494694974.9, Max: 494694975.0, Diff: 0.1]
   [Code Root Fixup: 0.0 ms]
   [Code Root Purge: 0.0 ms]
   [Clear CT: 0.5 ms]
   [Other: 10.4 ms]
      [Choose CSet: 0.0 ms]
      [Ref Proc: 1.8 ms]
      [Ref Enq: 0.2 ms]
      [Redirty Cards: 0.1 ms]
      [Humongous Register: 3.3 ms]
      [Humongous Reclaim: 0.1 ms]
      [Free CSet: 3.7 ms]
   [Eden: 2898.0M(2898.0M)->0.0B(2890.0M) Survivors: 44.0M->50.0M Heap: 5083.2M(6144.0M)->2192.5M(6144.0M)]
 [Times: user=0.07 sys=0.08, real=0.02 secs] 
2025-07-26T05:23:20.706+0800: 494754.541: [GC pause (G1 Evacuation Pause) (young), 0.0422468 secs]
   [Parallel Time: 34.2 ms, GC Workers: 8]
      [GC Worker Start (ms): Min: 494754543.2, Avg: 494754543.3, Max: 494754543.4, Diff: 0.1]
      [Ext Root Scanning (ms): Min: 2.8, Avg: 3.9, Max: 10.6, Diff: 7.8, Sum: 31.6]
      [Update RS (ms): Min: 16.1, Avg: 22.4, Max: 23.9, Diff: 7.8, Sum: 179.3]
         [Processed Buffers: Min: 120, Avg: 143.5, Max: 160, Diff: 40, Sum: 1148]
      [Scan RS (ms): Min: 0.1, Avg: 0.3, Max: 0.4, Diff: 0.3, Sum: 2.4]
      [Code Root Scanning (ms): Min: 0.0, Avg: 0.0, Max: 0.0, Diff: 0.0, Sum: 0.1]
      [Object Copy (ms): Min: 6.9, Avg: 7.1, Max: 7.2, Diff: 0.3, Sum: 57.0]
      [Termination (ms): Min: 0.0, Avg: 0.0, Max: 0.0, Diff: 0.0, Sum: 0.1]
         [Termination Attempts: Min: 2, Avg: 6.6, Max: 8, Diff: 6, Sum: 53]
      [GC Worker Other (ms): Min: 0.1, Avg: 0.2, Max: 0.2, Diff: 0.1, Sum: 1.3]
      [GC Worker Total (ms): Min: 33.9, Avg: 34.0, Max: 34.0, Diff: 0.1, Sum: 271.6]
      [GC Worker End (ms): Min: 494754577.2, Avg: 494754577.2, Max: 494754577.3, Diff: 0.1]
   [Code Root Fixup: 0.0 ms]
   [Code Root Purge: 0.0 ms]
   [Clear CT: 0.5 ms]
   [Other: 7.5 ms]
      [Choose CSet: 0.0 ms]
      [Ref Proc: 1.3 ms]
      [Ref Enq: 0.1 ms]
      [Redirty Cards: 0.1 ms]
      [Humongous Register: 1.2 ms]
      [Humongous Reclaim: 0.3 ms]
      [Free CSet: 3.5 ms]
   [Eden: 2890.0M(2890.0M)->0.0B(2884.0M) Survivors: 50.0M->42.0M Heap: 5201.2M(6144.0M)->2198.6M(6144.0M)]
 [Times: user=0.24 sys=0.03, real=0.05 secs] 
2025-07-26T05:26:11.529+0800: 494925.365: [GC pause (G1 Evacuation Pause) (young), 0.0418708 secs]
   [Parallel Time: 32.5 ms, GC Workers: 8]
      [GC Worker Start (ms): Min: 494925366.6, Avg: 494925366.6, Max: 494925366.7, Diff: 0.2]
      [Ext Root Scanning (ms): Min: 2.9, Avg: 4.0, Max: 10.5, Diff: 7.6, Sum: 32.4]
      [Update RS (ms): Min: 14.6, Avg: 20.6, Max: 22.0, Diff: 7.4, Sum: 164.9]
         [Processed Buffers: Min: 107, Avg: 130.8, Max: 146, Diff: 39, Sum: 1046]
      [Scan RS (ms): Min: 0.1, Avg: 0.5, Max: 0.7, Diff: 0.5, Sum: 3.8]
      [Code Root Scanning (ms): Min: 0.0, Avg: 0.0, Max: 0.0, Diff: 0.0, Sum: 0.1]
      [Object Copy (ms): Min: 6.9, Avg: 7.1, Max: 7.2, Diff: 0.3, Sum: 56.6]
      [Termination (ms): Min: 0.0, Avg: 0.0, Max: 0.0, Diff: 0.0, Sum: 0.1]
         [Termination Attempts: Min: 1, Avg: 6.5, Max: 10, Diff: 9, Sum: 52]
      [GC Worker Other (ms): Min: 0.1, Avg: 0.1, Max: 0.2, Diff: 0.1, Sum: 1.0]
      [GC Worker Total (ms): Min: 32.3, Avg: 32.3, Max: 32.4, Diff: 0.2, Sum: 258.7]
      [GC Worker End (ms): Min: 494925398.9, Avg: 494925399.0, Max: 494925399.0, Diff: 0.1]
   [Code Root Fixup: 0.0 ms]
   [Code Root Purge: 0.0 ms]
   [Clear CT: 0.5 ms]
   [Other: 8.8 ms]
      [Choose CSet: 0.0 ms]
      [Ref Proc: 2.3 ms]
      [Ref Enq: 0.1 ms]
      [Redirty Cards: 0.1 ms]
      [Humongous Register: 1.2 ms]
      [Humongous Reclaim: 0.4 ms]
      [Free CSet: 3.7 ms]
   [Eden: 2884.0M(2884.0M)->0.0B(2920.0M) Survivors: 42.0M->28.0M Heap: 5247.9M(6144.0M)->2170.5M(6144.0M)]
 [Times: user=0.24 sys=0.02, real=0.04 secs] 
2025-07-26T05:28:21.347+0800: 495055.182: [GC pause (G1 Evacuation Pause) (young), 0.0392215 secs]
   [Parallel Time: 31.4 ms, GC Workers: 8]
      [GC Worker Start (ms): Min: 495055183.8, Avg: 495055183.9, Max: 495055184.0, Diff: 0.2]
      [Ext Root Scanning (ms): Min: 2.6, Avg: 3.9, Max: 10.8, Diff: 8.2, Sum: 31.0]
      [Update RS (ms): Min: 11.4, Avg: 18.1, Max: 19.8, Diff: 8.4, Sum: 145.0]
         [Processed Buffers: Min: 79, Avg: 121.9, Max: 135, Diff: 56, Sum: 975]
      [Scan RS (ms): Min: 0.1, Avg: 0.5, Max: 0.6, Diff: 0.5, Sum: 3.7]
      [Code Root Scanning (ms): Min: 0.0, Avg: 0.0, Max: 0.0, Diff: 0.0, Sum: 0.1]
      [Object Copy (ms): Min: 8.3, Avg: 8.5, Max: 9.2, Diff: 0.9, Sum: 68.4]
      [Termination (ms): Min: 0.0, Avg: 0.0, Max: 0.0, Diff: 0.0, Sum: 0.0]
         [Termination Attempts: Min: 1, Avg: 1.0, Max: 1, Diff: 0, Sum: 8]
      [GC Worker Other (ms): Min: 0.1, Avg: 0.1, Max: 0.2, Diff: 0.2, Sum: 1.2]
      [GC Worker Total (ms): Min: 31.0, Avg: 31.2, Max: 31.3, Diff: 0.2, Sum: 249.3]
      [GC Worker End (ms): Min: 495055215.0, Avg: 495055215.1, Max: 495055215.1, Diff: 0.1]
   [Code Root Fixup: 0.0 ms]
   [Code Root Purge: 0.0 ms]
   [Clear CT: 0.6 ms]
   [Other: 7.2 ms]
      [Choose CSet: 0.0 ms]
      [Ref Proc: 1.0 ms]
      [Ref Enq: 0.1 ms]
      [Redirty Cards: 0.1 ms]
      [Humongous Register: 0.8 ms]
      [Humongous Reclaim: 0.5 ms]
      [Free CSet: 3.6 ms]
   [Eden: 2920.0M(2920.0M)->0.0B(2910.0M) Survivors: 28.0M->40.0M Heap: 5278.6M(6144.0M)->2181.6M(6144.0M)]
 [Times: user=0.24 sys=0.02, real=0.04 secs] 
2025-07-26T05:30:04.099+0800: 495157.934: [GC pause (G1 Evacuation Pause) (young), 0.1466782 secs]
   [Parallel Time: 140.3 ms, GC Workers: 8]
      [GC Worker Start (ms): Min: 495157935.2, Avg: 495157935.3, Max: 495157935.3, Diff: 0.1]
      [Ext Root Scanning (ms): Min: 2.4, Avg: 3.5, Max: 9.8, Diff: 7.4, Sum: 27.9]
      [Update RS (ms): Min: 24.1, Avg: 30.1, Max: 31.3, Diff: 7.2, Sum: 241.1]
         [Processed Buffers: Min: 67, Avg: 128.5, Max: 171, Diff: 104, Sum: 1028]
      [Scan RS (ms): Min: 0.1, Avg: 0.3, Max: 0.5, Diff: 0.4, Sum: 2.6]
      [Code Root Scanning (ms): Min: 0.0, Avg: 0.0, Max: 0.0, Diff: 0.0, Sum: 0.1]
      [Object Copy (ms): Min: 105.9, Avg: 106.1, Max: 106.2, Diff: 0.3, Sum: 848.8]
      [Termination (ms): Min: 0.0, Avg: 0.1, Max: 0.1, Diff: 0.1, Sum: 0.5]
         [Termination Attempts: Min: 18, Avg: 24.6, Max: 30, Diff: 12, Sum: 197]
      [GC Worker Other (ms): Min: 0.0, Avg: 0.1, Max: 0.1, Diff: 0.1, Sum: 0.6]
      [GC Worker Total (ms): Min: 140.1, Avg: 140.2, Max: 140.3, Diff: 0.1, Sum: 1121.6]
      [GC Worker End (ms): Min: 495158075.4, Avg: 495158075.5, Max: 495158075.5, Diff: 0.1]
   [Code Root Fixup: 0.0 ms]
   [Code Root Purge: 0.0 ms]
   [Clear CT: 0.6 ms]
   [Other: 5.7 ms]
      [Choose CSet: 0.0 ms]
      [Ref Proc: 1.6 ms]
      [Ref Enq: 0.1 ms]
      [Redirty Cards: 0.1 ms]
      [Humongous Register: 0.6 ms]
      [Humongous Reclaim: 0.3 ms]
      [Free CSet: 2.1 ms]
   [Eden: 2910.0M(2910.0M)->0.0B(2424.0M) Survivors: 40.0M->278.0M Heap: 5194.1M(6144.0M)->2427.8M(6144.0M)]
 [Times: user=1.12 sys=0.02, real=0.14 secs] 
2025-07-26T05:30:18.514+0800: 495172.349: [GC pause (G1 Evacuation Pause) (young), 0.2227499 secs]
   [Parallel Time: 212.6 ms, GC Workers: 8]
      [GC Worker Start (ms): Min: 495172353.1, Avg: 495172353.2, Max: 495172353.2, Diff: 0.1]
      [Ext Root Scanning (ms): Min: 3.1, Avg: 3.7, Max: 5.6, Diff: 2.5, Sum: 29.2]
      [Update RS (ms): Min: 26.9, Avg: 28.7, Max: 29.5, Diff: 2.6, Sum: 229.3]
         [Processed Buffers: Min: 12, Avg: 32.6, Max: 71, Diff: 59, Sum: 261]
      [Scan RS (ms): Min: 0.1, Avg: 0.3, Max: 0.4, Diff: 0.3, Sum: 2.2]
      [Code Root Scanning (ms): Min: 0.0, Avg: 0.0, Max: 0.0, Diff: 0.0, Sum: 0.0]
      [Object Copy (ms): Min: 179.2, Avg: 179.4, Max: 179.6, Diff: 0.4, Sum: 1435.2]
      [Termination (ms): Min: 0.0, Avg: 0.3, Max: 0.4, Diff: 0.4, Sum: 2.3]
         [Termination Attempts: Min: 1, Avg: 236.0, Max: 288, Diff: 287, Sum: 1888]
      [GC Worker Other (ms): Min: 0.1, Avg: 0.1, Max: 0.2, Diff: 0.1, Sum: 1.2]
      [GC Worker Total (ms): Min: 212.4, Avg: 212.4, Max: 212.5, Diff: 0.1, Sum: 1699.5]
      [GC Worker End (ms): Min: 495172565.6, Avg: 495172565.6, Max: 495172565.6, Diff: 0.1]
   [Code Root Fixup: 0.0 ms]
   [Code Root Purge: 0.0 ms]
   [Clear CT: 0.7 ms]
   [Other: 9.4 ms]
      [Choose CSet: 0.0 ms]
      [Ref Proc: 0.9 ms]
      [Ref Enq: 0.1 ms]
      [Redirty Cards: 0.7 ms]
      [Humongous Register: 3.1 ms]
      [Humongous Reclaim: 0.1 ms]
      [Free CSet: 3.4 ms]
   [Eden: 2424.0M(2424.0M)->0.0B(1424.0M) Survivors: 278.0M->214.0M Heap: 4858.3M(6144.0M)->2610.6M(6144.0M)]
 [Times: user=1.71 sys=0.00, real=0.22 secs] 
2025-07-26T05:30:34.705+0800: 495188.540: [GC pause (G1 Humongous Allocation) (young) (initial-mark), 0.1156823 secs]
   [Parallel Time: 111.2 ms, GC Workers: 8]
      [GC Worker Start (ms): Min: 495188541.8, Avg: 495188541.8, Max: 495188541.9, Diff: 0.1]
      [Ext Root Scanning (ms): Min: 3.2, Avg: 3.6, Max: 4.0, Diff: 0.7, Sum: 28.6]
      [Update RS (ms): Min: 26.8, Avg: 26.9, Max: 27.2, Diff: 0.4, Sum: 215.4]
         [Processed Buffers: Min: 72, Avg: 94.0, Max: 110, Diff: 38, Sum: 752]
      [Scan RS (ms): Min: 2.4, Avg: 2.6, Max: 2.7, Diff: 0.3, Sum: 20.4]
      [Code Root Scanning (ms): Min: 0.0, Avg: 0.0, Max: 0.0, Diff: 0.0, Sum: 0.0]
      [Object Copy (ms): Min: 74.0, Avg: 74.5, Max: 74.8, Diff: 0.8, Sum: 595.8]
      [Termination (ms): Min: 0.0, Avg: 0.0, Max: 0.0, Diff: 0.0, Sum: 0.0]
         [Termination Attempts: Min: 1, Avg: 1.0, Max: 1, Diff: 0, Sum: 8]
      [GC Worker Other (ms): Min: 0.0, Avg: 0.1, Max: 0.1, Diff: 0.1, Sum: 0.4]
      [GC Worker Total (ms): Min: 107.5, Avg: 107.6, Max: 107.7, Diff: 0.1, Sum: 860.7]
      [GC Worker End (ms): Min: 495188649.4, Avg: 495188649.4, Max: 495188649.4, Diff: 0.1]
   [Code Root Fixup: 0.1 ms]
   [Code Root Purge: 0.0 ms]
   [Clear CT: 0.3 ms]
   [Other: 4.2 ms]
      [Choose CSet: 0.0 ms]
      [Ref Proc: 0.8 ms]
      [Ref Enq: 0.1 ms]
      [Redirty Cards: 0.5 ms]
      [Humongous Register: 0.5 ms]
      [Humongous Reclaim: 0.1 ms]
      [Free CSet: 0.9 ms]
   [Eden: 904.0M(1036.0M)->0.0B(2346.0M) Survivors: 214.0M->32.0M Heap: 3513.5M(6144.0M)->2618.8M(6144.0M)]
 [Times: user=0.78 sys=0.10, real=0.12 secs] 
2025-07-26T05:30:34.821+0800: 495188.656: [GC concurrent-root-region-scan-start]
2025-07-26T05:30:34.838+0800: 495188.673: [GC concurrent-root-region-scan-end, 0.0171497 secs]
2025-07-26T05:30:34.838+0800: 495188.673: [GC concurrent-mark-start]
2025-07-26T05:30:35.631+0800: 495189.466: [GC concurrent-mark-end, 0.7931900 secs]
2025-07-26T05:30:35.634+0800: 495189.470: [GC remark 2025-07-26T05:30:35.634+0800: 495189.470: [Finalize Marking, 0.0008242 secs] 2025-07-26T05:30:35.635+0800: 495189.471: [GC ref-proc, 0.0073809 secs] 2025-07-26T05:30:35.642+0800: 495189.478: [Unloading, 0.0577699 secs], 0.0687693 secs]
 [Times: user=0.34 sys=0.04, real=0.07 secs] 
2025-07-26T05:30:35.707+0800: 495189.542: [GC cleanup 3092M->2628M(6144M), 0.0042784 secs]
 [Times: user=0.01 sys=0.01, real=0.01 secs] 
2025-07-26T05:30:35.711+0800: 495189.547: [GC concurrent-cleanup-start]
2025-07-26T05:30:35.712+0800: 495189.548: [GC concurrent-cleanup-end, 0.0007989 secs]
2025-07-26T05:31:02.171+0800: 495216.007: [GC pause (G1 Evacuation Pause) (young), 0.0456066 secs]
   [Parallel Time: 35.5 ms, GC Workers: 8]
      [GC Worker Start (ms): Min: 495216011.1, Avg: 495216011.2, Max: 495216011.2, Diff: 0.2]
      [Ext Root Scanning (ms): Min: 3.6, Avg: 4.8, Max: 11.4, Diff: 7.8, Sum: 38.1]
      [Update RS (ms): Min: 15.1, Avg: 21.6, Max: 22.8, Diff: 7.7, Sum: 173.0]
         [Processed Buffers: Min: 82, Avg: 107.9, Max: 136, Diff: 54, Sum: 863]
      [Scan RS (ms): Min: 0.1, Avg: 0.3, Max: 0.4, Diff: 0.3, Sum: 2.1]
      [Code Root Scanning (ms): Min: 0.0, Avg: 0.0, Max: 0.0, Diff: 0.0, Sum: 0.0]
      [Object Copy (ms): Min: 8.4, Avg: 8.6, Max: 8.7, Diff: 0.3, Sum: 68.9]
      [Termination (ms): Min: 0.0, Avg: 0.0, Max: 0.0, Diff: 0.0, Sum: 0.0]
         [Termination Attempts: Min: 1, Avg: 2.8, Max: 5, Diff: 4, Sum: 22]
      [GC Worker Other (ms): Min: 0.0, Avg: 0.1, Max: 0.1, Diff: 0.1, Sum: 0.6]
      [GC Worker Total (ms): Min: 35.3, Avg: 35.4, Max: 35.4, Diff: 0.1, Sum: 282.8]
      [GC Worker End (ms): Min: 495216046.5, Avg: 495216046.5, Max: 495216046.6, Diff: 0.1]
   [Code Root Fixup: 0.0 ms]
   [Code Root Purge: 0.0 ms]
   [Clear CT: 0.4 ms]
   [Other: 9.6 ms]
      [Choose CSet: 0.0 ms]
      [Ref Proc: 1.5 ms]
      [Ref Enq: 0.2 ms]
      [Redirty Cards: 0.1 ms]
      [Humongous Register: 2.9 ms]
      [Humongous Reclaim: 0.3 ms]
      [Free CSet: 2.9 ms]
   [Eden: 2346.0M(2346.0M)->0.0B(260.0M) Survivors: 32.0M->46.0M Heap: 4547.2M(6144.0M)->2169.1M(6144.0M)]
 [Times: user=0.29 sys=0.00, real=0.05 secs] 
2025-07-26T05:31:05.361+0800: 495219.196: [GC pause (G1 Evacuation Pause) (mixed), 0.0224691 secs]
   [Parallel Time: 16.7 ms, GC Workers: 8]
      [GC Worker Start (ms): Min: 495219198.1, Avg: 495219198.1, Max: 495219198.1, Diff: 0.1]
      [Ext Root Scanning (ms): Min: 2.3, Avg: 2.5, Max: 3.0, Diff: 0.7, Sum: 20.3]
      [Update RS (ms): Min: 0.6, Avg: 1.0, Max: 1.3, Diff: 0.8, Sum: 7.9]
         [Processed Buffers: Min: 3, Avg: 18.0, Max: 28, Diff: 25, Sum: 144]
      [Scan RS (ms): Min: 2.6, Avg: 2.9, Max: 2.9, Diff: 0.3, Sum: 22.9]
      [Code Root Scanning (ms): Min: 0.0, Avg: 0.0, Max: 0.0, Diff: 0.0, Sum: 0.0]
      [Object Copy (ms): Min: 9.4, Avg: 9.7, Max: 10.1, Diff: 0.7, Sum: 77.3]
      [Termination (ms): Min: 0.0, Avg: 0.4, Max: 0.5, Diff: 0.5, Sum: 3.6]
         [Termination Attempts: Min: 1, Avg: 17.5, Max: 26, Diff: 25, Sum: 140]
      [GC Worker Other (ms): Min: 0.0, Avg: 0.0, Max: 0.0, Diff: 0.0, Sum: 0.2]
      [GC Worker Total (ms): Min: 16.4, Avg: 16.5, Max: 16.6, Diff: 0.1, Sum: 132.2]
      [GC Worker End (ms): Min: 495219214.6, Avg: 495219214.6, Max: 495219214.7, Diff: 0.1]
   [Code Root Fixup: 0.0 ms]
   [Code Root Purge: 0.0 ms]
   [Clear CT: 0.4 ms]
   [Other: 5.3 ms]
      [Choose CSet: 0.7 ms]
      [Ref Proc: 0.5 ms]
      [Ref Enq: 0.0 ms]
      [Redirty Cards: 0.2 ms]
      [Humongous Register: 0.4 ms]
      [Humongous Reclaim: 0.1 ms]
      [Free CSet: 2.4 ms]
   [Eden: 260.0M(260.0M)->0.0B(276.0M) Survivors: 46.0M->30.0M Heap: 2429.1M(6144.0M)->1555.1M(6144.0M)]
 [Times: user=0.07 sys=0.07, real=0.02 secs] 
2025-07-26T05:31:09.733+0800: 495223.568: [GC pause (G1 Evacuation Pause) (mixed), 0.0405446 secs]
   [Parallel Time: 35.6 ms, GC Workers: 8]
      [GC Worker Start (ms): Min: 495223569.8, Avg: 495223569.9, Max: 495223569.9, Diff: 0.1]
      [Ext Root Scanning (ms): Min: 2.2, Avg: 2.5, Max: 3.4, Diff: 1.1, Sum: 20.1]
      [Update RS (ms): Min: 4.0, Avg: 4.6, Max: 4.8, Diff: 0.9, Sum: 36.7]
         [Processed Buffers: Min: 18, Avg: 29.6, Max: 52, Diff: 34, Sum: 237]
      [Scan RS (ms): Min: 7.2, Avg: 7.3, Max: 7.4, Diff: 0.3, Sum: 58.6]
      [Code Root Scanning (ms): Min: 0.0, Avg: 0.1, Max: 0.2, Diff: 0.2, Sum: 0.4]
      [Object Copy (ms): Min: 20.7, Avg: 20.9, Max: 21.1, Diff: 0.4, Sum: 167.3]
      [Termination (ms): Min: 0.0, Avg: 0.1, Max: 0.1, Diff: 0.1, Sum: 0.5]
         [Termination Attempts: Min: 1, Avg: 62.2, Max: 78, Diff: 77, Sum: 498]
      [GC Worker Other (ms): Min: 0.0, Avg: 0.0, Max: 0.1, Diff: 0.0, Sum: 0.3]
      [GC Worker Total (ms): Min: 35.5, Avg: 35.5, Max: 35.5, Diff: 0.1, Sum: 283.9]
      [GC Worker End (ms): Min: 495223605.3, Avg: 495223605.3, Max: 495223605.4, Diff: 0.0]
   [Code Root Fixup: 0.1 ms]
   [Code Root Purge: 0.0 ms]
   [Clear CT: 0.4 ms]
   [Other: 4.5 ms]
      [Choose CSet: 0.8 ms]
      [Ref Proc: 0.6 ms]
      [Ref Enq: 0.1 ms]
      [Redirty Cards: 0.2 ms]
      [Humongous Register: 0.4 ms]
      [Humongous Reclaim: 0.2 ms]
      [Free CSet: 1.4 ms]
   [Eden: 276.0M(276.0M)->0.0B(3634.0M) Survivors: 30.0M->34.0M Heap: 1831.1M(6144.0M)->1337.1M(6144.0M)]
 [Times: user=0.24 sys=0.04, real=0.04 secs] 
2025-07-26T05:31:48.975+0800: 495262.811: [GC pause (G1 Evacuation Pause) (young), 0.0380761 secs]
   [Parallel Time: 26.8 ms, GC Workers: 8]
      [GC Worker Start (ms): Min: 495262814.3, Avg: 495262814.4, Max: 495262814.4, Diff: 0.1]
      [Ext Root Scanning (ms): Min: 3.6, Avg: 4.9, Max: 11.4, Diff: 7.8, Sum: 39.1]
      [Update RS (ms): Min: 8.8, Avg: 15.0, Max: 16.2, Diff: 7.4, Sum: 120.3]
         [Processed Buffers: Min: 76, Avg: 102.1, Max: 124, Diff: 48, Sum: 817]
      [Scan RS (ms): Min: 0.3, Avg: 0.6, Max: 0.8, Diff: 0.5, Sum: 5.1]
      [Code Root Scanning (ms): Min: 0.0, Avg: 0.0, Max: 0.0, Diff: 0.0, Sum: 0.1]
      [Object Copy (ms): Min: 5.2, Avg: 5.6, Max: 5.8, Diff: 0.5, Sum: 44.8]
      [Termination (ms): Min: 0.0, Avg: 0.2, Max: 0.2, Diff: 0.2, Sum: 1.2]
         [Termination Attempts: Min: 1, Avg: 7.5, Max: 12, Diff: 11, Sum: 60]
      [GC Worker Other (ms): Min: 0.1, Avg: 0.3, Max: 0.4, Diff: 0.3, Sum: 2.0]
      [GC Worker Total (ms): Min: 26.5, Avg: 26.6, Max: 26.7, Diff: 0.2, Sum: 212.6]
      [GC Worker End (ms): Min: 495262840.9, Avg: 495262840.9, Max: 495262841.0, Diff: 0.1]
   [Code Root Fixup: 0.0 ms]
   [Code Root Purge: 0.0 ms]
   [Clear CT: 0.7 ms]
   [Other: 10.5 ms]
      [Choose CSet: 0.0 ms]
      [Ref Proc: 1.5 ms]
      [Ref Enq: 0.1 ms]
      [Redirty Cards: 0.1 ms]
      [Humongous Register: 2.3 ms]
      [Humongous Reclaim: 0.4 ms]
      [Free CSet: 4.5 ms]
   [Eden: 3634.0M(3634.0M)->0.0B(3656.0M) Survivors: 34.0M->30.0M Heap: 5067.1M(6144.0M)->1332.1M(6144.0M)]
 [Times: user=0.21 sys=0.02, real=0.04 secs] 
2025-07-26T05:32:58.305+0800: 495332.140: [GC pause (G1 Evacuation Pause) (young), 0.0346920 secs]
   [Parallel Time: 23.4 ms, GC Workers: 8]
      [GC Worker Start (ms): Min: 495332143.9, Avg: 495332144.0, Max: 495332144.1, Diff: 0.2]
      [Ext Root Scanning (ms): Min: 3.0, Avg: 4.4, Max: 12.1, Diff: 9.1, Sum: 35.6]
      [Update RS (ms): Min: 2.7, Avg: 10.3, Max: 11.7, Diff: 8.9, Sum: 82.4]
         [Processed Buffers: Min: 40, Avg: 71.1, Max: 90, Diff: 50, Sum: 569]
      [Scan RS (ms): Min: 0.2, Avg: 0.4, Max: 0.5, Diff: 0.3, Sum: 3.0]
      [Code Root Scanning (ms): Min: 0.0, Avg: 0.0, Max: 0.0, Diff: 0.0, Sum: 0.1]
      [Object Copy (ms): Min: 7.2, Avg: 7.9, Max: 8.0, Diff: 0.8, Sum: 62.8]
      [Termination (ms): Min: 0.0, Avg: 0.0, Max: 0.0, Diff: 0.0, Sum: 0.1]
         [Termination Attempts: Min: 1, Avg: 6.6, Max: 11, Diff: 10, Sum: 53]
      [GC Worker Other (ms): Min: 0.1, Avg: 0.2, Max: 0.2, Diff: 0.1, Sum: 1.3]
      [GC Worker Total (ms): Min: 23.1, Avg: 23.2, Max: 23.3, Diff: 0.2, Sum: 185.3]
      [GC Worker End (ms): Min: 495332167.1, Avg: 495332167.2, Max: 495332167.2, Diff: 0.1]
   [Code Root Fixup: 0.0 ms]
   [Code Root Purge: 0.0 ms]
   [Clear CT: 0.7 ms]
   [Other: 10.6 ms]
      [Choose CSet: 0.0 ms]
      [Ref Proc: 2.0 ms]
      [Ref Enq: 0.2 ms]
      [Redirty Cards: 0.1 ms]
      [Humongous Register: 2.8 ms]
      [Humongous Reclaim: 0.2 ms]
      [Free CSet: 4.2 ms]
   [Eden: 3656.0M(3656.0M)->0.0B(3652.0M) Survivors: 30.0M->34.0M Heap: 5034.2M(6144.0M)->1337.1M(6144.0M)]
 [Times: user=0.18 sys=0.02, real=0.04 secs] 
2025-07-26T05:53:03.308+0800: 496537.144: [GC pause (G1 Evacuation Pause) (young), 0.0470962 secs]
   [Parallel Time: 30.9 ms, GC Workers: 8]
      [GC Worker Start (ms): Min: 496537147.1, Avg: 496537147.2, Max: 496537147.3, Diff: 0.2]
      [Ext Root Scanning (ms): Min: 3.0, Avg: 4.2, Max: 11.3, Diff: 8.3, Sum: 33.6]
      [Update RS (ms): Min: 8.2, Avg: 15.0, Max: 16.5, Diff: 8.4, Sum: 119.7]
         [Processed Buffers: Min: 48, Avg: 93.4, Max: 116, Diff: 68, Sum: 747]
      [Scan RS (ms): Min: 0.5, Avg: 1.0, Max: 1.2, Diff: 0.7, Sum: 7.6]
      [Code Root Scanning (ms): Min: 0.0, Avg: 0.0, Max: 0.0, Diff: 0.0, Sum: 0.1]
      [Object Copy (ms): Min: 10.3, Avg: 10.4, Max: 10.5, Diff: 0.2, Sum: 83.2]
      [Termination (ms): Min: 0.0, Avg: 0.0, Max: 0.0, Diff: 0.0, Sum: 0.0]
         [Termination Attempts: Min: 1, Avg: 1.0, Max: 1, Diff: 0, Sum: 8]
      [GC Worker Other (ms): Min: 0.1, Avg: 0.1, Max: 0.2, Diff: 0.1, Sum: 1.0]
      [GC Worker Total (ms): Min: 30.6, Avg: 30.7, Max: 30.7, Diff: 0.2, Sum: 245.3]
      [GC Worker End (ms): Min: 496537177.8, Avg: 496537177.9, Max: 496537177.9, Diff: 0.1]
   [Code Root Fixup: 0.0 ms]
   [Code Root Purge: 0.0 ms]
   [Clear CT: 0.7 ms]
   [Other: 15.5 ms]
      [Choose CSet: 0.0 ms]
      [Ref Proc: 4.7 ms]
      [Ref Enq: 0.2 ms]
      [Redirty Cards: 0.1 ms]
      [Humongous Register: 2.6 ms]
      [Humongous Reclaim: 0.5 ms]
      [Free CSet: 6.2 ms]
   [Eden: 3652.0M(3652.0M)->0.0B(3656.0M) Survivors: 34.0M->30.0M Heap: 5131.1M(6144.0M)->1333.1M(6144.0M)]
 [Times: user=0.21 sys=0.05, real=0.04 secs] 
2025-07-26T05:56:21.865+0800: 496735.701: [GC pause (G1 Evacuation Pause) (young), 0.0383115 secs]
   [Parallel Time: 28.4 ms, GC Workers: 8]
      [GC Worker Start (ms): Min: 496735703.2, Avg: 496735703.3, Max: 496735703.5, Diff: 0.2]
      [Ext Root Scanning (ms): Min: 2.6, Avg: 3.8, Max: 10.8, Diff: 8.2, Sum: 30.6]
      [Update RS (ms): Min: 7.2, Avg: 14.0, Max: 15.6, Diff: 8.4, Sum: 112.0]
         [Processed Buffers: Min: 65, Avg: 96.2, Max: 106, Diff: 41, Sum: 770]
      [Scan RS (ms): Min: 1.3, Avg: 1.8, Max: 2.0, Diff: 0.6, Sum: 14.4]
      [Code Root Scanning (ms): Min: 0.0, Avg: 0.0, Max: 0.0, Diff: 0.0, Sum: 0.1]
      [Object Copy (ms): Min: 8.2, Avg: 8.3, Max: 8.4, Diff: 0.3, Sum: 66.7]
      [Termination (ms): Min: 0.0, Avg: 0.0, Max: 0.0, Diff: 0.0, Sum: 0.0]
         [Termination Attempts: Min: 1, Avg: 1.1, Max: 2, Diff: 1, Sum: 9]
      [GC Worker Other (ms): Min: 0.1, Avg: 0.2, Max: 0.3, Diff: 0.2, Sum: 1.3]
      [GC Worker Total (ms): Min: 27.9, Avg: 28.1, Max: 28.2, Diff: 0.3, Sum: 225.2]
      [GC Worker End (ms): Min: 496735731.4, Avg: 496735731.5, Max: 496735731.5, Diff: 0.1]
   [Code Root Fixup: 0.0 ms]
   [Code Root Purge: 0.0 ms]
   [Clear CT: 0.7 ms]
   [Other: 9.2 ms]
      [Choose CSet: 0.0 ms]
      [Ref Proc: 1.3 ms]
      [Ref Enq: 0.1 ms]
      [Redirty Cards: 0.1 ms]
      [Humongous Register: 1.7 ms]
      [Humongous Reclaim: 0.6 ms]
      [Free CSet: 4.3 ms]
   [Eden: 3656.0M(3656.0M)->0.0B(3652.0M) Survivors: 30.0M->34.0M Heap: 5200.1M(6144.0M)->1336.1M(6144.0M)]
 [Times: user=0.22 sys=0.02, real=0.04 secs] 
2025-07-26T05:59:10.471+0800: 496904.307: [GC pause (G1 Evacuation Pause) (young), 0.0453671 secs]
   [Parallel Time: 34.1 ms, GC Workers: 8]
      [GC Worker Start (ms): Min: 496904309.8, Avg: 496904309.9, Max: 496904310.0, Diff: 0.2]
      [Ext Root Scanning (ms): Min: 3.5, Avg: 4.8, Max: 11.1, Diff: 7.5, Sum: 38.2]
      [Update RS (ms): Min: 9.8, Avg: 16.0, Max: 18.5, Diff: 8.6, Sum: 127.9]
         [Processed Buffers: Min: 71, Avg: 100.6, Max: 116, Diff: 45, Sum: 805]
      [Scan RS (ms): Min: 0.5, Avg: 1.9, Max: 2.2, Diff: 1.7, Sum: 15.3]
      [Code Root Scanning (ms): Min: 0.0, Avg: 0.0, Max: 0.0, Diff: 0.0, Sum: 0.1]
      [Object Copy (ms): Min: 10.7, Avg: 10.9, Max: 11.1, Diff: 0.4, Sum: 87.5]
      [Termination (ms): Min: 0.0, Avg: 0.0, Max: 0.0, Diff: 0.0, Sum: 0.0]
         [Termination Attempts: Min: 1, Avg: 1.0, Max: 1, Diff: 0, Sum: 8]
      [GC Worker Other (ms): Min: 0.1, Avg: 0.2, Max: 0.3, Diff: 0.2, Sum: 1.3]
      [GC Worker Total (ms): Min: 33.7, Avg: 33.8, Max: 33.9, Diff: 0.2, Sum: 270.4]
      [GC Worker End (ms): Min: 496904343.6, Avg: 496904343.7, Max: 496904343.7, Diff: 0.1]
   [Code Root Fixup: 0.0 ms]
   [Code Root Purge: 0.0 ms]
   [Clear CT: 0.8 ms]
   [Other: 10.5 ms]
      [Choose CSet: 0.0 ms]
      [Ref Proc: 1.7 ms]
      [Ref Enq: 0.1 ms]
      [Redirty Cards: 0.1 ms]
      [Humongous Register: 2.1 ms]
      [Humongous Reclaim: 0.7 ms]
      [Free CSet: 4.5 ms]
   [Eden: 3652.0M(3652.0M)->0.0B(3654.0M) Survivors: 34.0M->32.0M Heap: 5203.3M(6144.0M)->1335.1M(6144.0M)]
 [Times: user=0.25 sys=0.04, real=0.04 secs] 
2025-07-26T06:00:09.335+0800: 496963.170: [GC pause (G1 Evacuation Pause) (young), 0.2903643 secs]
   [Parallel Time: 284.6 ms, GC Workers: 8]
      [GC Worker Start (ms): Min: 496963171.1, Avg: 496963171.1, Max: 496963171.2, Diff: 0.1]
      [Ext Root Scanning (ms): Min: 2.3, Avg: 2.6, Max: 3.2, Diff: 0.8, Sum: 20.7]
      [Update RS (ms): Min: 78.5, Avg: 78.9, Max: 79.2, Diff: 0.7, Sum: 631.2]
         [Processed Buffers: Min: 62, Avg: 88.6, Max: 123, Diff: 61, Sum: 709]
      [Scan RS (ms): Min: 0.2, Avg: 0.4, Max: 0.5, Diff: 0.2, Sum: 3.0]
      [Code Root Scanning (ms): Min: 0.0, Avg: 0.0, Max: 0.0, Diff: 0.0, Sum: 0.1]
      [Object Copy (ms): Min: 200.9, Avg: 201.3, Max: 202.9, Diff: 1.9, Sum: 1610.5]
      [Termination (ms): Min: 0.0, Avg: 1.2, Max: 1.5, Diff: 1.5, Sum: 9.7]
         [Termination Attempts: Min: 1, Avg: 1188.8, Max: 1415, Diff: 1414, Sum: 9510]
      [GC Worker Other (ms): Min: 0.0, Avg: 0.1, Max: 0.1, Diff: 0.1, Sum: 0.6]
      [GC Worker Total (ms): Min: 284.4, Avg: 284.5, Max: 284.5, Diff: 0.1, Sum: 2275.8]
      [GC Worker End (ms): Min: 496963455.6, Avg: 496963455.6, Max: 496963455.7, Diff: 0.1]
   [Code Root Fixup: 0.1 ms]
   [Code Root Purge: 0.0 ms]
   [Clear CT: 0.6 ms]
   [Other: 5.1 ms]
      [Choose CSet: 0.0 ms]
      [Ref Proc: 1.3 ms]
      [Ref Enq: 0.1 ms]
      [Redirty Cards: 0.2 ms]
      [Humongous Register: 0.4 ms]
      [Humongous Reclaim: 0.2 ms]
      [Free CSet: 2.0 ms]
   [Eden: 3654.0M(3654.0M)->0.0B(2894.0M) Survivors: 32.0M->462.0M Heap: 5048.2M(6144.0M)->1779.7M(6144.0M)]
 [Times: user=1.98 sys=0.28, real=0.29 secs] 
2025-07-26T06:00:47.225+0800: 497001.061: [GC pause (G1 Evacuation Pause) (young), 0.2697606 secs]
   [Parallel Time: 257.7 ms, GC Workers: 8]
      [GC Worker Start (ms): Min: 497001064.4, Avg: 497001064.5, Max: 497001064.5, Diff: 0.2]
      [Ext Root Scanning (ms): Min: 3.4, Avg: 4.6, Max: 11.9, Diff: 8.5, Sum: 37.1]
      [Update RS (ms): Min: 54.8, Avg: 61.8, Max: 63.7, Diff: 8.9, Sum: 494.7]
         [Processed Buffers: Min: 63, Avg: 85.1, Max: 97, Diff: 34, Sum: 681]
      [Scan RS (ms): Min: 0.1, Avg: 0.4, Max: 0.5, Diff: 0.4, Sum: 3.0]
      [Code Root Scanning (ms): Min: 0.0, Avg: 0.0, Max: 0.0, Diff: 0.0, Sum: 0.1]
      [Object Copy (ms): Min: 189.4, Avg: 189.7, Max: 190.6, Diff: 1.2, Sum: 1517.9]
      [Termination (ms): Min: 0.0, Avg: 0.7, Max: 0.9, Diff: 0.9, Sum: 5.8]
         [Termination Attempts: Min: 1, Avg: 774.9, Max: 954, Diff: 953, Sum: 6199]
      [GC Worker Other (ms): Min: 0.1, Avg: 0.2, Max: 0.2, Diff: 0.1, Sum: 1.4]
      [GC Worker Total (ms): Min: 257.4, Avg: 257.5, Max: 257.6, Diff: 0.2, Sum: 2060.0]
      [GC Worker End (ms): Min: 497001321.9, Avg: 497001322.0, Max: 497001322.0, Diff: 0.1]
   [Code Root Fixup: 0.0 ms]
   [Code Root Purge: 0.0 ms]
   [Clear CT: 0.5 ms]
   [Other: 11.5 ms]
      [Choose CSet: 0.1 ms]
      [Ref Proc: 1.9 ms]
      [Ref Enq: 0.2 ms]
      [Redirty Cards: 1.0 ms]
      [Humongous Register: 2.8 ms]
      [Humongous Reclaim: 0.2 ms]
      [Free CSet: 4.2 ms]
   [Eden: 2894.0M(2894.0M)->0.0B(3148.0M) Survivors: 462.0M->36.0M Heap: 4719.8M(6144.0M)->1786.7M(6144.0M)]
 [Times: user=1.79 sys=0.27, real=0.27 secs] 
2025-07-26T06:01:21.142+0800: 497034.977: [GC pause (G1 Evacuation Pause) (young), 0.0416424 secs]
   [Parallel Time: 34.0 ms, GC Workers: 8]
      [GC Worker Start (ms): Min: 497034979.1, Avg: 497034979.1, Max: 497034979.2, Diff: 0.1]
      [Ext Root Scanning (ms): Min: 2.7, Avg: 3.8, Max: 10.2, Diff: 7.5, Sum: 30.6]
      [Update RS (ms): Min: 14.0, Avg: 20.2, Max: 21.3, Diff: 7.4, Sum: 161.6]
         [Processed Buffers: Min: 116, Avg: 124.1, Max: 134, Diff: 18, Sum: 993]
      [Scan RS (ms): Min: 0.4, Avg: 0.7, Max: 0.9, Diff: 0.5, Sum: 5.6]
      [Code Root Scanning (ms): Min: 0.0, Avg: 0.0, Max: 0.0, Diff: 0.0, Sum: 0.1]
      [Object Copy (ms): Min: 8.9, Avg: 9.0, Max: 9.1, Diff: 0.2, Sum: 72.0]
      [Termination (ms): Min: 0.0, Avg: 0.0, Max: 0.1, Diff: 0.1, Sum: 0.3]
         [Termination Attempts: Min: 5, Avg: 10.4, Max: 14, Diff: 9, Sum: 83]
      [GC Worker Other (ms): Min: 0.0, Avg: 0.1, Max: 0.1, Diff: 0.1, Sum: 0.5]
      [GC Worker Total (ms): Min: 33.8, Avg: 33.8, Max: 33.9, Diff: 0.2, Sum: 270.7]
      [GC Worker End (ms): Min: 497035012.9, Avg: 497035013.0, Max: 497035013.0, Diff: 0.1]
   [Code Root Fixup: 0.0 ms]
   [Code Root Purge: 0.0 ms]
   [Clear CT: 0.6 ms]
   [Other: 7.0 ms]
      [Choose CSet: 0.0 ms]
      [Ref Proc: 2.3 ms]
      [Ref Enq: 0.2 ms]
      [Redirty Cards: 0.1 ms]
      [Humongous Register: 0.4 ms]
      [Humongous Reclaim: 0.2 ms]
      [Free CSet: 2.2 ms]
   [Eden: 3148.0M(3148.0M)->0.0B(3152.0M) Survivors: 36.0M->48.0M Heap: 5008.4M(6144.0M)->1813.8M(6144.0M)]
 [Times: user=0.25 sys=0.03, real=0.04 secs] 
2025-07-26T06:02:11.174+0800: 497085.010: [GC pause (G1 Evacuation Pause) (young), 0.0287509 secs]
   [Parallel Time: 16.6 ms, GC Workers: 8]
      [GC Worker Start (ms): Min: 497085013.4, Avg: 497085013.5, Max: 497085013.6, Diff: 0.2]
      [Ext Root Scanning (ms): Min: 2.5, Avg: 2.9, Max: 4.0, Diff: 1.6, Sum: 22.8]
      [Update RS (ms): Min: 5.6, Avg: 6.6, Max: 7.0, Diff: 1.5, Sum: 52.7]
         [Processed Buffers: Min: 29, Avg: 48.5, Max: 65, Diff: 36, Sum: 388]
      [Scan RS (ms): Min: 0.2, Avg: 0.4, Max: 0.5, Diff: 0.3, Sum: 3.1]
      [Code Root Scanning (ms): Min: 0.0, Avg: 0.0, Max: 0.0, Diff: 0.0, Sum: 0.1]
      [Object Copy (ms): Min: 6.2, Avg: 6.4, Max: 6.5, Diff: 0.3, Sum: 50.9]
      [Termination (ms): Min: 0.0, Avg: 0.0, Max: 0.0, Diff: 0.0, Sum: 0.1]
         [Termination Attempts: Min: 1, Avg: 1.8, Max: 3, Diff: 2, Sum: 14]
      [GC Worker Other (ms): Min: 0.1, Avg: 0.2, Max: 0.2, Diff: 0.2, Sum: 1.3]
      [GC Worker Total (ms): Min: 16.3, Avg: 16.4, Max: 16.5, Diff: 0.2, Sum: 130.9]
      [GC Worker End (ms): Min: 497085029.8, Avg: 497085029.9, Max: 497085029.9, Diff: 0.1]
   [Code Root Fixup: 0.0 ms]
   [Code Root Purge: 0.0 ms]
   [Clear CT: 0.9 ms]
   [Other: 11.2 ms]
      [Choose CSet: 0.0 ms]
      [Ref Proc: 2.1 ms]
      [Ref Enq: 0.2 ms]
      [Redirty Cards: 0.2 ms]
      [Humongous Register: 3.3 ms]
      [Humongous Reclaim: 0.2 ms]
      [Free CSet: 4.3 ms]
   [Eden: 3152.0M(3152.0M)->0.0B(2844.0M) Survivors: 48.0M->42.0M Heap: 4989.1M(6144.0M)->1792.7M(6144.0M)]
 [Times: user=0.07 sys=0.07, real=0.03 secs] 
2025-07-26T06:03:01.170+0800: 497135.005: [GC pause (G1 Evacuation Pause) (young), 0.0491235 secs]
   [Parallel Time: 42.9 ms, GC Workers: 8]
      [GC Worker Start (ms): Min: 497135006.0, Avg: 497135006.0, Max: 497135006.1, Diff: 0.1]
      [Ext Root Scanning (ms): Min: 3.3, Avg: 4.1, Max: 9.3, Diff: 5.9, Sum: 33.1]
      [Update RS (ms): Min: 21.4, Avg: 26.1, Max: 27.2, Diff: 5.8, Sum: 208.4]
         [Processed Buffers: Min: 87, Avg: 109.0, Max: 141, Diff: 54, Sum: 872]
      [Scan RS (ms): Min: 0.2, Avg: 0.6, Max: 0.7, Diff: 0.5, Sum: 4.6]
      [Code Root Scanning (ms): Min: 0.0, Avg: 0.0, Max: 0.0, Diff: 0.0, Sum: 0.1]
      [Object Copy (ms): Min: 11.6, Avg: 11.9, Max: 12.1, Diff: 0.4, Sum: 95.0]
      [Termination (ms): Min: 0.0, Avg: 0.0, Max: 0.0, Diff: 0.0, Sum: 0.1]
         [Termination Attempts: Min: 2, Avg: 3.0, Max: 5, Diff: 3, Sum: 24]
      [GC Worker Other (ms): Min: 0.0, Avg: 0.1, Max: 0.1, Diff: 0.1, Sum: 0.7]
      [GC Worker Total (ms): Min: 42.7, Avg: 42.7, Max: 42.8, Diff: 0.1, Sum: 342.0]
      [GC Worker End (ms): Min: 497135048.7, Avg: 497135048.8, Max: 497135048.8, Diff: 0.1]
   [Code Root Fixup: 0.0 ms]
   [Code Root Purge: 0.0 ms]
   [Clear CT: 0.6 ms]
   [Other: 5.6 ms]
      [Choose CSet: 0.0 ms]
      [Ref Proc: 1.7 ms]
      [Ref Enq: 0.2 ms]
      [Redirty Cards: 0.1 ms]
      [Humongous Register: 0.3 ms]
      [Humongous Reclaim: 0.3 ms]
      [Free CSet: 2.1 ms]
   [Eden: 2844.0M(2844.0M)->0.0B(3206.0M) Survivors: 42.0M->48.0M Heap: 4719.8M(6144.0M)->1805.7M(6144.0M)]
 [Times: user=0.35 sys=0.00, real=0.05 secs] 
2025-07-26T06:05:30.008+0800: 497283.843: [GC pause (G1 Evacuation Pause) (young), 0.0337292 secs]
   [Parallel Time: 24.6 ms, GC Workers: 8]
      [GC Worker Start (ms): Min: 497283845.3, Avg: 497283847.6, Max: 497283850.0, Diff: 4.7]
      [Ext Root Scanning (ms): Min: 0.6, Avg: 2.9, Max: 5.4, Diff: 4.8, Sum: 23.0]
      [Update RS (ms): Min: 11.8, Avg: 12.0, Max: 12.7, Diff: 0.8, Sum: 96.1]
         [Processed Buffers: Min: 52, Avg: 78.8, Max: 96, Diff: 44, Sum: 630]
      [Scan RS (ms): Min: 0.8, Avg: 1.3, Max: 1.5, Diff: 0.7, Sum: 10.7]
      [Code Root Scanning (ms): Min: 0.0, Avg: 0.0, Max: 0.0, Diff: 0.0, Sum: 0.1]
      [Object Copy (ms): Min: 5.6, Avg: 5.8, Max: 6.0, Diff: 0.4, Sum: 46.7]
      [Termination (ms): Min: 0.0, Avg: 0.0, Max: 0.0, Diff: 0.0, Sum: 0.0]
         [Termination Attempts: Min: 1, Avg: 1.0, Max: 1, Diff: 0, Sum: 8]
      [GC Worker Other (ms): Min: 0.0, Avg: 0.1, Max: 0.2, Diff: 0.1, Sum: 0.9]
      [GC Worker Total (ms): Min: 19.8, Avg: 22.2, Max: 24.6, Diff: 4.7, Sum: 177.4]
      [GC Worker End (ms): Min: 497283869.8, Avg: 497283869.8, Max: 497283869.8, Diff: 0.1]
   [Code Root Fixup: 0.1 ms]
   [Code Root Purge: 0.0 ms]
   [Clear CT: 0.7 ms]
   [Other: 8.3 ms]
      [Choose CSet: 0.0 ms]
      [Ref Proc: 1.2 ms]
      [Ref Enq: 0.1 ms]
      [Redirty Cards: 0.1 ms]
      [Humongous Register: 1.5 ms]
      [Humongous Reclaim: 0.5 ms]
      [Free CSet: 4.2 ms]
   [Eden: 3206.0M(3206.0M)->0.0B(3262.0M) Survivors: 48.0M->24.0M Heap: 5212.8M(6144.0M)->1775.7M(6144.0M)]
 [Times: user=0.10 sys=0.09, real=0.03 secs] 
2025-07-26T06:08:34.163+0800: 497467.999: [GC pause (G1 Evacuation Pause) (young), 0.0332943 secs]
   [Parallel Time: 24.6 ms, GC Workers: 8]
      [GC Worker Start (ms): Min: 497468001.1, Avg: 497468001.2, Max: 497468001.2, Diff: 0.1]
      [Ext Root Scanning (ms): Min: 2.8, Avg: 4.1, Max: 12.0, Diff: 9.2, Sum: 32.8]
      [Update RS (ms): Min: 3.7, Avg: 11.6, Max: 13.0, Diff: 9.2, Sum: 92.5]
         [Processed Buffers: Min: 42, Avg: 84.5, Max: 102, Diff: 60, Sum: 676]
      [Scan RS (ms): Min: 0.5, Avg: 1.0, Max: 1.2, Diff: 0.7, Sum: 8.2]
      [Code Root Scanning (ms): Min: 0.0, Avg: 0.0, Max: 0.0, Diff: 0.0, Sum: 0.1]
      [Object Copy (ms): Min: 7.4, Avg: 7.6, Max: 7.6, Diff: 0.2, Sum: 60.4]
      [Termination (ms): Min: 0.0, Avg: 0.0, Max: 0.0, Diff: 0.0, Sum: 0.1]
         [Termination Attempts: Min: 1, Avg: 10.2, Max: 15, Diff: 14, Sum: 82]
      [GC Worker Other (ms): Min: 0.0, Avg: 0.1, Max: 0.2, Diff: 0.1, Sum: 0.8]
      [GC Worker Total (ms): Min: 24.3, Avg: 24.4, Max: 24.4, Diff: 0.1, Sum: 194.8]
      [GC Worker End (ms): Min: 497468025.5, Avg: 497468025.5, Max: 497468025.6, Diff: 0.1]
   [Code Root Fixup: 0.0 ms]
   [Code Root Purge: 0.0 ms]
   [Clear CT: 0.6 ms]
   [Other: 8.1 ms]
      [Choose CSet: 0.0 ms]
      [Ref Proc: 1.3 ms]
      [Ref Enq: 0.1 ms]
      [Redirty Cards: 0.1 ms]
      [Humongous Register: 1.6 ms]
      [Humongous Reclaim: 0.4 ms]
      [Free CSet: 3.9 ms]
   [Eden: 3262.0M(3262.0M)->0.0B(3270.0M) Survivors: 24.0M->32.0M Heap: 5225.9M(6144.0M)->1783.7M(6144.0M)]
 [Times: user=0.20 sys=0.00, real=0.04 secs] 
2025-07-26T06:21:52.263+0800: 498266.098: [GC pause (G1 Evacuation Pause) (young), 0.0403632 secs]
   [Parallel Time: 28.1 ms, GC Workers: 8]
      [GC Worker Start (ms): Min: 498266102.1, Avg: 498266102.1, Max: 498266102.2, Diff: 0.1]
      [Ext Root Scanning (ms): Min: 2.9, Avg: 4.2, Max: 11.2, Diff: 8.3, Sum: 33.4]
      [Update RS (ms): Min: 6.8, Avg: 13.6, Max: 15.1, Diff: 8.3, Sum: 108.7]
         [Processed Buffers: Min: 59, Avg: 93.2, Max: 129, Diff: 70, Sum: 746]
      [Scan RS (ms): Min: 1.7, Avg: 2.1, Max: 2.3, Diff: 0.6, Sum: 16.7]
      [Code Root Scanning (ms): Min: 0.0, Avg: 0.0, Max: 0.0, Diff: 0.0, Sum: 0.1]
      [Object Copy (ms): Min: 7.7, Avg: 7.9, Max: 7.9, Diff: 0.3, Sum: 62.8]
      [Termination (ms): Min: 0.0, Avg: 0.0, Max: 0.0, Diff: 0.0, Sum: 0.0]
         [Termination Attempts: Min: 1, Avg: 1.0, Max: 1, Diff: 0, Sum: 8]
      [GC Worker Other (ms): Min: 0.1, Avg: 0.1, Max: 0.2, Diff: 0.1, Sum: 1.1]
      [GC Worker Total (ms): Min: 27.8, Avg: 27.9, Max: 28.0, Diff: 0.2, Sum: 222.8]
      [GC Worker End (ms): Min: 498266130.0, Avg: 498266130.0, Max: 498266130.0, Diff: 0.1]
   [Code Root Fixup: 0.0 ms]
   [Code Root Purge: 0.0 ms]
   [Clear CT: 0.7 ms]
   [Other: 11.6 ms]
      [Choose CSet: 0.0 ms]
      [Ref Proc: 2.9 ms]
      [Ref Enq: 0.1 ms]
      [Redirty Cards: 0.1 ms]
      [Humongous Register: 3.0 ms]
      [Humongous Reclaim: 0.5 ms]
      [Free CSet: 3.9 ms]
   [Eden: 3270.0M(3270.0M)->0.0B(3288.0M) Survivors: 32.0M->30.0M Heap: 5195.7M(6144.0M)->1780.7M(6144.0M)]
 [Times: user=0.19 sys=0.04, real=0.04 secs] 
2025-07-26T06:30:05.255+0800: 498759.091: [GC pause (G1 Evacuation Pause) (young), 0.2163447 secs]
   [Parallel Time: 204.9 ms, GC Workers: 8]
      [GC Worker Start (ms): Min: 498759093.7, Avg: 498759093.7, Max: 498759093.8, Diff: 0.1]
      [Ext Root Scanning (ms): Min: 3.0, Avg: 4.3, Max: 11.8, Diff: 8.7, Sum: 34.3]
      [Update RS (ms): Min: 38.2, Avg: 71.4, Max: 89.7, Diff: 51.5, Sum: 571.5]
         [Processed Buffers: Min: 59, Avg: 85.4, Max: 150, Diff: 91, Sum: 683]
      [Scan RS (ms): Min: 0.1, Avg: 0.4, Max: 0.8, Diff: 0.7, Sum: 2.9]
      [Code Root Scanning (ms): Min: 0.0, Avg: 0.0, Max: 0.0, Diff: 0.0, Sum: 0.1]
      [Object Copy (ms): Min: 111.5, Avg: 128.4, Max: 154.2, Diff: 42.6, Sum: 1027.1]
      [Termination (ms): Min: 0.0, Avg: 0.0, Max: 0.0, Diff: 0.0, Sum: 0.0]
         [Termination Attempts: Min: 1, Avg: 2.4, Max: 4, Diff: 3, Sum: 19]
      [GC Worker Other (ms): Min: 0.1, Avg: 0.1, Max: 0.2, Diff: 0.1, Sum: 1.2]
      [GC Worker Total (ms): Min: 204.5, Avg: 204.6, Max: 204.7, Diff: 0.2, Sum: 1637.1]
      [GC Worker End (ms): Min: 498759298.3, Avg: 498759298.4, Max: 498759298.4, Diff: 0.1]
   [Code Root Fixup: 0.1 ms]
   [Code Root Purge: 0.0 ms]
   [Clear CT: 0.6 ms]
   [Other: 10.8 ms]
      [Choose CSet: 0.0 ms]
      [Ref Proc: 2.9 ms]
      [Ref Enq: 0.2 ms]
      [Redirty Cards: 0.2 ms]
      [Humongous Register: 2.0 ms]
      [Humongous Reclaim: 0.3 ms]
      [Free CSet: 4.2 ms]
   [Eden: 3288.0M(3288.0M)->0.0B(2666.0M) Survivors: 30.0M->352.0M Heap: 5122.7M(6144.0M)->2111.6M(6144.0M)]
 [Times: user=1.27 sys=0.38, real=0.22 secs] 
2025-07-26T06:30:26.197+0800: 498780.033: [GC pause (G1 Evacuation Pause) (young), 0.2392106 secs]
   [Parallel Time: 229.6 ms, GC Workers: 8]
      [GC Worker Start (ms): Min: 498780035.1, Avg: 498780035.2, Max: 498780035.2, Diff: 0.1]
      [Ext Root Scanning (ms): Min: 2.8, Avg: 4.1, Max: 11.5, Diff: 8.7, Sum: 32.9]
      [Update RS (ms): Min: 28.8, Avg: 36.0, Max: 37.6, Diff: 8.8, Sum: 287.7]
         [Processed Buffers: Min: 66, Avg: 85.2, Max: 98, Diff: 32, Sum: 682]
      [Scan RS (ms): Min: 0.1, Avg: 0.3, Max: 0.4, Diff: 0.3, Sum: 2.5]
      [Code Root Scanning (ms): Min: 0.0, Avg: 0.0, Max: 0.0, Diff: 0.0, Sum: 0.1]
      [Object Copy (ms): Min: 188.7, Avg: 188.9, Max: 189.0, Diff: 0.3, Sum: 1511.1]
      [Termination (ms): Min: 0.0, Avg: 0.0, Max: 0.1, Diff: 0.1, Sum: 0.4]
         [Termination Attempts: Min: 1, Avg: 47.6, Max: 64, Diff: 63, Sum: 381]
      [GC Worker Other (ms): Min: 0.1, Avg: 0.1, Max: 0.2, Diff: 0.1, Sum: 1.1]
      [GC Worker Total (ms): Min: 229.4, Avg: 229.5, Max: 229.6, Diff: 0.2, Sum: 1835.8]
      [GC Worker End (ms): Min: 498780264.6, Avg: 498780264.6, Max: 498780264.7, Diff: 0.1]
   [Code Root Fixup: 0.0 ms]
   [Code Root Purge: 0.0 ms]
   [Clear CT: 0.5 ms]
   [Other: 9.0 ms]
      [Choose CSet: 0.0 ms]
      [Ref Proc: 1.2 ms]
      [Ref Enq: 0.2 ms]
      [Redirty Cards: 0.8 ms]
      [Humongous Register: 2.0 ms]
      [Humongous Reclaim: 0.2 ms]
      [Free CSet: 3.7 ms]
   [Eden: 2666.0M(2666.0M)->0.0B(2678.0M) Survivors: 352.0M->146.0M Heap: 4828.9M(6144.0M)->2247.5M(6144.0M)]
 [Times: user=1.72 sys=0.12, real=0.23 secs] 
2025-07-26T06:31:00.474+0800: 498814.310: [GC pause (G1 Evacuation Pause) (young), 0.0801158 secs]
   [Parallel Time: 74.4 ms, GC Workers: 8]
      [GC Worker Start (ms): Min: 498814310.7, Avg: 498814310.7, Max: 498814310.8, Diff: 0.1]
      [Ext Root Scanning (ms): Min: 2.2, Avg: 2.5, Max: 3.1, Diff: 1.0, Sum: 19.8]
      [Update RS (ms): Min: 15.3, Avg: 15.8, Max: 15.9, Diff: 0.6, Sum: 126.3]
         [Processed Buffers: Min: 77, Avg: 95.8, Max: 109, Diff: 32, Sum: 766]
      [Scan RS (ms): Min: 1.6, Avg: 2.0, Max: 2.1, Diff: 0.5, Sum: 15.7]
      [Code Root Scanning (ms): Min: 0.0, Avg: 0.0, Max: 0.0, Diff: 0.0, Sum: 0.1]
      [Object Copy (ms): Min: 53.7, Avg: 54.0, Max: 54.1, Diff: 0.4, Sum: 431.7]
      [Termination (ms): Min: 0.0, Avg: 0.0, Max: 0.0, Diff: 0.0, Sum: 0.1]
         [Termination Attempts: Min: 1, Avg: 4.6, Max: 8, Diff: 7, Sum: 37]
      [GC Worker Other (ms): Min: 0.0, Avg: 0.1, Max: 0.1, Diff: 0.1, Sum: 0.5]
      [GC Worker Total (ms): Min: 74.2, Avg: 74.3, Max: 74.4, Diff: 0.1, Sum: 594.2]
      [GC Worker End (ms): Min: 498814385.0, Avg: 498814385.0, Max: 498814385.1, Diff: 0.1]
   [Code Root Fixup: 0.1 ms]
   [Code Root Purge: 0.0 ms]
   [Clear CT: 0.5 ms]
   [Other: 5.1 ms]
      [Choose CSet: 0.0 ms]
      [Ref Proc: 1.5 ms]
      [Ref Enq: 0.1 ms]
      [Redirty Cards: 0.1 ms]
      [Humongous Register: 0.5 ms]
      [Humongous Reclaim: 0.2 ms]
      [Free CSet: 1.8 ms]
   [Eden: 2678.0M(2678.0M)->0.0B(2690.0M) Survivors: 146.0M->160.0M Heap: 4976.3M(6144.0M)->2264.8M(6144.0M)]
 [Times: user=0.50 sys=0.11, real=0.08 secs] 
2025-07-26T06:31:30.070+0800: 498843.906: [GC pause (G1 Evacuation Pause) (young), 0.0822278 secs]
   [Parallel Time: 72.2 ms, GC Workers: 8]
      [GC Worker Start (ms): Min: 498843909.5, Avg: 498843909.6, Max: 498843909.7, Diff: 0.2]
      [Ext Root Scanning (ms): Min: 2.9, Avg: 4.2, Max: 11.2, Diff: 8.3, Sum: 33.2]
      [Update RS (ms): Min: 6.3, Avg: 13.1, Max: 14.4, Diff: 8.1, Sum: 104.7]
         [Processed Buffers: Min: 52, Avg: 72.0, Max: 84, Diff: 32, Sum: 576]
      [Scan RS (ms): Min: 0.1, Avg: 0.3, Max: 0.4, Diff: 0.3, Sum: 2.4]
      [Code Root Scanning (ms): Min: 0.0, Avg: 0.0, Max: 0.0, Diff: 0.0, Sum: 0.1]
      [Object Copy (ms): Min: 53.8, Avg: 54.1, Max: 54.3, Diff: 0.5, Sum: 432.4]
      [Termination (ms): Min: 0.0, Avg: 0.2, Max: 0.3, Diff: 0.3, Sum: 1.9]
         [Termination Attempts: Min: 1, Avg: 241.0, Max: 298, Diff: 297, Sum: 1928]
      [GC Worker Other (ms): Min: 0.0, Avg: 0.1, Max: 0.2, Diff: 0.2, Sum: 1.1]
      [GC Worker Total (ms): Min: 71.8, Avg: 72.0, Max: 72.1, Diff: 0.3, Sum: 575.8]
      [GC Worker End (ms): Min: 498843981.5, Avg: 498843981.6, Max: 498843981.6, Diff: 0.1]
   [Code Root Fixup: 0.0 ms]
   [Code Root Purge: 0.0 ms]
   [Clear CT: 0.5 ms]
   [Other: 9.5 ms]
      [Choose CSet: 0.0 ms]
      [Ref Proc: 1.5 ms]
      [Ref Enq: 0.1 ms]
      [Redirty Cards: 0.1 ms]
      [Humongous Register: 2.8 ms]
      [Humongous Reclaim: 0.3 ms]
      [Free CSet: 3.6 ms]
   [Eden: 2690.0M(2690.0M)->0.0B(2738.0M) Survivors: 160.0M->150.0M Heap: 5000.9M(6144.0M)->2238.2M(6144.0M)]
 [Times: user=0.54 sys=0.05, real=0.08 secs] 
2025-07-26T06:32:17.512+0800: 498891.347: [GC pause (G1 Evacuation Pause) (young), 0.0692690 secs]
   [Parallel Time: 63.3 ms, GC Workers: 8]
      [GC Worker Start (ms): Min: 498891348.4, Avg: 498891348.5, Max: 498891348.6, Diff: 0.3]
      [Ext Root Scanning (ms): Min: 2.2, Avg: 2.5, Max: 3.2, Diff: 1.0, Sum: 19.9]
      [Update RS (ms): Min: 10.7, Avg: 11.4, Max: 12.0, Diff: 1.3, Sum: 91.2]
         [Processed Buffers: Min: 3, Avg: 26.0, Max: 48, Diff: 45, Sum: 208]
      [Scan RS (ms): Min: 0.1, Avg: 0.3, Max: 0.4, Diff: 0.3, Sum: 2.2]
      [Code Root Scanning (ms): Min: 0.0, Avg: 0.0, Max: 0.0, Diff: 0.0, Sum: 0.1]
      [Object Copy (ms): Min: 47.7, Avg: 48.7, Max: 48.9, Diff: 1.2, Sum: 389.2]
      [Termination (ms): Min: 0.0, Avg: 0.1, Max: 0.1, Diff: 0.1, Sum: 0.6]
         [Termination Attempts: Min: 1, Avg: 71.0, Max: 92, Diff: 91, Sum: 568]
      [GC Worker Other (ms): Min: 0.0, Avg: 0.1, Max: 0.1, Diff: 0.1, Sum: 0.6]
      [GC Worker Total (ms): Min: 62.9, Avg: 63.0, Max: 63.1, Diff: 0.3, Sum: 503.8]
      [GC Worker End (ms): Min: 498891411.5, Avg: 498891411.5, Max: 498891411.6, Diff: 0.1]
   [Code Root Fixup: 0.1 ms]
   [Code Root Purge: 0.0 ms]
   [Clear CT: 0.5 ms]
   [Other: 5.4 ms]
      [Choose CSet: 0.0 ms]
      [Ref Proc: 1.8 ms]
      [Ref Enq: 0.2 ms]
      [Redirty Cards: 0.1 ms]
      [Humongous Register: 0.6 ms]
      [Humongous Reclaim: 0.1 ms]
      [Free CSet: 1.7 ms]
   [Eden: 2738.0M(2738.0M)->0.0B(1854.0M) Survivors: 150.0M->152.0M Heap: 4976.2M(6144.0M)->2241.2M(6144.0M)]
 [Times: user=0.44 sys=0.07, real=0.07 secs] 
2025-07-26T06:33:01.860+0800: 498935.696: [GC pause (G1 Evacuation Pause) (young), 0.0837494 secs]
   [Parallel Time: 74.1 ms, GC Workers: 8]
      [GC Worker Start (ms): Min: 498935700.4, Avg: 498935700.4, Max: 498935700.5, Diff: 0.1]
      [Ext Root Scanning (ms): Min: 2.8, Avg: 4.0, Max: 10.8, Diff: 8.0, Sum: 31.7]
      [Update RS (ms): Min: 7.0, Avg: 13.7, Max: 15.4, Diff: 8.3, Sum: 110.0]
         [Processed Buffers: Min: 50, Avg: 72.9, Max: 90, Diff: 40, Sum: 583]
      [Scan RS (ms): Min: 0.1, Avg: 0.2, Max: 0.3, Diff: 0.2, Sum: 1.5]
      [Code Root Scanning (ms): Min: 0.0, Avg: 0.0, Max: 0.0, Diff: 0.0, Sum: 0.0]
      [Object Copy (ms): Min: 55.4, Avg: 55.8, Max: 55.9, Diff: 0.5, Sum: 446.5]
      [Termination (ms): Min: 0.0, Avg: 0.0, Max: 0.0, Diff: 0.0, Sum: 0.2]
         [Termination Attempts: Min: 1, Avg: 19.9, Max: 27, Diff: 26, Sum: 159]
      [GC Worker Other (ms): Min: 0.1, Avg: 0.1, Max: 0.2, Diff: 0.1, Sum: 1.1]
      [GC Worker Total (ms): Min: 73.8, Avg: 73.9, Max: 74.0, Diff: 0.2, Sum: 590.9]
      [GC Worker End (ms): Min: 498935774.3, Avg: 498935774.3, Max: 498935774.3, Diff: 0.1]
   [Code Root Fixup: 0.0 ms]
   [Code Root Purge: 0.0 ms]
   [Clear CT: 0.4 ms]
   [Other: 9.2 ms]
      [Choose CSet: 0.0 ms]
      [Ref Proc: 1.3 ms]
      [Ref Enq: 0.1 ms]
      [Redirty Cards: 0.3 ms]
      [Humongous Register: 3.8 ms]
      [Humongous Reclaim: 0.2 ms]
      [Free CSet: 2.5 ms]
   [Eden: 1854.0M(1854.0M)->0.0B(2770.0M) Survivors: 152.0M->38.0M Heap: 4141.3M(6144.0M)->2256.2M(6144.0M)]
 [Times: user=0.53 sys=0.07, real=0.08 secs] 
2025-07-26T06:34:20.521+0800: 499014.356: [GC pause (G1 Humongous Allocation) (young) (initial-mark), 0.0351868 secs]
   [Parallel Time: 31.0 ms, GC Workers: 8]
      [GC Worker Start (ms): Min: 499014357.8, Avg: 499014357.9, Max: 499014357.9, Diff: 0.1]
      [Ext Root Scanning (ms): Min: 3.7, Avg: 3.8, Max: 4.2, Diff: 0.5, Sum: 30.7]
      [Update RS (ms): Min: 18.8, Avg: 18.9, Max: 19.1, Diff: 0.3, Sum: 150.9]
         [Processed Buffers: Min: 99, Avg: 120.5, Max: 133, Diff: 34, Sum: 964]
      [Scan RS (ms): Min: 0.4, Avg: 0.7, Max: 0.7, Diff: 0.3, Sum: 5.3]
      [Code Root Scanning (ms): Min: 0.0, Avg: 0.0, Max: 0.0, Diff: 0.0, Sum: 0.0]
      [Object Copy (ms): Min: 6.7, Avg: 6.9, Max: 7.1, Diff: 0.4, Sum: 55.6]
      [Termination (ms): Min: 0.0, Avg: 0.0, Max: 0.0, Diff: 0.0, Sum: 0.0]
         [Termination Attempts: Min: 1, Avg: 1.0, Max: 1, Diff: 0, Sum: 8]
      [GC Worker Other (ms): Min: 0.0, Avg: 0.1, Max: 0.1, Diff: 0.1, Sum: 0.6]
      [GC Worker Total (ms): Min: 30.3, Avg: 30.4, Max: 30.4, Diff: 0.1, Sum: 243.2]
      [GC Worker End (ms): Min: 499014388.2, Avg: 499014388.3, Max: 499014388.3, Diff: 0.1]
   [Code Root Fixup: 0.0 ms]
   [Code Root Purge: 0.0 ms]
   [Clear CT: 0.3 ms]
   [Other: 3.9 ms]
      [Choose CSet: 0.0 ms]
      [Ref Proc: 0.6 ms]
      [Ref Enq: 0.0 ms]
      [Redirty Cards: 0.1 ms]
      [Humongous Register: 0.3 ms]
      [Humongous Reclaim: 0.3 ms]
      [Free CSet: 1.0 ms]
   [Eden: 1834.0M(2770.0M)->0.0B(2794.0M) Survivors: 38.0M->28.0M Heap: 4210.4M(6144.0M)->2246.9M(6144.0M)]
 [Times: user=0.25 sys=0.00, real=0.03 secs] 
2025-07-26T06:34:20.556+0800: 499014.392: [GC concurrent-root-region-scan-start]
2025-07-26T06:34:20.568+0800: 499014.404: [GC concurrent-root-region-scan-end, 0.0123288 secs]
2025-07-26T06:34:20.568+0800: 499014.404: [GC concurrent-mark-start]
2025-07-26T06:34:21.325+0800: 499015.161: [GC concurrent-mark-end, 0.7567911 secs]
2025-07-26T06:34:21.329+0800: 499015.164: [GC remark 2025-07-26T06:34:21.329+0800: 499015.164: [Finalize Marking, 0.0004432 secs] 2025-07-26T06:34:21.329+0800: 499015.165: [GC ref-proc, 0.0058996 secs] 2025-07-26T06:34:21.335+0800: 499015.170: [Unloading, 0.0512420 secs], 0.0602180 secs]
 [Times: user=0.24 sys=0.11, real=0.06 secs] 
2025-07-26T06:34:21.392+0800: 499015.228: [GC cleanup 2414M->2238M(6144M), 0.0037552 secs]
 [Times: user=0.03 sys=0.00, real=0.00 secs] 
2025-07-26T06:34:21.396+0800: 499015.232: [GC concurrent-cleanup-start]
2025-07-26T06:34:21.396+0800: 499015.232: [GC concurrent-cleanup-end, 0.0003472 secs]
2025-07-26T06:36:49.017+0800: 499162.853: [GC pause (G1 Evacuation Pause) (young), 0.0469948 secs]
   [Parallel Time: 36.9 ms, GC Workers: 8]
      [GC Worker Start (ms): Min: 499162854.9, Avg: 499162855.0, Max: 499162855.1, Diff: 0.2]
      [Ext Root Scanning (ms): Min: 2.9, Avg: 4.3, Max: 12.4, Diff: 9.5, Sum: 34.7]
      [Update RS (ms): Min: 15.3, Avg: 23.2, Max: 24.6, Diff: 9.4, Sum: 185.6]
         [Processed Buffers: Min: 96, Avg: 145.8, Max: 174, Diff: 78, Sum: 1166]
      [Scan RS (ms): Min: 0.4, Avg: 0.9, Max: 1.1, Diff: 0.8, Sum: 7.2]
      [Code Root Scanning (ms): Min: 0.0, Avg: 0.0, Max: 0.0, Diff: 0.0, Sum: 0.1]
      [Object Copy (ms): Min: 7.9, Avg: 8.1, Max: 8.2, Diff: 0.4, Sum: 65.1]
      [Termination (ms): Min: 0.0, Avg: 0.0, Max: 0.0, Diff: 0.0, Sum: 0.0]
         [Termination Attempts: Min: 1, Avg: 6.0, Max: 8, Diff: 7, Sum: 48]
      [GC Worker Other (ms): Min: 0.1, Avg: 0.1, Max: 0.1, Diff: 0.1, Sum: 0.7]
      [GC Worker Total (ms): Min: 36.6, Avg: 36.7, Max: 36.8, Diff: 0.2, Sum: 293.4]
      [GC Worker End (ms): Min: 499162891.7, Avg: 499162891.7, Max: 499162891.7, Diff: 0.1]
   [Code Root Fixup: 0.0 ms]
   [Code Root Purge: 0.0 ms]
   [Clear CT: 0.6 ms]
   [Other: 9.5 ms]
      [Choose CSet: 0.0 ms]
      [Ref Proc: 1.2 ms]
      [Ref Enq: 0.1 ms]
      [Redirty Cards: 0.5 ms]
      [Humongous Register: 1.5 ms]
      [Humongous Reclaim: 0.6 ms]
      [Free CSet: 4.8 ms]
   [Eden: 2794.0M(2794.0M)->0.0B(278.0M) Survivors: 28.0M->28.0M Heap: 5028.2M(6144.0M)->2069.0M(6144.0M)]
 [Times: user=0.26 sys=0.04, real=0.04 secs] 
2025-07-26T06:36:59.477+0800: 499173.313: [GC pause (G1 Evacuation Pause) (mixed), 0.0292978 secs]
   [Parallel Time: 23.8 ms, GC Workers: 8]
      [GC Worker Start (ms): Min: 499173314.2, Avg: 499173314.2, Max: 499173314.3, Diff: 0.1]
      [Ext Root Scanning (ms): Min: 2.2, Avg: 3.2, Max: 9.1, Diff: 6.8, Sum: 25.9]
      [Update RS (ms): Min: 0.0, Avg: 5.1, Max: 6.0, Diff: 6.0, Sum: 40.7]
         [Processed Buffers: Min: 0, Avg: 39.4, Max: 53, Diff: 53, Sum: 315]
      [Scan RS (ms): Min: 2.8, Avg: 3.3, Max: 3.5, Diff: 0.7, Sum: 26.5]
      [Code Root Scanning (ms): Min: 0.0, Avg: 0.0, Max: 0.0, Diff: 0.0, Sum: 0.0]
      [Object Copy (ms): Min: 11.8, Avg: 12.0, Max: 12.1, Diff: 0.3, Sum: 95.9]
      [Termination (ms): Min: 0.0, Avg: 0.0, Max: 0.0, Diff: 0.0, Sum: 0.0]
         [Termination Attempts: Min: 1, Avg: 1.0, Max: 1, Diff: 0, Sum: 8]
      [GC Worker Other (ms): Min: 0.0, Avg: 0.0, Max: 0.0, Diff: 0.0, Sum: 0.2]
      [GC Worker Total (ms): Min: 23.6, Avg: 23.7, Max: 23.7, Diff: 0.1, Sum: 189.2]
      [GC Worker End (ms): Min: 499173337.9, Avg: 499173337.9, Max: 499173337.9, Diff: 0.0]
   [Code Root Fixup: 0.0 ms]
   [Code Root Purge: 0.0 ms]
   [Clear CT: 0.3 ms]
   [Other: 5.1 ms]
      [Choose CSet: 1.1 ms]
      [Ref Proc: 0.3 ms]
      [Ref Enq: 0.0 ms]
      [Redirty Cards: 0.2 ms]
      [Humongous Register: 0.3 ms]
      [Humongous Reclaim: 0.1 ms]
      [Free CSet: 2.4 ms]
   [Eden: 278.0M(278.0M)->0.0B(274.0M) Survivors: 28.0M->32.0M Heap: 2371.7M(6144.0M)->1489.1M(6144.0M)]
 [Times: user=0.19 sys=0.01, real=0.02 secs] 
2025-07-26T06:37:00.014+0800: 499173.850: [GC pause (G1 Evacuation Pause) (mixed), 0.0412313 secs]
   [Parallel Time: 37.8 ms, GC Workers: 8]
      [GC Worker Start (ms): Min: 499173850.8, Avg: 499173850.8, Max: 499173850.8, Diff: 0.1]
      [Ext Root Scanning (ms): Min: 2.2, Avg: 2.5, Max: 3.3, Diff: 1.1, Sum: 20.1]
      [Update RS (ms): Min: 8.1, Avg: 8.7, Max: 9.2, Diff: 1.1, Sum: 69.6]
         [Processed Buffers: Min: 33, Avg: 40.1, Max: 50, Diff: 17, Sum: 321]
      [Scan RS (ms): Min: 5.3, Avg: 5.6, Max: 5.8, Diff: 0.4, Sum: 45.1]
      [Code Root Scanning (ms): Min: 0.0, Avg: 0.0, Max: 0.1, Diff: 0.1, Sum: 0.1]
      [Object Copy (ms): Min: 20.4, Avg: 20.6, Max: 20.7, Diff: 0.3, Sum: 164.9]
      [Termination (ms): Min: 0.0, Avg: 0.1, Max: 0.1, Diff: 0.0, Sum: 0.4]
         [Termination Attempts: Min: 13, Avg: 16.8, Max: 21, Diff: 8, Sum: 134]
      [GC Worker Other (ms): Min: 0.0, Avg: 0.0, Max: 0.1, Diff: 0.0, Sum: 0.3]
      [GC Worker Total (ms): Min: 37.5, Avg: 37.6, Max: 37.6, Diff: 0.1, Sum: 300.5]
      [GC Worker End (ms): Min: 499173888.3, Avg: 499173888.4, Max: 499173888.4, Diff: 0.0]
   [Code Root Fixup: 0.0 ms]
   [Code Root Purge: 0.0 ms]
   [Clear CT: 0.4 ms]
   [Other: 3.0 ms]
      [Choose CSet: 0.5 ms]
      [Ref Proc: 0.3 ms]
      [Ref Enq: 0.0 ms]
      [Redirty Cards: 0.2 ms]
      [Humongous Register: 0.3 ms]
      [Humongous Reclaim: 0.2 ms]
      [Free CSet: 0.9 ms]
   [Eden: 274.0M(274.0M)->0.0B(3654.0M) Survivors: 32.0M->32.0M Heap: 1788.3M(6144.0M)->1342.7M(6144.0M)]
 [Times: user=0.26 sys=0.04, real=0.04 secs] 
2025-07-26T06:40:04.301+0800: 499358.137: [GC pause (G1 Evacuation Pause) (young), 0.0447904 secs]
   [Parallel Time: 34.4 ms, GC Workers: 8]
      [GC Worker Start (ms): Min: 499358139.5, Avg: 499358139.5, Max: 499358139.6, Diff: 0.2]
      [Ext Root Scanning (ms): Min: 2.9, Avg: 3.4, Max: 5.1, Diff: 2.2, Sum: 27.3]
      [Update RS (ms): Min: 17.3, Avg: 18.8, Max: 19.1, Diff: 1.9, Sum: 150.1]
         [Processed Buffers: Min: 90, Avg: 128.5, Max: 152, Diff: 62, Sum: 1028]
      [Scan RS (ms): Min: 0.7, Avg: 1.1, Max: 1.3, Diff: 0.6, Sum: 9.1]
      [Code Root Scanning (ms): Min: 0.0, Avg: 0.0, Max: 0.0, Diff: 0.0, Sum: 0.1]
      [Object Copy (ms): Min: 10.4, Avg: 10.7, Max: 10.8, Diff: 0.3, Sum: 85.3]
      [Termination (ms): Min: 0.0, Avg: 0.0, Max: 0.0, Diff: 0.0, Sum: 0.1]
         [Termination Attempts: Min: 2, Avg: 9.4, Max: 13, Diff: 11, Sum: 75]
      [GC Worker Other (ms): Min: 0.1, Avg: 0.1, Max: 0.1, Diff: 0.1, Sum: 1.0]
      [GC Worker Total (ms): Min: 34.0, Avg: 34.1, Max: 34.2, Diff: 0.2, Sum: 273.0]
      [GC Worker End (ms): Min: 499358173.6, Avg: 499358173.7, Max: 499358173.7, Diff: 0.1]
   [Code Root Fixup: 0.0 ms]
   [Code Root Purge: 0.0 ms]
   [Clear CT: 0.7 ms]
   [Other: 9.6 ms]
      [Choose CSet: 0.0 ms]
      [Ref Proc: 1.5 ms]
      [Ref Enq: 0.1 ms]
      [Redirty Cards: 0.1 ms]
      [Humongous Register: 2.0 ms]
      [Humongous Reclaim: 0.4 ms]
      [Free CSet: 4.4 ms]
   [Eden: 3654.0M(3654.0M)->0.0B(3636.0M) Survivors: 32.0M->50.0M Heap: 5184.7M(6144.0M)->1360.7M(6144.0M)]
 [Times: user=0.26 sys=0.02, real=0.04 secs] 
2025-07-26T06:40:54.459+0800: 499408.295: [GC pause (G1 Evacuation Pause) (young), 0.0370840 secs]
   [Parallel Time: 24.7 ms, GC Workers: 8]
      [GC Worker Start (ms): Min: 499408298.3, Avg: 499408298.4, Max: 499408298.5, Diff: 0.2]
      [Ext Root Scanning (ms): Min: 3.1, Avg: 4.3, Max: 11.1, Diff: 8.0, Sum: 34.3]
      [Update RS (ms): Min: 4.4, Avg: 10.4, Max: 11.5, Diff: 7.1, Sum: 83.1]
         [Processed Buffers: Min: 19, Avg: 73.0, Max: 89, Diff: 70, Sum: 584]
      [Scan RS (ms): Min: 0.1, Avg: 0.4, Max: 0.5, Diff: 0.4, Sum: 3.0]
      [Code Root Scanning (ms): Min: 0.0, Avg: 0.0, Max: 0.0, Diff: 0.0, Sum: 0.1]
      [Object Copy (ms): Min: 8.7, Avg: 9.3, Max: 9.4, Diff: 0.7, Sum: 74.2]
      [Termination (ms): Min: 0.0, Avg: 0.0, Max: 0.1, Diff: 0.0, Sum: 0.4]
         [Termination Attempts: Min: 1, Avg: 32.8, Max: 45, Diff: 44, Sum: 262]
      [GC Worker Other (ms): Min: 0.0, Avg: 0.1, Max: 0.2, Diff: 0.1, Sum: 1.1]
      [GC Worker Total (ms): Min: 24.4, Avg: 24.5, Max: 24.6, Diff: 0.1, Sum: 196.1]
      [GC Worker End (ms): Min: 499408322.9, Avg: 499408322.9, Max: 499408322.9, Diff: 0.1]
   [Code Root Fixup: 0.0 ms]
   [Code Root Purge: 0.0 ms]
   [Clear CT: 0.7 ms]
   [Other: 11.7 ms]
      [Choose CSet: 0.0 ms]
      [Ref Proc: 2.3 ms]
      [Ref Enq: 0.1 ms]
      [Redirty Cards: 0.2 ms]
      [Humongous Register: 2.6 ms]
      [Humongous Reclaim: 0.3 ms]
      [Free CSet: 4.8 ms]
   [Eden: 3636.0M(3636.0M)->0.0B(3636.0M) Survivors: 50.0M->50.0M Heap: 5042.8M(6144.0M)->1360.7M(6144.0M)]
 [Times: user=0.23 sys=0.02, real=0.03 secs] 
2025-07-26T06:41:34.262+0800: 499448.097: [GC pause (G1 Evacuation Pause) (young), 0.0379621 secs]
   [Parallel Time: 31.9 ms, GC Workers: 8]
      [GC Worker Start (ms): Min: 499448098.0, Avg: 499448098.0, Max: 499448098.1, Diff: 0.1]
      [Ext Root Scanning (ms): Min: 2.3, Avg: 2.5, Max: 3.4, Diff: 1.1, Sum: 20.2]
      [Update RS (ms): Min: 18.7, Avg: 19.3, Max: 19.6, Diff: 0.9, Sum: 154.3]
         [Processed Buffers: Min: 102, Avg: 123.2, Max: 132, Diff: 30, Sum: 986]
      [Scan RS (ms): Min: 0.3, Avg: 0.4, Max: 0.5, Diff: 0.2, Sum: 3.2]
      [Code Root Scanning (ms): Min: 0.0, Avg: 0.0, Max: 0.0, Diff: 0.0, Sum: 0.1]
      [Object Copy (ms): Min: 9.3, Avg: 9.5, Max: 9.6, Diff: 0.2, Sum: 75.8]
      [Termination (ms): Min: 0.0, Avg: 0.0, Max: 0.0, Diff: 0.0, Sum: 0.0]
         [Termination Attempts: Min: 1, Avg: 4.2, Max: 6, Diff: 5, Sum: 34]
      [GC Worker Other (ms): Min: 0.0, Avg: 0.1, Max: 0.1, Diff: 0.1, Sum: 0.5]
      [GC Worker Total (ms): Min: 31.7, Avg: 31.8, Max: 31.8, Diff: 0.1, Sum: 254.2]
      [GC Worker End (ms): Min: 499448129.7, Avg: 499448129.8, Max: 499448129.8, Diff: 0.1]
   [Code Root Fixup: 0.0 ms]
   [Code Root Purge: 0.0 ms]
   [Clear CT: 0.6 ms]
   [Other: 5.4 ms]
      [Choose CSet: 0.0 ms]
      [Ref Proc: 1.8 ms]
      [Ref Enq: 0.2 ms]
      [Redirty Cards: 0.1 ms]
      [Humongous Register: 0.4 ms]
      [Humongous Reclaim: 0.3 ms]
      [Free CSet: 1.9 ms]
   [Eden: 3636.0M(3636.0M)->0.0B(3642.0M) Survivors: 50.0M->44.0M Heap: 5092.7M(6144.0M)->1353.7M(6144.0M)]
 [Times: user=0.25 sys=0.00, real=0.04 secs] 
2025-07-26T06:42:27.979+0800: 499501.814: [GC pause (G1 Evacuation Pause) (young), 0.0371813 secs]
   [Parallel Time: 25.9 ms, GC Workers: 8]
      [GC Worker Start (ms): Min: 499501817.5, Avg: 499501817.6, Max: 499501817.7, Diff: 0.2]
      [Ext Root Scanning (ms): Min: 3.0, Avg: 4.2, Max: 11.0, Diff: 8.0, Sum: 33.4]
      [Update RS (ms): Min: 4.5, Avg: 11.1, Max: 12.6, Diff: 8.1, Sum: 88.6]
         [Processed Buffers: Min: 50, Avg: 73.0, Max: 89, Diff: 39, Sum: 584]
      [Scan RS (ms): Min: 0.1, Avg: 0.4, Max: 0.5, Diff: 0.4, Sum: 3.1]
      [Code Root Scanning (ms): Min: 0.0, Avg: 0.0, Max: 0.0, Diff: 0.0, Sum: 0.1]
      [Object Copy (ms): Min: 9.8, Avg: 10.0, Max: 10.1, Diff: 0.3, Sum: 79.6]
      [Termination (ms): Min: 0.0, Avg: 0.0, Max: 0.0, Diff: 0.0, Sum: 0.0]
         [Termination Attempts: Min: 1, Avg: 1.0, Max: 1, Diff: 0, Sum: 8]
      [GC Worker Other (ms): Min: 0.1, Avg: 0.1, Max: 0.3, Diff: 0.2, Sum: 1.1]
      [GC Worker Total (ms): Min: 25.6, Avg: 25.7, Max: 25.8, Diff: 0.2, Sum: 205.9]
      [GC Worker End (ms): Min: 499501843.3, Avg: 499501843.3, Max: 499501843.4, Diff: 0.1]
   [Code Root Fixup: 0.0 ms]
   [Code Root Purge: 0.0 ms]
   [Clear CT: 0.5 ms]
   [Other: 10.7 ms]
      [Choose CSet: 0.0 ms]
      [Ref Proc: 2.2 ms]
      [Ref Enq: 0.2 ms]
      [Redirty Cards: 0.2 ms]
      [Humongous Register: 2.5 ms]
      [Humongous Reclaim: 0.2 ms]
      [Free CSet: 4.4 ms]
   [Eden: 3642.0M(3642.0M)->0.0B(3634.0M) Survivors: 44.0M->52.0M Heap: 5041.8M(6144.0M)->1361.7M(6144.0M)]
 [Times: user=0.12 sys=0.10, real=0.03 secs] 
2025-07-26T06:45:00.333+0800: 499654.169: [GC pause (G1 Evacuation Pause) (young), 0.0470913 secs]
   [Parallel Time: 37.2 ms, GC Workers: 8]
      [GC Worker Start (ms): Min: 499654170.8, Avg: 499654170.8, Max: 499654170.9, Diff: 0.2]
      [Ext Root Scanning (ms): Min: 2.9, Avg: 4.1, Max: 10.4, Diff: 7.4, Sum: 32.8]
      [Update RS (ms): Min: 10.7, Avg: 16.9, Max: 18.1, Diff: 7.4, Sum: 135.2]
         [Processed Buffers: Min: 87, Avg: 116.5, Max: 133, Diff: 46, Sum: 932]
      [Scan RS (ms): Min: 1.0, Avg: 1.4, Max: 1.6, Diff: 0.6, Sum: 11.1]
      [Code Root Scanning (ms): Min: 0.0, Avg: 0.0, Max: 0.0, Diff: 0.0, Sum: 0.1]
      [Object Copy (ms): Min: 14.3, Avg: 14.5, Max: 14.6, Diff: 0.3, Sum: 115.7]
      [Termination (ms): Min: 0.0, Avg: 0.1, Max: 0.1, Diff: 0.1, Sum: 0.4]
         [Termination Attempts: Min: 13, Avg: 19.1, Max: 25, Diff: 12, Sum: 153]
      [GC Worker Other (ms): Min: 0.1, Avg: 0.1, Max: 0.2, Diff: 0.1, Sum: 1.0]
      [GC Worker Total (ms): Min: 36.9, Avg: 37.0, Max: 37.1, Diff: 0.1, Sum: 296.2]
      [GC Worker End (ms): Min: 499654207.8, Avg: 499654207.9, Max: 499654207.9, Diff: 0.1]
   [Code Root Fixup: 0.0 ms]
   [Code Root Purge: 0.0 ms]
   [Clear CT: 0.7 ms]
   [Other: 9.1 ms]
      [Choose CSet: 0.0 ms]
      [Ref Proc: 1.5 ms]
      [Ref Enq: 0.1 ms]
      [Redirty Cards: 0.1 ms]
      [Humongous Register: 1.5 ms]
      [Humongous Reclaim: 0.4 ms]
      [Free CSet: 4.4 ms]
   [Eden: 3634.0M(3634.0M)->0.0B(3636.0M) Survivors: 52.0M->50.0M Heap: 5187.5M(6144.0M)->1375.3M(6144.0M)]
 [Times: user=0.26 sys=0.05, real=0.05 secs] 
2025-07-26T07:03:10.574+0800: 500744.409: [GC pause (G1 Evacuation Pause) (young), 0.0461495 secs]
   [Parallel Time: 33.2 ms, GC Workers: 8]
      [GC Worker Start (ms): Min: 500744411.3, Avg: 500744411.3, Max: 500744411.4, Diff: 0.2]
      [Ext Root Scanning (ms): Min: 2.9, Avg: 4.1, Max: 11.0, Diff: 8.2, Sum: 33.1]
      [Update RS (ms): Min: 11.1, Avg: 17.6, Max: 19.1, Diff: 8.0, Sum: 141.1]
         [Processed Buffers: Min: 83, Avg: 121.4, Max: 138, Diff: 55, Sum: 971]
      [Scan RS (ms): Min: 0.9, Avg: 1.4, Max: 1.5, Diff: 0.6, Sum: 10.9]
      [Code Root Scanning (ms): Min: 0.0, Avg: 0.0, Max: 0.0, Diff: 0.0, Sum: 0.1]
      [Object Copy (ms): Min: 9.5, Avg: 9.7, Max: 9.8, Diff: 0.3, Sum: 77.8]
      [Termination (ms): Min: 0.0, Avg: 0.0, Max: 0.0, Diff: 0.0, Sum: 0.0]
         [Termination Attempts: Min: 1, Avg: 1.1, Max: 2, Diff: 1, Sum: 9]
      [GC Worker Other (ms): Min: 0.1, Avg: 0.1, Max: 0.2, Diff: 0.1, Sum: 1.1]
      [GC Worker Total (ms): Min: 32.9, Avg: 33.0, Max: 33.1, Diff: 0.2, Sum: 264.1]
      [GC Worker End (ms): Min: 500744444.3, Avg: 500744444.3, Max: 500744444.4, Diff: 0.1]
   [Code Root Fixup: 0.1 ms]
   [Code Root Purge: 0.0 ms]
   [Clear CT: 0.7 ms]
   [Other: 12.2 ms]
      [Choose CSet: 0.0 ms]
      [Ref Proc: 4.3 ms]
      [Ref Enq: 0.1 ms]
      [Redirty Cards: 0.1 ms]
      [Humongous Register: 1.5 ms]
      [Humongous Reclaim: 0.6 ms]
      [Free CSet: 4.7 ms]
   [Eden: 3636.0M(3636.0M)->0.0B(3652.0M) Survivors: 50.0M->34.0M Heap: 5154.4M(6144.0M)->1343.7M(6144.0M)]
 [Times: user=0.23 sys=0.04, real=0.05 secs] 
2025-07-26T07:06:30.629+0800: 500944.465: [GC pause (G1 Evacuation Pause) (young), 0.0554120 secs]
   [Parallel Time: 45.9 ms, GC Workers: 8]
      [GC Worker Start (ms): Min: 500944466.8, Avg: 500944466.9, Max: 500944467.0, Diff: 0.2]
      [Ext Root Scanning (ms): Min: 3.1, Avg: 3.5, Max: 5.0, Diff: 1.9, Sum: 28.3]
      [Update RS (ms): Min: 28.9, Avg: 30.2, Max: 30.9, Diff: 2.0, Sum: 241.7]
         [Processed Buffers: Min: 152, Avg: 184.0, Max: 210, Diff: 58, Sum: 1472]
      [Scan RS (ms): Min: 1.0, Avg: 1.4, Max: 1.6, Diff: 0.6, Sum: 11.2]
      [Code Root Scanning (ms): Min: 0.0, Avg: 0.0, Max: 0.0, Diff: 0.0, Sum: 0.1]
      [Object Copy (ms): Min: 10.2, Avg: 10.4, Max: 10.5, Diff: 0.3, Sum: 82.9]
      [Termination (ms): Min: 0.0, Avg: 0.0, Max: 0.0, Diff: 0.0, Sum: 0.0]
         [Termination Attempts: Min: 1, Avg: 1.0, Max: 1, Diff: 0, Sum: 8]
      [GC Worker Other (ms): Min: 0.1, Avg: 0.1, Max: 0.2, Diff: 0.1, Sum: 1.0]
      [GC Worker Total (ms): Min: 45.5, Avg: 45.6, Max: 45.7, Diff: 0.2, Sum: 365.0]
      [GC Worker End (ms): Min: 500944512.5, Avg: 500944512.5, Max: 500944512.6, Diff: 0.1]
   [Code Root Fixup: 0.0 ms]
   [Code Root Purge: 0.0 ms]
   [Clear CT: 0.7 ms]
   [Other: 8.9 ms]
      [Choose CSet: 0.0 ms]
      [Ref Proc: 1.3 ms]
      [Ref Enq: 0.1 ms]
      [Redirty Cards: 0.1 ms]
      [Humongous Register: 1.3 ms]
      [Humongous Reclaim: 0.5 ms]
      [Free CSet: 4.7 ms]
   [Eden: 3652.0M(3652.0M)->0.0B(3646.0M) Survivors: 34.0M->40.0M Heap: 5211.8M(6144.0M)->1353.2M(6144.0M)]
 [Times: user=0.31 sys=0.06, real=0.05 secs] 
2025-07-26T07:09:21.342+0800: 501115.178: [GC pause (G1 Evacuation Pause) (young), 0.0409144 secs]
   [Parallel Time: 30.3 ms, GC Workers: 8]
      [GC Worker Start (ms): Min: 501115179.7, Avg: 501115179.7, Max: 501115179.8, Diff: 0.1]
      [Ext Root Scanning (ms): Min: 2.6, Avg: 3.7, Max: 10.2, Diff: 7.6, Sum: 29.5]
      [Update RS (ms): Min: 12.2, Avg: 17.8, Max: 19.0, Diff: 6.8, Sum: 142.3]
         [Processed Buffers: Min: 62, Avg: 119.8, Max: 138, Diff: 76, Sum: 958]
      [Scan RS (ms): Min: 0.8, Avg: 1.4, Max: 1.6, Diff: 0.8, Sum: 11.5]
      [Code Root Scanning (ms): Min: 0.0, Avg: 0.0, Max: 0.0, Diff: 0.0, Sum: 0.1]
      [Object Copy (ms): Min: 6.9, Avg: 7.1, Max: 7.1, Diff: 0.2, Sum: 56.4]
      [Termination (ms): Min: 0.0, Avg: 0.0, Max: 0.0, Diff: 0.0, Sum: 0.0]
         [Termination Attempts: Min: 1, Avg: 1.0, Max: 1, Diff: 0, Sum: 8]
      [GC Worker Other (ms): Min: 0.1, Avg: 0.1, Max: 0.2, Diff: 0.1, Sum: 1.0]
      [GC Worker Total (ms): Min: 30.0, Avg: 30.1, Max: 30.2, Diff: 0.2, Sum: 240.8]
      [GC Worker End (ms): Min: 501115209.8, Avg: 501115209.8, Max: 501115209.9, Diff: 0.1]
   [Code Root Fixup: 0.0 ms]
   [Code Root Purge: 0.0 ms]
   [Clear CT: 0.7 ms]
   [Other: 9.8 ms]
      [Choose CSet: 0.0 ms]
      [Ref Proc: 2.2 ms]
      [Ref Enq: 0.1 ms]
      [Redirty Cards: 0.1 ms]
      [Humongous Register: 1.3 ms]
      [Humongous Reclaim: 0.5 ms]
      [Free CSet: 4.7 ms]
   [Eden: 3646.0M(3646.0M)->0.0B(3646.0M) Survivors: 40.0M->40.0M Heap: 5209.1M(6144.0M)->1349.7M(6144.0M)]
 [Times: user=0.24 sys=0.02, real=0.04 secs] 
2025-07-26T07:10:38.830+0800: 501192.665: [GC pause (G1 Evacuation Pause) (young), 0.0468946 secs]
   [Parallel Time: 36.2 ms, GC Workers: 8]
      [GC Worker Start (ms): Min: 501192666.4, Avg: 501192666.5, Max: 501192666.6, Diff: 0.2]
      [Ext Root Scanning (ms): Min: 2.9, Avg: 4.0, Max: 10.2, Diff: 7.3, Sum: 32.3]
      [Update RS (ms): Min: 13.1, Avg: 18.9, Max: 20.1, Diff: 7.0, Sum: 151.2]
         [Processed Buffers: Min: 97, Avg: 120.2, Max: 147, Diff: 50, Sum: 962]
      [Scan RS (ms): Min: 0.1, Avg: 0.4, Max: 0.5, Diff: 0.4, Sum: 2.9]
      [Code Root Scanning (ms): Min: 0.0, Avg: 0.0, Max: 0.0, Diff: 0.0, Sum: 0.1]
      [Object Copy (ms): Min: 12.3, Avg: 12.5, Max: 12.6, Diff: 0.3, Sum: 100.2]
      [Termination (ms): Min: 0.0, Avg: 0.0, Max: 0.0, Diff: 0.0, Sum: 0.1]
         [Termination Attempts: Min: 1, Avg: 7.5, Max: 10, Diff: 9, Sum: 60]
      [GC Worker Other (ms): Min: 0.1, Avg: 0.1, Max: 0.2, Diff: 0.1, Sum: 1.2]
      [GC Worker Total (ms): Min: 35.9, Avg: 36.0, Max: 36.1, Diff: 0.2, Sum: 287.9]
      [GC Worker End (ms): Min: 501192702.4, Avg: 501192702.5, Max: 501192702.5, Diff: 0.1]
   [Code Root Fixup: 0.0 ms]
   [Code Root Purge: 0.0 ms]
   [Clear CT: 0.7 ms]
   [Other: 10.0 ms]
      [Choose CSet: 0.0 ms]
      [Ref Proc: 3.4 ms]
      [Ref Enq: 0.1 ms]
      [Redirty Cards: 0.1 ms]
      [Humongous Register: 0.5 ms]
      [Humongous Reclaim: 0.3 ms]
      [Free CSet: 4.4 ms]
   [Eden: 3646.0M(3646.0M)->0.0B(3626.0M) Survivors: 40.0M->60.0M Heap: 5087.9M(6144.0M)->1370.7M(6144.0M)]
 [Times: user=0.30 sys=0.00, real=0.04 secs] 
2025-07-26T07:11:20.882+0800: 501234.717: [GC pause (G1 Evacuation Pause) (young), 0.0466919 secs]
   [Parallel Time: 35.1 ms, GC Workers: 8]
      [GC Worker Start (ms): Min: 501234720.3, Avg: 501234720.4, Max: 501234720.5, Diff: 0.1]
      [Ext Root Scanning (ms): Min: 2.8, Avg: 4.1, Max: 11.0, Diff: 8.2, Sum: 32.5]
      [Update RS (ms): Min: 9.0, Avg: 15.8, Max: 17.0, Diff: 8.0, Sum: 126.2]
         [Processed Buffers: Min: 75, Avg: 99.8, Max: 120, Diff: 45, Sum: 798]
      [Scan RS (ms): Min: 0.1, Avg: 0.4, Max: 0.5, Diff: 0.4, Sum: 3.2]
      [Code Root Scanning (ms): Min: 0.0, Avg: 0.0, Max: 0.0, Diff: 0.0, Sum: 0.1]
      [Object Copy (ms): Min: 14.1, Avg: 14.6, Max: 14.9, Diff: 0.8, Sum: 116.4]
      [Termination (ms): Min: 0.0, Avg: 0.0, Max: 0.0, Diff: 0.0, Sum: 0.0]
         [Termination Attempts: Min: 1, Avg: 1.4, Max: 2, Diff: 1, Sum: 11]
      [GC Worker Other (ms): Min: 0.1, Avg: 0.1, Max: 0.2, Diff: 0.2, Sum: 1.2]
      [GC Worker Total (ms): Min: 34.9, Avg: 35.0, Max: 35.0, Diff: 0.2, Sum: 279.6]
      [GC Worker End (ms): Min: 501234755.3, Avg: 501234755.3, Max: 501234755.4, Diff: 0.1]
   [Code Root Fixup: 0.1 ms]
   [Code Root Purge: 0.0 ms]
   [Clear CT: 0.6 ms]
   [Other: 10.8 ms]
      [Choose CSet: 0.0 ms]
      [Ref Proc: 2.6 ms]
      [Ref Enq: 0.2 ms]
      [Redirty Cards: 0.1 ms]
      [Humongous Register: 2.0 ms]
      [Humongous Reclaim: 0.3 ms]
      [Free CSet: 4.3 ms]
   [Eden: 3626.0M(3626.0M)->0.0B(3620.0M) Survivors: 60.0M->66.0M Heap: 5069.4M(6144.0M)->1375.7M(6144.0M)]
 [Times: user=0.24 sys=0.05, real=0.05 secs] 
2025-07-26T07:12:18.399+0800: 501292.235: [GC pause (G1 Evacuation Pause) (young), 0.0387477 secs]
   [Parallel Time: 25.4 ms, GC Workers: 8]
      [GC Worker Start (ms): Min: 501292238.2, Avg: 501292238.3, Max: 501292238.4, Diff: 0.1]
      [Ext Root Scanning (ms): Min: 3.2, Avg: 4.6, Max: 12.4, Diff: 9.2, Sum: 37.2]
      [Update RS (ms): Min: 0.0, Avg: 7.2, Max: 8.4, Diff: 8.4, Sum: 57.5]
         [Processed Buffers: Min: 0, Avg: 50.9, Max: 74, Diff: 74, Sum: 407]
      [Scan RS (ms): Min: 0.1, Avg: 0.4, Max: 0.6, Diff: 0.5, Sum: 3.0]
      [Code Root Scanning (ms): Min: 0.0, Avg: 0.0, Max: 0.0, Diff: 0.0, Sum: 0.1]
      [Object Copy (ms): Min: 12.3, Avg: 12.8, Max: 13.0, Diff: 0.7, Sum: 102.3]
      [Termination (ms): Min: 0.0, Avg: 0.0, Max: 0.0, Diff: 0.0, Sum: 0.0]
         [Termination Attempts: Min: 1, Avg: 1.0, Max: 1, Diff: 0, Sum: 8]
      [GC Worker Other (ms): Min: 0.0, Avg: 0.2, Max: 0.3, Diff: 0.2, Sum: 1.3]
      [GC Worker Total (ms): Min: 25.1, Avg: 25.2, Max: 25.3, Diff: 0.2, Sum: 201.4]
      [GC Worker End (ms): Min: 501292263.4, Avg: 501292263.5, Max: 501292263.6, Diff: 0.1]
   [Code Root Fixup: 0.0 ms]
   [Code Root Purge: 0.0 ms]
   [Clear CT: 0.7 ms]
   [Other: 12.6 ms]
      [Choose CSet: 0.0 ms]
      [Ref Proc: 3.9 ms]
      [Ref Enq: 0.2 ms]
      [Redirty Cards: 0.2 ms]
      [Humongous Register: 2.6 ms]
      [Humongous Reclaim: 0.2 ms]
      [Free CSet: 4.4 ms]
   [Eden: 3620.0M(3620.0M)->0.0B(3628.0M) Survivors: 66.0M->58.0M Heap: 5019.0M(6144.0M)->1367.7M(6144.0M)]
 [Times: user=0.20 sys=0.03, real=0.04 secs] 
2025-07-26T07:14:30.152+0800: 501423.988: [GC pause (G1 Evacuation Pause) (young), 0.0552539 secs]
   [Parallel Time: 45.4 ms, GC Workers: 8]
      [GC Worker Start (ms): Min: 501423989.9, Avg: 501423990.0, Max: 501423990.2, Diff: 0.2]
      [Ext Root Scanning (ms): Min: 2.9, Avg: 5.1, Max: 16.6, Diff: 13.7, Sum: 40.5]
      [Update RS (ms): Min: 16.0, Avg: 27.1, Max: 29.4, Diff: 13.4, Sum: 216.5]
         [Processed Buffers: Min: 62, Avg: 150.5, Max: 185, Diff: 123, Sum: 1204]
      [Scan RS (ms): Min: 1.3, Avg: 1.7, Max: 2.0, Diff: 0.6, Sum: 13.7]
      [Code Root Scanning (ms): Min: 0.0, Avg: 0.0, Max: 0.0, Diff: 0.0, Sum: 0.1]
      [Object Copy (ms): Min: 11.0, Avg: 11.1, Max: 11.4, Diff: 0.5, Sum: 89.1]
      [Termination (ms): Min: 0.0, Avg: 0.0, Max: 0.1, Diff: 0.1, Sum: 0.4]
         [Termination Attempts: Min: 1, Avg: 42.5, Max: 59, Diff: 58, Sum: 340]
      [GC Worker Other (ms): Min: 0.1, Avg: 0.1, Max: 0.2, Diff: 0.1, Sum: 1.0]
      [GC Worker Total (ms): Min: 45.1, Avg: 45.2, Max: 45.3, Diff: 0.2, Sum: 361.3]
      [GC Worker End (ms): Min: 501424035.1, Avg: 501424035.2, Max: 501424035.2, Diff: 0.1]
   [Code Root Fixup: 0.0 ms]
   [Code Root Purge: 0.0 ms]
   [Clear CT: 0.8 ms]
   [Other: 9.0 ms]
      [Choose CSet: 0.0 ms]
      [Ref Proc: 1.4 ms]
      [Ref Enq: 0.1 ms]
      [Redirty Cards: 0.2 ms]
      [Humongous Register: 1.6 ms]
      [Humongous Reclaim: 0.5 ms]
      [Free CSet: 4.4 ms]
   [Eden: 3628.0M(3628.0M)->0.0B(3650.0M) Survivors: 58.0M->36.0M Heap: 5183.8M(6144.0M)->1347.3M(6144.0M)]
 [Times: user=0.30 sys=0.07, real=0.06 secs] 
2025-07-26T07:17:19.690+0800: 501593.526: [GC pause (G1 Evacuation Pause) (young), 0.0534560 secs]
   [Parallel Time: 42.8 ms, GC Workers: 8]
      [GC Worker Start (ms): Min: 501593527.9, Avg: 501593528.1, Max: 501593528.2, Diff: 0.2]
      [Ext Root Scanning (ms): Min: 2.9, Avg: 5.4, Max: 20.6, Diff: 17.7, Sum: 43.1]
      [Update RS (ms): Min: 11.5, Avg: 26.5, Max: 29.2, Diff: 17.8, Sum: 211.8]
         [Processed Buffers: Min: 75, Avg: 159.2, Max: 188, Diff: 113, Sum: 1274]
      [Scan RS (ms): Min: 1.3, Avg: 1.6, Max: 1.8, Diff: 0.6, Sum: 13.2]
      [Code Root Scanning (ms): Min: 0.0, Avg: 0.0, Max: 0.0, Diff: 0.0, Sum: 0.1]
      [Object Copy (ms): Min: 8.7, Avg: 8.9, Max: 9.0, Diff: 0.3, Sum: 70.8]
      [Termination (ms): Min: 0.0, Avg: 0.0, Max: 0.0, Diff: 0.0, Sum: 0.1]
         [Termination Attempts: Min: 1, Avg: 1.5, Max: 2, Diff: 1, Sum: 12]
      [GC Worker Other (ms): Min: 0.1, Avg: 0.1, Max: 0.2, Diff: 0.1, Sum: 0.9]
      [GC Worker Total (ms): Min: 42.4, Avg: 42.5, Max: 42.6, Diff: 0.2, Sum: 340.1]
      [GC Worker End (ms): Min: 501593570.6, Avg: 501593570.6, Max: 501593570.6, Diff: 0.1]
   [Code Root Fixup: 0.0 ms]
   [Code Root Purge: 0.0 ms]
   [Clear CT: 0.8 ms]
   [Other: 9.8 ms]
      [Choose CSet: 0.0 ms]
      [Ref Proc: 2.4 ms]
      [Ref Enq: 0.1 ms]
      [Redirty Cards: 0.1 ms]
      [Humongous Register: 1.5 ms]
      [Humongous Reclaim: 0.5 ms]
      [Free CSet: 4.5 ms]
   [Eden: 3650.0M(3650.0M)->0.0B(3650.0M) Survivors: 36.0M->36.0M Heap: 5194.3M(6144.0M)->1350.9M(6144.0M)]
 [Times: user=0.28 sys=0.07, real=0.05 secs] 
2025-07-26T07:20:09.336+0800: 501763.172: [GC pause (G1 Evacuation Pause) (young), 0.0524120 secs]
   [Parallel Time: 40.8 ms, GC Workers: 8]
      [GC Worker Start (ms): Min: 501763174.1, Avg: 501763174.2, Max: 501763174.3, Diff: 0.1]
      [Ext Root Scanning (ms): Min: 2.7, Avg: 4.7, Max: 16.5, Diff: 13.7, Sum: 37.2]
      [Update RS (ms): Min: 12.2, Avg: 23.7, Max: 25.7, Diff: 13.5, Sum: 189.7]
         [Processed Buffers: Min: 97, Avg: 166.4, Max: 193, Diff: 96, Sum: 1331]
      [Scan RS (ms): Min: 0.8, Avg: 1.1, Max: 1.2, Diff: 0.4, Sum: 8.7]
      [Code Root Scanning (ms): Min: 0.0, Avg: 0.0, Max: 0.0, Diff: 0.0, Sum: 0.1]
      [Object Copy (ms): Min: 10.8, Avg: 10.9, Max: 11.0, Diff: 0.3, Sum: 87.3]
      [Termination (ms): Min: 0.0, Avg: 0.0, Max: 0.0, Diff: 0.0, Sum: 0.3]
         [Termination Attempts: Min: 1, Avg: 38.9, Max: 48, Diff: 47, Sum: 311]
      [GC Worker Other (ms): Min: 0.1, Avg: 0.2, Max: 0.2, Diff: 0.1, Sum: 1.2]
      [GC Worker Total (ms): Min: 40.5, Avg: 40.6, Max: 40.6, Diff: 0.2, Sum: 324.6]
      [GC Worker End (ms): Min: 501763214.7, Avg: 501763214.8, Max: 501763214.8, Diff: 0.1]
   [Code Root Fixup: 0.0 ms]
   [Code Root Purge: 0.0 ms]
   [Clear CT: 0.7 ms]
   [Other: 10.8 ms]
      [Choose CSet: 0.0 ms]
      [Ref Proc: 3.0 ms]
      [Ref Enq: 0.1 ms]
      [Redirty Cards: 0.1 ms]
      [Humongous Register: 1.8 ms]
      [Humongous Reclaim: 0.5 ms]
      [Free CSet: 4.4 ms]
   [Eden: 3650.0M(3650.0M)->0.0B(3630.0M) Survivors: 36.0M->56.0M Heap: 5184.0M(6144.0M)->1367.6M(6144.0M)]
 [Times: user=0.28 sys=0.06, real=0.06 secs] 
2025-07-26T07:21:02.094+0800: 501815.930: [GC pause (G1 Evacuation Pause) (young), 0.0345037 secs]
   [Parallel Time: 22.7 ms, GC Workers: 8]
      [GC Worker Start (ms): Min: 501815933.1, Avg: 501815933.2, Max: 501815933.2, Diff: 0.1]
      [Ext Root Scanning (ms): Min: 3.0, Avg: 4.3, Max: 11.3, Diff: 8.3, Sum: 34.4]
      [Update RS (ms): Min: 3.9, Avg: 10.0, Max: 11.1, Diff: 7.2, Sum: 79.7]
         [Processed Buffers: Min: 17, Avg: 70.9, Max: 90, Diff: 73, Sum: 567]
      [Scan RS (ms): Min: 0.1, Avg: 0.4, Max: 0.5, Diff: 0.4, Sum: 3.1]
      [Code Root Scanning (ms): Min: 0.0, Avg: 0.0, Max: 0.0, Diff: 0.0, Sum: 0.1]
      [Object Copy (ms): Min: 6.9, Avg: 7.5, Max: 7.8, Diff: 0.9, Sum: 60.2]
      [Termination (ms): Min: 0.0, Avg: 0.2, Max: 0.2, Diff: 0.2, Sum: 1.2]
         [Termination Attempts: Min: 1, Avg: 1.1, Max: 2, Diff: 1, Sum: 9]
      [GC Worker Other (ms): Min: 0.0, Avg: 0.1, Max: 0.1, Diff: 0.1, Sum: 0.8]
      [GC Worker Total (ms): Min: 22.3, Avg: 22.4, Max: 22.5, Diff: 0.2, Sum: 179.5]
      [GC Worker End (ms): Min: 501815955.5, Avg: 501815955.6, Max: 501815955.7, Diff: 0.1]
   [Code Root Fixup: 0.0 ms]
   [Code Root Purge: 0.0 ms]
   [Clear CT: 0.6 ms]
   [Other: 11.2 ms]
      [Choose CSet: 0.0 ms]
      [Ref Proc: 2.4 ms]
      [Ref Enq: 0.1 ms]
      [Redirty Cards: 0.1 ms]
      [Humongous Register: 2.5 ms]
      [Humongous Reclaim: 0.3 ms]
      [Free CSet: 4.7 ms]
   [Eden: 3630.0M(3630.0M)->0.0B(258.0M) Survivors: 56.0M->48.0M Heap: 5043.7M(6144.0M)->1359.6M(6144.0M)]
 [Times: user=0.11 sys=0.09, real=0.04 secs] 
2025-07-26T07:21:05.862+0800: 501819.697: [GC pause (G1 Evacuation Pause) (young), 0.0150271 secs]
   [Parallel Time: 12.5 ms, GC Workers: 8]
      [GC Worker Start (ms): Min: 501819697.8, Avg: 501819697.9, Max: 501819698.0, Diff: 0.2]
      [Ext Root Scanning (ms): Min: 2.2, Avg: 2.5, Max: 3.2, Diff: 1.0, Sum: 19.8]
      [Update RS (ms): Min: 1.0, Avg: 1.5, Max: 1.8, Diff: 0.8, Sum: 12.1]
         [Processed Buffers: Min: 4, Avg: 16.9, Max: 31, Diff: 27, Sum: 135]
      [Scan RS (ms): Min: 0.0, Avg: 0.0, Max: 0.0, Diff: 0.0, Sum: 0.2]
      [Code Root Scanning (ms): Min: 0.0, Avg: 0.0, Max: 0.0, Diff: 0.0, Sum: 0.0]
      [Object Copy (ms): Min: 7.0, Avg: 7.5, Max: 8.3, Diff: 1.3, Sum: 59.9]
      [Termination (ms): Min: 0.0, Avg: 0.8, Max: 1.2, Diff: 1.2, Sum: 6.4]
         [Termination Attempts: Min: 1, Avg: 4.4, Max: 9, Diff: 8, Sum: 35]
      [GC Worker Other (ms): Min: 0.0, Avg: 0.0, Max: 0.0, Diff: 0.0, Sum: 0.2]
      [GC Worker Total (ms): Min: 12.2, Avg: 12.3, Max: 12.4, Diff: 0.2, Sum: 98.6]
      [GC Worker End (ms): Min: 501819710.2, Avg: 501819710.2, Max: 501819710.3, Diff: 0.1]
   [Code Root Fixup: 0.0 ms]
   [Code Root Purge: 0.0 ms]
   [Clear CT: 0.1 ms]
   [Other: 2.3 ms]
      [Choose CSet: 0.0 ms]
      [Ref Proc: 0.5 ms]
      [Ref Enq: 0.0 ms]
      [Redirty Cards: 0.1 ms]
      [Humongous Register: 0.4 ms]
      [Humongous Reclaim: 0.1 ms]
      [Free CSet: 0.3 ms]
   [Eden: 258.0M(258.0M)->0.0B(2400.0M) Survivors: 48.0M->24.0M Heap: 1617.6M(6144.0M)->1359.1M(6144.0M)]
 [Times: user=0.10 sys=0.00, real=0.01 secs] 
2025-07-26T07:21:44.365+0800: 501858.201: [GC pause (G1 Evacuation Pause) (young), 0.0209693 secs]
   [Parallel Time: 15.3 ms, GC Workers: 8]
      [GC Worker Start (ms): Min: 501858201.3, Avg: 501858201.3, Max: 501858201.4, Diff: 0.1]
      [Ext Root Scanning (ms): Min: 2.6, Avg: 3.7, Max: 10.6, Diff: 8.0, Sum: 29.8]
      [Update RS (ms): Min: 0.0, Avg: 4.3, Max: 5.1, Diff: 5.1, Sum: 34.7]
         [Processed Buffers: Min: 0, Avg: 29.2, Max: 45, Diff: 45, Sum: 234]
      [Scan RS (ms): Min: 0.1, Avg: 0.2, Max: 0.3, Diff: 0.2, Sum: 2.0]
      [Code Root Scanning (ms): Min: 0.0, Avg: 0.0, Max: 0.0, Diff: 0.0, Sum: 0.0]
      [Object Copy (ms): Min: 3.7, Avg: 6.1, Max: 6.6, Diff: 2.9, Sum: 48.4]
      [Termination (ms): Min: 0.6, Avg: 0.8, Max: 1.0, Diff: 0.4, Sum: 6.1]
         [Termination Attempts: Min: 150, Avg: 208.2, Max: 233, Diff: 83, Sum: 1666]
      [GC Worker Other (ms): Min: 0.0, Avg: 0.0, Max: 0.1, Diff: 0.0, Sum: 0.3]
      [GC Worker Total (ms): Min: 15.1, Avg: 15.2, Max: 15.2, Diff: 0.1, Sum: 121.4]
      [GC Worker End (ms): Min: 501858216.5, Avg: 501858216.5, Max: 501858216.5, Diff: 0.0]
   [Code Root Fixup: 0.1 ms]
   [Code Root Purge: 0.0 ms]
   [Clear CT: 0.5 ms]
   [Other: 5.2 ms]
      [Choose CSet: 0.0 ms]
      [Ref Proc: 2.3 ms]
      [Ref Enq: 0.2 ms]
      [Redirty Cards: 0.2 ms]
      [Humongous Register: 0.3 ms]
      [Humongous Reclaim: 0.1 ms]
      [Free CSet: 1.4 ms]
   [Eden: 2400.0M(2400.0M)->0.0B(3650.0M) Survivors: 24.0M->36.0M Heap: 3759.1M(6144.0M)->1371.1M(6144.0M)]
 [Times: user=0.07 sys=0.06, real=0.02 secs] 
2025-07-26T07:38:50.187+0800: 502884.022: [GC pause (G1 Evacuation Pause) (young), 0.0300617 secs]
   [Parallel Time: 16.2 ms, GC Workers: 8]
      [GC Worker Start (ms): Min: 502884026.0, Avg: 502884026.1, Max: 502884026.2, Diff: 0.2]
      [Ext Root Scanning (ms): Min: 2.7, Avg: 4.0, Max: 11.3, Diff: 8.6, Sum: 31.8]
      [Update RS (ms): Min: 0.0, Avg: 2.9, Max: 3.7, Diff: 3.7, Sum: 23.6]
         [Processed Buffers: Min: 0, Avg: 27.2, Max: 43, Diff: 43, Sum: 218]
      [Scan RS (ms): Min: 0.2, Avg: 0.4, Max: 0.5, Diff: 0.4, Sum: 2.9]
      [Code Root Scanning (ms): Min: 0.0, Avg: 0.0, Max: 0.0, Diff: 0.0, Sum: 0.1]
      [Object Copy (ms): Min: 4.5, Avg: 8.6, Max: 9.2, Diff: 4.7, Sum: 68.6]
      [Termination (ms): Min: 0.0, Avg: 0.0, Max: 0.0, Diff: 0.0, Sum: 0.0]
         [Termination Attempts: Min: 1, Avg: 2.0, Max: 3, Diff: 2, Sum: 16]
      [GC Worker Other (ms): Min: 0.1, Avg: 0.1, Max: 0.2, Diff: 0.1, Sum: 1.2]
      [GC Worker Total (ms): Min: 15.9, Avg: 16.0, Max: 16.1, Diff: 0.2, Sum: 128.2]
      [GC Worker End (ms): Min: 502884042.1, Avg: 502884042.1, Max: 502884042.1, Diff: 0.1]
   [Code Root Fixup: 0.0 ms]
   [Code Root Purge: 0.0 ms]
   [Clear CT: 0.8 ms]
   [Other: 13.0 ms]
      [Choose CSet: 0.0 ms]
      [Ref Proc: 4.6 ms]
      [Ref Enq: 0.2 ms]
      [Redirty Cards: 0.1 ms]
      [Humongous Register: 2.6 ms]
      [Humongous Reclaim: 0.1 ms]
      [Free CSet: 4.2 ms]
   [Eden: 3650.0M(3650.0M)->0.0B(3660.0M) Survivors: 36.0M->26.0M Heap: 5021.1M(6144.0M)->1361.1M(6144.0M)]
 [Times: user=0.04 sys=0.10, real=0.03 secs] 
2025-07-26T07:40:25.614+0800: 502979.449: [GC pause (G1 Evacuation Pause) (young), 0.0354849 secs]
   [Parallel Time: 29.2 ms, GC Workers: 8]
      [GC Worker Start (ms): Min: 502979450.1, Avg: 502979450.1, Max: 502979450.2, Diff: 0.1]
      [Ext Root Scanning (ms): Min: 2.4, Avg: 3.4, Max: 9.4, Diff: 7.0, Sum: 27.4]
      [Update RS (ms): Min: 10.0, Avg: 15.7, Max: 16.7, Diff: 6.7, Sum: 125.9]
         [Processed Buffers: Min: 83, Avg: 112.6, Max: 131, Diff: 48, Sum: 901]
      [Scan RS (ms): Min: 0.5, Avg: 0.7, Max: 0.8, Diff: 0.2, Sum: 5.5]
      [Code Root Scanning (ms): Min: 0.0, Avg: 0.0, Max: 0.0, Diff: 0.0, Sum: 0.1]
      [Object Copy (ms): Min: 8.9, Avg: 9.1, Max: 9.3, Diff: 0.3, Sum: 72.6]
      [Termination (ms): Min: 0.0, Avg: 0.0, Max: 0.0, Diff: 0.0, Sum: 0.1]
         [Termination Attempts: Min: 1, Avg: 12.6, Max: 19, Diff: 18, Sum: 101]
      [GC Worker Other (ms): Min: 0.1, Avg: 0.1, Max: 0.1, Diff: 0.1, Sum: 0.8]
      [GC Worker Total (ms): Min: 29.0, Avg: 29.1, Max: 29.1, Diff: 0.1, Sum: 232.4]
      [GC Worker End (ms): Min: 502979479.1, Avg: 502979479.2, Max: 502979479.2, Diff: 0.1]
   [Code Root Fixup: 0.0 ms]
   [Code Root Purge: 0.0 ms]
   [Clear CT: 0.7 ms]
   [Other: 5.6 ms]
      [Choose CSet: 0.0 ms]
      [Ref Proc: 1.9 ms]
      [Ref Enq: 0.2 ms]
      [Redirty Cards: 0.1 ms]
      [Humongous Register: 0.4 ms]
      [Humongous Reclaim: 0.4 ms]
      [Free CSet: 1.9 ms]
   [Eden: 3660.0M(3660.0M)->0.0B(3636.0M) Survivors: 26.0M->50.0M Heap: 5163.1M(6144.0M)->1385.1M(6144.0M)]
 [Times: user=0.22 sys=0.02, real=0.04 secs] 
2025-07-26T07:41:13.056+0800: 503026.892: [GC pause (G1 Evacuation Pause) (young), 0.0374976 secs]
   [Parallel Time: 26.8 ms, GC Workers: 8]
      [GC Worker Start (ms): Min: 503026894.2, Avg: 503026894.3, Max: 503026894.3, Diff: 0.1]
      [Ext Root Scanning (ms): Min: 3.2, Avg: 4.4, Max: 11.5, Diff: 8.4, Sum: 35.0]
      [Update RS (ms): Min: 3.7, Avg: 10.5, Max: 11.6, Diff: 7.9, Sum: 84.1]
         [Processed Buffers: Min: 40, Avg: 74.1, Max: 96, Diff: 56, Sum: 593]
      [Scan RS (ms): Min: 0.1, Avg: 0.4, Max: 0.5, Diff: 0.4, Sum: 3.4]
      [Code Root Scanning (ms): Min: 0.0, Avg: 0.0, Max: 0.0, Diff: 0.0, Sum: 0.1]
      [Object Copy (ms): Min: 9.9, Avg: 10.4, Max: 11.0, Diff: 1.0, Sum: 83.1]
      [Termination (ms): Min: 0.0, Avg: 0.7, Max: 0.8, Diff: 0.8, Sum: 5.4]
         [Termination Attempts: Min: 1, Avg: 2.2, Max: 4, Diff: 3, Sum: 18]
      [GC Worker Other (ms): Min: 0.1, Avg: 0.1, Max: 0.2, Diff: 0.1, Sum: 1.0]
      [GC Worker Total (ms): Min: 26.4, Avg: 26.5, Max: 26.6, Diff: 0.2, Sum: 212.0]
      [GC Worker End (ms): Min: 503026920.7, Avg: 503026920.8, Max: 503026920.9, Diff: 0.2]
   [Code Root Fixup: 0.0 ms]
   [Code Root Purge: 0.0 ms]
   [Clear CT: 0.5 ms]
   [Other: 10.2 ms]
      [Choose CSet: 0.0 ms]
      [Ref Proc: 2.3 ms]
      [Ref Enq: 0.2 ms]
      [Redirty Cards: 0.1 ms]
      [Humongous Register: 1.9 ms]
      [Humongous Reclaim: 0.2 ms]
      [Free CSet: 4.4 ms]
   [Eden: 3636.0M(3636.0M)->0.0B(3638.0M) Survivors: 50.0M->48.0M Heap: 5071.0M(6144.0M)->1384.1M(6144.0M)]
 [Times: user=0.20 sys=0.02, real=0.04 secs] 
2025-07-26T07:42:08.774+0800: 503082.610: [GC pause (G1 Evacuation Pause) (young), 0.0361584 secs]
   [Parallel Time: 24.6 ms, GC Workers: 8]
      [GC Worker Start (ms): Min: 503082612.8, Avg: 503082612.9, Max: 503082612.9, Diff: 0.2]
      [Ext Root Scanning (ms): Min: 2.8, Avg: 3.5, Max: 5.5, Diff: 2.8, Sum: 27.7]
      [Update RS (ms): Min: 8.2, Avg: 10.0, Max: 10.9, Diff: 2.7, Sum: 79.8]
         [Processed Buffers: Min: 48, Avg: 70.8, Max: 79, Diff: 31, Sum: 566]
      [Scan RS (ms): Min: 0.1, Avg: 0.4, Max: 0.5, Diff: 0.3, Sum: 2.8]
      [Code Root Scanning (ms): Min: 0.0, Avg: 0.0, Max: 0.0, Diff: 0.0, Sum: 0.1]
      [Object Copy (ms): Min: 10.1, Avg: 10.4, Max: 10.7, Diff: 0.6, Sum: 83.4]
      [Termination (ms): Min: 0.0, Avg: 0.0, Max: 0.1, Diff: 0.1, Sum: 0.3]
         [Termination Attempts: Min: 1, Avg: 1.6, Max: 3, Diff: 2, Sum: 13]
      [GC Worker Other (ms): Min: 0.1, Avg: 0.1, Max: 0.2, Diff: 0.1, Sum: 1.0]
      [GC Worker Total (ms): Min: 24.3, Avg: 24.4, Max: 24.5, Diff: 0.2, Sum: 195.1]
      [GC Worker End (ms): Min: 503082637.2, Avg: 503082637.3, Max: 503082637.3, Diff: 0.1]
   [Code Root Fixup: 0.0 ms]
   [Code Root Purge: 0.0 ms]
   [Clear CT: 0.6 ms]
   [Other: 10.9 ms]
      [Choose CSet: 0.0 ms]
      [Ref Proc: 2.3 ms]
      [Ref Enq: 0.2 ms]
      [Redirty Cards: 0.1 ms]
      [Humongous Register: 2.6 ms]
      [Humongous Reclaim: 0.2 ms]
      [Free CSet: 4.5 ms]
   [Eden: 3638.0M(3638.0M)->0.0B(3636.0M) Survivors: 48.0M->50.0M Heap: 5068.2M(6144.0M)->1385.1M(6144.0M)]
 [Times: user=0.20 sys=0.01, real=0.04 secs] 
2025-07-26T07:44:03.861+0800: 503197.697: [GC pause (G1 Evacuation Pause) (young), 0.0397527 secs]
   [Parallel Time: 29.8 ms, GC Workers: 8]
      [GC Worker Start (ms): Min: 503197699.2, Avg: 503197699.3, Max: 503197699.3, Diff: 0.1]
      [Ext Root Scanning (ms): Min: 2.6, Avg: 3.6, Max: 9.9, Diff: 7.3, Sum: 29.0]
      [Update RS (ms): Min: 11.5, Avg: 17.4, Max: 18.3, Diff: 6.9, Sum: 138.8]
         [Processed Buffers: Min: 92, Avg: 123.9, Max: 142, Diff: 50, Sum: 991]
      [Scan RS (ms): Min: 0.3, Avg: 0.7, Max: 0.9, Diff: 0.6, Sum: 5.9]
      [Code Root Scanning (ms): Min: 0.0, Avg: 0.0, Max: 0.0, Diff: 0.0, Sum: 0.1]
      [Object Copy (ms): Min: 7.6, Avg: 7.8, Max: 7.9, Diff: 0.2, Sum: 62.0]
      [Termination (ms): Min: 0.0, Avg: 0.0, Max: 0.0, Diff: 0.0, Sum: 0.1]
         [Termination Attempts: Min: 1, Avg: 17.5, Max: 24, Diff: 23, Sum: 140]
      [GC Worker Other (ms): Min: 0.1, Avg: 0.1, Max: 0.2, Diff: 0.1, Sum: 0.9]
      [GC Worker Total (ms): Min: 29.6, Avg: 29.6, Max: 29.7, Diff: 0.1, Sum: 236.9]
      [GC Worker End (ms): Min: 503197728.8, Avg: 503197728.9, Max: 503197728.9, Diff: 0.1]
   [Code Root Fixup: 0.0 ms]
   [Code Root Purge: 0.0 ms]
   [Clear CT: 0.6 ms]
   [Other: 9.3 ms]
      [Choose CSet: 0.0 ms]
      [Ref Proc: 1.7 ms]
      [Ref Enq: 0.1 ms]
      [Redirty Cards: 0.1 ms]
      [Humongous Register: 1.8 ms]
      [Humongous Reclaim: 0.4 ms]
      [Free CSet: 4.3 ms]
   [Eden: 3636.0M(3636.0M)->0.0B(3650.0M) Survivors: 50.0M->36.0M Heap: 5163.1M(6144.0M)->1371.1M(6144.0M)]
 [Times: user=0.23 sys=0.02, real=0.04 secs] 
2025-07-26T07:46:59.269+0800: 503373.104: [GC pause (G1 Evacuation Pause) (young), 0.0489967 secs]
   [Parallel Time: 39.3 ms, GC Workers: 8]
      [GC Worker Start (ms): Min: 503373106.4, Avg: 503373106.5, Max: 503373106.6, Diff: 0.2]
      [Ext Root Scanning (ms): Min: 2.6, Avg: 3.8, Max: 10.6, Diff: 8.0, Sum: 30.6]
      [Update RS (ms): Min: 20.7, Avg: 26.7, Max: 27.8, Diff: 7.1, Sum: 213.6]
         [Processed Buffers: Min: 98, Avg: 175.8, Max: 206, Diff: 108, Sum: 1406]
      [Scan RS (ms): Min: 0.1, Avg: 0.7, Max: 0.8, Diff: 0.7, Sum: 5.5]
      [Code Root Scanning (ms): Min: 0.0, Avg: 0.0, Max: 0.0, Diff: 0.0, Sum: 0.1]
      [Object Copy (ms): Min: 7.6, Avg: 7.8, Max: 7.9, Diff: 0.2, Sum: 62.1]
      [Termination (ms): Min: 0.0, Avg: 0.0, Max: 0.0, Diff: 0.0, Sum: 0.1]
         [Termination Attempts: Min: 1, Avg: 1.1, Max: 2, Diff: 1, Sum: 9]
      [GC Worker Other (ms): Min: 0.1, Avg: 0.1, Max: 0.2, Diff: 0.1, Sum: 1.0]
      [GC Worker Total (ms): Min: 39.0, Avg: 39.1, Max: 39.2, Diff: 0.2, Sum: 312.9]
      [GC Worker End (ms): Min: 503373145.6, Avg: 503373145.6, Max: 503373145.6, Diff: 0.1]
   [Code Root Fixup: 0.0 ms]
   [Code Root Purge: 0.0 ms]
   [Clear CT: 0.6 ms]
   [Other: 9.1 ms]
      [Choose CSet: 0.0 ms]
      [Ref Proc: 1.2 ms]
      [Ref Enq: 0.1 ms]
      [Redirty Cards: 0.2 ms]
      [Humongous Register: 1.4 ms]
      [Humongous Reclaim: 0.5 ms]
      [Free CSet: 4.7 ms]
   [Eden: 3650.0M(3650.0M)->0.0B(3654.0M) Survivors: 36.0M->32.0M Heap: 5235.7M(6144.0M)->1369.8M(6144.0M)]
 [Times: user=0.27 sys=0.05, real=0.05 secs] 
2025-07-26T07:50:03.110+0800: 503556.945: [GC pause (G1 Evacuation Pause) (young), 0.0485286 secs]
   [Parallel Time: 38.3 ms, GC Workers: 8]
      [GC Worker Start (ms): Min: 503556947.3, Avg: 503556947.4, Max: 503556947.4, Diff: 0.2]
      [Ext Root Scanning (ms): Min: 2.8, Avg: 4.0, Max: 10.4, Diff: 7.6, Sum: 31.7]
      [Update RS (ms): Min: 15.2, Avg: 21.4, Max: 22.7, Diff: 7.5, Sum: 171.0]
         [Processed Buffers: Min: 104, Avg: 144.4, Max: 159, Diff: 55, Sum: 1155]
      [Scan RS (ms): Min: 0.4, Avg: 0.7, Max: 0.9, Diff: 0.5, Sum: 5.5]
      [Code Root Scanning (ms): Min: 0.0, Avg: 0.0, Max: 0.0, Diff: 0.0, Sum: 0.1]
      [Object Copy (ms): Min: 10.5, Avg: 11.0, Max: 11.7, Diff: 1.2, Sum: 87.9]
      [Termination (ms): Min: 0.0, Avg: 0.9, Max: 1.2, Diff: 1.2, Sum: 7.4]
         [Termination Attempts: Min: 1, Avg: 21.9, Max: 28, Diff: 27, Sum: 175]
      [GC Worker Other (ms): Min: 0.1, Avg: 0.1, Max: 0.2, Diff: 0.1, Sum: 0.9]
      [GC Worker Total (ms): Min: 37.8, Avg: 38.1, Max: 38.2, Diff: 0.4, Sum: 304.4]
      [GC Worker End (ms): Min: 503556985.2, Avg: 503556985.4, Max: 503556985.5, Diff: 0.3]
   [Code Root Fixup: 0.0 ms]
   [Code Root Purge: 0.0 ms]
   [Clear CT: 0.7 ms]
   [Other: 9.4 ms]
      [Choose CSet: 0.0 ms]
      [Ref Proc: 1.6 ms]
      [Ref Enq: 0.1 ms]
      [Redirty Cards: 0.1 ms]
      [Humongous Register: 1.3 ms]
      [Humongous Reclaim: 0.6 ms]
      [Free CSet: 4.8 ms]
   [Eden: 3654.0M(3654.0M)->0.0B(3628.0M) Survivors: 32.0M->58.0M Heap: 5235.3M(6144.0M)->1393.1M(6144.0M)]
 [Times: user=0.28 sys=0.04, real=0.05 secs] 
2025-07-26T07:50:50.863+0800: 503604.699: [GC pause (G1 Evacuation Pause) (young), 0.0353315 secs]
   [Parallel Time: 24.5 ms, GC Workers: 8]
      [GC Worker Start (ms): Min: 503604701.7, Avg: 503604701.8, Max: 503604701.8, Diff: 0.1]
      [Ext Root Scanning (ms): Min: 3.1, Avg: 4.2, Max: 11.1, Diff: 8.0, Sum: 33.8]
      [Update RS (ms): Min: 3.4, Avg: 9.5, Max: 10.6, Diff: 7.2, Sum: 75.7]
         [Processed Buffers: Min: 15, Avg: 70.1, Max: 90, Diff: 75, Sum: 561]
      [Scan RS (ms): Min: 0.1, Avg: 0.4, Max: 0.5, Diff: 0.4, Sum: 3.0]
      [Code Root Scanning (ms): Min: 0.0, Avg: 0.0, Max: 0.0, Diff: 0.0, Sum: 0.1]
      [Object Copy (ms): Min: 9.6, Avg: 10.1, Max: 10.3, Diff: 0.6, Sum: 80.6]
      [Termination (ms): Min: 0.0, Avg: 0.1, Max: 0.1, Diff: 0.1, Sum: 0.6]
         [Termination Attempts: Min: 1, Avg: 85.0, Max: 113, Diff: 112, Sum: 680]
      [GC Worker Other (ms): Min: 0.1, Avg: 0.1, Max: 0.2, Diff: 0.2, Sum: 1.2]
      [GC Worker Total (ms): Min: 24.3, Avg: 24.4, Max: 24.5, Diff: 0.2, Sum: 194.9]
      [GC Worker End (ms): Min: 503604726.1, Avg: 503604726.1, Max: 503604726.2, Diff: 0.1]
   [Code Root Fixup: 0.0 ms]
   [Code Root Purge: 0.0 ms]
   [Clear CT: 0.5 ms]
   [Other: 10.2 ms]
      [Choose CSet: 0.0 ms]
      [Ref Proc: 2.0 ms]
      [Ref Enq: 0.2 ms]
      [Redirty Cards: 0.1 ms]
      [Humongous Register: 2.5 ms]
      [Humongous Reclaim: 0.2 ms]
      [Free CSet: 4.2 ms]
   [Eden: 3628.0M(3628.0M)->0.0B(3632.0M) Survivors: 58.0M->54.0M Heap: 5067.2M(6144.0M)->1390.1M(6144.0M)]
 [Times: user=0.20 sys=0.00, real=0.04 secs] 
2025-07-26T07:51:31.682+0800: 503645.518: [GC pause (G1 Evacuation Pause) (young), 0.0448994 secs]
   [Parallel Time: 33.9 ms, GC Workers: 8]
      [GC Worker Start (ms): Min: 503645520.8, Avg: 503645520.8, Max: 503645520.9, Diff: 0.1]
      [Ext Root Scanning (ms): Min: 2.9, Avg: 4.6, Max: 13.4, Diff: 10.5, Sum: 36.5]
      [Update RS (ms): Min: 9.6, Avg: 18.2, Max: 19.6, Diff: 10.0, Sum: 145.6]
         [Processed Buffers: Min: 74, Avg: 119.9, Max: 136, Diff: 62, Sum: 959]
      [Scan RS (ms): Min: 0.1, Avg: 0.4, Max: 0.5, Diff: 0.3, Sum: 3.0]
      [Code Root Scanning (ms): Min: 0.0, Avg: 0.0, Max: 0.0, Diff: 0.0, Sum: 0.1]
      [Object Copy (ms): Min: 9.9, Avg: 10.2, Max: 10.5, Diff: 0.6, Sum: 81.3]
      [Termination (ms): Min: 0.0, Avg: 0.2, Max: 0.3, Diff: 0.3, Sum: 1.9]
         [Termination Attempts: Min: 1, Avg: 22.8, Max: 32, Diff: 31, Sum: 182]
      [GC Worker Other (ms): Min: 0.1, Avg: 0.1, Max: 0.2, Diff: 0.1, Sum: 0.9]
      [GC Worker Total (ms): Min: 33.5, Avg: 33.7, Max: 33.7, Diff: 0.2, Sum: 269.3]
      [GC Worker End (ms): Min: 503645554.4, Avg: 503645554.5, Max: 503645554.6, Diff: 0.1]
   [Code Root Fixup: 0.1 ms]
   [Code Root Purge: 0.0 ms]
   [Clear CT: 0.6 ms]
   [Other: 10.3 ms]
      [Choose CSet: 0.0 ms]
      [Ref Proc: 1.9 ms]
      [Ref Enq: 0.2 ms]
      [Redirty Cards: 0.1 ms]
      [Humongous Register: 2.4 ms]
      [Humongous Reclaim: 0.3 ms]
      [Free CSet: 4.4 ms]
   [Eden: 3632.0M(3632.0M)->0.0B(3632.0M) Survivors: 54.0M->54.0M Heap: 5118.0M(6144.0M)->1390.1M(6144.0M)]
 [Times: user=0.23 sys=0.06, real=0.05 secs] 
2025-07-26T07:52:23.959+0800: 503697.794: [GC pause (G1 Evacuation Pause) (young), 0.0284050 secs]
   [Parallel Time: 21.9 ms, GC Workers: 8]
      [GC Worker Start (ms): Min: 503697795.3, Avg: 503697795.4, Max: 503697795.4, Diff: 0.1]
      [Ext Root Scanning (ms): Min: 2.2, Avg: 3.1, Max: 8.8, Diff: 6.6, Sum: 25.1]
      [Update RS (ms): Min: 3.6, Avg: 9.2, Max: 10.3, Diff: 6.7, Sum: 73.6]
         [Processed Buffers: Min: 43, Avg: 70.0, Max: 84, Diff: 41, Sum: 560]
      [Scan RS (ms): Min: 0.1, Avg: 0.3, Max: 0.4, Diff: 0.3, Sum: 2.8]
      [Code Root Scanning (ms): Min: 0.0, Avg: 0.0, Max: 0.0, Diff: 0.0, Sum: 0.1]
      [Object Copy (ms): Min: 8.8, Avg: 8.9, Max: 9.0, Diff: 0.2, Sum: 71.2]
      [Termination (ms): Min: 0.0, Avg: 0.0, Max: 0.0, Diff: 0.0, Sum: 0.0]
         [Termination Attempts: Min: 1, Avg: 1.0, Max: 1, Diff: 0, Sum: 8]
      [GC Worker Other (ms): Min: 0.0, Avg: 0.1, Max: 0.1, Diff: 0.1, Sum: 0.8]
      [GC Worker Total (ms): Min: 21.6, Avg: 21.7, Max: 21.8, Diff: 0.2, Sum: 173.6]
      [GC Worker End (ms): Min: 503697817.0, Avg: 503697817.1, Max: 503697817.1, Diff: 0.1]
   [Code Root Fixup: 0.1 ms]
   [Code Root Purge: 0.0 ms]
   [Clear CT: 0.6 ms]
   [Other: 5.8 ms]
      [Choose CSet: 0.0 ms]
      [Ref Proc: 2.2 ms]
      [Ref Enq: 0.1 ms]
      [Redirty Cards: 0.1 ms]
      [Humongous Register: 0.6 ms]
      [Humongous Reclaim: 0.2 ms]
      [Free CSet: 1.9 ms]
   [Eden: 3632.0M(3632.0M)->0.0B(258.0M) Survivors: 54.0M->48.0M Heap: 5068.2M(6144.0M)->1383.1M(6144.0M)]
 [Times: user=0.18 sys=0.00, real=0.03 secs] 
2025-07-26T07:52:31.092+0800: 503704.928: [GC pause (G1 Evacuation Pause) (young), 0.0143932 secs]
   [Parallel Time: 12.1 ms, GC Workers: 8]
      [GC Worker Start (ms): Min: 503704928.2, Avg: 503704928.2, Max: 503704928.2, Diff: 0.1]
      [Ext Root Scanning (ms): Min: 2.2, Avg: 2.5, Max: 3.5, Diff: 1.3, Sum: 20.2]
      [Update RS (ms): Min: 0.1, Avg: 1.0, Max: 1.3, Diff: 1.2, Sum: 7.7]
         [Processed Buffers: Min: 2, Avg: 16.9, Max: 42, Diff: 40, Sum: 135]
      [Scan RS (ms): Min: 0.0, Avg: 0.0, Max: 0.0, Diff: 0.0, Sum: 0.2]
      [Code Root Scanning (ms): Min: 0.0, Avg: 0.0, Max: 0.0, Diff: 0.0, Sum: 0.0]
      [Object Copy (ms): Min: 8.2, Avg: 8.4, Max: 8.5, Diff: 0.3, Sum: 67.0]
      [Termination (ms): Min: 0.0, Avg: 0.0, Max: 0.1, Diff: 0.0, Sum: 0.4]
         [Termination Attempts: Min: 1, Avg: 22.8, Max: 29, Diff: 28, Sum: 182]
      [GC Worker Other (ms): Min: 0.0, Avg: 0.0, Max: 0.0, Diff: 0.0, Sum: 0.2]
      [GC Worker Total (ms): Min: 11.9, Avg: 12.0, Max: 12.0, Diff: 0.1, Sum: 95.7]
      [GC Worker End (ms): Min: 503704940.2, Avg: 503704940.2, Max: 503704940.2, Diff: 0.0]
   [Code Root Fixup: 0.0 ms]
   [Code Root Purge: 0.0 ms]
   [Clear CT: 0.1 ms]
   [Other: 2.1 ms]
      [Choose CSet: 0.0 ms]
      [Ref Proc: 0.5 ms]
      [Ref Enq: 0.0 ms]
      [Redirty Cards: 0.1 ms]
      [Humongous Register: 0.3 ms]
      [Humongous Reclaim: 0.1 ms]
      [Free CSet: 0.3 ms]
   [Eden: 258.0M(258.0M)->0.0B(536.0M) Survivors: 48.0M->26.0M Heap: 1641.1M(6144.0M)->1388.0M(6144.0M)]
 [Times: user=0.10 sys=0.00, real=0.01 secs] 
2025-07-26T07:53:05.891+0800: 503739.726: [GC pause (G1 Evacuation Pause) (young), 0.0176509 secs]
   [Parallel Time: 14.1 ms, GC Workers: 8]
      [GC Worker Start (ms): Min: 503739727.4, Avg: 503739727.5, Max: 503739727.5, Diff: 0.1]
      [Ext Root Scanning (ms): Min: 2.8, Avg: 3.2, Max: 4.4, Diff: 1.5, Sum: 25.4]
      [Update RS (ms): Min: 3.1, Avg: 4.2, Max: 4.6, Diff: 1.4, Sum: 33.8]
         [Processed Buffers: Min: 9, Avg: 24.6, Max: 33, Diff: 24, Sum: 197]
      [Scan RS (ms): Min: 0.0, Avg: 0.1, Max: 0.1, Diff: 0.1, Sum: 0.4]
      [Code Root Scanning (ms): Min: 0.0, Avg: 0.0, Max: 0.0, Diff: 0.0, Sum: 0.0]
      [Object Copy (ms): Min: 5.7, Avg: 6.4, Max: 6.6, Diff: 0.9, Sum: 51.0]
      [Termination (ms): Min: 0.0, Avg: 0.0, Max: 0.0, Diff: 0.0, Sum: 0.0]
         [Termination Attempts: Min: 1, Avg: 1.2, Max: 2, Diff: 1, Sum: 10]
      [GC Worker Other (ms): Min: 0.0, Avg: 0.1, Max: 0.1, Diff: 0.1, Sum: 0.8]
      [GC Worker Total (ms): Min: 13.9, Avg: 13.9, Max: 14.0, Diff: 0.1, Sum: 111.4]
      [GC Worker End (ms): Min: 503739741.4, Avg: 503739741.4, Max: 503739741.4, Diff: 0.0]
   [Code Root Fixup: 0.0 ms]
   [Code Root Purge: 0.0 ms]
   [Clear CT: 0.2 ms]
   [Other: 3.3 ms]
      [Choose CSet: 0.0 ms]
      [Ref Proc: 0.5 ms]
      [Ref Enq: 0.0 ms]
      [Redirty Cards: 0.1 ms]
      [Humongous Register: 0.6 ms]
      [Humongous Reclaim: 0.1 ms]
      [Free CSet: 0.9 ms]
   [Eden: 536.0M(536.0M)->0.0B(3422.0M) Survivors: 26.0M->24.0M Heap: 1925.7M(6144.0M)->1387.7M(6144.0M)]
 [Times: user=0.07 sys=0.05, real=0.02 secs] 
2025-07-26T07:55:24.571+0800: 503878.406: [GC pause (G1 Evacuation Pause) (young), 0.0443898 secs]
   [Parallel Time: 36.1 ms, GC Workers: 8]
      [GC Worker Start (ms): Min: 503878408.4, Avg: 503878408.5, Max: 503878408.6, Diff: 0.2]
      [Ext Root Scanning (ms): Min: 2.2, Avg: 3.4, Max: 10.3, Diff: 8.1, Sum: 27.0]
      [Update RS (ms): Min: 18.1, Avg: 24.7, Max: 25.9, Diff: 7.8, Sum: 197.8]
         [Processed Buffers: Min: 119, Avg: 156.9, Max: 172, Diff: 53, Sum: 1255]
      [Scan RS (ms): Min: 0.3, Avg: 0.5, Max: 0.6, Diff: 0.3, Sum: 3.8]
      [Code Root Scanning (ms): Min: 0.0, Avg: 0.0, Max: 0.0, Diff: 0.0, Sum: 0.1]
      [Object Copy (ms): Min: 7.0, Avg: 7.1, Max: 7.3, Diff: 0.3, Sum: 57.2]
      [Termination (ms): Min: 0.0, Avg: 0.0, Max: 0.0, Diff: 0.0, Sum: 0.1]
         [Termination Attempts: Min: 2, Avg: 4.5, Max: 7, Diff: 5, Sum: 36]
      [GC Worker Other (ms): Min: 0.0, Avg: 0.1, Max: 0.1, Diff: 0.1, Sum: 0.7]
      [GC Worker Total (ms): Min: 35.7, Avg: 35.8, Max: 36.0, Diff: 0.2, Sum: 286.7]
      [GC Worker End (ms): Min: 503878444.3, Avg: 503878444.3, Max: 503878444.4, Diff: 0.1]
   [Code Root Fixup: 0.0 ms]
   [Code Root Purge: 0.0 ms]
   [Clear CT: 0.7 ms]
   [Other: 7.6 ms]
      [Choose CSet: 0.0 ms]
      [Ref Proc: 1.0 ms]
      [Ref Enq: 0.0 ms]
      [Redirty Cards: 0.1 ms]
      [Humongous Register: 1.5 ms]
      [Humongous Reclaim: 0.5 ms]
      [Free CSet: 3.7 ms]
   [Eden: 3422.0M(3422.0M)->0.0B(3654.0M) Survivors: 24.0M->32.0M Heap: 5045.8M(6144.0M)->1407.3M(6144.0M)]
 [Times: user=0.28 sys=0.02, real=0.04 secs] 
2025-07-26T08:14:16.328+0800: 505010.164: [GC pause (G1 Evacuation Pause) (young), 0.0435964 secs]
   [Parallel Time: 30.1 ms, GC Workers: 8]
      [GC Worker Start (ms): Min: 505010167.3, Avg: 505010167.4, Max: 505010167.5, Diff: 0.1]
      [Ext Root Scanning (ms): Min: 3.1, Avg: 4.3, Max: 11.0, Diff: 7.9, Sum: 34.1]
      [Update RS (ms): Min: 12.4, Avg: 19.0, Max: 20.5, Diff: 8.1, Sum: 151.7]
         [Processed Buffers: Min: 88, Avg: 120.2, Max: 131, Diff: 43, Sum: 962]
      [Scan RS (ms): Min: 0.1, Avg: 0.5, Max: 0.7, Diff: 0.5, Sum: 4.1]
      [Code Root Scanning (ms): Min: 0.0, Avg: 0.0, Max: 0.0, Diff: 0.0, Sum: 0.1]
      [Object Copy (ms): Min: 5.9, Avg: 6.0, Max: 6.1, Diff: 0.2, Sum: 48.3]
      [Termination (ms): Min: 0.0, Avg: 0.0, Max: 0.0, Diff: 0.0, Sum: 0.0]
         [Termination Attempts: Min: 1, Avg: 1.5, Max: 2, Diff: 1, Sum: 12]
      [GC Worker Other (ms): Min: 0.1, Avg: 0.1, Max: 0.2, Diff: 0.1, Sum: 1.0]
      [GC Worker Total (ms): Min: 29.8, Avg: 29.9, Max: 30.0, Diff: 0.2, Sum: 239.2]
      [GC Worker End (ms): Min: 505010197.2, Avg: 505010197.3, Max: 505010197.3, Diff: 0.1]
   [Code Root Fixup: 0.0 ms]
   [Code Root Purge: 0.0 ms]
   [Clear CT: 0.7 ms]
   [Other: 12.8 ms]
      [Choose CSet: 0.0 ms]
      [Ref Proc: 4.0 ms]
      [Ref Enq: 0.1 ms]
      [Redirty Cards: 0.1 ms]
      [Humongous Register: 2.6 ms]
      [Humongous Reclaim: 0.5 ms]
      [Free CSet: 4.4 ms]
   [Eden: 3654.0M(3654.0M)->0.0B(3666.0M) Survivors: 32.0M->20.0M Heap: 5203.4M(6144.0M)->1382.0M(6144.0M)]
 [Times: user=0.22 sys=0.03, real=0.04 secs] 
2025-07-26T08:16:59.496+0800: 505173.332: [GC pause (G1 Evacuation Pause) (young), 0.0357753 secs]
   [Parallel Time: 26.1 ms, GC Workers: 8]
      [GC Worker Start (ms): Min: 505173333.7, Avg: 505173333.8, Max: 505173333.9, Diff: 0.2]
      [Ext Root Scanning (ms): Min: 3.7, Avg: 4.9, Max: 11.5, Diff: 7.8, Sum: 39.1]
      [Update RS (ms): Min: 10.8, Avg: 17.2, Max: 18.6, Diff: 7.9, Sum: 137.7]
         [Processed Buffers: Min: 90, Avg: 112.5, Max: 129, Diff: 39, Sum: 900]
      [Scan RS (ms): Min: 0.2, Avg: 0.6, Max: 0.7, Diff: 0.6, Sum: 4.7]
      [Code Root Scanning (ms): Min: 0.0, Avg: 0.0, Max: 0.0, Diff: 0.0, Sum: 0.1]
      [Object Copy (ms): Min: 2.9, Avg: 3.1, Max: 3.2, Diff: 0.3, Sum: 24.6]
      [Termination (ms): Min: 0.0, Avg: 0.0, Max: 0.0, Diff: 0.0, Sum: 0.0]
         [Termination Attempts: Min: 1, Avg: 2.6, Max: 6, Diff: 5, Sum: 21]
      [GC Worker Other (ms): Min: 0.1, Avg: 0.1, Max: 0.3, Diff: 0.2, Sum: 1.2]
      [GC Worker Total (ms): Min: 25.9, Avg: 25.9, Max: 26.0, Diff: 0.2, Sum: 207.4]
      [GC Worker End (ms): Min: 505173359.7, Avg: 505173359.7, Max: 505173359.7, Diff: 0.1]
   [Code Root Fixup: 0.0 ms]
   [Code Root Purge: 0.0 ms]
   [Clear CT: 0.7 ms]
   [Other: 8.9 ms]
      [Choose CSet: 0.0 ms]
      [Ref Proc: 1.1 ms]
      [Ref Enq: 0.1 ms]
      [Redirty Cards: 0.1 ms]
      [Humongous Register: 1.4 ms]
      [Humongous Reclaim: 0.7 ms]
      [Free CSet: 4.6 ms]
   [Eden: 3666.0M(3666.0M)->0.0B(3666.0M) Survivors: 20.0M->20.0M Heap: 5286.0M(6144.0M)->1381.0M(6144.0M)]
 [Times: user=0.21 sys=0.00, real=0.04 secs] 
2025-07-26T08:20:03.795+0800: 505357.631: [GC pause (G1 Evacuation Pause) (young), 0.0478895 secs]
   [Parallel Time: 36.5 ms, GC Workers: 8]
      [GC Worker Start (ms): Min: 505357634.1, Avg: 505357634.2, Max: 505357634.3, Diff: 0.1]
      [Ext Root Scanning (ms): Min: 3.0, Avg: 4.1, Max: 10.6, Diff: 7.6, Sum: 33.0]
      [Update RS (ms): Min: 16.6, Avg: 23.0, Max: 24.4, Diff: 7.7, Sum: 183.6]
         [Processed Buffers: Min: 130, Avg: 150.4, Max: 172, Diff: 42, Sum: 1203]
      [Scan RS (ms): Min: 0.1, Avg: 0.5, Max: 0.7, Diff: 0.6, Sum: 4.3]
      [Code Root Scanning (ms): Min: 0.0, Avg: 0.0, Max: 0.0, Diff: 0.0, Sum: 0.1]
      [Object Copy (ms): Min: 8.3, Avg: 8.5, Max: 8.7, Diff: 0.3, Sum: 68.3]
      [Termination (ms): Min: 0.0, Avg: 0.0, Max: 0.0, Diff: 0.0, Sum: 0.1]
         [Termination Attempts: Min: 1, Avg: 7.8, Max: 15, Diff: 14, Sum: 62]
      [GC Worker Other (ms): Min: 0.1, Avg: 0.2, Max: 0.2, Diff: 0.1, Sum: 1.2]
      [GC Worker Total (ms): Min: 36.2, Avg: 36.3, Max: 36.4, Diff: 0.2, Sum: 290.6]
      [GC Worker End (ms): Min: 505357670.5, Avg: 505357670.5, Max: 505357670.6, Diff: 0.1]
   [Code Root Fixup: 0.0 ms]
   [Code Root Purge: 0.0 ms]
   [Clear CT: 0.7 ms]
   [Other: 10.6 ms]
      [Choose CSet: 0.0 ms]
      [Ref Proc: 1.8 ms]
      [Ref Enq: 0.2 ms]
      [Redirty Cards: 0.1 ms]
      [Humongous Register: 2.6 ms]
      [Humongous Reclaim: 0.6 ms]
      [Free CSet: 4.4 ms]
   [Eden: 3666.0M(3666.0M)->0.0B(3642.0M) Survivors: 20.0M->44.0M Heap: 5235.1M(6144.0M)->1406.0M(6144.0M)]
 [Times: user=0.26 sys=0.04, real=0.05 secs] 
2025-07-26T08:20:58.343+0800: 505412.178: [GC pause (G1 Evacuation Pause) (young), 0.0306280 secs]
   [Parallel Time: 24.4 ms, GC Workers: 8]
      [GC Worker Start (ms): Min: 505412179.2, Avg: 505412179.3, Max: 505412179.3, Diff: 0.1]
      [Ext Root Scanning (ms): Min: 2.3, Avg: 3.2, Max: 8.8, Diff: 6.5, Sum: 25.8]
      [Update RS (ms): Min: 3.4, Avg: 8.8, Max: 9.8, Diff: 6.4, Sum: 70.3]
         [Processed Buffers: Min: 41, Avg: 69.6, Max: 86, Diff: 45, Sum: 557]
      [Scan RS (ms): Min: 0.2, Avg: 0.4, Max: 0.5, Diff: 0.3, Sum: 3.0]
      [Code Root Scanning (ms): Min: 0.0, Avg: 0.0, Max: 0.0, Diff: 0.0, Sum: 0.1]
      [Object Copy (ms): Min: 11.6, Avg: 11.8, Max: 11.9, Diff: 0.2, Sum: 94.6]
      [Termination (ms): Min: 0.0, Avg: 0.0, Max: 0.0, Diff: 0.0, Sum: 0.0]
         [Termination Attempts: Min: 1, Avg: 1.0, Max: 1, Diff: 0, Sum: 8]
      [GC Worker Other (ms): Min: 0.0, Avg: 0.1, Max: 0.1, Diff: 0.1, Sum: 0.6]
      [GC Worker Total (ms): Min: 24.2, Avg: 24.3, Max: 24.3, Diff: 0.1, Sum: 194.4]
      [GC Worker End (ms): Min: 505412203.5, Avg: 505412203.6, Max: 505412203.6, Diff: 0.1]
   [Code Root Fixup: 0.0 ms]
   [Code Root Purge: 0.0 ms]
   [Clear CT: 0.6 ms]
   [Other: 5.6 ms]
      [Choose CSet: 0.0 ms]
      [Ref Proc: 2.0 ms]
      [Ref Enq: 0.1 ms]
      [Redirty Cards: 0.2 ms]
      [Humongous Register: 0.5 ms]
      [Humongous Reclaim: 0.1 ms]
      [Free CSet: 1.9 ms]
   [Eden: 3642.0M(3642.0M)->0.0B(1650.0M) Survivors: 44.0M->48.0M Heap: 5094.1M(6144.0M)->1410.0M(6144.0M)]
 [Times: user=0.19 sys=0.01, real=0.03 secs] 
2025-07-26T08:21:16.366+0800: 505430.201: [GC pause (G1 Evacuation Pause) (young), 0.0314862 secs]
   [Parallel Time: 22.7 ms, GC Workers: 8]
      [GC Worker Start (ms): Min: 505430205.9, Avg: 505430206.0, Max: 505430206.1, Diff: 0.1]
      [Ext Root Scanning (ms): Min: 2.9, Avg: 3.4, Max: 5.6, Diff: 2.6, Sum: 27.4]
      [Update RS (ms): Min: 8.3, Avg: 10.3, Max: 10.7, Diff: 2.5, Sum: 82.1]
         [Processed Buffers: Min: 51, Avg: 71.4, Max: 91, Diff: 40, Sum: 571]
      [Scan RS (ms): Min: 0.1, Avg: 0.2, Max: 0.2, Diff: 0.2, Sum: 1.4]
      [Code Root Scanning (ms): Min: 0.0, Avg: 0.0, Max: 0.0, Diff: 0.0, Sum: 0.0]
      [Object Copy (ms): Min: 8.0, Avg: 8.5, Max: 8.7, Diff: 0.7, Sum: 68.4]
      [Termination (ms): Min: 0.0, Avg: 0.0, Max: 0.0, Diff: 0.0, Sum: 0.0]
         [Termination Attempts: Min: 1, Avg: 1.0, Max: 1, Diff: 0, Sum: 8]
      [GC Worker Other (ms): Min: 0.1, Avg: 0.1, Max: 0.2, Diff: 0.1, Sum: 1.1]
      [GC Worker Total (ms): Min: 22.5, Avg: 22.5, Max: 22.6, Diff: 0.1, Sum: 180.3]
      [GC Worker End (ms): Min: 505430228.5, Avg: 505430228.5, Max: 505430228.6, Diff: 0.1]
   [Code Root Fixup: 0.0 ms]
   [Code Root Purge: 0.0 ms]
   [Clear CT: 0.3 ms]
   [Other: 8.4 ms]
      [Choose CSet: 0.0 ms]
      [Ref Proc: 1.0 ms]
      [Ref Enq: 0.1 ms]
      [Redirty Cards: 0.1 ms]
      [Humongous Register: 3.8 ms]
      [Humongous Reclaim: 0.2 ms]
      [Free CSet: 2.1 ms]
   [Eden: 1650.0M(1650.0M)->0.0B(1168.0M) Survivors: 48.0M->54.0M Heap: 3109.9M(6144.0M)->1415.0M(6144.0M)]
 [Times: user=0.19 sys=0.00, real=0.04 secs] 
2025-07-26T08:21:30.500+0800: 505444.336: [GC pause (G1 Evacuation Pause) (young), 0.0210790 secs]
   [Parallel Time: 16.7 ms, GC Workers: 8]
      [GC Worker Start (ms): Min: 505444336.3, Avg: 505444336.4, Max: 505444336.4, Diff: 0.1]
      [Ext Root Scanning (ms): Min: 2.1, Avg: 2.5, Max: 3.4, Diff: 1.3, Sum: 19.9]
      [Update RS (ms): Min: 8.3, Avg: 9.1, Max: 9.4, Diff: 1.2, Sum: 72.6]
         [Processed Buffers: Min: 50, Avg: 67.1, Max: 87, Diff: 37, Sum: 537]
      [Scan RS (ms): Min: 0.0, Avg: 0.1, Max: 0.2, Diff: 0.1, Sum: 0.9]
      [Code Root Scanning (ms): Min: 0.0, Avg: 0.0, Max: 0.0, Diff: 0.0, Sum: 0.0]
      [Object Copy (ms): Min: 4.7, Avg: 4.8, Max: 5.0, Diff: 0.3, Sum: 38.7]
      [Termination (ms): Min: 0.0, Avg: 0.0, Max: 0.0, Diff: 0.0, Sum: 0.0]
         [Termination Attempts: Min: 1, Avg: 1.0, Max: 1, Diff: 0, Sum: 8]
      [GC Worker Other (ms): Min: 0.0, Avg: 0.1, Max: 0.1, Diff: 0.1, Sum: 0.5]
      [GC Worker Total (ms): Min: 16.5, Avg: 16.6, Max: 16.7, Diff: 0.2, Sum: 132.7]
      [GC Worker End (ms): Min: 505444352.9, Avg: 505444353.0, Max: 505444353.0, Diff: 0.1]
   [Code Root Fixup: 0.0 ms]
   [Code Root Purge: 0.0 ms]
   [Clear CT: 1.0 ms]
   [Other: 3.3 ms]
      [Choose CSet: 0.0 ms]
      [Ref Proc: 0.7 ms]
      [Ref Enq: 0.1 ms]
      [Redirty Cards: 0.1 ms]
      [Humongous Register: 0.5 ms]
      [Humongous Reclaim: 0.2 ms]
      [Free CSet: 0.8 ms]
   [Eden: 1168.0M(1168.0M)->0.0B(364.0M) Survivors: 54.0M->48.0M Heap: 2629.1M(6144.0M)->1409.0M(6144.0M)]
 [Times: user=0.09 sys=0.05, real=0.02 secs] 
2025-07-26T08:21:37.694+0800: 505451.530: [GC pause (G1 Evacuation Pause) (young), 0.0108168 secs]
   [Parallel Time: 8.5 ms, GC Workers: 8]
      [GC Worker Start (ms): Min: 505451530.7, Avg: 505451530.7, Max: 505451530.8, Diff: 0.1]
      [Ext Root Scanning (ms): Min: 2.2, Avg: 2.5, Max: 3.3, Diff: 1.1, Sum: 19.9]
      [Update RS (ms): Min: 0.1, Avg: 0.8, Max: 1.1, Diff: 1.0, Sum: 6.3]
         [Processed Buffers: Min: 1, Avg: 17.0, Max: 37, Diff: 36, Sum: 136]
      [Scan RS (ms): Min: 0.0, Avg: 0.0, Max: 0.1, Diff: 0.0, Sum: 0.3]
      [Code Root Scanning (ms): Min: 0.0, Avg: 0.0, Max: 0.0, Diff: 0.0, Sum: 0.0]
      [Object Copy (ms): Min: 4.8, Avg: 5.0, Max: 5.1, Diff: 0.3, Sum: 39.7]
      [Termination (ms): Min: 0.0, Avg: 0.0, Max: 0.0, Diff: 0.0, Sum: 0.0]
         [Termination Attempts: Min: 1, Avg: 1.1, Max: 2, Diff: 1, Sum: 9]
      [GC Worker Other (ms): Min: 0.0, Avg: 0.0, Max: 0.0, Diff: 0.0, Sum: 0.2]
      [GC Worker Total (ms): Min: 8.3, Avg: 8.3, Max: 8.3, Diff: 0.1, Sum: 66.4]
      [GC Worker End (ms): Min: 505451539.0, Avg: 505451539.0, Max: 505451539.1, Diff: 0.0]
   [Code Root Fixup: 0.0 ms]
   [Code Root Purge: 0.0 ms]
   [Clear CT: 0.1 ms]
   [Other: 2.2 ms]
      [Choose CSet: 0.0 ms]
      [Ref Proc: 0.5 ms]
      [Ref Enq: 0.0 ms]
      [Redirty Cards: 0.1 ms]
      [Humongous Register: 0.3 ms]
      [Humongous Reclaim: 0.1 ms]
      [Free CSet: 0.3 ms]
   [Eden: 364.0M(364.0M)->0.0B(3656.0M) Survivors: 48.0M->30.0M Heap: 1773.0M(6144.0M)->1405.2M(6144.0M)]
 [Times: user=0.04 sys=0.02, real=0.01 secs] 
2025-07-26T08:22:34.664+0800: 505508.499: [GC pause (G1 Evacuation Pause) (young), 0.0347850 secs]
   [Parallel Time: 24.1 ms, GC Workers: 8]
      [GC Worker Start (ms): Min: 505508502.0, Avg: 505508502.1, Max: 505508502.1, Diff: 0.1]
      [Ext Root Scanning (ms): Min: 2.9, Avg: 4.2, Max: 11.6, Diff: 8.7, Sum: 33.3]
      [Update RS (ms): Min: 3.8, Avg: 11.1, Max: 12.7, Diff: 8.9, Sum: 88.7]
         [Processed Buffers: Min: 45, Avg: 73.5, Max: 94, Diff: 49, Sum: 588]
      [Scan RS (ms): Min: 0.1, Avg: 0.4, Max: 0.5, Diff: 0.4, Sum: 3.2]
      [Code Root Scanning (ms): Min: 0.0, Avg: 0.0, Max: 0.0, Diff: 0.0, Sum: 0.1]
      [Object Copy (ms): Min: 7.8, Avg: 8.0, Max: 8.2, Diff: 0.5, Sum: 64.1]
      [Termination (ms): Min: 0.0, Avg: 0.1, Max: 0.1, Diff: 0.1, Sum: 0.7]
         [Termination Attempts: Min: 1, Avg: 1.0, Max: 1, Diff: 0, Sum: 8]
      [GC Worker Other (ms): Min: 0.1, Avg: 0.1, Max: 0.2, Diff: 0.1, Sum: 0.9]
      [GC Worker Total (ms): Min: 23.7, Avg: 23.9, Max: 23.9, Diff: 0.2, Sum: 190.9]
      [GC Worker End (ms): Min: 505508525.9, Avg: 505508525.9, Max: 505508526.0, Diff: 0.1]
   [Code Root Fixup: 0.0 ms]
   [Code Root Purge: 0.0 ms]
   [Clear CT: 0.5 ms]
   [Other: 10.1 ms]
      [Choose CSet: 0.0 ms]
      [Ref Proc: 2.2 ms]
      [Ref Enq: 0.2 ms]
      [Redirty Cards: 0.1 ms]
      [Humongous Register: 2.0 ms]
      [Humongous Reclaim: 0.2 ms]
      [Free CSet: 4.4 ms]
   [Eden: 3656.0M(3656.0M)->0.0B(3652.0M) Survivors: 30.0M->34.0M Heap: 5107.3M(6144.0M)->1408.2M(6144.0M)]
 [Times: user=0.18 sys=0.02, real=0.04 secs] 
2025-07-26T08:24:59.261+0800: 505653.097: [GC pause (G1 Evacuation Pause) (young), 0.0425097 secs]
   [Parallel Time: 32.8 ms, GC Workers: 8]
      [GC Worker Start (ms): Min: 505653099.1, Avg: 505653099.2, Max: 505653099.2, Diff: 0.1]
      [Ext Root Scanning (ms): Min: 2.6, Avg: 3.8, Max: 10.3, Diff: 7.7, Sum: 30.1]
      [Update RS (ms): Min: 10.2, Avg: 16.6, Max: 18.1, Diff: 7.9, Sum: 133.2]
         [Processed Buffers: Min: 79, Avg: 118.0, Max: 137, Diff: 58, Sum: 944]
      [Scan RS (ms): Min: 0.1, Avg: 0.6, Max: 0.8, Diff: 0.6, Sum: 5.0]
      [Code Root Scanning (ms): Min: 0.0, Avg: 0.0, Max: 0.0, Diff: 0.0, Sum: 0.1]
      [Object Copy (ms): Min: 11.2, Avg: 11.4, Max: 11.4, Diff: 0.3, Sum: 90.9]
      [Termination (ms): Min: 0.0, Avg: 0.0, Max: 0.1, Diff: 0.1, Sum: 0.4]
         [Termination Attempts: Min: 6, Avg: 16.5, Max: 21, Diff: 15, Sum: 132]
      [GC Worker Other (ms): Min: 0.0, Avg: 0.1, Max: 0.2, Diff: 0.1, Sum: 0.9]
      [GC Worker Total (ms): Min: 32.5, Avg: 32.6, Max: 32.7, Diff: 0.2, Sum: 260.6]
      [GC Worker End (ms): Min: 505653131.7, Avg: 505653131.7, Max: 505653131.8, Diff: 0.1]
   [Code Root Fixup: 0.0 ms]
   [Code Root Purge: 0.0 ms]
   [Clear CT: 0.7 ms]
   [Other: 8.9 ms]
      [Choose CSet: 0.0 ms]
      [Ref Proc: 1.3 ms]
      [Ref Enq: 0.1 ms]
      [Redirty Cards: 0.1 ms]
      [Humongous Register: 1.4 ms]
      [Humongous Reclaim: 0.5 ms]
      [Free CSet: 4.5 ms]
   [Eden: 3652.0M(3652.0M)->0.0B(3644.0M) Survivors: 34.0M->42.0M Heap: 5252.1M(6144.0M)->1416.2M(6144.0M)]
 [Times: user=0.24 sys=0.04, real=0.04 secs] 
2025-07-26T08:28:20.056+0800: 505853.891: [GC pause (G1 Evacuation Pause) (young), 0.0512721 secs]
   [Parallel Time: 41.2 ms, GC Workers: 8]
      [GC Worker Start (ms): Min: 505853893.4, Avg: 505853893.4, Max: 505853893.5, Diff: 0.2]
      [Ext Root Scanning (ms): Min: 2.7, Avg: 4.0, Max: 10.9, Diff: 8.2, Sum: 31.8]
      [Update RS (ms): Min: 19.6, Avg: 26.2, Max: 27.9, Diff: 8.3, Sum: 209.7]
         [Processed Buffers: Min: 137, Avg: 166.8, Max: 186, Diff: 49, Sum: 1334]
      [Scan RS (ms): Min: 0.2, Avg: 0.5, Max: 0.7, Diff: 0.5, Sum: 4.3]
      [Code Root Scanning (ms): Min: 0.0, Avg: 0.0, Max: 0.0, Diff: 0.0, Sum: 0.1]
      [Object Copy (ms): Min: 9.9, Avg: 10.1, Max: 10.2, Diff: 0.3, Sum: 80.8]
      [Termination (ms): Min: 0.0, Avg: 0.0, Max: 0.0, Diff: 0.0, Sum: 0.0]
         [Termination Attempts: Min: 1, Avg: 1.0, Max: 1, Diff: 0, Sum: 8]
      [GC Worker Other (ms): Min: 0.1, Avg: 0.1, Max: 0.2, Diff: 0.1, Sum: 1.1]
      [GC Worker Total (ms): Min: 40.9, Avg: 41.0, Max: 41.1, Diff: 0.2, Sum: 327.7]
      [GC Worker End (ms): Min: 505853934.4, Avg: 505853934.4, Max: 505853934.5, Diff: 0.1]
   [Code Root Fixup: 0.0 ms]
   [Code Root Purge: 0.0 ms]
   [Clear CT: 0.7 ms]
   [Other: 9.3 ms]
      [Choose CSet: 0.0 ms]
      [Ref Proc: 1.5 ms]
      [Ref Enq: 0.1 ms]
      [Redirty Cards: 0.1 ms]
      [Humongous Register: 1.4 ms]
      [Humongous Reclaim: 0.6 ms]
      [Free CSet: 4.6 ms]
   [Eden: 3644.0M(3644.0M)->0.0B(3646.0M) Survivors: 42.0M->40.0M Heap: 5271.2M(6144.0M)->1414.2M(6144.0M)]
 [Times: user=0.29 sys=0.05, real=0.06 secs] 
2025-07-26T08:30:05.078+0800: 505958.913: [GC pause (G1 Evacuation Pause) (young), 0.1845109 secs]
   [Parallel Time: 174.2 ms, GC Workers: 8]
      [GC Worker Start (ms): Min: 505958915.5, Avg: 505958915.6, Max: 505958915.7, Diff: 0.2]
      [Ext Root Scanning (ms): Min: 2.6, Avg: 3.1, Max: 5.0, Diff: 2.4, Sum: 24.5]
      [Update RS (ms): Min: 34.6, Avg: 36.5, Max: 37.3, Diff: 2.7, Sum: 291.7]
         [Processed Buffers: Min: 131, Avg: 153.1, Max: 194, Diff: 63, Sum: 1225]
      [Scan RS (ms): Min: 0.1, Avg: 0.4, Max: 0.6, Diff: 0.4, Sum: 3.0]
      [Code Root Scanning (ms): Min: 0.0, Avg: 0.0, Max: 0.0, Diff: 0.0, Sum: 0.1]
      [Object Copy (ms): Min: 133.0, Avg: 133.3, Max: 133.6, Diff: 0.6, Sum: 1066.1]
      [Termination (ms): Min: 0.0, Avg: 0.7, Max: 1.0, Diff: 0.9, Sum: 5.6]
         [Termination Attempts: Min: 1, Avg: 590.2, Max: 803, Diff: 802, Sum: 4722]
      [GC Worker Other (ms): Min: 0.0, Avg: 0.1, Max: 0.2, Diff: 0.1, Sum: 0.8]
      [GC Worker Total (ms): Min: 173.8, Avg: 174.0, Max: 174.1, Diff: 0.2, Sum: 1391.7]
      [GC Worker End (ms): Min: 505959089.6, Avg: 505959089.6, Max: 505959089.6, Diff: 0.1]
   [Code Root Fixup: 0.0 ms]
   [Code Root Purge: 0.0 ms]
   [Clear CT: 0.7 ms]
   [Other: 9.6 ms]
      [Choose CSet: 0.0 ms]
      [Ref Proc: 1.5 ms]
      [Ref Enq: 0.1 ms]
      [Redirty Cards: 0.1 ms]
      [Humongous Register: 1.7 ms]
      [Humongous Reclaim: 0.6 ms]
      [Free CSet: 4.6 ms]
   [Eden: 3646.0M(3646.0M)->0.0B(1152.0M) Survivors: 40.0M->344.0M Heap: 5187.3M(6144.0M)->1726.1M(6144.0M)]
 [Times: user=1.28 sys=0.11, real=0.18 secs] 
2025-07-26T08:30:07.736+0800: 505961.571: [GC pause (G1 Evacuation Pause) (young), 0.2297642 secs]
   [Parallel Time: 225.5 ms, GC Workers: 8]
      [GC Worker Start (ms): Min: 505961571.9, Avg: 505961572.0, Max: 505961572.0, Diff: 0.1]
      [Ext Root Scanning (ms): Min: 2.2, Avg: 2.5, Max: 3.1, Diff: 0.9, Sum: 20.0]
      [Update RS (ms): Min: 24.6, Avg: 25.5, Max: 26.5, Diff: 2.0, Sum: 204.3]
         [Processed Buffers: Min: 12, Avg: 28.0, Max: 67, Diff: 55, Sum: 224]
      [Scan RS (ms): Min: 0.0, Avg: 0.1, Max: 0.3, Diff: 0.2, Sum: 1.0]
      [Code Root Scanning (ms): Min: 0.0, Avg: 0.0, Max: 0.0, Diff: 0.0, Sum: 0.0]
      [Object Copy (ms): Min: 195.9, Avg: 196.7, Max: 197.5, Diff: 1.6, Sum: 1573.8]
      [Termination (ms): Min: 0.0, Avg: 0.4, Max: 0.5, Diff: 0.5, Sum: 3.4]
         [Termination Attempts: Min: 1, Avg: 470.4, Max: 567, Diff: 566, Sum: 3763]
      [GC Worker Other (ms): Min: 0.0, Avg: 0.1, Max: 0.1, Diff: 0.1, Sum: 0.4]
      [GC Worker Total (ms): Min: 225.3, Avg: 225.4, Max: 225.4, Diff: 0.1, Sum: 1803.0]
      [GC Worker End (ms): Min: 505961797.3, Avg: 505961797.4, Max: 505961797.4, Diff: 0.1]
   [Code Root Fixup: 0.0 ms]
   [Code Root Purge: 0.0 ms]
   [Clear CT: 0.4 ms]
   [Other: 3.8 ms]
      [Choose CSet: 0.0 ms]
      [Ref Proc: 0.5 ms]
      [Ref Enq: 0.0 ms]
      [Redirty Cards: 0.9 ms]
      [Humongous Register: 0.3 ms]
      [Humongous Reclaim: 0.1 ms]
      [Free CSet: 1.1 ms]
   [Eden: 1152.0M(1152.0M)->0.0B(160.0M) Survivors: 344.0M->146.0M Heap: 2883.3M(6144.0M)->1851.4M(6144.0M)]
 [Times: user=1.77 sys=0.02, real=0.23 secs] 
2025-07-26T08:30:09.995+0800: 505963.830: [GC pause (G1 Evacuation Pause) (young), 0.0823727 secs]
   [Parallel Time: 79.6 ms, GC Workers: 8]
      [GC Worker Start (ms): Min: 505963831.0, Avg: 505963831.1, Max: 505963831.1, Diff: 0.1]
      [Ext Root Scanning (ms): Min: 2.2, Avg: 2.5, Max: 3.2, Diff: 1.1, Sum: 19.7]
      [Update RS (ms): Min: 23.9, Avg: 24.7, Max: 25.0, Diff: 1.1, Sum: 197.8]
         [Processed Buffers: Min: 63, Avg: 86.6, Max: 98, Diff: 35, Sum: 693]
      [Scan RS (ms): Min: 1.5, Avg: 1.6, Max: 1.6, Diff: 0.2, Sum: 12.7]
      [Code Root Scanning (ms): Min: 0.0, Avg: 0.0, Max: 0.0, Diff: 0.0, Sum: 0.0]
      [Object Copy (ms): Min: 50.3, Avg: 50.4, Max: 50.6, Diff: 0.3, Sum: 403.5]
      [Termination (ms): Min: 0.0, Avg: 0.1, Max: 0.1, Diff: 0.1, Sum: 1.0]
         [Termination Attempts: Min: 1, Avg: 92.8, Max: 113, Diff: 112, Sum: 742]
      [GC Worker Other (ms): Min: 0.0, Avg: 0.0, Max: 0.1, Diff: 0.1, Sum: 0.4]
      [GC Worker Total (ms): Min: 79.3, Avg: 79.4, Max: 79.5, Diff: 0.2, Sum: 635.0]
      [GC Worker End (ms): Min: 505963910.4, Avg: 505963910.4, Max: 505963910.5, Diff: 0.1]
   [Code Root Fixup: 0.0 ms]
   [Code Root Purge: 0.0 ms]
   [Clear CT: 0.2 ms]
   [Other: 2.6 ms]
      [Choose CSet: 0.0 ms]
      [Ref Proc: 0.4 ms]
      [Ref Enq: 0.0 ms]
      [Redirty Cards: 0.4 ms]
      [Humongous Register: 0.4 ms]
      [Humongous Reclaim: 0.1 ms]
      [Free CSet: 0.3 ms]
   [Eden: 160.0M(160.0M)->0.0B(892.0M) Survivors: 146.0M->24.0M Heap: 2011.4M(6144.0M)->1860.1M(6144.0M)]
 [Times: user=0.56 sys=0.08, real=0.09 secs] 
2025-07-26T08:30:20.508+0800: 505974.344: [GC pause (G1 Evacuation Pause) (young), 0.0416850 secs]
   [Parallel Time: 38.4 ms, GC Workers: 8]
      [GC Worker Start (ms): Min: 505974344.9, Avg: 505974345.0, Max: 505974345.0, Diff: 0.1]
      [Ext Root Scanning (ms): Min: 2.3, Avg: 2.8, Max: 5.3, Diff: 3.0, Sum: 22.4]
      [Update RS (ms): Min: 21.3, Avg: 23.6, Max: 24.5, Diff: 3.2, Sum: 188.8]
         [Processed Buffers: Min: 68, Avg: 107.8, Max: 131, Diff: 63, Sum: 862]
      [Scan RS (ms): Min: 0.0, Avg: 0.1, Max: 0.1, Diff: 0.1, Sum: 0.7]
      [Code Root Scanning (ms): Min: 0.0, Avg: 0.0, Max: 0.0, Diff: 0.0, Sum: 0.0]
      [Object Copy (ms): Min: 11.3, Avg: 11.6, Max: 11.8, Diff: 0.5, Sum: 93.2]
      [Termination (ms): Min: 0.0, Avg: 0.0, Max: 0.0, Diff: 0.0, Sum: 0.0]
         [Termination Attempts: Min: 1, Avg: 1.6, Max: 2, Diff: 1, Sum: 13]
      [GC Worker Other (ms): Min: 0.0, Avg: 0.1, Max: 0.1, Diff: 0.1, Sum: 0.5]
      [GC Worker Total (ms): Min: 38.1, Avg: 38.2, Max: 38.3, Diff: 0.1, Sum: 305.5]
      [GC Worker End (ms): Min: 505974383.1, Avg: 505974383.2, Max: 505974383.2, Diff: 0.1]
   [Code Root Fixup: 0.0 ms]
   [Code Root Purge: 0.0 ms]
   [Clear CT: 0.2 ms]
   [Other: 3.0 ms]
      [Choose CSet: 0.0 ms]
      [Ref Proc: 0.6 ms]
      [Ref Enq: 0.0 ms]
      [Redirty Cards: 0.1 ms]
      [Humongous Register: 0.4 ms]
      [Humongous Reclaim: 0.2 ms]
      [Free CSet: 0.6 ms]
   [Eden: 892.0M(892.0M)->0.0B(1130.0M) Survivors: 24.0M->48.0M Heap: 2775.0M(6144.0M)->1884.1M(6144.0M)]
 [Times: user=0.27 sys=0.03, real=0.04 secs] 
2025-07-26T08:30:35.915+0800: 505989.750: [GC pause (G1 Evacuation Pause) (young), 0.0171432 secs]
   [Parallel Time: 13.5 ms, GC Workers: 8]
      [GC Worker Start (ms): Min: 505989750.8, Avg: 505989750.9, Max: 505989750.9, Diff: 0.1]
      [Ext Root Scanning (ms): Min: 2.8, Avg: 4.4, Max: 13.3, Diff: 10.5, Sum: 34.9]
      [Update RS (ms): Min: 0.0, Avg: 5.0, Max: 6.0, Diff: 6.0, Sum: 39.8]
         [Processed Buffers: Min: 0, Avg: 44.2, Max: 61, Diff: 61, Sum: 354]
      [Scan RS (ms): Min: 0.0, Avg: 0.1, Max: 0.1, Diff: 0.1, Sum: 0.9]
      [Code Root Scanning (ms): Min: 0.0, Avg: 0.0, Max: 0.0, Diff: 0.0, Sum: 0.0]
      [Object Copy (ms): Min: 0.0, Avg: 3.1, Max: 3.6, Diff: 3.6, Sum: 24.4]
      [Termination (ms): Min: 0.0, Avg: 0.8, Max: 1.0, Diff: 1.0, Sum: 6.6]
         [Termination Attempts: Min: 1, Avg: 1.0, Max: 1, Diff: 0, Sum: 8]
      [GC Worker Other (ms): Min: 0.0, Avg: 0.0, Max: 0.0, Diff: 0.0, Sum: 0.1]
      [GC Worker Total (ms): Min: 13.3, Avg: 13.3, Max: 13.4, Diff: 0.1, Sum: 106.7]
      [GC Worker End (ms): Min: 505989764.2, Avg: 505989764.2, Max: 505989764.3, Diff: 0.1]
   [Code Root Fixup: 0.1 ms]
   [Code Root Purge: 0.0 ms]
   [Clear CT: 0.3 ms]
   [Other: 3.3 ms]
      [Choose CSet: 0.0 ms]
      [Ref Proc: 1.1 ms]
      [Ref Enq: 0.1 ms]
      [Redirty Cards: 0.1 ms]
      [Humongous Register: 0.3 ms]
      [Humongous Reclaim: 0.1 ms]
      [Free CSet: 0.7 ms]
   [Eden: 1130.0M(1130.0M)->0.0B(1280.0M) Survivors: 48.0M->26.0M Heap: 3037.4M(6144.0M)->1862.1M(6144.0M)]
 [Times: user=0.06 sys=0.05, real=0.02 secs] 
2025-07-26T08:31:02.924+0800: 506016.760: [GC pause (G1 Evacuation Pause) (young), 0.0189710 secs]
   [Parallel Time: 10.2 ms, GC Workers: 8]
      [GC Worker Start (ms): Min: 506016764.4, Avg: 506016764.5, Max: 506016764.6, Diff: 0.2]
      [Ext Root Scanning (ms): Min: 2.7, Avg: 3.1, Max: 4.4, Diff: 1.7, Sum: 24.6]
      [Update RS (ms): Min: 0.9, Avg: 2.2, Max: 2.7, Diff: 1.8, Sum: 17.5]
         [Processed Buffers: Min: 2, Avg: 21.6, Max: 34, Diff: 32, Sum: 173]
      [Scan RS (ms): Min: 0.0, Avg: 0.1, Max: 0.3, Diff: 0.2, Sum: 1.0]
      [Code Root Scanning (ms): Min: 0.0, Avg: 0.0, Max: 0.0, Diff: 0.0, Sum: 0.0]
      [Object Copy (ms): Min: 4.0, Avg: 4.3, Max: 4.5, Diff: 0.5, Sum: 34.4]
      [Termination (ms): Min: 0.0, Avg: 0.1, Max: 0.2, Diff: 0.2, Sum: 0.8]
         [Termination Attempts: Min: 1, Avg: 1.0, Max: 1, Diff: 0, Sum: 8]
      [GC Worker Other (ms): Min: 0.0, Avg: 0.1, Max: 0.1, Diff: 0.1, Sum: 0.7]
      [GC Worker Total (ms): Min: 9.8, Avg: 9.9, Max: 9.9, Diff: 0.1, Sum: 79.0]
      [GC Worker End (ms): Min: 506016774.3, Avg: 506016774.4, Max: 506016774.4, Diff: 0.1]
   [Code Root Fixup: 0.0 ms]
   [Code Root Purge: 0.0 ms]
   [Clear CT: 0.3 ms]
   [Other: 8.5 ms]
      [Choose CSet: 0.0 ms]
      [Ref Proc: 1.1 ms]
      [Ref Enq: 0.1 ms]
      [Redirty Cards: 0.1 ms]
      [Humongous Register: 4.2 ms]
      [Humongous Reclaim: 0.1 ms]
      [Free CSet: 1.9 ms]
   [Eden: 1280.0M(1280.0M)->0.0B(2422.0M) Survivors: 26.0M->26.0M Heap: 3142.1M(6144.0M)->1862.1M(6144.0M)]
 [Times: user=0.03 sys=0.06, real=0.02 secs] 
2025-07-26T08:31:42.915+0800: 506056.751: [GC pause (G1 Evacuation Pause) (young), 0.0244844 secs]
   [Parallel Time: 14.3 ms, GC Workers: 8]
      [GC Worker Start (ms): Min: 506056755.2, Avg: 506056755.3, Max: 506056755.4, Diff: 0.2]
      [Ext Root Scanning (ms): Min: 3.3, Avg: 4.6, Max: 11.8, Diff: 8.4, Sum: 36.7]
      [Update RS (ms): Min: 0.0, Avg: 2.9, Max: 4.1, Diff: 4.1, Sum: 23.5]
         [Processed Buffers: Min: 0, Avg: 22.1, Max: 39, Diff: 39, Sum: 177]
      [Scan RS (ms): Min: 0.1, Avg: 0.3, Max: 0.4, Diff: 0.3, Sum: 2.0]
      [Code Root Scanning (ms): Min: 0.0, Avg: 0.0, Max: 0.0, Diff: 0.0, Sum: 0.0]
      [Object Copy (ms): Min: 2.1, Avg: 6.1, Max: 6.8, Diff: 4.7, Sum: 49.1]
      [Termination (ms): Min: 0.0, Avg: 0.0, Max: 0.0, Diff: 0.0, Sum: 0.0]
         [Termination Attempts: Min: 1, Avg: 1.0, Max: 1, Diff: 0, Sum: 8]
      [GC Worker Other (ms): Min: 0.1, Avg: 0.1, Max: 0.2, Diff: 0.1, Sum: 1.1]
      [GC Worker Total (ms): Min: 13.9, Avg: 14.1, Max: 14.2, Diff: 0.3, Sum: 112.4]
      [GC Worker End (ms): Min: 506056769.3, Avg: 506056769.3, Max: 506056769.4, Diff: 0.1]
   [Code Root Fixup: 0.1 ms]
   [Code Root Purge: 0.0 ms]
   [Clear CT: 0.5 ms]
   [Other: 9.7 ms]
      [Choose CSet: 0.0 ms]
      [Ref Proc: 1.6 ms]
      [Ref Enq: 0.2 ms]
      [Redirty Cards: 0.1 ms]
      [Humongous Register: 3.7 ms]
      [Humongous Reclaim: 0.1 ms]
      [Free CSet: 2.9 ms]
   [Eden: 2422.0M(2422.0M)->0.0B(3148.0M) Survivors: 26.0M->34.0M Heap: 4284.1M(6144.0M)->1871.1M(6144.0M)]
 [Times: user=0.04 sys=0.09, real=0.03 secs] 
2025-07-26T08:39:20.560+0800: 506514.396: [GC pause (G1 Evacuation Pause) (young), 0.0305058 secs]
   [Parallel Time: 18.5 ms, GC Workers: 8]
      [GC Worker Start (ms): Min: 506514399.6, Avg: 506514399.8, Max: 506514399.9, Diff: 0.2]
      [Ext Root Scanning (ms): Min: 2.8, Avg: 4.2, Max: 11.5, Diff: 8.7, Sum: 33.3]
      [Update RS (ms): Min: 0.0, Avg: 5.5, Max: 6.5, Diff: 6.5, Sum: 43.7]
         [Processed Buffers: Min: 0, Avg: 29.0, Max: 45, Diff: 45, Sum: 232]
      [Scan RS (ms): Min: 0.1, Avg: 0.3, Max: 0.5, Diff: 0.4, Sum: 2.5]
      [Code Root Scanning (ms): Min: 0.0, Avg: 0.0, Max: 0.0, Diff: 0.0, Sum: 0.1]
      [Object Copy (ms): Min: 6.7, Avg: 8.2, Max: 8.4, Diff: 1.7, Sum: 65.4]
      [Termination (ms): Min: 0.0, Avg: 0.0, Max: 0.0, Diff: 0.0, Sum: 0.0]
         [Termination Attempts: Min: 1, Avg: 1.0, Max: 1, Diff: 0, Sum: 8]
      [GC Worker Other (ms): Min: 0.0, Avg: 0.2, Max: 0.3, Diff: 0.2, Sum: 1.3]
      [GC Worker Total (ms): Min: 18.1, Avg: 18.3, Max: 18.4, Diff: 0.3, Sum: 146.3]
      [GC Worker End (ms): Min: 506514418.0, Avg: 506514418.0, Max: 506514418.1, Diff: 0.1]
   [Code Root Fixup: 0.0 ms]
   [Code Root Purge: 0.0 ms]
   [Clear CT: 0.7 ms]
   [Other: 11.2 ms]
      [Choose CSet: 0.0 ms]
      [Ref Proc: 2.8 ms]
      [Ref Enq: 0.2 ms]
      [Redirty Cards: 0.1 ms]
      [Humongous Register: 2.9 ms]
      [Humongous Reclaim: 0.1 ms]
      [Free CSet: 3.7 ms]
   [Eden: 3148.0M(3148.0M)->0.0B(3178.0M) Survivors: 34.0M->24.0M Heap: 5019.1M(6144.0M)->1860.1M(6144.0M)]
 [Times: user=0.16 sys=0.00, real=0.03 secs] 
2025-07-26T08:50:30.196+0800: 507184.031: [GC pause (G1 Evacuation Pause) (young), 0.0421157 secs]
   [Parallel Time: 31.4 ms, GC Workers: 8]
      [GC Worker Start (ms): Min: 507184033.3, Avg: 507184033.4, Max: 507184033.5, Diff: 0.2]
      [Ext Root Scanning (ms): Min: 3.2, Avg: 4.7, Max: 13.7, Diff: 10.5, Sum: 37.8]
      [Update RS (ms): Min: 3.4, Avg: 12.3, Max: 14.6, Diff: 11.3, Sum: 98.6]
         [Processed Buffers: Min: 44, Avg: 77.5, Max: 111, Diff: 67, Sum: 620]
      [Scan RS (ms): Min: 0.1, Avg: 0.3, Max: 0.4, Diff: 0.3, Sum: 2.4]
      [Code Root Scanning (ms): Min: 0.0, Avg: 0.0, Max: 0.0, Diff: 0.0, Sum: 0.1]
      [Object Copy (ms): Min: 12.8, Avg: 13.5, Max: 13.7, Diff: 0.9, Sum: 108.2]
      [Termination (ms): Min: 0.0, Avg: 0.0, Max: 0.0, Diff: 0.0, Sum: 0.0]
         [Termination Attempts: Min: 1, Avg: 1.5, Max: 3, Diff: 2, Sum: 12]
      [GC Worker Other (ms): Min: 0.1, Avg: 0.2, Max: 0.2, Diff: 0.1, Sum: 1.3]
      [GC Worker Total (ms): Min: 30.9, Avg: 31.0, Max: 31.1, Diff: 0.1, Sum: 248.3]
      [GC Worker End (ms): Min: 507184064.4, Avg: 507184064.4, Max: 507184064.5, Diff: 0.1]
   [Code Root Fixup: 0.1 ms]
   [Code Root Purge: 0.0 ms]
   [Clear CT: 0.5 ms]
   [Other: 10.2 ms]
      [Choose CSet: 0.0 ms]
      [Ref Proc: 3.5 ms]
      [Ref Enq: 0.2 ms]
      [Redirty Cards: 0.1 ms]
      [Humongous Register: 1.5 ms]
      [Humongous Reclaim: 0.2 ms]
      [Free CSet: 3.7 ms]
   [Eden: 3178.0M(3178.0M)->0.0B(1128.0M) Survivors: 24.0M->50.0M Heap: 5084.2M(6144.0M)->1886.1M(6144.0M)]
 [Times: user=0.21 sys=0.05, real=0.05 secs] 
2025-07-26T08:50:47.963+0800: 507201.798: [GC pause (G1 Evacuation Pause) (young), 0.0196626 secs]
   [Parallel Time: 16.0 ms, GC Workers: 8]
      [GC Worker Start (ms): Min: 507201799.0, Avg: 507201799.0, Max: 507201799.1, Diff: 0.1]
      [Ext Root Scanning (ms): Min: 2.1, Avg: 2.4, Max: 3.1, Diff: 1.0, Sum: 19.0]
      [Update RS (ms): Min: 2.4, Avg: 2.8, Max: 3.1, Diff: 0.7, Sum: 22.8]
         [Processed Buffers: Min: 8, Avg: 26.1, Max: 40, Diff: 32, Sum: 209]
      [Scan RS (ms): Min: 0.0, Avg: 0.1, Max: 0.2, Diff: 0.1, Sum: 0.9]
      [Code Root Scanning (ms): Min: 0.0, Avg: 0.0, Max: 0.0, Diff: 0.0, Sum: 0.0]
      [Object Copy (ms): Min: 10.3, Avg: 10.5, Max: 10.6, Diff: 0.3, Sum: 84.1]
      [Termination (ms): Min: 0.0, Avg: 0.0, Max: 0.0, Diff: 0.0, Sum: 0.0]
         [Termination Attempts: Min: 1, Avg: 1.4, Max: 3, Diff: 2, Sum: 11]
      [GC Worker Other (ms): Min: 0.0, Avg: 0.0, Max: 0.1, Diff: 0.1, Sum: 0.4]
      [GC Worker Total (ms): Min: 15.8, Avg: 15.9, Max: 16.0, Diff: 0.1, Sum: 127.2]
      [GC Worker End (ms): Min: 507201814.9, Avg: 507201814.9, Max: 507201814.9, Diff: 0.1]
   [Code Root Fixup: 0.0 ms]
   [Code Root Purge: 0.0 ms]
   [Clear CT: 0.3 ms]
   [Other: 3.3 ms]
      [Choose CSet: 0.0 ms]
      [Ref Proc: 0.9 ms]
      [Ref Enq: 0.2 ms]
      [Redirty Cards: 0.2 ms]
      [Humongous Register: 0.3 ms]
      [Humongous Reclaim: 0.1 ms]
      [Free CSet: 0.8 ms]
   [Eden: 1128.0M(1128.0M)->0.0B(2220.0M) Survivors: 50.0M->52.0M Heap: 3014.1M(6144.0M)->1888.1M(6144.0M)]
 [Times: user=0.13 sys=0.00, real=0.02 secs] 
2025-07-26T08:51:11.685+0800: 507225.521: [GC pause (G1 Evacuation Pause) (young), 0.0314011 secs]
   [Parallel Time: 27.0 ms, GC Workers: 8]
      [GC Worker Start (ms): Min: 507225521.3, Avg: 507225521.3, Max: 507225521.4, Diff: 0.1]
      [Ext Root Scanning (ms): Min: 2.2, Avg: 3.5, Max: 9.9, Diff: 7.7, Sum: 28.0]
      [Update RS (ms): Min: 5.0, Avg: 11.0, Max: 12.0, Diff: 7.0, Sum: 87.8]
         [Processed Buffers: Min: 52, Avg: 77.2, Max: 96, Diff: 44, Sum: 618]
      [Scan RS (ms): Min: 0.1, Avg: 0.2, Max: 0.3, Diff: 0.2, Sum: 1.9]
      [Code Root Scanning (ms): Min: 0.0, Avg: 0.0, Max: 0.0, Diff: 0.0, Sum: 0.0]
      [Object Copy (ms): Min: 11.9, Avg: 12.1, Max: 12.3, Diff: 0.4, Sum: 97.0]
      [Termination (ms): Min: 0.0, Avg: 0.0, Max: 0.0, Diff: 0.0, Sum: 0.1]
         [Termination Attempts: Min: 1, Avg: 12.4, Max: 19, Diff: 18, Sum: 99]
      [GC Worker Other (ms): Min: 0.0, Avg: 0.1, Max: 0.1, Diff: 0.1, Sum: 0.5]
      [GC Worker Total (ms): Min: 26.8, Avg: 26.9, Max: 27.0, Diff: 0.1, Sum: 215.3]
      [GC Worker End (ms): Min: 507225548.2, Avg: 507225548.2, Max: 507225548.3, Diff: 0.1]
   [Code Root Fixup: 0.0 ms]
   [Code Root Purge: 0.0 ms]
   [Clear CT: 0.3 ms]
   [Other: 4.0 ms]
      [Choose CSet: 0.0 ms]
      [Ref Proc: 1.3 ms]
      [Ref Enq: 0.2 ms]
      [Redirty Cards: 0.1 ms]
      [Humongous Register: 0.3 ms]
      [Humongous Reclaim: 0.2 ms]
      [Free CSet: 1.2 ms]
   [Eden: 2220.0M(2220.0M)->0.0B(1334.0M) Survivors: 52.0M->54.0M Heap: 4158.1M(6144.0M)->1891.1M(6144.0M)]
 [Times: user=0.12 sys=0.10, real=0.03 secs] 
2025-07-26T08:51:24.703+0800: 507238.539: [GC pause (G1 Evacuation Pause) (young), 0.0306072 secs]
   [Parallel Time: 23.6 ms, GC Workers: 8]
      [GC Worker Start (ms): Min: 507238541.7, Avg: 507238541.8, Max: 507238541.9, Diff: 0.2]
      [Ext Root Scanning (ms): Min: 2.8, Avg: 3.3, Max: 5.0, Diff: 2.2, Sum: 26.2]
      [Update RS (ms): Min: 10.5, Avg: 11.9, Max: 12.9, Diff: 2.4, Sum: 95.4]
         [Processed Buffers: Min: 54, Avg: 71.8, Max: 96, Diff: 42, Sum: 574]
      [Scan RS (ms): Min: 0.0, Avg: 0.1, Max: 0.2, Diff: 0.2, Sum: 1.1]
      [Code Root Scanning (ms): Min: 0.0, Avg: 0.0, Max: 0.0, Diff: 0.0, Sum: 0.0]
      [Object Copy (ms): Min: 7.4, Avg: 7.9, Max: 8.2, Diff: 0.8, Sum: 63.3]
      [Termination (ms): Min: 0.0, Avg: 0.0, Max: 0.0, Diff: 0.0, Sum: 0.3]
         [Termination Attempts: Min: 1, Avg: 33.4, Max: 44, Diff: 43, Sum: 267]
      [GC Worker Other (ms): Min: 0.0, Avg: 0.1, Max: 0.2, Diff: 0.1, Sum: 0.8]
      [GC Worker Total (ms): Min: 23.3, Avg: 23.4, Max: 23.5, Diff: 0.2, Sum: 187.1]
      [GC Worker End (ms): Min: 507238565.2, Avg: 507238565.2, Max: 507238565.2, Diff: 0.1]
   [Code Root Fixup: 0.0 ms]
   [Code Root Purge: 0.0 ms]
   [Clear CT: 0.3 ms]
   [Other: 6.7 ms]
      [Choose CSet: 0.0 ms]
      [Ref Proc: 0.9 ms]
      [Ref Enq: 0.1 ms]
      [Redirty Cards: 0.1 ms]
      [Humongous Register: 2.6 ms]
      [Humongous Reclaim: 0.2 ms]
      [Free CSet: 1.9 ms]
   [Eden: 1334.0M(1334.0M)->0.0B(258.0M) Survivors: 54.0M->48.0M Heap: 3271.2M(6144.0M)->1884.1M(6144.0M)]
 [Times: user=0.19 sys=0.00, real=0.03 secs] 
2025-07-26T08:51:29.798+0800: 507243.634: [GC pause (G1 Evacuation Pause) (young), 0.0167203 secs]
   [Parallel Time: 14.3 ms, GC Workers: 8]
      [GC Worker Start (ms): Min: 507243634.3, Avg: 507243634.4, Max: 507243634.4, Diff: 0.1]
      [Ext Root Scanning (ms): Min: 2.2, Avg: 2.5, Max: 3.3, Diff: 1.1, Sum: 20.4]
      [Update RS (ms): Min: 1.7, Avg: 2.5, Max: 2.8, Diff: 1.1, Sum: 19.8]
         [Processed Buffers: Min: 5, Avg: 21.0, Max: 46, Diff: 41, Sum: 168]
      [Scan RS (ms): Min: 0.0, Avg: 0.0, Max: 0.1, Diff: 0.1, Sum: 0.2]
      [Code Root Scanning (ms): Min: 0.0, Avg: 0.0, Max: 0.0, Diff: 0.0, Sum: 0.0]
      [Object Copy (ms): Min: 8.8, Avg: 9.0, Max: 9.1, Diff: 0.3, Sum: 71.8]
      [Termination (ms): Min: 0.0, Avg: 0.0, Max: 0.0, Diff: 0.0, Sum: 0.3]
         [Termination Attempts: Min: 1, Avg: 40.2, Max: 52, Diff: 51, Sum: 322]
      [GC Worker Other (ms): Min: 0.0, Avg: 0.0, Max: 0.1, Diff: 0.0, Sum: 0.3]
      [GC Worker Total (ms): Min: 14.1, Avg: 14.1, Max: 14.1, Diff: 0.1, Sum: 112.8]
      [GC Worker End (ms): Min: 507243648.5, Avg: 507243648.5, Max: 507243648.5, Diff: 0.0]
   [Code Root Fixup: 0.0 ms]
   [Code Root Purge: 0.0 ms]
   [Clear CT: 0.1 ms]
   [Other: 2.3 ms]
      [Choose CSet: 0.0 ms]
      [Ref Proc: 0.5 ms]
      [Ref Enq: 0.0 ms]
      [Redirty Cards: 0.1 ms]
      [Humongous Register: 0.3 ms]
      [Humongous Reclaim: 0.1 ms]
      [Free CSet: 0.3 ms]
   [Eden: 258.0M(258.0M)->0.0B(716.0M) Survivors: 48.0M->22.0M Heap: 2142.1M(6144.0M)->1877.3M(6144.0M)]
 [Times: user=0.12 sys=0.00, real=0.01 secs] 
2025-07-26T08:51:43.336+0800: 507257.172: [GC pause (G1 Evacuation Pause) (young), 0.0148160 secs]
   [Parallel Time: 12.0 ms, GC Workers: 8]
      [GC Worker Start (ms): Min: 507257172.4, Avg: 507257172.5, Max: 507257172.5, Diff: 0.1]
      [Ext Root Scanning (ms): Min: 2.3, Avg: 2.5, Max: 3.2, Diff: 0.9, Sum: 20.4]
      [Update RS (ms): Min: 6.1, Avg: 6.7, Max: 7.1, Diff: 0.9, Sum: 53.4]
         [Processed Buffers: Min: 16, Avg: 33.2, Max: 44, Diff: 28, Sum: 266]
      [Scan RS (ms): Min: 0.0, Avg: 0.1, Max: 0.1, Diff: 0.1, Sum: 0.5]
      [Code Root Scanning (ms): Min: 0.0, Avg: 0.0, Max: 0.0, Diff: 0.0, Sum: 0.0]
      [Object Copy (ms): Min: 2.3, Avg: 2.5, Max: 2.6, Diff: 0.3, Sum: 20.0]
      [Termination (ms): Min: 0.0, Avg: 0.0, Max: 0.1, Diff: 0.1, Sum: 0.4]
         [Termination Attempts: Min: 1, Avg: 1.1, Max: 2, Diff: 1, Sum: 9]
      [GC Worker Other (ms): Min: 0.0, Avg: 0.0, Max: 0.1, Diff: 0.0, Sum: 0.3]
      [GC Worker Total (ms): Min: 11.8, Avg: 11.9, Max: 11.9, Diff: 0.1, Sum: 94.8]
      [GC Worker End (ms): Min: 507257184.3, Avg: 507257184.3, Max: 507257184.3, Diff: 0.0]
   [Code Root Fixup: 0.0 ms]
   [Code Root Purge: 0.0 ms]
   [Clear CT: 0.2 ms]
   [Other: 2.6 ms]
      [Choose CSet: 0.0 ms]
      [Ref Proc: 0.6 ms]
      [Ref Enq: 0.0 ms]
      [Redirty Cards: 0.1 ms]
      [Humongous Register: 0.4 ms]
      [Humongous Reclaim: 0.1 ms]
      [Free CSet: 0.5 ms]
   [Eden: 716.0M(716.0M)->0.0B(2414.0M) Survivors: 22.0M->26.0M Heap: 2593.3M(6144.0M)->1882.2M(6144.0M)]
 [Times: user=0.06 sys=0.03, real=0.02 secs] 
2025-07-26T08:52:19.802+0800: 507293.638: [GC pause (G1 Evacuation Pause) (young), 0.0208357 secs]
   [Parallel Time: 14.9 ms, GC Workers: 8]
      [GC Worker Start (ms): Min: 507293638.7, Avg: 507293638.8, Max: 507293638.8, Diff: 0.1]
      [Ext Root Scanning (ms): Min: 2.2, Avg: 2.4, Max: 3.1, Diff: 1.0, Sum: 19.3]
      [Update RS (ms): Min: 4.9, Avg: 5.4, Max: 5.6, Diff: 0.7, Sum: 43.3]
         [Processed Buffers: Min: 38, Avg: 46.1, Max: 58, Diff: 20, Sum: 369]
      [Scan RS (ms): Min: 0.1, Avg: 0.2, Max: 0.3, Diff: 0.2, Sum: 1.9]
      [Code Root Scanning (ms): Min: 0.0, Avg: 0.0, Max: 0.0, Diff: 0.0, Sum: 0.0]
      [Object Copy (ms): Min: 6.5, Avg: 6.6, Max: 6.7, Diff: 0.2, Sum: 53.2]
      [Termination (ms): Min: 0.0, Avg: 0.0, Max: 0.0, Diff: 0.0, Sum: 0.1]
         [Termination Attempts: Min: 1, Avg: 1.4, Max: 2, Diff: 1, Sum: 11]
      [GC Worker Other (ms): Min: 0.0, Avg: 0.1, Max: 0.1, Diff: 0.1, Sum: 0.5]
      [GC Worker Total (ms): Min: 14.7, Avg: 14.8, Max: 14.8, Diff: 0.1, Sum: 118.3]
      [GC Worker End (ms): Min: 507293653.5, Avg: 507293653.5, Max: 507293653.6, Diff: 0.1]
   [Code Root Fixup: 0.0 ms]
   [Code Root Purge: 0.0 ms]
   [Clear CT: 0.4 ms]
   [Other: 5.4 ms]
      [Choose CSet: 0.0 ms]
      [Ref Proc: 1.8 ms]
      [Ref Enq: 0.1 ms]
      [Redirty Cards: 0.1 ms]
      [Humongous Register: 0.5 ms]
      [Humongous Reclaim: 0.1 ms]
      [Free CSet: 2.0 ms]
   [Eden: 2414.0M(2414.0M)->0.0B(3192.0M) Survivors: 26.0M->36.0M Heap: 4319.0M(6144.0M)->1892.3M(6144.0M)]
 [Times: user=0.07 sys=0.05, real=0.02 secs] 
2025-07-26T08:54:35.639+0800: 507429.475: [GC pause (G1 Evacuation Pause) (young), 0.0333201 secs]
   [Parallel Time: 24.9 ms, GC Workers: 8]
      [GC Worker Start (ms): Min: 507429476.4, Avg: 507429476.5, Max: 507429476.6, Diff: 0.1]
      [Ext Root Scanning (ms): Min: 2.7, Avg: 3.9, Max: 11.0, Diff: 8.3, Sum: 31.1]
      [Update RS (ms): Min: 7.5, Avg: 14.2, Max: 15.5, Diff: 8.0, Sum: 113.5]
         [Processed Buffers: Min: 54, Avg: 104.5, Max: 124, Diff: 70, Sum: 836]
      [Scan RS (ms): Min: 0.4, Avg: 0.7, Max: 0.8, Diff: 0.4, Sum: 5.3]
      [Code Root Scanning (ms): Min: 0.0, Avg: 0.0, Max: 0.0, Diff: 0.0, Sum: 0.1]
      [Object Copy (ms): Min: 5.7, Avg: 5.8, Max: 5.9, Diff: 0.3, Sum: 46.7]
      [Termination (ms): Min: 0.0, Avg: 0.0, Max: 0.0, Diff: 0.0, Sum: 0.0]
         [Termination Attempts: Min: 1, Avg: 4.1, Max: 7, Diff: 6, Sum: 33]
      [GC Worker Other (ms): Min: 0.1, Avg: 0.1, Max: 0.2, Diff: 0.1, Sum: 1.0]
      [GC Worker Total (ms): Min: 24.6, Avg: 24.7, Max: 24.8, Diff: 0.1, Sum: 197.8]
      [GC Worker End (ms): Min: 507429501.2, Avg: 507429501.2, Max: 507429501.3, Diff: 0.1]
   [Code Root Fixup: 0.0 ms]
   [Code Root Purge: 0.0 ms]
   [Clear CT: 0.6 ms]
   [Other: 7.8 ms]
      [Choose CSet: 0.0 ms]
      [Ref Proc: 1.4 ms]
      [Ref Enq: 0.1 ms]
      [Redirty Cards: 0.1 ms]
      [Humongous Register: 1.1 ms]
      [Humongous Reclaim: 0.4 ms]
      [Free CSet: 3.8 ms]
   [Eden: 3192.0M(3192.0M)->0.0B(3210.0M) Survivors: 36.0M->24.0M Heap: 5249.7M(6144.0M)->1880.3M(6144.0M)]
 [Times: user=0.20 sys=0.00, real=0.03 secs] 
2025-07-26T08:57:02.292+0800: 507576.128: [GC pause (G1 Evacuation Pause) (young), 0.0353680 secs]
   [Parallel Time: 27.1 ms, GC Workers: 8]
      [GC Worker Start (ms): Min: 507576129.5, Avg: 507576129.6, Max: 507576129.6, Diff: 0.2]
      [Ext Root Scanning (ms): Min: 3.0, Avg: 4.2, Max: 10.8, Diff: 7.8, Sum: 33.7]
      [Update RS (ms): Min: 9.5, Avg: 15.8, Max: 17.3, Diff: 7.8, Sum: 126.6]
         [Processed Buffers: Min: 78, Avg: 106.2, Max: 130, Diff: 52, Sum: 850]
      [Scan RS (ms): Min: 0.4, Avg: 0.7, Max: 0.9, Diff: 0.6, Sum: 5.7]
      [Code Root Scanning (ms): Min: 0.0, Avg: 0.0, Max: 0.0, Diff: 0.0, Sum: 0.1]
      [Object Copy (ms): Min: 5.8, Avg: 6.0, Max: 6.1, Diff: 0.3, Sum: 48.2]
      [Termination (ms): Min: 0.0, Avg: 0.0, Max: 0.0, Diff: 0.0, Sum: 0.0]
         [Termination Attempts: Min: 1, Avg: 1.2, Max: 2, Diff: 1, Sum: 10]
      [GC Worker Other (ms): Min: 0.1, Avg: 0.1, Max: 0.2, Diff: 0.1, Sum: 1.1]
      [GC Worker Total (ms): Min: 26.8, Avg: 26.9, Max: 27.0, Diff: 0.2, Sum: 215.4]
      [GC Worker End (ms): Min: 507576156.4, Avg: 507576156.5, Max: 507576156.5, Diff: 0.1]
   [Code Root Fixup: 0.0 ms]
   [Code Root Purge: 0.0 ms]
   [Clear CT: 0.5 ms]
   [Other: 7.6 ms]
      [Choose CSet: 0.0 ms]
      [Ref Proc: 1.2 ms]
      [Ref Enq: 0.1 ms]
      [Redirty Cards: 0.1 ms]
      [Humongous Register: 1.1 ms]
      [Humongous Reclaim: 0.5 ms]
      [Free CSet: 4.0 ms]
   [Eden: 3210.0M(3210.0M)->0.0B(3214.0M) Survivors: 24.0M->26.0M Heap: 5288.2M(6144.0M)->1881.3M(6144.0M)]
 [Times: user=0.12 sys=0.10, real=0.04 secs] 
2025-07-26T08:59:06.098+0800: 507699.933: [GC pause (G1 Evacuation Pause) (young), 0.0462996 secs]
   [Parallel Time: 36.8 ms, GC Workers: 8]
      [GC Worker Start (ms): Min: 507699935.5, Avg: 507699935.6, Max: 507699935.6, Diff: 0.2]
      [Ext Root Scanning (ms): Min: 2.9, Avg: 4.2, Max: 10.9, Diff: 8.0, Sum: 33.5]
      [Update RS (ms): Min: 13.6, Avg: 19.9, Max: 21.5, Diff: 7.9, Sum: 159.4]
         [Processed Buffers: Min: 88, Avg: 120.1, Max: 135, Diff: 47, Sum: 961]
      [Scan RS (ms): Min: 0.1, Avg: 0.4, Max: 0.5, Diff: 0.4, Sum: 3.0]
      [Code Root Scanning (ms): Min: 0.0, Avg: 0.0, Max: 0.0, Diff: 0.0, Sum: 0.1]
      [Object Copy (ms): Min: 9.5, Avg: 10.0, Max: 10.9, Diff: 1.4, Sum: 80.0]
      [Termination (ms): Min: 1.2, Avg: 2.0, Max: 2.5, Diff: 1.4, Sum: 16.0]
         [Termination Attempts: Min: 145, Avg: 229.2, Max: 348, Diff: 203, Sum: 1834]
      [GC Worker Other (ms): Min: 0.1, Avg: 0.1, Max: 0.2, Diff: 0.1, Sum: 1.1]
      [GC Worker Total (ms): Min: 36.5, Avg: 36.6, Max: 36.7, Diff: 0.2, Sum: 293.1]
      [GC Worker End (ms): Min: 507699972.2, Avg: 507699972.2, Max: 507699972.2, Diff: 0.1]
   [Code Root Fixup: 0.0 ms]
   [Code Root Purge: 0.0 ms]
   [Clear CT: 0.6 ms]
   [Other: 8.8 ms]
      [Choose CSet: 0.0 ms]
      [Ref Proc: 2.0 ms]
      [Ref Enq: 0.1 ms]
      [Redirty Cards: 0.2 ms]
      [Humongous Register: 1.4 ms]
      [Humongous Reclaim: 0.4 ms]
      [Free CSet: 3.9 ms]
   [Eden: 3214.0M(3214.0M)->0.0B(3206.0M) Survivors: 26.0M->32.0M Heap: 5198.6M(6144.0M)->1891.7M(6144.0M)]
 [Times: user=0.24 sys=0.06, real=0.04 secs] 
2025-07-26T09:00:05.545+0800: 507759.381: [GC pause (G1 Evacuation Pause) (young), 0.1943689 secs]
   [Parallel Time: 188.7 ms, GC Workers: 8]
      [GC Worker Start (ms): Min: 507759381.5, Avg: 507759381.5, Max: 507759381.6, Diff: 0.1]
      [Ext Root Scanning (ms): Min: 2.2, Avg: 2.5, Max: 3.2, Diff: 1.0, Sum: 19.6]
      [Update RS (ms): Min: 37.5, Avg: 38.1, Max: 38.9, Diff: 1.4, Sum: 304.9]
         [Processed Buffers: Min: 101, Avg: 126.9, Max: 178, Diff: 77, Sum: 1015]
      [Scan RS (ms): Min: 0.1, Avg: 0.3, Max: 0.4, Diff: 0.3, Sum: 2.7]
      [Code Root Scanning (ms): Min: 0.0, Avg: 0.0, Max: 0.0, Diff: 0.0, Sum: 0.1]
      [Object Copy (ms): Min: 146.9, Avg: 147.2, Max: 147.6, Diff: 0.8, Sum: 1177.8]
      [Termination (ms): Min: 0.0, Avg: 0.4, Max: 0.5, Diff: 0.4, Sum: 2.8]
         [Termination Attempts: Min: 1, Avg: 339.0, Max: 413, Diff: 412, Sum: 2712]
      [GC Worker Other (ms): Min: 0.0, Avg: 0.1, Max: 0.1, Diff: 0.1, Sum: 0.5]
      [GC Worker Total (ms): Min: 188.5, Avg: 188.6, Max: 188.6, Diff: 0.2, Sum: 1508.4]
      [GC Worker End (ms): Min: 507759570.0, Avg: 507759570.1, Max: 507759570.1, Diff: 0.1]
   [Code Root Fixup: 0.1 ms]
   [Code Root Purge: 0.0 ms]
   [Clear CT: 0.6 ms]
   [Other: 5.0 ms]
      [Choose CSet: 0.0 ms]
      [Ref Proc: 1.4 ms]
      [Ref Enq: 0.1 ms]
      [Redirty Cards: 0.1 ms]
      [Humongous Register: 0.4 ms]
      [Humongous Reclaim: 0.3 ms]
      [Free CSet: 1.8 ms]
   [Eden: 3206.0M(3206.0M)->0.0B(1588.0M) Survivors: 32.0M->380.0M Heap: 5198.6M(6144.0M)->2245.3M(6144.0M)]
 [Times: user=1.47 sys=0.03, real=0.20 secs] 
2025-07-26T09:00:17.681+0800: 507771.516: [GC pause (G1 Evacuation Pause) (young), 0.3480006 secs]
   [Parallel Time: 341.7 ms, GC Workers: 8]
      [GC Worker Start (ms): Min: 507771516.8, Avg: 507771516.8, Max: 507771516.9, Diff: 0.1]
      [Ext Root Scanning (ms): Min: 2.2, Avg: 2.5, Max: 3.1, Diff: 0.9, Sum: 19.9]
      [Update RS (ms): Min: 69.3, Avg: 72.4, Max: 84.2, Diff: 15.0, Sum: 579.0]
         [Processed Buffers: Min: 9, Avg: 33.2, Max: 178, Diff: 169, Sum: 266]
      [Scan RS (ms): Min: 0.1, Avg: 0.1, Max: 0.6, Diff: 0.5, Sum: 1.2]
      [Code Root Scanning (ms): Min: 0.0, Avg: 0.0, Max: 0.0, Diff: 0.0, Sum: 0.0]
      [Object Copy (ms): Min: 254.9, Avg: 266.1, Max: 269.0, Diff: 14.1, Sum: 2128.7]
      [Termination (ms): Min: 0.0, Avg: 0.4, Max: 0.5, Diff: 0.5, Sum: 3.1]
         [Termination Attempts: Min: 1, Avg: 420.2, Max: 533, Diff: 532, Sum: 3362]
      [GC Worker Other (ms): Min: 0.0, Avg: 0.1, Max: 0.1, Diff: 0.1, Sum: 0.5]
      [GC Worker Total (ms): Min: 341.5, Avg: 341.5, Max: 341.6, Diff: 0.1, Sum: 2732.4]
      [GC Worker End (ms): Min: 507771858.3, Avg: 507771858.4, Max: 507771858.4, Diff: 0.1]
   [Code Root Fixup: 0.1 ms]
   [Code Root Purge: 0.0 ms]
   [Clear CT: 0.4 ms]
   [Other: 5.8 ms]
      [Choose CSet: 0.0 ms]
      [Ref Proc: 1.9 ms]
      [Ref Enq: 0.2 ms]
      [Redirty Cards: 1.0 ms]
      [Humongous Register: 0.3 ms]
      [Humongous Reclaim: 0.1 ms]
      [Free CSet: 1.4 ms]
   [Eden: 1588.0M(1588.0M)->0.0B(190.0M) Survivors: 380.0M->116.0M Heap: 3836.4M(6144.0M)->2337.6M(6144.0M)]
 [Times: user=2.32 sys=0.39, real=0.35 secs] 
2025-07-26T09:00:20.398+0800: 507774.233: [GC pause (G1 Evacuation Pause) (young), 0.0657947 secs]
   [Parallel Time: 63.0 ms, GC Workers: 8]
      [GC Worker Start (ms): Min: 507774234.0, Avg: 507774234.0, Max: 507774234.1, Diff: 0.1]
      [Ext Root Scanning (ms): Min: 3.1, Avg: 4.4, Max: 11.7, Diff: 8.6, Sum: 34.8]
      [Update RS (ms): Min: 21.8, Avg: 28.9, Max: 30.1, Diff: 8.3, Sum: 231.0]
         [Processed Buffers: Min: 72, Avg: 99.1, Max: 121, Diff: 49, Sum: 793]
      [Scan RS (ms): Min: 0.7, Avg: 0.8, Max: 1.0, Diff: 0.2, Sum: 6.7]
      [Code Root Scanning (ms): Min: 0.0, Avg: 0.0, Max: 0.0, Diff: 0.0, Sum: 0.0]
      [Object Copy (ms): Min: 28.5, Avg: 28.7, Max: 28.8, Diff: 0.4, Sum: 229.6]
      [Termination (ms): Min: 0.0, Avg: 0.0, Max: 0.1, Diff: 0.1, Sum: 0.3]
         [Termination Attempts: Min: 1, Avg: 40.1, Max: 51, Diff: 50, Sum: 321]
      [GC Worker Other (ms): Min: 0.0, Avg: 0.0, Max: 0.1, Diff: 0.0, Sum: 0.3]
      [GC Worker Total (ms): Min: 62.8, Avg: 62.8, Max: 62.9, Diff: 0.1, Sum: 502.7]
      [GC Worker End (ms): Min: 507774296.9, Avg: 507774296.9, Max: 507774296.9, Diff: 0.0]
   [Code Root Fixup: 0.1 ms]
   [Code Root Purge: 0.0 ms]
   [Clear CT: 0.2 ms]
   [Other: 2.5 ms]
      [Choose CSet: 0.0 ms]
      [Ref Proc: 0.4 ms]
      [Ref Enq: 0.0 ms]
      [Redirty Cards: 0.3 ms]
      [Humongous Register: 0.4 ms]
      [Humongous Reclaim: 0.1 ms]
      [Free CSet: 0.3 ms]
   [Eden: 190.0M(190.0M)->0.0B(282.0M) Survivors: 116.0M->24.0M Heap: 2527.6M(6144.0M)->2345.2M(6144.0M)]
 [Times: user=0.50 sys=0.00, real=0.06 secs] 
2025-07-26T09:00:23.289+0800: 507777.125: [GC pause (G1 Evacuation Pause) (young), 0.0380695 secs]
   [Parallel Time: 33.7 ms, GC Workers: 8]
      [GC Worker Start (ms): Min: 507777127.3, Avg: 507777127.4, Max: 507777127.4, Diff: 0.1]
      [Ext Root Scanning (ms): Min: 3.0, Avg: 3.5, Max: 5.1, Diff: 2.1, Sum: 27.8]
      [Update RS (ms): Min: 24.9, Avg: 26.4, Max: 26.7, Diff: 1.8, Sum: 211.0]
         [Processed Buffers: Min: 76, Avg: 111.9, Max: 131, Diff: 55, Sum: 895]
      [Scan RS (ms): Min: 0.0, Avg: 0.0, Max: 0.0, Diff: 0.0, Sum: 0.2]
      [Code Root Scanning (ms): Min: 0.0, Avg: 0.0, Max: 0.0, Diff: 0.0, Sum: 0.0]
      [Object Copy (ms): Min: 3.4, Avg: 3.6, Max: 3.7, Diff: 0.4, Sum: 29.1]
      [Termination (ms): Min: 0.0, Avg: 0.0, Max: 0.0, Diff: 0.0, Sum: 0.0]
         [Termination Attempts: Min: 1, Avg: 1.0, Max: 1, Diff: 0, Sum: 8]
      [GC Worker Other (ms): Min: 0.0, Avg: 0.0, Max: 0.1, Diff: 0.0, Sum: 0.3]
      [GC Worker Total (ms): Min: 33.5, Avg: 33.5, Max: 33.6, Diff: 0.1, Sum: 268.4]
      [GC Worker End (ms): Min: 507777160.9, Avg: 507777160.9, Max: 507777160.9, Diff: 0.0]
   [Code Root Fixup: 0.1 ms]
   [Code Root Purge: 0.0 ms]
   [Clear CT: 0.1 ms]
   [Other: 4.2 ms]
      [Choose CSet: 0.0 ms]
      [Ref Proc: 0.6 ms]
      [Ref Enq: 0.0 ms]
      [Redirty Cards: 0.1 ms]
      [Humongous Register: 0.7 ms]
      [Humongous Reclaim: 0.2 ms]
      [Free CSet: 0.5 ms]
   [Eden: 282.0M(282.0M)->0.0B(356.0M) Survivors: 24.0M->34.0M Heap: 2632.2M(6144.0M)->2358.6M(6144.0M)]
 [Times: user=0.27 sys=0.00, real=0.04 secs] 
2025-07-26T09:00:23.665+0800: 507777.501: [GC pause (G1 Humongous Allocation) (young) (initial-mark), 0.0164555 secs]
   [Parallel Time: 14.0 ms, GC Workers: 8]
      [GC Worker Start (ms): Min: 507777502.0, Avg: 507777502.1, Max: 507777502.1, Diff: 0.1]
      [Ext Root Scanning (ms): Min: 3.4, Avg: 3.6, Max: 4.2, Diff: 0.8, Sum: 28.8]
      [Update RS (ms): Min: 6.0, Avg: 6.5, Max: 6.8, Diff: 0.8, Sum: 51.8]
         [Processed Buffers: Min: 36, Avg: 42.4, Max: 45, Diff: 9, Sum: 339]
      [Scan RS (ms): Min: 0.0, Avg: 0.0, Max: 0.0, Diff: 0.0, Sum: 0.2]
      [Code Root Scanning (ms): Min: 0.0, Avg: 0.0, Max: 0.0, Diff: 0.0, Sum: 0.0]
      [Object Copy (ms): Min: 3.0, Avg: 3.3, Max: 3.5, Diff: 0.4, Sum: 26.4]
      [Termination (ms): Min: 0.0, Avg: 0.0, Max: 0.0, Diff: 0.0, Sum: 0.0]
         [Termination Attempts: Min: 1, Avg: 1.0, Max: 1, Diff: 0, Sum: 8]
      [GC Worker Other (ms): Min: 0.0, Avg: 0.0, Max: 0.0, Diff: 0.0, Sum: 0.2]
      [GC Worker Total (ms): Min: 13.4, Avg: 13.4, Max: 13.5, Diff: 0.1, Sum: 107.4]
      [GC Worker End (ms): Min: 507777515.5, Avg: 507777515.5, Max: 507777515.5, Diff: 0.0]
   [Code Root Fixup: 0.0 ms]
   [Code Root Purge: 0.0 ms]
   [Clear CT: 0.2 ms]
   [Other: 2.2 ms]
      [Choose CSet: 0.0 ms]
      [Ref Proc: 0.3 ms]
      [Ref Enq: 0.0 ms]
      [Redirty Cards: 0.1 ms]
      [Humongous Register: 0.2 ms]
      [Humongous Reclaim: 0.2 ms]
      [Free CSet: 0.3 ms]
   [Eden: 274.0M(356.0M)->0.0B(1394.0M) Survivors: 34.0M->34.0M Heap: 2665.0M(6144.0M)->2365.9M(6144.0M)]
 [Times: user=0.10 sys=0.00, real=0.02 secs] 
2025-07-26T09:00:23.682+0800: 507777.517: [GC concurrent-root-region-scan-start]
2025-07-26T09:00:23.688+0800: 507777.524: [GC concurrent-root-region-scan-end, 0.0064988 secs]
2025-07-26T09:00:23.688+0800: 507777.524: [GC concurrent-mark-start]
2025-07-26T09:00:24.416+0800: 507778.252: [GC concurrent-mark-end, 0.7278444 secs]
2025-07-26T09:00:24.420+0800: 507778.256: [GC remark 2025-07-26T09:00:24.420+0800: 507778.256: [Finalize Marking, 0.0006402 secs] 2025-07-26T09:00:24.421+0800: 507778.257: [GC ref-proc, 0.0090585 secs] 2025-07-26T09:00:24.430+0800: 507778.266: [Unloading, 0.0559866 secs], 0.0690255 secs]
 [Times: user=0.22 sys=0.18, real=0.07 secs] 
2025-07-26T09:00:24.493+0800: 507778.329: [GC cleanup 2511M->2302M(6144M), 0.0044711 secs]
 [Times: user=0.03 sys=0.00, real=0.01 secs] 
2025-07-26T09:00:24.498+0800: 507778.333: [GC concurrent-cleanup-start]
2025-07-26T09:00:24.498+0800: 507778.334: [GC concurrent-cleanup-end, 0.0005771 secs]
2025-07-26T09:00:45.735+0800: 507799.571: [GC pause (G1 Evacuation Pause) (young), 0.0155461 secs]
   [Parallel Time: 10.6 ms, GC Workers: 8]
      [GC Worker Start (ms): Min: 507799572.0, Avg: 507799572.0, Max: 507799572.1, Diff: 0.1]
      [Ext Root Scanning (ms): Min: 2.2, Avg: 2.4, Max: 3.3, Diff: 1.1, Sum: 19.6]
      [Update RS (ms): Min: 2.5, Avg: 3.1, Max: 3.5, Diff: 1.0, Sum: 25.0]
         [Processed Buffers: Min: 10, Avg: 31.5, Max: 42, Diff: 32, Sum: 252]
      [Scan RS (ms): Min: 0.0, Avg: 0.1, Max: 0.2, Diff: 0.2, Sum: 1.0]
      [Code Root Scanning (ms): Min: 0.0, Avg: 0.0, Max: 0.0, Diff: 0.0, Sum: 0.0]
      [Object Copy (ms): Min: 4.5, Avg: 4.6, Max: 4.7, Diff: 0.2, Sum: 36.8]
      [Termination (ms): Min: 0.0, Avg: 0.0, Max: 0.0, Diff: 0.0, Sum: 0.0]
         [Termination Attempts: Min: 1, Avg: 1.1, Max: 2, Diff: 1, Sum: 9]
      [GC Worker Other (ms): Min: 0.0, Avg: 0.1, Max: 0.2, Diff: 0.1, Sum: 0.6]
      [GC Worker Total (ms): Min: 10.3, Avg: 10.4, Max: 10.5, Diff: 0.2, Sum: 83.0]
      [GC Worker End (ms): Min: 507799582.4, Avg: 507799582.4, Max: 507799582.5, Diff: 0.1]
   [Code Root Fixup: 0.0 ms]
   [Code Root Purge: 0.0 ms]
   [Clear CT: 0.3 ms]
   [Other: 4.6 ms]
      [Choose CSet: 0.0 ms]
      [Ref Proc: 1.1 ms]
      [Ref Enq: 0.1 ms]
      [Redirty Cards: 0.1 ms]
      [Humongous Register: 0.5 ms]
      [Humongous Reclaim: 0.2 ms]
      [Free CSet: 1.8 ms]
   [Eden: 1394.0M(1394.0M)->0.0B(270.0M) Survivors: 34.0M->36.0M Heap: 3559.1M(6144.0M)->2148.1M(6144.0M)]
 [Times: user=0.05 sys=0.04, real=0.02 secs] 
2025-07-26T09:00:50.626+0800: 507804.462: [GC pause (G1 Evacuation Pause) (mixed), 0.0377638 secs]
   [Parallel Time: 29.5 ms, GC Workers: 8]
      [GC Worker Start (ms): Min: 507804463.5, Avg: 507804463.5, Max: 507804463.6, Diff: 0.1]
      [Ext Root Scanning (ms): Min: 2.4, Avg: 2.7, Max: 3.6, Diff: 1.2, Sum: 21.9]
      [Update RS (ms): Min: 0.3, Avg: 1.1, Max: 1.4, Diff: 1.1, Sum: 8.9]
         [Processed Buffers: Min: 2, Avg: 18.0, Max: 37, Diff: 35, Sum: 144]
      [Scan RS (ms): Min: 3.3, Avg: 3.4, Max: 3.4, Diff: 0.1, Sum: 26.9]
      [Code Root Scanning (ms): Min: 0.0, Avg: 0.0, Max: 0.0, Diff: 0.0, Sum: 0.0]
      [Object Copy (ms): Min: 21.9, Avg: 22.1, Max: 22.2, Diff: 0.3, Sum: 176.6]
      [Termination (ms): Min: 0.0, Avg: 0.0, Max: 0.0, Diff: 0.0, Sum: 0.0]
         [Termination Attempts: Min: 1, Avg: 1.1, Max: 2, Diff: 1, Sum: 9]
      [GC Worker Other (ms): Min: 0.0, Avg: 0.0, Max: 0.1, Diff: 0.0, Sum: 0.3]
      [GC Worker Total (ms): Min: 29.3, Avg: 29.3, Max: 29.4, Diff: 0.1, Sum: 234.6]
      [GC Worker End (ms): Min: 507804492.8, Avg: 507804492.8, Max: 507804492.9, Diff: 0.0]
   [Code Root Fixup: 0.1 ms]
   [Code Root Purge: 0.0 ms]
   [Clear CT: 0.4 ms]
   [Other: 7.8 ms]
      [Choose CSet: 0.6 ms]
      [Ref Proc: 0.8 ms]
      [Ref Enq: 0.1 ms]
      [Redirty Cards: 0.3 ms]
      [Humongous Register: 0.5 ms]
      [Humongous Reclaim: 0.2 ms]
      [Free CSet: 4.4 ms]
   [Eden: 270.0M(270.0M)->0.0B(280.0M) Survivors: 36.0M->26.0M Heap: 2418.1M(6144.0M)->1555.9M(6144.0M)]
 [Times: user=0.21 sys=0.03, real=0.04 secs] 
2025-07-26T09:00:54.745+0800: 507808.581: [GC pause (G1 Evacuation Pause) (mixed), 0.0819893 secs]
   [Parallel Time: 77.4 ms, GC Workers: 8]
      [GC Worker Start (ms): Min: 507808582.0, Avg: 507808582.1, Max: 507808582.1, Diff: 0.1]
      [Ext Root Scanning (ms): Min: 2.4, Avg: 2.7, Max: 3.5, Diff: 1.1, Sum: 21.5]
      [Update RS (ms): Min: 9.3, Avg: 10.0, Max: 10.3, Diff: 1.1, Sum: 80.2]
         [Processed Buffers: Min: 36, Avg: 44.0, Max: 62, Diff: 26, Sum: 352]
      [Scan RS (ms): Min: 9.3, Avg: 9.8, Max: 9.9, Diff: 0.6, Sum: 78.4]
      [Code Root Scanning (ms): Min: 0.0, Avg: 0.1, Max: 0.4, Diff: 0.4, Sum: 0.6]
      [Object Copy (ms): Min: 54.3, Avg: 54.5, Max: 54.7, Diff: 0.4, Sum: 436.3]
      [Termination (ms): Min: 0.0, Avg: 0.1, Max: 0.1, Diff: 0.1, Sum: 0.5]
         [Termination Attempts: Min: 1, Avg: 74.1, Max: 92, Diff: 91, Sum: 593]
      [GC Worker Other (ms): Min: 0.0, Avg: 0.0, Max: 0.1, Diff: 0.0, Sum: 0.3]
      [GC Worker Total (ms): Min: 77.2, Avg: 77.2, Max: 77.3, Diff: 0.1, Sum: 617.8]
      [GC Worker End (ms): Min: 507808659.3, Avg: 507808659.3, Max: 507808659.3, Diff: 0.0]
   [Code Root Fixup: 0.1 ms]
   [Code Root Purge: 0.0 ms]
   [Clear CT: 0.4 ms]
   [Other: 4.2 ms]
      [Choose CSet: 0.4 ms]
      [Ref Proc: 0.5 ms]
      [Ref Enq: 0.0 ms]
      [Redirty Cards: 0.3 ms]
      [Humongous Register: 0.4 ms]
      [Humongous Reclaim: 0.1 ms]
      [Free CSet: 1.5 ms]
   [Eden: 280.0M(280.0M)->0.0B(2324.0M) Survivors: 26.0M->32.0M Heap: 1835.9M(6144.0M)->1342.1M(6144.0M)]
 [Times: user=0.51 sys=0.13, real=0.09 secs] 
2025-07-26T09:01:19.001+0800: 507832.836: [GC pause (G1 Evacuation Pause) (young), 0.0437814 secs]
   [Parallel Time: 37.5 ms, GC Workers: 8]
      [GC Worker Start (ms): Min: 507832837.1, Avg: 507832837.2, Max: 507832837.2, Diff: 0.1]
      [Ext Root Scanning (ms): Min: 2.3, Avg: 3.3, Max: 9.4, Diff: 7.1, Sum: 26.6]
      [Update RS (ms): Min: 18.8, Avg: 24.6, Max: 25.8, Diff: 7.0, Sum: 197.1]
         [Processed Buffers: Min: 98, Avg: 115.4, Max: 125, Diff: 27, Sum: 923]
      [Scan RS (ms): Min: 0.1, Avg: 0.6, Max: 2.6, Diff: 2.4, Sum: 4.9]
      [Code Root Scanning (ms): Min: 0.0, Avg: 0.0, Max: 0.0, Diff: 0.0, Sum: 0.1]
      [Object Copy (ms): Min: 6.8, Avg: 8.7, Max: 9.0, Diff: 2.3, Sum: 69.3]
      [Termination (ms): Min: 0.0, Avg: 0.0, Max: 0.0, Diff: 0.0, Sum: 0.0]
         [Termination Attempts: Min: 1, Avg: 3.0, Max: 6, Diff: 5, Sum: 24]
      [GC Worker Other (ms): Min: 0.0, Avg: 0.1, Max: 0.1, Diff: 0.1, Sum: 0.6]
      [GC Worker Total (ms): Min: 37.2, Avg: 37.3, Max: 37.4, Diff: 0.1, Sum: 298.6]
      [GC Worker End (ms): Min: 507832874.5, Avg: 507832874.5, Max: 507832874.5, Diff: 0.1]
   [Code Root Fixup: 0.0 ms]
   [Code Root Purge: 0.0 ms]
   [Clear CT: 0.4 ms]
   [Other: 5.9 ms]
      [Choose CSet: 0.0 ms]
      [Ref Proc: 2.0 ms]
      [Ref Enq: 0.2 ms]
      [Redirty Cards: 0.1 ms]
      [Humongous Register: 0.3 ms]
      [Humongous Reclaim: 0.2 ms]
      [Free CSet: 2.1 ms]
   [Eden: 2324.0M(2324.0M)->0.0B(548.0M) Survivors: 32.0M->40.0M Heap: 3716.0M(6144.0M)->1350.1M(6144.0M)]
 [Times: user=0.27 sys=0.04, real=0.04 secs] 
2025-07-26T09:01:25.922+0800: 507839.758: [GC pause (G1 Evacuation Pause) (young), 0.0143150 secs]
   [Parallel Time: 11.1 ms, GC Workers: 8]
      [GC Worker Start (ms): Min: 507839758.9, Avg: 507839759.0, Max: 507839759.1, Diff: 0.1]
      [Ext Root Scanning (ms): Min: 2.7, Avg: 3.1, Max: 4.6, Diff: 1.9, Sum: 24.9]
      [Update RS (ms): Min: 0.0, Avg: 1.0, Max: 1.4, Diff: 1.4, Sum: 8.3]
         [Processed Buffers: Min: 0, Avg: 20.0, Max: 38, Diff: 38, Sum: 160]
      [Scan RS (ms): Min: 0.0, Avg: 0.1, Max: 0.1, Diff: 0.1, Sum: 0.4]
      [Code Root Scanning (ms): Min: 0.0, Avg: 0.0, Max: 0.0, Diff: 0.0, Sum: 0.0]
      [Object Copy (ms): Min: 6.3, Avg: 6.6, Max: 6.7, Diff: 0.5, Sum: 52.9]
      [Termination (ms): Min: 0.0, Avg: 0.0, Max: 0.0, Diff: 0.0, Sum: 0.3]
         [Termination Attempts: Min: 1, Avg: 37.1, Max: 49, Diff: 48, Sum: 297]
      [GC Worker Other (ms): Min: 0.0, Avg: 0.0, Max: 0.1, Diff: 0.0, Sum: 0.3]
      [GC Worker Total (ms): Min: 10.8, Avg: 10.9, Max: 11.0, Diff: 0.2, Sum: 87.1]
      [GC Worker End (ms): Min: 507839769.9, Avg: 507839769.9, Max: 507839769.9, Diff: 0.0]
   [Code Root Fixup: 0.0 ms]
   [Code Root Purge: 0.0 ms]
   [Clear CT: 0.2 ms]
   [Other: 3.0 ms]
      [Choose CSet: 0.0 ms]
      [Ref Proc: 0.5 ms]
      [Ref Enq: 0.0 ms]
      [Redirty Cards: 0.1 ms]
      [Humongous Register: 0.5 ms]
      [Humongous Reclaim: 0.1 ms]
      [Free CSet: 0.6 ms]
   [Eden: 548.0M(548.0M)->0.0B(3644.0M) Survivors: 40.0M->40.0M Heap: 1898.1M(6144.0M)->1351.1M(6144.0M)]
 [Times: user=0.09 sys=0.00, real=0.01 secs] 
2025-07-26T09:02:19.603+0800: 507893.438: [GC pause (G1 Evacuation Pause) (young), 0.0347985 secs]
   [Parallel Time: 24.1 ms, GC Workers: 8]
      [GC Worker Start (ms): Min: 507893440.7, Avg: 507893440.8, Max: 507893440.8, Diff: 0.1]
      [Ext Root Scanning (ms): Min: 2.2, Avg: 2.7, Max: 4.1, Diff: 1.8, Sum: 21.9]
      [Update RS (ms): Min: 9.8, Avg: 10.9, Max: 11.6, Diff: 1.8, Sum: 87.5]
         [Processed Buffers: Min: 44, Avg: 70.9, Max: 87, Diff: 43, Sum: 567]
      [Scan RS (ms): Min: 0.1, Avg: 0.4, Max: 0.5, Diff: 0.4, Sum: 3.0]
      [Code Root Scanning (ms): Min: 0.0, Avg: 0.0, Max: 0.0, Diff: 0.0, Sum: 0.1]
      [Object Copy (ms): Min: 9.5, Avg: 9.7, Max: 9.9, Diff: 0.4, Sum: 77.4]
      [Termination (ms): Min: 0.0, Avg: 0.0, Max: 0.1, Diff: 0.1, Sum: 0.2]
         [Termination Attempts: Min: 1, Avg: 20.1, Max: 28, Diff: 27, Sum: 161]
      [GC Worker Other (ms): Min: 0.1, Avg: 0.2, Max: 0.3, Diff: 0.2, Sum: 1.4]
      [GC Worker Total (ms): Min: 23.8, Avg: 23.9, Max: 24.1, Diff: 0.3, Sum: 191.5]
      [GC Worker End (ms): Min: 507893464.6, Avg: 507893464.7, Max: 507893464.8, Diff: 0.1]
   [Code Root Fixup: 0.0 ms]
   [Code Root Purge: 0.0 ms]
   [Clear CT: 0.6 ms]
   [Other: 10.0 ms]
      [Choose CSet: 0.0 ms]
      [Ref Proc: 2.4 ms]
      [Ref Enq: 0.2 ms]
      [Redirty Cards: 0.1 ms]
      [Humongous Register: 1.8 ms]
      [Humongous Reclaim: 0.3 ms]
      [Free CSet: 4.5 ms]
   [Eden: 3644.0M(3644.0M)->0.0B(3646.0M) Survivors: 40.0M->40.0M Heap: 5041.2M(6144.0M)->1350.1M(6144.0M)]
 [Times: user=0.19 sys=0.00, real=0.04 secs] 
2025-07-26T09:05:03.146+0800: 508056.981: [GC pause (G1 Evacuation Pause) (young), 0.0380897 secs]
   [Parallel Time: 27.7 ms, GC Workers: 8]
      [GC Worker Start (ms): Min: 508056984.0, Avg: 508056984.1, Max: 508056984.2, Diff: 0.1]
      [Ext Root Scanning (ms): Min: 3.0, Avg: 4.3, Max: 11.2, Diff: 8.2, Sum: 34.1]
      [Update RS (ms): Min: 6.0, Avg: 12.8, Max: 14.1, Diff: 8.0, Sum: 102.2]
         [Processed Buffers: Min: 71, Avg: 92.2, Max: 111, Diff: 40, Sum: 738]
      [Scan RS (ms): Min: 0.7, Avg: 1.0, Max: 1.1, Diff: 0.4, Sum: 7.9]
      [Code Root Scanning (ms): Min: 0.0, Avg: 0.0, Max: 0.0, Diff: 0.0, Sum: 0.1]
      [Object Copy (ms): Min: 9.1, Avg: 9.3, Max: 9.4, Diff: 0.3, Sum: 74.6]
      [Termination (ms): Min: 0.0, Avg: 0.0, Max: 0.0, Diff: 0.0, Sum: 0.1]
         [Termination Attempts: Min: 1, Avg: 9.8, Max: 14, Diff: 13, Sum: 78]
      [GC Worker Other (ms): Min: 0.0, Avg: 0.1, Max: 0.2, Diff: 0.1, Sum: 0.9]
      [GC Worker Total (ms): Min: 27.4, Avg: 27.5, Max: 27.6, Diff: 0.2, Sum: 219.8]
      [GC Worker End (ms): Min: 508057011.5, Avg: 508057011.6, Max: 508057011.6, Diff: 0.1]
   [Code Root Fixup: 0.0 ms]
   [Code Root Purge: 0.0 ms]
   [Clear CT: 0.7 ms]
   [Other: 9.7 ms]
      [Choose CSet: 0.0 ms]
      [Ref Proc: 1.4 ms]
      [Ref Enq: 0.2 ms]
      [Redirty Cards: 0.1 ms]
      [Humongous Register: 1.7 ms]
      [Humongous Reclaim: 0.4 ms]
      [Free CSet: 4.7 ms]
   [Eden: 3646.0M(3646.0M)->0.0B(3656.0M) Survivors: 40.0M->30.0M Heap: 5184.3M(6144.0M)->1341.1M(6144.0M)]
 [Times: user=0.21 sys=0.03, real=0.04 secs] 
2025-07-26T09:25:20.630+0800: 509274.466: [GC pause (G1 Evacuation Pause) (young), 0.0518461 secs]
   [Parallel Time: 39.2 ms, GC Workers: 8]
      [GC Worker Start (ms): Min: 509274468.2, Avg: 509274468.3, Max: 509274468.5, Diff: 0.2]
      [Ext Root Scanning (ms): Min: 3.0, Avg: 4.1, Max: 10.6, Diff: 7.6, Sum: 33.1]
      [Update RS (ms): Min: 12.3, Avg: 18.4, Max: 19.7, Diff: 7.4, Sum: 147.2]
         [Processed Buffers: Min: 102, Avg: 117.4, Max: 140, Diff: 38, Sum: 939]
      [Scan RS (ms): Min: 1.0, Avg: 1.4, Max: 1.5, Diff: 0.6, Sum: 10.9]
      [Code Root Scanning (ms): Min: 0.0, Avg: 0.0, Max: 0.0, Diff: 0.0, Sum: 0.1]
      [Object Copy (ms): Min: 14.7, Avg: 14.9, Max: 15.2, Diff: 0.6, Sum: 119.1]
      [Termination (ms): Min: 0.0, Avg: 0.0, Max: 0.0, Diff: 0.0, Sum: 0.0]
         [Termination Attempts: Min: 1, Avg: 2.8, Max: 4, Diff: 3, Sum: 22]
      [GC Worker Other (ms): Min: 0.0, Avg: 0.1, Max: 0.2, Diff: 0.2, Sum: 1.2]
      [GC Worker Total (ms): Min: 38.8, Avg: 38.9, Max: 39.1, Diff: 0.2, Sum: 311.6]
      [GC Worker End (ms): Min: 509274507.2, Avg: 509274507.3, Max: 509274507.3, Diff: 0.1]
   [Code Root Fixup: 0.0 ms]
   [Code Root Purge: 0.0 ms]
   [Clear CT: 0.7 ms]
   [Other: 11.9 ms]
      [Choose CSet: 0.0 ms]
      [Ref Proc: 3.9 ms]
      [Ref Enq: 0.1 ms]
      [Redirty Cards: 0.2 ms]
      [Humongous Register: 1.4 ms]
      [Humongous Reclaim: 0.5 ms]
      [Free CSet: 4.7 ms]
   [Eden: 3656.0M(3656.0M)->0.0B(3642.0M) Survivors: 30.0M->44.0M Heap: 5165.8M(6144.0M)->1355.1M(6144.0M)]
 [Times: user=0.25 sys=0.07, real=0.05 secs] 
2025-07-26T09:28:55.787+0800: 509489.622: [GC pause (G1 Evacuation Pause) (young), 0.0388037 secs]
   [Parallel Time: 29.8 ms, GC Workers: 8]
      [GC Worker Start (ms): Min: 509489624.1, Avg: 509489624.2, Max: 509489624.3, Diff: 0.2]
      [Ext Root Scanning (ms): Min: 2.8, Avg: 4.5, Max: 14.4, Diff: 11.5, Sum: 36.1]
      [Update RS (ms): Min: 4.3, Avg: 13.9, Max: 15.6, Diff: 11.3, Sum: 111.3]
         [Processed Buffers: Min: 43, Avg: 100.6, Max: 123, Diff: 80, Sum: 805]
      [Scan RS (ms): Min: 2.1, Avg: 2.4, Max: 2.6, Diff: 0.5, Sum: 19.5]
      [Code Root Scanning (ms): Min: 0.0, Avg: 0.0, Max: 0.0, Diff: 0.0, Sum: 0.1]
      [Object Copy (ms): Min: 8.4, Avg: 8.6, Max: 8.7, Diff: 0.3, Sum: 68.7]
      [Termination (ms): Min: 0.0, Avg: 0.0, Max: 0.0, Diff: 0.0, Sum: 0.0]
         [Termination Attempts: Min: 1, Avg: 1.0, Max: 1, Diff: 0, Sum: 8]
      [GC Worker Other (ms): Min: 0.1, Avg: 0.1, Max: 0.2, Diff: 0.1, Sum: 0.9]
      [GC Worker Total (ms): Min: 29.4, Avg: 29.6, Max: 29.7, Diff: 0.3, Sum: 236.6]
      [GC Worker End (ms): Min: 509489653.7, Avg: 509489653.8, Max: 509489653.8, Diff: 0.1]
   [Code Root Fixup: 0.0 ms]
   [Code Root Purge: 0.0 ms]
   [Clear CT: 0.6 ms]
   [Other: 8.3 ms]
      [Choose CSet: 0.0 ms]
      [Ref Proc: 1.3 ms]
      [Ref Enq: 0.1 ms]
      [Redirty Cards: 0.1 ms]
      [Humongous Register: 1.3 ms]
      [Humongous Reclaim: 0.4 ms]
      [Free CSet: 4.3 ms]
   [Eden: 3642.0M(3642.0M)->0.0B(3654.0M) Survivors: 44.0M->32.0M Heap: 5208.5M(6144.0M)->1343.1M(6144.0M)]
 [Times: user=0.22 sys=0.03, real=0.04 secs] 
2025-07-26T09:30:05.510+0800: 509559.346: [GC pause (G1 Evacuation Pause) (young), 0.2186415 secs]
   [Parallel Time: 208.2 ms, GC Workers: 8]
      [GC Worker Start (ms): Min: 509559347.7, Avg: 509559347.8, Max: 509559347.9, Diff: 0.1]
      [Ext Root Scanning (ms): Min: 3.0, Avg: 3.6, Max: 5.9, Diff: 2.9, Sum: 29.0]
      [Update RS (ms): Min: 40.5, Avg: 42.5, Max: 43.7, Diff: 3.2, Sum: 340.2]
         [Processed Buffers: Min: 97, Avg: 136.5, Max: 183, Diff: 86, Sum: 1092]
      [Scan RS (ms): Min: 0.1, Avg: 0.4, Max: 0.6, Diff: 0.5, Sum: 3.0]
      [Code Root Scanning (ms): Min: 0.0, Avg: 0.0, Max: 0.0, Diff: 0.0, Sum: 0.1]
      [Object Copy (ms): Min: 160.4, Avg: 160.9, Max: 161.6, Diff: 1.2, Sum: 1286.9]
      [Termination (ms): Min: 0.0, Avg: 0.5, Max: 0.6, Diff: 0.6, Sum: 3.9]
         [Termination Attempts: Min: 1, Avg: 528.9, Max: 629, Diff: 628, Sum: 4231]
      [GC Worker Other (ms): Min: 0.1, Avg: 0.1, Max: 0.2, Diff: 0.1, Sum: 1.2]
      [GC Worker Total (ms): Min: 208.0, Avg: 208.0, Max: 208.1, Diff: 0.2, Sum: 1664.3]
      [GC Worker End (ms): Min: 509559555.8, Avg: 509559555.8, Max: 509559555.9, Diff: 0.1]
   [Code Root Fixup: 0.0 ms]
   [Code Root Purge: 0.0 ms]
   [Clear CT: 0.7 ms]
   [Other: 9.7 ms]
      [Choose CSet: 0.0 ms]
      [Ref Proc: 1.3 ms]
      [Ref Enq: 0.1 ms]
      [Redirty Cards: 0.1 ms]
      [Humongous Register: 1.5 ms]
      [Humongous Reclaim: 0.5 ms]
      [Free CSet: 5.0 ms]
   [Eden: 3654.0M(3654.0M)->0.0B(2996.0M) Survivors: 32.0M->410.0M Heap: 5103.1M(6144.0M)->1730.1M(6144.0M)]
 [Times: user=1.56 sys=0.10, real=0.22 secs] 
2025-07-26T09:30:37.329+0800: 509591.165: [GC pause (G1 Evacuation Pause) (young), 0.3505274 secs]
   [Parallel Time: 343.3 ms, GC Workers: 8]
      [GC Worker Start (ms): Min: 509591165.5, Avg: 509591165.6, Max: 509591165.6, Diff: 0.1]
      [Ext Root Scanning (ms): Min: 2.2, Avg: 2.4, Max: 3.2, Diff: 1.0, Sum: 19.5]
      [Update RS (ms): Min: 56.5, Avg: 57.1, Max: 57.4, Diff: 0.9, Sum: 456.8]
         [Processed Buffers: Min: 65, Avg: 86.9, Max: 109, Diff: 44, Sum: 695]
      [Scan RS (ms): Min: 0.2, Avg: 0.4, Max: 0.4, Diff: 0.3, Sum: 3.0]
      [Code Root Scanning (ms): Min: 0.0, Avg: 0.0, Max: 0.0, Diff: 0.0, Sum: 0.1]
      [Object Copy (ms): Min: 280.5, Avg: 281.1, Max: 283.3, Diff: 2.8, Sum: 2248.9]
      [Termination (ms): Min: 0.0, Avg: 2.0, Max: 2.5, Diff: 2.5, Sum: 16.3]
         [Termination Attempts: Min: 1, Avg: 2055.2, Max: 2534, Diff: 2533, Sum: 16442]
      [GC Worker Other (ms): Min: 0.0, Avg: 0.1, Max: 0.1, Diff: 0.1, Sum: 0.5]
      [GC Worker Total (ms): Min: 343.1, Avg: 343.1, Max: 343.2, Diff: 0.1, Sum: 2745.1]
      [GC Worker End (ms): Min: 509591508.7, Avg: 509591508.7, Max: 509591508.8, Diff: 0.1]
   [Code Root Fixup: 0.0 ms]
   [Code Root Purge: 0.0 ms]
   [Clear CT: 0.6 ms]
   [Other: 6.6 ms]
      [Choose CSet: 0.0 ms]
      [Ref Proc: 1.7 ms]
      [Ref Enq: 0.2 ms]
      [Redirty Cards: 0.9 ms]
      [Humongous Register: 0.5 ms]
      [Humongous Reclaim: 0.2 ms]
      [Free CSet: 2.3 ms]
   [Eden: 2996.0M(2996.0M)->0.0B(2924.0M) Survivors: 410.0M->98.0M Heap: 4775.2M(6144.0M)->1804.0M(6144.0M)]
 [Times: user=2.46 sys=0.28, real=0.35 secs] 
2025-07-26T09:31:12.378+0800: 509626.214: [GC pause (G1 Evacuation Pause) (young), 0.0718956 secs]
   [Parallel Time: 60.5 ms, GC Workers: 8]
      [GC Worker Start (ms): Min: 509626218.1, Avg: 509626218.2, Max: 509626218.3, Diff: 0.1]
      [Ext Root Scanning (ms): Min: 3.1, Avg: 4.4, Max: 12.1, Diff: 9.0, Sum: 35.1]
      [Update RS (ms): Min: 23.1, Avg: 30.6, Max: 32.1, Diff: 9.0, Sum: 244.8]
         [Processed Buffers: Min: 103, Avg: 132.8, Max: 145, Diff: 42, Sum: 1062]
      [Scan RS (ms): Min: 0.8, Avg: 1.1, Max: 1.2, Diff: 0.4, Sum: 8.5]
      [Code Root Scanning (ms): Min: 0.0, Avg: 0.0, Max: 0.0, Diff: 0.0, Sum: 0.1]
      [Object Copy (ms): Min: 23.8, Avg: 24.1, Max: 24.2, Diff: 0.3, Sum: 192.5]
      [Termination (ms): Min: 0.0, Avg: 0.0, Max: 0.0, Diff: 0.0, Sum: 0.0]
         [Termination Attempts: Min: 1, Avg: 1.0, Max: 1, Diff: 0, Sum: 8]
      [GC Worker Other (ms): Min: 0.1, Avg: 0.2, Max: 0.2, Diff: 0.1, Sum: 1.3]
      [GC Worker Total (ms): Min: 60.2, Avg: 60.3, Max: 60.4, Diff: 0.2, Sum: 482.3]
      [GC Worker End (ms): Min: 509626278.4, Avg: 509626278.5, Max: 509626278.5, Diff: 0.1]
   [Code Root Fixup: 0.1 ms]
   [Code Root Purge: 0.0 ms]
   [Clear CT: 0.6 ms]
   [Other: 10.7 ms]
      [Choose CSet: 0.0 ms]
      [Ref Proc: 1.9 ms]
      [Ref Enq: 0.2 ms]
      [Redirty Cards: 0.2 ms]
      [Humongous Register: 2.8 ms]
      [Humongous Reclaim: 0.2 ms]
      [Free CSet: 3.7 ms]
   [Eden: 2924.0M(2924.0M)->0.0B(3150.0M) Survivors: 98.0M->102.0M Heap: 4777.9M(6144.0M)->1808.0M(6144.0M)]
 [Times: user=0.39 sys=0.12, real=0.07 secs] 
2025-07-26T09:31:57.520+0800: 509671.355: [GC pause (G1 Evacuation Pause) (young), 0.0507896 secs]
   [Parallel Time: 43.5 ms, GC Workers: 8]
      [GC Worker Start (ms): Min: 509671356.4, Avg: 509671356.5, Max: 509671356.6, Diff: 0.1]
      [Ext Root Scanning (ms): Min: 2.2, Avg: 2.4, Max: 3.1, Diff: 1.0, Sum: 19.4]
      [Update RS (ms): Min: 13.3, Avg: 13.8, Max: 14.2, Diff: 0.9, Sum: 110.4]
         [Processed Buffers: Min: 39, Avg: 71.4, Max: 85, Diff: 46, Sum: 571]
      [Scan RS (ms): Min: 0.1, Avg: 0.3, Max: 0.4, Diff: 0.3, Sum: 2.8]
      [Code Root Scanning (ms): Min: 0.0, Avg: 0.0, Max: 0.0, Diff: 0.0, Sum: 0.1]
      [Object Copy (ms): Min: 26.6, Avg: 26.7, Max: 26.8, Diff: 0.2, Sum: 213.8]
      [Termination (ms): Min: 0.0, Avg: 0.0, Max: 0.0, Diff: 0.0, Sum: 0.1]
         [Termination Attempts: Min: 1, Avg: 7.5, Max: 12, Diff: 11, Sum: 60]
      [GC Worker Other (ms): Min: 0.0, Avg: 0.1, Max: 0.1, Diff: 0.1, Sum: 0.6]
      [GC Worker Total (ms): Min: 43.3, Avg: 43.4, Max: 43.5, Diff: 0.1, Sum: 347.1]
      [GC Worker End (ms): Min: 509671399.8, Avg: 509671399.9, Max: 509671399.9, Diff: 0.1]
   [Code Root Fixup: 0.0 ms]
   [Code Root Purge: 0.0 ms]
   [Clear CT: 0.6 ms]
   [Other: 6.6 ms]
      [Choose CSet: 0.0 ms]
      [Ref Proc: 2.2 ms]
      [Ref Enq: 0.1 ms]
      [Redirty Cards: 0.2 ms]
      [Humongous Register: 0.6 ms]
      [Humongous Reclaim: 0.2 ms]
      [Free CSet: 2.5 ms]
   [Eden: 3150.0M(3150.0M)->0.0B(3182.0M) Survivors: 102.0M->102.0M Heap: 5004.1M(6144.0M)->1808.0M(6144.0M)]
 [Times: user=0.35 sys=0.00, real=0.05 secs] 
2025-07-26T09:33:13.361+0800: 509747.197: [GC pause (G1 Evacuation Pause) (young), 0.0704718 secs]
   [Parallel Time: 60.5 ms, GC Workers: 8]
      [GC Worker Start (ms): Min: 509747199.4, Avg: 509747199.5, Max: 509747199.6, Diff: 0.2]
      [Ext Root Scanning (ms): Min: 3.0, Avg: 4.3, Max: 11.9, Diff: 9.0, Sum: 34.6]
      [Update RS (ms): Min: 17.8, Avg: 25.0, Max: 26.5, Diff: 8.6, Sum: 199.8]
         [Processed Buffers: Min: 88, Avg: 121.1, Max: 138, Diff: 50, Sum: 969]
      [Scan RS (ms): Min: 0.2, Avg: 0.4, Max: 0.5, Diff: 0.3, Sum: 2.9]
      [Code Root Scanning (ms): Min: 0.0, Avg: 0.0, Max: 0.0, Diff: 0.0, Sum: 0.1]
      [Object Copy (ms): Min: 30.3, Avg: 30.5, Max: 30.6, Diff: 0.3, Sum: 243.8]
      [Termination (ms): Min: 0.0, Avg: 0.0, Max: 0.0, Diff: 0.0, Sum: 0.3]
         [Termination Attempts: Min: 1, Avg: 33.8, Max: 43, Diff: 42, Sum: 270]
      [GC Worker Other (ms): Min: 0.0, Avg: 0.1, Max: 0.3, Diff: 0.2, Sum: 1.2]
      [GC Worker Total (ms): Min: 60.2, Avg: 60.3, Max: 60.4, Diff: 0.2, Sum: 482.6]
      [GC Worker End (ms): Min: 509747259.8, Avg: 509747259.8, Max: 509747259.8, Diff: 0.1]
   [Code Root Fixup: 0.0 ms]
   [Code Root Purge: 0.0 ms]
   [Clear CT: 0.5 ms]
   [Other: 9.4 ms]
      [Choose CSet: 0.0 ms]
      [Ref Proc: 1.6 ms]
      [Ref Enq: 0.2 ms]
      [Redirty Cards: 0.1 ms]
      [Humongous Register: 1.9 ms]
      [Humongous Reclaim: 0.3 ms]
      [Free CSet: 4.0 ms]
   [Eden: 3182.0M(3182.0M)->0.0B(3222.0M) Survivors: 102.0M->88.0M Heap: 5085.5M(6144.0M)->1795.0M(6144.0M)]
 [Times: user=0.36 sys=0.14, real=0.07 secs] 
2025-07-26T09:36:19.481+0800: 509933.317: [GC pause (G1 Evacuation Pause) (young), 0.0734381 secs]
   [Parallel Time: 54.6 ms, GC Workers: 8]
      [GC Worker Start (ms): Min: 509933321.2, Avg: 509933321.3, Max: 509933321.4, Diff: 0.1]
      [Ext Root Scanning (ms): Min: 3.1, Avg: 4.4, Max: 11.2, Diff: 8.1, Sum: 35.3]
      [Update RS (ms): Min: 8.9, Avg: 15.3, Max: 16.4, Diff: 7.5, Sum: 122.5]
         [Processed Buffers: Min: 82, Avg: 107.9, Max: 137, Diff: 55, Sum: 863]
      [Scan RS (ms): Min: 0.6, Avg: 1.6, Max: 1.9, Diff: 1.3, Sum: 12.7]
      [Code Root Scanning (ms): Min: 0.0, Avg: 0.0, Max: 0.0, Diff: 0.0, Sum: 0.1]
      [Object Copy (ms): Min: 32.7, Avg: 32.9, Max: 33.0, Diff: 0.3, Sum: 263.2]
      [Termination (ms): Min: 0.0, Avg: 0.0, Max: 0.0, Diff: 0.0, Sum: 0.0]
         [Termination Attempts: Min: 1, Avg: 3.4, Max: 7, Diff: 6, Sum: 27]
      [GC Worker Other (ms): Min: 0.1, Avg: 0.1, Max: 0.2, Diff: 0.1, Sum: 1.0]
      [GC Worker Total (ms): Min: 54.3, Avg: 54.3, Max: 54.4, Diff: 0.2, Sum: 434.7]
      [GC Worker End (ms): Min: 509933375.6, Avg: 509933375.7, Max: 509933375.7, Diff: 0.1]
   [Code Root Fixup: 0.5 ms]
   [Code Root Purge: 0.0 ms]
   [Clear CT: 0.8 ms]
   [Other: 17.6 ms]
      [Choose CSet: 0.0 ms]
      [Ref Proc: 1.8 ms]
      [Ref Enq: 0.1 ms]
      [Redirty Cards: 0.1 ms]
      [Humongous Register: 3.1 ms]
      [Humongous Reclaim: 3.3 ms]
      [Free CSet: 5.9 ms]
   [Eden: 3222.0M(3222.0M)->0.0B(3240.0M) Survivors: 88.0M->90.0M Heap: 5204.3M(6144.0M)->1796.0M(6144.0M)]
 [Times: user=0.41 sys=0.04, real=0.07 secs] 
2025-07-26T09:39:03.778+0800: 510097.614: [GC pause (G1 Evacuation Pause) (young), 0.0674374 secs]
   [Parallel Time: 56.1 ms, GC Workers: 8]
      [GC Worker Start (ms): Min: 510097617.9, Avg: 510097618.0, Max: 510097618.1, Diff: 0.1]
      [Ext Root Scanning (ms): Min: 3.1, Avg: 4.3, Max: 11.1, Diff: 8.0, Sum: 34.4]
      [Update RS (ms): Min: 10.5, Avg: 16.8, Max: 18.0, Diff: 7.5, Sum: 134.6]
         [Processed Buffers: Min: 82, Avg: 115.9, Max: 140, Diff: 58, Sum: 927]
      [Scan RS (ms): Min: 1.1, Avg: 1.4, Max: 1.6, Diff: 0.5, Sum: 11.2]
      [Code Root Scanning (ms): Min: 0.0, Avg: 0.0, Max: 0.0, Diff: 0.0, Sum: 0.1]
      [Object Copy (ms): Min: 33.1, Avg: 33.2, Max: 33.4, Diff: 0.3, Sum: 266.0]
      [Termination (ms): Min: 0.0, Avg: 0.0, Max: 0.0, Diff: 0.0, Sum: 0.1]
         [Termination Attempts: Min: 1, Avg: 11.1, Max: 14, Diff: 13, Sum: 89]
      [GC Worker Other (ms): Min: 0.1, Avg: 0.1, Max: 0.2, Diff: 0.0, Sum: 1.2]
      [GC Worker Total (ms): Min: 55.8, Avg: 55.9, Max: 56.0, Diff: 0.2, Sum: 447.5]
      [GC Worker End (ms): Min: 510097673.9, Avg: 510097673.9, Max: 510097674.0, Diff: 0.1]
   [Code Root Fixup: 0.0 ms]
   [Code Root Purge: 0.0 ms]
   [Clear CT: 0.7 ms]
   [Other: 10.5 ms]
      [Choose CSet: 0.0 ms]
      [Ref Proc: 1.3 ms]
      [Ref Enq: 0.1 ms]
      [Redirty Cards: 0.1 ms]
      [Humongous Register: 3.1 ms]
      [Humongous Reclaim: 0.6 ms]
      [Free CSet: 4.2 ms]
   [Eden: 3240.0M(3240.0M)->0.0B(3236.0M) Survivors: 90.0M->96.0M Heap: 5223.4M(6144.0M)->1802.0M(6144.0M)]
 [Times: user=0.40 sys=0.06, real=0.06 secs] 
2025-07-26T09:40:25.037+0800: 510178.873: [GC pause (G1 Evacuation Pause) (young), 0.0657723 secs]
   [Parallel Time: 59.2 ms, GC Workers: 8]
      [GC Worker Start (ms): Min: 510178874.0, Avg: 510178874.0, Max: 510178874.0, Diff: 0.1]
      [Ext Root Scanning (ms): Min: 2.3, Avg: 2.6, Max: 3.4, Diff: 1.0, Sum: 20.8]
      [Update RS (ms): Min: 16.7, Avg: 17.5, Max: 18.4, Diff: 1.8, Sum: 140.3]
         [Processed Buffers: Min: 92, Avg: 125.5, Max: 136, Diff: 44, Sum: 1004]
      [Scan RS (ms): Min: 1.3, Avg: 1.9, Max: 2.0, Diff: 0.8, Sum: 15.1]
      [Code Root Scanning (ms): Min: 0.0, Avg: 0.0, Max: 0.0, Diff: 0.0, Sum: 0.1]
      [Object Copy (ms): Min: 36.7, Avg: 36.9, Max: 37.0, Diff: 0.3, Sum: 295.3]
      [Termination (ms): Min: 0.0, Avg: 0.1, Max: 0.1, Diff: 0.1, Sum: 0.7]
         [Termination Attempts: Min: 1, Avg: 64.0, Max: 81, Diff: 80, Sum: 512]
      [GC Worker Other (ms): Min: 0.0, Avg: 0.1, Max: 0.1, Diff: 0.1, Sum: 0.5]
      [GC Worker Total (ms): Min: 59.0, Avg: 59.1, Max: 59.2, Diff: 0.1, Sum: 472.7]
      [GC Worker End (ms): Min: 510178933.1, Avg: 510178933.1, Max: 510178933.1, Diff: 0.1]
   [Code Root Fixup: 0.0 ms]
   [Code Root Purge: 0.0 ms]
   [Clear CT: 0.6 ms]
   [Other: 5.9 ms]
      [Choose CSet: 0.0 ms]
      [Ref Proc: 1.8 ms]
      [Ref Enq: 0.2 ms]
      [Redirty Cards: 0.1 ms]
      [Humongous Register: 0.6 ms]
      [Humongous Reclaim: 0.3 ms]
      [Free CSet: 2.1 ms]
   [Eden: 3236.0M(3236.0M)->0.0B(3216.0M) Survivors: 96.0M->106.0M Heap: 5179.4M(6144.0M)->1812.0M(6144.0M)]
 [Times: user=0.46 sys=0.03, real=0.06 secs] 
2025-07-26T09:41:07.966+0800: 510221.801: [GC pause (G1 Evacuation Pause) (young), 0.0667850 secs]
   [Parallel Time: 54.1 ms, GC Workers: 8]
      [GC Worker Start (ms): Min: 510221805.9, Avg: 510221806.0, Max: 510221806.0, Diff: 0.1]
      [Ext Root Scanning (ms): Min: 3.1, Avg: 4.3, Max: 11.7, Diff: 8.6, Sum: 34.7]
      [Update RS (ms): Min: 5.9, Avg: 13.1, Max: 14.8, Diff: 8.9, Sum: 104.5]
         [Processed Buffers: Min: 31, Avg: 57.1, Max: 80, Diff: 49, Sum: 457]
      [Scan RS (ms): Min: 0.1, Avg: 0.3, Max: 0.5, Diff: 0.3, Sum: 2.8]
      [Code Root Scanning (ms): Min: 0.0, Avg: 0.0, Max: 0.0, Diff: 0.0, Sum: 0.1]
      [Object Copy (ms): Min: 35.6, Avg: 36.0, Max: 36.2, Diff: 0.6, Sum: 287.7]
      [Termination (ms): Min: 0.0, Avg: 0.1, Max: 0.1, Diff: 0.1, Sum: 0.6]
         [Termination Attempts: Min: 1, Avg: 84.2, Max: 101, Diff: 100, Sum: 674]
      [GC Worker Other (ms): Min: 0.0, Avg: 0.1, Max: 0.2, Diff: 0.2, Sum: 1.2]
      [GC Worker Total (ms): Min: 53.8, Avg: 53.9, Max: 54.0, Diff: 0.2, Sum: 431.4]
      [GC Worker End (ms): Min: 510221859.8, Avg: 510221859.9, Max: 510221859.9, Diff: 0.1]
   [Code Root Fixup: 0.0 ms]
   [Code Root Purge: 0.0 ms]
   [Clear CT: 0.5 ms]
   [Other: 12.1 ms]
      [Choose CSet: 0.0 ms]
      [Ref Proc: 2.8 ms]
      [Ref Enq: 0.2 ms]
      [Redirty Cards: 0.1 ms]
      [Humongous Register: 3.8 ms]
      [Humongous Reclaim: 0.2 ms]
      [Free CSet: 4.0 ms]
   [Eden: 3216.0M(3216.0M)->0.0B(3200.0M) Survivors: 106.0M->112.0M Heap: 5057.8M(6144.0M)->1821.5M(6144.0M)]
 [Times: user=0.31 sys=0.15, real=0.07 secs] 
2025-07-26T09:41:59.023+0800: 510272.859: [GC pause (G1 Evacuation Pause) (young), 0.0548921 secs]
   [Parallel Time: 43.3 ms, GC Workers: 8]
      [GC Worker Start (ms): Min: 510272862.1, Avg: 510272862.2, Max: 510272862.3, Diff: 0.2]
      [Ext Root Scanning (ms): Min: 3.6, Avg: 4.9, Max: 11.7, Diff: 8.1, Sum: 39.0]
      [Update RS (ms): Min: 1.2, Avg: 7.7, Max: 9.2, Diff: 8.0, Sum: 61.8]
         [Processed Buffers: Min: 25, Avg: 45.6, Max: 69, Diff: 44, Sum: 365]
      [Scan RS (ms): Min: 0.1, Avg: 0.4, Max: 0.6, Diff: 0.5, Sum: 3.1]
      [Code Root Scanning (ms): Min: 0.0, Avg: 0.0, Max: 0.0, Diff: 0.0, Sum: 0.1]
      [Object Copy (ms): Min: 29.7, Avg: 29.9, Max: 30.1, Diff: 0.4, Sum: 239.4]
      [Termination (ms): Min: 0.0, Avg: 0.0, Max: 0.0, Diff: 0.0, Sum: 0.2]
         [Termination Attempts: Min: 1, Avg: 29.5, Max: 37, Diff: 36, Sum: 236]
      [GC Worker Other (ms): Min: 0.1, Avg: 0.1, Max: 0.3, Diff: 0.2, Sum: 1.2]
      [GC Worker Total (ms): Min: 43.0, Avg: 43.1, Max: 43.2, Diff: 0.1, Sum: 344.8]
      [GC Worker End (ms): Min: 510272905.3, Avg: 510272905.3, Max: 510272905.3, Diff: 0.1]
   [Code Root Fixup: 0.1 ms]
   [Code Root Purge: 0.0 ms]
   [Clear CT: 0.6 ms]
   [Other: 10.9 ms]
      [Choose CSet: 0.0 ms]
      [Ref Proc: 2.7 ms]
      [Ref Enq: 0.2 ms]
      [Redirty Cards: 0.1 ms]
      [Humongous Register: 2.6 ms]
      [Humongous Reclaim: 0.2 ms]
      [Free CSet: 4.0 ms]
   [Eden: 3200.0M(3200.0M)->0.0B(3212.0M) Survivors: 112.0M->108.0M Heap: 5041.3M(6144.0M)->1814.0M(6144.0M)]
 [Times: user=0.36 sys=0.00, real=0.06 secs] 
2025-07-26T10:00:04.060+0800: 511357.895: [GC pause (G1 Evacuation Pause) (young), 0.1602355 secs]
   [Parallel Time: 147.0 ms, GC Workers: 8]
      [GC Worker Start (ms): Min: 511357898.9, Avg: 511357898.9, Max: 511357899.0, Diff: 0.2]
      [Ext Root Scanning (ms): Min: 2.9, Avg: 4.2, Max: 11.6, Diff: 8.7, Sum: 33.9]
      [Update RS (ms): Min: 15.1, Avg: 21.9, Max: 23.2, Diff: 8.2, Sum: 175.2]
         [Processed Buffers: Min: 11, Avg: 39.0, Max: 68, Diff: 57, Sum: 312]
      [Scan RS (ms): Min: 0.2, Avg: 0.4, Max: 0.5, Diff: 0.3, Sum: 3.0]
      [Code Root Scanning (ms): Min: 0.0, Avg: 0.0, Max: 0.0, Diff: 0.0, Sum: 0.1]
      [Object Copy (ms): Min: 119.8, Avg: 120.0, Max: 120.2, Diff: 0.4, Sum: 960.3]
      [Termination (ms): Min: 0.1, Avg: 0.1, Max: 0.2, Diff: 0.1, Sum: 0.8]
         [Termination Attempts: Min: 39, Avg: 45.8, Max: 51, Diff: 12, Sum: 366]
      [GC Worker Other (ms): Min: 0.0, Avg: 0.1, Max: 0.2, Diff: 0.2, Sum: 1.1]
      [GC Worker Total (ms): Min: 146.8, Avg: 146.8, Max: 146.9, Diff: 0.1, Sum: 1174.4]
      [GC Worker End (ms): Min: 511358045.7, Avg: 511358045.8, Max: 511358045.8, Diff: 0.1]
   [Code Root Fixup: 0.0 ms]
   [Code Root Purge: 0.0 ms]
   [Clear CT: 0.6 ms]
   [Other: 12.6 ms]
      [Choose CSet: 0.0 ms]
      [Ref Proc: 4.3 ms]
      [Ref Enq: 0.2 ms]
      [Redirty Cards: 0.2 ms]
      [Humongous Register: 2.6 ms]
      [Humongous Reclaim: 0.1 ms]
      [Free CSet: 4.0 ms]
   [Eden: 3212.0M(3212.0M)->0.0B(2746.0M) Survivors: 108.0M->336.0M Heap: 5032.5M(6144.0M)->2048.5M(6144.0M)]
 [Times: user=1.10 sys=0.09, real=0.16 secs] 
2025-07-26T10:00:19.102+0800: 511372.938: [GC pause (G1 Evacuation Pause) (young), 0.3783179 secs]
   [Parallel Time: 372.5 ms, GC Workers: 8]
      [GC Worker Start (ms): Min: 511372938.6, Avg: 511372938.7, Max: 511372938.7, Diff: 0.1]
      [Ext Root Scanning (ms): Min: 2.2, Avg: 3.3, Max: 10.2, Diff: 8.0, Sum: 26.7]
      [Update RS (ms): Min: 114.3, Avg: 123.3, Max: 134.2, Diff: 19.8, Sum: 986.7]
         [Processed Buffers: Min: 11, Avg: 37.9, Max: 191, Diff: 180, Sum: 303]
      [Scan RS (ms): Min: 0.1, Avg: 0.3, Max: 1.1, Diff: 1.0, Sum: 2.1]
      [Code Root Scanning (ms): Min: 0.0, Avg: 0.0, Max: 0.1, Diff: 0.1, Sum: 0.1]
      [Object Copy (ms): Min: 235.6, Avg: 245.4, Max: 248.4, Diff: 12.8, Sum: 1962.9]
      [Termination (ms): Min: 0.0, Avg: 0.0, Max: 0.0, Diff: 0.0, Sum: 0.0]
         [Termination Attempts: Min: 1, Avg: 5.6, Max: 12, Diff: 11, Sum: 45]
      [GC Worker Other (ms): Min: 0.0, Avg: 0.1, Max: 0.1, Diff: 0.1, Sum: 0.5]
      [GC Worker Total (ms): Min: 372.3, Avg: 372.4, Max: 372.4, Diff: 0.1, Sum: 2978.9]
      [GC Worker End (ms): Min: 511373311.0, Avg: 511373311.0, Max: 511373311.1, Diff: 0.1]
   [Code Root Fixup: 0.1 ms]
   [Code Root Purge: 0.0 ms]
   [Clear CT: 0.6 ms]
   [Other: 5.2 ms]
      [Choose CSet: 0.0 ms]
      [Ref Proc: 1.1 ms]
      [Ref Enq: 0.1 ms]
      [Redirty Cards: 0.9 ms]
      [Humongous Register: 0.3 ms]
      [Humongous Reclaim: 0.1 ms]
      [Free CSet: 1.9 ms]
   [Eden: 2746.0M(2746.0M)->0.0B(76.0M) Survivors: 336.0M->230.0M Heap: 4801.1M(6144.0M)->2259.6M(6144.0M)]
 [Times: user=2.26 sys=0.70, real=0.38 secs] 
2025-07-26T10:00:20.312+0800: 511374.148: [GC pause (G1 Evacuation Pause) (young), 0.1087961 secs]
   [Parallel Time: 105.8 ms, GC Workers: 8]
      [GC Worker Start (ms): Min: 511374148.6, Avg: 511374148.6, Max: 511374148.7, Diff: 0.2]
      [Ext Root Scanning (ms): Min: 2.2, Avg: 2.5, Max: 3.3, Diff: 1.1, Sum: 20.2]
      [Update RS (ms): Min: 22.1, Avg: 22.8, Max: 23.0, Diff: 0.9, Sum: 182.2]
         [Processed Buffers: Min: 67, Avg: 82.8, Max: 90, Diff: 23, Sum: 662]
      [Scan RS (ms): Min: 2.1, Avg: 2.2, Max: 2.2, Diff: 0.1, Sum: 17.5]
      [Code Root Scanning (ms): Min: 0.0, Avg: 0.0, Max: 0.0, Diff: 0.0, Sum: 0.0]
      [Object Copy (ms): Min: 77.8, Avg: 78.1, Max: 78.2, Diff: 0.4, Sum: 624.5]
      [Termination (ms): Min: 0.0, Avg: 0.1, Max: 0.1, Diff: 0.1, Sum: 0.5]
         [Termination Attempts: Min: 1, Avg: 72.5, Max: 101, Diff: 100, Sum: 580]
      [GC Worker Other (ms): Min: 0.0, Avg: 0.0, Max: 0.1, Diff: 0.0, Sum: 0.2]
      [GC Worker Total (ms): Min: 105.5, Avg: 105.6, Max: 105.7, Diff: 0.2, Sum: 845.1]
      [GC Worker End (ms): Min: 511374254.3, Avg: 511374254.3, Max: 511374254.3, Diff: 0.0]
   [Code Root Fixup: 0.1 ms]
   [Code Root Purge: 0.0 ms]
   [Clear CT: 0.1 ms]
   [Other: 2.8 ms]
      [Choose CSet: 0.0 ms]
      [Ref Proc: 0.4 ms]
      [Ref Enq: 0.0 ms]
      [Redirty Cards: 0.6 ms]
      [Humongous Register: 0.3 ms]
      [Humongous Reclaim: 0.1 ms]
      [Free CSet: 0.4 ms]
   [Eden: 76.0M(76.0M)->0.0B(286.0M) Survivors: 230.0M->20.0M Heap: 2335.6M(6144.0M)->2262.2M(6144.0M)]
 [Times: user=0.83 sys=0.02, real=0.11 secs] 
2025-07-26T10:00:20.828+0800: 511374.664: [GC pause (G1 Evacuation Pause) (young), 0.0306083 secs]
   [Parallel Time: 28.2 ms, GC Workers: 8]
      [GC Worker Start (ms): Min: 511374664.5, Avg: 511374664.5, Max: 511374664.6, Diff: 0.1]
      [Ext Root Scanning (ms): Min: 2.2, Avg: 2.6, Max: 4.2, Diff: 2.0, Sum: 21.2]
      [Update RS (ms): Min: 20.6, Avg: 22.2, Max: 22.7, Diff: 2.1, Sum: 177.5]
         [Processed Buffers: Min: 71, Avg: 92.8, Max: 106, Diff: 35, Sum: 742]
      [Scan RS (ms): Min: 0.0, Avg: 0.1, Max: 0.1, Diff: 0.1, Sum: 0.5]
      [Code Root Scanning (ms): Min: 0.0, Avg: 0.0, Max: 0.0, Diff: 0.0, Sum: 0.0]
      [Object Copy (ms): Min: 3.0, Avg: 3.1, Max: 3.2, Diff: 0.2, Sum: 24.6]
      [Termination (ms): Min: 0.0, Avg: 0.0, Max: 0.0, Diff: 0.0, Sum: 0.1]
         [Termination Attempts: Min: 1, Avg: 1.0, Max: 1, Diff: 0, Sum: 8]
      [GC Worker Other (ms): Min: 0.0, Avg: 0.0, Max: 0.0, Diff: 0.0, Sum: 0.2]
      [GC Worker Total (ms): Min: 27.9, Avg: 28.0, Max: 28.1, Diff: 0.1, Sum: 224.1]
      [GC Worker End (ms): Min: 511374692.6, Avg: 511374692.6, Max: 511374692.6, Diff: 0.0]
   [Code Root Fixup: 0.1 ms]
   [Code Root Purge: 0.0 ms]
   [Clear CT: 0.1 ms]
   [Other: 2.2 ms]
      [Choose CSet: 0.0 ms]
      [Ref Proc: 0.3 ms]
      [Ref Enq: 0.0 ms]
      [Redirty Cards: 0.1 ms]
      [Humongous Register: 0.3 ms]
      [Humongous Reclaim: 0.2 ms]
      [Free CSet: 0.3 ms]
   [Eden: 286.0M(286.0M)->0.0B(280.0M) Survivors: 20.0M->26.0M Heap: 2571.0M(6144.0M)->2267.2M(6144.0M)]
 [Times: user=0.23 sys=0.00, real=0.03 secs] 
2025-07-26T10:00:22.470+0800: 511376.306: [GC pause (G1 Evacuation Pause) (young), 0.0112729 secs]
   [Parallel Time: 9.3 ms, GC Workers: 8]
      [GC Worker Start (ms): Min: 511376306.3, Avg: 511376306.3, Max: 511376306.3, Diff: 0.1]
      [Ext Root Scanning (ms): Min: 2.1, Avg: 2.5, Max: 3.8, Diff: 1.7, Sum: 20.1]
      [Update RS (ms): Min: 3.3, Avg: 4.6, Max: 5.1, Diff: 1.7, Sum: 37.2]
         [Processed Buffers: Min: 26, Avg: 37.8, Max: 49, Diff: 23, Sum: 302]
      [Scan RS (ms): Min: 0.0, Avg: 0.0, Max: 0.0, Diff: 0.0, Sum: 0.2]
      [Code Root Scanning (ms): Min: 0.0, Avg: 0.0, Max: 0.0, Diff: 0.0, Sum: 0.0]
      [Object Copy (ms): Min: 1.8, Avg: 1.9, Max: 2.0, Diff: 0.3, Sum: 15.0]
      [Termination (ms): Min: 0.0, Avg: 0.1, Max: 0.1, Diff: 0.1, Sum: 0.5]
         [Termination Attempts: Min: 1, Avg: 1.0, Max: 1, Diff: 0, Sum: 8]
      [GC Worker Other (ms): Min: 0.0, Avg: 0.0, Max: 0.0, Diff: 0.0, Sum: 0.1]
      [GC Worker Total (ms): Min: 9.1, Avg: 9.1, Max: 9.2, Diff: 0.1, Sum: 73.1]
      [GC Worker End (ms): Min: 511376315.4, Avg: 511376315.4, Max: 511376315.5, Diff: 0.1]
   [Code Root Fixup: 0.0 ms]
   [Code Root Purge: 0.0 ms]
   [Clear CT: 0.1 ms]
   [Other: 1.8 ms]
      [Choose CSet: 0.0 ms]
      [Ref Proc: 0.3 ms]
      [Ref Enq: 0.0 ms]
      [Redirty Cards: 0.1 ms]
      [Humongous Register: 0.3 ms]
      [Humongous Reclaim: 0.1 ms]
      [Free CSet: 0.3 ms]
   [Eden: 280.0M(280.0M)->0.0B(652.0M) Survivors: 26.0M->22.0M Heap: 2570.4M(6144.0M)->2263.2M(6144.0M)]
 [Times: user=0.05 sys=0.03, real=0.01 secs] 
2025-07-26T10:00:31.005+0800: 511384.841: [GC pause (G1 Evacuation Pause) (young), 0.0179622 secs]
   [Parallel Time: 10.1 ms, GC Workers: 8]
      [GC Worker Start (ms): Min: 511384846.1, Avg: 511384846.2, Max: 511384846.3, Diff: 0.2]
      [Ext Root Scanning (ms): Min: 2.9, Avg: 3.5, Max: 5.6, Diff: 2.7, Sum: 27.8]
      [Update RS (ms): Min: 0.0, Avg: 1.9, Max: 2.4, Diff: 2.4, Sum: 14.9]
         [Processed Buffers: Min: 0, Avg: 20.0, Max: 34, Diff: 34, Sum: 160]
      [Scan RS (ms): Min: 0.0, Avg: 0.1, Max: 0.1, Diff: 0.1, Sum: 0.5]
      [Code Root Scanning (ms): Min: 0.0, Avg: 0.0, Max: 0.0, Diff: 0.0, Sum: 0.0]
      [Object Copy (ms): Min: 4.0, Avg: 4.3, Max: 4.5, Diff: 0.4, Sum: 34.8]
      [Termination (ms): Min: 0.0, Avg: 0.0, Max: 0.0, Diff: 0.0, Sum: 0.0]
         [Termination Attempts: Min: 1, Avg: 3.2, Max: 6, Diff: 5, Sum: 26]
      [GC Worker Other (ms): Min: 0.1, Avg: 0.1, Max: 0.2, Diff: 0.1, Sum: 1.0]
      [GC Worker Total (ms): Min: 9.7, Avg: 9.9, Max: 10.0, Diff: 0.3, Sum: 79.1]
      [GC Worker End (ms): Min: 511384856.1, Avg: 511384856.1, Max: 511384856.1, Diff: 0.1]
   [Code Root Fixup: 0.0 ms]
   [Code Root Purge: 0.0 ms]
   [Clear CT: 0.1 ms]
   [Other: 7.7 ms]
      [Choose CSet: 0.0 ms]
      [Ref Proc: 0.8 ms]
      [Ref Enq: 0.1 ms]
      [Redirty Cards: 0.1 ms]
      [Humongous Register: 4.6 ms]
      [Humongous Reclaim: 0.1 ms]
      [Free CSet: 1.1 ms]
   [Eden: 652.0M(652.0M)->0.0B(1258.0M) Survivors: 22.0M->36.0M Heap: 2915.2M(6144.0M)->2278.2M(6144.0M)]
 [Times: user=0.08 sys=0.00, real=0.02 secs] 
2025-07-26T10:00:48.459+0800: 511402.295: [GC pause (G1 Evacuation Pause) (young), 0.0129511 secs]
   [Parallel Time: 9.0 ms, GC Workers: 8]
      [GC Worker Start (ms): Min: 511402295.7, Avg: 511402295.8, Max: 511402295.9, Diff: 0.2]
      [Ext Root Scanning (ms): Min: 2.1, Avg: 2.4, Max: 3.1, Diff: 1.0, Sum: 19.2]
      [Update RS (ms): Min: 0.9, Avg: 1.4, Max: 2.2, Diff: 1.3, Sum: 11.5]
         [Processed Buffers: Min: 10, Avg: 22.0, Max: 34, Diff: 24, Sum: 176]
      [Scan RS (ms): Min: 0.0, Avg: 0.1, Max: 0.2, Diff: 0.1, Sum: 0.9]
      [Code Root Scanning (ms): Min: 0.0, Avg: 0.0, Max: 0.0, Diff: 0.0, Sum: 0.0]
      [Object Copy (ms): Min: 4.2, Avg: 4.7, Max: 4.9, Diff: 0.7, Sum: 37.8]
      [Termination (ms): Min: 0.0, Avg: 0.0, Max: 0.0, Diff: 0.0, Sum: 0.1]
         [Termination Attempts: Min: 1, Avg: 12.6, Max: 20, Diff: 19, Sum: 101]
      [GC Worker Other (ms): Min: 0.0, Avg: 0.0, Max: 0.1, Diff: 0.1, Sum: 0.4]
      [GC Worker Total (ms): Min: 8.7, Avg: 8.7, Max: 8.8, Diff: 0.2, Sum: 70.0]
      [GC Worker End (ms): Min: 511402304.5, Avg: 511402304.5, Max: 511402304.6, Diff: 0.1]
   [Code Root Fixup: 0.0 ms]
   [Code Root Purge: 0.0 ms]
   [Clear CT: 0.3 ms]
   [Other: 3.7 ms]
      [Choose CSet: 0.0 ms]
      [Ref Proc: 1.1 ms]
      [Ref Enq: 0.1 ms]
      [Redirty Cards: 0.1 ms]
      [Humongous Register: 0.4 ms]
      [Humongous Reclaim: 0.1 ms]
      [Free CSet: 1.2 ms]
   [Eden: 1258.0M(1258.0M)->0.0B(2502.0M) Survivors: 36.0M->36.0M Heap: 3536.2M(6144.0M)->2277.2M(6144.0M)]
 [Times: user=0.07 sys=0.00, real=0.01 secs] 
2025-07-26T10:01:13.962+0800: 511427.798: [GC pause (G1 Evacuation Pause) (young), 0.0276738 secs]
   [Parallel Time: 21.3 ms, GC Workers: 8]
      [GC Worker Start (ms): Min: 511427798.9, Avg: 511427799.0, Max: 511427799.0, Diff: 0.1]
      [Ext Root Scanning (ms): Min: 2.2, Avg: 2.4, Max: 3.3, Diff: 1.2, Sum: 19.5]
      [Update RS (ms): Min: 10.4, Avg: 11.0, Max: 11.4, Diff: 1.0, Sum: 88.0]
         [Processed Buffers: Min: 58, Avg: 73.0, Max: 88, Diff: 30, Sum: 584]
      [Scan RS (ms): Min: 0.1, Avg: 0.3, Max: 0.3, Diff: 0.2, Sum: 2.1]
      [Code Root Scanning (ms): Min: 0.0, Avg: 0.0, Max: 0.0, Diff: 0.0, Sum: 0.0]
      [Object Copy (ms): Min: 7.2, Avg: 7.4, Max: 7.5, Diff: 0.2, Sum: 59.2]
      [Termination (ms): Min: 0.0, Avg: 0.0, Max: 0.0, Diff: 0.0, Sum: 0.0]
         [Termination Attempts: Min: 1, Avg: 1.9, Max: 3, Diff: 2, Sum: 15]
      [GC Worker Other (ms): Min: 0.0, Avg: 0.1, Max: 0.1, Diff: 0.1, Sum: 0.6]
      [GC Worker Total (ms): Min: 21.1, Avg: 21.2, Max: 21.3, Diff: 0.1, Sum: 169.5]
      [GC Worker End (ms): Min: 511427820.1, Avg: 511427820.2, Max: 511427820.2, Diff: 0.1]
   [Code Root Fixup: 0.0 ms]
   [Code Root Purge: 0.0 ms]
   [Clear CT: 0.5 ms]
   [Other: 5.8 ms]
      [Choose CSet: 0.0 ms]
      [Ref Proc: 1.7 ms]
      [Ref Enq: 0.2 ms]
      [Redirty Cards: 0.1 ms]
      [Humongous Register: 0.7 ms]
      [Humongous Reclaim: 0.2 ms]
      [Free CSet: 2.2 ms]
   [Eden: 2502.0M(2502.0M)->0.0B(2618.0M) Survivors: 36.0M->36.0M Heap: 4828.7M(6144.0M)->2278.2M(6144.0M)]
 [Times: user=0.18 sys=0.00, real=0.03 secs] 
2025-07-26T10:01:45.365+0800: 511459.200: [GC pause (G1 Evacuation Pause) (young), 0.0317382 secs]
   [Parallel Time: 21.4 ms, GC Workers: 8]
      [GC Worker Start (ms): Min: 511459204.5, Avg: 511459204.6, Max: 511459204.7, Diff: 0.1]
      [Ext Root Scanning (ms): Min: 3.1, Avg: 4.4, Max: 11.5, Diff: 8.4, Sum: 34.9]
      [Update RS (ms): Min: 4.1, Avg: 11.0, Max: 12.2, Diff: 8.1, Sum: 87.8]
         [Processed Buffers: Min: 38, Avg: 74.4, Max: 93, Diff: 55, Sum: 595]
      [Scan RS (ms): Min: 0.1, Avg: 0.3, Max: 0.4, Diff: 0.3, Sum: 2.3]
      [Code Root Scanning (ms): Min: 0.0, Avg: 0.0, Max: 0.0, Diff: 0.0, Sum: 0.1]
      [Object Copy (ms): Min: 5.1, Avg: 5.4, Max: 5.5, Diff: 0.4, Sum: 42.9]
      [Termination (ms): Min: 0.0, Avg: 0.1, Max: 0.2, Diff: 0.2, Sum: 0.9]
         [Termination Attempts: Min: 1, Avg: 1.1, Max: 2, Diff: 1, Sum: 9]
      [GC Worker Other (ms): Min: 0.0, Avg: 0.1, Max: 0.1, Diff: 0.1, Sum: 0.8]
      [GC Worker Total (ms): Min: 21.1, Avg: 21.2, Max: 21.3, Diff: 0.1, Sum: 169.6]
      [GC Worker End (ms): Min: 511459225.8, Avg: 511459225.8, Max: 511459225.8, Diff: 0.1]
   [Code Root Fixup: 0.0 ms]
   [Code Root Purge: 0.0 ms]
   [Clear CT: 0.4 ms]
   [Other: 9.8 ms]
      [Choose CSet: 0.0 ms]
      [Ref Proc: 1.6 ms]
      [Ref Enq: 0.2 ms]
      [Redirty Cards: 0.1 ms]
      [Humongous Register: 3.6 ms]
      [Humongous Reclaim: 0.2 ms]
      [Free CSet: 3.2 ms]
   [Eden: 2618.0M(2618.0M)->0.0B(2664.0M) Survivors: 36.0M->32.0M Heap: 4948.1M(6144.0M)->2273.6M(6144.0M)]
 [Times: user=0.18 sys=0.00, real=0.03 secs] 
2025-07-26T10:02:55.778+0800: 511529.613: [GC pause (G1 Evacuation Pause) (young), 0.0341136 secs]
   [Parallel Time: 23.4 ms, GC Workers: 8]
      [GC Worker Start (ms): Min: 511529617.3, Avg: 511529617.4, Max: 511529617.6, Diff: 0.3]
      [Ext Root Scanning (ms): Min: 2.9, Avg: 4.2, Max: 10.9, Diff: 8.0, Sum: 33.3]
      [Update RS (ms): Min: 5.0, Avg: 11.5, Max: 12.6, Diff: 7.7, Sum: 92.0]
         [Processed Buffers: Min: 56, Avg: 76.1, Max: 99, Diff: 43, Sum: 609]
      [Scan RS (ms): Min: 0.2, Avg: 0.3, Max: 0.4, Diff: 0.2, Sum: 2.3]
      [Code Root Scanning (ms): Min: 0.0, Avg: 0.0, Max: 0.0, Diff: 0.0, Sum: 0.0]
      [Object Copy (ms): Min: 6.9, Avg: 7.1, Max: 7.2, Diff: 0.3, Sum: 56.8]
      [Termination (ms): Min: 0.0, Avg: 0.0, Max: 0.0, Diff: 0.0, Sum: 0.0]
         [Termination Attempts: Min: 1, Avg: 2.0, Max: 3, Diff: 2, Sum: 16]
      [GC Worker Other (ms): Min: 0.1, Avg: 0.2, Max: 0.2, Diff: 0.2, Sum: 1.3]
      [GC Worker Total (ms): Min: 23.1, Avg: 23.2, Max: 23.4, Diff: 0.3, Sum: 185.8]
      [GC Worker End (ms): Min: 511529640.6, Avg: 511529640.6, Max: 511529640.7, Diff: 0.1]
   [Code Root Fixup: 0.0 ms]
   [Code Root Purge: 0.0 ms]
   [Clear CT: 0.6 ms]
   [Other: 10.0 ms]
      [Choose CSet: 0.0 ms]
      [Ref Proc: 1.6 ms]
      [Ref Enq: 0.2 ms]
      [Redirty Cards: 0.1 ms]
      [Humongous Register: 3.3 ms]
      [Humongous Reclaim: 0.3 ms]
      [Free CSet: 3.4 ms]
   [Eden: 2664.0M(2664.0M)->0.0B(2698.0M) Survivors: 32.0M->32.0M Heap: 4989.5M(6144.0M)->2273.2M(6144.0M)]
 [Times: user=0.17 sys=0.02, real=0.03 secs] 
2025-07-26T10:04:20.775+0800: 511614.611: [GC pause (G1 Humongous Allocation) (young) (initial-mark), 0.0359013 secs]
   [Parallel Time: 31.5 ms, GC Workers: 8]
      [GC Worker Start (ms): Min: 511614612.5, Avg: 511614612.6, Max: 511614612.7, Diff: 0.3]
      [Ext Root Scanning (ms): Min: 3.5, Avg: 3.7, Max: 4.0, Diff: 0.6, Sum: 29.4]
      [Update RS (ms): Min: 20.1, Avg: 20.2, Max: 20.4, Diff: 0.3, Sum: 161.8]
         [Processed Buffers: Min: 103, Avg: 120.1, Max: 139, Diff: 36, Sum: 961]
      [Scan RS (ms): Min: 0.1, Avg: 0.2, Max: 0.2, Diff: 0.2, Sum: 1.4]
      [Code Root Scanning (ms): Min: 0.0, Avg: 0.0, Max: 0.0, Diff: 0.0, Sum: 0.0]
      [Object Copy (ms): Min: 6.3, Avg: 6.6, Max: 6.8, Diff: 0.5, Sum: 53.1]
      [Termination (ms): Min: 0.0, Avg: 0.0, Max: 0.0, Diff: 0.0, Sum: 0.0]
         [Termination Attempts: Min: 1, Avg: 1.0, Max: 1, Diff: 0, Sum: 8]
      [GC Worker Other (ms): Min: 0.0, Avg: 0.1, Max: 0.1, Diff: 0.1, Sum: 0.5]
      [GC Worker Total (ms): Min: 30.6, Avg: 30.8, Max: 30.9, Diff: 0.3, Sum: 246.2]
      [GC Worker End (ms): Min: 511614643.3, Avg: 511614643.4, Max: 511614643.4, Diff: 0.1]
   [Code Root Fixup: 0.0 ms]
   [Code Root Purge: 0.0 ms]
   [Clear CT: 0.3 ms]
   [Other: 4.0 ms]
      [Choose CSet: 0.0 ms]
      [Ref Proc: 0.8 ms]
      [Ref Enq: 0.1 ms]
      [Redirty Cards: 0.1 ms]
      [Humongous Register: 0.7 ms]
      [Humongous Reclaim: 0.3 ms]
      [Free CSet: 0.9 ms]
   [Eden: 1690.0M(2698.0M)->0.0B(2726.0M) Survivors: 32.0M->28.0M Heap: 4063.5M(6144.0M)->2272.6M(6144.0M)]
 [Times: user=0.24 sys=0.01, real=0.04 secs] 
2025-07-26T10:04:20.811+0800: 511614.647: [GC concurrent-root-region-scan-start]
2025-07-26T10:04:20.824+0800: 511614.660: [GC concurrent-root-region-scan-end, 0.0129952 secs]
2025-07-26T10:04:20.824+0800: 511614.660: [GC concurrent-mark-start]
2025-07-26T10:04:21.611+0800: 511615.447: [GC concurrent-mark-end, 0.7869199 secs]
2025-07-26T10:04:21.614+0800: 511615.450: [GC remark 2025-07-26T10:04:21.615+0800: 511615.450: [Finalize Marking, 0.0005562 secs] 2025-07-26T10:04:21.615+0800: 511615.451: [GC ref-proc, 0.0068023 secs] 2025-07-26T10:04:21.622+0800: 511615.457: [Unloading, 0.0515031 secs], 0.0617184 secs]
 [Times: user=0.22 sys=0.13, real=0.06 secs] 
2025-07-26T10:04:21.680+0800: 511615.515: [GC cleanup 2620M->2493M(6144M), 0.0041063 secs]
 [Times: user=0.02 sys=0.01, real=0.00 secs] 
2025-07-26T10:04:21.684+0800: 511615.520: [GC concurrent-cleanup-start]
2025-07-26T10:04:21.684+0800: 511615.520: [GC concurrent-cleanup-end, 0.0002689 secs]
2025-07-26T10:06:21.806+0800: 511735.642: [GC pause (G1 Evacuation Pause) (young), 0.0465075 secs]
   [Parallel Time: 34.9 ms, GC Workers: 8]
      [GC Worker Start (ms): Min: 511735643.5, Avg: 511735643.6, Max: 511735643.7, Diff: 0.2]
      [Ext Root Scanning (ms): Min: 3.1, Avg: 4.3, Max: 10.3, Diff: 7.2, Sum: 34.1]
      [Update RS (ms): Min: 7.0, Avg: 12.9, Max: 14.2, Diff: 7.2, Sum: 103.4]
         [Processed Buffers: Min: 53, Avg: 92.0, Max: 120, Diff: 67, Sum: 736]
      [Scan RS (ms): Min: 0.8, Avg: 1.1, Max: 1.3, Diff: 0.5, Sum: 8.7]
      [Code Root Scanning (ms): Min: 0.0, Avg: 0.0, Max: 0.0, Diff: 0.0, Sum: 0.1]
      [Object Copy (ms): Min: 16.1, Avg: 16.3, Max: 16.4, Diff: 0.3, Sum: 130.2]
      [Termination (ms): Min: 0.0, Avg: 0.0, Max: 0.0, Diff: 0.0, Sum: 0.0]
         [Termination Attempts: Min: 1, Avg: 1.0, Max: 1, Diff: 0, Sum: 8]
      [GC Worker Other (ms): Min: 0.0, Avg: 0.1, Max: 0.1, Diff: 0.1, Sum: 0.6]
      [GC Worker Total (ms): Min: 34.5, Avg: 34.6, Max: 34.7, Diff: 0.2, Sum: 277.1]
      [GC Worker End (ms): Min: 511735678.2, Avg: 511735678.3, Max: 511735678.3, Diff: 0.1]
   [Code Root Fixup: 0.0 ms]
   [Code Root Purge: 0.0 ms]
   [Clear CT: 0.6 ms]
   [Other: 11.0 ms]
      [Choose CSet: 0.0 ms]
      [Ref Proc: 4.8 ms]
      [Ref Enq: 0.2 ms]
      [Redirty Cards: 0.1 ms]
      [Humongous Register: 1.2 ms]
      [Humongous Reclaim: 0.4 ms]
      [Free CSet: 3.3 ms]
   [Eden: 2726.0M(2726.0M)->0.0B(262.0M) Survivors: 28.0M->44.0M Heap: 5053.8M(6144.0M)->2158.1M(6144.0M)]
 [Times: user=0.23 sys=0.05, real=0.05 secs] 
2025-07-26T10:06:48.488+0800: 511762.324: [GC pause (G1 Evacuation Pause) (mixed), 0.0371543 secs]
   [Parallel Time: 23.8 ms, GC Workers: 8]
      [GC Worker Start (ms): Min: 511762330.9, Avg: 511762331.0, Max: 511762331.1, Diff: 0.1]
      [Ext Root Scanning (ms): Min: 3.0, Avg: 4.2, Max: 11.2, Diff: 8.2, Sum: 33.9]
      [Update RS (ms): Min: 0.0, Avg: 2.1, Max: 2.9, Diff: 2.9, Sum: 16.7]
         [Processed Buffers: Min: 0, Avg: 21.2, Max: 38, Diff: 38, Sum: 170]
      [Scan RS (ms): Min: 0.0, Avg: 4.0, Max: 4.8, Diff: 4.7, Sum: 32.4]
      [Code Root Scanning (ms): Min: 0.0, Avg: 0.0, Max: 0.0, Diff: 0.0, Sum: 0.0]
      [Object Copy (ms): Min: 12.3, Avg: 13.1, Max: 13.3, Diff: 0.9, Sum: 104.9]
      [Termination (ms): Min: 0.0, Avg: 0.0, Max: 0.0, Diff: 0.0, Sum: 0.0]
         [Termination Attempts: Min: 1, Avg: 3.0, Max: 5, Diff: 4, Sum: 24]
      [GC Worker Other (ms): Min: 0.0, Avg: 0.1, Max: 0.1, Diff: 0.1, Sum: 0.6]
      [GC Worker Total (ms): Min: 23.5, Avg: 23.6, Max: 23.6, Diff: 0.1, Sum: 188.5]
      [GC Worker End (ms): Min: 511762354.5, Avg: 511762354.5, Max: 511762354.6, Diff: 0.0]
   [Code Root Fixup: 0.0 ms]
   [Code Root Purge: 0.0 ms]
   [Clear CT: 0.3 ms]
   [Other: 13.0 ms]
      [Choose CSet: 2.1 ms]
      [Ref Proc: 1.9 ms]
      [Ref Enq: 0.0 ms]
      [Redirty Cards: 0.2 ms]
      [Humongous Register: 4.5 ms]
      [Humongous Reclaim: 0.1 ms]
      [Free CSet: 2.9 ms]
   [Eden: 262.0M(262.0M)->0.0B(292.0M) Survivors: 44.0M->14.0M Heap: 2420.1M(6144.0M)->1541.1M(6144.0M)]
 [Times: user=0.18 sys=0.01, real=0.03 secs] 
2025-07-26T10:06:58.044+0800: 511771.880: [GC pause (G1 Evacuation Pause) (mixed), 0.0489285 secs]
   [Parallel Time: 41.6 ms, GC Workers: 8]
      [GC Worker Start (ms): Min: 511771882.0, Avg: 511771882.0, Max: 511771882.1, Diff: 0.1]
      [Ext Root Scanning (ms): Min: 2.2, Avg: 2.5, Max: 3.0, Diff: 0.8, Sum: 20.2]
      [Update RS (ms): Min: 10.1, Avg: 10.5, Max: 10.7, Diff: 0.6, Sum: 83.9]
         [Processed Buffers: Min: 39, Avg: 50.0, Max: 56, Diff: 17, Sum: 400]
      [Scan RS (ms): Min: 4.1, Avg: 4.3, Max: 4.4, Diff: 0.3, Sum: 34.6]
      [Code Root Scanning (ms): Min: 0.0, Avg: 0.0, Max: 0.3, Diff: 0.3, Sum: 0.4]
      [Object Copy (ms): Min: 23.8, Avg: 23.9, Max: 24.1, Diff: 0.3, Sum: 191.5]
      [Termination (ms): Min: 0.0, Avg: 0.0, Max: 0.0, Diff: 0.0, Sum: 0.1]
         [Termination Attempts: Min: 1, Avg: 14.2, Max: 21, Diff: 20, Sum: 114]
      [GC Worker Other (ms): Min: 0.0, Avg: 0.0, Max: 0.1, Diff: 0.1, Sum: 0.4]
      [GC Worker Total (ms): Min: 41.3, Avg: 41.4, Max: 41.4, Diff: 0.1, Sum: 331.1]
      [GC Worker End (ms): Min: 511771923.4, Avg: 511771923.4, Max: 511771923.5, Diff: 0.0]
   [Code Root Fixup: 0.1 ms]
   [Code Root Purge: 0.0 ms]
   [Clear CT: 0.6 ms]
   [Other: 6.6 ms]
      [Choose CSet: 1.5 ms]
      [Ref Proc: 0.7 ms]
      [Ref Enq: 0.0 ms]
      [Redirty Cards: 0.3 ms]
      [Humongous Register: 0.5 ms]
      [Humongous Reclaim: 0.2 ms]
      [Free CSet: 2.4 ms]
   [Eden: 292.0M(292.0M)->0.0B(3656.0M) Survivors: 14.0M->24.0M Heap: 1857.7M(6144.0M)->1342.4M(6144.0M)]
 [Times: user=0.34 sys=0.00, real=0.05 secs] 
2025-07-26T10:09:28.416+0800: 511922.252: [GC pause (G1 Evacuation Pause) (young), 0.0444473 secs]
   [Parallel Time: 31.9 ms, GC Workers: 8]
      [GC Worker Start (ms): Min: 511922254.5, Avg: 511922254.6, Max: 511922254.8, Diff: 0.4]
      [Ext Root Scanning (ms): Min: 2.5, Avg: 3.9, Max: 10.4, Diff: 7.9, Sum: 31.5]
      [Update RS (ms): Min: 12.6, Avg: 18.9, Max: 20.3, Diff: 7.7, Sum: 150.8]
         [Processed Buffers: Min: 106, Avg: 131.5, Max: 147, Diff: 41, Sum: 1052]
      [Scan RS (ms): Min: 0.4, Avg: 0.6, Max: 0.8, Diff: 0.4, Sum: 5.1]
      [Code Root Scanning (ms): Min: 0.0, Avg: 0.0, Max: 0.0, Diff: 0.0, Sum: 0.1]
      [Object Copy (ms): Min: 7.8, Avg: 7.9, Max: 8.0, Diff: 0.3, Sum: 63.4]
      [Termination (ms): Min: 0.0, Avg: 0.0, Max: 0.0, Diff: 0.0, Sum: 0.0]
         [Termination Attempts: Min: 1, Avg: 1.0, Max: 1, Diff: 0, Sum: 8]
      [GC Worker Other (ms): Min: 0.1, Avg: 0.2, Max: 0.2, Diff: 0.1, Sum: 1.5]
      [GC Worker Total (ms): Min: 31.4, Avg: 31.5, Max: 31.7, Diff: 0.3, Sum: 252.4]
      [GC Worker End (ms): Min: 511922286.1, Avg: 511922286.2, Max: 511922286.2, Diff: 0.1]
   [Code Root Fixup: 0.0 ms]
   [Code Root Purge: 0.0 ms]
   [Clear CT: 0.7 ms]
   [Other: 11.8 ms]
      [Choose CSet: 0.0 ms]
      [Ref Proc: 2.7 ms]
      [Ref Enq: 0.1 ms]
      [Redirty Cards: 0.1 ms]
      [Humongous Register: 1.6 ms]
      [Humongous Reclaim: 0.6 ms]
      [Free CSet: 5.2 ms]
   [Eden: 3656.0M(3656.0M)->0.0B(3664.0M) Survivors: 24.0M->22.0M Heap: 5177.8M(6144.0M)->1331.1M(6144.0M)]
 [Times: user=0.23 sys=0.04, real=0.05 secs] 
2025-07-26T10:10:23.849+0800: 511977.684: [GC pause (G1 Evacuation Pause) (young), 0.0474646 secs]
   [Parallel Time: 35.7 ms, GC Workers: 8]
      [GC Worker Start (ms): Min: 511977687.0, Avg: 511977687.0, Max: 511977687.1, Diff: 0.1]
      [Ext Root Scanning (ms): Min: 2.8, Avg: 4.2, Max: 12.4, Diff: 9.6, Sum: 33.5]
      [Update RS (ms): Min: 6.4, Avg: 14.1, Max: 15.6, Diff: 9.2, Sum: 113.2]
         [Processed Buffers: Min: 52, Avg: 95.4, Max: 115, Diff: 63, Sum: 763]
      [Scan RS (ms): Min: 0.2, Avg: 0.4, Max: 0.5, Diff: 0.4, Sum: 3.2]
      [Code Root Scanning (ms): Min: 0.0, Avg: 0.0, Max: 0.0, Diff: 0.0, Sum: 0.1]
      [Object Copy (ms): Min: 16.4, Avg: 16.6, Max: 16.7, Diff: 0.3, Sum: 132.9]
      [Termination (ms): Min: 0.0, Avg: 0.0, Max: 0.0, Diff: 0.0, Sum: 0.0]
         [Termination Attempts: Min: 1, Avg: 1.5, Max: 2, Diff: 1, Sum: 12]
      [GC Worker Other (ms): Min: 0.1, Avg: 0.2, Max: 0.2, Diff: 0.1, Sum: 1.2]
      [GC Worker Total (ms): Min: 35.4, Avg: 35.5, Max: 35.6, Diff: 0.2, Sum: 284.1]
      [GC Worker End (ms): Min: 511977722.5, Avg: 511977722.6, Max: 511977722.6, Diff: 0.1]
   [Code Root Fixup: 0.0 ms]
   [Code Root Purge: 0.0 ms]
   [Clear CT: 0.6 ms]
   [Other: 11.1 ms]
      [Choose CSet: 0.0 ms]
      [Ref Proc: 2.9 ms]
      [Ref Enq: 0.1 ms]
      [Redirty Cards: 0.1 ms]
      [Humongous Register: 1.9 ms]
      [Humongous Reclaim: 0.3 ms]
      [Free CSet: 4.5 ms]
   [Eden: 3664.0M(3664.0M)->0.0B(3626.0M) Survivors: 22.0M->60.0M Heap: 5063.8M(6144.0M)->1370.1M(6144.0M)]
 [Times: user=0.24 sys=0.05, real=0.04 secs] 
2025-07-26T10:11:00.126+0800: 512013.962: [GC pause (G1 Evacuation Pause) (young), 0.0455607 secs]
   [Parallel Time: 32.6 ms, GC Workers: 8]
      [GC Worker Start (ms): Min: 512013965.1, Avg: 512013965.2, Max: 512013965.3, Diff: 0.2]
      [Ext Root Scanning (ms): Min: 3.8, Avg: 5.0, Max: 12.0, Diff: 8.2, Sum: 39.7]
      [Update RS (ms): Min: 2.9, Avg: 9.6, Max: 10.8, Diff: 7.9, Sum: 76.8]
         [Processed Buffers: Min: 29, Avg: 49.2, Max: 82, Diff: 53, Sum: 394]
      [Scan RS (ms): Min: 0.2, Avg: 0.6, Max: 0.7, Diff: 0.5, Sum: 4.8]
      [Code Root Scanning (ms): Min: 0.0, Avg: 0.0, Max: 0.0, Diff: 0.0, Sum: 0.1]
      [Object Copy (ms): Min: 16.7, Avg: 16.9, Max: 17.1, Diff: 0.3, Sum: 135.5]
      [Termination (ms): Min: 0.0, Avg: 0.0, Max: 0.0, Diff: 0.0, Sum: 0.2]
         [Termination Attempts: Min: 1, Avg: 20.5, Max: 33, Diff: 32, Sum: 164]
      [GC Worker Other (ms): Min: 0.1, Avg: 0.2, Max: 0.3, Diff: 0.2, Sum: 1.7]
      [GC Worker Total (ms): Min: 32.2, Avg: 32.3, Max: 32.4, Diff: 0.2, Sum: 258.8]
      [GC Worker End (ms): Min: 512013997.5, Avg: 512013997.5, Max: 512013997.6, Diff: 0.1]
   [Code Root Fixup: 0.1 ms]
   [Code Root Purge: 0.0 ms]
   [Clear CT: 0.8 ms]
   [Other: 12.1 ms]
      [Choose CSet: 0.0 ms]
      [Ref Proc: 3.0 ms]
      [Ref Enq: 0.2 ms]
      [Redirty Cards: 0.2 ms]
      [Humongous Register: 2.6 ms]
      [Humongous Reclaim: 0.2 ms]
      [Free CSet: 4.9 ms]
   [Eden: 3626.0M(3626.0M)->0.0B(3632.0M) Survivors: 60.0M->54.0M Heap: 5019.3M(6144.0M)->1363.1M(6144.0M)]
 [Times: user=0.22 sys=0.05, real=0.05 secs] 
2025-07-26T10:11:30.980+0800: 512044.815: [GC pause (G1 Evacuation Pause) (young), 0.0436260 secs]
   [Parallel Time: 32.4 ms, GC Workers: 8]
      [GC Worker Start (ms): Min: 512044817.5, Avg: 512044817.6, Max: 512044817.7, Diff: 0.3]
      [Ext Root Scanning (ms): Min: 2.8, Avg: 3.4, Max: 5.4, Diff: 2.6, Sum: 27.5]
      [Update RS (ms): Min: 16.6, Avg: 18.3, Max: 19.2, Diff: 2.7, Sum: 146.4]
         [Processed Buffers: Min: 101, Avg: 120.4, Max: 138, Diff: 37, Sum: 963]
      [Scan RS (ms): Min: 0.1, Avg: 0.4, Max: 0.5, Diff: 0.4, Sum: 3.0]
      [Code Root Scanning (ms): Min: 0.0, Avg: 0.0, Max: 0.0, Diff: 0.0, Sum: 0.1]
      [Object Copy (ms): Min: 8.8, Avg: 9.2, Max: 9.8, Diff: 1.0, Sum: 73.2]
      [Termination (ms): Min: 0.0, Avg: 0.8, Max: 1.0, Diff: 1.0, Sum: 6.3]
         [Termination Attempts: Min: 1, Avg: 1.0, Max: 1, Diff: 0, Sum: 8]
      [GC Worker Other (ms): Min: 0.0, Avg: 0.1, Max: 0.1, Diff: 0.1, Sum: 0.8]
      [GC Worker Total (ms): Min: 32.0, Avg: 32.2, Max: 32.3, Diff: 0.3, Sum: 257.3]
      [GC Worker End (ms): Min: 512044849.7, Avg: 512044849.7, Max: 512044849.8, Diff: 0.1]
   [Code Root Fixup: 0.0 ms]
   [Code Root Purge: 0.0 ms]
   [Clear CT: 0.6 ms]
   [Other: 10.5 ms]
      [Choose CSet: 0.0 ms]
      [Ref Proc: 2.3 ms]
      [Ref Enq: 0.1 ms]
      [Redirty Cards: 0.1 ms]
      [Humongous Register: 1.7 ms]
      [Humongous Reclaim: 0.4 ms]
      [Free CSet: 4.9 ms]
   [Eden: 3632.0M(3632.0M)->0.0B(3642.0M) Survivors: 54.0M->44.0M Heap: 5090.7M(6144.0M)->1353.1M(6144.0M)]
 [Times: user=0.23 sys=0.04, real=0.04 secs] 
2025-07-26T10:13:01.451+0800: 512135.287: [GC pause (G1 Evacuation Pause) (young), 0.0393804 secs]
   [Parallel Time: 28.0 ms, GC Workers: 8]
      [GC Worker Start (ms): Min: 512135289.4, Avg: 512135289.4, Max: 512135289.5, Diff: 0.2]
      [Ext Root Scanning (ms): Min: 3.1, Avg: 4.6, Max: 11.7, Diff: 8.5, Sum: 36.6]
      [Update RS (ms): Min: 3.5, Avg: 10.3, Max: 12.0, Diff: 8.4, Sum: 82.6]
         [Processed Buffers: Min: 35, Avg: 74.4, Max: 98, Diff: 63, Sum: 595]
      [Scan RS (ms): Min: 0.2, Avg: 0.4, Max: 0.6, Diff: 0.4, Sum: 3.5]
      [Code Root Scanning (ms): Min: 0.0, Avg: 0.0, Max: 0.0, Diff: 0.0, Sum: 0.1]
      [Object Copy (ms): Min: 12.1, Avg: 12.3, Max: 12.4, Diff: 0.4, Sum: 98.3]
      [Termination (ms): Min: 0.0, Avg: 0.0, Max: 0.0, Diff: 0.0, Sum: 0.2]
         [Termination Attempts: Min: 1, Avg: 26.0, Max: 34, Diff: 33, Sum: 208]
      [GC Worker Other (ms): Min: 0.1, Avg: 0.2, Max: 0.2, Diff: 0.1, Sum: 1.3]
      [GC Worker Total (ms): Min: 27.7, Avg: 27.8, Max: 27.9, Diff: 0.2, Sum: 222.6]
      [GC Worker End (ms): Min: 512135317.2, Avg: 512135317.3, Max: 512135317.3, Diff: 0.1]
   [Code Root Fixup: 0.0 ms]
   [Code Root Purge: 0.0 ms]
   [Clear CT: 0.8 ms]
   [Other: 10.6 ms]
      [Choose CSet: 0.0 ms]
      [Ref Proc: 2.6 ms]
      [Ref Enq: 0.2 ms]
      [Redirty Cards: 0.1 ms]
      [Humongous Register: 1.9 ms]
      [Humongous Reclaim: 0.3 ms]
      [Free CSet: 4.5 ms]
   [Eden: 3642.0M(3642.0M)->0.0B(3646.0M) Survivors: 44.0M->40.0M Heap: 5042.8M(6144.0M)->1345.8M(6144.0M)]
 [Times: user=0.20 sys=0.03, real=0.04 secs] 
2025-07-26T10:14:38.661+0800: 512232.496: [GC pause (GCLocker Initiated GC) (young), 0.0417099 secs]
   [Parallel Time: 31.2 ms, GC Workers: 8]
      [GC Worker Start (ms): Min: 512232498.4, Avg: 512232498.5, Max: 512232498.6, Diff: 0.2]
      [Ext Root Scanning (ms): Min: 3.0, Avg: 4.7, Max: 14.3, Diff: 11.4, Sum: 37.4]
      [Update RS (ms): Min: 7.4, Avg: 16.7, Max: 18.4, Diff: 11.0, Sum: 133.5]
         [Processed Buffers: Min: 52, Avg: 118.1, Max: 156, Diff: 104, Sum: 945]
      [Scan RS (ms): Min: 0.8, Avg: 1.1, Max: 1.2, Diff: 0.4, Sum: 8.8]
      [Code Root Scanning (ms): Min: 0.0, Avg: 0.0, Max: 0.0, Diff: 0.0, Sum: 0.1]
      [Object Copy (ms): Min: 8.1, Avg: 8.3, Max: 8.4, Diff: 0.3, Sum: 66.5]
      [Termination (ms): Min: 0.0, Avg: 0.0, Max: 0.0, Diff: 0.0, Sum: 0.0]
         [Termination Attempts: Min: 1, Avg: 1.0, Max: 1, Diff: 0, Sum: 8]
      [GC Worker Other (ms): Min: 0.1, Avg: 0.2, Max: 0.2, Diff: 0.1, Sum: 1.3]
      [GC Worker Total (ms): Min: 30.8, Avg: 30.9, Max: 31.0, Diff: 0.2, Sum: 247.5]
      [GC Worker End (ms): Min: 512232529.4, Avg: 512232529.4, Max: 512232529.5, Diff: 0.1]
   [Code Root Fixup: 0.0 ms]
   [Code Root Purge: 0.0 ms]
   [Clear CT: 0.7 ms]
   [Other: 9.8 ms]
      [Choose CSet: 0.0 ms]
      [Ref Proc: 2.3 ms]
      [Ref Enq: 0.1 ms]
      [Redirty Cards: 0.1 ms]
      [Humongous Register: 1.6 ms]
      [Humongous Reclaim: 0.4 ms]
      [Free CSet: 4.3 ms]
   [Eden: 3646.0M(3646.0M)->0.0B(3658.0M) Survivors: 40.0M->28.0M Heap: 5137.6M(6144.0M)->1338.1M(6144.0M)]
 [Times: user=0.23 sys=0.03, real=0.04 secs] 
2025-07-26T10:16:04.242+0800: 512318.077: [GC pause (G1 Evacuation Pause) (young), 0.0457091 secs]
   [Parallel Time: 32.8 ms, GC Workers: 8]
      [GC Worker Start (ms): Min: 512318080.9, Avg: 512318081.0, Max: 512318081.1, Diff: 0.2]
      [Ext Root Scanning (ms): Min: 3.1, Avg: 4.7, Max: 14.3, Diff: 11.2, Sum: 37.7]
      [Update RS (ms): Min: 8.8, Avg: 18.1, Max: 20.1, Diff: 11.2, Sum: 144.5]
         [Processed Buffers: Min: 66, Avg: 114.9, Max: 134, Diff: 68, Sum: 919]
      [Scan RS (ms): Min: 0.1, Avg: 0.4, Max: 0.5, Diff: 0.4, Sum: 3.2]
      [Code Root Scanning (ms): Min: 0.0, Avg: 0.0, Max: 0.0, Diff: 0.0, Sum: 0.1]
      [Object Copy (ms): Min: 9.0, Avg: 9.2, Max: 9.3, Diff: 0.3, Sum: 73.5]
      [Termination (ms): Min: 0.0, Avg: 0.0, Max: 0.0, Diff: 0.0, Sum: 0.1]
         [Termination Attempts: Min: 1, Avg: 7.2, Max: 12, Diff: 11, Sum: 58]
      [GC Worker Other (ms): Min: 0.1, Avg: 0.1, Max: 0.2, Diff: 0.1, Sum: 1.1]
      [GC Worker Total (ms): Min: 32.4, Avg: 32.5, Max: 32.6, Diff: 0.2, Sum: 260.2]
      [GC Worker End (ms): Min: 512318113.5, Avg: 512318113.5, Max: 512318113.6, Diff: 0.1]
   [Code Root Fixup: 0.0 ms]
   [Code Root Purge: 0.0 ms]
   [Clear CT: 0.7 ms]
   [Other: 12.2 ms]
      [Choose CSet: 0.0 ms]
      [Ref Proc: 3.0 ms]
      [Ref Enq: 0.1 ms]
      [Redirty Cards: 0.1 ms]
      [Humongous Register: 2.7 ms]
      [Humongous Reclaim: 0.3 ms]
      [Free CSet: 4.8 ms]
   [Eden: 3658.0M(3658.0M)->0.0B(3658.0M) Survivors: 28.0M->28.0M Heap: 5091.7M(6144.0M)->1338.1M(6144.0M)]
 [Times: user=0.23 sys=0.05, real=0.05 secs] 
2025-07-26T10:33:11.335+0800: 513345.170: [GC pause (G1 Evacuation Pause) (young), 0.0432852 secs]
   [Parallel Time: 30.3 ms, GC Workers: 8]
      [GC Worker Start (ms): Min: 513345172.9, Avg: 513345173.0, Max: 513345173.1, Diff: 0.2]
      [Ext Root Scanning (ms): Min: 2.9, Avg: 4.3, Max: 12.1, Diff: 9.3, Sum: 34.2]
      [Update RS (ms): Min: 4.8, Avg: 12.2, Max: 13.9, Diff: 9.1, Sum: 97.8]
         [Processed Buffers: Min: 46, Avg: 84.8, Max: 100, Diff: 54, Sum: 678]
      [Scan RS (ms): Min: 0.1, Avg: 0.4, Max: 0.5, Diff: 0.4, Sum: 3.3]
      [Code Root Scanning (ms): Min: 0.0, Avg: 0.0, Max: 0.0, Diff: 0.0, Sum: 0.1]
      [Object Copy (ms): Min: 9.9, Avg: 10.4, Max: 10.8, Diff: 0.9, Sum: 83.5]
      [Termination (ms): Min: 2.1, Avg: 2.5, Max: 3.2, Diff: 1.1, Sum: 19.8]
         [Termination Attempts: Min: 222, Avg: 288.5, Max: 434, Diff: 212, Sum: 2308]
      [GC Worker Other (ms): Min: 0.1, Avg: 0.1, Max: 0.1, Diff: 0.1, Sum: 0.9]
      [GC Worker Total (ms): Min: 29.8, Avg: 29.9, Max: 30.0, Diff: 0.2, Sum: 239.5]
      [GC Worker End (ms): Min: 513345202.9, Avg: 513345203.0, Max: 513345203.1, Diff: 0.1]
   [Code Root Fixup: 0.0 ms]
   [Code Root Purge: 0.0 ms]
   [Clear CT: 0.7 ms]
   [Other: 12.3 ms]
      [Choose CSet: 0.0 ms]
      [Ref Proc: 4.5 ms]
      [Ref Enq: 0.2 ms]
      [Redirty Cards: 0.1 ms]
      [Humongous Register: 1.8 ms]
      [Humongous Reclaim: 0.3 ms]
      [Free CSet: 4.4 ms]
   [Eden: 3658.0M(3658.0M)->0.0B(3656.0M) Survivors: 28.0M->30.0M Heap: 5066.1M(6144.0M)->1339.1M(6144.0M)]
 [Times: user=0.21 sys=0.04, real=0.05 secs] 
2025-07-26T10:35:01.436+0800: 513455.272: [GC pause (G1 Evacuation Pause) (young), 0.0533509 secs]
   [Parallel Time: 41.6 ms, GC Workers: 8]
      [GC Worker Start (ms): Min: 513455275.2, Avg: 513455275.3, Max: 513455275.5, Diff: 0.3]
      [Ext Root Scanning (ms): Min: 2.9, Avg: 4.1, Max: 10.7, Diff: 7.9, Sum: 32.9]
      [Update RS (ms): Min: 21.8, Avg: 27.6, Max: 28.7, Diff: 6.9, Sum: 221.0]
         [Processed Buffers: Min: 121, Avg: 166.1, Max: 180, Diff: 59, Sum: 1329]
      [Scan RS (ms): Min: 0.1, Avg: 0.4, Max: 0.5, Diff: 0.4, Sum: 3.5]
      [Code Root Scanning (ms): Min: 0.0, Avg: 0.0, Max: 0.0, Diff: 0.0, Sum: 0.1]
      [Object Copy (ms): Min: 8.4, Avg: 8.8, Max: 9.0, Diff: 0.6, Sum: 70.2]
      [Termination (ms): Min: 0.1, Avg: 0.2, Max: 0.5, Diff: 0.4, Sum: 1.8]
         [Termination Attempts: Min: 26, Avg: 48.0, Max: 64, Diff: 38, Sum: 384]
      [GC Worker Other (ms): Min: 0.1, Avg: 0.1, Max: 0.2, Diff: 0.1, Sum: 1.0]
      [GC Worker Total (ms): Min: 41.1, Avg: 41.3, Max: 41.4, Diff: 0.3, Sum: 330.4]
      [GC Worker End (ms): Min: 513455316.6, Avg: 513455316.6, Max: 513455316.7, Diff: 0.1]
   [Code Root Fixup: 0.0 ms]
   [Code Root Purge: 0.0 ms]
   [Clear CT: 0.6 ms]
   [Other: 11.1 ms]
      [Choose CSet: 0.0 ms]
      [Ref Proc: 2.3 ms]
      [Ref Enq: 0.1 ms]
      [Redirty Cards: 0.1 ms]
      [Humongous Register: 2.5 ms]
      [Humongous Reclaim: 0.5 ms]
      [Free CSet: 4.3 ms]
   [Eden: 3656.0M(3656.0M)->0.0B(3654.0M) Survivors: 30.0M->32.0M Heap: 5142.6M(6144.0M)->1342.1M(6144.0M)]
 [Times: user=0.27 sys=0.07, real=0.06 secs] 
2025-07-26T10:36:21.030+0800: 513534.865: [GC pause (GCLocker Initiated GC) (young), 0.0460598 secs]
   [Parallel Time: 33.6 ms, GC Workers: 8]
      [GC Worker Start (ms): Min: 513534868.1, Avg: 513534868.2, Max: 513534868.3, Diff: 0.2]
      [Ext Root Scanning (ms): Min: 2.9, Avg: 4.1, Max: 11.1, Diff: 8.2, Sum: 33.2]
      [Update RS (ms): Min: 12.1, Avg: 18.9, Max: 20.5, Diff: 8.4, Sum: 151.3]
         [Processed Buffers: Min: 98, Avg: 114.4, Max: 126, Diff: 28, Sum: 915]
      [Scan RS (ms): Min: 0.1, Avg: 0.4, Max: 0.6, Diff: 0.4, Sum: 3.2]
      [Code Root Scanning (ms): Min: 0.0, Avg: 0.0, Max: 0.0, Diff: 0.0, Sum: 0.1]
      [Object Copy (ms): Min: 9.6, Avg: 9.7, Max: 9.8, Diff: 0.3, Sum: 77.7]
      [Termination (ms): Min: 0.0, Avg: 0.0, Max: 0.1, Diff: 0.1, Sum: 0.4]
         [Termination Attempts: Min: 1, Avg: 2.8, Max: 5, Diff: 4, Sum: 22]
      [GC Worker Other (ms): Min: 0.1, Avg: 0.1, Max: 0.2, Diff: 0.2, Sum: 1.1]
      [GC Worker Total (ms): Min: 33.3, Avg: 33.4, Max: 33.4, Diff: 0.2, Sum: 267.0]
      [GC Worker End (ms): Min: 513534901.5, Avg: 513534901.6, Max: 513534901.6, Diff: 0.1]
   [Code Root Fixup: 0.1 ms]
   [Code Root Purge: 0.0 ms]
   [Clear CT: 0.7 ms]
   [Other: 11.7 ms]
      [Choose CSet: 0.0 ms]
      [Ref Proc: 3.7 ms]
      [Ref Enq: 0.2 ms]
      [Redirty Cards: 0.2 ms]
      [Humongous Register: 1.8 ms]
      [Humongous Reclaim: 0.4 ms]
      [Free CSet: 4.4 ms]
   [Eden: 3654.0M(3654.0M)->0.0B(3648.0M) Survivors: 32.0M->38.0M Heap: 5100.1M(6144.0M)->1356.6M(6144.0M)]
 [Times: user=0.22 sys=0.05, real=0.04 secs] 
2025-07-26T10:37:04.358+0800: 513578.194: [GC pause (GCLocker Initiated GC) (young), 0.0399664 secs]
   [Parallel Time: 29.1 ms, GC Workers: 8]
      [GC Worker Start (ms): Min: 513578196.3, Avg: 513578196.3, Max: 513578196.4, Diff: 0.1]
      [Ext Root Scanning (ms): Min: 3.0, Avg: 4.2, Max: 11.0, Diff: 8.0, Sum: 33.5]
      [Update RS (ms): Min: 7.7, Avg: 14.3, Max: 15.5, Diff: 7.8, Sum: 114.3]
         [Processed Buffers: Min: 64, Avg: 90.4, Max: 106, Diff: 42, Sum: 723]
      [Scan RS (ms): Min: 0.1, Avg: 0.4, Max: 0.5, Diff: 0.4, Sum: 3.2]
      [Code Root Scanning (ms): Min: 0.0, Avg: 0.0, Max: 0.0, Diff: 0.0, Sum: 0.1]
      [Object Copy (ms): Min: 8.5, Avg: 9.1, Max: 9.6, Diff: 1.1, Sum: 72.8]
      [Termination (ms): Min: 0.3, Avg: 0.8, Max: 1.2, Diff: 0.9, Sum: 6.4]
         [Termination Attempts: Min: 61, Avg: 101.2, Max: 154, Diff: 93, Sum: 810]
      [GC Worker Other (ms): Min: 0.1, Avg: 0.1, Max: 0.2, Diff: 0.1, Sum: 0.9]
      [GC Worker Total (ms): Min: 28.8, Avg: 28.9, Max: 29.0, Diff: 0.1, Sum: 231.1]
      [GC Worker End (ms): Min: 513578225.2, Avg: 513578225.2, Max: 513578225.3, Diff: 0.1]
   [Code Root Fixup: 0.0 ms]
   [Code Root Purge: 0.0 ms]
   [Clear CT: 0.7 ms]
   [Other: 10.2 ms]
      [Choose CSet: 0.0 ms]
      [Ref Proc: 2.7 ms]
      [Ref Enq: 0.1 ms]
      [Redirty Cards: 0.1 ms]
      [Humongous Register: 1.7 ms]
      [Humongous Reclaim: 0.3 ms]
      [Free CSet: 4.3 ms]
   [Eden: 3650.0M(3648.0M)->0.0B(3650.0M) Survivors: 38.0M->36.0M Heap: 5078.0M(6144.0M)->1345.1M(6144.0M)]
 [Times: user=0.21 sys=0.03, real=0.04 secs] 
2025-07-26T10:40:06.179+0800: 513760.015: [GC pause (G1 Evacuation Pause) (young), 0.0492241 secs]
   [Parallel Time: 36.9 ms, GC Workers: 8]
      [GC Worker Start (ms): Min: 513760016.6, Avg: 513760016.7, Max: 513760016.8, Diff: 0.2]
      [Ext Root Scanning (ms): Min: 2.8, Avg: 4.0, Max: 10.8, Diff: 8.0, Sum: 32.4]
      [Update RS (ms): Min: 14.6, Avg: 21.0, Max: 22.3, Diff: 7.7, Sum: 168.0]
         [Processed Buffers: Min: 113, Avg: 145.0, Max: 162, Diff: 49, Sum: 1160]
      [Scan RS (ms): Min: 0.8, Avg: 1.1, Max: 1.2, Diff: 0.4, Sum: 8.4]
      [Code Root Scanning (ms): Min: 0.0, Avg: 0.0, Max: 0.0, Diff: 0.0, Sum: 0.1]
      [Object Copy (ms): Min: 10.3, Avg: 10.4, Max: 10.5, Diff: 0.2, Sum: 83.4]
      [Termination (ms): Min: 0.0, Avg: 0.0, Max: 0.0, Diff: 0.0, Sum: 0.0]
         [Termination Attempts: Min: 1, Avg: 1.6, Max: 2, Diff: 1, Sum: 13]
      [GC Worker Other (ms): Min: 0.1, Avg: 0.1, Max: 0.2, Diff: 0.1, Sum: 0.9]
      [GC Worker Total (ms): Min: 36.5, Avg: 36.7, Max: 36.7, Diff: 0.2, Sum: 293.2]
      [GC Worker End (ms): Min: 513760053.3, Avg: 513760053.3, Max: 513760053.4, Diff: 0.1]
   [Code Root Fixup: 0.1 ms]
   [Code Root Purge: 0.0 ms]
   [Clear CT: 0.7 ms]
   [Other: 11.6 ms]
      [Choose CSet: 0.0 ms]
      [Ref Proc: 3.9 ms]
      [Ref Enq: 0.2 ms]
      [Redirty Cards: 0.1 ms]
      [Humongous Register: 1.5 ms]
      [Humongous Reclaim: 0.5 ms]
      [Free CSet: 4.5 ms]
   [Eden: 3650.0M(3650.0M)->0.0B(3632.0M) Survivors: 36.0M->54.0M Heap: 5182.5M(6144.0M)->1358.1M(6144.0M)]
 [Times: user=0.30 sys=0.00, real=0.05 secs] 
2025-07-26T10:40:48.241+0800: 513802.077: [GC pause (G1 Evacuation Pause) (young), 0.0421532 secs]
   [Parallel Time: 28.3 ms, GC Workers: 8]
      [GC Worker Start (ms): Min: 513802079.8, Avg: 513802079.9, Max: 513802080.0, Diff: 0.1]
      [Ext Root Scanning (ms): Min: 2.8, Avg: 4.1, Max: 11.0, Diff: 8.2, Sum: 32.7]
      [Update RS (ms): Min: 3.7, Avg: 10.5, Max: 12.0, Diff: 8.3, Sum: 83.6]
         [Processed Buffers: Min: 42, Avg: 70.8, Max: 86, Diff: 44, Sum: 566]
      [Scan RS (ms): Min: 0.1, Avg: 0.4, Max: 0.5, Diff: 0.3, Sum: 2.9]
      [Code Root Scanning (ms): Min: 0.0, Avg: 0.0, Max: 0.0, Diff: 0.0, Sum: 0.1]
      [Object Copy (ms): Min: 12.8, Avg: 13.0, Max: 13.1, Diff: 0.3, Sum: 103.8]
      [Termination (ms): Min: 0.0, Avg: 0.0, Max: 0.0, Diff: 0.0, Sum: 0.1]
         [Termination Attempts: Min: 1, Avg: 8.6, Max: 13, Diff: 12, Sum: 69]
      [GC Worker Other (ms): Min: 0.1, Avg: 0.1, Max: 0.2, Diff: 0.1, Sum: 1.1]
      [GC Worker Total (ms): Min: 27.9, Avg: 28.0, Max: 28.1, Diff: 0.2, Sum: 224.3]
      [GC Worker End (ms): Min: 513802107.9, Avg: 513802107.9, Max: 513802108.0, Diff: 0.1]
   [Code Root Fixup: 0.0 ms]
   [Code Root Purge: 0.0 ms]
   [Clear CT: 0.6 ms]
   [Other: 13.3 ms]
      [Choose CSet: 0.0 ms]
      [Ref Proc: 2.1 ms]
      [Ref Enq: 0.1 ms]
      [Redirty Cards: 0.1 ms]
      [Humongous Register: 2.6 ms]
      [Humongous Reclaim: 0.2 ms]
      [Free CSet: 7.1 ms]
   [Eden: 3632.0M(3632.0M)->0.0B(3634.0M) Survivors: 54.0M->52.0M Heap: 5036.1M(6144.0M)->1355.1M(6144.0M)]
 [Times: user=0.19 sys=0.05, real=0.04 secs] 
2025-07-26T10:41:25.792+0800: 513839.627: [GC pause (G1 Evacuation Pause) (young), 0.0455546 secs]
   [Parallel Time: 33.9 ms, GC Workers: 8]
      [GC Worker Start (ms): Min: 513839630.1, Avg: 513839630.1, Max: 513839630.2, Diff: 0.2]
      [Ext Root Scanning (ms): Min: 3.1, Avg: 4.3, Max: 11.3, Diff: 8.2, Sum: 34.2]
      [Update RS (ms): Min: 8.9, Avg: 15.6, Max: 17.5, Diff: 8.6, Sum: 124.8]
         [Processed Buffers: Min: 66, Avg: 97.4, Max: 118, Diff: 52, Sum: 779]
      [Scan RS (ms): Min: 0.3, Avg: 0.5, Max: 0.6, Diff: 0.3, Sum: 3.7]
      [Code Root Scanning (ms): Min: 0.0, Avg: 0.0, Max: 0.0, Diff: 0.0, Sum: 0.1]
      [Object Copy (ms): Min: 12.6, Avg: 13.1, Max: 13.3, Diff: 0.7, Sum: 104.9]
      [Termination (ms): Min: 0.0, Avg: 0.1, Max: 0.1, Diff: 0.1, Sum: 0.5]
         [Termination Attempts: Min: 1, Avg: 17.0, Max: 23, Diff: 22, Sum: 136]
      [GC Worker Other (ms): Min: 0.0, Avg: 0.1, Max: 0.2, Diff: 0.2, Sum: 1.0]
      [GC Worker Total (ms): Min: 33.5, Avg: 33.6, Max: 33.7, Diff: 0.2, Sum: 269.2]
      [GC Worker End (ms): Min: 513839663.7, Avg: 513839663.8, Max: 513839663.8, Diff: 0.1]
   [Code Root Fixup: 0.0 ms]
   [Code Root Purge: 0.0 ms]
   [Clear CT: 0.6 ms]
   [Other: 11.1 ms]
      [Choose CSet: 0.0 ms]
      [Ref Proc: 2.8 ms]
      [Ref Enq: 0.1 ms]
      [Redirty Cards: 0.1 ms]
      [Humongous Register: 1.9 ms]
      [Humongous Reclaim: 0.3 ms]
      [Free CSet: 4.8 ms]
   [Eden: 3634.0M(3634.0M)->0.0B(3620.0M) Survivors: 52.0M->66.0M Heap: 5061.4M(6144.0M)->1384.2M(6144.0M)]
 [Times: user=0.21 sys=0.07, real=0.05 secs] 
2025-07-26T10:42:46.574+0800: 513920.410: [GC pause (G1 Evacuation Pause) (young), 0.0395595 secs]
   [Parallel Time: 29.0 ms, GC Workers: 8]
      [GC Worker Start (ms): Min: 513920412.5, Avg: 513920412.5, Max: 513920412.6, Diff: 0.2]
      [Ext Root Scanning (ms): Min: 2.8, Avg: 4.0, Max: 10.7, Diff: 7.8, Sum: 31.8]
      [Update RS (ms): Min: 8.0, Avg: 14.5, Max: 15.9, Diff: 7.9, Sum: 115.9]
         [Processed Buffers: Min: 74, Avg: 96.1, Max: 109, Diff: 35, Sum: 769]
      [Scan RS (ms): Min: 0.1, Avg: 0.4, Max: 0.5, Diff: 0.3, Sum: 3.0]
      [Code Root Scanning (ms): Min: 0.0, Avg: 0.0, Max: 0.0, Diff: 0.0, Sum: 0.1]
      [Object Copy (ms): Min: 9.4, Avg: 9.7, Max: 9.8, Diff: 0.3, Sum: 77.4]
      [Termination (ms): Min: 0.0, Avg: 0.1, Max: 0.1, Diff: 0.1, Sum: 0.8]
         [Termination Attempts: Min: 1, Avg: 1.0, Max: 1, Diff: 0, Sum: 8]
      [GC Worker Other (ms): Min: 0.1, Avg: 0.1, Max: 0.2, Diff: 0.1, Sum: 1.1]
      [GC Worker Total (ms): Min: 28.7, Avg: 28.8, Max: 28.8, Diff: 0.2, Sum: 230.2]
      [GC Worker End (ms): Min: 513920441.2, Avg: 513920441.3, Max: 513920441.3, Diff: 0.1]
   [Code Root Fixup: 0.0 ms]
   [Code Root Purge: 0.0 ms]
   [Clear CT: 0.6 ms]
   [Other: 9.9 ms]
      [Choose CSet: 0.0 ms]
      [Ref Proc: 2.0 ms]
      [Ref Enq: 0.2 ms]
      [Redirty Cards: 0.1 ms]
      [Humongous Register: 1.8 ms]
      [Humongous Reclaim: 0.3 ms]
      [Free CSet: 4.4 ms]
   [Eden: 3620.0M(3620.0M)->0.0B(3644.0M) Survivors: 66.0M->42.0M Heap: 5073.3M(6144.0M)->1346.5M(6144.0M)]
 [Times: user=0.22 sys=0.02, real=0.04 secs] 
2025-07-26T10:44:04.236+0800: 513998.072: [GC pause (G1 Evacuation Pause) (young), 0.0511993 secs]
   [Parallel Time: 38.0 ms, GC Workers: 8]
      [GC Worker Start (ms): Min: 513998075.4, Avg: 513998075.5, Max: 513998075.6, Diff: 0.2]
      [Ext Root Scanning (ms): Min: 3.0, Avg: 4.9, Max: 16.9, Diff: 13.8, Sum: 39.5]
      [Update RS (ms): Min: 8.7, Avg: 20.2, Max: 22.4, Diff: 13.8, Sum: 161.2]
         [Processed Buffers: Min: 56, Avg: 123.9, Max: 149, Diff: 93, Sum: 991]
      [Scan RS (ms): Min: 0.1, Avg: 0.4, Max: 0.5, Diff: 0.4, Sum: 3.3]
      [Code Root Scanning (ms): Min: 0.0, Avg: 0.0, Max: 0.0, Diff: 0.0, Sum: 0.1]
      [Object Copy (ms): Min: 9.9, Avg: 10.2, Max: 10.6, Diff: 0.8, Sum: 82.0]
      [Termination (ms): Min: 1.4, Avg: 1.8, Max: 2.1, Diff: 0.6, Sum: 14.6]
         [Termination Attempts: Min: 162, Avg: 222.4, Max: 294, Diff: 132, Sum: 1779]
      [GC Worker Other (ms): Min: 0.1, Avg: 0.1, Max: 0.2, Diff: 0.1, Sum: 0.9]
      [GC Worker Total (ms): Min: 37.6, Avg: 37.7, Max: 37.9, Diff: 0.3, Sum: 301.5]
      [GC Worker End (ms): Min: 513998113.2, Avg: 513998113.2, Max: 513998113.3, Diff: 0.2]
   [Code Root Fixup: 0.0 ms]
   [Code Root Purge: 0.0 ms]
   [Clear CT: 0.6 ms]
   [Other: 12.5 ms]
      [Choose CSet: 0.0 ms]
      [Ref Proc: 3.6 ms]
      [Ref Enq: 0.2 ms]
      [Redirty Cards: 0.1 ms]
      [Humongous Register: 2.7 ms]
      [Humongous Reclaim: 0.4 ms]
      [Free CSet: 4.5 ms]
   [Eden: 3644.0M(3644.0M)->0.0B(3652.0M) Survivors: 42.0M->34.0M Heap: 5098.0M(6144.0M)->1345.9M(6144.0M)]
 [Times: user=0.25 sys=0.07, real=0.06 secs] 
2025-07-26T10:45:48.684+0800: 514102.519: [GC pause (G1 Evacuation Pause) (young), 0.0826653 secs]
   [Parallel Time: 51.1 ms, GC Workers: 8]
      [GC Worker Start (ms): Min: 514102523.5, Avg: 514102523.6, Max: 514102523.7, Diff: 0.2]
      [Ext Root Scanning (ms): Min: 7.1, Avg: 9.9, Max: 23.8, Diff: 16.8, Sum: 78.8]
      [Update RS (ms): Min: 8.0, Avg: 22.3, Max: 27.9, Diff: 19.9, Sum: 178.3]
         [Processed Buffers: Min: 43, Avg: 120.8, Max: 199, Diff: 156, Sum: 966]
      [Scan RS (ms): Min: 0.2, Avg: 0.8, Max: 1.3, Diff: 1.1, Sum: 6.0]
      [Code Root Scanning (ms): Min: 0.0, Avg: 0.0, Max: 0.0, Diff: 0.0, Sum: 0.1]
      [Object Copy (ms): Min: 7.5, Avg: 11.9, Max: 15.1, Diff: 7.6, Sum: 95.1]
      [Termination (ms): Min: 0.0, Avg: 1.8, Max: 2.8, Diff: 2.8, Sum: 14.7]
         [Termination Attempts: Min: 1, Avg: 44.5, Max: 92, Diff: 91, Sum: 356]
      [GC Worker Other (ms): Min: 0.1, Avg: 0.3, Max: 1.3, Diff: 1.2, Sum: 2.1]
      [GC Worker Total (ms): Min: 46.7, Avg: 46.9, Max: 47.9, Diff: 1.3, Sum: 375.2]
      [GC Worker End (ms): Min: 514102570.3, Avg: 514102570.5, Max: 514102571.5, Diff: 1.1]
   [Code Root Fixup: 0.0 ms]
   [Code Root Purge: 0.0 ms]
   [Clear CT: 5.6 ms]
   [Other: 25.9 ms]
      [Choose CSet: 0.0 ms]
      [Ref Proc: 9.0 ms]
      [Ref Enq: 0.1 ms]
      [Redirty Cards: 4.9 ms]
      [Humongous Register: 3.4 ms]
      [Humongous Reclaim: 0.7 ms]
      [Free CSet: 6.5 ms]
   [Eden: 3652.0M(3652.0M)->0.0B(3658.0M) Survivors: 34.0M->28.0M Heap: 5145.2M(6144.0M)->1343.4M(6144.0M)]
 [Times: user=0.24 sys=0.08, real=0.08 secs] 
2025-07-26T10:46:44.261+0800: 514158.097: [GC pause (G1 Evacuation Pause) (young), 0.0375116 secs]
   [Parallel Time: 25.6 ms, GC Workers: 8]
      [GC Worker Start (ms): Min: 514158100.0, Avg: 514158100.1, Max: 514158100.2, Diff: 0.2]
      [Ext Root Scanning (ms): Min: 3.0, Avg: 4.3, Max: 11.6, Diff: 8.5, Sum: 34.1]
      [Update RS (ms): Min: 2.5, Avg: 9.6, Max: 11.3, Diff: 8.8, Sum: 77.2]
         [Processed Buffers: Min: 38, Avg: 67.1, Max: 82, Diff: 44, Sum: 537]
      [Scan RS (ms): Min: 0.1, Avg: 0.4, Max: 0.5, Diff: 0.4, Sum: 3.2]
      [Code Root Scanning (ms): Min: 0.0, Avg: 0.0, Max: 0.0, Diff: 0.0, Sum: 0.1]
      [Object Copy (ms): Min: 9.7, Avg: 10.0, Max: 10.7, Diff: 1.0, Sum: 80.4]
      [Termination (ms): Min: 0.3, Avg: 0.8, Max: 1.2, Diff: 0.9, Sum: 6.4]
         [Termination Attempts: Min: 17, Avg: 108.9, Max: 160, Diff: 143, Sum: 871]
      [GC Worker Other (ms): Min: 0.0, Avg: 0.1, Max: 0.2, Diff: 0.1, Sum: 1.0]
      [GC Worker Total (ms): Min: 25.2, Avg: 25.3, Max: 25.4, Diff: 0.2, Sum: 202.3]
      [GC Worker End (ms): Min: 514158125.4, Avg: 514158125.4, Max: 514158125.4, Diff: 0.1]
   [Code Root Fixup: 0.0 ms]
   [Code Root Purge: 0.0 ms]
   [Clear CT: 0.8 ms]
   [Other: 11.1 ms]
      [Choose CSet: 0.0 ms]
      [Ref Proc: 2.8 ms]
      [Ref Enq: 0.1 ms]
      [Redirty Cards: 0.1 ms]
      [Humongous Register: 2.6 ms]
      [Humongous Reclaim: 0.2 ms]
      [Free CSet: 4.3 ms]
   [Eden: 3658.0M(3658.0M)->0.0B(3654.0M) Survivors: 28.0M->32.0M Heap: 5053.3M(6144.0M)->1354.3M(6144.0M)]
 [Times: user=0.18 sys=0.03, real=0.04 secs] 
2025-07-26T10:47:26.392+0800: 514200.227: [GC pause (G1 Evacuation Pause) (young), 0.0410119 secs]
   [Parallel Time: 30.4 ms, GC Workers: 8]
      [GC Worker Start (ms): Min: 514200229.8, Avg: 514200229.8, Max: 514200229.9, Diff: 0.1]
      [Ext Root Scanning (ms): Min: 2.6, Avg: 4.1, Max: 12.7, Diff: 10.1, Sum: 33.0]
      [Update RS (ms): Min: 9.1, Avg: 17.6, Max: 19.6, Diff: 10.5, Sum: 140.5]
         [Processed Buffers: Min: 69, Avg: 111.2, Max: 131, Diff: 62, Sum: 890]
      [Scan RS (ms): Min: 0.1, Avg: 0.4, Max: 0.5, Diff: 0.4, Sum: 3.4]
      [Code Root Scanning (ms): Min: 0.0, Avg: 0.0, Max: 0.0, Diff: 0.0, Sum: 0.1]
      [Object Copy (ms): Min: 6.8, Avg: 7.3, Max: 7.6, Diff: 0.8, Sum: 58.3]
      [Termination (ms): Min: 0.4, Avg: 0.6, Max: 0.9, Diff: 0.5, Sum: 4.8]
         [Termination Attempts: Min: 50, Avg: 87.1, Max: 143, Diff: 93, Sum: 697]
      [GC Worker Other (ms): Min: 0.1, Avg: 0.1, Max: 0.1, Diff: 0.1, Sum: 0.8]
      [GC Worker Total (ms): Min: 30.0, Avg: 30.1, Max: 30.3, Diff: 0.3, Sum: 240.9]
      [GC Worker End (ms): Min: 514200259.9, Avg: 514200259.9, Max: 514200260.1, Diff: 0.2]
   [Code Root Fixup: 0.0 ms]
   [Code Root Purge: 0.0 ms]
   [Clear CT: 0.7 ms]
   [Other: 9.9 ms]
      [Choose CSet: 0.0 ms]
      [Ref Proc: 2.1 ms]
      [Ref Enq: 0.1 ms]
      [Redirty Cards: 0.1 ms]
      [Humongous Register: 1.8 ms]
      [Humongous Reclaim: 0.3 ms]
      [Free CSet: 4.4 ms]
   [Eden: 3654.0M(3654.0M)->0.0B(3660.0M) Survivors: 32.0M->26.0M Heap: 5103.8M(6144.0M)->1351.1M(6144.0M)]
 [Times: user=0.21 sys=0.04, real=0.04 secs] 
2025-07-26T10:49:00.190+0800: 514294.025: [GC pause (G1 Evacuation Pause) (young), 0.0401137 secs]
   [Parallel Time: 27.1 ms, GC Workers: 8]
      [GC Worker Start (ms): Min: 514294028.0, Avg: 514294028.1, Max: 514294028.1, Diff: 0.2]
      [Ext Root Scanning (ms): Min: 3.2, Avg: 4.5, Max: 11.7, Diff: 8.5, Sum: 35.8]
      [Update RS (ms): Min: 4.9, Avg: 11.9, Max: 13.6, Diff: 8.7, Sum: 95.4]
         [Processed Buffers: Min: 38, Avg: 82.5, Max: 101, Diff: 63, Sum: 660]
      [Scan RS (ms): Min: 0.1, Avg: 0.4, Max: 0.5, Diff: 0.4, Sum: 3.3]
      [Code Root Scanning (ms): Min: 0.0, Avg: 0.0, Max: 0.0, Diff: 0.0, Sum: 0.1]
      [Object Copy (ms): Min: 9.5, Avg: 9.8, Max: 10.1, Diff: 0.5, Sum: 78.7]
      [Termination (ms): Min: 0.0, Avg: 0.0, Max: 0.0, Diff: 0.0, Sum: 0.2]
         [Termination Attempts: Min: 1, Avg: 26.8, Max: 35, Diff: 34, Sum: 214]
      [GC Worker Other (ms): Min: 0.1, Avg: 0.2, Max: 0.2, Diff: 0.1, Sum: 1.2]
      [GC Worker Total (ms): Min: 26.7, Avg: 26.8, Max: 26.9, Diff: 0.2, Sum: 214.7]
      [GC Worker End (ms): Min: 514294054.8, Avg: 514294054.9, Max: 514294054.9, Diff: 0.1]
   [Code Root Fixup: 0.0 ms]
   [Code Root Purge: 0.0 ms]
   [Clear CT: 0.6 ms]
   [Other: 12.4 ms]
      [Choose CSet: 0.0 ms]
      [Ref Proc: 4.1 ms]
      [Ref Enq: 0.1 ms]
      [Redirty Cards: 0.1 ms]
      [Humongous Register: 1.9 ms]
      [Humongous Reclaim: 0.3 ms]
      [Free CSet: 4.8 ms]
   [Eden: 3660.0M(3660.0M)->0.0B(3652.0M) Survivors: 26.0M->34.0M Heap: 5082.7M(6144.0M)->1360.0M(6144.0M)]
 [Times: user=0.19 sys=0.03, real=0.04 secs] 
2025-07-26T10:50:09.861+0800: 514363.696: [GC pause (G1 Evacuation Pause) (young), 0.0476670 secs]
   [Parallel Time: 35.0 ms, GC Workers: 8]
      [GC Worker Start (ms): Min: 514363699.7, Avg: 514363699.8, Max: 514363699.8, Diff: 0.1]
      [Ext Root Scanning (ms): Min: 3.3, Avg: 4.8, Max: 13.1, Diff: 9.8, Sum: 38.3]
      [Update RS (ms): Min: 10.4, Avg: 18.5, Max: 20.3, Diff: 9.8, Sum: 148.1]
         [Processed Buffers: Min: 93, Avg: 127.2, Max: 145, Diff: 52, Sum: 1018]
      [Scan RS (ms): Min: 0.1, Avg: 0.4, Max: 0.5, Diff: 0.4, Sum: 3.1]
      [Code Root Scanning (ms): Min: 0.0, Avg: 0.0, Max: 0.0, Diff: 0.0, Sum: 0.1]
      [Object Copy (ms): Min: 10.5, Avg: 10.7, Max: 10.9, Diff: 0.4, Sum: 85.9]
      [Termination (ms): Min: 0.0, Avg: 0.0, Max: 0.0, Diff: 0.0, Sum: 0.0]
         [Termination Attempts: Min: 1, Avg: 1.0, Max: 1, Diff: 0, Sum: 8]
      [GC Worker Other (ms): Min: 0.0, Avg: 0.2, Max: 0.2, Diff: 0.2, Sum: 1.2]
      [GC Worker Total (ms): Min: 34.5, Avg: 34.6, Max: 34.8, Diff: 0.3, Sum: 276.8]
      [GC Worker End (ms): Min: 514363734.3, Avg: 514363734.4, Max: 514363734.5, Diff: 0.2]
   [Code Root Fixup: 0.0 ms]
   [Code Root Purge: 0.0 ms]
   [Clear CT: 0.7 ms]
   [Other: 11.9 ms]
      [Choose CSet: 0.0 ms]
      [Ref Proc: 2.8 ms]
      [Ref Enq: 0.2 ms]
      [Redirty Cards: 0.2 ms]
      [Humongous Register: 2.7 ms]
      [Humongous Reclaim: 0.4 ms]
      [Free CSet: 4.6 ms]
   [Eden: 3652.0M(3652.0M)->0.0B(3634.0M) Survivors: 34.0M->52.0M Heap: 5117.8M(6144.0M)->1372.1M(6144.0M)]
 [Times: user=0.24 sys=0.06, real=0.05 secs] 
2025-07-26T10:50:43.509+0800: 514397.344: [GC pause (G1 Evacuation Pause) (young), 0.0359455 secs]
   [Parallel Time: 28.0 ms, GC Workers: 8]
      [GC Worker Start (ms): Min: 514397346.6, Avg: 514397346.6, Max: 514397346.7, Diff: 0.1]
      [Ext Root Scanning (ms): Min: 2.2, Avg: 3.4, Max: 10.3, Diff: 8.1, Sum: 27.5]
      [Update RS (ms): Min: 5.5, Avg: 11.7, Max: 12.9, Diff: 7.4, Sum: 93.7]
         [Processed Buffers: Min: 27, Avg: 86.5, Max: 110, Diff: 83, Sum: 692]
      [Scan RS (ms): Min: 0.1, Avg: 0.4, Max: 0.5, Diff: 0.4, Sum: 3.2]
      [Code Root Scanning (ms): Min: 0.0, Avg: 0.0, Max: 0.0, Diff: 0.0, Sum: 0.1]
      [Object Copy (ms): Min: 11.9, Avg: 12.2, Max: 12.4, Diff: 0.5, Sum: 97.3]
      [Termination (ms): Min: 0.0, Avg: 0.0, Max: 0.0, Diff: 0.0, Sum: 0.0]
         [Termination Attempts: Min: 1, Avg: 1.9, Max: 3, Diff: 2, Sum: 15]
      [GC Worker Other (ms): Min: 0.0, Avg: 0.1, Max: 0.1, Diff: 0.1, Sum: 0.7]
      [GC Worker Total (ms): Min: 27.7, Avg: 27.8, Max: 27.9, Diff: 0.2, Sum: 222.4]
      [GC Worker End (ms): Min: 514397374.4, Avg: 514397374.4, Max: 514397374.5, Diff: 0.1]
   [Code Root Fixup: 0.0 ms]
   [Code Root Purge: 0.0 ms]
   [Clear CT: 0.7 ms]
   [Other: 7.2 ms]
      [Choose CSet: 0.0 ms]
      [Ref Proc: 2.2 ms]
      [Ref Enq: 0.1 ms]
      [Redirty Cards: 0.1 ms]
      [Humongous Register: 1.8 ms]
      [Humongous Reclaim: 0.2 ms]
      [Free CSet: 1.9 ms]
   [Eden: 3634.0M(3634.0M)->0.0B(3630.0M) Survivors: 52.0M->56.0M Heap: 5076.1M(6144.0M)->1382.2M(6144.0M)]
 [Times: user=0.21 sys=0.02, real=0.03 secs] 
2025-07-26T10:51:11.735+0800: 514425.571: [GC pause (G1 Evacuation Pause) (young), 0.0368021 secs]
   [Parallel Time: 26.0 ms, GC Workers: 8]
      [GC Worker Start (ms): Min: 514425573.3, Avg: 514425573.4, Max: 514425573.5, Diff: 0.2]
      [Ext Root Scanning (ms): Min: 2.9, Avg: 3.4, Max: 5.3, Diff: 2.4, Sum: 27.3]
      [Update RS (ms): Min: 8.9, Avg: 10.4, Max: 11.0, Diff: 2.1, Sum: 83.5]
         [Processed Buffers: Min: 56, Avg: 77.0, Max: 89, Diff: 33, Sum: 616]
      [Scan RS (ms): Min: 0.1, Avg: 0.4, Max: 0.5, Diff: 0.4, Sum: 3.0]
      [Code Root Scanning (ms): Min: 0.0, Avg: 0.0, Max: 0.0, Diff: 0.0, Sum: 0.1]
      [Object Copy (ms): Min: 10.6, Avg: 11.0, Max: 11.4, Diff: 0.8, Sum: 87.9]
      [Termination (ms): Min: 0.0, Avg: 0.4, Max: 0.5, Diff: 0.5, Sum: 3.4]
         [Termination Attempts: Min: 1, Avg: 1.4, Max: 2, Diff: 1, Sum: 11]
      [GC Worker Other (ms): Min: 0.0, Avg: 0.1, Max: 0.2, Diff: 0.1, Sum: 0.9]
      [GC Worker Total (ms): Min: 25.6, Avg: 25.8, Max: 25.9, Diff: 0.3, Sum: 206.1]
      [GC Worker End (ms): Min: 514425599.1, Avg: 514425599.2, Max: 514425599.2, Diff: 0.2]
   [Code Root Fixup: 0.0 ms]
   [Code Root Purge: 0.0 ms]
   [Clear CT: 0.8 ms]
   [Other: 10.0 ms]
      [Choose CSet: 0.0 ms]
      [Ref Proc: 2.2 ms]
      [Ref Enq: 0.2 ms]
      [Redirty Cards: 0.1 ms]
      [Humongous Register: 1.8 ms]
      [Humongous Reclaim: 0.3 ms]
      [Free CSet: 4.4 ms]
   [Eden: 3630.0M(3630.0M)->0.0B(3636.0M) Survivors: 56.0M->50.0M Heap: 5067.7M(6144.0M)->1371.3M(6144.0M)]
 [Times: user=0.19 sys=0.03, real=0.04 secs] 
2025-07-26T10:51:55.077+0800: 514468.912: [GC pause (G1 Evacuation Pause) (young), 0.0338859 secs]
   [Parallel Time: 22.4 ms, GC Workers: 8]
      [GC Worker Start (ms): Min: 514468915.9, Avg: 514468915.9, Max: 514468916.0, Diff: 0.1]
      [Ext Root Scanning (ms): Min: 3.2, Avg: 4.3, Max: 10.9, Diff: 7.7, Sum: 34.8]
      [Update RS (ms): Min: 2.5, Avg: 8.6, Max: 10.2, Diff: 7.8, Sum: 68.8]
         [Processed Buffers: Min: 38, Avg: 69.8, Max: 89, Diff: 51, Sum: 558]
      [Scan RS (ms): Min: 0.1, Avg: 0.4, Max: 0.5, Diff: 0.3, Sum: 3.0]
      [Code Root Scanning (ms): Min: 0.0, Avg: 0.0, Max: 0.0, Diff: 0.0, Sum: 0.1]
      [Object Copy (ms): Min: 8.4, Avg: 8.7, Max: 8.9, Diff: 0.5, Sum: 69.4]
      [Termination (ms): Min: 0.0, Avg: 0.1, Max: 0.1, Diff: 0.1, Sum: 0.6]
         [Termination Attempts: Min: 1, Avg: 1.8, Max: 4, Diff: 3, Sum: 14]
      [GC Worker Other (ms): Min: 0.1, Avg: 0.1, Max: 0.2, Diff: 0.1, Sum: 1.0]
      [GC Worker Total (ms): Min: 22.1, Avg: 22.2, Max: 22.3, Diff: 0.2, Sum: 177.7]
      [GC Worker End (ms): Min: 514468938.1, Avg: 514468938.1, Max: 514468938.2, Diff: 0.1]
   [Code Root Fixup: 0.1 ms]
   [Code Root Purge: 0.0 ms]
   [Clear CT: 0.6 ms]
   [Other: 10.8 ms]
      [Choose CSet: 0.0 ms]
      [Ref Proc: 2.2 ms]
      [Ref Enq: 0.2 ms]
      [Redirty Cards: 0.1 ms]
      [Humongous Register: 2.6 ms]
      [Humongous Reclaim: 0.2 ms]
      [Free CSet: 4.4 ms]
   [Eden: 3636.0M(3636.0M)->0.0B(3642.0M) Survivors: 50.0M->44.0M Heap: 5053.3M(6144.0M)->1367.1M(6144.0M)]
 [Times: user=0.19 sys=0.00, real=0.04 secs] 
2025-07-26T11:09:20.761+0800: 515514.596: [GC pause (G1 Evacuation Pause) (young), 0.0379830 secs]
   [Parallel Time: 24.2 ms, GC Workers: 8]
      [GC Worker Start (ms): Min: 515514599.5, Avg: 515514599.5, Max: 515514599.6, Diff: 0.2]
      [Ext Root Scanning (ms): Min: 2.7, Avg: 4.0, Max: 10.7, Diff: 8.0, Sum: 31.7]
      [Update RS (ms): Min: 2.8, Avg: 9.2, Max: 10.6, Diff: 7.9, Sum: 73.3]
         [Processed Buffers: Min: 44, Avg: 74.9, Max: 98, Diff: 54, Sum: 599]
      [Scan RS (ms): Min: 0.1, Avg: 0.4, Max: 0.5, Diff: 0.4, Sum: 3.1]
      [Code Root Scanning (ms): Min: 0.0, Avg: 0.0, Max: 0.0, Diff: 0.0, Sum: 0.1]
      [Object Copy (ms): Min: 9.7, Avg: 9.9, Max: 10.2, Diff: 0.5, Sum: 79.2]
      [Termination (ms): Min: 0.2, Avg: 0.4, Max: 0.6, Diff: 0.4, Sum: 3.3]
         [Termination Attempts: Min: 28, Avg: 67.0, Max: 94, Diff: 66, Sum: 536]
      [GC Worker Other (ms): Min: 0.0, Avg: 0.1, Max: 0.2, Diff: 0.1, Sum: 1.0]
      [GC Worker Total (ms): Min: 23.8, Avg: 24.0, Max: 24.1, Diff: 0.3, Sum: 191.7]
      [GC Worker End (ms): Min: 515514623.5, Avg: 515514623.5, Max: 515514623.6, Diff: 0.1]
   [Code Root Fixup: 0.0 ms]
   [Code Root Purge: 0.0 ms]
   [Clear CT: 0.7 ms]
   [Other: 13.0 ms]
      [Choose CSet: 0.0 ms]
      [Ref Proc: 4.8 ms]
      [Ref Enq: 0.2 ms]
      [Redirty Cards: 0.1 ms]
      [Humongous Register: 2.0 ms]
      [Humongous Reclaim: 0.3 ms]
      [Free CSet: 4.3 ms]
   [Eden: 3642.0M(3642.0M)->0.0B(3658.0M) Survivors: 44.0M->28.0M Heap: 5067.0M(6144.0M)->1355.8M(6144.0M)]
 [Times: user=0.10 sys=0.11, real=0.04 secs] 
2025-07-26T11:10:35.227+0800: 515589.063: [GC pause (G1 Evacuation Pause) (young), 0.0377461 secs]
   [Parallel Time: 28.7 ms, GC Workers: 8]
      [GC Worker Start (ms): Min: 515589063.6, Avg: 515589063.7, Max: 515589063.7, Diff: 0.1]
      [Ext Root Scanning (ms): Min: 3.2, Avg: 4.4, Max: 10.5, Diff: 7.3, Sum: 34.8]
      [Update RS (ms): Min: 6.2, Avg: 12.0, Max: 13.2, Diff: 7.0, Sum: 96.3]
         [Processed Buffers: Min: 49, Avg: 88.9, Max: 107, Diff: 58, Sum: 711]
      [Scan RS (ms): Min: 0.2, Avg: 0.4, Max: 0.4, Diff: 0.2, Sum: 3.2]
      [Code Root Scanning (ms): Min: 0.0, Avg: 0.0, Max: 0.0, Diff: 0.0, Sum: 0.1]
      [Object Copy (ms): Min: 11.4, Avg: 11.7, Max: 11.8, Diff: 0.4, Sum: 93.5]
      [Termination (ms): Min: 0.0, Avg: 0.0, Max: 0.0, Diff: 0.0, Sum: 0.0]
         [Termination Attempts: Min: 1, Avg: 2.0, Max: 5, Diff: 4, Sum: 16]
      [GC Worker Other (ms): Min: 0.1, Avg: 0.1, Max: 0.1, Diff: 0.1, Sum: 0.8]
      [GC Worker Total (ms): Min: 28.5, Avg: 28.6, Max: 28.7, Diff: 0.1, Sum: 228.7]
      [GC Worker End (ms): Min: 515589092.2, Avg: 515589092.3, Max: 515589092.3, Diff: 0.1]
   [Code Root Fixup: 0.0 ms]
   [Code Root Purge: 0.0 ms]
   [Clear CT: 0.6 ms]
   [Other: 8.3 ms]
      [Choose CSet: 0.0 ms]
      [Ref Proc: 4.3 ms]
      [Ref Enq: 0.2 ms]
      [Redirty Cards: 0.1 ms]
      [Humongous Register: 0.6 ms]
      [Humongous Reclaim: 0.2 ms]
      [Free CSet: 2.2 ms]
   [Eden: 3658.0M(3658.0M)->0.0B(3634.0M) Survivors: 28.0M->52.0M Heap: 5077.7M(6144.0M)->1377.4M(6144.0M)]
 [Times: user=0.14 sys=0.10, real=0.03 secs] 
2025-07-26T11:11:10.718+0800: 515624.554: [GC pause (G1 Evacuation Pause) (young), 0.0387565 secs]
   [Parallel Time: 27.7 ms, GC Workers: 8]
      [GC Worker Start (ms): Min: 515624556.3, Avg: 515624556.4, Max: 515624556.5, Diff: 0.2]
      [Ext Root Scanning (ms): Min: 3.3, Avg: 4.8, Max: 13.7, Diff: 10.3, Sum: 38.7]
      [Update RS (ms): Min: 0.1, Avg: 8.7, Max: 10.5, Diff: 10.3, Sum: 69.6]
         [Processed Buffers: Min: 6, Avg: 72.6, Max: 107, Diff: 101, Sum: 581]
      [Scan RS (ms): Min: 0.1, Avg: 0.4, Max: 0.5, Diff: 0.4, Sum: 3.2]
      [Code Root Scanning (ms): Min: 0.0, Avg: 0.0, Max: 0.0, Diff: 0.0, Sum: 0.1]
      [Object Copy (ms): Min: 13.1, Avg: 13.4, Max: 13.5, Diff: 0.4, Sum: 107.2]
      [Termination (ms): Min: 0.0, Avg: 0.0, Max: 0.0, Diff: 0.0, Sum: 0.2]
         [Termination Attempts: Min: 1, Avg: 1.5, Max: 2, Diff: 1, Sum: 12]
      [GC Worker Other (ms): Min: 0.0, Avg: 0.1, Max: 0.2, Diff: 0.2, Sum: 1.2]
      [GC Worker Total (ms): Min: 27.4, Avg: 27.5, Max: 27.6, Diff: 0.2, Sum: 220.2]
      [GC Worker End (ms): Min: 515624583.9, Avg: 515624583.9, Max: 515624584.0, Diff: 0.1]
   [Code Root Fixup: 0.0 ms]
   [Code Root Purge: 0.0 ms]
   [Clear CT: 0.6 ms]
   [Other: 10.4 ms]
      [Choose CSet: 0.0 ms]
      [Ref Proc: 2.5 ms]
      [Ref Enq: 0.2 ms]
      [Redirty Cards: 0.1 ms]
      [Humongous Register: 2.0 ms]
      [Humongous Reclaim: 0.2 ms]
      [Free CSet: 4.5 ms]
   [Eden: 3634.0M(3634.0M)->0.0B(3630.0M) Survivors: 52.0M->56.0M Heap: 5061.0M(6144.0M)->1381.7M(6144.0M)]
 [Times: user=0.19 sys=0.04, real=0.04 secs] 
2025-07-26T11:12:10.469+0800: 515684.305: [GC pause (G1 Evacuation Pause) (young), 0.0341652 secs]
   [Parallel Time: 23.9 ms, GC Workers: 8]
      [GC Worker Start (ms): Min: 515684307.2, Avg: 515684307.2, Max: 515684307.3, Diff: 0.1]
      [Ext Root Scanning (ms): Min: 3.1, Avg: 4.5, Max: 12.3, Diff: 9.2, Sum: 36.4]
      [Update RS (ms): Min: 1.9, Avg: 9.3, Max: 11.1, Diff: 9.2, Sum: 74.7]
         [Processed Buffers: Min: 30, Avg: 74.6, Max: 102, Diff: 72, Sum: 597]
      [Scan RS (ms): Min: 0.1, Avg: 0.4, Max: 0.5, Diff: 0.4, Sum: 3.0]
      [Code Root Scanning (ms): Min: 0.0, Avg: 0.0, Max: 0.0, Diff: 0.0, Sum: 0.1]
      [Object Copy (ms): Min: 9.0, Avg: 9.1, Max: 9.3, Diff: 0.3, Sum: 73.2]
      [Termination (ms): Min: 0.1, Avg: 0.1, Max: 0.2, Diff: 0.1, Sum: 1.2]
         [Termination Attempts: Min: 21, Avg: 46.9, Max: 66, Diff: 45, Sum: 375]
      [GC Worker Other (ms): Min: 0.0, Avg: 0.1, Max: 0.2, Diff: 0.1, Sum: 1.1]
      [GC Worker Total (ms): Min: 23.6, Avg: 23.7, Max: 23.8, Diff: 0.2, Sum: 189.7]
      [GC Worker End (ms): Min: 515684330.9, Avg: 515684331.0, Max: 515684331.0, Diff: 0.1]
   [Code Root Fixup: 0.0 ms]
   [Code Root Purge: 0.0 ms]
   [Clear CT: 0.6 ms]
   [Other: 9.6 ms]
      [Choose CSet: 0.0 ms]
      [Ref Proc: 2.1 ms]
      [Ref Enq: 0.2 ms]
      [Redirty Cards: 0.1 ms]
      [Humongous Register: 1.9 ms]
      [Humongous Reclaim: 0.2 ms]
      [Free CSet: 4.3 ms]
   [Eden: 3630.0M(3630.0M)->0.0B(3644.0M) Survivors: 56.0M->42.0M Heap: 5063.7M(6144.0M)->1373.8M(6144.0M)]
 [Times: user=0.20 sys=0.01, real=0.03 secs] 
2025-07-26T11:13:23.408+0800: 515757.244: [GC pause (G1 Evacuation Pause) (young), 0.0537364 secs]
   [Parallel Time: 43.0 ms, GC Workers: 8]
      [GC Worker Start (ms): Min: 515757246.1, Avg: 515757246.1, Max: 515757246.2, Diff: 0.2]
      [Ext Root Scanning (ms): Min: 2.9, Avg: 4.4, Max: 13.4, Diff: 10.5, Sum: 34.8]
      [Update RS (ms): Min: 16.5, Avg: 25.4, Max: 26.8, Diff: 10.3, Sum: 202.9]
         [Processed Buffers: Min: 104, Avg: 163.2, Max: 186, Diff: 82, Sum: 1306]
      [Scan RS (ms): Min: 0.1, Avg: 0.4, Max: 0.6, Diff: 0.4, Sum: 3.4]
      [Code Root Scanning (ms): Min: 0.0, Avg: 0.0, Max: 0.0, Diff: 0.0, Sum: 0.1]
      [Object Copy (ms): Min: 12.2, Avg: 12.5, Max: 12.7, Diff: 0.5, Sum: 100.1]
      [Termination (ms): Min: 0.0, Avg: 0.0, Max: 0.0, Diff: 0.0, Sum: 0.0]
         [Termination Attempts: Min: 1, Avg: 1.6, Max: 3, Diff: 2, Sum: 13]
      [GC Worker Other (ms): Min: 0.1, Avg: 0.1, Max: 0.2, Diff: 0.1, Sum: 1.2]
      [GC Worker Total (ms): Min: 42.7, Avg: 42.8, Max: 42.9, Diff: 0.2, Sum: 342.5]
      [GC Worker End (ms): Min: 515757288.9, Avg: 515757288.9, Max: 515757289.0, Diff: 0.1]
   [Code Root Fixup: 0.0 ms]
   [Code Root Purge: 0.0 ms]
   [Clear CT: 0.6 ms]
   [Other: 10.1 ms]
      [Choose CSet: 0.0 ms]
      [Ref Proc: 2.3 ms]
      [Ref Enq: 0.1 ms]
      [Redirty Cards: 0.1 ms]
      [Humongous Register: 1.7 ms]
      [Humongous Reclaim: 0.5 ms]
      [Free CSet: 4.5 ms]
   [Eden: 3644.0M(3644.0M)->0.0B(3642.0M) Survivors: 42.0M->44.0M Heap: 5165.3M(6144.0M)->1368.9M(6144.0M)]
 [Times: user=0.35 sys=0.00, real=0.05 secs] 
2025-07-26T11:17:00.833+0800: 515974.669: [GC pause (G1 Evacuation Pause) (young), 0.0464092 secs]
   [Parallel Time: 35.2 ms, GC Workers: 8]
      [GC Worker Start (ms): Min: 515974671.3, Avg: 515974671.4, Max: 515974671.5, Diff: 0.2]
      [Ext Root Scanning (ms): Min: 2.9, Avg: 4.4, Max: 11.6, Diff: 8.7, Sum: 34.8]
      [Update RS (ms): Min: 12.9, Avg: 19.8, Max: 21.6, Diff: 8.7, Sum: 158.1]
         [Processed Buffers: Min: 93, Avg: 137.8, Max: 167, Diff: 74, Sum: 1102]
      [Scan RS (ms): Min: 0.2, Avg: 0.6, Max: 0.7, Diff: 0.6, Sum: 4.7]
      [Code Root Scanning (ms): Min: 0.0, Avg: 0.0, Max: 0.0, Diff: 0.0, Sum: 0.1]
      [Object Copy (ms): Min: 9.8, Avg: 10.1, Max: 10.3, Diff: 0.5, Sum: 80.9]
      [Termination (ms): Min: 0.0, Avg: 0.0, Max: 0.0, Diff: 0.0, Sum: 0.0]
         [Termination Attempts: Min: 1, Avg: 1.0, Max: 1, Diff: 0, Sum: 8]
      [GC Worker Other (ms): Min: 0.1, Avg: 0.2, Max: 0.2, Diff: 0.1, Sum: 1.3]
      [GC Worker Total (ms): Min: 34.9, Avg: 35.0, Max: 35.1, Diff: 0.2, Sum: 279.9]
      [GC Worker End (ms): Min: 515974706.3, Avg: 515974706.4, Max: 515974706.4, Diff: 0.1]
   [Code Root Fixup: 0.0 ms]
   [Code Root Purge: 0.0 ms]
   [Clear CT: 0.8 ms]
   [Other: 10.4 ms]
      [Choose CSet: 0.0 ms]
      [Ref Proc: 2.6 ms]
      [Ref Enq: 0.1 ms]
      [Redirty Cards: 0.1 ms]
      [Humongous Register: 1.6 ms]
      [Humongous Reclaim: 0.6 ms]
      [Free CSet: 4.4 ms]
   [Eden: 3642.0M(3642.0M)->0.0B(3646.0M) Survivors: 44.0M->40.0M Heap: 5222.8M(6144.0M)->1380.4M(6144.0M)]
 [Times: user=0.25 sys=0.04, real=0.05 secs] 
2025-07-26T11:19:21.467+0800: 516115.302: [GC pause (G1 Evacuation Pause) (young), 0.0466291 secs]
   [Parallel Time: 35.5 ms, GC Workers: 8]
      [GC Worker Start (ms): Min: 516115304.8, Avg: 516115304.9, Max: 516115305.0, Diff: 0.2]
      [Ext Root Scanning (ms): Min: 3.1, Avg: 4.3, Max: 11.4, Diff: 8.3, Sum: 34.7]
      [Update RS (ms): Min: 15.6, Avg: 22.4, Max: 23.8, Diff: 8.3, Sum: 179.1]
         [Processed Buffers: Min: 100, Avg: 140.5, Max: 158, Diff: 58, Sum: 1124]
      [Scan RS (ms): Min: 0.2, Avg: 0.6, Max: 0.8, Diff: 0.6, Sum: 4.7]
      [Code Root Scanning (ms): Min: 0.0, Avg: 0.0, Max: 0.0, Diff: 0.0, Sum: 0.1]
      [Object Copy (ms): Min: 7.6, Avg: 7.8, Max: 8.0, Diff: 0.3, Sum: 62.5]
      [Termination (ms): Min: 0.0, Avg: 0.0, Max: 0.0, Diff: 0.0, Sum: 0.1]
         [Termination Attempts: Min: 1, Avg: 3.4, Max: 5, Diff: 4, Sum: 27]
      [GC Worker Other (ms): Min: 0.1, Avg: 0.2, Max: 0.2, Diff: 0.2, Sum: 1.2]
      [GC Worker Total (ms): Min: 35.2, Avg: 35.3, Max: 35.4, Diff: 0.2, Sum: 282.3]
      [GC Worker End (ms): Min: 516115340.1, Avg: 516115340.1, Max: 516115340.2, Diff: 0.1]
   [Code Root Fixup: 0.0 ms]
   [Code Root Purge: 0.0 ms]
   [Clear CT: 0.8 ms]
   [Other: 10.3 ms]
      [Choose CSet: 0.0 ms]
      [Ref Proc: 2.5 ms]
      [Ref Enq: 0.1 ms]
      [Redirty Cards: 0.1 ms]
      [Humongous Register: 1.5 ms]
      [Humongous Reclaim: 0.6 ms]
      [Free CSet: 4.4 ms]
   [Eden: 3646.0M(3646.0M)->0.0B(3650.0M) Survivors: 40.0M->36.0M Heap: 5250.8M(6144.0M)->1381.5M(6144.0M)]
 [Times: user=0.26 sys=0.04, real=0.05 secs] 
2025-07-26T11:20:20.332+0800: 516174.168: [GC pause (G1 Evacuation Pause) (young), 0.0364275 secs]
   [Parallel Time: 22.9 ms, GC Workers: 8]
      [GC Worker Start (ms): Min: 516174171.2, Avg: 516174171.2, Max: 516174171.3, Diff: 0.1]
      [Ext Root Scanning (ms): Min: 3.1, Avg: 4.3, Max: 11.5, Diff: 8.4, Sum: 34.4]
      [Update RS (ms): Min: 0.0, Avg: 6.5, Max: 7.9, Diff: 7.9, Sum: 52.4]
         [Processed Buffers: Min: 0, Avg: 55.8, Max: 82, Diff: 82, Sum: 446]
      [Scan RS (ms): Min: 0.1, Avg: 0.4, Max: 0.5, Diff: 0.4, Sum: 2.9]
      [Code Root Scanning (ms): Min: 0.0, Avg: 0.0, Max: 0.0, Diff: 0.0, Sum: 0.1]
      [Object Copy (ms): Min: 11.1, Avg: 11.3, Max: 11.4, Diff: 0.4, Sum: 90.6]
      [Termination (ms): Min: 0.0, Avg: 0.0, Max: 0.0, Diff: 0.0, Sum: 0.0]
         [Termination Attempts: Min: 1, Avg: 1.0, Max: 1, Diff: 0, Sum: 8]
      [GC Worker Other (ms): Min: 0.1, Avg: 0.2, Max: 0.2, Diff: 0.1, Sum: 1.2]
      [GC Worker Total (ms): Min: 22.6, Avg: 22.7, Max: 22.8, Diff: 0.2, Sum: 181.6]
      [GC Worker End (ms): Min: 516174193.9, Avg: 516174193.9, Max: 516174194.0, Diff: 0.1]
   [Code Root Fixup: 0.0 ms]
   [Code Root Purge: 0.0 ms]
   [Clear CT: 0.5 ms]
   [Other: 12.9 ms]
      [Choose CSet: 0.0 ms]
      [Ref Proc: 3.8 ms]
      [Ref Enq: 0.2 ms]
      [Redirty Cards: 0.1 ms]
      [Humongous Register: 2.3 ms]
      [Humongous Reclaim: 0.3 ms]
      [Free CSet: 4.9 ms]
   [Eden: 3650.0M(3650.0M)->0.0B(3642.0M) Survivors: 36.0M->44.0M Heap: 5075.2M(6144.0M)->1383.9M(6144.0M)]
 [Times: user=0.18 sys=0.02, real=0.04 secs] 
2025-07-26T11:20:55.497+0800: 516209.333: [GC pause (G1 Evacuation Pause) (young), 0.0374739 secs]
   [Parallel Time: 25.6 ms, GC Workers: 8]
      [GC Worker Start (ms): Min: 516209336.3, Avg: 516209336.3, Max: 516209336.4, Diff: 0.1]
      [Ext Root Scanning (ms): Min: 3.3, Avg: 4.4, Max: 11.0, Diff: 7.7, Sum: 35.4]
      [Update RS (ms): Min: 3.6, Avg: 10.0, Max: 11.4, Diff: 7.8, Sum: 79.6]
         [Processed Buffers: Min: 47, Avg: 71.8, Max: 92, Diff: 45, Sum: 574]
      [Scan RS (ms): Min: 0.1, Avg: 0.4, Max: 0.5, Diff: 0.3, Sum: 2.9]
      [Code Root Scanning (ms): Min: 0.0, Avg: 0.0, Max: 0.0, Diff: 0.0, Sum: 0.1]
      [Object Copy (ms): Min: 10.3, Avg: 10.5, Max: 10.7, Diff: 0.4, Sum: 84.0]
      [Termination (ms): Min: 0.0, Avg: 0.0, Max: 0.0, Diff: 0.0, Sum: 0.0]
         [Termination Attempts: Min: 1, Avg: 2.0, Max: 3, Diff: 2, Sum: 16]
      [GC Worker Other (ms): Min: 0.1, Avg: 0.2, Max: 0.2, Diff: 0.1, Sum: 1.2]
      [GC Worker Total (ms): Min: 25.4, Avg: 25.4, Max: 25.5, Diff: 0.1, Sum: 203.2]
      [GC Worker End (ms): Min: 516209361.7, Avg: 516209361.7, Max: 516209361.8, Diff: 0.1]
   [Code Root Fixup: 0.0 ms]
   [Code Root Purge: 0.0 ms]
   [Clear CT: 0.7 ms]
   [Other: 11.2 ms]
      [Choose CSet: 0.0 ms]
      [Ref Proc: 2.3 ms]
      [Ref Enq: 0.2 ms]
      [Redirty Cards: 0.1 ms]
      [Humongous Register: 2.7 ms]
      [Humongous Reclaim: 0.3 ms]
      [Free CSet: 4.4 ms]
   [Eden: 3642.0M(3642.0M)->0.0B(3638.0M) Survivors: 44.0M->48.0M Heap: 5076.2M(6144.0M)->1381.3M(6144.0M)]
 [Times: user=0.18 sys=0.03, real=0.03 secs] 
2025-07-26T11:21:29.018+0800: 516242.853: [GC pause (G1 Evacuation Pause) (young), 0.0359846 secs]
   [Parallel Time: 24.8 ms, GC Workers: 8]
      [GC Worker Start (ms): Min: 516242855.7, Avg: 516242855.8, Max: 516242855.9, Diff: 0.2]
      [Ext Root Scanning (ms): Min: 3.1, Avg: 4.4, Max: 11.6, Diff: 8.5, Sum: 34.8]
      [Update RS (ms): Min: 3.6, Avg: 10.7, Max: 12.3, Diff: 8.6, Sum: 85.2]
         [Processed Buffers: Min: 42, Avg: 76.9, Max: 100, Diff: 58, Sum: 615]
      [Scan RS (ms): Min: 0.1, Avg: 0.4, Max: 0.5, Diff: 0.4, Sum: 3.2]
      [Code Root Scanning (ms): Min: 0.0, Avg: 0.0, Max: 0.0, Diff: 0.0, Sum: 0.1]
      [Object Copy (ms): Min: 8.8, Avg: 8.9, Max: 9.1, Diff: 0.3, Sum: 71.3]
      [Termination (ms): Min: 0.0, Avg: 0.1, Max: 0.1, Diff: 0.1, Sum: 0.4]
         [Termination Attempts: Min: 1, Avg: 1.0, Max: 1, Diff: 0, Sum: 8]
      [GC Worker Other (ms): Min: 0.0, Avg: 0.1, Max: 0.2, Diff: 0.2, Sum: 0.9]
      [GC Worker Total (ms): Min: 24.4, Avg: 24.5, Max: 24.6, Diff: 0.2, Sum: 196.0]
      [GC Worker End (ms): Min: 516242880.3, Avg: 516242880.3, Max: 516242880.4, Diff: 0.1]
   [Code Root Fixup: 0.0 ms]
   [Code Root Purge: 0.0 ms]
   [Clear CT: 0.8 ms]
   [Other: 10.3 ms]
      [Choose CSet: 0.0 ms]
      [Ref Proc: 2.3 ms]
      [Ref Enq: 0.2 ms]
      [Redirty Cards: 0.2 ms]
      [Humongous Register: 1.7 ms]
      [Humongous Reclaim: 0.3 ms]
      [Free CSet: 4.7 ms]
   [Eden: 3638.0M(3638.0M)->0.0B(3636.0M) Survivors: 48.0M->50.0M Heap: 5074.9M(6144.0M)->1388.3M(6144.0M)]
 [Times: user=0.20 sys=0.01, real=0.03 secs] 
2025-07-26T11:22:22.410+0800: 516296.246: [GC pause (G1 Evacuation Pause) (young), 0.0359510 secs]
   [Parallel Time: 24.4 ms, GC Workers: 8]
      [GC Worker Start (ms): Min: 516296249.1, Avg: 516296249.3, Max: 516296249.4, Diff: 0.3]
      [Ext Root Scanning (ms): Min: 3.3, Avg: 4.7, Max: 12.7, Diff: 9.4, Sum: 37.3]
      [Update RS (ms): Min: 3.2, Avg: 10.9, Max: 12.4, Diff: 9.1, Sum: 87.6]
         [Processed Buffers: Min: 43, Avg: 78.8, Max: 97, Diff: 54, Sum: 630]
      [Scan RS (ms): Min: 0.2, Avg: 0.4, Max: 0.5, Diff: 0.4, Sum: 3.1]
      [Code Root Scanning (ms): Min: 0.0, Avg: 0.0, Max: 0.0, Diff: 0.0, Sum: 0.1]
      [Object Copy (ms): Min: 7.6, Avg: 7.9, Max: 8.1, Diff: 0.4, Sum: 62.8]
      [Termination (ms): Min: 0.0, Avg: 0.1, Max: 0.1, Diff: 0.1, Sum: 0.8]
         [Termination Attempts: Min: 1, Avg: 1.0, Max: 1, Diff: 0, Sum: 8]
      [GC Worker Other (ms): Min: 0.1, Avg: 0.1, Max: 0.2, Diff: 0.1, Sum: 1.0]
      [GC Worker Total (ms): Min: 23.9, Avg: 24.1, Max: 24.2, Diff: 0.3, Sum: 192.7]
      [GC Worker End (ms): Min: 516296273.3, Avg: 516296273.4, Max: 516296273.4, Diff: 0.1]
   [Code Root Fixup: 0.0 ms]
   [Code Root Purge: 0.0 ms]
   [Clear CT: 0.6 ms]
   [Other: 10.9 ms]
      [Choose CSet: 0.0 ms]
      [Ref Proc: 2.0 ms]
      [Ref Enq: 0.1 ms]
      [Redirty Cards: 0.1 ms]
      [Humongous Register: 2.7 ms]
      [Humongous Reclaim: 0.3 ms]
      [Free CSet: 4.4 ms]
   [Eden: 3636.0M(3636.0M)->0.0B(3646.0M) Survivors: 50.0M->40.0M Heap: 5082.2M(6144.0M)->1372.4M(6144.0M)]
 [Times: user=0.18 sys=0.03, real=0.03 secs] 
2025-07-26T11:23:23.727+0800: 516357.563: [GC pause (G1 Evacuation Pause) (young), 0.0412684 secs]
   [Parallel Time: 29.1 ms, GC Workers: 8]
      [GC Worker Start (ms): Min: 516357565.3, Avg: 516357565.4, Max: 516357565.5, Diff: 0.2]
      [Ext Root Scanning (ms): Min: 2.9, Avg: 4.2, Max: 11.1, Diff: 8.2, Sum: 33.9]
      [Update RS (ms): Min: 10.4, Avg: 17.1, Max: 19.0, Diff: 8.7, Sum: 136.4]
         [Processed Buffers: Min: 89, Avg: 112.4, Max: 134, Diff: 45, Sum: 899]
      [Scan RS (ms): Min: 0.1, Avg: 0.6, Max: 0.8, Diff: 0.7, Sum: 4.7]
      [Code Root Scanning (ms): Min: 0.0, Avg: 0.0, Max: 0.0, Diff: 0.0, Sum: 0.1]
      [Object Copy (ms): Min: 5.3, Avg: 6.1, Max: 6.5, Diff: 1.2, Sum: 49.0]
      [Termination (ms): Min: 0.5, Avg: 0.7, Max: 1.1, Diff: 0.6, Sum: 5.9]
         [Termination Attempts: Min: 37, Avg: 91.6, Max: 127, Diff: 90, Sum: 733]
      [GC Worker Other (ms): Min: 0.0, Avg: 0.1, Max: 0.3, Diff: 0.3, Sum: 1.0]
      [GC Worker Total (ms): Min: 28.8, Avg: 28.9, Max: 29.0, Diff: 0.2, Sum: 231.0]
      [GC Worker End (ms): Min: 516357594.2, Avg: 516357594.3, Max: 516357594.3, Diff: 0.1]
   [Code Root Fixup: 0.0 ms]
   [Code Root Purge: 0.0 ms]
   [Clear CT: 0.7 ms]
   [Other: 11.5 ms]
      [Choose CSet: 0.0 ms]
      [Ref Proc: 3.3 ms]
      [Ref Enq: 0.1 ms]
      [Redirty Cards: 0.2 ms]
      [Humongous Register: 2.0 ms]
      [Humongous Reclaim: 0.4 ms]
      [Free CSet: 4.6 ms]
   [Eden: 3646.0M(3646.0M)->0.0B(3664.0M) Survivors: 40.0M->22.0M Heap: 5171.9M(6144.0M)->1363.3M(6144.0M)]
 [Times: user=0.21 sys=0.03, real=0.04 secs] 
2025-07-26T11:25:33.854+0800: 516487.689: [GC pause (G1 Evacuation Pause) (young), 0.0411190 secs]
   [Parallel Time: 26.4 ms, GC Workers: 8]
      [GC Worker Start (ms): Min: 516487694.8, Avg: 516487694.9, Max: 516487695.1, Diff: 0.2]
      [Ext Root Scanning (ms): Min: 3.3, Avg: 4.5, Max: 11.0, Diff: 7.7, Sum: 36.2]
      [Update RS (ms): Min: 4.5, Avg: 10.7, Max: 12.3, Diff: 7.8, Sum: 85.9]
         [Processed Buffers: Min: 45, Avg: 70.2, Max: 88, Diff: 43, Sum: 562]
      [Scan RS (ms): Min: 0.1, Avg: 0.4, Max: 0.6, Diff: 0.5, Sum: 3.5]
      [Code Root Scanning (ms): Min: 0.0, Avg: 0.0, Max: 0.0, Diff: 0.0, Sum: 0.1]
      [Object Copy (ms): Min: 10.1, Avg: 10.3, Max: 10.4, Diff: 0.3, Sum: 82.1]
      [Termination (ms): Min: 0.0, Avg: 0.0, Max: 0.0, Diff: 0.0, Sum: 0.0]
         [Termination Attempts: Min: 1, Avg: 1.1, Max: 2, Diff: 1, Sum: 9]
      [GC Worker Other (ms): Min: 0.1, Avg: 0.1, Max: 0.2, Diff: 0.1, Sum: 1.2]
      [GC Worker Total (ms): Min: 26.0, Avg: 26.1, Max: 26.2, Diff: 0.2, Sum: 209.1]
      [GC Worker End (ms): Min: 516487721.0, Avg: 516487721.1, Max: 516487721.1, Diff: 0.1]
   [Code Root Fixup: 0.0 ms]
   [Code Root Purge: 0.0 ms]
   [Clear CT: 0.8 ms]
   [Other: 13.9 ms]
      [Choose CSet: 0.0 ms]
      [Ref Proc: 3.3 ms]
      [Ref Enq: 0.1 ms]
      [Redirty Cards: 0.1 ms]
      [Humongous Register: 4.6 ms]
      [Humongous Reclaim: 0.3 ms]
      [Free CSet: 4.2 ms]
   [Eden: 3664.0M(3664.0M)->0.0B(3654.0M) Survivors: 22.0M->32.0M Heap: 5080.9M(6144.0M)->1369.0M(6144.0M)]
 [Times: user=0.20 sys=0.02, real=0.04 secs] 
2025-07-26T11:26:58.262+0800: 516572.098: [GC pause (GCLocker Initiated GC) (young), 0.0501759 secs]
   [Parallel Time: 39.6 ms, GC Workers: 8]
      [GC Worker Start (ms): Min: 516572100.0, Avg: 516572100.1, Max: 516572100.1, Diff: 0.1]
      [Ext Root Scanning (ms): Min: 2.9, Avg: 4.2, Max: 11.8, Diff: 8.9, Sum: 33.8]
      [Update RS (ms): Min: 18.3, Avg: 25.7, Max: 27.4, Diff: 9.1, Sum: 205.7]
         [Processed Buffers: Min: 124, Avg: 164.2, Max: 182, Diff: 58, Sum: 1314]
      [Scan RS (ms): Min: 0.1, Avg: 0.5, Max: 0.7, Diff: 0.6, Sum: 4.4]
      [Code Root Scanning (ms): Min: 0.0, Avg: 0.0, Max: 0.0, Diff: 0.0, Sum: 0.1]
      [Object Copy (ms): Min: 8.7, Avg: 8.8, Max: 8.9, Diff: 0.2, Sum: 70.2]
      [Termination (ms): Min: 0.0, Avg: 0.0, Max: 0.0, Diff: 0.0, Sum: 0.1]
         [Termination Attempts: Min: 3, Avg: 4.9, Max: 7, Diff: 4, Sum: 39]
      [GC Worker Other (ms): Min: 0.1, Avg: 0.2, Max: 0.2, Diff: 0.1, Sum: 1.3]
      [GC Worker Total (ms): Min: 39.4, Avg: 39.4, Max: 39.5, Diff: 0.1, Sum: 315.4]
      [GC Worker End (ms): Min: 516572139.4, Avg: 516572139.5, Max: 516572139.5, Diff: 0.1]
   [Code Root Fixup: 0.0 ms]
   [Code Root Purge: 0.0 ms]
   [Clear CT: 0.7 ms]
   [Other: 9.8 ms]
      [Choose CSet: 0.0 ms]
      [Ref Proc: 2.0 ms]
      [Ref Enq: 0.1 ms]
      [Redirty Cards: 0.1 ms]
      [Humongous Register: 1.6 ms]
      [Humongous Reclaim: 0.5 ms]
      [Free CSet: 4.5 ms]
   [Eden: 3656.0M(3654.0M)->0.0B(3652.0M) Survivors: 32.0M->34.0M Heap: 5218.9M(6144.0M)->1384.0M(6144.0M)]
 [Times: user=0.27 sys=0.05, real=0.05 secs] 
2025-07-26T11:29:21.111+0800: 516714.946: [GC pause (G1 Evacuation Pause) (young), 0.0386938 secs]
   [Parallel Time: 24.2 ms, GC Workers: 8]
      [GC Worker Start (ms): Min: 516714951.8, Avg: 516714951.8, Max: 516714951.9, Diff: 0.1]
      [Ext Root Scanning (ms): Min: 2.7, Avg: 4.6, Max: 13.0, Diff: 10.2, Sum: 36.9]
      [Update RS (ms): Min: 1.3, Avg: 9.4, Max: 11.8, Diff: 10.5, Sum: 75.4]
         [Processed Buffers: Min: 26, Avg: 68.1, Max: 84, Diff: 58, Sum: 545]
      [Scan RS (ms): Min: 0.1, Avg: 0.4, Max: 0.5, Diff: 0.4, Sum: 3.2]
      [Code Root Scanning (ms): Min: 0.0, Avg: 0.0, Max: 0.0, Diff: 0.0, Sum: 0.1]
      [Object Copy (ms): Min: 6.1, Avg: 6.8, Max: 7.4, Diff: 1.4, Sum: 54.0]
      [Termination (ms): Min: 2.1, Avg: 2.7, Max: 3.5, Diff: 1.4, Sum: 21.4]
         [Termination Attempts: Min: 201, Avg: 337.0, Max: 498, Diff: 297, Sum: 2696]
      [GC Worker Other (ms): Min: 0.0, Avg: 0.1, Max: 0.2, Diff: 0.2, Sum: 1.0]
      [GC Worker Total (ms): Min: 23.9, Avg: 24.0, Max: 24.1, Diff: 0.2, Sum: 191.9]
      [GC Worker End (ms): Min: 516714975.8, Avg: 516714975.8, Max: 516714975.9, Diff: 0.1]
   [Code Root Fixup: 0.0 ms]
   [Code Root Purge: 0.0 ms]
   [Clear CT: 0.7 ms]
   [Other: 13.8 ms]
      [Choose CSet: 0.0 ms]
      [Ref Proc: 3.2 ms]
      [Ref Enq: 0.1 ms]
      [Redirty Cards: 0.1 ms]
      [Humongous Register: 2.6 ms]
      [Humongous Reclaim: 0.3 ms]
      [Free CSet: 4.4 ms]
   [Eden: 3652.0M(3652.0M)->0.0B(3666.0M) Survivors: 34.0M->20.0M Heap: 5088.0M(6144.0M)->1355.4M(6144.0M)]
 [Times: user=0.18 sys=0.03, real=0.04 secs] 
2025-07-26T11:32:21.908+0800: 516895.744: [GC pause (G1 Evacuation Pause) (young), 0.0306165 secs]
   [Parallel Time: 18.0 ms, GC Workers: 8]
      [GC Worker Start (ms): Min: 516895747.1, Avg: 516895747.2, Max: 516895747.3, Diff: 0.1]
      [Ext Root Scanning (ms): Min: 2.6, Avg: 4.0, Max: 12.0, Diff: 9.4, Sum: 32.1]
      [Update RS (ms): Min: 0.0, Avg: 4.1, Max: 5.3, Diff: 5.3, Sum: 32.7]
         [Processed Buffers: Min: 0, Avg: 32.2, Max: 56, Diff: 56, Sum: 258]
      [Scan RS (ms): Min: 0.1, Avg: 0.4, Max: 0.5, Diff: 0.4, Sum: 2.9]
      [Code Root Scanning (ms): Min: 0.0, Avg: 0.0, Max: 0.0, Diff: 0.0, Sum: 0.1]
      [Object Copy (ms): Min: 3.6, Avg: 6.5, Max: 7.1, Diff: 3.5, Sum: 51.8]
      [Termination (ms): Min: 2.0, Avg: 2.7, Max: 3.0, Diff: 1.0, Sum: 21.4]
         [Termination Attempts: Min: 228, Avg: 319.9, Max: 402, Diff: 174, Sum: 2559]
      [GC Worker Other (ms): Min: 0.0, Avg: 0.1, Max: 0.2, Diff: 0.1, Sum: 0.9]
      [GC Worker Total (ms): Min: 17.7, Avg: 17.7, Max: 17.9, Diff: 0.3, Sum: 141.9]
      [GC Worker End (ms): Min: 516895764.9, Avg: 516895765.0, Max: 516895765.1, Diff: 0.1]
   [Code Root Fixup: 0.0 ms]
   [Code Root Purge: 0.0 ms]
   [Clear CT: 0.7 ms]
   [Other: 11.9 ms]
      [Choose CSet: 0.0 ms]
      [Ref Proc: 3.3 ms]
      [Ref Enq: 0.1 ms]
      [Redirty Cards: 0.1 ms]
      [Humongous Register: 2.7 ms]
      [Humongous Reclaim: 0.2 ms]
      [Free CSet: 4.3 ms]
   [Eden: 3666.0M(3666.0M)->0.0B(3668.0M) Survivors: 20.0M->18.0M Heap: 5045.4M(6144.0M)->1354.1M(6144.0M)]
 [Times: user=0.16 sys=0.00, real=0.03 secs] 
2025-07-26T11:33:29.555+0800: 516963.391: [GC pause (G1 Evacuation Pause) (young), 0.0317400 secs]
   [Parallel Time: 19.5 ms, GC Workers: 8]
      [GC Worker Start (ms): Min: 516963394.0, Avg: 516963394.0, Max: 516963394.1, Diff: 0.1]
      [Ext Root Scanning (ms): Min: 3.0, Avg: 4.3, Max: 12.3, Diff: 9.3, Sum: 34.4]
      [Update RS (ms): Min: 0.0, Avg: 3.7, Max: 4.9, Diff: 4.9, Sum: 29.4]
         [Processed Buffers: Min: 0, Avg: 26.8, Max: 46, Diff: 46, Sum: 214]
      [Scan RS (ms): Min: 0.1, Avg: 0.4, Max: 0.5, Diff: 0.4, Sum: 3.1]
      [Code Root Scanning (ms): Min: 0.0, Avg: 0.0, Max: 0.0, Diff: 0.0, Sum: 0.1]
      [Object Copy (ms): Min: 2.9, Avg: 6.5, Max: 7.8, Diff: 4.9, Sum: 51.6]
      [Termination (ms): Min: 3.5, Avg: 4.2, Max: 4.9, Diff: 1.4, Sum: 33.7]
         [Termination Attempts: Min: 383, Avg: 496.4, Max: 613, Diff: 230, Sum: 3971]
      [GC Worker Other (ms): Min: 0.1, Avg: 0.1, Max: 0.2, Diff: 0.1, Sum: 1.0]
      [GC Worker Total (ms): Min: 19.0, Avg: 19.2, Max: 19.3, Diff: 0.3, Sum: 153.4]
      [GC Worker End (ms): Min: 516963413.1, Avg: 516963413.2, Max: 516963413.3, Diff: 0.2]
   [Code Root Fixup: 0.0 ms]
   [Code Root Purge: 0.0 ms]
   [Clear CT: 0.7 ms]
   [Other: 11.6 ms]
      [Choose CSet: 0.0 ms]
      [Ref Proc: 3.3 ms]
      [Ref Enq: 0.1 ms]
      [Redirty Cards: 0.1 ms]
      [Humongous Register: 2.6 ms]
      [Humongous Reclaim: 0.1 ms]
      [Free CSet: 4.4 ms]
   [Eden: 3668.0M(3668.0M)->0.0B(3668.0M) Survivors: 18.0M->18.0M Heap: 5040.1M(6144.0M)->1366.4M(6144.0M)]
 [Times: user=0.07 sys=0.09, real=0.04 secs] 
2025-07-26T11:35:39.375+0800: 517093.211: [GC pause (G1 Evacuation Pause) (young), 0.0309856 secs]
   [Parallel Time: 18.6 ms, GC Workers: 8]
      [GC Worker Start (ms): Min: 517093214.2, Avg: 517093214.3, Max: 517093214.4, Diff: 0.2]
      [Ext Root Scanning (ms): Min: 2.9, Avg: 4.3, Max: 12.5, Diff: 9.6, Sum: 34.2]
      [Update RS (ms): Min: 0.0, Avg: 1.7, Max: 2.5, Diff: 2.5, Sum: 13.6]
         [Processed Buffers: Min: 0, Avg: 15.6, Max: 37, Diff: 37, Sum: 125]
      [Scan RS (ms): Min: 0.1, Avg: 0.4, Max: 0.6, Diff: 0.4, Sum: 3.4]
      [Code Root Scanning (ms): Min: 0.0, Avg: 0.0, Max: 0.0, Diff: 0.0, Sum: 0.1]
      [Object Copy (ms): Min: 1.8, Avg: 6.5, Max: 7.8, Diff: 6.0, Sum: 51.8]
      [Termination (ms): Min: 3.7, Avg: 5.3, Max: 6.4, Diff: 2.7, Sum: 42.3]
         [Termination Attempts: Min: 321, Avg: 564.1, Max: 767, Diff: 446, Sum: 4513]
      [GC Worker Other (ms): Min: 0.1, Avg: 0.1, Max: 0.2, Diff: 0.1, Sum: 0.9]
      [GC Worker Total (ms): Min: 18.2, Avg: 18.3, Max: 18.4, Diff: 0.2, Sum: 146.4]
      [GC Worker End (ms): Min: 517093232.5, Avg: 517093232.6, Max: 517093232.8, Diff: 0.2]
   [Code Root Fixup: 0.0 ms]
   [Code Root Purge: 0.0 ms]
   [Clear CT: 0.7 ms]
   [Other: 11.7 ms]
      [Choose CSet: 0.0 ms]
      [Ref Proc: 3.4 ms]
      [Ref Enq: 0.1 ms]
      [Redirty Cards: 0.1 ms]
      [Humongous Register: 2.6 ms]
      [Humongous Reclaim: 0.1 ms]
      [Free CSet: 4.4 ms]
   [Eden: 3668.0M(3668.0M)->0.0B(3666.0M) Survivors: 18.0M->20.0M Heap: 5034.4M(6144.0M)->1361.5M(6144.0M)]
 [Times: user=0.15 sys=0.01, real=0.03 secs] 
2025-07-26T11:39:20.362+0800: 517314.197: [GC pause (G1 Evacuation Pause) (young), 0.0292402 secs]
   [Parallel Time: 16.6 ms, GC Workers: 8]
      [GC Worker Start (ms): Min: 517314200.6, Avg: 517314200.7, Max: 517314200.8, Diff: 0.2]
      [Ext Root Scanning (ms): Min: 2.8, Avg: 4.1, Max: 11.8, Diff: 9.0, Sum: 32.8]
      [Update RS (ms): Min: 0.0, Avg: 1.6, Max: 2.5, Diff: 2.5, Sum: 13.0]
         [Processed Buffers: Min: 0, Avg: 16.8, Max: 29, Diff: 29, Sum: 134]
      [Scan RS (ms): Min: 0.1, Avg: 0.4, Max: 0.5, Diff: 0.4, Sum: 3.1]
      [Code Root Scanning (ms): Min: 0.0, Avg: 0.0, Max: 0.0, Diff: 0.0, Sum: 0.1]
      [Object Copy (ms): Min: 1.0, Avg: 6.0, Max: 7.3, Diff: 6.3, Sum: 47.6]
      [Termination (ms): Min: 3.3, Avg: 4.1, Max: 4.9, Diff: 1.6, Sum: 32.9]
         [Termination Attempts: Min: 297, Avg: 462.4, Max: 646, Diff: 349, Sum: 3699]
      [GC Worker Other (ms): Min: 0.0, Avg: 0.1, Max: 0.2, Diff: 0.2, Sum: 1.1]
      [GC Worker Total (ms): Min: 16.2, Avg: 16.3, Max: 16.5, Diff: 0.3, Sum: 130.5]
      [GC Worker End (ms): Min: 517314217.0, Avg: 517314217.0, Max: 517314217.1, Diff: 0.1]
   [Code Root Fixup: 0.0 ms]
   [Code Root Purge: 0.0 ms]
   [Clear CT: 0.7 ms]
   [Other: 12.0 ms]
      [Choose CSet: 0.0 ms]
      [Ref Proc: 3.4 ms]
      [Ref Enq: 0.1 ms]
      [Redirty Cards: 0.1 ms]
      [Humongous Register: 2.5 ms]
      [Humongous Reclaim: 0.1 ms]
      [Free CSet: 4.7 ms]
   [Eden: 3666.0M(3666.0M)->0.0B(3666.0M) Survivors: 20.0M->20.0M Heap: 5027.5M(6144.0M)->1362.7M(6144.0M)]
 [Times: user=0.15 sys=0.00, real=0.03 secs] 
2025-07-26T11:44:44.506+0800: 517638.341: [GC pause (G1 Evacuation Pause) (young), 0.0316004 secs]
   [Parallel Time: 19.4 ms, GC Workers: 8]
      [GC Worker Start (ms): Min: 517638343.7, Avg: 517638343.8, Max: 517638343.9, Diff: 0.1]
      [Ext Root Scanning (ms): Min: 2.8, Avg: 4.1, Max: 11.5, Diff: 8.7, Sum: 32.8]
      [Update RS (ms): Min: 0.0, Avg: 3.5, Max: 4.6, Diff: 4.6, Sum: 28.2]
         [Processed Buffers: Min: 0, Avg: 31.2, Max: 47, Diff: 47, Sum: 250]
      [Scan RS (ms): Min: 0.1, Avg: 0.4, Max: 0.5, Diff: 0.4, Sum: 3.2]
      [Code Root Scanning (ms): Min: 0.0, Avg: 0.0, Max: 0.0, Diff: 0.0, Sum: 0.1]
      [Object Copy (ms): Min: 4.9, Avg: 8.1, Max: 9.3, Diff: 4.4, Sum: 64.9]
      [Termination (ms): Min: 2.2, Avg: 2.9, Max: 3.5, Diff: 1.2, Sum: 22.8]
         [Termination Attempts: Min: 213, Avg: 286.2, Max: 388, Diff: 175, Sum: 2290]
      [GC Worker Other (ms): Min: 0.1, Avg: 0.1, Max: 0.1, Diff: 0.1, Sum: 0.8]
      [GC Worker Total (ms): Min: 19.0, Avg: 19.1, Max: 19.3, Diff: 0.3, Sum: 152.8]
      [GC Worker End (ms): Min: 517638362.8, Avg: 517638362.9, Max: 517638363.0, Diff: 0.2]
   [Code Root Fixup: 0.0 ms]
   [Code Root Purge: 0.0 ms]
   [Clear CT: 0.7 ms]
   [Other: 11.5 ms]
      [Choose CSet: 0.0 ms]
      [Ref Proc: 3.8 ms]
      [Ref Enq: 0.1 ms]
      [Redirty Cards: 0.1 ms]
      [Humongous Register: 1.9 ms]
      [Humongous Reclaim: 0.3 ms]
      [Free CSet: 4.5 ms]
   [Eden: 3666.0M(3666.0M)->0.0B(3660.0M) Survivors: 20.0M->26.0M Heap: 5046.7M(6144.0M)->1356.7M(6144.0M)]
 [Times: user=0.08 sys=0.08, real=0.04 secs] 
2025-07-26T11:47:21.368+0800: 517795.204: [GC pause (G1 Evacuation Pause) (young), 0.0422192 secs]
   [Parallel Time: 32.6 ms, GC Workers: 8]
      [GC Worker Start (ms): Min: 517795205.5, Avg: 517795205.6, Max: 517795205.7, Diff: 0.2]
      [Ext Root Scanning (ms): Min: 2.7, Avg: 3.2, Max: 4.7, Diff: 2.1, Sum: 25.5]
      [Update RS (ms): Min: 18.9, Avg: 20.3, Max: 20.9, Diff: 2.0, Sum: 162.8]
         [Processed Buffers: Min: 109, Avg: 133.2, Max: 148, Diff: 39, Sum: 1066]
      [Scan RS (ms): Min: 0.1, Avg: 0.6, Max: 0.8, Diff: 0.6, Sum: 4.8]
      [Code Root Scanning (ms): Min: 0.0, Avg: 0.0, Max: 0.0, Diff: 0.0, Sum: 0.1]
      [Object Copy (ms): Min: 8.0, Avg: 8.1, Max: 8.2, Diff: 0.2, Sum: 64.8]
      [Termination (ms): Min: 0.0, Avg: 0.0, Max: 0.1, Diff: 0.1, Sum: 0.3]
         [Termination Attempts: Min: 6, Avg: 10.6, Max: 15, Diff: 9, Sum: 85]
      [GC Worker Other (ms): Min: 0.1, Avg: 0.1, Max: 0.2, Diff: 0.1, Sum: 0.9]
      [GC Worker Total (ms): Min: 32.3, Avg: 32.4, Max: 32.5, Diff: 0.2, Sum: 259.1]
      [GC Worker End (ms): Min: 517795237.9, Avg: 517795238.0, Max: 517795238.0, Diff: 0.1]
   [Code Root Fixup: 0.0 ms]
   [Code Root Purge: 0.0 ms]
   [Clear CT: 0.7 ms]
   [Other: 8.9 ms]
      [Choose CSet: 0.0 ms]
      [Ref Proc: 1.8 ms]
      [Ref Enq: 0.1 ms]
      [Redirty Cards: 0.1 ms]
      [Humongous Register: 1.4 ms]
      [Humongous Reclaim: 0.5 ms]
      [Free CSet: 4.2 ms]
   [Eden: 3660.0M(3660.0M)->0.0B(3650.0M) Survivors: 26.0M->36.0M Heap: 5260.6M(6144.0M)->1380.0M(6144.0M)]
 [Times: user=0.26 sys=0.02, real=0.04 secs] 
2025-07-26T11:49:35.546+0800: 517929.382: [GC pause (G1 Evacuation Pause) (young), 0.0431778 secs]
   [Parallel Time: 29.9 ms, GC Workers: 8]
      [GC Worker Start (ms): Min: 517929386.8, Avg: 517929387.4, Max: 517929388.3, Diff: 1.5]
      [Ext Root Scanning (ms): Min: 4.4, Avg: 6.0, Max: 12.4, Diff: 8.0, Sum: 48.3]
      [Update RS (ms): Min: 11.4, Avg: 17.0, Max: 18.2, Diff: 6.8, Sum: 136.0]
         [Processed Buffers: Min: 106, Avg: 125.4, Max: 154, Diff: 48, Sum: 1003]
      [Scan RS (ms): Min: 0.3, Avg: 0.7, Max: 0.8, Diff: 0.5, Sum: 5.3]
      [Code Root Scanning (ms): Min: 0.0, Avg: 0.0, Max: 0.0, Diff: 0.0, Sum: 0.1]
      [Object Copy (ms): Min: 4.9, Avg: 5.2, Max: 5.5, Diff: 0.6, Sum: 41.6]
      [Termination (ms): Min: 0.0, Avg: 0.1, Max: 0.2, Diff: 0.2, Sum: 1.0]
         [Termination Attempts: Min: 1, Avg: 1.5, Max: 2, Diff: 1, Sum: 12]
      [GC Worker Other (ms): Min: 0.1, Avg: 0.1, Max: 0.3, Diff: 0.2, Sum: 1.1]
      [GC Worker Total (ms): Min: 28.2, Avg: 29.2, Max: 29.7, Diff: 1.5, Sum: 233.3]
      [GC Worker End (ms): Min: 517929416.5, Avg: 517929416.6, Max: 517929416.6, Diff: 0.1]
   [Code Root Fixup: 0.0 ms]
   [Code Root Purge: 0.0 ms]
   [Clear CT: 0.9 ms]
   [Other: 12.4 ms]
      [Choose CSet: 0.0 ms]
      [Ref Proc: 1.9 ms]
      [Ref Enq: 0.1 ms]
      [Redirty Cards: 0.1 ms]
      [Humongous Register: 3.8 ms]
      [Humongous Reclaim: 0.5 ms]
      [Free CSet: 4.7 ms]
   [Eden: 3650.0M(3650.0M)->0.0B(3664.0M) Survivors: 36.0M->22.0M Heap: 5178.1M(6144.0M)->1358.8M(6144.0M)]
 [Times: user=0.20 sys=0.03, real=0.05 secs] 
2025-07-26T11:50:22.771+0800: 517976.607: [GC pause (G1 Evacuation Pause) (young), 0.0322902 secs]
   [Parallel Time: 20.1 ms, GC Workers: 8]
      [GC Worker Start (ms): Min: 517976610.2, Avg: 517976610.3, Max: 517976610.4, Diff: 0.2]
      [Ext Root Scanning (ms): Min: 3.0, Avg: 4.5, Max: 12.0, Diff: 9.0, Sum: 35.7]
      [Update RS (ms): Min: 0.0, Avg: 2.1, Max: 2.9, Diff: 2.9, Sum: 17.0]
         [Processed Buffers: Min: 0, Avg: 23.4, Max: 52, Diff: 52, Sum: 187]
      [Scan RS (ms): Min: 0.1, Avg: 0.3, Max: 0.5, Diff: 0.4, Sum: 2.8]
      [Code Root Scanning (ms): Min: 0.0, Avg: 0.0, Max: 0.0, Diff: 0.0, Sum: 0.1]
      [Object Copy (ms): Min: 7.7, Avg: 12.8, Max: 13.6, Diff: 5.9, Sum: 102.3]
      [Termination (ms): Min: 0.0, Avg: 0.0, Max: 0.0, Diff: 0.0, Sum: 0.0]
         [Termination Attempts: Min: 1, Avg: 1.0, Max: 1, Diff: 0, Sum: 8]
      [GC Worker Other (ms): Min: 0.1, Avg: 0.2, Max: 0.3, Diff: 0.2, Sum: 1.3]
      [GC Worker Total (ms): Min: 19.8, Avg: 19.9, Max: 19.9, Diff: 0.1, Sum: 159.2]
      [GC Worker End (ms): Min: 517976630.2, Avg: 517976630.2, Max: 517976630.2, Diff: 0.1]
   [Code Root Fixup: 0.0 ms]
   [Code Root Purge: 0.0 ms]
   [Clear CT: 0.7 ms]
   [Other: 11.4 ms]
      [Choose CSet: 0.0 ms]
      [Ref Proc: 3.0 ms]
      [Ref Enq: 0.2 ms]
      [Redirty Cards: 0.1 ms]
      [Humongous Register: 2.6 ms]
      [Humongous Reclaim: 0.1 ms]
      [Free CSet: 4.3 ms]
   [Eden: 3664.0M(3664.0M)->0.0B(3642.0M) Survivors: 22.0M->44.0M Heap: 5022.8M(6144.0M)->1381.0M(6144.0M)]
 [Times: user=0.16 sys=0.02, real=0.03 secs] 
2025-07-26T11:50:50.377+0800: 518004.213: [GC pause (G1 Evacuation Pause) (young), 0.0381238 secs]
   [Parallel Time: 26.4 ms, GC Workers: 8]
      [GC Worker Start (ms): Min: 518004216.3, Avg: 518004216.4, Max: 518004216.5, Diff: 0.2]
      [Ext Root Scanning (ms): Min: 3.3, Avg: 4.7, Max: 11.4, Diff: 8.1, Sum: 37.3]
      [Update RS (ms): Min: 2.1, Avg: 8.6, Max: 10.5, Diff: 8.4, Sum: 69.2]
         [Processed Buffers: Min: 33, Avg: 68.1, Max: 95, Diff: 62, Sum: 545]
      [Scan RS (ms): Min: 0.1, Avg: 0.4, Max: 0.5, Diff: 0.4, Sum: 3.0]
      [Code Root Scanning (ms): Min: 0.0, Avg: 0.0, Max: 0.0, Diff: 0.0, Sum: 0.1]
      [Object Copy (ms): Min: 11.1, Avg: 11.5, Max: 12.4, Diff: 1.3, Sum: 92.0]
      [Termination (ms): Min: 0.0, Avg: 0.8, Max: 1.0, Diff: 1.0, Sum: 6.8]
         [Termination Attempts: Min: 1, Avg: 1.6, Max: 4, Diff: 3, Sum: 13]
      [GC Worker Other (ms): Min: 0.0, Avg: 0.1, Max: 0.2, Diff: 0.2, Sum: 1.0]
      [GC Worker Total (ms): Min: 26.0, Avg: 26.2, Max: 26.3, Diff: 0.2, Sum: 209.3]
      [GC Worker End (ms): Min: 518004242.5, Avg: 518004242.5, Max: 518004242.6, Diff: 0.1]
   [Code Root Fixup: 0.0 ms]
   [Code Root Purge: 0.0 ms]
   [Clear CT: 0.7 ms]
   [Other: 11.0 ms]
      [Choose CSet: 0.0 ms]
      [Ref Proc: 2.4 ms]
      [Ref Enq: 0.2 ms]
      [Redirty Cards: 0.1 ms]
      [Humongous Register: 2.6 ms]
      [Humongous Reclaim: 0.2 ms]
      [Free CSet: 4.3 ms]
   [Eden: 3642.0M(3642.0M)->0.0B(3642.0M) Survivors: 44.0M->44.0M Heap: 5069.1M(6144.0M)->1382.0M(6144.0M)]
 [Times: user=0.20 sys=0.03, real=0.03 secs] 
2025-07-26T11:51:16.668+0800: 518030.503: [GC pause (G1 Evacuation Pause) (young), 0.0374115 secs]
   [Parallel Time: 25.9 ms, GC Workers: 8]
      [GC Worker Start (ms): Min: 518030506.9, Avg: 518030507.0, Max: 518030507.0, Diff: 0.1]
      [Ext Root Scanning (ms): Min: 3.2, Avg: 4.4, Max: 11.4, Diff: 8.1, Sum: 35.3]
      [Update RS (ms): Min: 2.8, Avg: 9.4, Max: 11.4, Diff: 8.6, Sum: 75.6]
         [Processed Buffers: Min: 44, Avg: 71.4, Max: 91, Diff: 47, Sum: 571]
      [Scan RS (ms): Min: 0.2, Avg: 0.4, Max: 0.5, Diff: 0.4, Sum: 3.2]
      [Code Root Scanning (ms): Min: 0.0, Avg: 0.0, Max: 0.0, Diff: 0.0, Sum: 0.1]
      [Object Copy (ms): Min: 10.7, Avg: 11.3, Max: 11.5, Diff: 0.8, Sum: 90.3]
      [Termination (ms): Min: 0.0, Avg: 0.0, Max: 0.0, Diff: 0.0, Sum: 0.0]
         [Termination Attempts: Min: 1, Avg: 3.0, Max: 5, Diff: 4, Sum: 24]
      [GC Worker Other (ms): Min: 0.0, Avg: 0.2, Max: 0.2, Diff: 0.2, Sum: 1.3]
      [GC Worker Total (ms): Min: 25.7, Avg: 25.7, Max: 25.8, Diff: 0.2, Sum: 205.8]
      [GC Worker End (ms): Min: 518030532.6, Avg: 518030532.7, Max: 518030532.7, Diff: 0.1]
   [Code Root Fixup: 0.0 ms]
   [Code Root Purge: 0.0 ms]
   [Clear CT: 0.6 ms]
   [Other: 10.8 ms]
      [Choose CSet: 0.0 ms]
      [Ref Proc: 2.2 ms]
      [Ref Enq: 0.2 ms]
      [Redirty Cards: 0.1 ms]
      [Humongous Register: 2.7 ms]
      [Humongous Reclaim: 0.2 ms]
      [Free CSet: 4.4 ms]
   [Eden: 3642.0M(3642.0M)->0.0B(3636.0M) Survivors: 44.0M->50.0M Heap: 5073.9M(6144.0M)->1387.0M(6144.0M)]
 [Times: user=0.20 sys=0.03, real=0.03 secs] 
2025-07-26T11:52:21.277+0800: 518095.113: [GC pause (G1 Evacuation Pause) (young), 0.0329741 secs]
   [Parallel Time: 21.3 ms, GC Workers: 8]
      [GC Worker Start (ms): Min: 518095116.7, Avg: 518095116.7, Max: 518095116.8, Diff: 0.1]
      [Ext Root Scanning (ms): Min: 2.8, Avg: 4.1, Max: 11.2, Diff: 8.5, Sum: 32.5]
      [Update RS (ms): Min: 1.9, Avg: 8.7, Max: 9.8, Diff: 7.9, Sum: 69.8]
         [Processed Buffers: Min: 42, Avg: 70.8, Max: 92, Diff: 50, Sum: 566]
      [Scan RS (ms): Min: 0.1, Avg: 0.4, Max: 0.5, Diff: 0.3, Sum: 3.0]
      [Code Root Scanning (ms): Min: 0.0, Avg: 0.0, Max: 0.0, Diff: 0.0, Sum: 0.1]
      [Object Copy (ms): Min: 7.5, Avg: 7.7, Max: 7.9, Diff: 0.4, Sum: 61.9]
      [Termination (ms): Min: 0.0, Avg: 0.0, Max: 0.0, Diff: 0.0, Sum: 0.0]
         [Termination Attempts: Min: 1, Avg: 1.0, Max: 1, Diff: 0, Sum: 8]
      [GC Worker Other (ms): Min: 0.1, Avg: 0.2, Max: 0.2, Diff: 0.1, Sum: 1.2]
      [GC Worker Total (ms): Min: 21.0, Avg: 21.1, Max: 21.2, Diff: 0.2, Sum: 168.5]
      [GC Worker End (ms): Min: 518095137.7, Avg: 518095137.8, Max: 518095137.8, Diff: 0.1]
   [Code Root Fixup: 0.0 ms]
   [Code Root Purge: 0.0 ms]
   [Clear CT: 0.6 ms]
   [Other: 11.1 ms]
      [Choose CSet: 0.0 ms]
      [Ref Proc: 2.3 ms]
      [Ref Enq: 0.2 ms]
      [Redirty Cards: 0.1 ms]
      [Humongous Register: 2.5 ms]
      [Humongous Reclaim: 0.2 ms]
      [Free CSet: 4.3 ms]
   [Eden: 3636.0M(3636.0M)->0.0B(3646.0M) Survivors: 50.0M->40.0M Heap: 5069.1M(6144.0M)->1372.1M(6144.0M)]
 [Times: user=0.17 sys=0.02, real=0.03 secs] 
2025-07-26T11:55:19.760+0800: 518273.596: [GC pause (G1 Evacuation Pause) (young), 0.0457866 secs]
   [Parallel Time: 34.7 ms, GC Workers: 8]
      [GC Worker Start (ms): Min: 518273598.4, Avg: 518273598.5, Max: 518273598.6, Diff: 0.3]
      [Ext Root Scanning (ms): Min: 3.0, Avg: 4.2, Max: 10.8, Diff: 7.8, Sum: 33.8]
      [Update RS (ms): Min: 13.9, Avg: 20.3, Max: 21.8, Diff: 7.8, Sum: 162.6]
         [Processed Buffers: Min: 112, Avg: 141.1, Max: 166, Diff: 54, Sum: 1129]
      [Scan RS (ms): Min: 0.2, Avg: 0.6, Max: 0.8, Diff: 0.6, Sum: 5.1]
      [Code Root Scanning (ms): Min: 0.0, Avg: 0.0, Max: 0.0, Diff: 0.0, Sum: 0.1]
      [Object Copy (ms): Min: 9.0, Avg: 9.2, Max: 9.3, Diff: 0.3, Sum: 73.2]
      [Termination (ms): Min: 0.0, Avg: 0.0, Max: 0.0, Diff: 0.0, Sum: 0.0]
         [Termination Attempts: Min: 1, Avg: 2.5, Max: 4, Diff: 3, Sum: 20]
      [GC Worker Other (ms): Min: 0.1, Avg: 0.2, Max: 0.2, Diff: 0.1, Sum: 1.3]
      [GC Worker Total (ms): Min: 34.4, Avg: 34.5, Max: 34.6, Diff: 0.2, Sum: 276.0]
      [GC Worker End (ms): Min: 518273632.9, Avg: 518273633.0, Max: 518273633.0, Diff: 0.1]
   [Code Root Fixup: 0.0 ms]
   [Code Root Purge: 0.0 ms]
   [Clear CT: 0.8 ms]
   [Other: 10.2 ms]
      [Choose CSet: 0.0 ms]
      [Ref Proc: 2.3 ms]
      [Ref Enq: 0.1 ms]
      [Redirty Cards: 0.1 ms]
      [Humongous Register: 1.6 ms]
      [Humongous Reclaim: 0.7 ms]
      [Free CSet: 4.3 ms]
   [Eden: 3646.0M(3646.0M)->0.0B(3650.0M) Survivors: 40.0M->36.0M Heap: 5236.2M(6144.0M)->1370.7M(6144.0M)]
 [Times: user=0.25 sys=0.04, real=0.04 secs] 
2025-07-26T11:58:30.162+0800: 518463.997: [GC pause (G1 Evacuation Pause) (young), 0.0351027 secs]
   [Parallel Time: 25.4 ms, GC Workers: 8]
      [GC Worker Start (ms): Min: 518463999.2, Avg: 518463999.3, Max: 518463999.4, Diff: 0.1]
      [Ext Root Scanning (ms): Min: 2.7, Avg: 4.0, Max: 11.4, Diff: 8.7, Sum: 32.0]
      [Update RS (ms): Min: 7.6, Avg: 14.9, Max: 16.8, Diff: 9.1, Sum: 119.4]
         [Processed Buffers: Min: 59, Avg: 102.5, Max: 124, Diff: 65, Sum: 820]
      [Scan RS (ms): Min: 0.1, Avg: 0.6, Max: 0.8, Diff: 0.6, Sum: 4.5]
      [Code Root Scanning (ms): Min: 0.0, Avg: 0.0, Max: 0.0, Diff: 0.0, Sum: 0.1]
      [Object Copy (ms): Min: 4.4, Avg: 4.6, Max: 5.0, Diff: 0.6, Sum: 37.0]
      [Termination (ms): Min: 0.0, Avg: 0.4, Max: 0.5, Diff: 0.5, Sum: 3.4]
         [Termination Attempts: Min: 1, Avg: 1.0, Max: 1, Diff: 0, Sum: 8]
      [GC Worker Other (ms): Min: 0.0, Avg: 0.1, Max: 0.1, Diff: 0.1, Sum: 0.8]
      [GC Worker Total (ms): Min: 24.6, Avg: 24.6, Max: 24.7, Diff: 0.1, Sum: 197.1]
      [GC Worker End (ms): Min: 518464023.8, Avg: 518464023.9, Max: 518464024.0, Diff: 0.1]
   [Code Root Fixup: 0.0 ms]
   [Code Root Purge: 0.0 ms]
   [Clear CT: 0.7 ms]
   [Other: 8.9 ms]
      [Choose CSet: 0.0 ms]
      [Ref Proc: 1.1 ms]
      [Ref Enq: 0.1 ms]
      [Redirty Cards: 0.1 ms]
      [Humongous Register: 1.5 ms]
      [Humongous Reclaim: 0.8 ms]
      [Free CSet: 4.4 ms]
   [Eden: 3650.0M(3650.0M)->0.0B(3662.0M) Survivors: 36.0M->24.0M Heap: 5274.9M(6144.0M)->1355.3M(6144.0M)]
 [Times: user=0.19 sys=0.02, real=0.03 secs] 
2025-07-26T12:00:02.823+0800: 518556.659: [GC pause (G1 Evacuation Pause) (young), 0.0943472 secs]
   [Parallel Time: 72.7 ms, GC Workers: 8]
      [GC Worker Start (ms): Min: 518556660.9, Avg: 518556661.0, Max: 518556661.0, Diff: 0.1]
      [Ext Root Scanning (ms): Min: 2.9, Avg: 4.1, Max: 11.2, Diff: 8.4, Sum: 32.9]
      [Update RS (ms): Min: 14.2, Avg: 20.8, Max: 22.0, Diff: 7.8, Sum: 166.2]
         [Processed Buffers: Min: 64, Avg: 127.2, Max: 148, Diff: 84, Sum: 1018]
      [Scan RS (ms): Min: 0.2, Avg: 0.4, Max: 0.5, Diff: 0.3, Sum: 3.1]
      [Code Root Scanning (ms): Min: 0.0, Avg: 0.0, Max: 0.0, Diff: 0.0, Sum: 0.1]
      [Object Copy (ms): Min: 46.2, Avg: 46.5, Max: 46.6, Diff: 0.3, Sum: 371.6]
      [Termination (ms): Min: 0.5, Avg: 0.6, Max: 0.7, Diff: 0.1, Sum: 4.7]
         [Termination Attempts: Min: 417, Avg: 445.6, Max: 472, Diff: 55, Sum: 3565]
      [GC Worker Other (ms): Min: 0.1, Avg: 0.1, Max: 0.2, Diff: 0.1, Sum: 1.2]
      [GC Worker Total (ms): Min: 72.4, Avg: 72.5, Max: 72.5, Diff: 0.2, Sum: 579.7]
      [GC Worker End (ms): Min: 518556733.4, Avg: 518556733.4, Max: 518556733.5, Diff: 0.1]
   [Code Root Fixup: 0.1 ms]
   [Code Root Purge: 0.0 ms]
   [Clear CT: 0.7 ms]
   [Other: 20.9 ms]
      [Choose CSet: 0.0 ms]
      [Ref Proc: 12.4 ms]
      [Ref Enq: 0.5 ms]
      [Redirty Cards: 0.1 ms]
      [Humongous Register: 1.7 ms]
      [Humongous Reclaim: 0.4 ms]
      [Free CSet: 4.8 ms]
   [Eden: 3662.0M(3662.0M)->0.0B(3548.0M) Survivors: 24.0M->126.0M Heap: 5120.7M(6144.0M)->1459.8M(6144.0M)]
 [Times: user=0.53 sys=0.07, real=0.10 secs] 
2025-07-26T12:00:09.848+0800: 518563.684: [GC pause (G1 Evacuation Pause) (young), 0.3763748 secs]
   [Parallel Time: 310.6 ms, GC Workers: 8]
      [GC Worker Start (ms): Min: 518563686.6, Avg: 518563686.6, Max: 518563686.7, Diff: 0.1]
      [Ext Root Scanning (ms): Min: 2.7, Avg: 3.2, Max: 4.8, Diff: 2.1, Sum: 25.3]
      [Update RS (ms): Min: 36.5, Avg: 38.5, Max: 46.7, Diff: 10.2, Sum: 307.9]
         [Processed Buffers: Min: 13, Avg: 31.5, Max: 65, Diff: 52, Sum: 252]
      [Scan RS (ms): Min: 0.1, Avg: 0.4, Max: 0.7, Diff: 0.5, Sum: 3.3]
      [Code Root Scanning (ms): Min: 0.0, Avg: 0.0, Max: 0.0, Diff: 0.0, Sum: 0.1]
      [Object Copy (ms): Min: 242.7, Avg: 250.9, Max: 254.2, Diff: 11.5, Sum: 2007.6]
      [Termination (ms): Min: 15.1, Avg: 17.2, Max: 18.7, Diff: 3.5, Sum: 137.6]
         [Termination Attempts: Min: 3341, Avg: 3641.0, Max: 4023, Diff: 682, Sum: 29128]
      [GC Worker Other (ms): Min: 0.0, Avg: 0.1, Max: 0.2, Diff: 0.1, Sum: 0.9]
      [GC Worker Total (ms): Min: 310.2, Avg: 310.3, Max: 310.5, Diff: 0.3, Sum: 2482.6]
      [GC Worker End (ms): Min: 518563996.9, Avg: 518563997.0, Max: 518563997.1, Diff: 0.2]
   [Code Root Fixup: 0.1 ms]
   [Code Root Purge: 0.0 ms]
   [Clear CT: 0.7 ms]
   [Other: 65.1 ms]
      [Choose CSet: 0.0 ms]
      [Ref Proc: 53.5 ms]
      [Ref Enq: 2.9 ms]
      [Redirty Cards: 0.2 ms]
      [Humongous Register: 2.2 ms]
      [Humongous Reclaim: 0.2 ms]
      [Free CSet: 4.9 ms]
   [Eden: 3548.0M(3548.0M)->0.0B(2048.0K) Survivors: 126.0M->460.0M Heap: 5019.4M(6144.0M)->1822.6M(6144.0M)]
 [Times: user=2.25 sys=0.26, real=0.37 secs] 
2025-07-26T12:00:10.229+0800: 518564.065: [GC pause (G1 Evacuation Pause) (young), 0.1947024 secs]
   [Parallel Time: 190.9 ms, GC Workers: 8]
      [GC Worker Start (ms): Min: 518564065.5, Avg: 518564065.5, Max: 518564065.6, Diff: 0.1]
      [Ext Root Scanning (ms): Min: 2.3, Avg: 2.6, Max: 3.3, Diff: 0.9, Sum: 21.0]
      [Update RS (ms): Min: 25.2, Avg: 25.7, Max: 26.2, Diff: 0.9, Sum: 205.9]
         [Processed Buffers: Min: 16, Avg: 27.4, Max: 44, Diff: 28, Sum: 219]
      [Scan RS (ms): Min: 0.0, Avg: 0.0, Max: 0.1, Diff: 0.1, Sum: 0.3]
      [Code Root Scanning (ms): Min: 0.0, Avg: 0.0, Max: 0.0, Diff: 0.0, Sum: 0.0]
      [Object Copy (ms): Min: 162.2, Avg: 162.3, Max: 162.5, Diff: 0.4, Sum: 1298.7]
      [Termination (ms): Min: 0.0, Avg: 0.0, Max: 0.0, Diff: 0.0, Sum: 0.0]
         [Termination Attempts: Min: 1, Avg: 1.2, Max: 2, Diff: 1, Sum: 10]
      [GC Worker Other (ms): Min: 0.0, Avg: 0.0, Max: 0.1, Diff: 0.0, Sum: 0.3]
      [GC Worker Total (ms): Min: 190.7, Avg: 190.8, Max: 190.8, Diff: 0.1, Sum: 1526.3]
      [GC Worker End (ms): Min: 518564256.3, Avg: 518564256.3, Max: 518564256.3, Diff: 0.0]
   [Code Root Fixup: 0.1 ms]
   [Code Root Purge: 0.0 ms]
   [Clear CT: 0.2 ms]
   [Other: 3.5 ms]
      [Choose CSet: 0.0 ms]
      [Ref Proc: 0.4 ms]
      [Ref Enq: 0.0 ms]
      [Redirty Cards: 1.0 ms]
      [Humongous Register: 0.3 ms]
      [Humongous Reclaim: 0.2 ms]
      [Free CSet: 0.8 ms]
   [Eden: 2048.0K(2048.0K)->0.0B(296.0M) Survivors: 460.0M->10.0M Heap: 1824.6M(6144.0M)->1838.2M(6144.0M)]
 [Times: user=1.52 sys=0.00, real=0.19 secs] 
2025-07-26T12:00:11.847+0800: 518565.682: [GC pause (G1 Evacuation Pause) (young), 0.0373762 secs]
   [Parallel Time: 30.1 ms, GC Workers: 8]
      [GC Worker Start (ms): Min: 518565682.8, Avg: 518565682.8, Max: 518565682.9, Diff: 0.1]
      [Ext Root Scanning (ms): Min: 2.2, Avg: 2.5, Max: 3.2, Diff: 1.0, Sum: 19.7]
      [Update RS (ms): Min: 18.6, Avg: 19.0, Max: 19.2, Diff: 0.7, Sum: 152.2]
         [Processed Buffers: Min: 72, Avg: 84.2, Max: 94, Diff: 22, Sum: 674]
      [Scan RS (ms): Min: 0.0, Avg: 0.1, Max: 0.2, Diff: 0.2, Sum: 0.7]
      [Code Root Scanning (ms): Min: 0.0, Avg: 0.0, Max: 0.0, Diff: 0.0, Sum: 0.0]
      [Object Copy (ms): Min: 7.9, Avg: 8.2, Max: 8.3, Diff: 0.4, Sum: 65.5]
      [Termination (ms): Min: 0.1, Avg: 0.1, Max: 0.1, Diff: 0.1, Sum: 0.9]
         [Termination Attempts: Min: 47, Avg: 105.9, Max: 128, Diff: 81, Sum: 847]
      [GC Worker Other (ms): Min: 0.0, Avg: 0.0, Max: 0.1, Diff: 0.0, Sum: 0.3]
      [GC Worker Total (ms): Min: 29.9, Avg: 29.9, Max: 30.0, Diff: 0.1, Sum: 239.3]
      [GC Worker End (ms): Min: 518565712.7, Avg: 518565712.7, Max: 518565712.8, Diff: 0.0]
   [Code Root Fixup: 0.0 ms]
   [Code Root Purge: 0.0 ms]
   [Clear CT: 0.2 ms]
   [Other: 7.1 ms]
      [Choose CSet: 0.0 ms]
      [Ref Proc: 5.1 ms]
      [Ref Enq: 0.2 ms]
      [Redirty Cards: 0.1 ms]
      [Humongous Register: 0.3 ms]
      [Humongous Reclaim: 0.1 ms]
      [Free CSet: 0.3 ms]
   [Eden: 296.0M(296.0M)->0.0B(456.0M) Survivors: 10.0M->28.0M Heap: 2134.2M(6144.0M)->1856.2M(6144.0M)]
 [Times: user=0.24 sys=0.00, real=0.04 secs] 
2025-07-26T12:00:14.627+0800: 518568.462: [GC pause (G1 Evacuation Pause) (young), 0.0614975 secs]
   [Parallel Time: 45.6 ms, GC Workers: 8]
      [GC Worker Start (ms): Min: 518568463.0, Avg: 518568463.0, Max: 518568463.1, Diff: 0.1]
      [Ext Root Scanning (ms): Min: 2.3, Avg: 4.0, Max: 14.3, Diff: 12.0, Sum: 31.8]
      [Update RS (ms): Min: 0.0, Avg: 1.1, Max: 1.4, Diff: 1.4, Sum: 8.7]
         [Processed Buffers: Min: 0, Avg: 16.9, Max: 35, Diff: 35, Sum: 135]
      [Scan RS (ms): Min: 0.0, Avg: 0.0, Max: 0.1, Diff: 0.0, Sum: 0.3]
      [Code Root Scanning (ms): Min: 0.0, Avg: 0.0, Max: 0.0, Diff: 0.0, Sum: 0.0]
      [Object Copy (ms): Min: 12.9, Avg: 20.6, Max: 23.8, Diff: 10.8, Sum: 164.5]
      [Termination (ms): Min: 17.8, Avg: 19.7, Max: 21.5, Diff: 3.6, Sum: 157.8]
         [Termination Attempts: Min: 1801, Avg: 2443.0, Max: 2821, Diff: 1020, Sum: 19544]
      [GC Worker Other (ms): Min: 0.0, Avg: 0.0, Max: 0.0, Diff: 0.0, Sum: 0.2]
      [GC Worker Total (ms): Min: 45.3, Avg: 45.4, Max: 45.5, Diff: 0.2, Sum: 363.2]
      [GC Worker End (ms): Min: 518568508.4, Avg: 518568508.4, Max: 518568508.6, Diff: 0.1]
   [Code Root Fixup: 0.1 ms]
   [Code Root Purge: 0.0 ms]
   [Clear CT: 0.2 ms]
   [Other: 15.6 ms]
      [Choose CSet: 0.0 ms]
      [Ref Proc: 13.1 ms]
      [Ref Enq: 0.6 ms]
      [Redirty Cards: 0.1 ms]
      [Humongous Register: 0.3 ms]
      [Humongous Reclaim: 0.2 ms]
      [Free CSet: 0.4 ms]
   [Eden: 456.0M(456.0M)->0.0B(714.0M) Survivors: 28.0M->36.0M Heap: 2312.2M(6144.0M)->1864.2M(6144.0M)]
 [Times: user=0.27 sys=0.10, real=0.07 secs] 
2025-07-26T12:00:18.880+0800: 518572.715: [GC pause (G1 Evacuation Pause) (young), 0.0597328 secs]
   [Parallel Time: 33.8 ms, GC Workers: 8]
      [GC Worker Start (ms): Min: 518572716.0, Avg: 518572716.1, Max: 518572716.1, Diff: 0.1]
      [Ext Root Scanning (ms): Min: 2.7, Avg: 3.0, Max: 4.3, Diff: 1.6, Sum: 24.0]
      [Update RS (ms): Min: 0.0, Avg: 1.0, Max: 1.5, Diff: 1.5, Sum: 8.0]
         [Processed Buffers: Min: 0, Avg: 19.4, Max: 38, Diff: 38, Sum: 155]
      [Scan RS (ms): Min: 0.0, Avg: 0.1, Max: 0.1, Diff: 0.1, Sum: 0.5]
      [Code Root Scanning (ms): Min: 0.0, Avg: 0.0, Max: 0.0, Diff: 0.0, Sum: 0.0]
      [Object Copy (ms): Min: 28.3, Avg: 28.5, Max: 28.7, Diff: 0.4, Sum: 228.3]
      [Termination (ms): Min: 1.0, Avg: 1.1, Max: 1.1, Diff: 0.2, Sum: 8.6]
         [Termination Attempts: Min: 789, Avg: 825.1, Max: 881, Diff: 92, Sum: 6601]
      [GC Worker Other (ms): Min: 0.0, Avg: 0.0, Max: 0.1, Diff: 0.0, Sum: 0.3]
      [GC Worker Total (ms): Min: 33.7, Avg: 33.7, Max: 33.8, Diff: 0.1, Sum: 269.8]
      [GC Worker End (ms): Min: 518572749.8, Avg: 518572749.8, Max: 518572749.8, Diff: 0.0]
   [Code Root Fixup: 0.1 ms]
   [Code Root Purge: 0.0 ms]
   [Clear CT: 0.2 ms]
   [Other: 25.7 ms]
      [Choose CSet: 0.0 ms]
      [Ref Proc: 22.9 ms]
      [Ref Enq: 0.9 ms]
      [Redirty Cards: 0.2 ms]
      [Humongous Register: 0.3 ms]
      [Humongous Reclaim: 0.1 ms]
      [Free CSet: 0.5 ms]
   [Eden: 714.0M(714.0M)->0.0B(904.0M) Survivors: 36.0M->34.0M Heap: 2578.2M(6144.0M)->1862.2M(6144.0M)]
 [Times: user=0.27 sys=0.02, real=0.06 secs] 
2025-07-26T12:00:21.407+0800: 518575.243: [GC pause (G1 Evacuation Pause) (young), 0.0537745 secs]
   [Parallel Time: 30.7 ms, GC Workers: 8]
      [GC Worker Start (ms): Min: 518575246.7, Avg: 518575246.8, Max: 518575246.8, Diff: 0.2]
      [Ext Root Scanning (ms): Min: 2.8, Avg: 3.2, Max: 4.4, Diff: 1.6, Sum: 25.5]
      [Update RS (ms): Min: 8.9, Avg: 10.0, Max: 10.8, Diff: 1.8, Sum: 80.2]
         [Processed Buffers: Min: 47, Avg: 63.1, Max: 77, Diff: 30, Sum: 505]
      [Scan RS (ms): Min: 0.0, Avg: 0.1, Max: 0.2, Diff: 0.1, Sum: 0.9]
      [Code Root Scanning (ms): Min: 0.0, Avg: 0.0, Max: 0.0, Diff: 0.0, Sum: 0.0]
      [Object Copy (ms): Min: 16.4, Avg: 16.7, Max: 16.9, Diff: 0.6, Sum: 133.7]
      [Termination (ms): Min: 0.3, Avg: 0.4, Max: 0.4, Diff: 0.1, Sum: 2.9]
         [Termination Attempts: Min: 233, Avg: 304.9, Max: 344, Diff: 111, Sum: 2439]
      [GC Worker Other (ms): Min: 0.1, Avg: 0.1, Max: 0.2, Diff: 0.1, Sum: 1.1]
      [GC Worker Total (ms): Min: 30.4, Avg: 30.5, Max: 30.6, Diff: 0.2, Sum: 244.2]
      [GC Worker End (ms): Min: 518575277.3, Avg: 518575277.3, Max: 518575277.3, Diff: 0.1]
   [Code Root Fixup: 0.1 ms]
   [Code Root Purge: 0.0 ms]
   [Clear CT: 0.3 ms]
   [Other: 22.7 ms]
      [Choose CSet: 0.0 ms]
      [Ref Proc: 15.6 ms]
      [Ref Enq: 0.7 ms]
      [Redirty Cards: 0.1 ms]
      [Humongous Register: 3.3 ms]
      [Humongous Reclaim: 0.2 ms]
      [Free CSet: 1.5 ms]
   [Eden: 904.0M(904.0M)->0.0B(1516.0M) Survivors: 34.0M->34.0M Heap: 2812.3M(6144.0M)->1862.2M(6144.0M)]
 [Times: user=0.26 sys=0.01, real=0.05 secs] 
2025-07-26T12:00:30.721+0800: 518584.556: [GC pause (G1 Evacuation Pause) (young), 0.2184824 secs]
   [Parallel Time: 133.6 ms, GC Workers: 8]
      [GC Worker Start (ms): Min: 518584561.2, Avg: 518584561.3, Max: 518584561.4, Diff: 0.1]
      [Ext Root Scanning (ms): Min: 3.2, Avg: 4.5, Max: 11.9, Diff: 8.7, Sum: 36.4]
      [Update RS (ms): Min: 0.0, Avg: 2.3, Max: 3.3, Diff: 3.3, Sum: 18.2]
         [Processed Buffers: Min: 0, Avg: 19.4, Max: 35, Diff: 35, Sum: 155]
      [Scan RS (ms): Min: 0.0, Avg: 0.1, Max: 0.2, Diff: 0.2, Sum: 1.2]
      [Code Root Scanning (ms): Min: 0.0, Avg: 0.0, Max: 0.0, Diff: 0.0, Sum: 0.0]
      [Object Copy (ms): Min: 78.2, Avg: 82.2, Max: 89.9, Diff: 11.7, Sum: 657.7]
      [Termination (ms): Min: 37.1, Avg: 44.0, Max: 49.0, Diff: 11.9, Sum: 352.1]
         [Termination Attempts: Min: 10117, Avg: 10436.4, Max: 11018, Diff: 901, Sum: 83491]
      [GC Worker Other (ms): Min: 0.0, Avg: 0.1, Max: 0.2, Diff: 0.1, Sum: 0.8]
      [GC Worker Total (ms): Min: 133.2, Avg: 133.3, Max: 133.4, Diff: 0.2, Sum: 1066.4]
      [GC Worker End (ms): Min: 518584694.6, Avg: 518584694.6, Max: 518584694.7, Diff: 0.2]
   [Code Root Fixup: 0.1 ms]
   [Code Root Purge: 0.0 ms]
   [Clear CT: 0.4 ms]
   [Other: 84.4 ms]
      [Choose CSet: 0.0 ms]
      [Ref Proc: 73.3 ms]
      [Ref Enq: 2.5 ms]
      [Redirty Cards: 0.2 ms]
      [Humongous Register: 4.4 ms]
      [Humongous Reclaim: 0.2 ms]
      [Free CSet: 2.6 ms]
   [Eden: 1516.0M(1516.0M)->0.0B(726.0M) Survivors: 34.0M->46.0M Heap: 3378.2M(6144.0M)->1875.2M(6144.0M)]
 [Times: user=1.13 sys=0.03, real=0.22 secs] 
2025-07-26T12:00:35.808+0800: 518589.644: [GC pause (G1 Evacuation Pause) (young), 0.0545987 secs]
   [Parallel Time: 31.2 ms, GC Workers: 8]
      [GC Worker Start (ms): Min: 518589644.5, Avg: 518589644.5, Max: 518589644.5, Diff: 0.1]
      [Ext Root Scanning (ms): Min: 2.3, Avg: 2.6, Max: 3.2, Diff: 0.9, Sum: 20.6]
      [Update RS (ms): Min: 0.8, Avg: 1.3, Max: 1.5, Diff: 0.7, Sum: 10.4]
         [Processed Buffers: Min: 2, Avg: 16.4, Max: 41, Diff: 39, Sum: 131]
      [Scan RS (ms): Min: 0.0, Avg: 0.1, Max: 0.1, Diff: 0.1, Sum: 0.5]
      [Code Root Scanning (ms): Min: 0.0, Avg: 0.0, Max: 0.0, Diff: 0.0, Sum: 0.0]
      [Object Copy (ms): Min: 26.1, Avg: 26.3, Max: 26.4, Diff: 0.3, Sum: 210.1]
      [Termination (ms): Min: 0.7, Avg: 0.8, Max: 1.0, Diff: 0.2, Sum: 6.7]
         [Termination Attempts: Min: 615, Avg: 690.8, Max: 751, Diff: 136, Sum: 5526]
      [GC Worker Other (ms): Min: 0.0, Avg: 0.1, Max: 0.1, Diff: 0.1, Sum: 0.4]
      [GC Worker Total (ms): Min: 31.0, Avg: 31.1, Max: 31.2, Diff: 0.1, Sum: 248.8]
      [GC Worker End (ms): Min: 518589675.6, Avg: 518589675.6, Max: 518589675.6, Diff: 0.1]
   [Code Root Fixup: 0.1 ms]
   [Code Root Purge: 0.0 ms]
   [Clear CT: 0.2 ms]
   [Other: 23.1 ms]
      [Choose CSet: 0.0 ms]
      [Ref Proc: 20.1 ms]
      [Ref Enq: 0.8 ms]
      [Redirty Cards: 0.2 ms]
      [Humongous Register: 0.5 ms]
      [Humongous Reclaim: 0.1 ms]
      [Free CSet: 0.6 ms]
   [Eden: 726.0M(726.0M)->0.0B(1116.0M) Survivors: 46.0M->40.0M Heap: 2601.2M(6144.0M)->1868.2M(6144.0M)]
 [Times: user=0.27 sys=0.01, real=0.05 secs] 
2025-07-26T12:00:42.671+0800: 518596.506: [GC pause (G1 Evacuation Pause) (young), 0.1216208 secs]
   [Parallel Time: 75.7 ms, GC Workers: 8]
      [GC Worker Start (ms): Min: 518596511.2, Avg: 518596511.3, Max: 518596511.4, Diff: 0.1]
      [Ext Root Scanning (ms): Min: 3.1, Avg: 4.5, Max: 12.3, Diff: 9.2, Sum: 36.3]
      [Update RS (ms): Min: 0.0, Avg: 2.1, Max: 2.6, Diff: 2.6, Sum: 16.4]
         [Processed Buffers: Min: 0, Avg: 17.0, Max: 33, Diff: 33, Sum: 136]
      [Scan RS (ms): Min: 0.0, Avg: 0.1, Max: 0.2, Diff: 0.2, Sum: 1.0]
      [Code Root Scanning (ms): Min: 0.0, Avg: 0.0, Max: 0.0, Diff: 0.0, Sum: 0.0]
      [Object Copy (ms): Min: 51.4, Avg: 56.3, Max: 57.5, Diff: 6.1, Sum: 450.6]
      [Termination (ms): Min: 11.9, Avg: 12.4, Max: 12.8, Diff: 0.9, Sum: 98.9]
         [Termination Attempts: Min: 5524, Avg: 5774.4, Max: 5940, Diff: 416, Sum: 46195]
      [GC Worker Other (ms): Min: 0.0, Avg: 0.1, Max: 0.1, Diff: 0.1, Sum: 0.9]
      [GC Worker Total (ms): Min: 75.4, Avg: 75.5, Max: 75.6, Diff: 0.2, Sum: 604.1]
      [GC Worker End (ms): Min: 518596586.8, Avg: 518596586.8, Max: 518596586.9, Diff: 0.1]
   [Code Root Fixup: 0.1 ms]
   [Code Root Purge: 0.0 ms]
   [Clear CT: 0.3 ms]
   [Other: 45.6 ms]
      [Choose CSet: 0.0 ms]
      [Ref Proc: 36.6 ms]
      [Ref Enq: 1.5 ms]
      [Redirty Cards: 0.2 ms]
      [Humongous Register: 4.5 ms]
      [Humongous Reclaim: 0.1 ms]
      [Free CSet: 1.6 ms]
   [Eden: 1116.0M(1116.0M)->0.0B(1156.0M) Survivors: 40.0M->42.0M Heap: 2984.2M(6144.0M)->1870.2M(6144.0M)]
 [Times: user=0.57 sys=0.10, real=0.12 secs] 
2025-07-26T12:00:50.482+0800: 518604.317: [GC pause (G1 Evacuation Pause) (young), 0.1023262 secs]
   [Parallel Time: 64.5 ms, GC Workers: 8]
      [GC Worker Start (ms): Min: 518604318.4, Avg: 518604318.5, Max: 518604318.6, Diff: 0.2]
      [Ext Root Scanning (ms): Min: 2.1, Avg: 2.5, Max: 3.1, Diff: 1.0, Sum: 19.7]
      [Update RS (ms): Min: 1.2, Avg: 1.7, Max: 2.0, Diff: 0.8, Sum: 13.2]
         [Processed Buffers: Min: 3, Avg: 19.1, Max: 35, Diff: 32, Sum: 153]
      [Scan RS (ms): Min: 0.0, Avg: 0.1, Max: 0.1, Diff: 0.1, Sum: 0.8]
      [Code Root Scanning (ms): Min: 0.0, Avg: 0.0, Max: 0.0, Diff: 0.0, Sum: 0.0]
      [Object Copy (ms): Min: 42.6, Avg: 43.9, Max: 44.8, Diff: 2.1, Sum: 350.8]
      [Termination (ms): Min: 15.0, Avg: 16.1, Max: 17.5, Diff: 2.5, Sum: 128.5]
         [Termination Attempts: Min: 4542, Avg: 4711.4, Max: 4942, Diff: 400, Sum: 37691]
      [GC Worker Other (ms): Min: 0.0, Avg: 0.0, Max: 0.1, Diff: 0.1, Sum: 0.3]
      [GC Worker Total (ms): Min: 64.1, Avg: 64.2, Max: 64.3, Diff: 0.2, Sum: 513.4]
      [GC Worker End (ms): Min: 518604382.6, Avg: 518604382.7, Max: 518604382.8, Diff: 0.2]
   [Code Root Fixup: 0.1 ms]
   [Code Root Purge: 0.0 ms]
   [Clear CT: 0.3 ms]
   [Other: 37.5 ms]
      [Choose CSet: 0.0 ms]
      [Ref Proc: 33.6 ms]
      [Ref Enq: 1.4 ms]
      [Redirty Cards: 0.2 ms]
      [Humongous Register: 0.6 ms]
      [Humongous Reclaim: 0.1 ms]
      [Free CSet: 0.8 ms]
   [Eden: 1156.0M(1156.0M)->0.0B(1502.0M) Survivors: 42.0M->40.0M Heap: 3026.2M(6144.0M)->1869.2M(6144.0M)]
 [Times: user=0.56 sys=0.00, real=0.10 secs] 
2025-07-26T12:01:01.621+0800: 518615.457: [GC pause (G1 Evacuation Pause) (young), 0.1216693 secs]
   [Parallel Time: 72.2 ms, GC Workers: 8]
      [GC Worker Start (ms): Min: 518615461.3, Avg: 518615461.4, Max: 518615461.4, Diff: 0.1]
      [Ext Root Scanning (ms): Min: 3.2, Avg: 4.6, Max: 12.1, Diff: 8.9, Sum: 36.5]
      [Update RS (ms): Min: 0.0, Avg: 2.2, Max: 2.9, Diff: 2.9, Sum: 17.9]
         [Processed Buffers: Min: 0, Avg: 20.2, Max: 48, Diff: 48, Sum: 162]
      [Scan RS (ms): Min: 0.1, Avg: 0.1, Max: 0.2, Diff: 0.2, Sum: 1.2]
      [Code Root Scanning (ms): Min: 0.0, Avg: 0.0, Max: 0.0, Diff: 0.0, Sum: 0.0]
      [Object Copy (ms): Min: 51.5, Avg: 56.5, Max: 58.0, Diff: 6.6, Sum: 452.4]
      [Termination (ms): Min: 7.6, Avg: 8.3, Max: 8.8, Diff: 1.2, Sum: 66.8]
         [Termination Attempts: Min: 3996, Avg: 4268.4, Max: 4419, Diff: 423, Sum: 34147]
      [GC Worker Other (ms): Min: 0.1, Avg: 0.1, Max: 0.2, Diff: 0.1, Sum: 1.2]
      [GC Worker Total (ms): Min: 71.9, Avg: 72.0, Max: 72.0, Diff: 0.1, Sum: 575.9]
      [GC Worker End (ms): Min: 518615533.3, Avg: 518615533.4, Max: 518615533.4, Diff: 0.1]
   [Code Root Fixup: 0.1 ms]
   [Code Root Purge: 0.0 ms]
   [Clear CT: 0.3 ms]
   [Other: 49.1 ms]
      [Choose CSet: 0.0 ms]
      [Ref Proc: 40.2 ms]
      [Ref Enq: 1.5 ms]
      [Redirty Cards: 0.1 ms]
      [Humongous Register: 4.2 ms]
      [Humongous Reclaim: 0.1 ms]
      [Free CSet: 2.0 ms]
   [Eden: 1502.0M(1502.0M)->0.0B(1660.0M) Survivors: 40.0M->42.0M Heap: 3371.2M(6144.0M)->1871.2M(6144.0M)]
 [Times: user=0.63 sys=0.00, real=0.12 secs] 
2025-07-26T12:01:15.979+0800: 518629.815: [GC pause (G1 Evacuation Pause) (young), 0.1529286 secs]
   [Parallel Time: 99.9 ms, GC Workers: 8]
      [GC Worker Start (ms): Min: 518629819.6, Avg: 518629819.7, Max: 518629819.8, Diff: 0.1]
      [Ext Root Scanning (ms): Min: 3.0, Avg: 4.3, Max: 11.8, Diff: 8.8, Sum: 34.2]
      [Update RS (ms): Min: 0.0, Avg: 2.5, Max: 3.4, Diff: 3.4, Sum: 20.1]
         [Processed Buffers: Min: 0, Avg: 19.8, Max: 35, Diff: 35, Sum: 158]
      [Scan RS (ms): Min: 0.1, Avg: 0.2, Max: 0.3, Diff: 0.2, Sum: 1.4]
      [Code Root Scanning (ms): Min: 0.0, Avg: 0.0, Max: 0.0, Diff: 0.0, Sum: 0.0]
      [Object Copy (ms): Min: 55.0, Avg: 58.2, Max: 61.4, Diff: 6.4, Sum: 465.7]
      [Termination (ms): Min: 31.9, Avg: 34.4, Max: 36.3, Diff: 4.4, Sum: 275.0]
         [Termination Attempts: Min: 5760, Avg: 6305.8, Max: 6982, Diff: 1222, Sum: 50446]
      [GC Worker Other (ms): Min: 0.1, Avg: 0.1, Max: 0.2, Diff: 0.1, Sum: 1.1]
      [GC Worker Total (ms): Min: 99.6, Avg: 99.7, Max: 99.7, Diff: 0.1, Sum: 797.4]
      [GC Worker End (ms): Min: 518629919.3, Avg: 518629919.4, Max: 518629919.4, Diff: 0.1]
   [Code Root Fixup: 0.0 ms]
   [Code Root Purge: 0.0 ms]
   [Clear CT: 0.4 ms]
   [Other: 52.6 ms]
      [Choose CSet: 0.0 ms]
      [Ref Proc: 43.4 ms]
      [Ref Enq: 1.6 ms]
      [Redirty Cards: 0.2 ms]
      [Humongous Register: 4.1 ms]
      [Humongous Reclaim: 0.1 ms]
      [Free CSet: 2.2 ms]
   [Eden: 1660.0M(1660.0M)->0.0B(1904.0M) Survivors: 42.0M->44.0M Heap: 3531.2M(6144.0M)->1873.2M(6144.0M)]
 [Times: user=0.74 sys=0.11, real=0.15 secs] 
2025-07-26T12:01:30.714+0800: 518644.550: [GC pause (G1 Evacuation Pause) (young), 0.2427210 secs]
   [Parallel Time: 156.5 ms, GC Workers: 8]
      [GC Worker Start (ms): Min: 518644554.1, Avg: 518644554.3, Max: 518644554.4, Diff: 0.2]
      [Ext Root Scanning (ms): Min: 3.1, Avg: 4.5, Max: 12.6, Diff: 9.5, Sum: 35.8]
      [Update RS (ms): Min: 0.0, Avg: 2.8, Max: 3.4, Diff: 3.4, Sum: 22.1]
         [Processed Buffers: Min: 0, Avg: 21.4, Max: 40, Diff: 40, Sum: 171]
      [Scan RS (ms): Min: 0.1, Avg: 0.2, Max: 0.3, Diff: 0.3, Sum: 1.5]
      [Code Root Scanning (ms): Min: 0.0, Avg: 0.0, Max: 0.0, Diff: 0.0, Sum: 0.0]
      [Object Copy (ms): Min: 63.1, Avg: 69.0, Max: 74.5, Diff: 11.4, Sum: 552.3]
      [Termination (ms): Min: 75.0, Avg: 79.6, Max: 82.1, Diff: 7.1, Sum: 637.0]
         [Termination Attempts: Min: 8670, Avg: 10658.2, Max: 11455, Diff: 2785, Sum: 85266]
      [GC Worker Other (ms): Min: 0.0, Avg: 0.1, Max: 0.2, Diff: 0.1, Sum: 1.0]
      [GC Worker Total (ms): Min: 156.1, Avg: 156.2, Max: 156.4, Diff: 0.3, Sum: 1249.9]
      [GC Worker End (ms): Min: 518644710.5, Avg: 518644710.5, Max: 518644710.5, Diff: 0.1]
   [Code Root Fixup: 0.1 ms]
   [Code Root Purge: 0.0 ms]
   [Clear CT: 0.7 ms]
   [Other: 85.5 ms]
      [Choose CSet: 0.0 ms]
      [Ref Proc: 75.7 ms]
      [Ref Enq: 2.1 ms]
      [Redirty Cards: 0.2 ms]
      [Humongous Register: 3.9 ms]
      [Humongous Reclaim: 0.1 ms]
      [Free CSet: 2.4 ms]
   [Eden: 1904.0M(1904.0M)->0.0B(1756.0M) Survivors: 44.0M->44.0M Heap: 3777.2M(6144.0M)->1873.2M(6144.0M)]
 [Times: user=1.10 sys=0.24, real=0.25 secs] 
2025-07-26T12:01:45.071+0800: 518658.907: [GC pause (G1 Evacuation Pause) (young), 0.2026270 secs]
   [Parallel Time: 141.2 ms, GC Workers: 8]
      [GC Worker Start (ms): Min: 518658912.9, Avg: 518658913.0, Max: 518658913.1, Diff: 0.2]
      [Ext Root Scanning (ms): Min: 3.4, Avg: 4.8, Max: 12.8, Diff: 9.3, Sum: 38.6]
      [Update RS (ms): Min: 0.0, Avg: 2.7, Max: 3.7, Diff: 3.7, Sum: 21.4]
         [Processed Buffers: Min: 0, Avg: 20.1, Max: 37, Diff: 37, Sum: 161]
      [Scan RS (ms): Min: 0.1, Avg: 0.2, Max: 0.3, Diff: 0.2, Sum: 1.3]
      [Code Root Scanning (ms): Min: 0.0, Avg: 0.0, Max: 0.0, Diff: 0.0, Sum: 0.0]
      [Object Copy (ms): Min: 65.2, Avg: 67.1, Max: 68.6, Diff: 3.4, Sum: 536.7]
      [Termination (ms): Min: 62.9, Avg: 66.0, Max: 67.9, Diff: 5.1, Sum: 528.1]
         [Termination Attempts: Min: 9227, Avg: 9779.2, Max: 10390, Diff: 1163, Sum: 78234]
      [GC Worker Other (ms): Min: 0.1, Avg: 0.1, Max: 0.2, Diff: 0.1, Sum: 0.9]
      [GC Worker Total (ms): Min: 140.8, Avg: 140.9, Max: 141.0, Diff: 0.3, Sum: 1126.9]
      [GC Worker End (ms): Min: 518659053.8, Avg: 518659053.9, Max: 518659054.0, Diff: 0.2]
   [Code Root Fixup: 0.0 ms]
   [Code Root Purge: 0.0 ms]
   [Clear CT: 0.5 ms]
   [Other: 60.9 ms]
      [Choose CSet: 0.0 ms]
      [Ref Proc: 49.5 ms]
      [Ref Enq: 1.9 ms]
      [Redirty Cards: 0.1 ms]
      [Humongous Register: 5.5 ms]
      [Humongous Reclaim: 0.2 ms]
      [Free CSet: 2.3 ms]
   [Eden: 1756.0M(1756.0M)->0.0B(1964.0M) Survivors: 44.0M->44.0M Heap: 3629.2M(6144.0M)->1872.2M(6144.0M)]
 [Times: user=1.10 sys=0.09, real=0.20 secs] 
2025-07-26T12:02:05.543+0800: 518679.378: [GC pause (G1 Evacuation Pause) (young), 0.3387667 secs]
   [Parallel Time: 230.6 ms, GC Workers: 8]
      [GC Worker Start (ms): Min: 518679383.5, Avg: 518679383.6, Max: 518679383.7, Diff: 0.2]
      [Ext Root Scanning (ms): Min: 3.2, Avg: 4.8, Max: 14.1, Diff: 10.9, Sum: 38.5]
      [Update RS (ms): Min: 0.0, Avg: 3.0, Max: 3.9, Diff: 3.9, Sum: 23.7]
         [Processed Buffers: Min: 0, Avg: 21.1, Max: 38, Diff: 38, Sum: 169]
      [Scan RS (ms): Min: 0.1, Avg: 0.2, Max: 0.4, Diff: 0.3, Sum: 1.9]
      [Code Root Scanning (ms): Min: 0.0, Avg: 0.0, Max: 0.0, Diff: 0.0, Sum: 0.0]
      [Object Copy (ms): Min: 126.2, Avg: 130.3, Max: 137.8, Diff: 11.7, Sum: 1042.2]
      [Termination (ms): Min: 85.3, Avg: 92.0, Max: 97.1, Diff: 11.8, Sum: 736.1]
         [Termination Attempts: Min: 17460, Avg: 18183.1, Max: 19092, Diff: 1632, Sum: 145465]
      [GC Worker Other (ms): Min: 0.0, Avg: 0.1, Max: 0.2, Diff: 0.1, Sum: 0.9]
      [GC Worker Total (ms): Min: 230.3, Avg: 230.4, Max: 230.5, Diff: 0.3, Sum: 1843.2]
      [GC Worker End (ms): Min: 518679614.0, Avg: 518679614.0, Max: 518679614.1, Diff: 0.0]
   [Code Root Fixup: 0.1 ms]
   [Code Root Purge: 0.0 ms]
   [Clear CT: 0.6 ms]
   [Other: 107.5 ms]
      [Choose CSet: 0.0 ms]
      [Ref Proc: 95.9 ms]
      [Ref Enq: 3.2 ms]
      [Redirty Cards: 0.2 ms]
      [Humongous Register: 4.3 ms]
      [Humongous Reclaim: 0.1 ms]
      [Free CSet: 2.4 ms]
   [Eden: 1964.0M(1964.0M)->0.0B(1130.0M) Survivors: 44.0M->52.0M Heap: 3836.2M(6144.0M)->1881.2M(6144.0M)]
 [Times: user=1.84 sys=0.09, real=0.34 secs] 
2025-07-26T12:02:28.290+0800: 518702.126: [GC pause (G1 Evacuation Pause) (young), 0.3127642 secs]
   [Parallel Time: 232.0 ms, GC Workers: 8]
      [GC Worker Start (ms): Min: 518702126.6, Avg: 518702126.6, Max: 518702126.7, Diff: 0.1]
      [Ext Root Scanning (ms): Min: 2.4, Avg: 3.6, Max: 11.0, Diff: 8.7, Sum: 29.2]
      [Update RS (ms): Min: 0.0, Avg: 1.8, Max: 2.4, Diff: 2.4, Sum: 14.1]
         [Processed Buffers: Min: 0, Avg: 13.5, Max: 24, Diff: 24, Sum: 108]
      [Scan RS (ms): Min: 0.0, Avg: 0.1, Max: 0.2, Diff: 0.1, Sum: 0.9]
      [Code Root Scanning (ms): Min: 0.0, Avg: 0.0, Max: 0.0, Diff: 0.0, Sum: 0.0]
      [Object Copy (ms): Min: 94.2, Avg: 105.5, Max: 139.8, Diff: 45.6, Sum: 844.0]
      [Termination (ms): Min: 87.3, Avg: 120.7, Max: 129.2, Diff: 41.9, Sum: 965.7]
         [Termination Attempts: Min: 8746, Avg: 16334.4, Max: 18275, Diff: 9529, Sum: 130675]
      [GC Worker Other (ms): Min: 0.0, Avg: 0.1, Max: 0.1, Diff: 0.1, Sum: 0.4]
      [GC Worker Total (ms): Min: 231.7, Avg: 231.8, Max: 231.8, Diff: 0.1, Sum: 1854.3]
      [GC Worker End (ms): Min: 518702358.4, Avg: 518702358.4, Max: 518702358.5, Diff: 0.1]
   [Code Root Fixup: 0.0 ms]
   [Code Root Purge: 0.0 ms]
   [Clear CT: 0.3 ms]
   [Other: 80.4 ms]
      [Choose CSet: 0.0 ms]
      [Ref Proc: 72.2 ms]
      [Ref Enq: 4.6 ms]
      [Redirty Cards: 0.2 ms]
      [Humongous Register: 0.6 ms]
      [Humongous Reclaim: 0.2 ms]
      [Free CSet: 1.4 ms]
   [Eden: 1130.0M(1130.0M)->0.0B(1026.0M) Survivors: 52.0M->42.0M Heap: 3011.2M(6144.0M)->1871.2M(6144.0M)]
 [Times: user=1.73 sys=0.22, real=0.31 secs] 
2025-07-26T12:02:46.719+0800: 518720.554: [GC pause (G1 Evacuation Pause) (young), 0.2730093 secs]
   [Parallel Time: 195.9 ms, GC Workers: 8]
      [GC Worker Start (ms): Min: 518720559.9, Avg: 518720560.0, Max: 518720560.1, Diff: 0.2]
      [Ext Root Scanning (ms): Min: 3.4, Avg: 5.0, Max: 12.4, Diff: 8.9, Sum: 40.2]
      [Update RS (ms): Min: 0.0, Avg: 2.6, Max: 4.0, Diff: 4.0, Sum: 21.1]
         [Processed Buffers: Min: 0, Avg: 12.5, Max: 43, Diff: 43, Sum: 100]
      [Scan RS (ms): Min: 0.0, Avg: 0.1, Max: 0.2, Diff: 0.2, Sum: 0.9]
      [Code Root Scanning (ms): Min: 0.0, Avg: 0.0, Max: 0.0, Diff: 0.0, Sum: 0.0]
      [Object Copy (ms): Min: 85.9, Avg: 87.9, Max: 91.1, Diff: 5.2, Sum: 703.4]
      [Termination (ms): Min: 96.5, Avg: 99.9, Max: 102.7, Diff: 6.3, Sum: 798.8]
         [Termination Attempts: Min: 14191, Avg: 14769.8, Max: 15396, Diff: 1205, Sum: 118158]
      [GC Worker Other (ms): Min: 0.1, Avg: 0.1, Max: 0.2, Diff: 0.1, Sum: 0.8]
      [GC Worker Total (ms): Min: 195.6, Avg: 195.7, Max: 195.8, Diff: 0.2, Sum: 1565.3]
      [GC Worker End (ms): Min: 518720755.6, Avg: 518720755.7, Max: 518720755.7, Diff: 0.1]
   [Code Root Fixup: 0.0 ms]
   [Code Root Purge: 0.0 ms]
   [Clear CT: 0.4 ms]
   [Other: 76.7 ms]
      [Choose CSet: 0.0 ms]
      [Ref Proc: 66.5 ms]
      [Ref Enq: 2.2 ms]
      [Redirty Cards: 0.1 ms]
      [Humongous Register: 4.9 ms]
      [Humongous Reclaim: 0.1 ms]
      [Free CSet: 1.5 ms]
   [Eden: 1026.0M(1026.0M)->0.0B(1172.0M) Survivors: 42.0M->42.0M Heap: 2897.2M(6144.0M)->1871.3M(6144.0M)]
 [Times: user=1.44 sys=0.22, real=0.27 secs] 
2025-07-26T12:03:11.035+0800: 518744.871: [GC pause (G1 Evacuation Pause) (young), 0.2980694 secs]
   [Parallel Time: 211.5 ms, GC Workers: 8]
      [GC Worker Start (ms): Min: 518744875.6, Avg: 518744875.7, Max: 518744875.7, Diff: 0.1]
      [Ext Root Scanning (ms): Min: 3.0, Avg: 4.3, Max: 12.1, Diff: 9.1, Sum: 34.4]
      [Update RS (ms): Min: 0.0, Avg: 2.5, Max: 3.1, Diff: 3.1, Sum: 20.2]
         [Processed Buffers: Min: 0, Avg: 13.0, Max: 29, Diff: 29, Sum: 104]
      [Scan RS (ms): Min: 0.0, Avg: 0.1, Max: 0.2, Diff: 0.2, Sum: 1.0]
      [Code Root Scanning (ms): Min: 0.0, Avg: 0.0, Max: 0.0, Diff: 0.0, Sum: 0.0]
      [Object Copy (ms): Min: 89.4, Avg: 96.3, Max: 104.5, Diff: 15.0, Sum: 770.3]
      [Termination (ms): Min: 100.5, Avg: 108.0, Max: 111.9, Diff: 11.4, Sum: 863.6]
         [Termination Attempts: Min: 14335, Avg: 15358.6, Max: 16137, Diff: 1802, Sum: 122869]
      [GC Worker Other (ms): Min: 0.0, Avg: 0.1, Max: 0.1, Diff: 0.1, Sum: 0.7]
      [GC Worker Total (ms): Min: 211.2, Avg: 211.3, Max: 211.4, Diff: 0.2, Sum: 1690.3]
      [GC Worker End (ms): Min: 518745086.9, Avg: 518745087.0, Max: 518745087.0, Diff: 0.1]
   [Code Root Fixup: 0.0 ms]
   [Code Root Purge: 0.0 ms]
   [Clear CT: 0.3 ms]
   [Other: 86.2 ms]
      [Choose CSet: 0.0 ms]
      [Ref Proc: 75.8 ms]
      [Ref Enq: 2.7 ms]
      [Redirty Cards: 0.2 ms]
      [Humongous Register: 4.6 ms]
      [Humongous Reclaim: 0.1 ms]
      [Free CSet: 1.7 ms]
   [Eden: 1172.0M(1172.0M)->0.0B(1192.0M) Survivors: 42.0M->38.0M Heap: 3043.3M(6144.0M)->1868.1M(6144.0M)]
 [Times: user=1.63 sys=0.13, real=0.30 secs] 
2025-07-26T12:03:31.652+0800: 518765.488: [GC pause (G1 Evacuation Pause) (young), 0.1838613 secs]
   [Parallel Time: 98.4 ms, GC Workers: 8]
      [GC Worker Start (ms): Min: 518765492.6, Avg: 518765492.7, Max: 518765492.8, Diff: 0.2]
      [Ext Root Scanning (ms): Min: 2.8, Avg: 3.3, Max: 5.4, Diff: 2.7, Sum: 26.4]
      [Update RS (ms): Min: 0.5, Avg: 2.5, Max: 2.9, Diff: 2.5, Sum: 19.9]
         [Processed Buffers: Min: 4, Avg: 14.9, Max: 30, Diff: 26, Sum: 119]
      [Scan RS (ms): Min: 0.0, Avg: 0.1, Max: 0.2, Diff: 0.2, Sum: 0.9]
      [Code Root Scanning (ms): Min: 0.0, Avg: 0.0, Max: 0.0, Diff: 0.0, Sum: 0.0]
      [Object Copy (ms): Min: 87.4, Avg: 87.9, Max: 88.2, Diff: 0.8, Sum: 703.5]
      [Termination (ms): Min: 4.1, Avg: 4.2, Max: 4.4, Diff: 0.3, Sum: 33.8]
         [Termination Attempts: Min: 3219, Avg: 3325.8, Max: 3437, Diff: 218, Sum: 26606]
      [GC Worker Other (ms): Min: 0.1, Avg: 0.1, Max: 0.2, Diff: 0.1, Sum: 0.9]
      [GC Worker Total (ms): Min: 98.1, Avg: 98.2, Max: 98.3, Diff: 0.1, Sum: 785.5]
      [GC Worker End (ms): Min: 518765590.9, Avg: 518765590.9, Max: 518765590.9, Diff: 0.1]
   [Code Root Fixup: 0.0 ms]
   [Code Root Purge: 0.0 ms]
   [Clear CT: 0.3 ms]
   [Other: 85.0 ms]
      [Choose CSet: 0.0 ms]
      [Ref Proc: 75.4 ms]
      [Ref Enq: 2.4 ms]
      [Redirty Cards: 0.2 ms]
      [Humongous Register: 4.3 ms]
      [Humongous Reclaim: 0.1 ms]
      [Free CSet: 1.6 ms]
   [Eden: 1192.0M(1192.0M)->0.0B(1380.0M) Survivors: 38.0M->40.0M Heap: 3060.1M(6144.0M)->1869.7M(6144.0M)]
 [Times: user=0.87 sys=0.00, real=0.18 secs] 
2025-07-26T12:04:05.869+0800: 518799.705: [GC pause (G1 Evacuation Pause) (young), 0.2927285 secs]
   [Parallel Time: 190.2 ms, GC Workers: 8]
      [GC Worker Start (ms): Min: 518799709.5, Avg: 518799709.5, Max: 518799709.6, Diff: 0.2]
      [Ext Root Scanning (ms): Min: 3.2, Avg: 4.5, Max: 12.3, Diff: 9.1, Sum: 36.0]
      [Update RS (ms): Min: 0.0, Avg: 2.4, Max: 3.8, Diff: 3.8, Sum: 18.8]
         [Processed Buffers: Min: 0, Avg: 14.5, Max: 29, Diff: 29, Sum: 116]
      [Scan RS (ms): Min: 0.0, Avg: 0.2, Max: 0.3, Diff: 0.2, Sum: 1.2]
      [Code Root Scanning (ms): Min: 0.0, Avg: 0.0, Max: 0.0, Diff: 0.0, Sum: 0.0]
      [Object Copy (ms): Min: 123.9, Avg: 125.8, Max: 127.3, Diff: 3.4, Sum: 1006.8]
      [Termination (ms): Min: 52.2, Avg: 56.9, Max: 59.7, Diff: 7.5, Sum: 455.0]
         [Termination Attempts: Min: 15481, Avg: 15881.8, Max: 16685, Diff: 1204, Sum: 127054]
      [GC Worker Other (ms): Min: 0.1, Avg: 0.1, Max: 0.2, Diff: 0.1, Sum: 1.0]
      [GC Worker Total (ms): Min: 189.8, Avg: 189.9, Max: 190.0, Diff: 0.2, Sum: 1518.9]
      [GC Worker End (ms): Min: 518799899.3, Avg: 518799899.4, Max: 518799899.5, Diff: 0.1]
   [Code Root Fixup: 0.1 ms]
   [Code Root Purge: 0.0 ms]
   [Clear CT: 0.4 ms]
   [Other: 102.1 ms]
      [Choose CSet: 0.0 ms]
      [Ref Proc: 91.8 ms]
      [Ref Enq: 2.9 ms]
      [Redirty Cards: 0.1 ms]
      [Humongous Register: 4.3 ms]
      [Humongous Reclaim: 0.1 ms]
      [Free CSet: 1.9 ms]
   [Eden: 1380.0M(1380.0M)->0.0B(1064.0M) Survivors: 40.0M->40.0M Heap: 3249.7M(6144.0M)->1871.6M(6144.0M)]
 [Times: user=1.49 sys=0.12, real=0.29 secs] 
2025-07-26T12:04:28.813+0800: 518822.648: [GC pause (G1 Evacuation Pause) (young), 0.2375283 secs]
   [Parallel Time: 164.2 ms, GC Workers: 8]
      [GC Worker Start (ms): Min: 518822649.1, Avg: 518822649.2, Max: 518822649.2, Diff: 0.1]
      [Ext Root Scanning (ms): Min: 2.5, Avg: 3.5, Max: 10.0, Diff: 7.5, Sum: 28.2]
      [Update RS (ms): Min: 0.0, Avg: 1.6, Max: 2.0, Diff: 2.0, Sum: 12.8]
         [Processed Buffers: Min: 0, Avg: 14.2, Max: 34, Diff: 34, Sum: 114]
      [Scan RS (ms): Min: 0.0, Avg: 0.1, Max: 0.1, Diff: 0.1, Sum: 0.8]
      [Code Root Scanning (ms): Min: 0.0, Avg: 0.0, Max: 0.0, Diff: 0.0, Sum: 0.0]
      [Object Copy (ms): Min: 84.1, Avg: 89.4, Max: 94.5, Diff: 10.4, Sum: 715.0]
      [Termination (ms): Min: 64.9, Avg: 69.4, Max: 74.2, Diff: 9.3, Sum: 555.0]
         [Termination Attempts: Min: 11944, Avg: 12586.4, Max: 13131, Diff: 1187, Sum: 100691]
      [GC Worker Other (ms): Min: 0.0, Avg: 0.0, Max: 0.0, Diff: 0.0, Sum: 0.3]
      [GC Worker Total (ms): Min: 163.9, Avg: 164.0, Max: 164.1, Diff: 0.1, Sum: 1312.0]
      [GC Worker End (ms): Min: 518822813.1, Avg: 518822813.2, Max: 518822813.2, Diff: 0.1]
   [Code Root Fixup: 0.1 ms]
   [Code Root Purge: 0.0 ms]
   [Clear CT: 0.3 ms]
   [Other: 73.0 ms]
      [Choose CSet: 0.0 ms]
      [Ref Proc: 68.1 ms]
      [Ref Enq: 2.6 ms]
      [Redirty Cards: 0.2 ms]
      [Humongous Register: 0.4 ms]
      [Humongous Reclaim: 0.2 ms]
      [Free CSet: 0.7 ms]
   [Eden: 1064.0M(1064.0M)->0.0B(1372.0M) Survivors: 40.0M->36.0M Heap: 2935.6M(6144.0M)->1868.4M(6144.0M)]
 [Times: user=1.25 sys=0.13, real=0.24 secs] 
2025-07-26T12:04:58.506+0800: 518852.341: [GC pause (G1 Evacuation Pause) (young), 0.3580412 secs]
   [Parallel Time: 261.1 ms, GC Workers: 8]
      [GC Worker Start (ms): Min: 518852346.1, Avg: 518852346.2, Max: 518852346.3, Diff: 0.1]
      [Ext Root Scanning (ms): Min: 2.8, Avg: 4.1, Max: 11.4, Diff: 8.6, Sum: 32.5]
      [Update RS (ms): Min: 0.0, Avg: 2.5, Max: 3.4, Diff: 3.4, Sum: 20.0]
         [Processed Buffers: Min: 0, Avg: 16.0, Max: 30, Diff: 30, Sum: 128]
      [Scan RS (ms): Min: 0.0, Avg: 0.1, Max: 0.2, Diff: 0.2, Sum: 1.1]
      [Code Root Scanning (ms): Min: 0.0, Avg: 0.0, Max: 0.0, Diff: 0.0, Sum: 0.0]
      [Object Copy (ms): Min: 102.1, Avg: 111.5, Max: 116.9, Diff: 14.8, Sum: 892.1]
      [Termination (ms): Min: 134.2, Avg: 142.6, Max: 152.6, Diff: 18.4, Sum: 1140.9]
         [Termination Attempts: Min: 17019, Avg: 18614.9, Max: 19487, Diff: 2468, Sum: 148919]
      [GC Worker Other (ms): Min: 0.0, Avg: 0.1, Max: 0.2, Diff: 0.1, Sum: 0.8]
      [GC Worker Total (ms): Min: 260.8, Avg: 260.9, Max: 261.0, Diff: 0.2, Sum: 2087.4]
      [GC Worker End (ms): Min: 518852607.1, Avg: 518852607.1, Max: 518852607.2, Diff: 0.0]
   [Code Root Fixup: 0.0 ms]
   [Code Root Purge: 0.0 ms]
   [Clear CT: 0.5 ms]
   [Other: 96.4 ms]
      [Choose CSet: 0.0 ms]
      [Ref Proc: 86.0 ms]
      [Ref Enq: 3.0 ms]
      [Redirty Cards: 0.4 ms]
      [Humongous Register: 4.3 ms]
      [Humongous Reclaim: 0.1 ms]
      [Free CSet: 1.8 ms]
   [Eden: 1372.0M(1372.0M)->0.0B(1342.0M) Survivors: 36.0M->40.0M Heap: 3240.4M(6144.0M)->1872.8M(6144.0M)]
 [Times: user=1.94 sys=0.23, real=0.36 secs] 
2025-07-26T12:05:20.210+0800: 518874.045: [GC pause (G1 Evacuation Pause) (young), 0.2167292 secs]
   [Parallel Time: 125.3 ms, GC Workers: 8]
      [GC Worker Start (ms): Min: 518874050.2, Avg: 518874050.3, Max: 518874050.4, Diff: 0.3]
      [Ext Root Scanning (ms): Min: 2.8, Avg: 4.0, Max: 10.3, Diff: 7.6, Sum: 32.0]
      [Update RS (ms): Min: 0.0, Avg: 2.1, Max: 3.1, Diff: 3.1, Sum: 16.6]
         [Processed Buffers: Min: 0, Avg: 14.0, Max: 37, Diff: 37, Sum: 112]
      [Scan RS (ms): Min: 0.0, Avg: 0.1, Max: 0.2, Diff: 0.2, Sum: 1.2]
      [Code Root Scanning (ms): Min: 0.0, Avg: 0.0, Max: 0.0, Diff: 0.0, Sum: 0.0]
      [Object Copy (ms): Min: 112.2, Avg: 115.0, Max: 115.5, Diff: 3.3, Sum: 920.1]
      [Termination (ms): Min: 2.3, Avg: 3.6, Max: 4.0, Diff: 1.7, Sum: 29.2]
         [Termination Attempts: Min: 1676, Avg: 2670.2, Max: 2912, Diff: 1236, Sum: 21362]
      [GC Worker Other (ms): Min: 0.0, Avg: 0.1, Max: 0.2, Diff: 0.2, Sum: 0.9]
      [GC Worker Total (ms): Min: 124.9, Avg: 125.0, Max: 125.1, Diff: 0.3, Sum: 1000.0]
      [GC Worker End (ms): Min: 518874175.3, Avg: 518874175.3, Max: 518874175.3, Diff: 0.1]
   [Code Root Fixup: 0.0 ms]
   [Code Root Purge: 0.0 ms]
   [Clear CT: 0.4 ms]
   [Other: 91.0 ms]
      [Choose CSet: 0.0 ms]
      [Ref Proc: 80.7 ms]
      [Ref Enq: 2.9 ms]
      [Redirty Cards: 0.2 ms]
      [Humongous Register: 4.2 ms]
      [Humongous Reclaim: 0.1 ms]
      [Free CSet: 1.8 ms]
   [Eden: 1342.0M(1342.0M)->0.0B(1400.0M) Survivors: 40.0M->40.0M Heap: 3214.8M(6144.0M)->1873.9M(6144.0M)]
 [Times: user=1.09 sys=0.00, real=0.21 secs] 
2025-07-26T12:05:49.625+0800: 518903.460: [GC pause (G1 Evacuation Pause) (young), 0.2884577 secs]
   [Parallel Time: 186.9 ms, GC Workers: 8]
      [GC Worker Start (ms): Min: 518903461.0, Avg: 518903461.0, Max: 518903461.1, Diff: 0.1]
      [Ext Root Scanning (ms): Min: 2.8, Avg: 4.3, Max: 13.1, Diff: 10.2, Sum: 34.3]
      [Update RS (ms): Min: 0.0, Avg: 1.7, Max: 2.1, Diff: 2.1, Sum: 13.2]
         [Processed Buffers: Min: 0, Avg: 15.5, Max: 33, Diff: 33, Sum: 124]
      [Scan RS (ms): Min: 0.0, Avg: 0.1, Max: 0.2, Diff: 0.2, Sum: 1.1]
      [Code Root Scanning (ms): Min: 0.0, Avg: 0.0, Max: 0.0, Diff: 0.0, Sum: 0.0]
      [Object Copy (ms): Min: 118.0, Avg: 125.8, Max: 131.2, Diff: 13.2, Sum: 1006.4]
      [Termination (ms): Min: 50.2, Avg: 54.7, Max: 57.4, Diff: 7.2, Sum: 437.3]
         [Termination Attempts: Min: 14748, Avg: 15646.4, Max: 16382, Diff: 1634, Sum: 125171]
      [GC Worker Other (ms): Min: 0.0, Avg: 0.0, Max: 0.1, Diff: 0.0, Sum: 0.3]
      [GC Worker Total (ms): Min: 186.5, Avg: 186.6, Max: 186.7, Diff: 0.2, Sum: 1492.7]
      [GC Worker End (ms): Min: 518903647.6, Avg: 518903647.6, Max: 518903647.8, Diff: 0.2]
   [Code Root Fixup: 0.1 ms]
   [Code Root Purge: 0.0 ms]
   [Clear CT: 0.4 ms]
   [Other: 101.2 ms]
      [Choose CSet: 0.0 ms]
      [Ref Proc: 95.5 ms]
      [Ref Enq: 3.0 ms]
      [Redirty Cards: 0.2 ms]
      [Humongous Register: 0.4 ms]
      [Humongous Reclaim: 0.1 ms]
      [Free CSet: 1.0 ms]
   [Eden: 1400.0M(1400.0M)->0.0B(1350.0M) Survivors: 40.0M->44.0M Heap: 3273.9M(6144.0M)->1876.9M(6144.0M)]
 [Times: user=1.51 sys=0.08, real=0.29 secs] 
2025-07-26T12:06:13.368+0800: 518927.204: [GC pause (G1 Evacuation Pause) (young), 0.3822464 secs]
   [Parallel Time: 249.2 ms, GC Workers: 8]
      [GC Worker Start (ms): Min: 518927208.4, Avg: 518927208.5, Max: 518927208.7, Diff: 0.2]
      [Ext Root Scanning (ms): Min: 2.9, Avg: 4.3, Max: 11.9, Diff: 9.0, Sum: 34.5]
      [Update RS (ms): Min: 0.0, Avg: 2.4, Max: 3.6, Diff: 3.6, Sum: 19.5]
         [Processed Buffers: Min: 0, Avg: 14.2, Max: 28, Diff: 28, Sum: 114]
      [Scan RS (ms): Min: 0.0, Avg: 0.1, Max: 0.2, Diff: 0.2, Sum: 1.0]
      [Code Root Scanning (ms): Min: 0.0, Avg: 0.0, Max: 0.0, Diff: 0.0, Sum: 0.0]
      [Object Copy (ms): Min: 136.2, Avg: 144.7, Max: 171.7, Diff: 35.5, Sum: 1157.9]
      [Termination (ms): Min: 71.0, Avg: 97.1, Max: 103.6, Diff: 32.6, Sum: 776.8]
         [Termination Attempts: Min: 10429, Avg: 18583.8, Max: 20620, Diff: 10191, Sum: 148670]
      [GC Worker Other (ms): Min: 0.0, Avg: 0.1, Max: 0.2, Diff: 0.1, Sum: 0.8]
      [GC Worker Total (ms): Min: 248.7, Avg: 248.8, Max: 248.9, Diff: 0.2, Sum: 1990.5]
      [GC Worker End (ms): Min: 518927457.3, Avg: 518927457.3, Max: 518927457.5, Diff: 0.2]
   [Code Root Fixup: 0.0 ms]
   [Code Root Purge: 0.0 ms]
   [Clear CT: 0.5 ms]
   [Other: 132.5 ms]
      [Choose CSet: 0.0 ms]
      [Ref Proc: 120.6 ms]
      [Ref Enq: 3.6 ms]
      [Redirty Cards: 0.3 ms]
      [Humongous Register: 4.3 ms]
      [Humongous Reclaim: 0.2 ms]
      [Free CSet: 2.4 ms]
   [Eden: 1350.0M(1350.0M)->0.0B(786.0M) Survivors: 44.0M->40.0M Heap: 3226.9M(6144.0M)->1874.3M(6144.0M)]
 [Times: user=1.97 sys=0.15, real=0.38 secs] 
2025-07-26T12:06:26.110+0800: 518939.945: [GC pause (G1 Evacuation Pause) (young), 0.2214454 secs]
   [Parallel Time: 158.5 ms, GC Workers: 8]
      [GC Worker Start (ms): Min: 518939946.6, Avg: 518939946.7, Max: 518939946.8, Diff: 0.1]
      [Ext Root Scanning (ms): Min: 3.1, Avg: 4.5, Max: 12.4, Diff: 9.3, Sum: 36.3]
      [Update RS (ms): Min: 0.0, Avg: 2.0, Max: 2.5, Diff: 2.5, Sum: 16.4]
         [Processed Buffers: Min: 0, Avg: 12.4, Max: 28, Diff: 28, Sum: 99]
      [Scan RS (ms): Min: 0.0, Avg: 0.1, Max: 0.1, Diff: 0.1, Sum: 0.8]
      [Code Root Scanning (ms): Min: 0.0, Avg: 0.0, Max: 0.0, Diff: 0.0, Sum: 0.0]
      [Object Copy (ms): Min: 84.0, Avg: 90.8, Max: 116.1, Diff: 32.0, Sum: 726.4]
      [Termination (ms): Min: 35.7, Avg: 60.7, Max: 67.4, Diff: 31.7, Sum: 485.7]
         [Termination Attempts: Min: 3554, Avg: 10008.6, Max: 11544, Diff: 7990, Sum: 80069]
      [GC Worker Other (ms): Min: 0.0, Avg: 0.1, Max: 0.1, Diff: 0.1, Sum: 0.5]
      [GC Worker Total (ms): Min: 158.2, Avg: 158.3, Max: 158.4, Diff: 0.2, Sum: 1266.2]
      [GC Worker End (ms): Min: 518940104.9, Avg: 518940105.0, Max: 518940105.1, Diff: 0.2]
   [Code Root Fixup: 0.2 ms]
   [Code Root Purge: 0.0 ms]
   [Clear CT: 0.3 ms]
   [Other: 62.4 ms]
      [Choose CSet: 0.0 ms]
      [Ref Proc: 57.0 ms]
      [Ref Enq: 1.6 ms]
      [Redirty Cards: 0.3 ms]
      [Humongous Register: 0.8 ms]
      [Humongous Reclaim: 0.1 ms]
      [Free CSet: 1.2 ms]
   [Eden: 786.0M(786.0M)->0.0B(1152.0M) Survivors: 40.0M->30.0M Heap: 2660.3M(6144.0M)->1863.6M(6144.0M)]
 [Times: user=1.21 sys=0.11, real=0.22 secs] 
2025-07-26T12:06:46.373+0800: 518960.209: [GC pause (G1 Evacuation Pause) (young), 0.3205374 secs]
   [Parallel Time: 206.9 ms, GC Workers: 8]
      [GC Worker Start (ms): Min: 518960213.6, Avg: 518960213.7, Max: 518960213.8, Diff: 0.2]
      [Ext Root Scanning (ms): Min: 2.8, Avg: 4.2, Max: 11.6, Diff: 8.7, Sum: 33.5]
      [Update RS (ms): Min: 0.0, Avg: 2.1, Max: 3.1, Diff: 3.1, Sum: 17.2]
         [Processed Buffers: Min: 0, Avg: 14.1, Max: 33, Diff: 33, Sum: 113]
      [Scan RS (ms): Min: 0.0, Avg: 0.1, Max: 0.2, Diff: 0.2, Sum: 0.9]
      [Code Root Scanning (ms): Min: 0.0, Avg: 0.0, Max: 0.0, Diff: 0.0, Sum: 0.0]
      [Object Copy (ms): Min: 85.6, Avg: 94.9, Max: 103.2, Diff: 17.6, Sum: 759.0]
      [Termination (ms): Min: 97.9, Avg: 105.2, Max: 114.0, Diff: 16.1, Sum: 841.3]
         [Termination Attempts: Min: 14429, Avg: 15236.1, Max: 16094, Diff: 1665, Sum: 121889]
      [GC Worker Other (ms): Min: 0.0, Avg: 0.0, Max: 0.1, Diff: 0.0, Sum: 0.4]
      [GC Worker Total (ms): Min: 206.4, Avg: 206.5, Max: 206.7, Diff: 0.2, Sum: 1652.3]
      [GC Worker End (ms): Min: 518960420.2, Avg: 518960420.2, Max: 518960420.4, Diff: 0.2]
   [Code Root Fixup: 0.1 ms]
   [Code Root Purge: 0.0 ms]
   [Clear CT: 0.5 ms]
   [Other: 113.1 ms]
      [Choose CSet: 0.0 ms]
      [Ref Proc: 97.9 ms]
      [Ref Enq: 3.5 ms]
      [Redirty Cards: 0.3 ms]
      [Humongous Register: 4.4 ms]
      [Humongous Reclaim: 0.2 ms]
      [Free CSet: 4.8 ms]
   [Eden: 1152.0M(1152.0M)->0.0B(1160.0M) Survivors: 30.0M->38.0M Heap: 3015.6M(6144.0M)->1872.8M(6144.0M)]
 [Times: user=1.61 sys=0.17, real=0.32 secs] 
2025-07-26T12:07:12.261+0800: 518986.096: [GC pause (G1 Evacuation Pause) (young), 0.2603050 secs]
   [Parallel Time: 171.5 ms, GC Workers: 8]
      [GC Worker Start (ms): Min: 518986101.9, Avg: 518986101.9, Max: 518986102.0, Diff: 0.1]
      [Ext Root Scanning (ms): Min: 3.0, Avg: 4.3, Max: 12.0, Diff: 9.0, Sum: 34.5]
      [Update RS (ms): Min: 0.0, Avg: 2.4, Max: 3.6, Diff: 3.6, Sum: 19.5]
         [Processed Buffers: Min: 0, Avg: 15.1, Max: 30, Diff: 30, Sum: 121]
      [Scan RS (ms): Min: 0.0, Avg: 0.1, Max: 0.2, Diff: 0.2, Sum: 1.0]
      [Code Root Scanning (ms): Min: 0.0, Avg: 0.0, Max: 0.0, Diff: 0.0, Sum: 0.0]
      [Object Copy (ms): Min: 97.6, Avg: 104.4, Max: 107.0, Diff: 9.4, Sum: 835.1]
      [Termination (ms): Min: 58.0, Avg: 59.8, Max: 61.7, Diff: 3.7, Sum: 478.5]
         [Termination Attempts: Min: 13623, Avg: 13886.4, Max: 14404, Diff: 781, Sum: 111091]
      [GC Worker Other (ms): Min: 0.0, Avg: 0.1, Max: 0.2, Diff: 0.1, Sum: 0.7]
      [GC Worker Total (ms): Min: 171.0, Avg: 171.2, Max: 171.4, Diff: 0.3, Sum: 1369.3]
      [GC Worker End (ms): Min: 518986273.0, Avg: 518986273.1, Max: 518986273.2, Diff: 0.2]
   [Code Root Fixup: 0.1 ms]
   [Code Root Purge: 0.0 ms]
   [Clear CT: 0.4 ms]
   [Other: 88.4 ms]
      [Choose CSet: 0.0 ms]
      [Ref Proc: 78.1 ms]
      [Ref Enq: 2.4 ms]
      [Redirty Cards: 0.1 ms]
      [Humongous Register: 4.8 ms]
      [Humongous Reclaim: 0.1 ms]
      [Free CSet: 1.6 ms]
   [Eden: 1160.0M(1160.0M)->0.0B(1344.0M) Survivors: 38.0M->36.0M Heap: 3032.8M(6144.0M)->1871.4M(6144.0M)]
 [Times: user=1.28 sys=0.17, real=0.26 secs] 
2025-07-26T12:07:36.568+0800: 519010.403: [GC pause (G1 Evacuation Pause) (young), 0.2826079 secs]
   [Parallel Time: 181.2 ms, GC Workers: 8]
      [GC Worker Start (ms): Min: 519010408.6, Avg: 519010408.7, Max: 519010408.8, Diff: 0.2]
      [Ext Root Scanning (ms): Min: 3.4, Avg: 4.7, Max: 12.7, Diff: 9.3, Sum: 37.9]
      [Update RS (ms): Min: 0.0, Avg: 2.5, Max: 3.5, Diff: 3.5, Sum: 20.2]
         [Processed Buffers: Min: 0, Avg: 15.9, Max: 26, Diff: 26, Sum: 127]
      [Scan RS (ms): Min: 0.0, Avg: 0.1, Max: 0.2, Diff: 0.2, Sum: 1.2]
      [Code Root Scanning (ms): Min: 0.0, Avg: 0.0, Max: 0.0, Diff: 0.0, Sum: 0.0]
      [Object Copy (ms): Min: 116.3, Avg: 122.5, Max: 126.3, Diff: 10.0, Sum: 980.2]
      [Termination (ms): Min: 48.0, Avg: 50.9, Max: 53.4, Diff: 5.4, Sum: 407.0]
         [Termination Attempts: Min: 14471, Avg: 15202.4, Max: 16134, Diff: 1663, Sum: 121619]
      [GC Worker Other (ms): Min: 0.0, Avg: 0.1, Max: 0.2, Diff: 0.1, Sum: 0.8]
      [GC Worker Total (ms): Min: 180.8, Avg: 180.9, Max: 181.0, Diff: 0.3, Sum: 1447.3]
      [GC Worker End (ms): Min: 519010589.6, Avg: 519010589.6, Max: 519010589.8, Diff: 0.2]
   [Code Root Fixup: 0.0 ms]
   [Code Root Purge: 0.0 ms]
   [Clear CT: 0.3 ms]
   [Other: 101.0 ms]
      [Choose CSet: 0.0 ms]
      [Ref Proc: 88.8 ms]
      [Ref Enq: 3.0 ms]
      [Redirty Cards: 0.2 ms]
      [Humongous Register: 4.8 ms]
      [Humongous Reclaim: 0.2 ms]
      [Free CSet: 2.8 ms]
   [Eden: 1344.0M(1344.0M)->0.0B(1298.0M) Survivors: 36.0M->36.0M Heap: 3215.4M(6144.0M)->1874.0M(6144.0M)]
 [Times: user=1.47 sys=0.06, real=0.28 secs] 
2025-07-26T12:07:58.422+0800: 519032.258: [GC pause (G1 Evacuation Pause) (young), 0.3488854 secs]
   [Parallel Time: 256.1 ms, GC Workers: 8]
      [GC Worker Start (ms): Min: 519032262.8, Avg: 519032262.8, Max: 519032262.9, Diff: 0.1]
      [Ext Root Scanning (ms): Min: 2.8, Avg: 4.3, Max: 12.2, Diff: 9.4, Sum: 34.0]
      [Update RS (ms): Min: 0.0, Avg: 2.5, Max: 3.6, Diff: 3.6, Sum: 19.7]
         [Processed Buffers: Min: 0, Avg: 15.6, Max: 30, Diff: 30, Sum: 125]
      [Scan RS (ms): Min: 0.0, Avg: 0.1, Max: 0.2, Diff: 0.2, Sum: 1.1]
      [Code Root Scanning (ms): Min: 0.0, Avg: 0.0, Max: 0.0, Diff: 0.0, Sum: 0.0]
      [Object Copy (ms): Min: 94.5, Avg: 100.7, Max: 109.6, Diff: 15.1, Sum: 805.9]
      [Termination (ms): Min: 140.1, Avg: 148.1, Max: 153.5, Diff: 13.4, Sum: 1184.9]
         [Termination Attempts: Min: 16789, Avg: 17967.8, Max: 19364, Diff: 2575, Sum: 143742]
      [GC Worker Other (ms): Min: 0.0, Avg: 0.1, Max: 0.1, Diff: 0.1, Sum: 0.8]
      [GC Worker Total (ms): Min: 255.7, Avg: 255.8, Max: 256.0, Diff: 0.3, Sum: 2046.3]
      [GC Worker End (ms): Min: 519032518.6, Avg: 519032518.6, Max: 519032518.8, Diff: 0.2]
   [Code Root Fixup: 0.0 ms]
   [Code Root Purge: 0.0 ms]
   [Clear CT: 0.3 ms]
   [Other: 92.4 ms]
      [Choose CSet: 0.0 ms]
      [Ref Proc: 82.0 ms]
      [Ref Enq: 2.8 ms]
      [Redirty Cards: 0.3 ms]
      [Humongous Register: 4.4 ms]
      [Humongous Reclaim: 0.1 ms]
      [Free CSet: 1.8 ms]
   [Eden: 1298.0M(1298.0M)->0.0B(1540.0M) Survivors: 36.0M->32.0M Heap: 3172.0M(6144.0M)->1876.6M(6144.0M)]
 [Times: user=1.81 sys=0.31, real=0.35 secs] 
2025-07-26T12:08:29.767+0800: 519063.603: [GC pause (G1 Evacuation Pause) (young), 0.3558871 secs]
   [Parallel Time: 243.8 ms, GC Workers: 8]
      [GC Worker Start (ms): Min: 519063607.8, Avg: 519063607.9, Max: 519063608.0, Diff: 0.2]
      [Ext Root Scanning (ms): Min: 3.1, Avg: 4.2, Max: 11.3, Diff: 8.2, Sum: 34.0]
      [Update RS (ms): Min: 0.0, Avg: 3.2, Max: 4.2, Diff: 4.2, Sum: 25.8]
         [Processed Buffers: Min: 0, Avg: 19.1, Max: 29, Diff: 29, Sum: 153]
      [Scan RS (ms): Min: 0.1, Avg: 0.2, Max: 0.3, Diff: 0.3, Sum: 1.3]
      [Code Root Scanning (ms): Min: 0.0, Avg: 0.0, Max: 0.0, Diff: 0.0, Sum: 0.0]
      [Object Copy (ms): Min: 124.7, Avg: 129.0, Max: 133.2, Diff: 8.5, Sum: 1032.3]
      [Termination (ms): Min: 103.2, Avg: 106.6, Max: 111.3, Diff: 8.1, Sum: 853.2]
         [Termination Attempts: Min: 18568, Avg: 19664.2, Max: 20672, Diff: 2104, Sum: 157314]
      [GC Worker Other (ms): Min: 0.0, Avg: 0.1, Max: 0.2, Diff: 0.2, Sum: 0.9]
      [GC Worker Total (ms): Min: 243.3, Avg: 243.4, Max: 243.6, Diff: 0.2, Sum: 1947.5]
      [GC Worker End (ms): Min: 519063851.3, Avg: 519063851.3, Max: 519063851.4, Diff: 0.1]
   [Code Root Fixup: 0.0 ms]
   [Code Root Purge: 0.0 ms]
   [Clear CT: 0.4 ms]
   [Other: 111.6 ms]
      [Choose CSet: 0.0 ms]
      [Ref Proc: 100.2 ms]
      [Ref Enq: 3.1 ms]
      [Redirty Cards: 0.2 ms]
      [Humongous Register: 4.2 ms]
      [Humongous Reclaim: 0.2 ms]
      [Free CSet: 2.6 ms]
   [Eden: 1540.0M(1540.0M)->0.0B(1304.0M) Survivors: 32.0M->34.0M Heap: 3416.6M(6144.0M)->1879.5M(6144.0M)]
 [Times: user=1.92 sys=0.12, real=0.35 secs] 
2025-07-26T12:09:03.849+0800: 519097.685: [GC pause (G1 Evacuation Pause) (young), 0.3055875 secs]
   [Parallel Time: 215.5 ms, GC Workers: 8]
      [GC Worker Start (ms): Min: 519097685.4, Avg: 519097685.5, Max: 519097685.6, Diff: 0.2]
      [Ext Root Scanning (ms): Min: 2.3, Avg: 3.5, Max: 10.3, Diff: 8.0, Sum: 27.8]
      [Update RS (ms): Min: 0.0, Avg: 1.8, Max: 2.4, Diff: 2.4, Sum: 14.7]
         [Processed Buffers: Min: 0, Avg: 18.8, Max: 38, Diff: 38, Sum: 150]
      [Scan RS (ms): Min: 0.0, Avg: 0.1, Max: 0.2, Diff: 0.2, Sum: 1.1]
      [Code Root Scanning (ms): Min: 0.0, Avg: 0.0, Max: 0.0, Diff: 0.0, Sum: 0.0]
      [Object Copy (ms): Min: 102.8, Avg: 107.5, Max: 112.6, Diff: 9.8, Sum: 859.9]
      [Termination (ms): Min: 97.7, Avg: 102.3, Max: 107.5, Diff: 9.8, Sum: 818.0]
         [Termination Attempts: Min: 16363, Avg: 17240.8, Max: 17938, Diff: 1575, Sum: 137926]
      [GC Worker Other (ms): Min: 0.0, Avg: 0.0, Max: 0.0, Diff: 0.0, Sum: 0.2]
      [GC Worker Total (ms): Min: 215.1, Avg: 215.2, Max: 215.4, Diff: 0.2, Sum: 1721.9]
      [GC Worker End (ms): Min: 519097900.7, Avg: 519097900.8, Max: 519097900.8, Diff: 0.1]
   [Code Root Fixup: 0.0 ms]
   [Code Root Purge: 0.0 ms]
   [Clear CT: 0.4 ms]
   [Other: 89.7 ms]
      [Choose CSet: 0.0 ms]
      [Ref Proc: 84.6 ms]
      [Ref Enq: 2.7 ms]
      [Redirty Cards: 0.1 ms]
      [Humongous Register: 0.5 ms]
      [Humongous Reclaim: 0.1 ms]
      [Free CSet: 0.8 ms]
   [Eden: 1304.0M(1304.0M)->0.0B(1560.0M) Survivors: 34.0M->32.0M Heap: 3183.5M(6144.0M)->1878.0M(6144.0M)]
 [Times: user=1.68 sys=0.11, real=0.30 secs] 
2025-07-26T12:09:33.469+0800: 519127.305: [GC pause (G1 Evacuation Pause) (young), 0.2406191 secs]
   [Parallel Time: 126.0 ms, GC Workers: 8]
      [GC Worker Start (ms): Min: 519127309.6, Avg: 519127309.7, Max: 519127309.8, Diff: 0.2]
      [Ext Root Scanning (ms): Min: 2.6, Avg: 3.1, Max: 5.3, Diff: 2.7, Sum: 25.1]
      [Update RS (ms): Min: 0.4, Avg: 2.4, Max: 3.5, Diff: 3.2, Sum: 19.5]
         [Processed Buffers: Min: 6, Avg: 17.0, Max: 30, Diff: 24, Sum: 136]
      [Scan RS (ms): Min: 0.1, Avg: 0.2, Max: 0.3, Diff: 0.2, Sum: 1.4]
      [Code Root Scanning (ms): Min: 0.0, Avg: 0.0, Max: 0.0, Diff: 0.0, Sum: 0.0]
      [Object Copy (ms): Min: 113.3, Avg: 114.0, Max: 114.4, Diff: 1.1, Sum: 912.3]
      [Termination (ms): Min: 5.6, Avg: 5.9, Max: 6.4, Diff: 0.8, Sum: 47.2]
         [Termination Attempts: Min: 4466, Avg: 4675.2, Max: 4913, Diff: 447, Sum: 37402]
      [GC Worker Other (ms): Min: 0.1, Avg: 0.1, Max: 0.2, Diff: 0.1, Sum: 1.0]
      [GC Worker Total (ms): Min: 125.7, Avg: 125.8, Max: 125.9, Diff: 0.2, Sum: 1006.6]
      [GC Worker End (ms): Min: 519127435.4, Avg: 519127435.5, Max: 519127435.5, Diff: 0.1]
   [Code Root Fixup: 0.0 ms]
   [Code Root Purge: 0.0 ms]
   [Clear CT: 0.4 ms]
   [Other: 114.2 ms]
      [Choose CSet: 0.0 ms]
      [Ref Proc: 103.4 ms]
      [Ref Enq: 3.3 ms]
      [Redirty Cards: 0.1 ms]
      [Humongous Register: 4.3 ms]
      [Humongous Reclaim: 0.2 ms]
      [Free CSet: 2.0 ms]
   [Eden: 1560.0M(1560.0M)->0.0B(1560.0M) Survivors: 32.0M->36.0M Heap: 3438.0M(6144.0M)->1881.2M(6144.0M)]
 [Times: user=1.12 sys=0.00, real=0.24 secs] 
2025-07-26T12:10:00.509+0800: 519154.345: [GC pause (G1 Evacuation Pause) (young), 0.2864742 secs]
   [Parallel Time: 171.5 ms, GC Workers: 8]
      [GC Worker Start (ms): Min: 519154349.0, Avg: 519154349.1, Max: 519154349.1, Diff: 0.2]
      [Ext Root Scanning (ms): Min: 3.1, Avg: 4.5, Max: 12.0, Diff: 8.9, Sum: 35.8]
      [Update RS (ms): Min: 0.0, Avg: 2.2, Max: 3.3, Diff: 3.3, Sum: 17.6]
         [Processed Buffers: Min: 0, Avg: 16.5, Max: 42, Diff: 42, Sum: 132]
      [Scan RS (ms): Min: 0.1, Avg: 0.2, Max: 0.3, Diff: 0.2, Sum: 1.4]
      [Code Root Scanning (ms): Min: 0.0, Avg: 0.0, Max: 0.0, Diff: 0.0, Sum: 0.0]
      [Object Copy (ms): Min: 132.3, Avg: 136.9, Max: 139.2, Diff: 6.8, Sum: 1095.0]
      [Termination (ms): Min: 26.1, Avg: 27.5, Max: 28.4, Diff: 2.4, Sum: 219.7]
         [Termination Attempts: Min: 12252, Avg: 13325.8, Max: 13948, Diff: 1696, Sum: 106606]
      [GC Worker Other (ms): Min: 0.0, Avg: 0.1, Max: 0.2, Diff: 0.2, Sum: 1.0]
      [GC Worker Total (ms): Min: 171.2, Avg: 171.3, Max: 171.4, Diff: 0.2, Sum: 1370.4]
      [GC Worker End (ms): Min: 519154520.3, Avg: 519154520.4, Max: 519154520.4, Diff: 0.1]
   [Code Root Fixup: 0.0 ms]
   [Code Root Purge: 0.0 ms]
   [Clear CT: 0.5 ms]
   [Other: 114.4 ms]
      [Choose CSet: 0.0 ms]
      [Ref Proc: 103.7 ms]
      [Ref Enq: 3.5 ms]
      [Redirty Cards: 0.1 ms]
      [Humongous Register: 3.9 ms]
      [Humongous Reclaim: 0.1 ms]
      [Free CSet: 2.2 ms]
   [Eden: 1560.0M(1560.0M)->0.0B(1338.0M) Survivors: 36.0M->34.0M Heap: 3441.2M(6144.0M)->1879.5M(6144.0M)]
 [Times: user=1.46 sys=0.01, real=0.28 secs] 
2025-07-26T12:10:27.757+0800: 519181.593: [GC pause (G1 Evacuation Pause) (young), 0.1950532 secs]
   [Parallel Time: 106.1 ms, GC Workers: 8]
      [GC Worker Start (ms): Min: 519181593.6, Avg: 519181593.6, Max: 519181593.6, Diff: 0.1]
      [Ext Root Scanning (ms): Min: 2.2, Avg: 2.5, Max: 3.2, Diff: 1.0, Sum: 19.6]
      [Update RS (ms): Min: 1.4, Avg: 2.1, Max: 2.4, Diff: 1.0, Sum: 16.6]
         [Processed Buffers: Min: 3, Avg: 14.6, Max: 31, Diff: 28, Sum: 117]
      [Scan RS (ms): Min: 0.0, Avg: 0.1, Max: 0.2, Diff: 0.1, Sum: 1.0]
      [Code Root Scanning (ms): Min: 0.0, Avg: 0.0, Max: 0.0, Diff: 0.0, Sum: 0.0]
      [Object Copy (ms): Min: 96.4, Avg: 96.9, Max: 97.2, Diff: 0.8, Sum: 775.4]
      [Termination (ms): Min: 4.1, Avg: 4.3, Max: 4.7, Diff: 0.7, Sum: 34.7]
         [Termination Attempts: Min: 3375, Avg: 3523.4, Max: 3758, Diff: 383, Sum: 28187]
      [GC Worker Other (ms): Min: 0.0, Avg: 0.1, Max: 0.1, Diff: 0.1, Sum: 0.4]
      [GC Worker Total (ms): Min: 105.9, Avg: 106.0, Max: 106.0, Diff: 0.1, Sum: 847.7]
      [GC Worker End (ms): Min: 519181699.5, Avg: 519181699.6, Max: 519181699.6, Diff: 0.1]
   [Code Root Fixup: 0.0 ms]
   [Code Root Purge: 0.0 ms]
   [Clear CT: 0.4 ms]
   [Other: 88.6 ms]
      [Choose CSet: 0.0 ms]
      [Ref Proc: 83.3 ms]
      [Ref Enq: 2.7 ms]
      [Redirty Cards: 0.2 ms]
      [Humongous Register: 0.6 ms]
      [Humongous Reclaim: 0.2 ms]
      [Free CSet: 0.8 ms]
   [Eden: 1338.0M(1338.0M)->0.0B(1678.0M) Survivors: 34.0M->32.0M Heap: 3217.5M(6144.0M)->1877.9M(6144.0M)]
 [Times: user=0.93 sys=0.00, real=0.19 secs] 
2025-07-26T12:20:07.282+0800: 519761.118: [GC pause (G1 Evacuation Pause) (young), 0.1623553 secs]
   [Parallel Time: 120.6 ms, GC Workers: 8]
      [GC Worker Start (ms): Min: 519761123.2, Avg: 519761123.3, Max: 519761123.3, Diff: 0.1]
      [Ext Root Scanning (ms): Min: 3.2, Avg: 4.5, Max: 11.6, Diff: 8.4, Sum: 36.0]
      [Update RS (ms): Min: 0.0, Avg: 3.8, Max: 4.7, Diff: 4.7, Sum: 30.1]
         [Processed Buffers: Min: 0, Avg: 30.6, Max: 50, Diff: 50, Sum: 245]
      [Scan RS (ms): Min: 0.1, Avg: 0.2, Max: 0.3, Diff: 0.2, Sum: 1.3]
      [Code Root Scanning (ms): Min: 0.0, Avg: 0.0, Max: 0.0, Diff: 0.0, Sum: 0.0]
      [Object Copy (ms): Min: 43.5, Avg: 48.2, Max: 53.6, Diff: 10.2, Sum: 385.4]
      [Termination (ms): Min: 58.8, Avg: 63.7, Max: 68.9, Diff: 10.1, Sum: 510.0]
         [Termination Attempts: Min: 6706, Avg: 7399.8, Max: 7960, Diff: 1254, Sum: 59198]
      [GC Worker Other (ms): Min: 0.1, Avg: 0.1, Max: 0.1, Diff: 0.1, Sum: 0.9]
      [GC Worker Total (ms): Min: 120.4, Avg: 120.5, Max: 120.5, Diff: 0.1, Sum: 963.7]
      [GC Worker End (ms): Min: 519761243.7, Avg: 519761243.7, Max: 519761243.8, Diff: 0.0]
   [Code Root Fixup: 0.0 ms]
   [Code Root Purge: 0.0 ms]
   [Clear CT: 0.4 ms]
   [Other: 41.3 ms]
      [Choose CSet: 0.0 ms]
      [Ref Proc: 31.5 ms]
      [Ref Enq: 1.2 ms]
      [Redirty Cards: 0.1 ms]
      [Humongous Register: 4.7 ms]
      [Humongous Reclaim: 0.1 ms]
      [Free CSet: 2.2 ms]
   [Eden: 1678.0M(1678.0M)->0.0B(1096.0M) Survivors: 32.0M->52.0M Heap: 3555.9M(6144.0M)->1898.5M(6144.0M)]
 [Times: user=0.79 sys=0.21, real=0.16 secs] 
2025-07-26T12:20:19.555+0800: 519773.391: [GC pause (G1 Evacuation Pause) (young), 0.0157201 secs]
   [Parallel Time: 12.4 ms, GC Workers: 8]
      [GC Worker Start (ms): Min: 519773391.6, Avg: 519773391.7, Max: 519773391.7, Diff: 0.1]
      [Ext Root Scanning (ms): Min: 2.2, Avg: 2.5, Max: 3.2, Diff: 0.9, Sum: 19.8]
      [Update RS (ms): Min: 1.8, Avg: 2.4, Max: 2.7, Diff: 0.9, Sum: 19.0]
         [Processed Buffers: Min: 7, Avg: 24.8, Max: 33, Diff: 26, Sum: 198]
      [Scan RS (ms): Min: 0.0, Avg: 0.1, Max: 0.1, Diff: 0.1, Sum: 0.8]
      [Code Root Scanning (ms): Min: 0.0, Avg: 0.0, Max: 0.0, Diff: 0.0, Sum: 0.0]
      [Object Copy (ms): Min: 7.1, Avg: 7.2, Max: 7.3, Diff: 0.2, Sum: 57.7]
      [Termination (ms): Min: 0.0, Avg: 0.0, Max: 0.0, Diff: 0.0, Sum: 0.0]
         [Termination Attempts: Min: 1, Avg: 1.0, Max: 1, Diff: 0, Sum: 8]
      [GC Worker Other (ms): Min: 0.0, Avg: 0.1, Max: 0.1, Diff: 0.0, Sum: 0.5]
      [GC Worker Total (ms): Min: 12.1, Avg: 12.2, Max: 12.3, Diff: 0.1, Sum: 97.7]
      [GC Worker End (ms): Min: 519773403.9, Avg: 519773403.9, Max: 519773403.9, Diff: 0.1]
   [Code Root Fixup: 0.0 ms]
   [Code Root Purge: 0.0 ms]
   [Clear CT: 0.3 ms]
   [Other: 3.0 ms]
      [Choose CSet: 0.0 ms]
      [Ref Proc: 0.8 ms]
      [Ref Enq: 0.1 ms]
      [Redirty Cards: 0.1 ms]
      [Humongous Register: 0.4 ms]
      [Humongous Reclaim: 0.1 ms]
      [Free CSet: 0.7 ms]
   [Eden: 1096.0M(1096.0M)->0.0B(1960.0M) Survivors: 52.0M->48.0M Heap: 2996.1M(6144.0M)->1896.7M(6144.0M)]
 [Times: user=0.10 sys=0.00, real=0.02 secs] 
2025-07-26T12:20:39.144+0800: 519792.979: [GC pause (G1 Evacuation Pause) (young), 0.0290801 secs]
   [Parallel Time: 24.7 ms, GC Workers: 8]
      [GC Worker Start (ms): Min: 519792980.2, Avg: 519792980.2, Max: 519792980.3, Diff: 0.1]
      [Ext Root Scanning (ms): Min: 2.8, Avg: 3.9, Max: 10.4, Diff: 7.6, Sum: 31.6]
      [Update RS (ms): Min: 3.0, Avg: 9.0, Max: 10.1, Diff: 7.1, Sum: 72.3]
         [Processed Buffers: Min: 35, Avg: 69.1, Max: 90, Diff: 55, Sum: 553]
      [Scan RS (ms): Min: 0.1, Avg: 0.2, Max: 0.3, Diff: 0.2, Sum: 1.7]
      [Code Root Scanning (ms): Min: 0.0, Avg: 0.0, Max: 0.0, Diff: 0.0, Sum: 0.0]
      [Object Copy (ms): Min: 11.0, Avg: 11.3, Max: 11.5, Diff: 0.5, Sum: 90.2]
      [Termination (ms): Min: 0.0, Avg: 0.0, Max: 0.0, Diff: 0.0, Sum: 0.0]
         [Termination Attempts: Min: 1, Avg: 2.5, Max: 5, Diff: 4, Sum: 20]
      [GC Worker Other (ms): Min: 0.0, Avg: 0.1, Max: 0.1, Diff: 0.1, Sum: 0.5]
      [GC Worker Total (ms): Min: 24.5, Avg: 24.5, Max: 24.6, Diff: 0.1, Sum: 196.4]
      [GC Worker End (ms): Min: 519793004.7, Avg: 519793004.8, Max: 519793004.8, Diff: 0.1]
   [Code Root Fixup: 0.0 ms]
   [Code Root Purge: 0.0 ms]
   [Clear CT: 0.4 ms]
   [Other: 4.0 ms]
      [Choose CSet: 0.0 ms]
      [Ref Proc: 1.1 ms]
      [Ref Enq: 0.1 ms]
      [Redirty Cards: 0.1 ms]
      [Humongous Register: 0.4 ms]
      [Humongous Reclaim: 0.2 ms]
      [Free CSet: 1.2 ms]
   [Eden: 1960.0M(1960.0M)->0.0B(2502.0M) Survivors: 48.0M->54.0M Heap: 3901.1M(6144.0M)->1901.1M(6144.0M)]
 [Times: user=0.20 sys=0.00, real=0.03 secs] 
2025-07-26T12:21:01.423+0800: 519815.258: [GC pause (G1 Evacuation Pause) (young), 0.0334564 secs]
   [Parallel Time: 24.0 ms, GC Workers: 8]
      [GC Worker Start (ms): Min: 519815261.3, Avg: 519815261.4, Max: 519815261.5, Diff: 0.3]
      [Ext Root Scanning (ms): Min: 2.7, Avg: 3.2, Max: 4.5, Diff: 1.9, Sum: 25.7]
      [Update RS (ms): Min: 6.6, Avg: 7.7, Max: 8.1, Diff: 1.5, Sum: 61.7]
         [Processed Buffers: Min: 29, Avg: 55.1, Max: 65, Diff: 36, Sum: 441]
      [Scan RS (ms): Min: 0.1, Avg: 0.3, Max: 0.4, Diff: 0.3, Sum: 2.2]
      [Code Root Scanning (ms): Min: 0.0, Avg: 0.0, Max: 0.0, Diff: 0.0, Sum: 0.0]
      [Object Copy (ms): Min: 11.7, Avg: 12.4, Max: 12.6, Diff: 0.8, Sum: 99.0]
      [Termination (ms): Min: 0.0, Avg: 0.0, Max: 0.0, Diff: 0.0, Sum: 0.0]
         [Termination Attempts: Min: 1, Avg: 1.0, Max: 1, Diff: 0, Sum: 8]
      [GC Worker Other (ms): Min: 0.0, Avg: 0.1, Max: 0.2, Diff: 0.2, Sum: 1.1]
      [GC Worker Total (ms): Min: 23.5, Avg: 23.7, Max: 23.8, Diff: 0.3, Sum: 189.8]
      [GC Worker End (ms): Min: 519815285.0, Avg: 519815285.1, Max: 519815285.1, Diff: 0.1]
   [Code Root Fixup: 0.0 ms]
   [Code Root Purge: 0.0 ms]
   [Clear CT: 0.5 ms]
   [Other: 9.0 ms]
      [Choose CSet: 0.0 ms]
      [Ref Proc: 1.8 ms]
      [Ref Enq: 0.2 ms]
      [Redirty Cards: 0.1 ms]
      [Humongous Register: 2.3 ms]
      [Humongous Reclaim: 0.2 ms]
      [Free CSet: 3.4 ms]
   [Eden: 2502.0M(2502.0M)->0.0B(3164.0M) Survivors: 54.0M->56.0M Heap: 4433.1M(6144.0M)->1908.0M(6144.0M)]
 [Times: user=0.11 sys=0.09, real=0.03 secs] 
2025-07-26T12:21:33.174+0800: 519847.010: [GC pause (G1 Evacuation Pause) (young), 0.0314817 secs]
   [Parallel Time: 25.4 ms, GC Workers: 8]
      [GC Worker Start (ms): Min: 519847010.8, Avg: 519847010.8, Max: 519847010.8, Diff: 0.1]
      [Ext Root Scanning (ms): Min: 2.5, Avg: 3.5, Max: 9.6, Diff: 7.1, Sum: 28.0]
      [Update RS (ms): Min: 6.7, Avg: 12.5, Max: 13.4, Diff: 6.8, Sum: 100.1]
         [Processed Buffers: Min: 71, Avg: 91.0, Max: 109, Diff: 38, Sum: 728]
      [Scan RS (ms): Min: 0.1, Avg: 0.3, Max: 0.4, Diff: 0.3, Sum: 2.7]
      [Code Root Scanning (ms): Min: 0.0, Avg: 0.0, Max: 0.0, Diff: 0.0, Sum: 0.1]
      [Object Copy (ms): Min: 8.6, Avg: 8.8, Max: 8.9, Diff: 0.3, Sum: 70.4]
      [Termination (ms): Min: 0.0, Avg: 0.0, Max: 0.0, Diff: 0.0, Sum: 0.0]
         [Termination Attempts: Min: 1, Avg: 1.0, Max: 1, Diff: 0, Sum: 8]
      [GC Worker Other (ms): Min: 0.0, Avg: 0.1, Max: 0.1, Diff: 0.1, Sum: 0.6]
      [GC Worker Total (ms): Min: 25.2, Avg: 25.2, Max: 25.3, Diff: 0.1, Sum: 201.9]
      [GC Worker End (ms): Min: 519847036.0, Avg: 519847036.0, Max: 519847036.1, Diff: 0.1]
   [Code Root Fixup: 0.0 ms]
   [Code Root Purge: 0.0 ms]
   [Clear CT: 0.5 ms]
   [Other: 5.5 ms]
      [Choose CSet: 0.0 ms]
      [Ref Proc: 1.6 ms]
      [Ref Enq: 0.2 ms]
      [Redirty Cards: 0.1 ms]
      [Humongous Register: 0.5 ms]
      [Humongous Reclaim: 0.2 ms]
      [Free CSet: 2.2 ms]
   [Eden: 3164.0M(3164.0M)->0.0B(3188.0M) Survivors: 56.0M->46.0M Heap: 5138.0M(6144.0M)->1894.9M(6144.0M)]
 [Times: user=0.20 sys=0.00, real=0.03 secs] 
2025-07-26T12:23:21.086+0800: 519954.921: [GC pause (G1 Evacuation Pause) (young), 0.0458313 secs]
   [Parallel Time: 36.9 ms, GC Workers: 8]
      [GC Worker Start (ms): Min: 519954923.6, Avg: 519954923.7, Max: 519954923.8, Diff: 0.2]
      [Ext Root Scanning (ms): Min: 2.7, Avg: 3.9, Max: 10.5, Diff: 7.8, Sum: 30.9]
      [Update RS (ms): Min: 10.7, Avg: 17.2, Max: 18.7, Diff: 8.0, Sum: 137.4]
         [Processed Buffers: Min: 77, Avg: 123.9, Max: 154, Diff: 77, Sum: 991]
      [Scan RS (ms): Min: 0.5, Avg: 1.1, Max: 1.3, Diff: 0.7, Sum: 8.5]
      [Code Root Scanning (ms): Min: 0.0, Avg: 0.0, Max: 0.0, Diff: 0.0, Sum: 0.1]
      [Object Copy (ms): Min: 14.0, Avg: 14.3, Max: 14.4, Diff: 0.4, Sum: 114.5]
      [Termination (ms): Min: 0.0, Avg: 0.0, Max: 0.0, Diff: 0.0, Sum: 0.0]
         [Termination Attempts: Min: 1, Avg: 1.1, Max: 2, Diff: 1, Sum: 9]
      [GC Worker Other (ms): Min: 0.1, Avg: 0.1, Max: 0.2, Diff: 0.1, Sum: 1.0]
      [GC Worker Total (ms): Min: 36.4, Avg: 36.6, Max: 36.7, Diff: 0.3, Sum: 292.5]
      [GC Worker End (ms): Min: 519954960.2, Avg: 519954960.2, Max: 519954960.3, Diff: 0.1]
   [Code Root Fixup: 0.0 ms]
   [Code Root Purge: 0.0 ms]
   [Clear CT: 0.6 ms]
   [Other: 8.3 ms]
      [Choose CSet: 0.0 ms]
      [Ref Proc: 1.4 ms]
      [Ref Enq: 0.2 ms]
      [Redirty Cards: 0.2 ms]
      [Humongous Register: 1.4 ms]
      [Humongous Reclaim: 0.4 ms]
      [Free CSet: 3.8 ms]
   [Eden: 3188.0M(3188.0M)->0.0B(3168.0M) Survivors: 46.0M->56.0M Heap: 5224.9M(6144.0M)->1904.0M(6144.0M)]
 [Times: user=0.30 sys=0.00, real=0.05 secs] 
2025-07-26T12:26:34.000+0800: 520147.835: [GC pause (G1 Evacuation Pause) (young), 0.0422979 secs]
   [Parallel Time: 31.6 ms, GC Workers: 8]
      [GC Worker Start (ms): Min: 520147838.9, Avg: 520147839.0, Max: 520147839.1, Diff: 0.2]
      [Ext Root Scanning (ms): Min: 2.9, Avg: 4.2, Max: 10.9, Diff: 7.9, Sum: 33.4]
      [Update RS (ms): Min: 13.4, Avg: 19.9, Max: 21.3, Diff: 7.9, Sum: 159.3]
         [Processed Buffers: Min: 94, Avg: 124.9, Max: 152, Diff: 58, Sum: 999]
      [Scan RS (ms): Min: 0.8, Avg: 1.2, Max: 1.3, Diff: 0.5, Sum: 9.3]
      [Code Root Scanning (ms): Min: 0.0, Avg: 0.0, Max: 0.0, Diff: 0.0, Sum: 0.1]
      [Object Copy (ms): Min: 5.6, Avg: 5.8, Max: 6.0, Diff: 0.4, Sum: 46.4]
      [Termination (ms): Min: 0.0, Avg: 0.2, Max: 0.3, Diff: 0.3, Sum: 1.7]
         [Termination Attempts: Min: 1, Avg: 1.1, Max: 2, Diff: 1, Sum: 9]
      [GC Worker Other (ms): Min: 0.0, Avg: 0.1, Max: 0.2, Diff: 0.2, Sum: 1.0]
      [GC Worker Total (ms): Min: 31.3, Avg: 31.4, Max: 31.5, Diff: 0.2, Sum: 251.3]
      [GC Worker End (ms): Min: 520147870.3, Avg: 520147870.4, Max: 520147870.4, Diff: 0.1]
   [Code Root Fixup: 0.0 ms]
   [Code Root Purge: 0.0 ms]
   [Clear CT: 0.7 ms]
   [Other: 10.0 ms]
      [Choose CSet: 0.0 ms]
      [Ref Proc: 1.3 ms]
      [Ref Enq: 0.1 ms]
      [Redirty Cards: 0.1 ms]
      [Humongous Register: 2.9 ms]
      [Humongous Reclaim: 0.5 ms]
      [Free CSet: 4.1 ms]
   [Eden: 3168.0M(3168.0M)->0.0B(3210.0M) Survivors: 56.0M->28.0M Heap: 5260.2M(6144.0M)->1876.3M(6144.0M)]
 [Times: user=0.25 sys=0.03, real=0.04 secs] 
2025-07-26T12:29:06.673+0800: 520300.508: [GC pause (G1 Evacuation Pause) (young), 0.0333322 secs]
   [Parallel Time: 28.2 ms, GC Workers: 8]
      [GC Worker Start (ms): Min: 520300509.4, Avg: 520300509.5, Max: 520300509.6, Diff: 0.2]
      [Ext Root Scanning (ms): Min: 2.5, Avg: 3.5, Max: 9.3, Diff: 6.8, Sum: 28.3]
      [Update RS (ms): Min: 11.7, Avg: 17.3, Max: 18.4, Diff: 6.6, Sum: 138.4]
         [Processed Buffers: Min: 84, Avg: 111.5, Max: 130, Diff: 46, Sum: 892]
      [Scan RS (ms): Min: 0.8, Avg: 0.9, Max: 1.0, Diff: 0.3, Sum: 7.4]
      [Code Root Scanning (ms): Min: 0.0, Avg: 0.0, Max: 0.0, Diff: 0.0, Sum: 0.1]
      [Object Copy (ms): Min: 6.1, Avg: 6.2, Max: 6.3, Diff: 0.3, Sum: 49.7]
      [Termination (ms): Min: 0.0, Avg: 0.0, Max: 0.0, Diff: 0.0, Sum: 0.1]
         [Termination Attempts: Min: 1, Avg: 10.9, Max: 15, Diff: 14, Sum: 87]
      [GC Worker Other (ms): Min: 0.0, Avg: 0.1, Max: 0.1, Diff: 0.1, Sum: 0.5]
      [GC Worker Total (ms): Min: 27.9, Avg: 28.0, Max: 28.2, Diff: 0.2, Sum: 224.4]
      [GC Worker End (ms): Min: 520300537.5, Avg: 520300537.5, Max: 520300537.6, Diff: 0.1]
   [Code Root Fixup: 0.0 ms]
   [Code Root Purge: 0.0 ms]
   [Clear CT: 0.6 ms]
   [Other: 4.5 ms]
      [Choose CSet: 0.0 ms]
      [Ref Proc: 1.0 ms]
      [Ref Enq: 0.1 ms]
      [Redirty Cards: 0.1 ms]
      [Humongous Register: 0.6 ms]
      [Humongous Reclaim: 0.3 ms]
      [Free CSet: 1.7 ms]
   [Eden: 3210.0M(3210.0M)->0.0B(3216.0M) Survivors: 28.0M->28.0M Heap: 5278.3M(6144.0M)->1877.5M(6144.0M)]
 [Times: user=0.23 sys=0.00, real=0.03 secs] 
2025-07-26T12:30:07.327+0800: 520361.162: [GC pause (G1 Evacuation Pause) (young), 0.2462864 secs]
   [Parallel Time: 236.8 ms, GC Workers: 8]
      [GC Worker Start (ms): Min: 520361164.4, Avg: 520361164.4, Max: 520361164.5, Diff: 0.1]
      [Ext Root Scanning (ms): Min: 2.9, Avg: 3.3, Max: 4.8, Diff: 1.9, Sum: 26.3]
      [Update RS (ms): Min: 37.4, Avg: 55.7, Max: 75.8, Diff: 38.4, Sum: 445.5]
         [Processed Buffers: Min: 49, Avg: 82.6, Max: 162, Diff: 113, Sum: 661]
      [Scan RS (ms): Min: 0.1, Avg: 0.4, Max: 0.6, Diff: 0.5, Sum: 3.2]
      [Code Root Scanning (ms): Min: 0.0, Avg: 0.0, Max: 0.0, Diff: 0.0, Sum: 0.1]
      [Object Copy (ms): Min: 156.2, Avg: 176.3, Max: 195.4, Diff: 39.1, Sum: 1410.3]
      [Termination (ms): Min: 0.0, Avg: 0.8, Max: 1.0, Diff: 1.0, Sum: 6.2]
         [Termination Attempts: Min: 1, Avg: 843.8, Max: 1013, Diff: 1012, Sum: 6750]
      [GC Worker Other (ms): Min: 0.0, Avg: 0.1, Max: 0.2, Diff: 0.2, Sum: 1.1]
      [GC Worker Total (ms): Min: 236.5, Avg: 236.6, Max: 236.6, Diff: 0.1, Sum: 1892.6]
      [GC Worker End (ms): Min: 520361401.0, Avg: 520361401.0, Max: 520361401.0, Diff: 0.1]
   [Code Root Fixup: 0.0 ms]
   [Code Root Purge: 0.0 ms]
   [Clear CT: 0.6 ms]
   [Other: 8.9 ms]
      [Choose CSet: 0.0 ms]
      [Ref Proc: 1.5 ms]
      [Ref Enq: 0.1 ms]
      [Redirty Cards: 0.2 ms]
      [Humongous Register: 1.8 ms]
      [Humongous Reclaim: 0.2 ms]
      [Free CSet: 4.2 ms]
   [Eden: 3216.0M(3216.0M)->0.0B(2170.0M) Survivors: 28.0M->400.0M Heap: 5149.5M(6144.0M)->2259.8M(6144.0M)]
 [Times: user=1.67 sys=0.21, real=0.25 secs] 
2025-07-26T12:30:20.684+0800: 520374.519: [GC pause (G1 Evacuation Pause) (young), 0.2753212 secs]
   [Parallel Time: 269.6 ms, GC Workers: 8]
      [GC Worker Start (ms): Min: 520374520.2, Avg: 520374520.2, Max: 520374520.3, Diff: 0.1]
      [Ext Root Scanning (ms): Min: 2.2, Avg: 2.5, Max: 3.1, Diff: 0.9, Sum: 19.6]
      [Update RS (ms): Min: 60.6, Avg: 65.0, Max: 80.8, Diff: 20.2, Sum: 520.1]
         [Processed Buffers: Min: 13, Avg: 81.2, Max: 123, Diff: 110, Sum: 650]
      [Scan RS (ms): Min: 0.2, Avg: 0.3, Max: 0.4, Diff: 0.2, Sum: 2.3]
      [Code Root Scanning (ms): Min: 0.0, Avg: 0.0, Max: 0.0, Diff: 0.0, Sum: 0.0]
      [Object Copy (ms): Min: 181.4, Avg: 198.2, Max: 203.7, Diff: 22.3, Sum: 1585.2]
      [Termination (ms): Min: 1.9, Avg: 3.4, Max: 4.8, Diff: 2.9, Sum: 27.3]
         [Termination Attempts: Min: 1, Avg: 1683.2, Max: 2017, Diff: 2016, Sum: 13466]
      [GC Worker Other (ms): Min: 0.0, Avg: 0.0, Max: 0.1, Diff: 0.0, Sum: 0.3]
      [GC Worker Total (ms): Min: 269.3, Avg: 269.4, Max: 269.5, Diff: 0.2, Sum: 2154.8]
      [GC Worker End (ms): Min: 520374789.5, Avg: 520374789.6, Max: 520374789.7, Diff: 0.2]
   [Code Root Fixup: 0.0 ms]
   [Code Root Purge: 0.0 ms]
   [Clear CT: 0.5 ms]
   [Other: 5.2 ms]
      [Choose CSet: 0.0 ms]
      [Ref Proc: 1.1 ms]
      [Ref Enq: 0.1 ms]
      [Redirty Cards: 0.8 ms]
      [Humongous Register: 0.3 ms]
      [Humongous Reclaim: 0.2 ms]
      [Free CSet: 1.7 ms]
   [Eden: 2170.0M(2170.0M)->0.0B(1742.0M) Survivors: 400.0M->120.0M Heap: 4479.0M(6144.0M)->2357.3M(6144.0M)]
 [Times: user=1.91 sys=0.25, real=0.28 secs] 
2025-07-26T12:30:40.047+0800: 520393.882: [GC pause (G1 Evacuation Pause) (young), 0.0697984 secs]
   [Parallel Time: 59.7 ms, GC Workers: 8]
      [GC Worker Start (ms): Min: 520393886.9, Avg: 520393887.0, Max: 520393887.1, Diff: 0.2]
      [Ext Root Scanning (ms): Min: 3.3, Avg: 4.6, Max: 12.5, Diff: 9.2, Sum: 37.2]
      [Update RS (ms): Min: 20.4, Avg: 28.0, Max: 29.4, Diff: 9.0, Sum: 223.7]
         [Processed Buffers: Min: 77, Avg: 106.8, Max: 122, Diff: 45, Sum: 854]
      [Scan RS (ms): Min: 0.8, Avg: 1.0, Max: 1.2, Diff: 0.4, Sum: 8.2]
      [Code Root Scanning (ms): Min: 0.0, Avg: 0.0, Max: 0.0, Diff: 0.0, Sum: 0.0]
      [Object Copy (ms): Min: 25.5, Avg: 25.7, Max: 25.8, Diff: 0.3, Sum: 205.6]
      [Termination (ms): Min: 0.0, Avg: 0.0, Max: 0.0, Diff: 0.0, Sum: 0.0]
         [Termination Attempts: Min: 1, Avg: 2.8, Max: 4, Diff: 3, Sum: 22]
      [GC Worker Other (ms): Min: 0.1, Avg: 0.2, Max: 0.2, Diff: 0.2, Sum: 1.3]
      [GC Worker Total (ms): Min: 59.4, Avg: 59.5, Max: 59.6, Diff: 0.2, Sum: 476.0]
      [GC Worker End (ms): Min: 520393946.5, Avg: 520393946.5, Max: 520393946.6, Diff: 0.1]
   [Code Root Fixup: 0.1 ms]
   [Code Root Purge: 0.0 ms]
   [Clear CT: 0.4 ms]
   [Other: 9.6 ms]
      [Choose CSet: 0.0 ms]
      [Ref Proc: 1.4 ms]
      [Ref Enq: 0.2 ms]
      [Redirty Cards: 0.1 ms]
      [Humongous Register: 3.8 ms]
      [Humongous Reclaim: 0.2 ms]
      [Free CSet: 2.5 ms]
   [Eden: 1728.0M(1728.0M)->0.0B(2292.0M) Survivors: 120.0M->114.0M Heap: 4085.3M(6144.0M)->2352.3M(6144.0M)]
 [Times: user=0.48 sys=0.01, real=0.07 secs] 
2025-07-26T12:31:00.704+0800: 520414.539: [GC pause (G1 Evacuation Pause) (young), 0.0583722 secs]
   [Parallel Time: 52.8 ms, GC Workers: 8]
      [GC Worker Start (ms): Min: 520414540.1, Avg: 520414540.1, Max: 520414540.2, Diff: 0.1]
      [Ext Root Scanning (ms): Min: 2.4, Avg: 2.6, Max: 3.2, Diff: 0.8, Sum: 20.8]
      [Update RS (ms): Min: 11.6, Avg: 12.0, Max: 12.5, Diff: 0.9, Sum: 96.3]
         [Processed Buffers: Min: 57, Avg: 73.5, Max: 82, Diff: 25, Sum: 588]
      [Scan RS (ms): Min: 0.1, Avg: 0.2, Max: 0.3, Diff: 0.2, Sum: 1.9]
      [Code Root Scanning (ms): Min: 0.0, Avg: 0.0, Max: 0.0, Diff: 0.0, Sum: 0.0]
      [Object Copy (ms): Min: 37.6, Avg: 37.7, Max: 37.9, Diff: 0.3, Sum: 301.9]
      [Termination (ms): Min: 0.0, Avg: 0.0, Max: 0.0, Diff: 0.0, Sum: 0.1]
         [Termination Attempts: Min: 3, Avg: 5.6, Max: 9, Diff: 6, Sum: 45]
      [GC Worker Other (ms): Min: 0.0, Avg: 0.1, Max: 0.1, Diff: 0.1, Sum: 0.5]
      [GC Worker Total (ms): Min: 52.6, Avg: 52.7, Max: 52.8, Diff: 0.1, Sum: 421.7]
      [GC Worker End (ms): Min: 520414592.8, Avg: 520414592.8, Max: 520414592.9, Diff: 0.1]
   [Code Root Fixup: 0.0 ms]
   [Code Root Purge: 0.0 ms]
   [Clear CT: 0.5 ms]
   [Other: 5.0 ms]
      [Choose CSet: 0.0 ms]
      [Ref Proc: 1.4 ms]
      [Ref Enq: 0.1 ms]
      [Redirty Cards: 0.1 ms]
      [Humongous Register: 0.4 ms]
      [Humongous Reclaim: 0.3 ms]
      [Free CSet: 1.8 ms]
   [Eden: 2292.0M(2292.0M)->0.0B(2598.0M) Survivors: 114.0M->138.0M Heap: 4694.2M(6144.0M)->2375.3M(6144.0M)]
 [Times: user=0.43 sys=0.01, real=0.06 secs] 
2025-07-26T12:31:24.485+0800: 520438.320: [GC pause (G1 Evacuation Pause) (young), 0.0546406 secs]
   [Parallel Time: 49.0 ms, GC Workers: 8]
      [GC Worker Start (ms): Min: 520438321.7, Avg: 520438321.8, Max: 520438321.8, Diff: 0.1]
      [Ext Root Scanning (ms): Min: 2.3, Avg: 2.5, Max: 3.2, Diff: 0.9, Sum: 20.2]
      [Update RS (ms): Min: 14.3, Avg: 14.7, Max: 15.1, Diff: 0.8, Sum: 117.9]
         [Processed Buffers: Min: 64, Avg: 70.0, Max: 93, Diff: 29, Sum: 560]
      [Scan RS (ms): Min: 0.1, Avg: 0.3, Max: 0.3, Diff: 0.2, Sum: 2.3]
      [Code Root Scanning (ms): Min: 0.0, Avg: 0.0, Max: 0.0, Diff: 0.0, Sum: 0.1]
      [Object Copy (ms): Min: 30.9, Avg: 31.1, Max: 31.1, Diff: 0.2, Sum: 248.5]
      [Termination (ms): Min: 0.0, Avg: 0.1, Max: 0.1, Diff: 0.1, Sum: 0.7]
         [Termination Attempts: Min: 1, Avg: 82.8, Max: 103, Diff: 102, Sum: 662]
      [GC Worker Other (ms): Min: 0.0, Avg: 0.1, Max: 0.1, Diff: 0.1, Sum: 0.6]
      [GC Worker Total (ms): Min: 48.7, Avg: 48.8, Max: 48.8, Diff: 0.1, Sum: 390.2]
      [GC Worker End (ms): Min: 520438370.5, Avg: 520438370.5, Max: 520438370.6, Diff: 0.1]
   [Code Root Fixup: 0.0 ms]
   [Code Root Purge: 0.0 ms]
   [Clear CT: 0.5 ms]
   [Other: 5.1 ms]
      [Choose CSet: 0.0 ms]
      [Ref Proc: 1.4 ms]
      [Ref Enq: 0.2 ms]
      [Redirty Cards: 0.1 ms]
      [Humongous Register: 0.4 ms]
      [Humongous Reclaim: 0.2 ms]
      [Free CSet: 1.7 ms]
   [Eden: 2598.0M(2598.0M)->0.0B(2648.0M) Survivors: 138.0M->112.0M Heap: 5019.4M(6144.0M)->2349.3M(6144.0M)]
 [Times: user=0.29 sys=0.10, real=0.06 secs] 
2025-07-26T12:32:57.570+0800: 520531.406: [GC pause (G1 Evacuation Pause) (young), 0.0611486 secs]
   [Parallel Time: 52.4 ms, GC Workers: 8]
      [GC Worker Start (ms): Min: 520531408.6, Avg: 520531408.7, Max: 520531408.8, Diff: 0.2]
      [Ext Root Scanning (ms): Min: 3.6, Avg: 4.7, Max: 11.1, Diff: 7.5, Sum: 38.0]
      [Update RS (ms): Min: 8.8, Avg: 15.0, Max: 16.2, Diff: 7.4, Sum: 119.8]
         [Processed Buffers: Min: 50, Avg: 72.6, Max: 86, Diff: 36, Sum: 581]
      [Scan RS (ms): Min: 0.3, Avg: 0.6, Max: 0.7, Diff: 0.4, Sum: 4.5]
      [Code Root Scanning (ms): Min: 0.0, Avg: 0.0, Max: 0.0, Diff: 0.0, Sum: 0.1]
      [Object Copy (ms): Min: 31.4, Avg: 31.6, Max: 31.7, Diff: 0.3, Sum: 252.8]
      [Termination (ms): Min: 0.1, Avg: 0.1, Max: 0.1, Diff: 0.1, Sum: 0.9]
         [Termination Attempts: Min: 1, Avg: 66.9, Max: 81, Diff: 80, Sum: 535]
      [GC Worker Other (ms): Min: 0.0, Avg: 0.1, Max: 0.2, Diff: 0.2, Sum: 1.1]
      [GC Worker Total (ms): Min: 52.0, Avg: 52.1, Max: 52.3, Diff: 0.3, Sum: 417.1]
      [GC Worker End (ms): Min: 520531460.8, Avg: 520531460.8, Max: 520531460.8, Diff: 0.1]
   [Code Root Fixup: 0.0 ms]
   [Code Root Purge: 0.0 ms]
   [Clear CT: 0.5 ms]
   [Other: 8.3 ms]
      [Choose CSet: 0.0 ms]
      [Ref Proc: 1.5 ms]
      [Ref Enq: 0.2 ms]
      [Redirty Cards: 0.1 ms]
      [Humongous Register: 2.1 ms]
      [Humongous Reclaim: 0.2 ms]
      [Free CSet: 3.4 ms]
   [Eden: 2648.0M(2648.0M)->0.0B(2680.0M) Survivors: 112.0M->100.0M Heap: 5043.4M(6144.0M)->2337.3M(6144.0M)]
 [Times: user=0.36 sys=0.07, real=0.06 secs] 
2025-07-26T12:34:20.677+0800: 520614.513: [GC pause (G1 Humongous Allocation) (young) (initial-mark), 0.0663083 secs]
   [Parallel Time: 61.9 ms, GC Workers: 8]
      [GC Worker Start (ms): Min: 520614515.1, Avg: 520614515.1, Max: 520614515.2, Diff: 0.1]
      [Ext Root Scanning (ms): Min: 6.9, Avg: 7.1, Max: 7.4, Diff: 0.5, Sum: 56.7]
      [Update RS (ms): Min: 23.6, Avg: 23.6, Max: 23.9, Diff: 0.3, Sum: 189.2]
         [Processed Buffers: Min: 104, Avg: 117.2, Max: 137, Diff: 33, Sum: 938]
      [Scan RS (ms): Min: 0.1, Avg: 0.2, Max: 0.2, Diff: 0.2, Sum: 1.5]
      [Code Root Scanning (ms): Min: 0.0, Avg: 0.0, Max: 0.0, Diff: 0.0, Sum: 0.0]
      [Object Copy (ms): Min: 29.3, Avg: 29.6, Max: 29.8, Diff: 0.5, Sum: 236.7]
      [Termination (ms): Min: 0.0, Avg: 0.1, Max: 0.1, Diff: 0.1, Sum: 0.4]
         [Termination Attempts: Min: 1, Avg: 50.4, Max: 64, Diff: 63, Sum: 403]
      [GC Worker Other (ms): Min: 0.0, Avg: 0.1, Max: 0.1, Diff: 0.1, Sum: 0.5]
      [GC Worker Total (ms): Min: 60.6, Avg: 60.6, Max: 60.7, Diff: 0.1, Sum: 485.1]
      [GC Worker End (ms): Min: 520614575.7, Avg: 520614575.8, Max: 520614575.8, Diff: 0.1]
   [Code Root Fixup: 0.0 ms]
   [Code Root Purge: 0.0 ms]
   [Clear CT: 0.4 ms]
   [Other: 4.0 ms]
      [Choose CSet: 0.0 ms]
      [Ref Proc: 0.6 ms]
      [Ref Enq: 0.0 ms]
      [Redirty Cards: 0.1 ms]
      [Humongous Register: 0.3 ms]
      [Humongous Reclaim: 0.3 ms]
      [Free CSet: 1.2 ms]
   [Eden: 1614.0M(2680.0M)->0.0B(206.0M) Survivors: 100.0M->100.0M Heap: 4047.8M(6144.0M)->2340.0M(6144.0M)]
 [Times: user=0.46 sys=0.01, real=0.06 secs] 
2025-07-26T12:34:20.744+0800: 520614.579: [GC concurrent-root-region-scan-start]
2025-07-26T12:34:20.782+0800: 520614.618: [GC concurrent-root-region-scan-end, 0.0382436 secs]
2025-07-26T12:34:20.782+0800: 520614.618: [GC concurrent-mark-start]
2025-07-26T12:34:21.255+0800: 520615.090: [GC pause (G1 Evacuation Pause) (young), 0.0499840 secs]
   [Parallel Time: 43.6 ms, GC Workers: 8]
      [GC Worker Start (ms): Min: 520615093.8, Avg: 520615093.9, Max: 520615094.0, Diff: 0.2]
      [Ext Root Scanning (ms): Min: 3.0, Avg: 3.3, Max: 4.7, Diff: 1.8, Sum: 26.7]
      [Update RS (ms): Min: 6.4, Avg: 7.7, Max: 9.0, Diff: 2.5, Sum: 61.6]
         [Processed Buffers: Min: 28, Avg: 31.5, Max: 35, Diff: 7, Sum: 252]
      [Scan RS (ms): Min: 0.0, Avg: 0.0, Max: 0.1, Diff: 0.1, Sum: 0.3]
      [Code Root Scanning (ms): Min: 0.0, Avg: 0.0, Max: 0.0, Diff: 0.0, Sum: 0.0]
      [Object Copy (ms): Min: 31.0, Avg: 31.9, Max: 32.4, Diff: 1.3, Sum: 255.5]
      [Termination (ms): Min: 0.0, Avg: 0.3, Max: 0.3, Diff: 0.3, Sum: 2.2]
         [Termination Attempts: Min: 1, Avg: 278.4, Max: 326, Diff: 325, Sum: 2227]
      [GC Worker Other (ms): Min: 0.0, Avg: 0.1, Max: 0.2, Diff: 0.1, Sum: 0.7]
      [GC Worker Total (ms): Min: 43.3, Avg: 43.4, Max: 43.4, Diff: 0.1, Sum: 347.0]
      [GC Worker End (ms): Min: 520615137.2, Avg: 520615137.3, Max: 520615137.3, Diff: 0.0]
   [Code Root Fixup: 0.0 ms]
   [Code Root Purge: 0.0 ms]
   [Clear CT: 0.3 ms]
   [Other: 6.1 ms]
      [Choose CSet: 0.0 ms]
      [Ref Proc: 0.8 ms]
      [Ref Enq: 0.0 ms]
      [Redirty Cards: 0.3 ms]
      [Humongous Register: 3.4 ms]
      [Humongous Reclaim: 0.2 ms]
      [Free CSet: 0.7 ms]
   [Eden: 206.0M(206.0M)->0.0B(282.0M) Survivors: 100.0M->24.0M Heap: 2572.4M(6144.0M)->2342.7M(6144.0M)]
 [Times: user=0.30 sys=0.05, real=0.05 secs] 
2025-07-26T12:34:21.527+0800: 520615.362: [GC concurrent-mark-end, 0.7444892 secs]
2025-07-26T12:34:21.532+0800: 520615.368: [GC remark 2025-07-26T12:34:21.532+0800: 520615.368: [Finalize Marking, 0.0005817 secs] 2025-07-26T12:34:21.533+0800: 520615.369: [GC ref-proc, 0.0078980 secs] 2025-07-26T12:34:21.541+0800: 520615.377: [Unloading, 0.0559747 secs], 0.0671375 secs]
 [Times: user=0.26 sys=0.12, real=0.07 secs] 
2025-07-26T12:34:21.603+0800: 520615.439: [GC cleanup 2489M->2310M(6144M), 0.0042539 secs]
 [Times: user=0.02 sys=0.01, real=0.01 secs] 
2025-07-26T12:34:21.608+0800: 520615.443: [GC concurrent-cleanup-start]
2025-07-26T12:34:21.608+0800: 520615.444: [GC concurrent-cleanup-end, 0.0005030 secs]
2025-07-26T12:34:38.588+0800: 520632.424: [GC pause (G1 Evacuation Pause) (young), 0.0340730 secs]
   [Parallel Time: 31.6 ms, GC Workers: 8]
      [GC Worker Start (ms): Min: 520632424.3, Avg: 520632424.3, Max: 520632424.4, Diff: 0.1]
      [Ext Root Scanning (ms): Min: 2.2, Avg: 2.5, Max: 3.2, Diff: 0.9, Sum: 19.8]
      [Update RS (ms): Min: 23.4, Avg: 23.8, Max: 24.1, Diff: 0.7, Sum: 190.3]
         [Processed Buffers: Min: 75, Avg: 107.1, Max: 123, Diff: 48, Sum: 857]
      [Scan RS (ms): Min: 0.0, Avg: 0.0, Max: 0.0, Diff: 0.0, Sum: 0.2]
      [Code Root Scanning (ms): Min: 0.0, Avg: 0.0, Max: 0.0, Diff: 0.0, Sum: 0.0]
      [Object Copy (ms): Min: 4.9, Avg: 5.2, Max: 5.3, Diff: 0.3, Sum: 41.2]
      [Termination (ms): Min: 0.0, Avg: 0.0, Max: 0.0, Diff: 0.0, Sum: 0.1]
         [Termination Attempts: Min: 1, Avg: 10.5, Max: 17, Diff: 16, Sum: 84]
      [GC Worker Other (ms): Min: 0.0, Avg: 0.0, Max: 0.1, Diff: 0.0, Sum: 0.2]
      [GC Worker Total (ms): Min: 31.4, Avg: 31.5, Max: 31.5, Diff: 0.1, Sum: 251.7]
      [GC Worker End (ms): Min: 520632455.8, Avg: 520632455.8, Max: 520632455.8, Diff: 0.0]
   [Code Root Fixup: 0.0 ms]
   [Code Root Purge: 0.0 ms]
   [Clear CT: 0.2 ms]
   [Other: 2.2 ms]
      [Choose CSet: 0.0 ms]
      [Ref Proc: 0.4 ms]
      [Ref Enq: 0.0 ms]
      [Redirty Cards: 0.1 ms]
      [Humongous Register: 0.4 ms]
      [Humongous Reclaim: 0.1 ms]
      [Free CSet: 0.3 ms]
   [Eden: 282.0M(282.0M)->0.0B(280.0M) Survivors: 24.0M->26.0M Heap: 2463.6M(6144.0M)->2162.1M(6144.0M)]
 [Times: user=0.25 sys=0.00, real=0.03 secs] 
2025-07-26T12:35:03.574+0800: 520657.410: [GC pause (G1 Evacuation Pause) (mixed), 0.0215527 secs]
   [Parallel Time: 16.8 ms, GC Workers: 8]
      [GC Worker Start (ms): Min: 520657410.7, Avg: 520657410.8, Max: 520657410.9, Diff: 0.2]
      [Ext Root Scanning (ms): Min: 2.3, Avg: 2.5, Max: 3.1, Diff: 0.8, Sum: 20.1]
      [Update RS (ms): Min: 1.0, Avg: 1.3, Max: 1.4, Diff: 0.4, Sum: 10.3]
         [Processed Buffers: Min: 3, Avg: 16.8, Max: 36, Diff: 33, Sum: 134]
      [Scan RS (ms): Min: 3.6, Avg: 3.8, Max: 3.8, Diff: 0.3, Sum: 30.2]
      [Code Root Scanning (ms): Min: 0.0, Avg: 0.0, Max: 0.0, Diff: 0.0, Sum: 0.0]
      [Object Copy (ms): Min: 8.8, Avg: 9.0, Max: 9.1, Diff: 0.2, Sum: 71.9]
      [Termination (ms): Min: 0.0, Avg: 0.0, Max: 0.0, Diff: 0.0, Sum: 0.2]
         [Termination Attempts: Min: 1, Avg: 28.4, Max: 36, Diff: 35, Sum: 227]
      [GC Worker Other (ms): Min: 0.0, Avg: 0.0, Max: 0.0, Diff: 0.0, Sum: 0.2]
      [GC Worker Total (ms): Min: 16.5, Avg: 16.6, Max: 16.7, Diff: 0.2, Sum: 132.9]
      [GC Worker End (ms): Min: 520657427.4, Avg: 520657427.4, Max: 520657427.4, Diff: 0.0]
   [Code Root Fixup: 0.0 ms]
   [Code Root Purge: 0.0 ms]
   [Clear CT: 0.3 ms]
   [Other: 4.4 ms]
      [Choose CSet: 0.3 ms]
      [Ref Proc: 0.4 ms]
      [Ref Enq: 0.0 ms]
      [Redirty Cards: 0.2 ms]
      [Humongous Register: 0.3 ms]
      [Humongous Reclaim: 0.1 ms]
      [Free CSet: 2.2 ms]
   [Eden: 280.0M(280.0M)->0.0B(276.0M) Survivors: 26.0M->30.0M Heap: 2442.1M(6144.0M)->1559.1M(6144.0M)]
 [Times: user=0.09 sys=0.05, real=0.02 secs] 
2025-07-26T12:35:04.484+0800: 520658.320: [GC pause (G1 Evacuation Pause) (mixed), 0.0535765 secs]
   [Parallel Time: 49.2 ms, GC Workers: 8]
      [GC Worker Start (ms): Min: 520658320.9, Avg: 520658321.0, Max: 520658321.0, Diff: 0.1]
      [Ext Root Scanning (ms): Min: 2.1, Avg: 2.4, Max: 3.4, Diff: 1.3, Sum: 19.2]
      [Update RS (ms): Min: 7.8, Avg: 8.2, Max: 8.4, Diff: 0.6, Sum: 65.8]
         [Processed Buffers: Min: 34, Avg: 41.9, Max: 50, Diff: 16, Sum: 335]
      [Scan RS (ms): Min: 13.1, Avg: 16.8, Max: 17.8, Diff: 4.7, Sum: 134.4]
      [Code Root Scanning (ms): Min: 0.0, Avg: 1.0, Max: 4.7, Diff: 4.7, Sum: 7.8]
      [Object Copy (ms): Min: 20.4, Avg: 20.6, Max: 20.8, Diff: 0.4, Sum: 164.9]
      [Termination (ms): Min: 0.0, Avg: 0.0, Max: 0.0, Diff: 0.0, Sum: 0.2]
         [Termination Attempts: Min: 1, Avg: 34.6, Max: 52, Diff: 51, Sum: 277]
      [GC Worker Other (ms): Min: 0.0, Avg: 0.0, Max: 0.0, Diff: 0.0, Sum: 0.2]
      [GC Worker Total (ms): Min: 49.0, Avg: 49.1, Max: 49.1, Diff: 0.1, Sum: 392.5]
      [GC Worker End (ms): Min: 520658370.0, Avg: 520658370.0, Max: 520658370.0, Diff: 0.0]
   [Code Root Fixup: 0.2 ms]
   [Code Root Purge: 0.0 ms]
   [Clear CT: 0.6 ms]
   [Other: 3.6 ms]
      [Choose CSet: 0.4 ms]
      [Ref Proc: 0.4 ms]
      [Ref Enq: 0.0 ms]
      [Redirty Cards: 0.3 ms]
      [Humongous Register: 0.3 ms]
      [Humongous Reclaim: 0.1 ms]
      [Free CSet: 1.3 ms]
   [Eden: 276.0M(276.0M)->0.0B(282.0M) Survivors: 30.0M->24.0M Heap: 1859.8M(6144.0M)->1403.7M(6144.0M)]
 [Times: user=0.41 sys=0.00, real=0.06 secs] 
2025-07-26T12:35:08.799+0800: 520662.634: [GC pause (G1 Evacuation Pause) (mixed), 0.0534274 secs]
   [Parallel Time: 50.5 ms, GC Workers: 8]
      [GC Worker Start (ms): Min: 520662634.9, Avg: 520662634.9, Max: 520662635.0, Diff: 0.2]
      [Ext Root Scanning (ms): Min: 2.1, Avg: 2.4, Max: 3.0, Diff: 1.0, Sum: 18.9]
      [Update RS (ms): Min: 26.6, Avg: 27.1, Max: 27.3, Diff: 0.7, Sum: 216.6]
         [Processed Buffers: Min: 78, Avg: 97.4, Max: 105, Diff: 27, Sum: 779]
      [Scan RS (ms): Min: 5.8, Avg: 5.9, Max: 6.0, Diff: 0.2, Sum: 47.6]
      [Code Root Scanning (ms): Min: 0.0, Avg: 0.0, Max: 0.2, Diff: 0.2, Sum: 0.3]
      [Object Copy (ms): Min: 14.6, Avg: 14.8, Max: 14.9, Diff: 0.3, Sum: 118.3]
      [Termination (ms): Min: 0.0, Avg: 0.0, Max: 0.0, Diff: 0.0, Sum: 0.1]
         [Termination Attempts: Min: 1, Avg: 15.9, Max: 24, Diff: 23, Sum: 127]
      [GC Worker Other (ms): Min: 0.0, Avg: 0.1, Max: 0.1, Diff: 0.1, Sum: 0.4]
      [GC Worker Total (ms): Min: 50.2, Avg: 50.3, Max: 50.4, Diff: 0.2, Sum: 402.3]
      [GC Worker End (ms): Min: 520662685.2, Avg: 520662685.2, Max: 520662685.2, Diff: 0.0]
   [Code Root Fixup: 0.0 ms]
   [Code Root Purge: 0.0 ms]
   [Clear CT: 0.5 ms]
   [Other: 2.4 ms]
      [Choose CSet: 0.2 ms]
      [Ref Proc: 0.3 ms]
      [Ref Enq: 0.0 ms]
      [Redirty Cards: 0.2 ms]
      [Humongous Register: 0.3 ms]
      [Humongous Reclaim: 0.1 ms]
      [Free CSet: 0.5 ms]
   [Eden: 282.0M(282.0M)->0.0B(2536.0M) Survivors: 24.0M->16.0M Heap: 1710.9M(6144.0M)->1347.1M(6144.0M)]
 [Times: user=0.36 sys=0.06, real=0.05 secs] 
2025-07-26T12:54:16.163+0800: 521809.999: [GC pause (G1 Evacuation Pause) (young), 0.0340562 secs]
   [Parallel Time: 21.4 ms, GC Workers: 8]
      [GC Worker Start (ms): Min: 521810002.8, Avg: 521810002.8, Max: 521810002.9, Diff: 0.1]
      [Ext Root Scanning (ms): Min: 2.7, Avg: 4.0, Max: 11.3, Diff: 8.6, Sum: 32.3]
      [Update RS (ms): Min: 4.3, Avg: 11.4, Max: 12.8, Diff: 8.5, Sum: 91.1]
         [Processed Buffers: Min: 61, Avg: 77.8, Max: 89, Diff: 28, Sum: 622]
      [Scan RS (ms): Min: 0.6, Avg: 0.8, Max: 0.9, Diff: 0.4, Sum: 6.3]
      [Code Root Scanning (ms): Min: 0.0, Avg: 0.0, Max: 0.0, Diff: 0.0, Sum: 0.0]
      [Object Copy (ms): Min: 4.6, Avg: 4.8, Max: 4.9, Diff: 0.3, Sum: 38.5]
      [Termination (ms): Min: 0.0, Avg: 0.0, Max: 0.0, Diff: 0.0, Sum: 0.0]
         [Termination Attempts: Min: 1, Avg: 1.8, Max: 3, Diff: 2, Sum: 14]
      [GC Worker Other (ms): Min: 0.1, Avg: 0.2, Max: 0.2, Diff: 0.1, Sum: 1.3]
      [GC Worker Total (ms): Min: 21.1, Avg: 21.2, Max: 21.3, Diff: 0.2, Sum: 169.6]
      [GC Worker End (ms): Min: 521810024.0, Avg: 521810024.0, Max: 521810024.1, Diff: 0.1]
   [Code Root Fixup: 0.0 ms]
   [Code Root Purge: 0.0 ms]
   [Clear CT: 0.6 ms]
   [Other: 12.1 ms]
      [Choose CSet: 0.0 ms]
      [Ref Proc: 3.4 ms]
      [Ref Enq: 0.1 ms]
      [Redirty Cards: 0.1 ms]
      [Humongous Register: 2.7 ms]
      [Humongous Reclaim: 0.7 ms]
      [Free CSet: 3.3 ms]
   [Eden: 2536.0M(2536.0M)->0.0B(3672.0M) Survivors: 16.0M->14.0M Heap: 4023.3M(6144.0M)->1351.1M(6144.0M)]
 [Times: user=0.09 sys=0.09, real=0.04 secs] 
2025-07-26T12:56:57.725+0800: 521971.561: [GC pause (G1 Evacuation Pause) (young), 0.0338147 secs]
   [Parallel Time: 23.6 ms, GC Workers: 8]
      [GC Worker Start (ms): Min: 521971563.0, Avg: 521971563.1, Max: 521971563.2, Diff: 0.1]
      [Ext Root Scanning (ms): Min: 2.7, Avg: 3.9, Max: 11.3, Diff: 8.6, Sum: 31.6]
      [Update RS (ms): Min: 3.5, Avg: 10.7, Max: 11.9, Diff: 8.5, Sum: 85.3]
         [Processed Buffers: Min: 35, Avg: 75.6, Max: 98, Diff: 63, Sum: 605]
      [Scan RS (ms): Min: 0.8, Avg: 1.3, Max: 1.5, Diff: 0.6, Sum: 10.1]
      [Code Root Scanning (ms): Min: 0.0, Avg: 0.0, Max: 0.0, Diff: 0.0, Sum: 0.1]
      [Object Copy (ms): Min: 7.3, Avg: 7.4, Max: 7.6, Diff: 0.2, Sum: 59.5]
      [Termination (ms): Min: 0.0, Avg: 0.0, Max: 0.0, Diff: 0.0, Sum: 0.0]
         [Termination Attempts: Min: 1, Avg: 1.1, Max: 2, Diff: 1, Sum: 9]
      [GC Worker Other (ms): Min: 0.1, Avg: 0.1, Max: 0.2, Diff: 0.1, Sum: 0.9]
      [GC Worker Total (ms): Min: 23.4, Avg: 23.4, Max: 23.5, Diff: 0.1, Sum: 187.5]
      [GC Worker End (ms): Min: 521971586.5, Avg: 521971586.5, Max: 521971586.6, Diff: 0.1]
   [Code Root Fixup: 0.0 ms]
   [Code Root Purge: 0.0 ms]
   [Clear CT: 0.6 ms]
   [Other: 9.5 ms]
      [Choose CSet: 0.0 ms]
      [Ref Proc: 2.2 ms]
      [Ref Enq: 0.1 ms]
      [Redirty Cards: 0.1 ms]
      [Humongous Register: 1.6 ms]
      [Humongous Reclaim: 0.3 ms]
      [Free CSet: 4.3 ms]
   [Eden: 3672.0M(3672.0M)->0.0B(3656.0M) Survivors: 14.0M->30.0M Heap: 5115.3M(6144.0M)->1359.8M(6144.0M)]
 [Times: user=0.19 sys=0.00, real=0.04 secs] 
2025-07-26T12:59:26.207+0800: 522120.042: [GC pause (G1 Evacuation Pause) (young), 0.0360851 secs]
   [Parallel Time: 26.4 ms, GC Workers: 8]
      [GC Worker Start (ms): Min: 522120044.4, Avg: 522120044.5, Max: 522120044.6, Diff: 0.2]
      [Ext Root Scanning (ms): Min: 2.6, Avg: 3.9, Max: 10.6, Diff: 8.0, Sum: 31.0]
      [Update RS (ms): Min: 8.1, Avg: 14.4, Max: 15.9, Diff: 7.8, Sum: 115.1]
         [Processed Buffers: Min: 63, Avg: 95.2, Max: 112, Diff: 49, Sum: 762]
      [Scan RS (ms): Min: 1.0, Avg: 1.5, Max: 1.6, Diff: 0.6, Sum: 11.8]
      [Code Root Scanning (ms): Min: 0.0, Avg: 0.0, Max: 0.0, Diff: 0.0, Sum: 0.1]
      [Object Copy (ms): Min: 6.1, Avg: 6.3, Max: 6.4, Diff: 0.3, Sum: 50.1]
      [Termination (ms): Min: 0.0, Avg: 0.0, Max: 0.0, Diff: 0.0, Sum: 0.0]
         [Termination Attempts: Min: 1, Avg: 3.1, Max: 4, Diff: 3, Sum: 25]
      [GC Worker Other (ms): Min: 0.1, Avg: 0.1, Max: 0.2, Diff: 0.1, Sum: 1.1]
      [GC Worker Total (ms): Min: 26.0, Avg: 26.2, Max: 26.3, Diff: 0.2, Sum: 209.2]
      [GC Worker End (ms): Min: 522120070.6, Avg: 522120070.7, Max: 522120070.7, Diff: 0.1]
   [Code Root Fixup: 0.0 ms]
   [Code Root Purge: 0.0 ms]
   [Clear CT: 0.6 ms]
   [Other: 9.0 ms]
      [Choose CSet: 0.0 ms]
      [Ref Proc: 1.5 ms]
      [Ref Enq: 0.1 ms]
      [Redirty Cards: 0.1 ms]
      [Humongous Register: 1.7 ms]
      [Humongous Reclaim: 0.6 ms]
      [Free CSet: 4.3 ms]
   [Eden: 3656.0M(3656.0M)->0.0B(3662.0M) Survivors: 30.0M->24.0M Heap: 5231.8M(6144.0M)->1354.1M(6144.0M)]
 [Times: user=0.11 sys=0.11, real=0.04 secs] 
2025-07-26T13:00:07.867+0800: 522161.703: [GC pause (G1 Evacuation Pause) (young), 0.2541208 secs]
   [Parallel Time: 243.4 ms, GC Workers: 8]
      [GC Worker Start (ms): Min: 522161705.6, Avg: 522161705.6, Max: 522161705.7, Diff: 0.1]
      [Ext Root Scanning (ms): Min: 3.1, Avg: 4.5, Max: 11.7, Diff: 8.6, Sum: 35.7]
      [Update RS (ms): Min: 34.4, Avg: 41.8, Max: 44.5, Diff: 10.1, Sum: 334.7]
         [Processed Buffers: Min: 67, Avg: 86.9, Max: 113, Diff: 46, Sum: 695]
      [Scan RS (ms): Min: 0.1, Avg: 0.6, Max: 1.0, Diff: 0.9, Sum: 5.1]
      [Code Root Scanning (ms): Min: 0.0, Avg: 0.0, Max: 0.0, Diff: 0.0, Sum: 0.1]
      [Object Copy (ms): Min: 194.7, Avg: 195.8, Max: 196.4, Diff: 1.7, Sum: 1566.6]
      [Termination (ms): Min: 0.0, Avg: 0.2, Max: 0.3, Diff: 0.3, Sum: 1.8]
         [Termination Attempts: Min: 1, Avg: 213.0, Max: 264, Diff: 263, Sum: 1704]
      [GC Worker Other (ms): Min: 0.1, Avg: 0.1, Max: 0.2, Diff: 0.2, Sum: 1.2]
      [GC Worker Total (ms): Min: 243.1, Avg: 243.1, Max: 243.2, Diff: 0.1, Sum: 1945.1]
      [GC Worker End (ms): Min: 522161948.7, Avg: 522161948.8, Max: 522161948.8, Diff: 0.1]
   [Code Root Fixup: 0.1 ms]
   [Code Root Purge: 0.0 ms]
   [Clear CT: 0.7 ms]
   [Other: 10.0 ms]
      [Choose CSet: 0.0 ms]
      [Ref Proc: 1.4 ms]
      [Ref Enq: 0.1 ms]
      [Redirty Cards: 0.1 ms]
      [Humongous Register: 2.3 ms]
      [Humongous Reclaim: 0.2 ms]
      [Free CSet: 4.6 ms]
   [Eden: 3662.0M(3662.0M)->0.0B(2212.0M) Survivors: 24.0M->462.0M Heap: 5075.2M(6144.0M)->1816.9M(6144.0M)]
 [Times: user=1.91 sys=0.02, real=0.25 secs] 
2025-07-26T13:00:27.749+0800: 522181.584: [GC pause (G1 Evacuation Pause) (young), 0.2366076 secs]
   [Parallel Time: 230.1 ms, GC Workers: 8]
      [GC Worker Start (ms): Min: 522181585.2, Avg: 522181585.2, Max: 522181585.3, Diff: 0.1]
      [Ext Root Scanning (ms): Min: 2.2, Avg: 2.5, Max: 3.2, Diff: 1.0, Sum: 19.7]
      [Update RS (ms): Min: 49.4, Avg: 49.9, Max: 50.2, Diff: 0.8, Sum: 398.9]
         [Processed Buffers: Min: 73, Avg: 91.8, Max: 105, Diff: 32, Sum: 734]
      [Scan RS (ms): Min: 0.1, Avg: 0.3, Max: 0.3, Diff: 0.2, Sum: 2.1]
      [Code Root Scanning (ms): Min: 0.0, Avg: 0.0, Max: 0.0, Diff: 0.0, Sum: 0.1]
      [Object Copy (ms): Min: 176.8, Avg: 177.0, Max: 177.3, Diff: 0.5, Sum: 1416.4]
      [Termination (ms): Min: 0.0, Avg: 0.2, Max: 0.3, Diff: 0.3, Sum: 1.8]
         [Termination Attempts: Min: 1, Avg: 224.9, Max: 270, Diff: 269, Sum: 1799]
      [GC Worker Other (ms): Min: 0.0, Avg: 0.1, Max: 0.1, Diff: 0.1, Sum: 0.5]
      [GC Worker Total (ms): Min: 229.9, Avg: 229.9, Max: 230.0, Diff: 0.1, Sum: 1839.4]
      [GC Worker End (ms): Min: 522181815.1, Avg: 522181815.1, Max: 522181815.2, Diff: 0.1]
   [Code Root Fixup: 0.0 ms]
   [Code Root Purge: 0.0 ms]
   [Clear CT: 0.5 ms]
   [Other: 6.0 ms]
      [Choose CSet: 0.0 ms]
      [Ref Proc: 1.5 ms]
      [Ref Enq: 0.2 ms]
      [Redirty Cards: 1.0 ms]
      [Humongous Register: 0.5 ms]
      [Humongous Reclaim: 0.2 ms]
      [Free CSet: 1.8 ms]
   [Eden: 2212.0M(2212.0M)->0.0B(2934.0M) Survivors: 462.0M->32.0M Heap: 4080.9M(6144.0M)->1956.7M(6144.0M)]
 [Times: user=1.76 sys=0.07, real=0.23 secs] 
2025-07-26T13:00:55.649+0800: 522209.484: [GC pause (G1 Evacuation Pause) (young), 0.0456682 secs]
   [Parallel Time: 35.0 ms, GC Workers: 8]
      [GC Worker Start (ms): Min: 522209488.3, Avg: 522209488.4, Max: 522209488.4, Diff: 0.2]
      [Ext Root Scanning (ms): Min: 3.1, Avg: 4.4, Max: 12.5, Diff: 9.4, Sum: 35.5]
      [Update RS (ms): Min: 13.9, Avg: 21.3, Max: 22.6, Diff: 8.7, Sum: 170.2]
         [Processed Buffers: Min: 59, Avg: 79.9, Max: 89, Diff: 30, Sum: 639]
      [Scan RS (ms): Min: 0.1, Avg: 0.4, Max: 0.6, Diff: 0.5, Sum: 3.4]
      [Code Root Scanning (ms): Min: 0.0, Avg: 0.0, Max: 0.0, Diff: 0.0, Sum: 0.1]
      [Object Copy (ms): Min: 8.2, Avg: 8.4, Max: 8.5, Diff: 0.3, Sum: 67.1]
      [Termination (ms): Min: 0.0, Avg: 0.0, Max: 0.0, Diff: 0.0, Sum: 0.0]
         [Termination Attempts: Min: 1, Avg: 1.4, Max: 2, Diff: 1, Sum: 11]
      [GC Worker Other (ms): Min: 0.1, Avg: 0.2, Max: 0.3, Diff: 0.1, Sum: 1.7]
      [GC Worker Total (ms): Min: 34.7, Avg: 34.7, Max: 34.9, Diff: 0.2, Sum: 278.0]
      [GC Worker End (ms): Min: 522209523.0, Avg: 522209523.1, Max: 522209523.2, Diff: 0.2]
   [Code Root Fixup: 0.0 ms]
   [Code Root Purge: 0.0 ms]
   [Clear CT: 0.5 ms]
   [Other: 10.2 ms]
      [Choose CSet: 0.0 ms]
      [Ref Proc: 2.0 ms]
      [Ref Enq: 0.2 ms]
      [Redirty Cards: 0.1 ms]
      [Humongous Register: 3.1 ms]
      [Humongous Reclaim: 0.1 ms]
      [Free CSet: 3.5 ms]
   [Eden: 2934.0M(2934.0M)->0.0B(3008.0M) Survivors: 32.0M->38.0M Heap: 4890.7M(6144.0M)->1962.7M(6144.0M)]
 [Times: user=0.21 sys=0.08, real=0.04 secs] 
2025-07-26T13:01:17.879+0800: 522231.714: [GC pause (G1 Evacuation Pause) (young), 0.0284099 secs]
   [Parallel Time: 22.7 ms, GC Workers: 8]
      [GC Worker Start (ms): Min: 522231715.4, Avg: 522231715.4, Max: 522231715.4, Diff: 0.1]
      [Ext Root Scanning (ms): Min: 2.5, Avg: 3.6, Max: 10.3, Diff: 7.8, Sum: 29.1]
      [Update RS (ms): Min: 3.2, Avg: 9.7, Max: 10.9, Diff: 7.7, Sum: 77.4]
         [Processed Buffers: Min: 51, Avg: 72.1, Max: 81, Diff: 30, Sum: 577]
      [Scan RS (ms): Min: 0.1, Avg: 0.3, Max: 0.4, Diff: 0.3, Sum: 2.5]
      [Code Root Scanning (ms): Min: 0.0, Avg: 0.0, Max: 0.0, Diff: 0.0, Sum: 0.1]
      [Object Copy (ms): Min: 8.7, Avg: 8.9, Max: 9.0, Diff: 0.3, Sum: 71.0]
      [Termination (ms): Min: 0.0, Avg: 0.0, Max: 0.0, Diff: 0.0, Sum: 0.0]
         [Termination Attempts: Min: 1, Avg: 1.4, Max: 3, Diff: 2, Sum: 11]
      [GC Worker Other (ms): Min: 0.0, Avg: 0.1, Max: 0.1, Diff: 0.1, Sum: 0.5]
      [GC Worker Total (ms): Min: 22.5, Avg: 22.6, Max: 22.6, Diff: 0.1, Sum: 180.6]
      [GC Worker End (ms): Min: 522231737.9, Avg: 522231738.0, Max: 522231738.0, Diff: 0.1]
   [Code Root Fixup: 0.0 ms]
   [Code Root Purge: 0.0 ms]
   [Clear CT: 0.6 ms]
   [Other: 5.1 ms]
      [Choose CSet: 0.0 ms]
      [Ref Proc: 1.7 ms]
      [Ref Enq: 0.2 ms]
      [Redirty Cards: 0.1 ms]
      [Humongous Register: 0.4 ms]
      [Humongous Reclaim: 0.2 ms]
      [Free CSet: 1.6 ms]
   [Eden: 3008.0M(3008.0M)->0.0B(3026.0M) Survivors: 38.0M->44.0M Heap: 5020.5M(6144.0M)->1967.7M(6144.0M)]
 [Times: user=0.17 sys=0.01, real=0.03 secs] 
2025-07-26T13:02:12.258+0800: 522286.093: [GC pause (G1 Evacuation Pause) (young), 0.0349178 secs]
   [Parallel Time: 23.6 ms, GC Workers: 8]
      [GC Worker Start (ms): Min: 522286097.3, Avg: 522286097.4, Max: 522286097.4, Diff: 0.1]
      [Ext Root Scanning (ms): Min: 2.7, Avg: 3.2, Max: 4.8, Diff: 2.1, Sum: 25.5]
      [Update RS (ms): Min: 9.5, Avg: 11.0, Max: 11.7, Diff: 2.2, Sum: 87.8]
         [Processed Buffers: Min: 48, Avg: 72.0, Max: 97, Diff: 49, Sum: 576]
      [Scan RS (ms): Min: 0.1, Avg: 0.3, Max: 0.4, Diff: 0.3, Sum: 2.6]
      [Code Root Scanning (ms): Min: 0.0, Avg: 0.0, Max: 0.0, Diff: 0.0, Sum: 0.1]
      [Object Copy (ms): Min: 7.9, Avg: 8.2, Max: 8.5, Diff: 0.6, Sum: 65.4]
      [Termination (ms): Min: 0.0, Avg: 0.6, Max: 0.7, Diff: 0.7, Sum: 4.8]
         [Termination Attempts: Min: 1, Avg: 5.4, Max: 9, Diff: 8, Sum: 43]
      [GC Worker Other (ms): Min: 0.0, Avg: 0.1, Max: 0.2, Diff: 0.1, Sum: 0.7]
      [GC Worker Total (ms): Min: 23.2, Avg: 23.4, Max: 23.5, Diff: 0.2, Sum: 186.9]
      [GC Worker End (ms): Min: 522286120.5, Avg: 522286120.7, Max: 522286120.8, Diff: 0.3]
   [Code Root Fixup: 0.0 ms]
   [Code Root Purge: 0.0 ms]
   [Clear CT: 0.5 ms]
   [Other: 10.7 ms]
      [Choose CSet: 0.0 ms]
      [Ref Proc: 2.0 ms]
      [Ref Enq: 0.2 ms]
      [Redirty Cards: 0.1 ms]
      [Humongous Register: 3.3 ms]
      [Humongous Reclaim: 0.2 ms]
      [Free CSet: 3.9 ms]
   [Eden: 3026.0M(3026.0M)->0.0B(3052.0M) Survivors: 44.0M->36.0M Heap: 5039.8M(6144.0M)->1960.7M(6144.0M)]
 [Times: user=0.18 sys=0.02, real=0.03 secs] 
2025-07-26T13:04:44.807+0800: 522438.643: [GC pause (G1 Evacuation Pause) (young), 0.0326617 secs]
   [Parallel Time: 24.0 ms, GC Workers: 8]
      [GC Worker Start (ms): Min: 522438645.0, Avg: 522438645.1, Max: 522438645.2, Diff: 0.1]
      [Ext Root Scanning (ms): Min: 2.7, Avg: 3.8, Max: 10.2, Diff: 7.5, Sum: 30.6]
      [Update RS (ms): Min: 5.5, Avg: 11.7, Max: 13.3, Diff: 7.8, Sum: 93.8]
         [Processed Buffers: Min: 37, Avg: 83.4, Max: 109, Diff: 72, Sum: 667]
      [Scan RS (ms): Min: 0.4, Avg: 0.9, Max: 1.1, Diff: 0.7, Sum: 7.5]
      [Code Root Scanning (ms): Min: 0.0, Avg: 0.0, Max: 0.0, Diff: 0.0, Sum: 0.1]
      [Object Copy (ms): Min: 7.1, Avg: 7.2, Max: 7.3, Diff: 0.2, Sum: 57.7]
      [Termination (ms): Min: 0.0, Avg: 0.0, Max: 0.0, Diff: 0.0, Sum: 0.0]
         [Termination Attempts: Min: 1, Avg: 6.1, Max: 10, Diff: 9, Sum: 49]
      [GC Worker Other (ms): Min: 0.1, Avg: 0.1, Max: 0.2, Diff: 0.1, Sum: 1.0]
      [GC Worker Total (ms): Min: 23.8, Avg: 23.8, Max: 23.9, Diff: 0.2, Sum: 190.7]
      [GC Worker End (ms): Min: 522438668.9, Avg: 522438668.9, Max: 522438669.0, Diff: 0.1]
   [Code Root Fixup: 0.0 ms]
   [Code Root Purge: 0.0 ms]
   [Clear CT: 0.6 ms]
   [Other: 8.0 ms]
      [Choose CSet: 0.0 ms]
      [Ref Proc: 1.0 ms]
      [Ref Enq: 0.1 ms]
      [Redirty Cards: 0.1 ms]
      [Humongous Register: 2.0 ms]
      [Humongous Reclaim: 0.5 ms]
      [Free CSet: 3.7 ms]
   [Eden: 3052.0M(3052.0M)->0.0B(3090.0M) Survivors: 36.0M->30.0M Heap: 5200.8M(6144.0M)->1948.7M(6144.0M)]
 [Times: user=0.19 sys=0.01, real=0.03 secs] 
2025-07-26T13:07:08.158+0800: 522581.994: [GC pause (G1 Evacuation Pause) (young), 0.0362386 secs]
   [Parallel Time: 27.7 ms, GC Workers: 8]
      [GC Worker Start (ms): Min: 522581996.3, Avg: 522581996.4, Max: 522581996.5, Diff: 0.2]
      [Ext Root Scanning (ms): Min: 3.0, Avg: 4.2, Max: 10.8, Diff: 7.8, Sum: 33.7]
      [Update RS (ms): Min: 8.8, Avg: 15.3, Max: 16.6, Diff: 7.8, Sum: 122.2]
         [Processed Buffers: Min: 72, Avg: 101.9, Max: 122, Diff: 50, Sum: 815]
      [Scan RS (ms): Min: 0.7, Avg: 1.0, Max: 1.2, Diff: 0.5, Sum: 8.3]
      [Code Root Scanning (ms): Min: 0.0, Avg: 0.0, Max: 0.0, Diff: 0.0, Sum: 0.1]
      [Object Copy (ms): Min: 6.6, Avg: 6.7, Max: 6.9, Diff: 0.2, Sum: 54.0]
      [Termination (ms): Min: 0.0, Avg: 0.0, Max: 0.0, Diff: 0.0, Sum: 0.1]
         [Termination Attempts: Min: 1, Avg: 13.4, Max: 18, Diff: 17, Sum: 107]
      [GC Worker Other (ms): Min: 0.1, Avg: 0.1, Max: 0.2, Diff: 0.1, Sum: 1.0]
      [GC Worker Total (ms): Min: 27.3, Avg: 27.4, Max: 27.5, Diff: 0.2, Sum: 219.4]
      [GC Worker End (ms): Min: 522582023.8, Avg: 522582023.8, Max: 522582023.9, Diff: 0.1]
   [Code Root Fixup: 0.0 ms]
   [Code Root Purge: 0.0 ms]
   [Clear CT: 0.6 ms]
   [Other: 7.9 ms]
      [Choose CSet: 0.0 ms]
      [Ref Proc: 1.0 ms]
      [Ref Enq: 0.1 ms]
      [Redirty Cards: 0.1 ms]
      [Humongous Register: 1.7 ms]
      [Humongous Reclaim: 0.6 ms]
      [Free CSet: 3.6 ms]
   [Eden: 3090.0M(3090.0M)->0.0B(3102.0M) Survivors: 30.0M->32.0M Heap: 5230.5M(6144.0M)->1950.7M(6144.0M)]
 [Times: user=0.12 sys=0.11, real=0.03 secs] 
2025-07-26T13:10:01.238+0800: 522755.073: [GC pause (G1 Evacuation Pause) (young), 0.0481818 secs]
   [Parallel Time: 37.3 ms, GC Workers: 8]
      [GC Worker Start (ms): Min: 522755077.2, Avg: 522755077.3, Max: 522755077.4, Diff: 0.1]
      [Ext Root Scanning (ms): Min: 2.9, Avg: 4.0, Max: 10.5, Diff: 7.6, Sum: 32.3]
      [Update RS (ms): Min: 12.8, Avg: 19.0, Max: 20.2, Diff: 7.4, Sum: 152.1]
         [Processed Buffers: Min: 110, Avg: 126.1, Max: 141, Diff: 31, Sum: 1009]
      [Scan RS (ms): Min: 1.3, Avg: 1.5, Max: 1.6, Diff: 0.3, Sum: 12.0]
      [Code Root Scanning (ms): Min: 0.0, Avg: 0.0, Max: 0.0, Diff: 0.0, Sum: 0.1]
      [Object Copy (ms): Min: 11.6, Avg: 11.9, Max: 12.2, Diff: 0.5, Sum: 95.3]
      [Termination (ms): Min: 0.0, Avg: 0.5, Max: 0.6, Diff: 0.6, Sum: 3.7]
         [Termination Attempts: Min: 1, Avg: 45.1, Max: 65, Diff: 64, Sum: 361]
      [GC Worker Other (ms): Min: 0.1, Avg: 0.1, Max: 0.2, Diff: 0.1, Sum: 0.9]
      [GC Worker Total (ms): Min: 36.8, Avg: 37.0, Max: 37.1, Diff: 0.3, Sum: 296.3]
      [GC Worker End (ms): Min: 522755114.2, Avg: 522755114.3, Max: 522755114.4, Diff: 0.2]
   [Code Root Fixup: 0.0 ms]
   [Code Root Purge: 0.0 ms]
   [Clear CT: 0.8 ms]
   [Other: 10.1 ms]
      [Choose CSet: 0.0 ms]
      [Ref Proc: 1.3 ms]
      [Ref Enq: 0.1 ms]
      [Redirty Cards: 0.1 ms]
      [Humongous Register: 3.1 ms]
      [Humongous Reclaim: 0.6 ms]
      [Free CSet: 3.8 ms]
   [Eden: 3102.0M(3102.0M)->0.0B(3084.0M) Survivors: 32.0M->54.0M Heap: 5240.8M(6144.0M)->1971.7M(6144.0M)]
 [Times: user=0.26 sys=0.05, real=0.04 secs] 
2025-07-26T13:10:28.852+0800: 522782.687: [GC pause (G1 Evacuation Pause) (young), 0.0303502 secs]
   [Parallel Time: 24.9 ms, GC Workers: 8]
      [GC Worker Start (ms): Min: 522782687.9, Avg: 522782687.9, Max: 522782687.9, Diff: 0.1]
      [Ext Root Scanning (ms): Min: 2.1, Avg: 2.3, Max: 3.1, Diff: 1.1, Sum: 18.6]
      [Update RS (ms): Min: 10.6, Avg: 11.3, Max: 11.6, Diff: 1.0, Sum: 90.2]
         [Processed Buffers: Min: 51, Avg: 73.1, Max: 88, Diff: 37, Sum: 585]
      [Scan RS (ms): Min: 0.2, Avg: 0.3, Max: 0.4, Diff: 0.2, Sum: 2.6]
      [Code Root Scanning (ms): Min: 0.0, Avg: 0.0, Max: 0.0, Diff: 0.0, Sum: 0.1]
      [Object Copy (ms): Min: 10.6, Avg: 10.7, Max: 10.8, Diff: 0.3, Sum: 85.9]
      [Termination (ms): Min: 0.0, Avg: 0.0, Max: 0.0, Diff: 0.0, Sum: 0.0]
         [Termination Attempts: Min: 1, Avg: 2.2, Max: 4, Diff: 3, Sum: 18]
      [GC Worker Other (ms): Min: 0.0, Avg: 0.1, Max: 0.1, Diff: 0.1, Sum: 0.6]
      [GC Worker Total (ms): Min: 24.7, Avg: 24.7, Max: 24.8, Diff: 0.1, Sum: 197.9]
      [GC Worker End (ms): Min: 522782712.6, Avg: 522782712.6, Max: 522782712.7, Diff: 0.1]
   [Code Root Fixup: 0.0 ms]
   [Code Root Purge: 0.0 ms]
   [Clear CT: 0.6 ms]
   [Other: 4.9 ms]
      [Choose CSet: 0.0 ms]
      [Ref Proc: 1.7 ms]
      [Ref Enq: 0.1 ms]
      [Redirty Cards: 0.1 ms]
      [Humongous Register: 0.4 ms]
      [Humongous Reclaim: 0.2 ms]
      [Free CSet: 1.7 ms]
   [Eden: 3084.0M(3084.0M)->0.0B(3096.0M) Survivors: 54.0M->50.0M Heap: 5101.8M(6144.0M)->1968.7M(6144.0M)]
 [Times: user=0.21 sys=0.00, real=0.03 secs] 
2025-07-26T13:10:59.160+0800: 522812.996: [GC pause (G1 Evacuation Pause) (young), 0.0436328 secs]
   [Parallel Time: 33.3 ms, GC Workers: 8]
      [GC Worker Start (ms): Min: 522812998.1, Avg: 522812998.2, Max: 522812998.3, Diff: 0.2]
      [Ext Root Scanning (ms): Min: 3.2, Avg: 4.3, Max: 11.0, Diff: 7.9, Sum: 34.7]
      [Update RS (ms): Min: 5.3, Avg: 11.8, Max: 13.2, Diff: 8.0, Sum: 94.0]
         [Processed Buffers: Min: 61, Avg: 77.6, Max: 93, Diff: 32, Sum: 621]
      [Scan RS (ms): Min: 0.1, Avg: 0.3, Max: 0.4, Diff: 0.3, Sum: 2.6]
      [Code Root Scanning (ms): Min: 0.0, Avg: 0.0, Max: 0.0, Diff: 0.0, Sum: 0.1]
      [Object Copy (ms): Min: 16.1, Avg: 16.2, Max: 16.3, Diff: 0.2, Sum: 129.5]
      [Termination (ms): Min: 0.0, Avg: 0.3, Max: 0.5, Diff: 0.5, Sum: 2.6]
         [Termination Attempts: Min: 1, Avg: 7.1, Max: 13, Diff: 12, Sum: 57]
      [GC Worker Other (ms): Min: 0.0, Avg: 0.1, Max: 0.1, Diff: 0.1, Sum: 0.8]
      [GC Worker Total (ms): Min: 32.8, Avg: 33.0, Max: 33.2, Diff: 0.3, Sum: 264.3]
      [GC Worker End (ms): Min: 522813031.1, Avg: 522813031.2, Max: 522813031.3, Diff: 0.2]
   [Code Root Fixup: 0.1 ms]
   [Code Root Purge: 0.0 ms]
   [Clear CT: 0.5 ms]
   [Other: 9.7 ms]
      [Choose CSet: 0.0 ms]
      [Ref Proc: 2.4 ms]
      [Ref Enq: 0.2 ms]
      [Redirty Cards: 0.1 ms]
      [Humongous Register: 2.0 ms]
      [Humongous Reclaim: 0.2 ms]
      [Free CSet: 3.8 ms]
   [Eden: 3096.0M(3096.0M)->0.0B(3078.0M) Survivors: 50.0M->66.0M Heap: 5114.6M(6144.0M)->1983.7M(6144.0M)]
 [Times: user=0.24 sys=0.03, real=0.04 secs] 
2025-07-26T13:11:35.509+0800: 522849.344: [GC pause (G1 Evacuation Pause) (young), 0.0297829 secs]
   [Parallel Time: 20.0 ms, GC Workers: 8]
      [GC Worker Start (ms): Min: 522849345.3, Avg: 522849345.4, Max: 522849345.4, Diff: 0.1]
      [Ext Root Scanning (ms): Min: 2.5, Avg: 3.5, Max: 9.7, Diff: 7.3, Sum: 28.3]
      [Update RS (ms): Min: 0.0, Avg: 3.8, Max: 4.8, Diff: 4.8, Sum: 30.7]
         [Processed Buffers: Min: 0, Avg: 30.5, Max: 48, Diff: 48, Sum: 244]
      [Scan RS (ms): Min: 0.1, Avg: 0.3, Max: 0.4, Diff: 0.3, Sum: 2.5]
      [Code Root Scanning (ms): Min: 0.0, Avg: 0.0, Max: 0.0, Diff: 0.0, Sum: 0.1]
      [Object Copy (ms): Min: 9.9, Avg: 12.0, Max: 12.4, Diff: 2.5, Sum: 96.2]
      [Termination (ms): Min: 0.0, Avg: 0.0, Max: 0.0, Diff: 0.0, Sum: 0.2]
         [Termination Attempts: Min: 1, Avg: 20.6, Max: 29, Diff: 28, Sum: 165]
      [GC Worker Other (ms): Min: 0.0, Avg: 0.1, Max: 0.1, Diff: 0.1, Sum: 0.6]
      [GC Worker Total (ms): Min: 19.7, Avg: 19.8, Max: 19.9, Diff: 0.2, Sum: 158.5]
      [GC Worker End (ms): Min: 522849365.1, Avg: 522849365.2, Max: 522849365.2, Diff: 0.1]
   [Code Root Fixup: 0.1 ms]
   [Code Root Purge: 0.0 ms]
   [Clear CT: 0.8 ms]
   [Other: 8.9 ms]
      [Choose CSet: 0.0 ms]
      [Ref Proc: 4.0 ms]
      [Ref Enq: 0.3 ms]
      [Redirty Cards: 0.2 ms]
      [Humongous Register: 0.5 ms]
      [Humongous Reclaim: 0.2 ms]
      [Free CSet: 2.8 ms]
   [Eden: 3078.0M(3078.0M)->0.0B(3088.0M) Survivors: 66.0M->52.0M Heap: 5067.7M(6144.0M)->1976.7M(6144.0M)]
 [Times: user=0.17 sys=0.00, real=0.03 secs] 
2025-07-26T13:30:02.929+0800: 523956.764: [GC pause (G1 Evacuation Pause) (young), 0.1202277 secs]
   [Parallel Time: 106.2 ms, GC Workers: 8]
      [GC Worker Start (ms): Min: 523956767.7, Avg: 523956767.7, Max: 523956767.8, Diff: 0.1]
      [Ext Root Scanning (ms): Min: 3.0, Avg: 4.1, Max: 10.7, Diff: 7.8, Sum: 33.2]
      [Update RS (ms): Min: 10.7, Avg: 17.1, Max: 18.3, Diff: 7.6, Sum: 136.7]
         [Processed Buffers: Min: 29, Avg: 48.0, Max: 77, Diff: 48, Sum: 384]
      [Scan RS (ms): Min: 0.2, Avg: 0.4, Max: 0.4, Diff: 0.2, Sum: 3.0]
      [Code Root Scanning (ms): Min: 0.0, Avg: 0.0, Max: 0.0, Diff: 0.0, Sum: 0.1]
      [Object Copy (ms): Min: 83.6, Avg: 83.9, Max: 84.2, Diff: 0.5, Sum: 671.3]
      [Termination (ms): Min: 0.0, Avg: 0.4, Max: 0.6, Diff: 0.5, Sum: 3.3]
         [Termination Attempts: Min: 1, Avg: 36.1, Max: 50, Diff: 49, Sum: 289]
      [GC Worker Other (ms): Min: 0.0, Avg: 0.1, Max: 0.2, Diff: 0.2, Sum: 0.9]
      [GC Worker Total (ms): Min: 105.9, Avg: 106.0, Max: 106.1, Diff: 0.2, Sum: 848.4]
      [GC Worker End (ms): Min: 523956873.7, Avg: 523956873.8, Max: 523956873.8, Diff: 0.1]
   [Code Root Fixup: 0.1 ms]
   [Code Root Purge: 0.0 ms]
   [Clear CT: 0.7 ms]
   [Other: 13.3 ms]
      [Choose CSet: 0.0 ms]
      [Ref Proc: 5.0 ms]
      [Ref Enq: 0.2 ms]
      [Redirty Cards: 0.2 ms]
      [Humongous Register: 2.8 ms]
      [Humongous Reclaim: 0.2 ms]
      [Free CSet: 3.9 ms]
   [Eden: 3088.0M(3088.0M)->0.0B(2468.0M) Survivors: 52.0M->230.0M Heap: 5083.2M(6144.0M)->2154.2M(6144.0M)]
 [Times: user=0.75 sys=0.12, real=0.12 secs] 
2025-07-26T13:30:07.822+0800: 523961.657: [GC pause (G1 Evacuation Pause) (young), 0.2639521 secs]
   [Parallel Time: 258.9 ms, GC Workers: 8]
      [GC Worker Start (ms): Min: 523961657.8, Avg: 523961657.9, Max: 523961657.9, Diff: 0.1]
      [Ext Root Scanning (ms): Min: 2.3, Avg: 3.5, Max: 10.2, Diff: 7.9, Sum: 28.2]
      [Update RS (ms): Min: 23.2, Avg: 29.6, Max: 31.3, Diff: 8.1, Sum: 236.7]
         [Processed Buffers: Min: 16, Avg: 34.2, Max: 118, Diff: 102, Sum: 274]
      [Scan RS (ms): Min: 0.1, Avg: 0.3, Max: 0.6, Diff: 0.5, Sum: 2.1]
      [Code Root Scanning (ms): Min: 0.0, Avg: 0.0, Max: 0.0, Diff: 0.0, Sum: 0.1]
      [Object Copy (ms): Min: 225.0, Avg: 225.3, Max: 225.6, Diff: 0.6, Sum: 1802.5]
      [Termination (ms): Min: 0.0, Avg: 0.0, Max: 0.0, Diff: 0.0, Sum: 0.0]
         [Termination Attempts: Min: 1, Avg: 1.1, Max: 2, Diff: 1, Sum: 9]
      [GC Worker Other (ms): Min: 0.0, Avg: 0.1, Max: 0.1, Diff: 0.1, Sum: 0.5]
      [GC Worker Total (ms): Min: 258.7, Avg: 258.8, Max: 258.8, Diff: 0.1, Sum: 2070.1]
      [GC Worker End (ms): Min: 523961916.6, Avg: 523961916.6, Max: 523961916.7, Diff: 0.1]
   [Code Root Fixup: 0.0 ms]
   [Code Root Purge: 0.0 ms]
   [Clear CT: 0.5 ms]
   [Other: 4.5 ms]
      [Choose CSet: 0.0 ms]
      [Ref Proc: 0.8 ms]
      [Ref Enq: 0.1 ms]
      [Redirty Cards: 0.7 ms]
      [Humongous Register: 0.3 ms]
      [Humongous Reclaim: 0.1 ms]
      [Free CSet: 1.8 ms]
   [Eden: 2468.0M(2468.0M)->0.0B(224.0M) Survivors: 230.0M->282.0M Heap: 4628.7M(6144.0M)->2421.2M(6144.0M)]
 [Times: user=1.93 sys=0.11, real=0.26 secs] 
2025-07-26T13:30:09.919+0800: 523963.755: [GC pause (G1 Evacuation Pause) (young), 0.1477937 secs]
   [Parallel Time: 144.6 ms, GC Workers: 8]
      [GC Worker Start (ms): Min: 523963755.4, Avg: 523963755.4, Max: 523963755.5, Diff: 0.1]
      [Ext Root Scanning (ms): Min: 2.5, Avg: 2.9, Max: 4.2, Diff: 1.7, Sum: 23.3]
      [Update RS (ms): Min: 25.6, Avg: 26.7, Max: 27.0, Diff: 1.4, Sum: 213.5]
         [Processed Buffers: Min: 80, Avg: 95.5, Max: 111, Diff: 31, Sum: 764]
      [Scan RS (ms): Min: 3.2, Avg: 3.3, Max: 3.4, Diff: 0.1, Sum: 26.4]
      [Code Root Scanning (ms): Min: 0.0, Avg: 0.0, Max: 0.0, Diff: 0.0, Sum: 0.0]
      [Object Copy (ms): Min: 111.3, Avg: 111.4, Max: 111.6, Diff: 0.3, Sum: 891.6]
      [Termination (ms): Min: 0.0, Avg: 0.1, Max: 0.1, Diff: 0.1, Sum: 0.5]
         [Termination Attempts: Min: 1, Avg: 65.5, Max: 82, Diff: 81, Sum: 524]
      [GC Worker Other (ms): Min: 0.0, Avg: 0.1, Max: 0.1, Diff: 0.1, Sum: 0.4]
      [GC Worker Total (ms): Min: 144.4, Avg: 144.5, Max: 144.6, Diff: 0.2, Sum: 1155.8]
      [GC Worker End (ms): Min: 523963899.9, Avg: 523963899.9, Max: 523963899.9, Diff: 0.1]
   [Code Root Fixup: 0.0 ms]
   [Code Root Purge: 0.0 ms]
   [Clear CT: 0.2 ms]
   [Other: 2.9 ms]
      [Choose CSet: 0.0 ms]
      [Ref Proc: 0.5 ms]
      [Ref Enq: 0.0 ms]
      [Redirty Cards: 0.7 ms]
      [Humongous Register: 0.3 ms]
      [Humongous Reclaim: 0.1 ms]
      [Free CSet: 0.5 ms]
   [Eden: 164.0M(164.0M)->0.0B(1252.0M) Survivors: 282.0M->24.0M Heap: 2585.2M(6144.0M)->2423.2M(6144.0M)]
 [Times: user=1.15 sys=0.00, real=0.15 secs] 
2025-07-26T13:30:20.508+0800: 523974.344: [GC pause (G1 Humongous Allocation) (young) (initial-mark), 0.0398599 secs]
   [Parallel Time: 30.9 ms, GC Workers: 8]
      [GC Worker Start (ms): Min: 523974351.0, Avg: 523974351.0, Max: 523974351.2, Diff: 0.2]
      [Ext Root Scanning (ms): Min: 4.2, Avg: 4.4, Max: 4.8, Diff: 0.6, Sum: 35.1]
      [Update RS (ms): Min: 20.0, Avg: 20.3, Max: 20.7, Diff: 0.6, Sum: 162.5]
         [Processed Buffers: Min: 67, Avg: 86.9, Max: 104, Diff: 37, Sum: 695]
      [Scan RS (ms): Min: 0.0, Avg: 0.1, Max: 0.2, Diff: 0.2, Sum: 1.0]
      [Code Root Scanning (ms): Min: 0.0, Avg: 0.0, Max: 0.0, Diff: 0.0, Sum: 0.0]
      [Object Copy (ms): Min: 3.6, Avg: 4.2, Max: 4.7, Diff: 1.1, Sum: 33.7]
      [Termination (ms): Min: 0.0, Avg: 0.0, Max: 0.1, Diff: 0.1, Sum: 0.4]
         [Termination Attempts: Min: 1, Avg: 1.0, Max: 1, Diff: 0, Sum: 8]
      [GC Worker Other (ms): Min: 0.0, Avg: 0.1, Max: 0.2, Diff: 0.1, Sum: 0.8]
      [GC Worker Total (ms): Min: 29.1, Avg: 29.2, Max: 29.3, Diff: 0.3, Sum: 233.6]
      [GC Worker End (ms): Min: 523974380.2, Avg: 523974380.2, Max: 523974380.3, Diff: 0.0]
   [Code Root Fixup: 0.0 ms]
   [Code Root Purge: 0.0 ms]
   [Clear CT: 0.2 ms]
   [Other: 8.7 ms]
      [Choose CSet: 0.0 ms]
      [Ref Proc: 0.7 ms]
      [Ref Enq: 0.1 ms]
      [Redirty Cards: 0.1 ms]
      [Humongous Register: 0.6 ms]
      [Humongous Reclaim: 0.1 ms]
      [Free CSet: 1.5 ms]
   [Eden: 1042.0M(1252.0M)->0.0B(2242.0M) Survivors: 24.0M->34.0M Heap: 3463.3M(6144.0M)->2433.2M(6144.0M)]
 [Times: user=0.24 sys=0.00, real=0.04 secs] 
2025-07-26T13:30:20.549+0800: 523974.384: [GC concurrent-root-region-scan-start]
2025-07-26T13:30:20.557+0800: 523974.392: [GC concurrent-root-region-scan-end, 0.0079385 secs]
2025-07-26T13:30:20.557+0800: 523974.392: [GC concurrent-mark-start]
2025-07-26T13:30:21.284+0800: 523975.120: [GC concurrent-mark-end, 0.7279241 secs]
2025-07-26T13:30:21.288+0800: 523975.124: [GC remark 2025-07-26T13:30:21.288+0800: 523975.124: [Finalize Marking, 0.0006159 secs] 2025-07-26T13:30:21.289+0800: 523975.124: [GC ref-proc, 0.0064888 secs] 2025-07-26T13:30:21.295+0800: 523975.131: [Unloading, 0.0567038 secs], 0.0666742 secs]
 [Times: user=0.32 sys=0.07, real=0.06 secs] 
2025-07-26T13:30:21.358+0800: 523975.194: [GC cleanup 2936M->2369M(6144M), 0.0045585 secs]
 [Times: user=0.01 sys=0.02, real=0.00 secs] 
2025-07-26T13:30:21.363+0800: 523975.199: [GC concurrent-cleanup-start]
2025-07-26T13:30:21.364+0800: 523975.200: [GC concurrent-cleanup-end, 0.0010474 secs]
2025-07-26T13:30:42.158+0800: 523995.994: [GC pause (G1 Evacuation Pause) (young), 0.0240651 secs]
   [Parallel Time: 17.9 ms, GC Workers: 8]
      [GC Worker Start (ms): Min: 523995994.8, Avg: 523995994.8, Max: 523995994.9, Diff: 0.1]
      [Ext Root Scanning (ms): Min: 2.5, Avg: 2.7, Max: 3.5, Diff: 1.0, Sum: 22.0]
      [Update RS (ms): Min: 8.5, Avg: 9.1, Max: 9.4, Diff: 0.9, Sum: 72.5]
         [Processed Buffers: Min: 53, Avg: 69.0, Max: 90, Diff: 37, Sum: 552]
      [Scan RS (ms): Min: 0.1, Avg: 0.2, Max: 0.3, Diff: 0.2, Sum: 1.8]
      [Code Root Scanning (ms): Min: 0.0, Avg: 0.0, Max: 0.0, Diff: 0.0, Sum: 0.0]
      [Object Copy (ms): Min: 5.5, Avg: 5.6, Max: 5.7, Diff: 0.2, Sum: 45.2]
      [Termination (ms): Min: 0.0, Avg: 0.0, Max: 0.0, Diff: 0.0, Sum: 0.0]
         [Termination Attempts: Min: 1, Avg: 1.0, Max: 1, Diff: 0, Sum: 8]
      [GC Worker Other (ms): Min: 0.0, Avg: 0.1, Max: 0.1, Diff: 0.1, Sum: 0.5]
      [GC Worker Total (ms): Min: 17.7, Avg: 17.7, Max: 17.8, Diff: 0.1, Sum: 142.0]
      [GC Worker End (ms): Min: 523996012.5, Avg: 523996012.6, Max: 523996012.6, Diff: 0.1]
   [Code Root Fixup: 0.0 ms]
   [Code Root Purge: 0.0 ms]
   [Clear CT: 0.4 ms]
   [Other: 5.7 ms]
      [Choose CSet: 0.0 ms]
      [Ref Proc: 1.6 ms]
      [Ref Enq: 0.1 ms]
      [Redirty Cards: 0.1 ms]
      [Humongous Register: 0.6 ms]
      [Humongous Reclaim: 0.2 ms]
      [Free CSet: 2.2 ms]
   [Eden: 2242.0M(2242.0M)->0.0B(270.0M) Survivors: 34.0M->36.0M Heap: 4154.2M(6144.0M)->1869.1M(6144.0M)]
 [Times: user=0.15 sys=0.00, real=0.02 secs] 
2025-07-26T13:30:44.772+0800: 523998.607: [GC pause (G1 Evacuation Pause) (mixed), 0.0201427 secs]
   [Parallel Time: 15.5 ms, GC Workers: 8]
      [GC Worker Start (ms): Min: 523998608.1, Avg: 523998608.2, Max: 523998608.2, Diff: 0.1]
      [Ext Root Scanning (ms): Min: 2.2, Avg: 2.5, Max: 2.9, Diff: 0.7, Sum: 19.7]
      [Update RS (ms): Min: 0.4, Avg: 0.9, Max: 1.2, Diff: 0.8, Sum: 7.0]
         [Processed Buffers: Min: 2, Avg: 16.8, Max: 29, Diff: 27, Sum: 134]
      [Scan RS (ms): Min: 2.1, Avg: 2.4, Max: 2.5, Diff: 0.3, Sum: 19.3]
      [Code Root Scanning (ms): Min: 0.0, Avg: 0.0, Max: 0.0, Diff: 0.0, Sum: 0.0]
      [Object Copy (ms): Min: 9.3, Avg: 9.5, Max: 9.6, Diff: 0.3, Sum: 75.8]
      [Termination (ms): Min: 0.0, Avg: 0.0, Max: 0.0, Diff: 0.0, Sum: 0.2]
         [Termination Attempts: Min: 1, Avg: 30.2, Max: 42, Diff: 41, Sum: 242]
      [GC Worker Other (ms): Min: 0.0, Avg: 0.0, Max: 0.1, Diff: 0.0, Sum: 0.3]
      [GC Worker Total (ms): Min: 15.2, Avg: 15.3, Max: 15.4, Diff: 0.1, Sum: 122.2]
      [GC Worker End (ms): Min: 523998623.4, Avg: 523998623.4, Max: 523998623.5, Diff: 0.0]
   [Code Root Fixup: 0.0 ms]
   [Code Root Purge: 0.0 ms]
   [Clear CT: 0.4 ms]
   [Other: 4.3 ms]
      [Choose CSet: 0.4 ms]
      [Ref Proc: 0.4 ms]
      [Ref Enq: 0.1 ms]
      [Redirty Cards: 0.2 ms]
      [Humongous Register: 0.3 ms]
      [Humongous Reclaim: 0.1 ms]
      [Free CSet: 2.0 ms]
   [Eden: 270.0M(270.0M)->0.0B(3578.0M) Survivors: 36.0M->30.0M Heap: 2139.1M(6144.0M)->1334.1M(6144.0M)]
 [Times: user=0.07 sys=0.07, real=0.02 secs] 
2025-07-26T13:31:24.563+0800: 524038.399: [GC pause (G1 Evacuation Pause) (young), 0.0339863 secs]
   [Parallel Time: 20.0 ms, GC Workers: 8]
      [GC Worker Start (ms): Min: 524038402.2, Avg: 524038402.3, Max: 524038402.4, Diff: 0.1]
      [Ext Root Scanning (ms): Min: 2.8, Avg: 4.1, Max: 11.6, Diff: 8.8, Sum: 33.1]
      [Update RS (ms): Min: 0.4, Avg: 7.3, Max: 8.5, Diff: 8.0, Sum: 58.6]
         [Processed Buffers: Min: 7, Avg: 33.0, Max: 59, Diff: 52, Sum: 264]
      [Scan RS (ms): Min: 0.1, Avg: 0.4, Max: 0.5, Diff: 0.4, Sum: 3.1]
      [Code Root Scanning (ms): Min: 0.0, Avg: 0.0, Max: 0.0, Diff: 0.0, Sum: 0.1]
      [Object Copy (ms): Min: 7.5, Avg: 7.7, Max: 7.8, Diff: 0.3, Sum: 61.6]
      [Termination (ms): Min: 0.0, Avg: 0.0, Max: 0.0, Diff: 0.0, Sum: 0.0]
         [Termination Attempts: Min: 1, Avg: 1.0, Max: 1, Diff: 0, Sum: 8]
      [GC Worker Other (ms): Min: 0.1, Avg: 0.3, Max: 0.4, Diff: 0.2, Sum: 2.0]
      [GC Worker Total (ms): Min: 19.7, Avg: 19.8, Max: 19.9, Diff: 0.2, Sum: 158.5]
      [GC Worker End (ms): Min: 524038422.1, Avg: 524038422.1, Max: 524038422.2, Diff: 0.1]
   [Code Root Fixup: 0.0 ms]
   [Code Root Purge: 0.0 ms]
   [Clear CT: 0.5 ms]
   [Other: 13.4 ms]
      [Choose CSet: 0.0 ms]
      [Ref Proc: 2.2 ms]
      [Ref Enq: 0.2 ms]
      [Redirty Cards: 0.1 ms]
      [Humongous Register: 2.6 ms]
      [Humongous Reclaim: 0.2 ms]
      [Free CSet: 6.7 ms]
   [Eden: 3578.0M(3578.0M)->0.0B(3604.0M) Survivors: 30.0M->44.0M Heap: 4912.1M(6144.0M)->1348.1M(6144.0M)]
 [Times: user=0.17 sys=0.00, real=0.04 secs] 
2025-07-26T13:33:00.634+0800: 524134.469: [GC pause (G1 Evacuation Pause) (young), 0.0392231 secs]
   [Parallel Time: 28.9 ms, GC Workers: 8]
      [GC Worker Start (ms): Min: 524134471.7, Avg: 524134471.7, Max: 524134471.8, Diff: 0.1]
      [Ext Root Scanning (ms): Min: 3.1, Avg: 4.3, Max: 10.9, Diff: 7.8, Sum: 34.2]
      [Update RS (ms): Min: 7.9, Avg: 14.3, Max: 15.6, Diff: 7.6, Sum: 114.6]
         [Processed Buffers: Min: 74, Avg: 97.4, Max: 111, Diff: 37, Sum: 779]
      [Scan RS (ms): Min: 0.5, Avg: 0.7, Max: 1.0, Diff: 0.4, Sum: 5.9]
      [Code Root Scanning (ms): Min: 0.0, Avg: 0.0, Max: 0.0, Diff: 0.0, Sum: 0.1]
      [Object Copy (ms): Min: 9.1, Avg: 9.2, Max: 9.4, Diff: 0.3, Sum: 74.0]
      [Termination (ms): Min: 0.0, Avg: 0.0, Max: 0.0, Diff: 0.0, Sum: 0.0]
         [Termination Attempts: Min: 1, Avg: 1.0, Max: 1, Diff: 0, Sum: 8]
      [GC Worker Other (ms): Min: 0.0, Avg: 0.2, Max: 0.2, Diff: 0.2, Sum: 1.2]
      [GC Worker Total (ms): Min: 28.7, Avg: 28.7, Max: 28.9, Diff: 0.2, Sum: 230.0]
      [GC Worker End (ms): Min: 524134500.5, Avg: 524134500.5, Max: 524134500.5, Diff: 0.1]
   [Code Root Fixup: 0.0 ms]
   [Code Root Purge: 0.0 ms]
   [Clear CT: 0.8 ms]
   [Other: 9.5 ms]
      [Choose CSet: 0.0 ms]
      [Ref Proc: 1.6 ms]
      [Ref Enq: 0.1 ms]
      [Redirty Cards: 0.1 ms]
      [Humongous Register: 1.6 ms]
      [Humongous Reclaim: 0.5 ms]
      [Free CSet: 4.3 ms]
   [Eden: 3604.0M(3604.0M)->0.0B(3632.0M) Survivors: 44.0M->34.0M Heap: 5101.7M(6144.0M)->1346.8M(6144.0M)]
 [Times: user=0.22 sys=0.02, real=0.04 secs] 
2025-07-26T13:35:05.671+0800: 524259.506: [GC pause (G1 Evacuation Pause) (young), 0.0389562 secs]
   [Parallel Time: 28.7 ms, GC Workers: 8]
      [GC Worker Start (ms): Min: 524259508.8, Avg: 524259508.9, Max: 524259509.0, Diff: 0.3]
      [Ext Root Scanning (ms): Min: 2.7, Avg: 4.0, Max: 10.6, Diff: 7.8, Sum: 31.9]
      [Update RS (ms): Min: 7.1, Avg: 13.5, Max: 15.0, Diff: 7.8, Sum: 107.9]
         [Processed Buffers: Min: 62, Avg: 91.8, Max: 116, Diff: 54, Sum: 734]
      [Scan RS (ms): Min: 0.5, Avg: 0.9, Max: 1.0, Diff: 0.6, Sum: 7.1]
      [Code Root Scanning (ms): Min: 0.0, Avg: 0.0, Max: 0.0, Diff: 0.0, Sum: 0.1]
      [Object Copy (ms): Min: 9.8, Avg: 10.0, Max: 10.1, Diff: 0.2, Sum: 80.0]
      [Termination (ms): Min: 0.0, Avg: 0.0, Max: 0.0, Diff: 0.0, Sum: 0.1]
         [Termination Attempts: Min: 1, Avg: 13.0, Max: 17, Diff: 16, Sum: 104]
      [GC Worker Other (ms): Min: 0.1, Avg: 0.1, Max: 0.2, Diff: 0.1, Sum: 1.1]
      [GC Worker Total (ms): Min: 28.4, Avg: 28.5, Max: 28.6, Diff: 0.2, Sum: 228.1]
      [GC Worker End (ms): Min: 524259537.3, Avg: 524259537.4, Max: 524259537.4, Diff: 0.1]
   [Code Root Fixup: 0.0 ms]
   [Code Root Purge: 0.0 ms]
   [Clear CT: 0.6 ms]
   [Other: 9.5 ms]
      [Choose CSet: 0.0 ms]
      [Ref Proc: 1.8 ms]
      [Ref Enq: 0.1 ms]
      [Redirty Cards: 0.1 ms]
      [Humongous Register: 1.8 ms]
      [Humongous Reclaim: 0.5 ms]
      [Free CSet: 4.3 ms]
   [Eden: 3632.0M(3632.0M)->0.0B(3648.0M) Survivors: 34.0M->38.0M Heap: 5142.1M(6144.0M)->1346.4M(6144.0M)]
 [Times: user=0.22 sys=0.02, real=0.04 secs] 
2025-07-26T13:38:20.441+0800: 524454.277: [GC pause (G1 Evacuation Pause) (young), 0.0448166 secs]
   [Parallel Time: 35.1 ms, GC Workers: 8]
      [GC Worker Start (ms): Min: 524454278.9, Avg: 524454279.0, Max: 524454279.1, Diff: 0.2]
      [Ext Root Scanning (ms): Min: 2.7, Avg: 4.0, Max: 10.8, Diff: 8.1, Sum: 31.9]
      [Update RS (ms): Min: 12.9, Avg: 19.4, Max: 20.9, Diff: 8.0, Sum: 155.4]
         [Processed Buffers: Min: 86, Avg: 123.5, Max: 143, Diff: 57, Sum: 988]
      [Scan RS (ms): Min: 0.8, Avg: 1.1, Max: 1.4, Diff: 0.5, Sum: 9.1]
      [Code Root Scanning (ms): Min: 0.0, Avg: 0.0, Max: 0.0, Diff: 0.0, Sum: 0.1]
      [Object Copy (ms): Min: 9.0, Avg: 9.3, Max: 9.9, Diff: 0.9, Sum: 74.2]
      [Termination (ms): Min: 0.0, Avg: 0.7, Max: 1.1, Diff: 1.1, Sum: 5.6]
         [Termination Attempts: Min: 1, Avg: 2.2, Max: 4, Diff: 3, Sum: 18]
      [GC Worker Other (ms): Min: 0.1, Avg: 0.1, Max: 0.1, Diff: 0.1, Sum: 0.8]
      [GC Worker Total (ms): Min: 34.5, Avg: 34.6, Max: 34.9, Diff: 0.3, Sum: 277.1]
      [GC Worker End (ms): Min: 524454313.6, Avg: 524454313.7, Max: 524454314.0, Diff: 0.4]
   [Code Root Fixup: 0.0 ms]
   [Code Root Purge: 0.0 ms]
   [Clear CT: 0.7 ms]
   [Other: 8.9 ms]
      [Choose CSet: 0.0 ms]
      [Ref Proc: 1.1 ms]
      [Ref Enq: 0.1 ms]
      [Redirty Cards: 0.1 ms]
      [Humongous Register: 1.4 ms]
      [Humongous Reclaim: 0.8 ms]
      [Free CSet: 4.3 ms]
   [Eden: 3648.0M(3648.0M)->0.0B(3650.0M) Survivors: 38.0M->36.0M Heap: 5227.2M(6144.0M)->1340.1M(6144.0M)]
 [Times: user=0.25 sys=0.04, real=0.04 secs] 
2025-07-26T13:40:16.280+0800: 524570.115: [GC pause (G1 Evacuation Pause) (young), 0.0494004 secs]
   [Parallel Time: 37.5 ms, GC Workers: 8]
      [GC Worker Start (ms): Min: 524570118.8, Avg: 524570118.9, Max: 524570119.0, Diff: 0.1]
      [Ext Root Scanning (ms): Min: 3.1, Avg: 4.2, Max: 10.5, Diff: 7.5, Sum: 33.6]
      [Update RS (ms): Min: 11.9, Avg: 17.9, Max: 18.9, Diff: 7.0, Sum: 143.0]
         [Processed Buffers: Min: 57, Avg: 115.4, Max: 145, Diff: 88, Sum: 923]
      [Scan RS (ms): Min: 0.6, Avg: 1.1, Max: 1.3, Diff: 0.7, Sum: 8.9]
      [Code Root Scanning (ms): Min: 0.0, Avg: 0.0, Max: 0.0, Diff: 0.0, Sum: 0.1]
      [Object Copy (ms): Min: 13.0, Avg: 13.3, Max: 14.1, Diff: 1.1, Sum: 106.6]
      [Termination (ms): Min: 0.0, Avg: 0.7, Max: 0.8, Diff: 0.8, Sum: 5.3]
         [Termination Attempts: Min: 1, Avg: 26.8, Max: 33, Diff: 32, Sum: 214]
      [GC Worker Other (ms): Min: 0.1, Avg: 0.1, Max: 0.2, Diff: 0.2, Sum: 0.9]
      [GC Worker Total (ms): Min: 37.2, Avg: 37.3, Max: 37.4, Diff: 0.2, Sum: 298.5]
      [GC Worker End (ms): Min: 524570156.2, Avg: 524570156.2, Max: 524570156.3, Diff: 0.1]
   [Code Root Fixup: 0.0 ms]
   [Code Root Purge: 0.0 ms]
   [Clear CT: 0.7 ms]
   [Other: 11.2 ms]
      [Choose CSet: 0.0 ms]
      [Ref Proc: 1.9 ms]
      [Ref Enq: 0.2 ms]
      [Redirty Cards: 0.1 ms]
      [Humongous Register: 2.8 ms]
      [Humongous Reclaim: 0.5 ms]
      [Free CSet: 4.6 ms]
   [Eden: 3650.0M(3650.0M)->0.0B(3626.0M) Survivors: 36.0M->60.0M Heap: 5132.2M(6144.0M)->1364.1M(6144.0M)]
 [Times: user=0.26 sys=0.05, real=0.05 secs] 
2025-07-26T13:40:53.082+0800: 524606.918: [GC pause (G1 Evacuation Pause) (young), 0.0401918 secs]
   [Parallel Time: 28.9 ms, GC Workers: 8]
      [GC Worker Start (ms): Min: 524606920.9, Avg: 524606921.1, Max: 524606921.2, Diff: 0.2]
      [Ext Root Scanning (ms): Min: 3.2, Avg: 4.5, Max: 12.2, Diff: 9.0, Sum: 36.0]
      [Update RS (ms): Min: 3.9, Avg: 11.5, Max: 14.4, Diff: 10.5, Sum: 91.8]
         [Processed Buffers: Min: 50, Avg: 74.0, Max: 92, Diff: 42, Sum: 592]
      [Scan RS (ms): Min: 0.1, Avg: 0.4, Max: 0.5, Diff: 0.4, Sum: 3.0]
      [Code Root Scanning (ms): Min: 0.0, Avg: 0.0, Max: 0.0, Diff: 0.0, Sum: 0.1]
      [Object Copy (ms): Min: 10.7, Avg: 12.1, Max: 12.5, Diff: 1.9, Sum: 97.1]
      [Termination (ms): Min: 0.0, Avg: 0.0, Max: 0.0, Diff: 0.0, Sum: 0.0]
         [Termination Attempts: Min: 1, Avg: 2.2, Max: 3, Diff: 2, Sum: 18]
      [GC Worker Other (ms): Min: 0.1, Avg: 0.1, Max: 0.2, Diff: 0.1, Sum: 1.1]
      [GC Worker Total (ms): Min: 28.6, Avg: 28.6, Max: 28.8, Diff: 0.2, Sum: 229.2]
      [GC Worker End (ms): Min: 524606949.7, Avg: 524606949.7, Max: 524606949.8, Diff: 0.1]
   [Code Root Fixup: 0.0 ms]
   [Code Root Purge: 0.0 ms]
   [Clear CT: 0.7 ms]
   [Other: 10.6 ms]
      [Choose CSet: 0.0 ms]
      [Ref Proc: 2.2 ms]
      [Ref Enq: 0.2 ms]
      [Redirty Cards: 0.1 ms]
      [Humongous Register: 2.4 ms]
      [Humongous Reclaim: 0.2 ms]
      [Free CSet: 4.4 ms]
   [Eden: 3626.0M(3626.0M)->0.0B(3628.0M) Survivors: 60.0M->58.0M Heap: 5036.2M(6144.0M)->1363.1M(6144.0M)]
 [Times: user=0.22 sys=0.03, real=0.04 secs] 
2025-07-26T13:41:27.519+0800: 524641.355: [GC pause (G1 Evacuation Pause) (young), 0.0382149 secs]
   [Parallel Time: 31.4 ms, GC Workers: 8]
      [GC Worker Start (ms): Min: 524641355.5, Avg: 524641355.5, Max: 524641355.6, Diff: 0.1]
      [Ext Root Scanning (ms): Min: 2.3, Avg: 3.6, Max: 10.9, Diff: 8.5, Sum: 28.5]
      [Update RS (ms): Min: 5.3, Avg: 12.4, Max: 13.6, Diff: 8.4, Sum: 99.0]
         [Processed Buffers: Min: 55, Avg: 81.6, Max: 99, Diff: 44, Sum: 653]
      [Scan RS (ms): Min: 0.2, Avg: 0.4, Max: 0.4, Diff: 0.2, Sum: 3.2]
      [Code Root Scanning (ms): Min: 0.0, Avg: 0.0, Max: 0.0, Diff: 0.0, Sum: 0.1]
      [Object Copy (ms): Min: 14.6, Avg: 14.8, Max: 14.9, Diff: 0.3, Sum: 118.1]
      [Termination (ms): Min: 0.0, Avg: 0.0, Max: 0.0, Diff: 0.0, Sum: 0.2]
         [Termination Attempts: Min: 1, Avg: 23.0, Max: 29, Diff: 28, Sum: 184]
      [GC Worker Other (ms): Min: 0.0, Avg: 0.1, Max: 0.1, Diff: 0.1, Sum: 0.6]
      [GC Worker Total (ms): Min: 31.1, Avg: 31.2, Max: 31.3, Diff: 0.1, Sum: 249.5]
      [GC Worker End (ms): Min: 524641386.7, Avg: 524641386.7, Max: 524641386.8, Diff: 0.1]
   [Code Root Fixup: 0.0 ms]
   [Code Root Purge: 0.0 ms]
   [Clear CT: 0.7 ms]
   [Other: 6.2 ms]
      [Choose CSet: 0.0 ms]
      [Ref Proc: 2.3 ms]
      [Ref Enq: 0.2 ms]
      [Redirty Cards: 0.2 ms]
      [Humongous Register: 0.5 ms]
      [Humongous Reclaim: 0.2 ms]
      [Free CSet: 1.9 ms]
   [Eden: 3628.0M(3628.0M)->0.0B(3626.0M) Survivors: 58.0M->60.0M Heap: 5047.0M(6144.0M)->1370.1M(6144.0M)]
 [Times: user=0.24 sys=0.02, real=0.04 secs] 
2025-07-26T13:42:51.229+0800: 524725.064: [GC pause (G1 Evacuation Pause) (young), 0.0487052 secs]
   [Parallel Time: 37.8 ms, GC Workers: 8]
      [GC Worker Start (ms): Min: 524725066.8, Avg: 524725066.9, Max: 524725067.0, Diff: 0.2]
      [Ext Root Scanning (ms): Min: 2.9, Avg: 4.1, Max: 11.2, Diff: 8.4, Sum: 32.8]
      [Update RS (ms): Min: 14.0, Avg: 20.9, Max: 22.4, Diff: 8.4, Sum: 167.5]
         [Processed Buffers: Min: 107, Avg: 126.0, Max: 140, Diff: 33, Sum: 1008]
      [Scan RS (ms): Min: 0.2, Avg: 0.4, Max: 0.5, Diff: 0.3, Sum: 3.4]
      [Code Root Scanning (ms): Min: 0.0, Avg: 0.0, Max: 0.0, Diff: 0.0, Sum: 0.1]
      [Object Copy (ms): Min: 11.0, Avg: 11.2, Max: 11.8, Diff: 0.8, Sum: 89.9]
      [Termination (ms): Min: 0.0, Avg: 0.6, Max: 0.7, Diff: 0.7, Sum: 5.0]
         [Termination Attempts: Min: 1, Avg: 5.4, Max: 11, Diff: 10, Sum: 43]
      [GC Worker Other (ms): Min: 0.0, Avg: 0.1, Max: 0.2, Diff: 0.2, Sum: 0.9]
      [GC Worker Total (ms): Min: 37.4, Avg: 37.4, Max: 37.6, Diff: 0.2, Sum: 299.5]
      [GC Worker End (ms): Min: 524725104.3, Avg: 524725104.4, Max: 524725104.4, Diff: 0.1]
   [Code Root Fixup: 0.0 ms]
   [Code Root Purge: 0.0 ms]
   [Clear CT: 0.7 ms]
   [Other: 10.2 ms]
      [Choose CSet: 0.0 ms]
      [Ref Proc: 2.1 ms]
      [Ref Enq: 0.2 ms]
      [Redirty Cards: 0.1 ms]
      [Humongous Register: 1.8 ms]
      [Humongous Reclaim: 0.4 ms]
      [Free CSet: 4.4 ms]
   [Eden: 3626.0M(3626.0M)->0.0B(3646.0M) Survivors: 60.0M->40.0M Heap: 5094.2M(6144.0M)->1350.1M(6144.0M)]
 [Times: user=0.25 sys=0.05, real=0.05 secs] 
2025-07-26T13:44:58.617+0800: 524852.452: [GC pause (G1 Evacuation Pause) (young), 0.0480318 secs]
   [Parallel Time: 37.9 ms, GC Workers: 8]
      [GC Worker Start (ms): Min: 524852454.4, Avg: 524852454.5, Max: 524852454.6, Diff: 0.3]
      [Ext Root Scanning (ms): Min: 3.3, Avg: 4.6, Max: 12.1, Diff: 8.8, Sum: 37.0]
      [Update RS (ms): Min: 13.0, Avg: 20.3, Max: 21.7, Diff: 8.8, Sum: 162.2]
         [Processed Buffers: Min: 104, Avg: 133.5, Max: 150, Diff: 46, Sum: 1068]
      [Scan RS (ms): Min: 1.5, Avg: 1.8, Max: 2.0, Diff: 0.5, Sum: 14.4]
      [Code Root Scanning (ms): Min: 0.0, Avg: 0.0, Max: 0.0, Diff: 0.0, Sum: 0.1]
      [Object Copy (ms): Min: 10.6, Avg: 10.7, Max: 10.9, Diff: 0.3, Sum: 85.8]
      [Termination (ms): Min: 0.0, Avg: 0.0, Max: 0.1, Diff: 0.1, Sum: 0.3]
         [Termination Attempts: Min: 1, Avg: 38.5, Max: 57, Diff: 56, Sum: 308]
      [GC Worker Other (ms): Min: 0.1, Avg: 0.1, Max: 0.2, Diff: 0.1, Sum: 1.2]
      [GC Worker Total (ms): Min: 37.5, Avg: 37.6, Max: 37.7, Diff: 0.3, Sum: 300.9]
      [GC Worker End (ms): Min: 524852492.1, Avg: 524852492.1, Max: 524852492.2, Diff: 0.1]
   [Code Root Fixup: 0.0 ms]
   [Code Root Purge: 0.0 ms]
   [Clear CT: 0.8 ms]
   [Other: 9.3 ms]
      [Choose CSet: 0.0 ms]
      [Ref Proc: 2.0 ms]
      [Ref Enq: 0.1 ms]
      [Redirty Cards: 0.1 ms]
      [Humongous Register: 1.4 ms]
      [Humongous Reclaim: 0.4 ms]
      [Free CSet: 4.4 ms]
   [Eden: 3646.0M(3646.0M)->0.0B(3648.0M) Survivors: 40.0M->38.0M Heap: 5150.1M(6144.0M)->1349.1M(6144.0M)]
 [Times: user=0.31 sys=0.00, real=0.05 secs] 
2025-07-26T13:46:30.988+0800: 524944.823: [GC pause (G1 Evacuation Pause) (young), 0.0415313 secs]
   [Parallel Time: 30.1 ms, GC Workers: 8]
      [GC Worker Start (ms): Min: 524944825.7, Avg: 524944825.8, Max: 524944825.8, Diff: 0.1]
      [Ext Root Scanning (ms): Min: 2.7, Avg: 3.9, Max: 10.6, Diff: 7.9, Sum: 31.1]
      [Update RS (ms): Min: 8.1, Avg: 14.5, Max: 15.9, Diff: 7.9, Sum: 115.8]
         [Processed Buffers: Min: 52, Avg: 100.5, Max: 127, Diff: 75, Sum: 804]
      [Scan RS (ms): Min: 1.5, Avg: 1.9, Max: 2.1, Diff: 0.7, Sum: 15.4]
      [Code Root Scanning (ms): Min: 0.0, Avg: 0.0, Max: 0.0, Diff: 0.0, Sum: 0.1]
      [Object Copy (ms): Min: 9.3, Avg: 9.5, Max: 9.6, Diff: 0.3, Sum: 75.8]
      [Termination (ms): Min: 0.0, Avg: 0.0, Max: 0.0, Diff: 0.0, Sum: 0.0]
         [Termination Attempts: Min: 1, Avg: 3.0, Max: 4, Diff: 3, Sum: 24]
      [GC Worker Other (ms): Min: 0.1, Avg: 0.1, Max: 0.2, Diff: 0.2, Sum: 1.1]
      [GC Worker Total (ms): Min: 29.8, Avg: 29.9, Max: 30.0, Diff: 0.2, Sum: 239.3]
      [GC Worker End (ms): Min: 524944855.6, Avg: 524944855.7, Max: 524944855.7, Diff: 0.1]
   [Code Root Fixup: 0.0 ms]
   [Code Root Purge: 0.0 ms]
   [Clear CT: 0.7 ms]
   [Other: 10.6 ms]
      [Choose CSet: 0.0 ms]
      [Ref Proc: 2.2 ms]
      [Ref Enq: 0.1 ms]
      [Redirty Cards: 0.1 ms]
      [Humongous Register: 1.7 ms]
      [Humongous Reclaim: 0.8 ms]
      [Free CSet: 4.7 ms]
   [Eden: 3648.0M(3648.0M)->0.0B(3648.0M) Survivors: 38.0M->38.0M Heap: 5169.2M(6144.0M)->1349.1M(6144.0M)]
 [Times: user=0.13 sys=0.13, real=0.04 secs] 
2025-07-26T13:48:07.488+0800: 525041.324: [GC pause (G1 Evacuation Pause) (young), 0.0497655 secs]
   [Parallel Time: 37.6 ms, GC Workers: 8]
      [GC Worker Start (ms): Min: 525041327.4, Avg: 525041327.5, Max: 525041327.6, Diff: 0.2]
      [Ext Root Scanning (ms): Min: 3.0, Avg: 4.3, Max: 11.6, Diff: 8.6, Sum: 34.4]
      [Update RS (ms): Min: 14.0, Avg: 21.2, Max: 22.8, Diff: 8.8, Sum: 169.3]
         [Processed Buffers: Min: 99, Avg: 122.5, Max: 142, Diff: 43, Sum: 980]
      [Scan RS (ms): Min: 0.1, Avg: 0.4, Max: 0.5, Diff: 0.4, Sum: 3.3]
      [Code Root Scanning (ms): Min: 0.0, Avg: 0.0, Max: 0.0, Diff: 0.0, Sum: 0.1]
      [Object Copy (ms): Min: 9.7, Avg: 10.3, Max: 10.9, Diff: 1.2, Sum: 82.3]
      [Termination (ms): Min: 0.4, Avg: 1.0, Max: 1.6, Diff: 1.2, Sum: 8.0]
         [Termination Attempts: Min: 44, Avg: 126.1, Max: 178, Diff: 134, Sum: 1009]
      [GC Worker Other (ms): Min: 0.0, Avg: 0.1, Max: 0.1, Diff: 0.1, Sum: 0.8]
      [GC Worker Total (ms): Min: 37.1, Avg: 37.3, Max: 37.4, Diff: 0.3, Sum: 298.1]
      [GC Worker End (ms): Min: 525041364.7, Avg: 525041364.8, Max: 525041364.9, Diff: 0.2]
   [Code Root Fixup: 0.0 ms]
   [Code Root Purge: 0.0 ms]
   [Clear CT: 0.7 ms]
   [Other: 11.4 ms]
      [Choose CSet: 0.0 ms]
      [Ref Proc: 2.7 ms]
      [Ref Enq: 0.1 ms]
      [Redirty Cards: 0.1 ms]
      [Humongous Register: 2.7 ms]
      [Humongous Reclaim: 0.4 ms]
      [Free CSet: 4.4 ms]
   [Eden: 3648.0M(3648.0M)->0.0B(3654.0M) Survivors: 38.0M->32.0M Heap: 5099.1M(6144.0M)->1349.1M(6144.0M)]
 [Times: user=0.25 sys=0.07, real=0.05 secs] 
2025-07-26T13:51:33.949+0800: 525247.785: [GC pause (G1 Evacuation Pause) (young), 0.0329084 secs]
   [Parallel Time: 20.1 ms, GC Workers: 8]
      [GC Worker Start (ms): Min: 525247788.1, Avg: 525247788.2, Max: 525247788.2, Diff: 0.1]
      [Ext Root Scanning (ms): Min: 2.9, Avg: 4.1, Max: 11.6, Diff: 8.7, Sum: 33.0]
      [Update RS (ms): Min: 0.0, Avg: 4.4, Max: 5.6, Diff: 5.6, Sum: 35.2]
         [Processed Buffers: Min: 0, Avg: 24.5, Max: 37, Diff: 37, Sum: 196]
      [Scan RS (ms): Min: 0.1, Avg: 0.4, Max: 0.5, Diff: 0.4, Sum: 3.1]
      [Code Root Scanning (ms): Min: 0.0, Avg: 0.0, Max: 0.0, Diff: 0.0, Sum: 0.1]
      [Object Copy (ms): Min: 7.4, Avg: 10.3, Max: 11.0, Diff: 3.5, Sum: 82.3]
      [Termination (ms): Min: 0.3, Avg: 0.6, Max: 0.9, Diff: 0.6, Sum: 4.4]
         [Termination Attempts: Min: 37, Avg: 99.4, Max: 143, Diff: 106, Sum: 795]
      [GC Worker Other (ms): Min: 0.0, Avg: 0.1, Max: 0.2, Diff: 0.2, Sum: 1.0]
      [GC Worker Total (ms): Min: 19.8, Avg: 19.9, Max: 19.9, Diff: 0.1, Sum: 159.0]
      [GC Worker End (ms): Min: 525247808.0, Avg: 525247808.0, Max: 525247808.1, Diff: 0.1]
   [Code Root Fixup: 0.0 ms]
   [Code Root Purge: 0.0 ms]
   [Clear CT: 0.6 ms]
   [Other: 12.2 ms]
      [Choose CSet: 0.0 ms]
      [Ref Proc: 3.7 ms]
      [Ref Enq: 0.2 ms]
      [Redirty Cards: 0.2 ms]
      [Humongous Register: 2.7 ms]
      [Humongous Reclaim: 0.2 ms]
      [Free CSet: 4.3 ms]
   [Eden: 3654.0M(3654.0M)->0.0B(3654.0M) Survivors: 32.0M->32.0M Heap: 5009.1M(6144.0M)->1343.1M(6144.0M)]
 [Times: user=0.15 sys=0.02, real=0.03 secs] 
2025-07-26T13:55:23.632+0800: 525477.467: [GC pause (G1 Evacuation Pause) (young), 0.0396610 secs]
   [Parallel Time: 26.2 ms, GC Workers: 8]
      [GC Worker Start (ms): Min: 525477470.7, Avg: 525477470.8, Max: 525477470.8, Diff: 0.2]
      [Ext Root Scanning (ms): Min: 3.3, Avg: 4.6, Max: 12.1, Diff: 8.8, Sum: 36.9]
      [Update RS (ms): Min: 3.4, Avg: 10.6, Max: 11.9, Diff: 8.5, Sum: 84.8]
         [Processed Buffers: Min: 38, Avg: 62.9, Max: 81, Diff: 43, Sum: 503]
      [Scan RS (ms): Min: 0.1, Avg: 0.4, Max: 0.5, Diff: 0.4, Sum: 3.3]
      [Code Root Scanning (ms): Min: 0.0, Avg: 0.0, Max: 0.0, Diff: 0.0, Sum: 0.1]
      [Object Copy (ms): Min: 9.8, Avg: 10.1, Max: 10.3, Diff: 0.5, Sum: 81.1]
      [Termination (ms): Min: 0.0, Avg: 0.0, Max: 0.0, Diff: 0.0, Sum: 0.2]
         [Termination Attempts: Min: 1, Avg: 25.9, Max: 34, Diff: 33, Sum: 207]
      [GC Worker Other (ms): Min: 0.1, Avg: 0.2, Max: 0.3, Diff: 0.2, Sum: 1.3]
      [GC Worker Total (ms): Min: 25.9, Avg: 26.0, Max: 26.1, Diff: 0.2, Sum: 207.7]
      [GC Worker End (ms): Min: 525477496.7, Avg: 525477496.7, Max: 525477496.8, Diff: 0.1]
   [Code Root Fixup: 0.0 ms]
   [Code Root Purge: 0.0 ms]
   [Clear CT: 0.9 ms]
   [Other: 12.6 ms]
      [Choose CSet: 0.0 ms]
      [Ref Proc: 3.6 ms]
      [Ref Enq: 0.1 ms]
      [Redirty Cards: 0.1 ms]
      [Humongous Register: 2.8 ms]
      [Humongous Reclaim: 0.4 ms]
      [Free CSet: 4.6 ms]
   [Eden: 3654.0M(3654.0M)->0.0B(3652.0M) Survivors: 32.0M->34.0M Heap: 5057.1M(6144.0M)->1350.1M(6144.0M)]
 [Times: user=0.20 sys=0.02, real=0.04 secs] 
2025-07-26T13:56:02.368+0800: 525516.204: [GC pause (GCLocker Initiated GC) (young), 0.0355374 secs]
   [Parallel Time: 22.2 ms, GC Workers: 8]
      [GC Worker Start (ms): Min: 525516207.5, Avg: 525516207.6, Max: 525516207.7, Diff: 0.1]
      [Ext Root Scanning (ms): Min: 3.3, Avg: 4.7, Max: 12.8, Diff: 9.5, Sum: 37.6]
      [Update RS (ms): Min: 0.0, Avg: 6.5, Max: 8.1, Diff: 8.1, Sum: 51.9]
         [Processed Buffers: Min: 0, Avg: 35.0, Max: 54, Diff: 54, Sum: 280]
      [Scan RS (ms): Min: 0.1, Avg: 0.4, Max: 0.6, Diff: 0.4, Sum: 3.3]
      [Code Root Scanning (ms): Min: 0.0, Avg: 0.0, Max: 0.0, Diff: 0.0, Sum: 0.1]
      [Object Copy (ms): Min: 8.9, Avg: 10.2, Max: 10.4, Diff: 1.6, Sum: 81.3]
      [Termination (ms): Min: 0.0, Avg: 0.1, Max: 0.1, Diff: 0.1, Sum: 0.4]
         [Termination Attempts: Min: 1, Avg: 56.5, Max: 75, Diff: 74, Sum: 452]
      [GC Worker Other (ms): Min: 0.1, Avg: 0.2, Max: 0.2, Diff: 0.1, Sum: 1.3]
      [GC Worker Total (ms): Min: 21.9, Avg: 22.0, Max: 22.0, Diff: 0.2, Sum: 175.7]
      [GC Worker End (ms): Min: 525516229.5, Avg: 525516229.6, Max: 525516229.6, Diff: 0.1]
   [Code Root Fixup: 0.0 ms]
   [Code Root Purge: 0.0 ms]
   [Clear CT: 0.8 ms]
   [Other: 12.5 ms]
      [Choose CSet: 0.0 ms]
      [Ref Proc: 3.4 ms]
      [Ref Enq: 0.1 ms]
      [Redirty Cards: 0.2 ms]
      [Humongous Register: 2.8 ms]
      [Humongous Reclaim: 0.2 ms]
      [Free CSet: 4.9 ms]
   [Eden: 3652.0M(3652.0M)->0.0B(3652.0M) Survivors: 34.0M->34.0M Heap: 5026.1M(6144.0M)->1350.1M(6144.0M)]
 [Times: user=0.16 sys=0.03, real=0.03 secs] 
2025-07-26T14:05:08.628+0800: 526062.463: [GC pause (G1 Evacuation Pause) (young), 0.0417382 secs]
   [Parallel Time: 27.9 ms, GC Workers: 8]
      [GC Worker Start (ms): Min: 526062466.0, Avg: 526062466.1, Max: 526062466.2, Diff: 0.2]
      [Ext Root Scanning (ms): Min: 2.8, Avg: 3.9, Max: 10.4, Diff: 7.7, Sum: 31.4]
      [Update RS (ms): Min: 0.7, Avg: 7.1, Max: 8.5, Diff: 7.7, Sum: 57.1]
         [Processed Buffers: Min: 31, Avg: 45.4, Max: 59, Diff: 28, Sum: 363]
      [Scan RS (ms): Min: 0.1, Avg: 0.4, Max: 0.5, Diff: 0.4, Sum: 3.0]
      [Code Root Scanning (ms): Min: 0.0, Avg: 0.0, Max: 0.0, Diff: 0.0, Sum: 0.1]
      [Object Copy (ms): Min: 15.1, Avg: 15.4, Max: 16.2, Diff: 1.0, Sum: 123.2]
      [Termination (ms): Min: 0.0, Avg: 0.7, Max: 0.8, Diff: 0.8, Sum: 5.4]
         [Termination Attempts: Min: 1, Avg: 13.0, Max: 18, Diff: 17, Sum: 104]
      [GC Worker Other (ms): Min: 0.1, Avg: 0.1, Max: 0.2, Diff: 0.1, Sum: 0.9]
      [GC Worker Total (ms): Min: 27.5, Avg: 27.6, Max: 27.7, Diff: 0.2, Sum: 221.1]
      [GC Worker End (ms): Min: 526062493.7, Avg: 526062493.8, Max: 526062493.8, Diff: 0.1]
   [Code Root Fixup: 0.0 ms]
   [Code Root Purge: 0.0 ms]
   [Clear CT: 0.7 ms]
   [Other: 13.2 ms]
      [Choose CSet: 0.0 ms]
      [Ref Proc: 5.3 ms]
      [Ref Enq: 0.2 ms]
      [Redirty Cards: 0.2 ms]
      [Humongous Register: 1.9 ms]
      [Humongous Reclaim: 0.3 ms]
      [Free CSet: 4.3 ms]
   [Eden: 3652.0M(3652.0M)->0.0B(3638.0M) Survivors: 34.0M->48.0M Heap: 5032.1M(6144.0M)->1358.5M(6144.0M)]
 [Times: user=0.19 sys=0.04, real=0.04 secs] 
2025-07-26T14:06:28.257+0800: 526142.093: [GC pause (G1 Evacuation Pause) (young), 0.0443308 secs]
   [Parallel Time: 34.0 ms, GC Workers: 8]
      [GC Worker Start (ms): Min: 526142095.1, Avg: 526142095.1, Max: 526142095.2, Diff: 0.1]
      [Ext Root Scanning (ms): Min: 2.6, Avg: 3.9, Max: 10.8, Diff: 8.2, Sum: 31.3]
      [Update RS (ms): Min: 11.8, Avg: 18.6, Max: 20.2, Diff: 8.3, Sum: 148.9]
         [Processed Buffers: Min: 89, Avg: 129.1, Max: 156, Diff: 67, Sum: 1033]
      [Scan RS (ms): Min: 1.9, Avg: 2.4, Max: 2.6, Diff: 0.6, Sum: 19.4]
      [Code Root Scanning (ms): Min: 0.0, Avg: 0.0, Max: 0.0, Diff: 0.0, Sum: 0.1]
      [Object Copy (ms): Min: 7.7, Avg: 8.0, Max: 8.8, Diff: 1.0, Sum: 63.8]
      [Termination (ms): Min: 0.0, Avg: 0.7, Max: 0.9, Diff: 0.9, Sum: 5.9]
         [Termination Attempts: Min: 1, Avg: 14.2, Max: 21, Diff: 20, Sum: 114]
      [GC Worker Other (ms): Min: 0.0, Avg: 0.1, Max: 0.2, Diff: 0.1, Sum: 0.8]
      [GC Worker Total (ms): Min: 33.7, Avg: 33.8, Max: 33.9, Diff: 0.2, Sum: 270.2]
      [GC Worker End (ms): Min: 526142128.9, Avg: 526142128.9, Max: 526142128.9, Diff: 0.1]
   [Code Root Fixup: 0.0 ms]
   [Code Root Purge: 0.0 ms]
   [Clear CT: 0.8 ms]
   [Other: 9.6 ms]
      [Choose CSet: 0.0 ms]
      [Ref Proc: 2.0 ms]
      [Ref Enq: 0.1 ms]
      [Redirty Cards: 0.1 ms]
      [Humongous Register: 1.5 ms]
      [Humongous Reclaim: 0.5 ms]
      [Free CSet: 4.5 ms]
   [Eden: 3638.0M(3638.0M)->0.0B(3652.0M) Survivors: 48.0M->34.0M Heap: 5157.5M(6144.0M)->1345.8M(6144.0M)]
 [Times: user=0.23 sys=0.05, real=0.04 secs] 
2025-07-26T14:07:50.446+0800: 526224.281: [GC pause (G1 Evacuation Pause) (young), 0.0521826 secs]
   [Parallel Time: 37.0 ms, GC Workers: 8]
      [GC Worker Start (ms): Min: 526224284.8, Avg: 526224284.9, Max: 526224285.0, Diff: 0.2]
      [Ext Root Scanning (ms): Min: 3.2, Avg: 4.7, Max: 13.6, Diff: 10.4, Sum: 37.8]
      [Update RS (ms): Min: 13.0, Avg: 21.7, Max: 23.5, Diff: 10.5, Sum: 173.7]
         [Processed Buffers: Min: 87, Avg: 127.0, Max: 144, Diff: 57, Sum: 1016]
      [Scan RS (ms): Min: 0.1, Avg: 0.4, Max: 0.5, Diff: 0.4, Sum: 3.3]
      [Code Root Scanning (ms): Min: 0.0, Avg: 0.0, Max: 0.0, Diff: 0.0, Sum: 0.1]
      [Object Copy (ms): Min: 8.8, Avg: 9.1, Max: 9.8, Diff: 1.0, Sum: 72.6]
      [Termination (ms): Min: 0.0, Avg: 0.7, Max: 0.8, Diff: 0.8, Sum: 5.4]
         [Termination Attempts: Min: 1, Avg: 1.0, Max: 1, Diff: 0, Sum: 8]
      [GC Worker Other (ms): Min: 0.1, Avg: 0.1, Max: 0.2, Diff: 0.1, Sum: 1.1]
      [GC Worker Total (ms): Min: 36.6, Avg: 36.7, Max: 36.8, Diff: 0.2, Sum: 293.9]
      [GC Worker End (ms): Min: 526224321.6, Avg: 526224321.6, Max: 526224321.7, Diff: 0.1]
   [Code Root Fixup: 0.0 ms]
   [Code Root Purge: 0.0 ms]
   [Clear CT: 0.8 ms]
   [Other: 14.4 ms]
      [Choose CSet: 0.0 ms]
      [Ref Proc: 5.8 ms]
      [Ref Enq: 0.1 ms]
      [Redirty Cards: 0.1 ms]
      [Humongous Register: 2.7 ms]
      [Humongous Reclaim: 0.3 ms]
      [Free CSet: 4.3 ms]
   [Eden: 3652.0M(3652.0M)->0.0B(3654.0M) Survivors: 34.0M->32.0M Heap: 5105.7M(6144.0M)->1353.2M(6144.0M)]
 [Times: user=0.24 sys=0.08, real=0.06 secs] 
2025-07-26T14:09:20.326+0800: 526314.162: [GC pause (G1 Evacuation Pause) (young), 0.0418936 secs]
   [Parallel Time: 30.1 ms, GC Workers: 8]
      [GC Worker Start (ms): Min: 526314164.0, Avg: 526314164.1, Max: 526314164.2, Diff: 0.1]
      [Ext Root Scanning (ms): Min: 2.8, Avg: 4.1, Max: 11.0, Diff: 8.1, Sum: 32.4]
      [Update RS (ms): Min: 7.8, Avg: 14.1, Max: 15.6, Diff: 7.8, Sum: 113.0]
         [Processed Buffers: Min: 65, Avg: 100.5, Max: 124, Diff: 59, Sum: 804]
      [Scan RS (ms): Min: 1.2, Avg: 1.6, Max: 1.8, Diff: 0.6, Sum: 13.0]
      [Code Root Scanning (ms): Min: 0.0, Avg: 0.0, Max: 0.0, Diff: 0.0, Sum: 0.1]
      [Object Copy (ms): Min: 9.8, Avg: 10.0, Max: 10.1, Diff: 0.3, Sum: 79.6]
      [Termination (ms): Min: 0.0, Avg: 0.0, Max: 0.0, Diff: 0.0, Sum: 0.1]
         [Termination Attempts: Min: 1, Avg: 1.1, Max: 2, Diff: 1, Sum: 9]
      [GC Worker Other (ms): Min: 0.1, Avg: 0.1, Max: 0.2, Diff: 0.2, Sum: 1.1]
      [GC Worker Total (ms): Min: 29.8, Avg: 29.9, Max: 29.9, Diff: 0.1, Sum: 239.3]
      [GC Worker End (ms): Min: 526314193.9, Avg: 526314194.0, Max: 526314194.0, Diff: 0.1]
   [Code Root Fixup: 0.0 ms]
   [Code Root Purge: 0.0 ms]
   [Clear CT: 0.7 ms]
   [Other: 11.1 ms]
      [Choose CSet: 0.0 ms]
      [Ref Proc: 3.5 ms]
      [Ref Enq: 0.1 ms]
      [Redirty Cards: 0.1 ms]
      [Humongous Register: 1.6 ms]
      [Humongous Reclaim: 0.5 ms]
      [Free CSet: 4.4 ms]
   [Eden: 3654.0M(3654.0M)->0.0B(3646.0M) Survivors: 32.0M->40.0M Heap: 5173.2M(6144.0M)->1375.3M(6144.0M)]
 [Times: user=0.23 sys=0.03, real=0.05 secs] 
2025-07-26T14:10:29.617+0800: 526383.452: [GC pause (G1 Evacuation Pause) (young), 0.0381126 secs]
   [Parallel Time: 26.8 ms, GC Workers: 8]
      [GC Worker Start (ms): Min: 526383455.2, Avg: 526383455.3, Max: 526383455.3, Diff: 0.1]
      [Ext Root Scanning (ms): Min: 2.8, Avg: 4.1, Max: 11.3, Diff: 8.4, Sum: 33.0]
      [Update RS (ms): Min: 1.8, Avg: 8.2, Max: 9.5, Diff: 7.7, Sum: 65.7]
         [Processed Buffers: Min: 25, Avg: 57.6, Max: 76, Diff: 51, Sum: 461]
      [Scan RS (ms): Min: 0.1, Avg: 0.4, Max: 0.5, Diff: 0.3, Sum: 2.8]
      [Code Root Scanning (ms): Min: 0.0, Avg: 0.0, Max: 0.0, Diff: 0.0, Sum: 0.1]
      [Object Copy (ms): Min: 13.4, Avg: 13.8, Max: 13.9, Diff: 0.5, Sum: 110.2]
      [Termination (ms): Min: 0.0, Avg: 0.0, Max: 0.0, Diff: 0.0, Sum: 0.1]
         [Termination Attempts: Min: 1, Avg: 2.8, Max: 4, Diff: 3, Sum: 22]
      [GC Worker Other (ms): Min: 0.1, Avg: 0.1, Max: 0.2, Diff: 0.1, Sum: 1.1]
      [GC Worker Total (ms): Min: 26.5, Avg: 26.6, Max: 26.7, Diff: 0.2, Sum: 213.0]
      [GC Worker End (ms): Min: 526383481.9, Avg: 526383481.9, Max: 526383481.9, Diff: 0.1]
   [Code Root Fixup: 0.1 ms]
   [Code Root Purge: 0.0 ms]
   [Clear CT: 0.6 ms]
   [Other: 10.7 ms]
      [Choose CSet: 0.0 ms]
      [Ref Proc: 2.5 ms]
      [Ref Enq: 0.1 ms]
      [Redirty Cards: 0.1 ms]
      [Humongous Register: 2.1 ms]
      [Humongous Reclaim: 0.2 ms]
      [Free CSet: 4.5 ms]
   [Eden: 3646.0M(3646.0M)->0.0B(3634.0M) Survivors: 40.0M->52.0M Heap: 5051.8M(6144.0M)->1384.0M(6144.0M)]
 [Times: user=0.19 sys=0.04, real=0.04 secs] 
2025-07-26T14:11:00.987+0800: 526414.823: [GC pause (G1 Evacuation Pause) (young), 0.0402990 secs]
   [Parallel Time: 29.5 ms, GC Workers: 8]
      [GC Worker Start (ms): Min: 526414825.1, Avg: 526414825.2, Max: 526414825.3, Diff: 0.2]
      [Ext Root Scanning (ms): Min: 3.3, Avg: 4.4, Max: 11.3, Diff: 8.0, Sum: 35.3]
      [Update RS (ms): Min: 8.4, Avg: 15.1, Max: 16.6, Diff: 8.1, Sum: 120.8]
         [Processed Buffers: Min: 78, Avg: 97.9, Max: 109, Diff: 31, Sum: 783]
      [Scan RS (ms): Min: 0.1, Avg: 0.4, Max: 0.5, Diff: 0.4, Sum: 3.3]
      [Code Root Scanning (ms): Min: 0.0, Avg: 0.0, Max: 0.0, Diff: 0.0, Sum: 0.1]
      [Object Copy (ms): Min: 9.0, Avg: 9.2, Max: 9.3, Diff: 0.3, Sum: 73.2]
      [Termination (ms): Min: 0.0, Avg: 0.0, Max: 0.0, Diff: 0.0, Sum: 0.1]
         [Termination Attempts: Min: 1, Avg: 9.6, Max: 13, Diff: 12, Sum: 77]
      [GC Worker Other (ms): Min: 0.1, Avg: 0.2, Max: 0.3, Diff: 0.2, Sum: 1.3]
      [GC Worker Total (ms): Min: 29.2, Avg: 29.3, Max: 29.3, Diff: 0.1, Sum: 234.0]
      [GC Worker End (ms): Min: 526414854.4, Avg: 526414854.4, Max: 526414854.5, Diff: 0.1]
   [Code Root Fixup: 0.0 ms]
   [Code Root Purge: 0.0 ms]
   [Clear CT: 0.6 ms]
   [Other: 10.1 ms]
      [Choose CSet: 0.0 ms]
      [Ref Proc: 2.3 ms]
      [Ref Enq: 0.1 ms]
      [Redirty Cards: 0.1 ms]
      [Humongous Register: 1.6 ms]
      [Humongous Reclaim: 0.3 ms]
      [Free CSet: 4.5 ms]
   [Eden: 3634.0M(3634.0M)->0.0B(3642.0M) Survivors: 52.0M->44.0M Heap: 5089.4M(6144.0M)->1379.4M(6144.0M)]
 [Times: user=0.23 sys=0.01, real=0.04 secs] 
2025-07-26T14:11:43.074+0800: 526456.909: [GC pause (G1 Evacuation Pause) (young), 0.0279002 secs]
   [Parallel Time: 21.8 ms, GC Workers: 8]
      [GC Worker Start (ms): Min: 526456910.2, Avg: 526456910.3, Max: 526456910.3, Diff: 0.1]
      [Ext Root Scanning (ms): Min: 2.2, Avg: 2.5, Max: 3.5, Diff: 1.3, Sum: 20.2]
      [Update RS (ms): Min: 7.5, Avg: 8.3, Max: 8.5, Diff: 1.1, Sum: 66.4]
         [Processed Buffers: Min: 42, Avg: 60.2, Max: 72, Diff: 30, Sum: 482]
      [Scan RS (ms): Min: 0.2, Avg: 0.4, Max: 0.5, Diff: 0.2, Sum: 3.2]
      [Code Root Scanning (ms): Min: 0.0, Avg: 0.0, Max: 0.0, Diff: 0.0, Sum: 0.1]
      [Object Copy (ms): Min: 10.1, Avg: 10.3, Max: 10.4, Diff: 0.3, Sum: 82.3]
      [Termination (ms): Min: 0.0, Avg: 0.0, Max: 0.0, Diff: 0.0, Sum: 0.0]
         [Termination Attempts: Min: 1, Avg: 1.0, Max: 1, Diff: 0, Sum: 8]
      [GC Worker Other (ms): Min: 0.0, Avg: 0.1, Max: 0.1, Diff: 0.1, Sum: 0.6]
      [GC Worker Total (ms): Min: 21.6, Avg: 21.6, Max: 21.6, Diff: 0.1, Sum: 172.7]
      [GC Worker End (ms): Min: 526456931.8, Avg: 526456931.9, Max: 526456931.9, Diff: 0.1]
   [Code Root Fixup: 0.1 ms]
   [Code Root Purge: 0.0 ms]
   [Clear CT: 0.5 ms]
   [Other: 5.6 ms]
      [Choose CSet: 0.0 ms]
      [Ref Proc: 2.1 ms]
      [Ref Enq: 0.1 ms]
      [Redirty Cards: 0.1 ms]
      [Humongous Register: 0.5 ms]
      [Humongous Reclaim: 0.2 ms]
      [Free CSet: 1.8 ms]
   [Eden: 3642.0M(3642.0M)->0.0B(3638.0M) Survivors: 44.0M->48.0M Heap: 5062.2M(6144.0M)->1392.1M(6144.0M)]
 [Times: user=0.18 sys=0.00, real=0.03 secs] 
2025-07-26T14:13:01.198+0800: 526535.034: [GC pause (G1 Evacuation Pause) (young), 0.0490990 secs]
   [Parallel Time: 37.4 ms, GC Workers: 8]
      [GC Worker Start (ms): Min: 526535035.7, Avg: 526535035.8, Max: 526535035.8, Diff: 0.1]
      [Ext Root Scanning (ms): Min: 2.8, Avg: 4.0, Max: 10.7, Diff: 7.9, Sum: 32.2]
      [Update RS (ms): Min: 13.8, Avg: 20.1, Max: 21.5, Diff: 7.7, Sum: 160.6]
         [Processed Buffers: Min: 100, Avg: 131.6, Max: 156, Diff: 56, Sum: 1053]
      [Scan RS (ms): Min: 0.2, Avg: 0.6, Max: 0.7, Diff: 0.6, Sum: 4.5]
      [Code Root Scanning (ms): Min: 0.0, Avg: 0.0, Max: 0.0, Diff: 0.0, Sum: 0.1]
      [Object Copy (ms): Min: 12.2, Avg: 12.4, Max: 12.5, Diff: 0.3, Sum: 99.1]
      [Termination (ms): Min: 0.0, Avg: 0.0, Max: 0.0, Diff: 0.0, Sum: 0.1]
         [Termination Attempts: Min: 8, Avg: 9.6, Max: 12, Diff: 4, Sum: 77]
      [GC Worker Other (ms): Min: 0.1, Avg: 0.1, Max: 0.2, Diff: 0.1, Sum: 0.9]
      [GC Worker Total (ms): Min: 37.1, Avg: 37.2, Max: 37.2, Diff: 0.1, Sum: 297.5]
      [GC Worker End (ms): Min: 526535072.9, Avg: 526535073.0, Max: 526535073.0, Diff: 0.1]
   [Code Root Fixup: 0.0 ms]
   [Code Root Purge: 0.0 ms]
   [Clear CT: 0.7 ms]
   [Other: 11.0 ms]
      [Choose CSet: 0.0 ms]
      [Ref Proc: 3.6 ms]
      [Ref Enq: 0.1 ms]
      [Redirty Cards: 0.1 ms]
      [Humongous Register: 1.4 ms]
      [Humongous Reclaim: 0.6 ms]
      [Free CSet: 4.3 ms]
   [Eden: 3638.0M(3638.0M)->0.0B(3642.0M) Survivors: 48.0M->44.0M Heap: 5209.3M(6144.0M)->1394.7M(6144.0M)]
 [Times: user=0.25 sys=0.05, real=0.05 secs] 
2025-07-26T14:14:31.164+0800: 526624.999: [GC pause (G1 Evacuation Pause) (young), 0.0415729 secs]
   [Parallel Time: 30.7 ms, GC Workers: 8]
      [GC Worker Start (ms): Min: 526625001.9, Avg: 526625002.0, Max: 526625002.1, Diff: 0.2]
      [Ext Root Scanning (ms): Min: 2.9, Avg: 4.2, Max: 10.9, Diff: 7.9, Sum: 33.5]
      [Update RS (ms): Min: 11.4, Avg: 17.7, Max: 18.7, Diff: 7.3, Sum: 141.5]
         [Processed Buffers: Min: 88, Avg: 114.0, Max: 136, Diff: 48, Sum: 912]
      [Scan RS (ms): Min: 0.1, Avg: 0.4, Max: 0.5, Diff: 0.4, Sum: 3.2]
      [Code Root Scanning (ms): Min: 0.0, Avg: 0.0, Max: 0.0, Diff: 0.0, Sum: 0.1]
      [Object Copy (ms): Min: 7.7, Avg: 8.0, Max: 8.2, Diff: 0.4, Sum: 64.3]
      [Termination (ms): Min: 0.0, Avg: 0.0, Max: 0.0, Diff: 0.0, Sum: 0.0]
         [Termination Attempts: Min: 1, Avg: 1.0, Max: 1, Diff: 0, Sum: 8]
      [GC Worker Other (ms): Min: 0.1, Avg: 0.2, Max: 0.2, Diff: 0.2, Sum: 1.2]
      [GC Worker Total (ms): Min: 30.4, Avg: 30.5, Max: 30.6, Diff: 0.2, Sum: 243.7]
      [GC Worker End (ms): Min: 526625032.4, Avg: 526625032.5, Max: 526625032.5, Diff: 0.1]
   [Code Root Fixup: 0.0 ms]
   [Code Root Purge: 0.0 ms]
   [Clear CT: 0.6 ms]
   [Other: 10.2 ms]
      [Choose CSet: 0.0 ms]
      [Ref Proc: 2.4 ms]
      [Ref Enq: 0.1 ms]
      [Redirty Cards: 0.1 ms]
      [Humongous Register: 1.9 ms]
      [Humongous Reclaim: 0.4 ms]
      [Free CSet: 4.5 ms]
   [Eden: 3642.0M(3642.0M)->0.0B(3658.0M) Survivors: 44.0M->28.0M Heap: 5134.9M(6144.0M)->1371.1M(6144.0M)]
 [Times: user=0.22 sys=0.03, real=0.04 secs] 
2025-07-26T14:17:05.761+0800: 526779.597: [GC pause (G1 Evacuation Pause) (young), 0.0421807 secs]
   [Parallel Time: 30.8 ms, GC Workers: 8]
      [GC Worker Start (ms): Min: 526779599.1, Avg: 526779599.1, Max: 526779599.3, Diff: 0.2]
      [Ext Root Scanning (ms): Min: 2.8, Avg: 4.0, Max: 11.2, Diff: 8.4, Sum: 32.0]
      [Update RS (ms): Min: 10.0, Avg: 17.0, Max: 18.2, Diff: 8.2, Sum: 136.1]
         [Processed Buffers: Min: 88, Avg: 119.2, Max: 140, Diff: 52, Sum: 954]
      [Scan RS (ms): Min: 0.1, Avg: 0.5, Max: 0.7, Diff: 0.5, Sum: 4.3]
      [Code Root Scanning (ms): Min: 0.0, Avg: 0.0, Max: 0.0, Diff: 0.0, Sum: 0.1]
      [Object Copy (ms): Min: 8.7, Avg: 8.9, Max: 9.1, Diff: 0.3, Sum: 71.4]
      [Termination (ms): Min: 0.0, Avg: 0.0, Max: 0.0, Diff: 0.0, Sum: 0.0]
         [Termination Attempts: Min: 1, Avg: 2.1, Max: 4, Diff: 3, Sum: 17]
      [GC Worker Other (ms): Min: 0.1, Avg: 0.1, Max: 0.2, Diff: 0.1, Sum: 0.9]
      [GC Worker Total (ms): Min: 30.5, Avg: 30.6, Max: 30.7, Diff: 0.2, Sum: 244.7]
      [GC Worker End (ms): Min: 526779629.7, Avg: 526779629.7, Max: 526779629.8, Diff: 0.1]
   [Code Root Fixup: 0.0 ms]
   [Code Root Purge: 0.0 ms]
   [Clear CT: 0.7 ms]
   [Other: 10.7 ms]
      [Choose CSet: 0.0 ms]
      [Ref Proc: 3.0 ms]
      [Ref Enq: 0.1 ms]
      [Redirty Cards: 0.1 ms]
      [Humongous Register: 1.7 ms]
      [Humongous Reclaim: 0.4 ms]
      [Free CSet: 4.6 ms]
   [Eden: 3658.0M(3658.0M)->0.0B(3652.0M) Survivors: 28.0M->34.0M Heap: 5176.1M(6144.0M)->1376.5M(6144.0M)]
 [Times: user=0.24 sys=0.01, real=0.04 secs] 
2025-07-26T14:18:51.111+0800: 526884.947: [GC pause (G1 Evacuation Pause) (young), 0.0503431 secs]
   [Parallel Time: 39.3 ms, GC Workers: 8]
      [GC Worker Start (ms): Min: 526884949.6, Avg: 526884949.7, Max: 526884949.8, Diff: 0.2]
      [Ext Root Scanning (ms): Min: 3.1, Avg: 4.3, Max: 11.3, Diff: 8.1, Sum: 34.4]
      [Update RS (ms): Min: 20.2, Avg: 26.6, Max: 28.1, Diff: 7.9, Sum: 213.0]
         [Processed Buffers: Min: 114, Avg: 163.4, Max: 180, Diff: 66, Sum: 1307]
      [Scan RS (ms): Min: 0.1, Avg: 0.4, Max: 0.5, Diff: 0.4, Sum: 3.2]
      [Code Root Scanning (ms): Min: 0.0, Avg: 0.0, Max: 0.0, Diff: 0.0, Sum: 0.1]
      [Object Copy (ms): Min: 7.4, Avg: 7.7, Max: 7.8, Diff: 0.3, Sum: 61.2]
      [Termination (ms): Min: 0.0, Avg: 0.0, Max: 0.0, Diff: 0.0, Sum: 0.0]
         [Termination Attempts: Min: 1, Avg: 4.0, Max: 7, Diff: 6, Sum: 32]
      [GC Worker Other (ms): Min: 0.0, Avg: 0.1, Max: 0.2, Diff: 0.2, Sum: 0.9]
      [GC Worker Total (ms): Min: 39.0, Avg: 39.1, Max: 39.2, Diff: 0.2, Sum: 312.8]
      [GC Worker End (ms): Min: 526884988.7, Avg: 526884988.8, Max: 526884988.8, Diff: 0.1]
   [Code Root Fixup: 0.0 ms]
   [Code Root Purge: 0.0 ms]
   [Clear CT: 0.6 ms]
   [Other: 10.3 ms]
      [Choose CSet: 0.0 ms]
      [Ref Proc: 2.2 ms]
      [Ref Enq: 0.1 ms]
      [Redirty Cards: 0.1 ms]
      [Humongous Register: 1.9 ms]
      [Humongous Reclaim: 0.4 ms]
      [Free CSet: 4.3 ms]
   [Eden: 3652.0M(3652.0M)->0.0B(3660.0M) Survivors: 34.0M->26.0M Heap: 5177.3M(6144.0M)->1377.2M(6144.0M)]
 [Times: user=0.25 sys=0.06, real=0.05 secs] 
2025-07-26T14:20:00.295+0800: 526954.131: [GC pause (G1 Evacuation Pause) (young), 0.0447097 secs]
   [Parallel Time: 32.2 ms, GC Workers: 8]
      [GC Worker Start (ms): Min: 526954133.9, Avg: 526954133.9, Max: 526954134.1, Diff: 0.2]
      [Ext Root Scanning (ms): Min: 3.0, Avg: 4.6, Max: 12.1, Diff: 9.0, Sum: 36.6]
      [Update RS (ms): Min: 11.7, Avg: 19.0, Max: 20.4, Diff: 8.7, Sum: 152.3]
         [Processed Buffers: Min: 84, Avg: 122.0, Max: 143, Diff: 59, Sum: 976]
      [Scan RS (ms): Min: 0.2, Avg: 0.4, Max: 0.5, Diff: 0.4, Sum: 3.2]
      [Code Root Scanning (ms): Min: 0.0, Avg: 0.0, Max: 0.0, Diff: 0.0, Sum: 0.1]
      [Object Copy (ms): Min: 7.3, Avg: 7.8, Max: 8.0, Diff: 0.7, Sum: 62.6]
      [Termination (ms): Min: 0.0, Avg: 0.0, Max: 0.0, Diff: 0.0, Sum: 0.0]
         [Termination Attempts: Min: 1, Avg: 1.8, Max: 2, Diff: 1, Sum: 14]
      [GC Worker Other (ms): Min: 0.0, Avg: 0.1, Max: 0.2, Diff: 0.2, Sum: 1.1]
      [GC Worker Total (ms): Min: 31.9, Avg: 32.0, Max: 32.1, Diff: 0.2, Sum: 255.8]
      [GC Worker End (ms): Min: 526954165.9, Avg: 526954165.9, Max: 526954166.0, Diff: 0.1]
   [Code Root Fixup: 0.0 ms]
   [Code Root Purge: 0.0 ms]
   [Clear CT: 0.9 ms]
   [Other: 11.6 ms]
      [Choose CSet: 0.0 ms]
      [Ref Proc: 2.3 ms]
      [Ref Enq: 0.1 ms]
      [Redirty Cards: 0.2 ms]
      [Humongous Register: 2.7 ms]
      [Humongous Reclaim: 0.9 ms]
      [Free CSet: 4.4 ms]
   [Eden: 3660.0M(3660.0M)->0.0B(3658.0M) Survivors: 26.0M->28.0M Heap: 5145.1M(6144.0M)->1366.2M(6144.0M)]
 [Times: user=0.22 sys=0.06, real=0.05 secs] 
2025-07-26T14:20:32.470+0800: 526986.305: [GC pause (G1 Evacuation Pause) (young), 0.0301404 secs]
   [Parallel Time: 23.3 ms, GC Workers: 8]
      [GC Worker Start (ms): Min: 526986306.2, Avg: 526986306.2, Max: 526986306.3, Diff: 0.1]
      [Ext Root Scanning (ms): Min: 2.2, Avg: 2.5, Max: 3.2, Diff: 1.0, Sum: 20.2]
      [Update RS (ms): Min: 9.6, Avg: 10.1, Max: 10.9, Diff: 1.3, Sum: 81.1]
         [Processed Buffers: Min: 69, Avg: 73.8, Max: 88, Diff: 19, Sum: 590]
      [Scan RS (ms): Min: 0.1, Avg: 0.4, Max: 0.5, Diff: 0.3, Sum: 3.0]
      [Code Root Scanning (ms): Min: 0.0, Avg: 0.0, Max: 0.0, Diff: 0.0, Sum: 0.1]
      [Object Copy (ms): Min: 9.7, Avg: 10.0, Max: 10.1, Diff: 0.4, Sum: 79.9]
      [Termination (ms): Min: 0.0, Avg: 0.0, Max: 0.0, Diff: 0.0, Sum: 0.0]
         [Termination Attempts: Min: 1, Avg: 1.0, Max: 1, Diff: 0, Sum: 8]
      [GC Worker Other (ms): Min: 0.0, Avg: 0.1, Max: 0.2, Diff: 0.1, Sum: 0.6]
      [GC Worker Total (ms): Min: 23.0, Avg: 23.1, Max: 23.2, Diff: 0.2, Sum: 185.0]
      [GC Worker End (ms): Min: 526986329.3, Avg: 526986329.3, Max: 526986329.4, Diff: 0.1]
   [Code Root Fixup: 0.1 ms]
   [Code Root Purge: 0.0 ms]
   [Clear CT: 0.6 ms]
   [Other: 6.2 ms]
      [Choose CSet: 0.0 ms]
      [Ref Proc: 2.4 ms]
      [Ref Enq: 0.2 ms]
      [Redirty Cards: 0.1 ms]
      [Humongous Register: 0.6 ms]
      [Humongous Reclaim: 0.1 ms]
      [Free CSet: 2.0 ms]
   [Eden: 3658.0M(3658.0M)->0.0B(3642.0M) Survivors: 28.0M->44.0M Heap: 5076.3M(6144.0M)->1389.2M(6144.0M)]
 [Times: user=0.11 sys=0.08, real=0.03 secs] 
2025-07-26T14:21:04.195+0800: 527018.030: [GC pause (G1 Evacuation Pause) (young), 0.0325292 secs]
   [Parallel Time: 21.4 ms, GC Workers: 8]
      [GC Worker Start (ms): Min: 527018033.2, Avg: 527018033.3, Max: 527018033.3, Diff: 0.1]
      [Ext Root Scanning (ms): Min: 3.0, Avg: 4.2, Max: 11.4, Diff: 8.4, Sum: 33.9]
      [Update RS (ms): Min: 0.0, Avg: 4.2, Max: 5.3, Diff: 5.2, Sum: 33.3]
         [Processed Buffers: Min: 0, Avg: 36.0, Max: 65, Diff: 65, Sum: 288]
      [Scan RS (ms): Min: 0.1, Avg: 0.4, Max: 0.5, Diff: 0.4, Sum: 2.8]
      [Code Root Scanning (ms): Min: 0.0, Avg: 0.0, Max: 0.0, Diff: 0.0, Sum: 0.1]
      [Object Copy (ms): Min: 9.5, Avg: 12.2, Max: 12.7, Diff: 3.2, Sum: 97.8]
      [Termination (ms): Min: 0.0, Avg: 0.0, Max: 0.0, Diff: 0.0, Sum: 0.0]
         [Termination Attempts: Min: 1, Avg: 1.4, Max: 4, Diff: 3, Sum: 11]
      [GC Worker Other (ms): Min: 0.0, Avg: 0.1, Max: 0.2, Diff: 0.2, Sum: 1.2]
      [GC Worker Total (ms): Min: 21.0, Avg: 21.1, Max: 21.3, Diff: 0.2, Sum: 169.1]
      [GC Worker End (ms): Min: 527018054.4, Avg: 527018054.4, Max: 527018054.5, Diff: 0.1]
   [Code Root Fixup: 0.0 ms]
   [Code Root Purge: 0.0 ms]
   [Clear CT: 0.6 ms]
   [Other: 10.5 ms]
      [Choose CSet: 0.0 ms]
      [Ref Proc: 2.6 ms]
      [Ref Enq: 0.2 ms]
      [Redirty Cards: 0.1 ms]
      [Humongous Register: 2.1 ms]
      [Humongous Reclaim: 0.2 ms]
      [Free CSet: 4.4 ms]
   [Eden: 3642.0M(3642.0M)->0.0B(3634.0M) Survivors: 44.0M->52.0M Heap: 5049.2M(6144.0M)->1397.4M(6144.0M)]
 [Times: user=0.17 sys=0.01, real=0.04 secs] 
2025-07-26T14:21:33.187+0800: 527047.023: [GC pause (GCLocker Initiated GC) (young), 0.0422608 secs]
   [Parallel Time: 31.5 ms, GC Workers: 8]
      [GC Worker Start (ms): Min: 527047025.2, Avg: 527047025.3, Max: 527047025.4, Diff: 0.2]
      [Ext Root Scanning (ms): Min: 2.4, Avg: 2.9, Max: 4.1, Diff: 1.6, Sum: 23.3]
      [Update RS (ms): Min: 18.5, Avg: 19.5, Max: 20.1, Diff: 1.6, Sum: 156.3]
         [Processed Buffers: Min: 105, Avg: 123.1, Max: 138, Diff: 33, Sum: 985]
      [Scan RS (ms): Min: 0.1, Avg: 0.4, Max: 0.5, Diff: 0.4, Sum: 3.2]
      [Code Root Scanning (ms): Min: 0.0, Avg: 0.0, Max: 0.0, Diff: 0.0, Sum: 0.1]
      [Object Copy (ms): Min: 7.9, Avg: 8.3, Max: 8.8, Diff: 0.9, Sum: 66.1]
      [Termination (ms): Min: 0.0, Avg: 0.0, Max: 0.0, Diff: 0.0, Sum: 0.0]
         [Termination Attempts: Min: 1, Avg: 1.1, Max: 2, Diff: 1, Sum: 9]
      [GC Worker Other (ms): Min: 0.1, Avg: 0.1, Max: 0.2, Diff: 0.1, Sum: 1.2]
      [GC Worker Total (ms): Min: 31.2, Avg: 31.3, Max: 31.3, Diff: 0.1, Sum: 250.2]
      [GC Worker End (ms): Min: 527047056.5, Avg: 527047056.6, Max: 527047056.6, Diff: 0.1]
   [Code Root Fixup: 0.0 ms]
   [Code Root Purge: 0.0 ms]
   [Clear CT: 0.7 ms]
   [Other: 10.1 ms]
      [Choose CSet: 0.0 ms]
      [Ref Proc: 1.9 ms]
      [Ref Enq: 0.2 ms]
      [Redirty Cards: 0.2 ms]
      [Humongous Register: 1.8 ms]
      [Humongous Reclaim: 0.5 ms]
      [Free CSet: 4.6 ms]
   [Eden: 3636.0M(3634.0M)->0.0B(3636.0M) Survivors: 52.0M->50.0M Heap: 5133.6M(6144.0M)->1395.4M(6144.0M)]
 [Times: user=0.24 sys=0.02, real=0.04 secs] 
2025-07-26T14:24:42.197+0800: 527236.033: [GC pause (G1 Evacuation Pause) (young), 0.0480336 secs]
   [Parallel Time: 36.9 ms, GC Workers: 8]
      [GC Worker Start (ms): Min: 527236035.2, Avg: 527236035.3, Max: 527236035.3, Diff: 0.1]
      [Ext Root Scanning (ms): Min: 2.8, Avg: 3.9, Max: 10.9, Diff: 8.1, Sum: 31.6]
      [Update RS (ms): Min: 17.3, Avg: 24.1, Max: 25.5, Diff: 8.2, Sum: 192.6]
         [Processed Buffers: Min: 119, Avg: 154.8, Max: 173, Diff: 54, Sum: 1238]
      [Scan RS (ms): Min: 0.1, Avg: 0.4, Max: 0.5, Diff: 0.3, Sum: 3.0]
      [Code Root Scanning (ms): Min: 0.0, Avg: 0.0, Max: 0.0, Diff: 0.0, Sum: 0.1]
      [Object Copy (ms): Min: 5.4, Avg: 5.8, Max: 6.5, Diff: 1.2, Sum: 46.7]
      [Termination (ms): Min: 1.7, Avg: 2.3, Max: 2.9, Diff: 1.2, Sum: 18.1]
         [Termination Attempts: Min: 188, Avg: 283.6, Max: 375, Diff: 187, Sum: 2269]
      [GC Worker Other (ms): Min: 0.1, Avg: 0.1, Max: 0.2, Diff: 0.1, Sum: 0.9]
      [GC Worker Total (ms): Min: 36.5, Avg: 36.6, Max: 36.8, Diff: 0.3, Sum: 293.0]
      [GC Worker End (ms): Min: 527236071.8, Avg: 527236071.9, Max: 527236072.0, Diff: 0.2]
   [Code Root Fixup: 0.0 ms]
   [Code Root Purge: 0.0 ms]
   [Clear CT: 0.8 ms]
   [Other: 10.3 ms]
      [Choose CSet: 0.0 ms]
      [Ref Proc: 2.3 ms]
      [Ref Enq: 0.1 ms]
      [Redirty Cards: 0.1 ms]
      [Humongous Register: 1.7 ms]
      [Humongous Reclaim: 0.5 ms]
      [Free CSet: 4.3 ms]
   [Eden: 3636.0M(3636.0M)->0.0B(3664.0M) Survivors: 50.0M->22.0M Heap: 5175.4M(6144.0M)->1372.8M(6144.0M)]
 [Times: user=0.25 sys=0.05, real=0.04 secs] 
2025-07-26T14:26:31.051+0800: 527344.886: [GC pause (G1 Evacuation Pause) (young), 0.0373224 secs]
   [Parallel Time: 24.4 ms, GC Workers: 8]
      [GC Worker Start (ms): Min: 527344888.6, Avg: 527344888.7, Max: 527344888.7, Diff: 0.1]
      [Ext Root Scanning (ms): Min: 2.7, Avg: 4.2, Max: 12.0, Diff: 9.3, Sum: 33.7]
      [Update RS (ms): Min: 0.0, Avg: 6.8, Max: 8.0, Diff: 8.0, Sum: 54.6]
         [Processed Buffers: Min: 0, Avg: 49.9, Max: 78, Diff: 78, Sum: 399]
      [Scan RS (ms): Min: 0.1, Avg: 0.4, Max: 0.5, Diff: 0.4, Sum: 3.2]
      [Code Root Scanning (ms): Min: 0.0, Avg: 0.0, Max: 0.0, Diff: 0.0, Sum: 0.1]
      [Object Copy (ms): Min: 6.4, Avg: 7.6, Max: 9.3, Diff: 3.0, Sum: 60.6]
      [Termination (ms): Min: 3.4, Avg: 5.0, Max: 6.1, Diff: 2.7, Sum: 40.4]
         [Termination Attempts: Min: 324, Avg: 547.1, Max: 640, Diff: 316, Sum: 4377]
      [GC Worker Other (ms): Min: 0.1, Avg: 0.1, Max: 0.3, Diff: 0.2, Sum: 1.0]
      [GC Worker Total (ms): Min: 24.1, Avg: 24.2, Max: 24.3, Diff: 0.2, Sum: 193.4]
      [GC Worker End (ms): Min: 527344912.8, Avg: 527344912.8, Max: 527344912.9, Diff: 0.2]
   [Code Root Fixup: 0.0 ms]
   [Code Root Purge: 0.0 ms]
   [Clear CT: 0.7 ms]
   [Other: 12.1 ms]
      [Choose CSet: 0.0 ms]
      [Ref Proc: 4.2 ms]
      [Ref Enq: 0.1 ms]
      [Redirty Cards: 0.1 ms]
      [Humongous Register: 1.9 ms]
      [Humongous Reclaim: 0.3 ms]
      [Free CSet: 4.5 ms]
   [Eden: 3664.0M(3664.0M)->0.0B(3664.0M) Survivors: 22.0M->22.0M Heap: 5084.8M(6144.0M)->1380.0M(6144.0M)]
 [Times: user=0.18 sys=0.03, real=0.04 secs] 
2025-07-26T14:27:17.775+0800: 527391.610: [GC pause (GCLocker Initiated GC) (young), 0.0356062 secs]
   [Parallel Time: 22.0 ms, GC Workers: 8]
      [GC Worker Start (ms): Min: 527391613.7, Avg: 527391613.8, Max: 527391613.8, Diff: 0.2]
      [Ext Root Scanning (ms): Min: 3.0, Avg: 4.3, Max: 11.8, Diff: 8.7, Sum: 34.7]
      [Update RS (ms): Min: 0.0, Avg: 3.7, Max: 5.0, Diff: 5.0, Sum: 29.9]
         [Processed Buffers: Min: 0, Avg: 30.8, Max: 58, Diff: 58, Sum: 246]
      [Scan RS (ms): Min: 0.1, Avg: 0.4, Max: 0.6, Diff: 0.4, Sum: 3.2]
      [Code Root Scanning (ms): Min: 0.0, Avg: 0.0, Max: 0.0, Diff: 0.0, Sum: 0.1]
      [Object Copy (ms): Min: 2.7, Avg: 7.0, Max: 9.2, Diff: 6.5, Sum: 55.9]
      [Termination (ms): Min: 4.6, Avg: 6.2, Max: 7.5, Diff: 2.9, Sum: 49.8]
         [Termination Attempts: Min: 472, Avg: 681.0, Max: 889, Diff: 417, Sum: 5448]
      [GC Worker Other (ms): Min: 0.0, Avg: 0.1, Max: 0.2, Diff: 0.2, Sum: 0.9]
      [GC Worker Total (ms): Min: 21.7, Avg: 21.8, Max: 22.0, Diff: 0.2, Sum: 174.5]
      [GC Worker End (ms): Min: 527391635.5, Avg: 527391635.6, Max: 527391635.7, Diff: 0.1]
   [Code Root Fixup: 0.0 ms]
   [Code Root Purge: 0.0 ms]
   [Clear CT: 0.7 ms]
   [Other: 12.8 ms]
      [Choose CSet: 0.0 ms]
      [Ref Proc: 4.1 ms]
      [Ref Enq: 0.1 ms]
      [Redirty Cards: 0.1 ms]
      [Humongous Register: 2.6 ms]
      [Humongous Reclaim: 0.2 ms]
      [Free CSet: 4.7 ms]
   [Eden: 3664.0M(3664.0M)->0.0B(3664.0M) Survivors: 22.0M->22.0M Heap: 5068.0M(6144.0M)->1380.2M(6144.0M)]
 [Times: user=0.09 sys=0.10, real=0.04 secs] 
2025-07-26T14:28:37.296+0800: 527471.131: [GC pause (G1 Evacuation Pause) (young), 0.0300741 secs]
   [Parallel Time: 17.4 ms, GC Workers: 8]
      [GC Worker Start (ms): Min: 527471134.8, Avg: 527471134.9, Max: 527471135.0, Diff: 0.2]
      [Ext Root Scanning (ms): Min: 2.7, Avg: 4.1, Max: 11.4, Diff: 8.7, Sum: 32.4]
      [Update RS (ms): Min: 0.0, Avg: 2.0, Max: 2.9, Diff: 2.9, Sum: 15.7]
         [Processed Buffers: Min: 0, Avg: 19.2, Max: 36, Diff: 36, Sum: 154]
      [Scan RS (ms): Min: 0.1, Avg: 0.4, Max: 0.5, Diff: 0.4, Sum: 3.0]
      [Code Root Scanning (ms): Min: 0.0, Avg: 0.0, Max: 0.0, Diff: 0.0, Sum: 0.1]
      [Object Copy (ms): Min: 2.1, Avg: 6.5, Max: 7.6, Diff: 5.5, Sum: 52.2]
      [Termination (ms): Min: 3.5, Avg: 4.1, Max: 5.4, Diff: 1.9, Sum: 33.1]
         [Termination Attempts: Min: 235, Avg: 481.2, Max: 639, Diff: 404, Sum: 3850]
      [GC Worker Other (ms): Min: 0.0, Avg: 0.1, Max: 0.1, Diff: 0.1, Sum: 0.8]
      [GC Worker Total (ms): Min: 17.0, Avg: 17.2, Max: 17.3, Diff: 0.3, Sum: 137.3]
      [GC Worker End (ms): Min: 527471152.1, Avg: 527471152.1, Max: 527471152.2, Diff: 0.1]
   [Code Root Fixup: 0.0 ms]
   [Code Root Purge: 0.0 ms]
   [Clear CT: 0.7 ms]
   [Other: 11.9 ms]
      [Choose CSet: 0.0 ms]
      [Ref Proc: 3.3 ms]
      [Ref Enq: 0.2 ms]
      [Redirty Cards: 0.1 ms]
      [Humongous Register: 2.9 ms]
      [Humongous Reclaim: 0.2 ms]
      [Free CSet: 4.4 ms]
   [Eden: 3664.0M(3664.0M)->0.0B(3666.0M) Survivors: 22.0M->20.0M Heap: 5050.2M(6144.0M)->1374.2M(6144.0M)]
 [Times: user=0.15 sys=0.00, real=0.03 secs] 
2025-07-26T14:37:17.963+0800: 527991.798: [GC pause (G1 Evacuation Pause) (young), 0.0341213 secs]
   [Parallel Time: 21.3 ms, GC Workers: 8]
      [GC Worker Start (ms): Min: 527991801.0, Avg: 527991801.1, Max: 527991801.2, Diff: 0.1]
      [Ext Root Scanning (ms): Min: 2.9, Avg: 4.1, Max: 11.3, Diff: 8.5, Sum: 32.9]
      [Update RS (ms): Min: 0.0, Avg: 4.6, Max: 5.8, Diff: 5.8, Sum: 36.6]
         [Processed Buffers: Min: 0, Avg: 39.1, Max: 59, Diff: 59, Sum: 313]
      [Scan RS (ms): Min: 0.1, Avg: 0.4, Max: 0.5, Diff: 0.4, Sum: 2.9]
      [Code Root Scanning (ms): Min: 0.0, Avg: 0.0, Max: 0.0, Diff: 0.0, Sum: 0.1]
      [Object Copy (ms): Min: 4.6, Avg: 6.7, Max: 7.7, Diff: 3.1, Sum: 53.4]
      [Termination (ms): Min: 4.5, Avg: 5.1, Max: 6.0, Diff: 1.5, Sum: 40.7]
         [Termination Attempts: Min: 464, Avg: 556.1, Max: 648, Diff: 184, Sum: 4449]
      [GC Worker Other (ms): Min: 0.0, Avg: 0.1, Max: 0.2, Diff: 0.1, Sum: 0.9]
      [GC Worker Total (ms): Min: 20.8, Avg: 20.9, Max: 21.1, Diff: 0.3, Sum: 167.4]
      [GC Worker End (ms): Min: 527991822.0, Avg: 527991822.0, Max: 527991822.2, Diff: 0.2]
   [Code Root Fixup: 0.0 ms]
   [Code Root Purge: 0.0 ms]
   [Clear CT: 0.8 ms]
   [Other: 12.0 ms]
      [Choose CSet: 0.0 ms]
      [Ref Proc: 4.3 ms]
      [Ref Enq: 0.1 ms]
      [Redirty Cards: 0.1 ms]
      [Humongous Register: 2.1 ms]
      [Humongous Reclaim: 0.2 ms]
      [Free CSet: 4.2 ms]
   [Eden: 3666.0M(3666.0M)->0.0B(3666.0M) Survivors: 20.0M->20.0M Heap: 5068.6M(6144.0M)->1374.4M(6144.0M)]
 [Times: user=0.17 sys=0.01, real=0.04 secs] 
2025-07-26T14:37:52.839+0800: 528026.674: [GC pause (GCLocker Initiated GC) (young), 0.0326127 secs]
   [Parallel Time: 18.5 ms, GC Workers: 8]
      [GC Worker Start (ms): Min: 528026679.9, Avg: 528026680.0, Max: 528026680.0, Diff: 0.1]
      [Ext Root Scanning (ms): Min: 3.1, Avg: 4.5, Max: 12.5, Diff: 9.4, Sum: 35.9]
      [Update RS (ms): Min: 0.0, Avg: 2.9, Max: 4.1, Diff: 4.1, Sum: 22.9]
         [Processed Buffers: Min: 0, Avg: 22.4, Max: 40, Diff: 40, Sum: 179]
      [Scan RS (ms): Min: 0.1, Avg: 0.4, Max: 0.6, Diff: 0.4, Sum: 3.1]
      [Code Root Scanning (ms): Min: 0.0, Avg: 0.0, Max: 0.0, Diff: 0.0, Sum: 0.1]
      [Object Copy (ms): Min: 1.7, Avg: 6.9, Max: 8.8, Diff: 7.1, Sum: 55.6]
      [Termination (ms): Min: 2.2, Avg: 3.4, Max: 4.1, Diff: 1.9, Sum: 27.4]
         [Termination Attempts: Min: 370, Avg: 444.8, Max: 536, Diff: 166, Sum: 3558]
      [GC Worker Other (ms): Min: 0.1, Avg: 0.1, Max: 0.2, Diff: 0.1, Sum: 0.9]
      [GC Worker Total (ms): Min: 18.2, Avg: 18.2, Max: 18.3, Diff: 0.2, Sum: 145.9]
      [GC Worker End (ms): Min: 528026698.2, Avg: 528026698.2, Max: 528026698.2, Diff: 0.1]
   [Code Root Fixup: 0.0 ms]
   [Code Root Purge: 0.0 ms]
   [Clear CT: 0.7 ms]
   [Other: 13.4 ms]
      [Choose CSet: 0.0 ms]
      [Ref Proc: 3.2 ms]
      [Ref Enq: 0.1 ms]
      [Redirty Cards: 0.1 ms]
      [Humongous Register: 4.9 ms]
      [Humongous Reclaim: 0.2 ms]
      [Free CSet: 4.2 ms]
   [Eden: 3668.0M(3666.0M)->0.0B(3664.0M) Survivors: 20.0M->22.0M Heap: 5053.9M(6144.0M)->1376.4M(6144.0M)]
 [Times: user=0.06 sys=0.10, real=0.03 secs] 
2025-07-26T14:38:53.691+0800: 528087.527: [GC pause (G1 Evacuation Pause) (young), 0.0301962 secs]
   [Parallel Time: 17.6 ms, GC Workers: 8]
      [GC Worker Start (ms): Min: 528087530.2, Avg: 528087530.2, Max: 528087530.3, Diff: 0.1]
      [Ext Root Scanning (ms): Min: 3.1, Avg: 4.5, Max: 12.7, Diff: 9.6, Sum: 36.2]
      [Update RS (ms): Min: 0.0, Avg: 3.2, Max: 4.4, Diff: 4.4, Sum: 25.5]
         [Processed Buffers: Min: 0, Avg: 28.0, Max: 39, Diff: 39, Sum: 224]
      [Scan RS (ms): Min: 0.1, Avg: 0.4, Max: 0.6, Diff: 0.5, Sum: 3.4]
      [Code Root Scanning (ms): Min: 0.0, Avg: 0.0, Max: 0.0, Diff: 0.0, Sum: 0.1]
      [Object Copy (ms): Min: 1.9, Avg: 6.2, Max: 7.2, Diff: 5.3, Sum: 49.4]
      [Termination (ms): Min: 2.3, Avg: 2.9, Max: 3.6, Diff: 1.3, Sum: 23.1]
         [Termination Attempts: Min: 150, Avg: 312.5, Max: 449, Diff: 299, Sum: 2500]
      [GC Worker Other (ms): Min: 0.0, Avg: 0.1, Max: 0.2, Diff: 0.1, Sum: 1.0]
      [GC Worker Total (ms): Min: 17.2, Avg: 17.3, Max: 17.4, Diff: 0.2, Sum: 138.5]
      [GC Worker End (ms): Min: 528087547.5, Avg: 528087547.6, Max: 528087547.6, Diff: 0.1]
   [Code Root Fixup: 0.0 ms]
   [Code Root Purge: 0.0 ms]
   [Clear CT: 0.8 ms]
   [Other: 11.8 ms]
      [Choose CSet: 0.0 ms]
      [Ref Proc: 3.1 ms]
      [Ref Enq: 0.1 ms]
      [Redirty Cards: 0.1 ms]
      [Humongous Register: 3.0 ms]
      [Humongous Reclaim: 0.2 ms]
      [Free CSet: 4.4 ms]
   [Eden: 3664.0M(3664.0M)->0.0B(3664.0M) Survivors: 22.0M->22.0M Heap: 5058.4M(6144.0M)->1375.5M(6144.0M)]
 [Times: user=0.05 sys=0.10, real=0.03 secs] 
2025-07-26T14:40:02.386+0800: 528156.222: [GC pause (G1 Evacuation Pause) (young), 0.0295473 secs]
   [Parallel Time: 16.9 ms, GC Workers: 8]
      [GC Worker Start (ms): Min: 528156224.9, Avg: 528156225.0, Max: 528156225.1, Diff: 0.2]
      [Ext Root Scanning (ms): Min: 3.1, Avg: 4.4, Max: 11.6, Diff: 8.4, Sum: 35.0]
      [Update RS (ms): Min: 0.0, Avg: 1.5, Max: 1.9, Diff: 1.9, Sum: 12.0]
         [Processed Buffers: Min: 0, Avg: 13.5, Max: 46, Diff: 46, Sum: 108]
      [Scan RS (ms): Min: 0.2, Avg: 0.4, Max: 0.5, Diff: 0.4, Sum: 3.4]
      [Code Root Scanning (ms): Min: 0.0, Avg: 0.0, Max: 0.0, Diff: 0.0, Sum: 0.1]
      [Object Copy (ms): Min: 2.6, Avg: 6.6, Max: 8.2, Diff: 5.6, Sum: 52.9]
      [Termination (ms): Min: 2.3, Avg: 3.6, Max: 4.4, Diff: 2.2, Sum: 28.7]
         [Termination Attempts: Min: 248, Avg: 384.0, Max: 544, Diff: 296, Sum: 3072]
      [GC Worker Other (ms): Min: 0.1, Avg: 0.1, Max: 0.2, Diff: 0.1, Sum: 1.0]
      [GC Worker Total (ms): Min: 16.5, Avg: 16.6, Max: 16.8, Diff: 0.3, Sum: 133.0]
      [GC Worker End (ms): Min: 528156241.6, Avg: 528156241.6, Max: 528156241.7, Diff: 0.2]
   [Code Root Fixup: 0.0 ms]
   [Code Root Purge: 0.0 ms]
   [Clear CT: 0.7 ms]
   [Other: 11.9 ms]
      [Choose CSet: 0.0 ms]
      [Ref Proc: 3.5 ms]
      [Ref Enq: 0.1 ms]
      [Redirty Cards: 0.2 ms]
      [Humongous Register: 2.5 ms]
      [Humongous Reclaim: 0.1 ms]
      [Free CSet: 4.7 ms]
   [Eden: 3664.0M(3664.0M)->0.0B(3666.0M) Survivors: 22.0M->20.0M Heap: 5039.5M(6144.0M)->1375.2M(6144.0M)]
 [Times: user=0.14 sys=0.01, real=0.03 secs] 
2025-07-26T14:41:23.366+0800: 528237.201: [GC pause (G1 Evacuation Pause) (young), 0.0396064 secs]
   [Parallel Time: 29.1 ms, GC Workers: 8]
      [GC Worker Start (ms): Min: 528237203.8, Avg: 528237203.9, Max: 528237204.1, Diff: 0.3]
      [Ext Root Scanning (ms): Min: 2.7, Avg: 4.0, Max: 10.8, Diff: 8.1, Sum: 31.6]
      [Update RS (ms): Min: 11.3, Avg: 17.7, Max: 19.2, Diff: 8.0, Sum: 141.5]
         [Processed Buffers: Min: 77, Avg: 113.1, Max: 130, Diff: 53, Sum: 905]
      [Scan RS (ms): Min: 0.1, Avg: 0.4, Max: 0.5, Diff: 0.4, Sum: 3.2]
      [Code Root Scanning (ms): Min: 0.0, Avg: 0.0, Max: 0.0, Diff: 0.0, Sum: 0.1]
      [Object Copy (ms): Min: 5.2, Avg: 5.5, Max: 5.8, Diff: 0.5, Sum: 44.1]
      [Termination (ms): Min: 0.6, Avg: 1.0, Max: 1.3, Diff: 0.7, Sum: 8.3]
         [Termination Attempts: Min: 47, Avg: 86.0, Max: 145, Diff: 98, Sum: 688]
      [GC Worker Other (ms): Min: 0.0, Avg: 0.1, Max: 0.2, Diff: 0.1, Sum: 0.9]
      [GC Worker Total (ms): Min: 28.5, Avg: 28.7, Max: 29.0, Diff: 0.4, Sum: 229.7]
      [GC Worker End (ms): Min: 528237232.5, Avg: 528237232.6, Max: 528237232.7, Diff: 0.2]
   [Code Root Fixup: 0.0 ms]
   [Code Root Purge: 0.0 ms]
   [Clear CT: 0.6 ms]
   [Other: 9.9 ms]
      [Choose CSet: 0.0 ms]
      [Ref Proc: 2.1 ms]
      [Ref Enq: 0.1 ms]
      [Redirty Cards: 0.1 ms]
      [Humongous Register: 1.8 ms]
      [Humongous Reclaim: 0.4 ms]
      [Free CSet: 4.4 ms]
   [Eden: 3666.0M(3666.0M)->0.0B(3664.0M) Survivors: 20.0M->22.0M Heap: 5137.1M(6144.0M)->1372.4M(6144.0M)]
 [Times: user=0.22 sys=0.02, real=0.04 secs] 
2025-07-26T14:43:19.992+0800: 528353.827: [GC pause (G1 Evacuation Pause) (young), 0.0429937 secs]
   [Parallel Time: 32.6 ms, GC Workers: 8]
      [GC Worker Start (ms): Min: 528353829.5, Avg: 528353829.6, Max: 528353829.7, Diff: 0.2]
      [Ext Root Scanning (ms): Min: 2.6, Avg: 4.0, Max: 11.7, Diff: 9.1, Sum: 31.7]
      [Update RS (ms): Min: 13.8, Avg: 21.3, Max: 23.1, Diff: 9.4, Sum: 170.6]
         [Processed Buffers: Min: 93, Avg: 136.5, Max: 156, Diff: 63, Sum: 1092]
      [Scan RS (ms): Min: 0.1, Avg: 0.4, Max: 0.5, Diff: 0.4, Sum: 3.2]
      [Code Root Scanning (ms): Min: 0.0, Avg: 0.0, Max: 0.0, Diff: 0.0, Sum: 0.1]
      [Object Copy (ms): Min: 6.3, Avg: 6.5, Max: 6.7, Diff: 0.4, Sum: 52.4]
      [Termination (ms): Min: 0.0, Avg: 0.0, Max: 0.0, Diff: 0.0, Sum: 0.0]
         [Termination Attempts: Min: 1, Avg: 1.0, Max: 1, Diff: 0, Sum: 8]
      [GC Worker Other (ms): Min: 0.0, Avg: 0.1, Max: 0.2, Diff: 0.2, Sum: 1.1]
      [GC Worker Total (ms): Min: 32.3, Avg: 32.4, Max: 32.5, Diff: 0.2, Sum: 259.0]
      [GC Worker End (ms): Min: 528353861.9, Avg: 528353862.0, Max: 528353862.0, Diff: 0.1]
   [Code Root Fixup: 0.0 ms]
   [Code Root Purge: 0.0 ms]
   [Clear CT: 0.7 ms]
   [Other: 9.7 ms]
      [Choose CSet: 0.0 ms]
      [Ref Proc: 2.3 ms]
      [Ref Enq: 0.1 ms]
      [Redirty Cards: 0.1 ms]
      [Humongous Register: 1.7 ms]
      [Humongous Reclaim: 0.4 ms]
      [Free CSet: 4.4 ms]
   [Eden: 3664.0M(3664.0M)->0.0B(3658.0M) Survivors: 22.0M->28.0M Heap: 5155.2M(6144.0M)->1371.5M(6144.0M)]
 [Times: user=0.24 sys=0.03, real=0.04 secs] 
2025-07-26T14:46:21.757+0800: 528535.592: [GC pause (G1 Evacuation Pause) (young), 0.0467780 secs]
   [Parallel Time: 37.0 ms, GC Workers: 8]
      [GC Worker Start (ms): Min: 528535594.6, Avg: 528535594.8, Max: 528535594.9, Diff: 0.3]
      [Ext Root Scanning (ms): Min: 2.6, Avg: 4.1, Max: 12.2, Diff: 9.6, Sum: 32.7]
      [Update RS (ms): Min: 17.9, Avg: 25.7, Max: 27.4, Diff: 9.4, Sum: 205.9]
         [Processed Buffers: Min: 113, Avg: 169.8, Max: 190, Diff: 77, Sum: 1358]
      [Scan RS (ms): Min: 0.1, Avg: 0.5, Max: 0.6, Diff: 0.5, Sum: 3.9]
      [Code Root Scanning (ms): Min: 0.0, Avg: 0.0, Max: 0.0, Diff: 0.0, Sum: 0.1]
      [Object Copy (ms): Min: 6.1, Avg: 6.2, Max: 6.3, Diff: 0.2, Sum: 49.8]
      [Termination (ms): Min: 0.0, Avg: 0.0, Max: 0.0, Diff: 0.0, Sum: 0.0]
         [Termination Attempts: Min: 1, Avg: 1.0, Max: 1, Diff: 0, Sum: 8]
      [GC Worker Other (ms): Min: 0.1, Avg: 0.1, Max: 0.2, Diff: 0.2, Sum: 1.2]
      [GC Worker Total (ms): Min: 36.5, Avg: 36.7, Max: 36.8, Diff: 0.3, Sum: 293.5]
      [GC Worker End (ms): Min: 528535631.4, Avg: 528535631.5, Max: 528535631.5, Diff: 0.1]
   [Code Root Fixup: 0.0 ms]
   [Code Root Purge: 0.0 ms]
   [Clear CT: 0.6 ms]
   [Other: 9.1 ms]
      [Choose CSet: 0.0 ms]
      [Ref Proc: 1.6 ms]
      [Ref Enq: 0.1 ms]
      [Redirty Cards: 0.1 ms]
      [Humongous Register: 1.4 ms]
      [Humongous Reclaim: 0.5 ms]
      [Free CSet: 4.2 ms]
   [Eden: 3658.0M(3658.0M)->0.0B(3658.0M) Survivors: 28.0M->28.0M Heap: 5252.9M(6144.0M)->1393.4M(6144.0M)]
 [Times: user=0.27 sys=0.04, real=0.05 secs] 
2025-07-26T14:47:19.950+0800: 528593.786: [GC pause (G1 Evacuation Pause) (young), 0.0342569 secs]
   [Parallel Time: 23.3 ms, GC Workers: 8]
      [GC Worker Start (ms): Min: 528593788.3, Avg: 528593788.4, Max: 528593788.6, Diff: 0.3]
      [Ext Root Scanning (ms): Min: 2.9, Avg: 4.3, Max: 11.2, Diff: 8.2, Sum: 34.0]
      [Update RS (ms): Min: 4.1, Avg: 10.7, Max: 12.3, Diff: 8.2, Sum: 85.8]
         [Processed Buffers: Min: 30, Avg: 75.1, Max: 95, Diff: 65, Sum: 601]
      [Scan RS (ms): Min: 0.1, Avg: 0.4, Max: 0.5, Diff: 0.4, Sum: 3.2]
      [Code Root Scanning (ms): Min: 0.0, Avg: 0.0, Max: 0.0, Diff: 0.0, Sum: 0.1]
      [Object Copy (ms): Min: 7.2, Avg: 7.5, Max: 7.6, Diff: 0.4, Sum: 59.7]
      [Termination (ms): Min: 0.0, Avg: 0.0, Max: 0.0, Diff: 0.0, Sum: 0.0]
         [Termination Attempts: Min: 3, Avg: 5.5, Max: 8, Diff: 5, Sum: 44]
      [GC Worker Other (ms): Min: 0.0, Avg: 0.1, Max: 0.3, Diff: 0.2, Sum: 0.9]
      [GC Worker Total (ms): Min: 22.8, Avg: 23.0, Max: 23.1, Diff: 0.3, Sum: 183.7]
      [GC Worker End (ms): Min: 528593811.3, Avg: 528593811.4, Max: 528593811.4, Diff: 0.1]
   [Code Root Fixup: 0.0 ms]
   [Code Root Purge: 0.0 ms]
   [Clear CT: 0.6 ms]
   [Other: 10.4 ms]
      [Choose CSet: 0.0 ms]
      [Ref Proc: 2.7 ms]
      [Ref Enq: 0.2 ms]
      [Redirty Cards: 0.1 ms]
      [Humongous Register: 1.9 ms]
      [Humongous Reclaim: 0.3 ms]
      [Free CSet: 4.3 ms]
   [Eden: 3658.0M(3658.0M)->0.0B(3658.0M) Survivors: 28.0M->28.0M Heap: 5113.3M(6144.0M)->1392.1M(6144.0M)]
 [Times: user=0.08 sys=0.11, real=0.03 secs] 
2025-07-26T14:48:18.158+0800: 528651.993: [GC pause (G1 Evacuation Pause) (young), 0.0389608 secs]
   [Parallel Time: 26.0 ms, GC Workers: 8]
      [GC Worker Start (ms): Min: 528651996.7, Avg: 528651996.8, Max: 528651996.9, Diff: 0.1]
      [Ext Root Scanning (ms): Min: 3.2, Avg: 4.4, Max: 11.7, Diff: 8.5, Sum: 35.4]
      [Update RS (ms): Min: 2.4, Avg: 9.6, Max: 11.3, Diff: 8.9, Sum: 76.5]
         [Processed Buffers: Min: 18, Avg: 67.2, Max: 86, Diff: 68, Sum: 538]
      [Scan RS (ms): Min: 0.1, Avg: 0.4, Max: 0.5, Diff: 0.4, Sum: 3.3]
      [Code Root Scanning (ms): Min: 0.0, Avg: 0.0, Max: 0.0, Diff: 0.0, Sum: 0.1]
      [Object Copy (ms): Min: 8.7, Avg: 9.1, Max: 9.7, Diff: 1.0, Sum: 73.1]
      [Termination (ms): Min: 1.7, Avg: 2.2, Max: 2.5, Diff: 0.8, Sum: 17.4]
         [Termination Attempts: Min: 203, Avg: 263.5, Max: 390, Diff: 187, Sum: 2108]
      [GC Worker Other (ms): Min: 0.0, Avg: 0.1, Max: 0.1, Diff: 0.1, Sum: 0.5]
      [GC Worker Total (ms): Min: 25.7, Avg: 25.8, Max: 25.9, Diff: 0.2, Sum: 206.2]
      [GC Worker End (ms): Min: 528652022.5, Avg: 528652022.6, Max: 528652022.7, Diff: 0.1]
   [Code Root Fixup: 0.0 ms]
   [Code Root Purge: 0.0 ms]
   [Clear CT: 0.6 ms]
   [Other: 12.3 ms]
      [Choose CSet: 0.0 ms]
      [Ref Proc: 2.8 ms]
      [Ref Enq: 0.2 ms]
      [Redirty Cards: 0.1 ms]
      [Humongous Register: 2.8 ms]
      [Humongous Reclaim: 0.4 ms]
      [Free CSet: 4.9 ms]
   [Eden: 3658.0M(3658.0M)->0.0B(3660.0M) Survivors: 28.0M->26.0M Heap: 5102.2M(6144.0M)->1384.3M(6144.0M)]
 [Times: user=0.19 sys=0.03, real=0.03 secs] 
2025-07-26T14:49:42.732+0800: 528736.568: [GC pause (G1 Evacuation Pause) (young), 0.0378678 secs]
   [Parallel Time: 26.2 ms, GC Workers: 8]
      [GC Worker Start (ms): Min: 528736571.7, Avg: 528736571.8, Max: 528736571.9, Diff: 0.1]
      [Ext Root Scanning (ms): Min: 3.0, Avg: 4.3, Max: 11.5, Diff: 8.5, Sum: 34.0]
      [Update RS (ms): Min: 8.9, Avg: 16.0, Max: 17.7, Diff: 8.8, Sum: 128.1]
         [Processed Buffers: Min: 69, Avg: 108.6, Max: 132, Diff: 63, Sum: 869]
      [Scan RS (ms): Min: 0.1, Avg: 0.6, Max: 0.7, Diff: 0.6, Sum: 4.5]
      [Code Root Scanning (ms): Min: 0.0, Avg: 0.0, Max: 0.0, Diff: 0.0, Sum: 0.1]
      [Object Copy (ms): Min: 4.8, Avg: 4.9, Max: 5.0, Diff: 0.2, Sum: 39.4]
      [Termination (ms): Min: 0.0, Avg: 0.1, Max: 0.1, Diff: 0.1, Sum: 0.6]
         [Termination Attempts: Min: 1, Avg: 34.0, Max: 48, Diff: 47, Sum: 272]
      [GC Worker Other (ms): Min: 0.1, Avg: 0.1, Max: 0.2, Diff: 0.2, Sum: 1.0]
      [GC Worker Total (ms): Min: 25.9, Avg: 26.0, Max: 26.1, Diff: 0.2, Sum: 207.7]
      [GC Worker End (ms): Min: 528736597.7, Avg: 528736597.7, Max: 528736597.8, Diff: 0.1]
   [Code Root Fixup: 0.0 ms]
   [Code Root Purge: 0.0 ms]
   [Clear CT: 0.7 ms]
   [Other: 10.9 ms]
      [Choose CSet: 0.0 ms]
      [Ref Proc: 1.8 ms]
      [Ref Enq: 0.1 ms]
      [Redirty Cards: 0.2 ms]
      [Humongous Register: 3.1 ms]
      [Humongous Reclaim: 0.5 ms]
      [Free CSet: 4.2 ms]
   [Eden: 3660.0M(3660.0M)->0.0B(3664.0M) Survivors: 26.0M->22.0M Heap: 5192.4M(6144.0M)->1380.7M(6144.0M)]
 [Times: user=0.21 sys=0.01, real=0.04 secs] 
2025-07-26T14:50:26.657+0800: 528780.492: [GC pause (G1 Evacuation Pause) (young), 0.0307610 secs]
   [Parallel Time: 23.6 ms, GC Workers: 8]
      [GC Worker Start (ms): Min: 528780493.5, Avg: 528780493.5, Max: 528780493.5, Diff: 0.1]
      [Ext Root Scanning (ms): Min: 2.4, Avg: 3.5, Max: 9.6, Diff: 7.2, Sum: 27.8]
      [Update RS (ms): Min: 3.4, Avg: 9.4, Max: 10.4, Diff: 7.0, Sum: 75.3]
         [Processed Buffers: Min: 39, Avg: 73.8, Max: 89, Diff: 50, Sum: 590]
      [Scan RS (ms): Min: 0.1, Avg: 0.4, Max: 0.5, Diff: 0.4, Sum: 3.1]
      [Code Root Scanning (ms): Min: 0.0, Avg: 0.0, Max: 0.0, Diff: 0.0, Sum: 0.1]
      [Object Copy (ms): Min: 8.8, Avg: 9.3, Max: 10.2, Diff: 1.3, Sum: 74.2]
      [Termination (ms): Min: 0.0, Avg: 0.9, Max: 1.0, Diff: 1.0, Sum: 6.8]
         [Termination Attempts: Min: 1, Avg: 1.0, Max: 1, Diff: 0, Sum: 8]
      [GC Worker Other (ms): Min: 0.0, Avg: 0.0, Max: 0.1, Diff: 0.1, Sum: 0.3]
      [GC Worker Total (ms): Min: 23.4, Avg: 23.4, Max: 23.5, Diff: 0.1, Sum: 187.6]
      [GC Worker End (ms): Min: 528780516.9, Avg: 528780516.9, Max: 528780517.0, Diff: 0.1]
   [Code Root Fixup: 0.0 ms]
   [Code Root Purge: 0.0 ms]
   [Clear CT: 0.6 ms]
   [Other: 6.5 ms]
      [Choose CSet: 0.0 ms]
      [Ref Proc: 2.6 ms]
      [Ref Enq: 0.1 ms]
      [Redirty Cards: 0.1 ms]
      [Humongous Register: 0.5 ms]
      [Humongous Reclaim: 0.2 ms]
      [Free CSet: 2.3 ms]
   [Eden: 3664.0M(3664.0M)->0.0B(3638.0M) Survivors: 22.0M->48.0M Heap: 5096.7M(6144.0M)->1405.7M(6144.0M)]
 [Times: user=0.20 sys=0.01, real=0.03 secs] 
2025-07-26T14:50:55.362+0800: 528809.197: [GC pause (G1 Evacuation Pause) (young), 0.0311165 secs]
   [Parallel Time: 19.1 ms, GC Workers: 8]
      [GC Worker Start (ms): Min: 528809200.7, Avg: 528809200.8, Max: 528809200.8, Diff: 0.1]
      [Ext Root Scanning (ms): Min: 3.1, Avg: 4.6, Max: 12.9, Diff: 9.8, Sum: 36.7]
      [Update RS (ms): Min: 0.0, Avg: 2.2, Max: 2.9, Diff: 2.9, Sum: 17.5]
         [Processed Buffers: Min: 0, Avg: 23.1, Max: 47, Diff: 47, Sum: 185]
      [Scan RS (ms): Min: 0.2, Avg: 0.4, Max: 0.5, Diff: 0.3, Sum: 3.3]
      [Code Root Scanning (ms): Min: 0.0, Avg: 0.0, Max: 0.0, Diff: 0.0, Sum: 0.1]
      [Object Copy (ms): Min: 5.7, Avg: 11.6, Max: 12.5, Diff: 6.7, Sum: 92.6]
      [Termination (ms): Min: 0.0, Avg: 0.0, Max: 0.0, Diff: 0.0, Sum: 0.0]
         [Termination Attempts: Min: 1, Avg: 2.1, Max: 4, Diff: 3, Sum: 17]
      [GC Worker Other (ms): Min: 0.1, Avg: 0.2, Max: 0.2, Diff: 0.2, Sum: 1.3]
      [GC Worker Total (ms): Min: 18.9, Avg: 18.9, Max: 19.0, Diff: 0.2, Sum: 151.5]
      [GC Worker End (ms): Min: 528809219.6, Avg: 528809219.7, Max: 528809219.7, Diff: 0.1]
   [Code Root Fixup: 0.0 ms]
   [Code Root Purge: 0.0 ms]
   [Clear CT: 0.6 ms]
   [Other: 11.4 ms]
      [Choose CSet: 0.0 ms]
      [Ref Proc: 2.9 ms]
      [Ref Enq: 0.2 ms]
      [Redirty Cards: 0.1 ms]
      [Humongous Register: 2.6 ms]
      [Humongous Reclaim: 0.1 ms]
      [Free CSet: 4.4 ms]
   [Eden: 3638.0M(3638.0M)->0.0B(3636.0M) Survivors: 48.0M->50.0M Heap: 5043.7M(6144.0M)->1403.2M(6144.0M)]
 [Times: user=0.14 sys=0.03, real=0.03 secs] 
2025-07-26T14:51:20.846+0800: 528834.682: [GC pause (G1 Evacuation Pause) (young), 0.0408171 secs]
   [Parallel Time: 34.5 ms, GC Workers: 8]
      [GC Worker Start (ms): Min: 528834682.8, Avg: 528834682.9, Max: 528834682.9, Diff: 0.1]
      [Ext Root Scanning (ms): Min: 2.6, Avg: 3.7, Max: 10.2, Diff: 7.6, Sum: 30.0]
      [Update RS (ms): Min: 11.2, Avg: 17.3, Max: 18.4, Diff: 7.2, Sum: 138.3]
         [Processed Buffers: Min: 62, Avg: 119.0, Max: 134, Diff: 72, Sum: 952]
      [Scan RS (ms): Min: 0.3, Avg: 0.4, Max: 0.5, Diff: 0.2, Sum: 3.2]
      [Code Root Scanning (ms): Min: 0.0, Avg: 0.0, Max: 0.0, Diff: 0.0, Sum: 0.1]
      [Object Copy (ms): Min: 12.5, Avg: 12.8, Max: 13.3, Diff: 0.8, Sum: 102.4]
      [Termination (ms): Min: 0.0, Avg: 0.0, Max: 0.0, Diff: 0.0, Sum: 0.0]
         [Termination Attempts: Min: 1, Avg: 2.0, Max: 3, Diff: 2, Sum: 16]
      [GC Worker Other (ms): Min: 0.0, Avg: 0.1, Max: 0.1, Diff: 0.1, Sum: 0.6]
      [GC Worker Total (ms): Min: 34.3, Avg: 34.3, Max: 34.4, Diff: 0.1, Sum: 274.6]
      [GC Worker End (ms): Min: 528834717.1, Avg: 528834717.2, Max: 528834717.2, Diff: 0.1]
   [Code Root Fixup: 0.0 ms]
   [Code Root Purge: 0.0 ms]
   [Clear CT: 0.6 ms]
   [Other: 5.7 ms]
      [Choose CSet: 0.0 ms]
      [Ref Proc: 1.9 ms]
      [Ref Enq: 0.2 ms]
      [Redirty Cards: 0.1 ms]
      [Humongous Register: 0.3 ms]
      [Humongous Reclaim: 0.3 ms]
      [Free CSet: 1.9 ms]
   [Eden: 3636.0M(3636.0M)->0.0B(3626.0M) Survivors: 50.0M->60.0M Heap: 5135.2M(6144.0M)->1412.3M(6144.0M)]
 [Times: user=0.26 sys=0.02, real=0.05 secs] 
2025-07-26T14:53:02.916+0800: 528936.752: [GC pause (G1 Evacuation Pause) (young), 0.0383203 secs]
   [Parallel Time: 26.6 ms, GC Workers: 8]
      [GC Worker Start (ms): Min: 528936754.7, Avg: 528936754.8, Max: 528936754.9, Diff: 0.2]
      [Ext Root Scanning (ms): Min: 2.9, Avg: 4.2, Max: 11.2, Diff: 8.3, Sum: 33.4]
      [Update RS (ms): Min: 4.4, Avg: 11.1, Max: 12.5, Diff: 8.1, Sum: 89.0]
         [Processed Buffers: Min: 42, Avg: 79.6, Max: 97, Diff: 55, Sum: 637]
      [Scan RS (ms): Min: 0.1, Avg: 0.4, Max: 0.5, Diff: 0.4, Sum: 3.2]
      [Code Root Scanning (ms): Min: 0.0, Avg: 0.0, Max: 0.0, Diff: 0.0, Sum: 0.1]
      [Object Copy (ms): Min: 10.3, Avg: 10.5, Max: 10.6, Diff: 0.3, Sum: 83.8]
      [Termination (ms): Min: 0.0, Avg: 0.1, Max: 0.1, Diff: 0.1, Sum: 0.8]
         [Termination Attempts: Min: 1, Avg: 1.0, Max: 1, Diff: 0, Sum: 8]
      [GC Worker Other (ms): Min: 0.1, Avg: 0.1, Max: 0.2, Diff: 0.2, Sum: 1.1]
      [GC Worker Total (ms): Min: 26.3, Avg: 26.4, Max: 26.5, Diff: 0.2, Sum: 211.3]
      [GC Worker End (ms): Min: 528936781.2, Avg: 528936781.2, Max: 528936781.3, Diff: 0.1]
   [Code Root Fixup: 0.0 ms]
   [Code Root Purge: 0.0 ms]
   [Clear CT: 0.7 ms]
   [Other: 11.0 ms]
      [Choose CSet: 0.0 ms]
      [Ref Proc: 2.6 ms]
      [Ref Enq: 0.2 ms]
      [Redirty Cards: 0.1 ms]
      [Humongous Register: 1.9 ms]
      [Humongous Reclaim: 0.3 ms]
      [Free CSet: 4.6 ms]
   [Eden: 3626.0M(3626.0M)->0.0B(3648.0M) Survivors: 60.0M->38.0M Heap: 5096.4M(6144.0M)->1390.3M(6144.0M)]
 [Times: user=0.20 sys=0.02, real=0.04 secs] 
2025-07-26T14:54:07.205+0800: 529001.041: [GC pause (G1 Evacuation Pause) (young), 0.0471911 secs]
   [Parallel Time: 35.1 ms, GC Workers: 8]
      [GC Worker Start (ms): Min: 529001044.4, Avg: 529001044.5, Max: 529001044.6, Diff: 0.2]
      [Ext Root Scanning (ms): Min: 3.2, Avg: 4.4, Max: 11.1, Diff: 7.9, Sum: 35.3]
      [Update RS (ms): Min: 14.7, Avg: 20.5, Max: 21.6, Diff: 6.8, Sum: 164.0]
         [Processed Buffers: Min: 81, Avg: 126.0, Max: 148, Diff: 67, Sum: 1008]
      [Scan RS (ms): Min: 0.1, Avg: 0.4, Max: 0.6, Diff: 0.4, Sum: 3.5]
      [Code Root Scanning (ms): Min: 0.0, Avg: 0.0, Max: 0.0, Diff: 0.0, Sum: 0.1]
      [Object Copy (ms): Min: 8.1, Avg: 8.7, Max: 9.0, Diff: 0.9, Sum: 69.9]
      [Termination (ms): Min: 0.4, Avg: 0.6, Max: 0.9, Diff: 0.5, Sum: 4.7]
         [Termination Attempts: Min: 61, Avg: 97.4, Max: 174, Diff: 113, Sum: 779]
      [GC Worker Other (ms): Min: 0.0, Avg: 0.1, Max: 0.2, Diff: 0.1, Sum: 1.0]
      [GC Worker Total (ms): Min: 34.7, Avg: 34.8, Max: 35.0, Diff: 0.3, Sum: 278.5]
      [GC Worker End (ms): Min: 529001079.2, Avg: 529001079.3, Max: 529001079.4, Diff: 0.2]
   [Code Root Fixup: 0.0 ms]
   [Code Root Purge: 0.0 ms]
   [Clear CT: 0.6 ms]
   [Other: 11.4 ms]
      [Choose CSet: 0.0 ms]
      [Ref Proc: 2.4 ms]
      [Ref Enq: 0.1 ms]
      [Redirty Cards: 0.1 ms]
      [Humongous Register: 2.7 ms]
      [Humongous Reclaim: 0.4 ms]
      [Free CSet: 4.7 ms]
   [Eden: 3648.0M(3648.0M)->0.0B(3658.0M) Survivors: 38.0M->28.0M Heap: 5152.3M(6144.0M)->1386.3M(6144.0M)]
 [Times: user=0.24 sys=0.05, real=0.05 secs] 
2025-07-26T14:55:15.995+0800: 529069.831: [GC pause (G1 Evacuation Pause) (young), 0.0456903 secs]
   [Parallel Time: 34.3 ms, GC Workers: 8]
      [GC Worker Start (ms): Min: 529069833.2, Avg: 529069833.2, Max: 529069833.3, Diff: 0.1]
      [Ext Root Scanning (ms): Min: 3.0, Avg: 4.2, Max: 11.2, Diff: 8.2, Sum: 33.4]
      [Update RS (ms): Min: 13.8, Avg: 20.8, Max: 22.7, Diff: 8.9, Sum: 166.2]
         [Processed Buffers: Min: 103, Avg: 131.4, Max: 153, Diff: 50, Sum: 1051]
      [Scan RS (ms): Min: 0.2, Avg: 0.4, Max: 0.5, Diff: 0.4, Sum: 3.3]
      [Code Root Scanning (ms): Min: 0.0, Avg: 0.0, Max: 0.0, Diff: 0.0, Sum: 0.1]
      [Object Copy (ms): Min: 8.0, Avg: 8.3, Max: 8.6, Diff: 0.6, Sum: 66.7]
      [Termination (ms): Min: 0.1, Avg: 0.3, Max: 0.5, Diff: 0.4, Sum: 2.5]
         [Termination Attempts: Min: 20, Avg: 48.5, Max: 68, Diff: 48, Sum: 388]
      [GC Worker Other (ms): Min: 0.0, Avg: 0.1, Max: 0.2, Diff: 0.1, Sum: 0.9]
      [GC Worker Total (ms): Min: 34.1, Avg: 34.1, Max: 34.2, Diff: 0.1, Sum: 273.0]
      [GC Worker End (ms): Min: 529069867.3, Avg: 529069867.4, Max: 529069867.4, Diff: 0.1]
   [Code Root Fixup: 0.1 ms]
   [Code Root Purge: 0.0 ms]
   [Clear CT: 0.7 ms]
   [Other: 10.6 ms]
      [Choose CSet: 0.0 ms]
      [Ref Proc: 2.7 ms]
      [Ref Enq: 0.1 ms]
      [Redirty Cards: 0.3 ms]
      [Humongous Register: 1.7 ms]
      [Humongous Reclaim: 0.4 ms]
      [Free CSet: 4.3 ms]
   [Eden: 3658.0M(3658.0M)->0.0B(3656.0M) Survivors: 28.0M->30.0M Heap: 5165.4M(6144.0M)->1388.7M(6144.0M)]
 [Times: user=0.25 sys=0.03, real=0.05 secs] 
2025-07-26T14:56:41.612+0800: 529155.448: [GC pause (G1 Evacuation Pause) (young), 0.0436275 secs]
   [Parallel Time: 32.2 ms, GC Workers: 8]
      [GC Worker Start (ms): Min: 529155450.2, Avg: 529155450.3, Max: 529155450.4, Diff: 0.2]
      [Ext Root Scanning (ms): Min: 2.9, Avg: 4.1, Max: 11.0, Diff: 8.1, Sum: 32.4]
      [Update RS (ms): Min: 11.4, Avg: 18.2, Max: 19.4, Diff: 8.0, Sum: 145.5]
         [Processed Buffers: Min: 96, Avg: 124.4, Max: 143, Diff: 47, Sum: 995]
      [Scan RS (ms): Min: 0.1, Avg: 0.5, Max: 0.8, Diff: 0.6, Sum: 4.4]
      [Code Root Scanning (ms): Min: 0.0, Avg: 0.0, Max: 0.0, Diff: 0.0, Sum: 0.1]
      [Object Copy (ms): Min: 8.3, Avg: 8.5, Max: 9.0, Diff: 0.7, Sum: 68.2]
      [Termination (ms): Min: 0.2, Avg: 0.5, Max: 0.7, Diff: 0.5, Sum: 4.3]
         [Termination Attempts: Min: 50, Avg: 93.9, Max: 152, Diff: 102, Sum: 751]
      [GC Worker Other (ms): Min: 0.1, Avg: 0.1, Max: 0.2, Diff: 0.2, Sum: 1.1]
      [GC Worker Total (ms): Min: 31.9, Avg: 32.0, Max: 32.1, Diff: 0.2, Sum: 256.0]
      [GC Worker End (ms): Min: 529155482.2, Avg: 529155482.3, Max: 529155482.3, Diff: 0.1]
   [Code Root Fixup: 0.0 ms]
   [Code Root Purge: 0.0 ms]
   [Clear CT: 0.7 ms]
   [Other: 10.6 ms]
      [Choose CSet: 0.0 ms]
      [Ref Proc: 2.5 ms]
      [Ref Enq: 0.1 ms]
      [Redirty Cards: 0.1 ms]
      [Humongous Register: 1.6 ms]
      [Humongous Reclaim: 0.7 ms]
      [Free CSet: 4.4 ms]
   [Eden: 3656.0M(3656.0M)->0.0B(3656.0M) Survivors: 30.0M->30.0M Heap: 5210.3M(6144.0M)->1400.8M(6144.0M)]
 [Times: user=0.23 sys=0.04, real=0.04 secs] 
2025-07-26T14:57:18.137+0800: 529191.973: [GC pause (G1 Evacuation Pause) (young), 0.0352646 secs]
   [Parallel Time: 23.4 ms, GC Workers: 8]
      [GC Worker Start (ms): Min: 529191975.5, Avg: 529191975.6, Max: 529191975.7, Diff: 0.1]
      [Ext Root Scanning (ms): Min: 3.0, Avg: 4.2, Max: 11.5, Diff: 8.5, Sum: 34.0]
      [Update RS (ms): Min: 2.4, Avg: 9.4, Max: 11.1, Diff: 8.8, Sum: 75.5]
         [Processed Buffers: Min: 27, Avg: 66.0, Max: 88, Diff: 61, Sum: 528]
      [Scan RS (ms): Min: 0.1, Avg: 0.4, Max: 0.5, Diff: 0.4, Sum: 3.1]
      [Code Root Scanning (ms): Min: 0.0, Avg: 0.0, Max: 0.0, Diff: 0.0, Sum: 0.1]
      [Object Copy (ms): Min: 8.6, Avg: 8.9, Max: 9.1, Diff: 0.5, Sum: 71.4]
      [Termination (ms): Min: 0.0, Avg: 0.0, Max: 0.0, Diff: 0.0, Sum: 0.1]
         [Termination Attempts: Min: 1, Avg: 13.4, Max: 20, Diff: 19, Sum: 107]
      [GC Worker Other (ms): Min: 0.1, Avg: 0.1, Max: 0.2, Diff: 0.1, Sum: 1.2]
      [GC Worker Total (ms): Min: 23.1, Avg: 23.2, Max: 23.2, Diff: 0.1, Sum: 185.3]
      [GC Worker End (ms): Min: 529191998.7, Avg: 529191998.8, Max: 529191998.8, Diff: 0.1]
   [Code Root Fixup: 0.0 ms]
   [Code Root Purge: 0.0 ms]
   [Clear CT: 0.6 ms]
   [Other: 11.2 ms]
      [Choose CSet: 0.0 ms]
      [Ref Proc: 2.7 ms]
      [Ref Enq: 0.1 ms]
      [Redirty Cards: 0.1 ms]
      [Humongous Register: 2.0 ms]
      [Humongous Reclaim: 0.4 ms]
      [Free CSet: 4.9 ms]
   [Eden: 3656.0M(3656.0M)->0.0B(3658.0M) Survivors: 30.0M->28.0M Heap: 5106.6M(6144.0M)->1392.9M(6144.0M)]
 [Times: user=0.17 sys=0.03, real=0.03 secs] 
2025-07-26T14:58:00.651+0800: 529234.486: [GC pause (GCLocker Initiated GC) (young), 0.0387702 secs]
   [Parallel Time: 25.4 ms, GC Workers: 8]
      [GC Worker Start (ms): Min: 529234490.0, Avg: 529234490.1, Max: 529234490.1, Diff: 0.1]
      [Ext Root Scanning (ms): Min: 3.0, Avg: 4.4, Max: 11.9, Diff: 9.0, Sum: 34.9]
      [Update RS (ms): Min: 2.3, Avg: 9.7, Max: 11.4, Diff: 9.1, Sum: 77.3]
         [Processed Buffers: Min: 33, Avg: 66.9, Max: 78, Diff: 45, Sum: 535]
      [Scan RS (ms): Min: 0.1, Avg: 0.4, Max: 0.5, Diff: 0.4, Sum: 3.5]
      [Code Root Scanning (ms): Min: 0.0, Avg: 0.0, Max: 0.0, Diff: 0.0, Sum: 0.1]
      [Object Copy (ms): Min: 8.0, Avg: 8.6, Max: 9.1, Diff: 1.2, Sum: 68.7]
      [Termination (ms): Min: 1.3, Avg: 2.0, Max: 2.5, Diff: 1.2, Sum: 15.6]
         [Termination Attempts: Min: 71, Avg: 215.2, Max: 347, Diff: 276, Sum: 1722]
      [GC Worker Other (ms): Min: 0.0, Avg: 0.1, Max: 0.2, Diff: 0.1, Sum: 1.0]
      [GC Worker Total (ms): Min: 25.1, Avg: 25.1, Max: 25.3, Diff: 0.2, Sum: 201.1]
      [GC Worker End (ms): Min: 529234515.1, Avg: 529234515.2, Max: 529234515.3, Diff: 0.1]
   [Code Root Fixup: 0.0 ms]
   [Code Root Purge: 0.0 ms]
   [Clear CT: 0.8 ms]
   [Other: 12.5 ms]
      [Choose CSet: 0.0 ms]
      [Ref Proc: 3.6 ms]
      [Ref Enq: 0.1 ms]
      [Redirty Cards: 0.1 ms]
      [Humongous Register: 2.8 ms]
      [Humongous Reclaim: 0.2 ms]
      [Free CSet: 4.6 ms]
   [Eden: 3660.0M(3658.0M)->0.0B(3658.0M) Survivors: 28.0M->28.0M Heap: 5103.0M(6144.0M)->1393.9M(6144.0M)]
 [Times: user=0.17 sys=0.04, real=0.04 secs] 
2025-07-26T14:58:56.437+0800: 529290.273: [GC pause (GCLocker Initiated GC) (young), 0.0372869 secs]
   [Parallel Time: 25.6 ms, GC Workers: 8]
      [GC Worker Start (ms): Min: 529290276.1, Avg: 529290276.2, Max: 529290276.2, Diff: 0.1]
      [Ext Root Scanning (ms): Min: 2.8, Avg: 4.1, Max: 12.0, Diff: 9.2, Sum: 33.1]
      [Update RS (ms): Min: 3.5, Avg: 11.1, Max: 12.9, Diff: 9.4, Sum: 89.2]
         [Processed Buffers: Min: 39, Avg: 75.6, Max: 95, Diff: 56, Sum: 605]
      [Scan RS (ms): Min: 0.1, Avg: 0.4, Max: 0.5, Diff: 0.4, Sum: 3.1]
      [Code Root Scanning (ms): Min: 0.0, Avg: 0.0, Max: 0.0, Diff: 0.0, Sum: 0.1]
      [Object Copy (ms): Min: 9.2, Avg: 9.5, Max: 9.7, Diff: 0.5, Sum: 75.9]
      [Termination (ms): Min: 0.0, Avg: 0.0, Max: 0.1, Diff: 0.1, Sum: 0.3]
         [Termination Attempts: Min: 1, Avg: 44.8, Max: 57, Diff: 56, Sum: 358]
      [GC Worker Other (ms): Min: 0.1, Avg: 0.2, Max: 0.3, Diff: 0.2, Sum: 1.4]
      [GC Worker Total (ms): Min: 25.3, Avg: 25.4, Max: 25.5, Diff: 0.2, Sum: 203.1]
      [GC Worker End (ms): Min: 529290301.5, Avg: 529290301.6, Max: 529290301.6, Diff: 0.1]
   [Code Root Fixup: 0.0 ms]
   [Code Root Purge: 0.0 ms]
   [Clear CT: 0.7 ms]
   [Other: 11.0 ms]
      [Choose CSet: 0.0 ms]
      [Ref Proc: 2.5 ms]
      [Ref Enq: 0.1 ms]
      [Redirty Cards: 0.1 ms]
      [Humongous Register: 2.6 ms]
      [Humongous Reclaim: 0.3 ms]
      [Free CSet: 4.3 ms]
   [Eden: 3658.0M(3658.0M)->0.0B(3658.0M) Survivors: 28.0M->28.0M Heap: 5116.0M(6144.0M)->1390.2M(6144.0M)]
 [Times: user=0.17 sys=0.04, real=0.03 secs] 
2025-07-26T15:00:03.019+0800: 529356.854: [GC pause (GCLocker Initiated GC) (young), 0.0457923 secs]
   [Parallel Time: 32.7 ms, GC Workers: 8]
      [GC Worker Start (ms): Min: 529356857.6, Avg: 529356857.6, Max: 529356857.8, Diff: 0.2]
      [Ext Root Scanning (ms): Min: 3.1, Avg: 4.4, Max: 12.1, Diff: 9.0, Sum: 35.1]
      [Update RS (ms): Min: 11.4, Avg: 18.8, Max: 20.5, Diff: 9.2, Sum: 150.0]
         [Processed Buffers: Min: 76, Avg: 117.1, Max: 139, Diff: 63, Sum: 937]
      [Scan RS (ms): Min: 0.1, Avg: 0.4, Max: 0.6, Diff: 0.4, Sum: 3.6]
      [Code Root Scanning (ms): Min: 0.0, Avg: 0.0, Max: 0.0, Diff: 0.0, Sum: 0.1]
      [Object Copy (ms): Min: 5.7, Avg: 6.5, Max: 7.1, Diff: 1.3, Sum: 51.8]
      [Termination (ms): Min: 1.8, Avg: 2.3, Max: 3.2, Diff: 1.3, Sum: 18.4]
         [Termination Attempts: Min: 104, Avg: 251.0, Max: 379, Diff: 275, Sum: 2008]
      [GC Worker Other (ms): Min: 0.0, Avg: 0.1, Max: 0.2, Diff: 0.2, Sum: 0.9]
      [GC Worker Total (ms): Min: 32.3, Avg: 32.5, Max: 32.6, Diff: 0.3, Sum: 259.9]
      [GC Worker End (ms): Min: 529356890.1, Avg: 529356890.1, Max: 529356890.2, Diff: 0.1]
   [Code Root Fixup: 0.0 ms]
   [Code Root Purge: 0.0 ms]
   [Clear CT: 0.8 ms]
   [Other: 12.2 ms]
      [Choose CSet: 0.0 ms]
      [Ref Proc: 2.9 ms]
      [Ref Enq: 0.1 ms]
      [Redirty Cards: 0.1 ms]
      [Humongous Register: 2.8 ms]
      [Humongous Reclaim: 0.5 ms]
      [Free CSet: 4.7 ms]
   [Eden: 3660.0M(3658.0M)->0.0B(3664.0M) Survivors: 28.0M->22.0M Heap: 5150.5M(6144.0M)->1383.3M(6144.0M)]
 [Times: user=0.23 sys=0.05, real=0.04 secs] 
2025-07-26T15:00:32.583+0800: 529386.419: [GC pause (G1 Evacuation Pause) (young), 0.0330296 secs]
   [Parallel Time: 19.5 ms, GC Workers: 8]
      [GC Worker Start (ms): Min: 529386422.1, Avg: 529386422.1, Max: 529386422.2, Diff: 0.1]
      [Ext Root Scanning (ms): Min: 3.1, Avg: 4.5, Max: 11.9, Diff: 8.8, Sum: 35.9]
      [Update RS (ms): Min: 0.0, Avg: 4.1, Max: 5.8, Diff: 5.8, Sum: 32.6]
         [Processed Buffers: Min: 0, Avg: 29.4, Max: 43, Diff: 43, Sum: 235]
      [Scan RS (ms): Min: 0.1, Avg: 0.4, Max: 0.6, Diff: 0.4, Sum: 3.2]
      [Code Root Scanning (ms): Min: 0.0, Avg: 0.0, Max: 0.0, Diff: 0.0, Sum: 0.1]
      [Object Copy (ms): Min: 3.1, Avg: 6.4, Max: 8.0, Diff: 4.8, Sum: 51.0]
      [Termination (ms): Min: 2.5, Avg: 3.7, Max: 4.6, Diff: 2.1, Sum: 29.6]
         [Termination Attempts: Min: 306, Avg: 412.2, Max: 525, Diff: 219, Sum: 3298]
      [GC Worker Other (ms): Min: 0.0, Avg: 0.1, Max: 0.1, Diff: 0.1, Sum: 0.9]
      [GC Worker Total (ms): Min: 19.1, Avg: 19.2, Max: 19.4, Diff: 0.3, Sum: 153.3]
      [GC Worker End (ms): Min: 529386441.2, Avg: 529386441.3, Max: 529386441.5, Diff: 0.2]
   [Code Root Fixup: 0.0 ms]
   [Code Root Purge: 0.0 ms]
   [Clear CT: 0.8 ms]
   [Other: 12.7 ms]
      [Choose CSet: 0.0 ms]
      [Ref Proc: 3.6 ms]
      [Ref Enq: 0.1 ms]
      [Redirty Cards: 0.1 ms]
      [Humongous Register: 2.6 ms]
      [Humongous Reclaim: 0.3 ms]
      [Free CSet: 5.1 ms]
   [Eden: 3664.0M(3664.0M)->0.0B(3666.0M) Survivors: 22.0M->20.0M Heap: 5071.3M(6144.0M)->1384.2M(6144.0M)]
 [Times: user=0.16 sys=0.01, real=0.03 secs] 
2025-07-26T15:01:56.675+0800: 529470.511: [GC pause (G1 Evacuation Pause) (young), 0.0296925 secs]
   [Parallel Time: 17.5 ms, GC Workers: 8]
      [GC Worker Start (ms): Min: 529470513.5, Avg: 529470513.6, Max: 529470513.7, Diff: 0.1]
      [Ext Root Scanning (ms): Min: 3.0, Avg: 4.3, Max: 11.9, Diff: 8.9, Sum: 34.7]
      [Update RS (ms): Min: 0.0, Avg: 2.6, Max: 3.7, Diff: 3.7, Sum: 20.8]
         [Processed Buffers: Min: 0, Avg: 23.4, Max: 39, Diff: 39, Sum: 187]
      [Scan RS (ms): Min: 0.1, Avg: 0.4, Max: 0.5, Diff: 0.4, Sum: 3.0]
      [Code Root Scanning (ms): Min: 0.0, Avg: 0.0, Max: 0.0, Diff: 0.0, Sum: 0.1]
      [Object Copy (ms): Min: 2.9, Avg: 6.1, Max: 7.5, Diff: 4.6, Sum: 49.1]
      [Termination (ms): Min: 2.4, Avg: 3.7, Max: 5.1, Diff: 2.7, Sum: 29.9]
         [Termination Attempts: Min: 213, Avg: 413.6, Max: 554, Diff: 341, Sum: 3309]
      [GC Worker Other (ms): Min: 0.0, Avg: 0.1, Max: 0.2, Diff: 0.1, Sum: 0.8]
      [GC Worker Total (ms): Min: 17.2, Avg: 17.3, Max: 17.4, Diff: 0.2, Sum: 138.4]
      [GC Worker End (ms): Min: 529470530.9, Avg: 529470530.9, Max: 529470530.9, Diff: 0.1]
   [Code Root Fixup: 0.0 ms]
   [Code Root Purge: 0.0 ms]
   [Clear CT: 0.7 ms]
   [Other: 11.5 ms]
      [Choose CSet: 0.0 ms]
      [Ref Proc: 3.2 ms]
      [Ref Enq: 0.1 ms]
      [Redirty Cards: 0.1 ms]
      [Humongous Register: 2.3 ms]
      [Humongous Reclaim: 0.2 ms]
      [Free CSet: 4.7 ms]
   [Eden: 3666.0M(3666.0M)->0.0B(3666.0M) Survivors: 20.0M->20.0M Heap: 5062.2M(6144.0M)->1384.2M(6144.0M)]
 [Times: user=0.14 sys=0.00, real=0.03 secs] 
2025-07-26T15:03:02.003+0800: 529535.839: [GC pause (G1 Evacuation Pause) (young), 0.0322810 secs]
   [Parallel Time: 19.3 ms, GC Workers: 8]
      [GC Worker Start (ms): Min: 529535841.6, Avg: 529535841.7, Max: 529535841.8, Diff: 0.2]
      [Ext Root Scanning (ms): Min: 2.7, Avg: 4.2, Max: 12.5, Diff: 9.8, Sum: 33.6]
      [Update RS (ms): Min: 0.0, Avg: 3.8, Max: 5.0, Diff: 5.0, Sum: 30.5]
         [Processed Buffers: Min: 0, Avg: 32.4, Max: 46, Diff: 46, Sum: 259]
      [Scan RS (ms): Min: 0.1, Avg: 0.4, Max: 0.6, Diff: 0.4, Sum: 3.3]
      [Code Root Scanning (ms): Min: 0.0, Avg: 0.0, Max: 0.0, Diff: 0.0, Sum: 0.1]
      [Object Copy (ms): Min: 1.0, Avg: 6.3, Max: 8.0, Diff: 7.0, Sum: 50.1]
      [Termination (ms): Min: 3.0, Avg: 4.2, Max: 5.2, Diff: 2.2, Sum: 33.2]
         [Termination Attempts: Min: 246, Avg: 445.8, Max: 581, Diff: 335, Sum: 3566]
      [GC Worker Other (ms): Min: 0.1, Avg: 0.1, Max: 0.2, Diff: 0.1, Sum: 0.9]
      [GC Worker Total (ms): Min: 18.9, Avg: 19.0, Max: 19.0, Diff: 0.1, Sum: 151.7]
      [GC Worker End (ms): Min: 529535860.6, Avg: 529535860.7, Max: 529535860.8, Diff: 0.2]
   [Code Root Fixup: 0.0 ms]
   [Code Root Purge: 0.0 ms]
   [Clear CT: 0.7 ms]
   [Other: 12.2 ms]
      [Choose CSet: 0.0 ms]
      [Ref Proc: 4.2 ms]
      [Ref Enq: 0.1 ms]
      [Redirty Cards: 0.1 ms]
      [Humongous Register: 1.9 ms]
      [Humongous Reclaim: 0.2 ms]
      [Free CSet: 4.6 ms]
   [Eden: 3666.0M(3666.0M)->0.0B(3666.0M) Survivors: 20.0M->20.0M Heap: 5074.2M(6144.0M)->1396.2M(6144.0M)]
 [Times: user=0.07 sys=0.09, real=0.03 secs] 
2025-07-26T15:04:03.247+0800: 529597.082: [GC pause (G1 Evacuation Pause) (young), 0.0340064 secs]
   [Parallel Time: 22.2 ms, GC Workers: 8]
      [GC Worker Start (ms): Min: 529597084.8, Avg: 529597084.9, Max: 529597084.9, Diff: 0.1]
      [Ext Root Scanning (ms): Min: 3.0, Avg: 4.3, Max: 12.0, Diff: 8.9, Sum: 34.8]
      [Update RS (ms): Min: 0.0, Avg: 5.6, Max: 7.1, Diff: 7.1, Sum: 44.8]
         [Processed Buffers: Min: 0, Avg: 44.2, Max: 65, Diff: 65, Sum: 354]
      [Scan RS (ms): Min: 0.1, Avg: 0.4, Max: 0.6, Diff: 0.4, Sum: 3.1]
      [Code Root Scanning (ms): Min: 0.0, Avg: 0.0, Max: 0.0, Diff: 0.0, Sum: 0.1]
      [Object Copy (ms): Min: 3.7, Avg: 6.4, Max: 7.4, Diff: 3.7, Sum: 50.9]
      [Termination (ms): Min: 4.3, Avg: 5.1, Max: 6.0, Diff: 1.7, Sum: 40.6]
         [Termination Attempts: Min: 359, Avg: 501.8, Max: 809, Diff: 450, Sum: 4014]
      [GC Worker Other (ms): Min: 0.0, Avg: 0.1, Max: 0.1, Diff: 0.1, Sum: 0.7]
      [GC Worker Total (ms): Min: 21.8, Avg: 21.9, Max: 22.1, Diff: 0.3, Sum: 175.1]
      [GC Worker End (ms): Min: 529597106.7, Avg: 529597106.7, Max: 529597106.9, Diff: 0.2]
   [Code Root Fixup: 0.0 ms]
   [Code Root Purge: 0.0 ms]
   [Clear CT: 0.7 ms]
   [Other: 11.1 ms]
      [Choose CSet: 0.0 ms]
      [Ref Proc: 3.1 ms]
      [Ref Enq: 0.1 ms]
      [Redirty Cards: 0.1 ms]
      [Humongous Register: 2.1 ms]
      [Humongous Reclaim: 0.3 ms]
      [Free CSet: 4.5 ms]
   [Eden: 3666.0M(3666.0M)->0.0B(3666.0M) Survivors: 20.0M->20.0M Heap: 5104.2M(6144.0M)->1391.1M(6144.0M)]
 [Times: user=0.08 sys=0.10, real=0.04 secs] 
2025-07-26T15:04:56.707+0800: 529650.543: [GC pause (GCLocker Initiated GC) (young), 0.0319700 secs]
   [Parallel Time: 19.3 ms, GC Workers: 8]
      [GC Worker Start (ms): Min: 529650546.4, Avg: 529650546.5, Max: 529650546.6, Diff: 0.2]
      [Ext Root Scanning (ms): Min: 3.0, Avg: 4.5, Max: 12.8, Diff: 9.8, Sum: 36.1]
      [Update RS (ms): Min: 0.0, Avg: 2.1, Max: 3.3, Diff: 3.3, Sum: 16.8]
         [Processed Buffers: Min: 0, Avg: 17.8, Max: 36, Diff: 36, Sum: 142]
      [Scan RS (ms): Min: 0.1, Avg: 0.4, Max: 0.6, Diff: 0.5, Sum: 3.4]
      [Code Root Scanning (ms): Min: 0.0, Avg: 0.0, Max: 0.0, Diff: 0.0, Sum: 0.1]
      [Object Copy (ms): Min: 1.7, Avg: 6.3, Max: 8.6, Diff: 6.9, Sum: 50.8]
      [Termination (ms): Min: 4.1, Avg: 5.5, Max: 7.3, Diff: 3.3, Sum: 44.1]
         [Termination Attempts: Min: 388, Avg: 586.4, Max: 818, Diff: 430, Sum: 4691]
      [GC Worker Other (ms): Min: 0.1, Avg: 0.1, Max: 0.2, Diff: 0.1, Sum: 1.0]
      [GC Worker Total (ms): Min: 18.9, Avg: 19.0, Max: 19.2, Diff: 0.3, Sum: 152.3]
      [GC Worker End (ms): Min: 529650565.5, Avg: 529650565.5, Max: 529650565.6, Diff: 0.1]
   [Code Root Fixup: 0.0 ms]
   [Code Root Purge: 0.0 ms]
   [Clear CT: 0.8 ms]
   [Other: 11.9 ms]
      [Choose CSet: 0.0 ms]
      [Ref Proc: 2.8 ms]
      [Ref Enq: 0.1 ms]
      [Redirty Cards: 0.1 ms]
      [Humongous Register: 2.7 ms]
      [Humongous Reclaim: 0.2 ms]
      [Free CSet: 5.0 ms]
   [Eden: 3668.0M(3666.0M)->0.0B(3666.0M) Survivors: 20.0M->20.0M Heap: 5063.5M(6144.0M)->1392.3M(6144.0M)]
 [Times: user=0.16 sys=0.00, real=0.03 secs] 
2025-07-26T15:08:10.913+0800: 529844.748: [GC pause (G1 Evacuation Pause) (young), 0.0360410 secs]
   [Parallel Time: 23.2 ms, GC Workers: 8]
      [GC Worker Start (ms): Min: 529844751.5, Avg: 529844751.6, Max: 529844751.7, Diff: 0.2]
      [Ext Root Scanning (ms): Min: 3.0, Avg: 4.2, Max: 11.7, Diff: 8.7, Sum: 34.0]
      [Update RS (ms): Min: 0.0, Avg: 5.8, Max: 7.3, Diff: 7.3, Sum: 46.2]
         [Processed Buffers: Min: 0, Avg: 46.4, Max: 66, Diff: 66, Sum: 371]
      [Scan RS (ms): Min: 0.1, Avg: 0.4, Max: 0.6, Diff: 0.4, Sum: 3.2]
      [Code Root Scanning (ms): Min: 0.0, Avg: 0.0, Max: 0.0, Diff: 0.0, Sum: 0.1]
      [Object Copy (ms): Min: 5.8, Avg: 6.4, Max: 7.0, Diff: 1.2, Sum: 51.2]
      [Termination (ms): Min: 4.9, Avg: 6.0, Max: 6.7, Diff: 1.8, Sum: 47.6]
         [Termination Attempts: Min: 386, Avg: 603.6, Max: 748, Diff: 362, Sum: 4829]
      [GC Worker Other (ms): Min: 0.0, Avg: 0.1, Max: 0.2, Diff: 0.2, Sum: 0.9]
      [GC Worker Total (ms): Min: 22.7, Avg: 22.9, Max: 23.0, Diff: 0.2, Sum: 183.2]
      [GC Worker End (ms): Min: 529844774.5, Avg: 529844774.5, Max: 529844774.7, Diff: 0.2]
   [Code Root Fixup: 0.0 ms]
   [Code Root Purge: 0.0 ms]
   [Clear CT: 0.6 ms]
   [Other: 12.1 ms]
      [Choose CSet: 0.0 ms]
      [Ref Proc: 3.4 ms]
      [Ref Enq: 0.2 ms]
      [Redirty Cards: 0.2 ms]
      [Humongous Register: 2.6 ms]
      [Humongous Reclaim: 0.4 ms]
      [Free CSet: 4.5 ms]
   [Eden: 3666.0M(3666.0M)->0.0B(3668.0M) Survivors: 20.0M->18.0M Heap: 5100.3M(6144.0M)->1378.4M(6144.0M)]
 [Times: user=0.18 sys=0.01, real=0.04 secs] 
2025-07-26T15:09:02.641+0800: 529896.476: [GC pause (GCLocker Initiated GC) (young), 0.0308349 secs]
   [Parallel Time: 18.8 ms, GC Workers: 8]
      [GC Worker Start (ms): Min: 529896479.6, Avg: 529896479.7, Max: 529896479.8, Diff: 0.2]
      [Ext Root Scanning (ms): Min: 2.9, Avg: 4.3, Max: 12.2, Diff: 9.3, Sum: 34.0]
      [Update RS (ms): Min: 0.0, Avg: 2.0, Max: 3.0, Diff: 3.0, Sum: 15.9]
         [Processed Buffers: Min: 0, Avg: 18.2, Max: 34, Diff: 34, Sum: 146]
      [Scan RS (ms): Min: 0.1, Avg: 0.5, Max: 0.6, Diff: 0.5, Sum: 3.6]
      [Code Root Scanning (ms): Min: 0.0, Avg: 0.0, Max: 0.0, Diff: 0.0, Sum: 0.1]
      [Object Copy (ms): Min: 2.4, Avg: 6.3, Max: 7.6, Diff: 5.2, Sum: 50.2]
      [Termination (ms): Min: 3.7, Avg: 5.5, Max: 6.7, Diff: 2.9, Sum: 43.9]
         [Termination Attempts: Min: 402, Avg: 603.1, Max: 848, Diff: 446, Sum: 4825]
      [GC Worker Other (ms): Min: 0.0, Avg: 0.1, Max: 0.2, Diff: 0.1, Sum: 0.9]
      [GC Worker Total (ms): Min: 18.5, Avg: 18.6, Max: 18.6, Diff: 0.2, Sum: 148.5]
      [GC Worker End (ms): Min: 529896498.2, Avg: 529896498.3, Max: 529896498.3, Diff: 0.1]
   [Code Root Fixup: 0.0 ms]
   [Code Root Purge: 0.0 ms]
   [Clear CT: 0.7 ms]
   [Other: 11.4 ms]
      [Choose CSet: 0.0 ms]
      [Ref Proc: 3.3 ms]
      [Ref Enq: 0.1 ms]
      [Redirty Cards: 0.1 ms]
      [Humongous Register: 2.5 ms]
      [Humongous Reclaim: 0.1 ms]
      [Free CSet: 4.3 ms]
   [Eden: 3670.0M(3668.0M)->0.0B(3670.0M) Survivors: 18.0M->16.0M Heap: 5052.4M(6144.0M)->1384.0M(6144.0M)]
 [Times: user=0.06 sys=0.09, real=0.03 secs] 
2025-07-26T15:12:37.090+0800: 530110.925: [GC pause (G1 Evacuation Pause) (young), 0.0353370 secs]
   [Parallel Time: 20.2 ms, GC Workers: 8]
      [GC Worker Start (ms): Min: 530110929.0, Avg: 530110929.0, Max: 530110929.1, Diff: 0.1]
      [Ext Root Scanning (ms): Min: 2.9, Avg: 4.2, Max: 11.8, Diff: 8.9, Sum: 33.2]
      [Update RS (ms): Min: 0.0, Avg: 2.8, Max: 3.4, Diff: 3.4, Sum: 22.2]
         [Processed Buffers: Min: 0, Avg: 24.8, Max: 38, Diff: 38, Sum: 198]
      [Scan RS (ms): Min: 0.1, Avg: 0.4, Max: 0.6, Diff: 0.4, Sum: 3.1]
      [Code Root Scanning (ms): Min: 0.0, Avg: 0.0, Max: 0.0, Diff: 0.0, Sum: 0.1]
      [Object Copy (ms): Min: 3.1, Avg: 6.3, Max: 7.3, Diff: 4.2, Sum: 50.4]
      [Termination (ms): Min: 4.9, Avg: 6.2, Max: 7.3, Diff: 2.4, Sum: 49.8]
         [Termination Attempts: Min: 379, Avg: 535.6, Max: 778, Diff: 399, Sum: 4285]
      [GC Worker Other (ms): Min: 0.0, Avg: 0.1, Max: 0.2, Diff: 0.2, Sum: 0.9]
      [GC Worker Total (ms): Min: 19.9, Avg: 20.0, Max: 20.0, Diff: 0.2, Sum: 159.6]
      [GC Worker End (ms): Min: 530110949.0, Avg: 530110949.0, Max: 530110949.0, Diff: 0.1]
   [Code Root Fixup: 0.0 ms]
   [Code Root Purge: 0.0 ms]
   [Clear CT: 1.0 ms]
   [Other: 14.1 ms]
      [Choose CSet: 0.0 ms]
      [Ref Proc: 4.0 ms]
      [Ref Enq: 0.2 ms]
      [Redirty Cards: 0.1 ms]
      [Humongous Register: 2.9 ms]
      [Humongous Reclaim: 0.3 ms]
      [Free CSet: 5.4 ms]
   [Eden: 3670.0M(3670.0M)->0.0B(3676.0M) Survivors: 16.0M->10.0M Heap: 5066.0M(6144.0M)->1379.0M(6144.0M)]
 [Times: user=0.17 sys=0.02, real=0.03 secs] 
2025-07-26T15:14:15.425+0800: 530209.261: [GC pause (G1 Evacuation Pause) (young), 0.0331429 secs]
   [Parallel Time: 20.8 ms, GC Workers: 8]
      [GC Worker Start (ms): Min: 530209263.2, Avg: 530209263.3, Max: 530209263.4, Diff: 0.1]
      [Ext Root Scanning (ms): Min: 2.8, Avg: 4.1, Max: 11.6, Diff: 8.8, Sum: 33.2]
      [Update RS (ms): Min: 0.0, Avg: 4.5, Max: 5.3, Diff: 5.3, Sum: 35.7]
         [Processed Buffers: Min: 0, Avg: 33.8, Max: 48, Diff: 48, Sum: 270]
      [Scan RS (ms): Min: 0.2, Avg: 0.4, Max: 0.6, Diff: 0.4, Sum: 3.5]
      [Code Root Scanning (ms): Min: 0.0, Avg: 0.0, Max: 0.0, Diff: 0.0, Sum: 0.1]
      [Object Copy (ms): Min: 2.5, Avg: 5.4, Max: 6.1, Diff: 3.6, Sum: 43.1]
      [Termination (ms): Min: 5.6, Avg: 6.0, Max: 6.4, Diff: 0.8, Sum: 48.2]
         [Termination Attempts: Min: 493, Avg: 692.9, Max: 829, Diff: 336, Sum: 5543]
      [GC Worker Other (ms): Min: 0.0, Avg: 0.1, Max: 0.2, Diff: 0.2, Sum: 0.9]
      [GC Worker Total (ms): Min: 20.5, Avg: 20.6, Max: 20.7, Diff: 0.2, Sum: 164.6]
      [GC Worker End (ms): Min: 530209283.8, Avg: 530209283.9, Max: 530209283.9, Diff: 0.1]
   [Code Root Fixup: 0.0 ms]
   [Code Root Purge: 0.0 ms]
   [Clear CT: 0.7 ms]
   [Other: 11.6 ms]
      [Choose CSet: 0.0 ms]
      [Ref Proc: 3.7 ms]
      [Ref Enq: 0.1 ms]
      [Redirty Cards: 0.2 ms]
      [Humongous Register: 1.9 ms]
      [Humongous Reclaim: 0.1 ms]
      [Free CSet: 4.6 ms]
   [Eden: 3676.0M(3676.0M)->0.0B(3676.0M) Survivors: 10.0M->10.0M Heap: 5079.0M(6144.0M)->1397.5M(6144.0M)]
 [Times: user=0.17 sys=0.01, real=0.04 secs] 
2025-07-26T15:15:32.963+0800: 530286.799: [GC pause (G1 Evacuation Pause) (young), 0.0288434 secs]
   [Parallel Time: 16.1 ms, GC Workers: 8]
      [GC Worker Start (ms): Min: 530286801.9, Avg: 530286802.0, Max: 530286802.1, Diff: 0.2]
      [Ext Root Scanning (ms): Min: 3.1, Avg: 4.4, Max: 12.2, Diff: 9.1, Sum: 35.6]
      [Update RS (ms): Min: 0.0, Avg: 1.7, Max: 2.7, Diff: 2.7, Sum: 13.9]
         [Processed Buffers: Min: 0, Avg: 19.9, Max: 34, Diff: 34, Sum: 159]
      [Scan RS (ms): Min: 0.1, Avg: 0.4, Max: 0.5, Diff: 0.4, Sum: 3.0]
      [Code Root Scanning (ms): Min: 0.0, Avg: 0.0, Max: 0.0, Diff: 0.0, Sum: 0.1]
      [Object Copy (ms): Min: 1.2, Avg: 4.5, Max: 5.7, Diff: 4.5, Sum: 35.6]
      [Termination (ms): Min: 2.2, Avg: 4.7, Max: 6.3, Diff: 4.1, Sum: 37.5]
         [Termination Attempts: Min: 277, Avg: 487.0, Max: 697, Diff: 420, Sum: 3896]
      [GC Worker Other (ms): Min: 0.0, Avg: 0.1, Max: 0.2, Diff: 0.1, Sum: 0.9]
      [GC Worker Total (ms): Min: 15.7, Avg: 15.8, Max: 15.9, Diff: 0.2, Sum: 126.6]
      [GC Worker End (ms): Min: 530286817.8, Avg: 530286817.8, Max: 530286817.9, Diff: 0.1]
   [Code Root Fixup: 0.0 ms]
   [Code Root Purge: 0.0 ms]
   [Clear CT: 0.8 ms]
   [Other: 11.9 ms]
      [Choose CSet: 0.0 ms]
      [Ref Proc: 3.3 ms]
      [Ref Enq: 0.1 ms]
      [Redirty Cards: 0.2 ms]
      [Humongous Register: 2.7 ms]
      [Humongous Reclaim: 0.2 ms]
      [Free CSet: 4.5 ms]
   [Eden: 3676.0M(3676.0M)->0.0B(3678.0M) Survivors: 10.0M->8192.0K Heap: 5079.5M(6144.0M)->1383.3M(6144.0M)]
 [Times: user=0.14 sys=0.00, real=0.03 secs] 
2025-07-26T15:16:20.665+0800: 530334.500: [GC pause (G1 Evacuation Pause) (young), 0.0346810 secs]
   [Parallel Time: 23.7 ms, GC Workers: 8]
      [GC Worker Start (ms): Min: 530334503.1, Avg: 530334503.1, Max: 530334503.2, Diff: 0.1]
      [Ext Root Scanning (ms): Min: 2.7, Avg: 4.0, Max: 11.0, Diff: 8.3, Sum: 32.1]
      [Update RS (ms): Min: 0.1, Avg: 7.0, Max: 8.2, Diff: 8.1, Sum: 56.2]
         [Processed Buffers: Min: 11, Avg: 53.2, Max: 72, Diff: 61, Sum: 426]
      [Scan RS (ms): Min: 0.1, Avg: 0.4, Max: 0.5, Diff: 0.4, Sum: 3.1]
      [Code Root Scanning (ms): Min: 0.0, Avg: 0.0, Max: 0.0, Diff: 0.0, Sum: 0.1]
      [Object Copy (ms): Min: 7.1, Avg: 7.9, Max: 9.4, Diff: 2.3, Sum: 63.1]
      [Termination (ms): Min: 2.5, Avg: 3.9, Max: 4.8, Diff: 2.3, Sum: 31.4]
         [Termination Attempts: Min: 163, Avg: 365.0, Max: 624, Diff: 461, Sum: 2920]
      [GC Worker Other (ms): Min: 0.0, Avg: 0.1, Max: 0.2, Diff: 0.2, Sum: 1.1]
      [GC Worker Total (ms): Min: 23.2, Avg: 23.4, Max: 23.6, Diff: 0.4, Sum: 187.1]
      [GC Worker End (ms): Min: 530334526.4, Avg: 530334526.5, Max: 530334526.7, Diff: 0.3]
   [Code Root Fixup: 0.0 ms]
   [Code Root Purge: 0.0 ms]
   [Clear CT: 0.6 ms]
   [Other: 10.3 ms]
      [Choose CSet: 0.0 ms]
      [Ref Proc: 2.8 ms]
      [Ref Enq: 0.1 ms]
      [Redirty Cards: 0.1 ms]
      [Humongous Register: 1.8 ms]
      [Humongous Reclaim: 0.2 ms]
      [Free CSet: 4.2 ms]
   [Eden: 3678.0M(3678.0M)->0.0B(3670.0M) Survivors: 8192.0K->16.0M Heap: 5103.8M(6144.0M)->1405.4M(6144.0M)]
 [Times: user=0.18 sys=0.02, real=0.04 secs] 
2025-07-26T15:16:58.820+0800: 530372.656: [GC pause (G1 Evacuation Pause) (young), 0.0366104 secs]
   [Parallel Time: 25.5 ms, GC Workers: 8]
      [GC Worker Start (ms): Min: 530372658.1, Avg: 530372658.2, Max: 530372658.3, Diff: 0.2]
      [Ext Root Scanning (ms): Min: 3.0, Avg: 4.3, Max: 11.6, Diff: 8.6, Sum: 34.2]
      [Update RS (ms): Min: 3.4, Avg: 9.8, Max: 11.0, Diff: 7.6, Sum: 78.0]
         [Processed Buffers: Min: 13, Avg: 71.2, Max: 88, Diff: 75, Sum: 570]
      [Scan RS (ms): Min: 0.1, Avg: 0.4, Max: 0.5, Diff: 0.4, Sum: 3.2]
      [Code Root Scanning (ms): Min: 0.0, Avg: 0.0, Max: 0.0, Diff: 0.0, Sum: 0.1]
      [Object Copy (ms): Min: 7.8, Avg: 8.4, Max: 9.1, Diff: 1.3, Sum: 67.3]
      [Termination (ms): Min: 1.8, Avg: 2.4, Max: 3.1, Diff: 1.3, Sum: 18.9]
         [Termination Attempts: Min: 169, Avg: 272.8, Max: 347, Diff: 178, Sum: 2182]
      [GC Worker Other (ms): Min: 0.1, Avg: 0.1, Max: 0.2, Diff: 0.1, Sum: 1.0]
      [GC Worker Total (ms): Min: 25.3, Avg: 25.3, Max: 25.4, Diff: 0.1, Sum: 202.7]
      [GC Worker End (ms): Min: 530372683.5, Avg: 530372683.5, Max: 530372683.5, Diff: 0.1]
   [Code Root Fixup: 0.0 ms]
   [Code Root Purge: 0.0 ms]
   [Clear CT: 0.6 ms]
   [Other: 10.4 ms]
      [Choose CSet: 0.0 ms]
      [Ref Proc: 2.7 ms]
      [Ref Enq: 0.1 ms]
      [Redirty Cards: 0.1 ms]
      [Humongous Register: 1.8 ms]
      [Humongous Reclaim: 0.2 ms]
      [Free CSet: 4.5 ms]
   [Eden: 3670.0M(3670.0M)->0.0B(3648.0M) Survivors: 16.0M->22.0M Heap: 5133.6M(6144.0M)->1425.1M(6144.0M)]
 [Times: user=0.20 sys=0.01, real=0.04 secs] 
2025-07-26T15:17:28.323+0800: 530402.159: [GC pause (G1 Evacuation Pause) (young), 0.0374541 secs]
   [Parallel Time: 26.5 ms, GC Workers: 8]
      [GC Worker Start (ms): Min: 530402160.9, Avg: 530402161.0, Max: 530402161.1, Diff: 0.2]
      [Ext Root Scanning (ms): Min: 2.9, Avg: 4.1, Max: 11.3, Diff: 8.4, Sum: 32.6]
      [Update RS (ms): Min: 6.3, Avg: 13.5, Max: 15.3, Diff: 8.9, Sum: 108.0]
         [Processed Buffers: Min: 47, Avg: 90.8, Max: 109, Diff: 62, Sum: 726]
      [Scan RS (ms): Min: 0.1, Avg: 0.4, Max: 0.5, Diff: 0.4, Sum: 3.2]
      [Code Root Scanning (ms): Min: 0.0, Avg: 0.0, Max: 0.0, Diff: 0.0, Sum: 0.1]
      [Object Copy (ms): Min: 4.0, Avg: 4.7, Max: 5.3, Diff: 1.3, Sum: 37.8]
      [Termination (ms): Min: 2.8, Avg: 3.3, Max: 4.0, Diff: 1.2, Sum: 26.7]
         [Termination Attempts: Min: 240, Avg: 326.8, Max: 408, Diff: 168, Sum: 2614]
      [GC Worker Other (ms): Min: 0.1, Avg: 0.1, Max: 0.2, Diff: 0.1, Sum: 0.8]
      [GC Worker Total (ms): Min: 26.1, Avg: 26.2, Max: 26.3, Diff: 0.2, Sum: 209.2]
      [GC Worker End (ms): Min: 530402187.1, Avg: 530402187.2, Max: 530402187.3, Diff: 0.2]
   [Code Root Fixup: 0.0 ms]
   [Code Root Purge: 0.0 ms]
   [Clear CT: 0.7 ms]
   [Other: 10.3 ms]
      [Choose CSet: 0.0 ms]
      [Ref Proc: 2.6 ms]
      [Ref Enq: 0.1 ms]
      [Redirty Cards: 0.1 ms]
      [Humongous Register: 1.7 ms]
      [Humongous Reclaim: 0.4 ms]
      [Free CSet: 4.4 ms]
   [Eden: 3648.0M(3648.0M)->0.0B(3674.0M) Survivors: 22.0M->12.0M Heap: 5150.3M(6144.0M)->1406.7M(6144.0M)]
 [Times: user=0.20 sys=0.02, real=0.04 secs] 
2025-07-26T15:18:20.904+0800: 530454.740: [GC pause (G1 Evacuation Pause) (young), 0.0318687 secs]
   [Parallel Time: 19.9 ms, GC Workers: 8]
      [GC Worker Start (ms): Min: 530454742.7, Avg: 530454742.8, Max: 530454742.8, Diff: 0.1]
      [Ext Root Scanning (ms): Min: 2.9, Avg: 4.2, Max: 11.1, Diff: 8.1, Sum: 33.4]
      [Update RS (ms): Min: 0.0, Avg: 4.8, Max: 6.1, Diff: 6.1, Sum: 38.2]
         [Processed Buffers: Min: 0, Avg: 39.8, Max: 64, Diff: 64, Sum: 318]
      [Scan RS (ms): Min: 0.1, Avg: 0.4, Max: 0.6, Diff: 0.5, Sum: 3.3]
      [Code Root Scanning (ms): Min: 0.0, Avg: 0.0, Max: 0.0, Diff: 0.0, Sum: 0.1]
      [Object Copy (ms): Min: 8.5, Avg: 10.3, Max: 10.6, Diff: 2.1, Sum: 82.0]
      [Termination (ms): Min: 0.0, Avg: 0.0, Max: 0.0, Diff: 0.0, Sum: 0.0]
         [Termination Attempts: Min: 1, Avg: 1.0, Max: 1, Diff: 0, Sum: 8]
      [GC Worker Other (ms): Min: 0.1, Avg: 0.1, Max: 0.2, Diff: 0.1, Sum: 1.1]
      [GC Worker Total (ms): Min: 19.7, Avg: 19.8, Max: 19.9, Diff: 0.2, Sum: 158.0]
      [GC Worker End (ms): Min: 530454762.5, Avg: 530454762.5, Max: 530454762.6, Diff: 0.1]
   [Code Root Fixup: 0.0 ms]
   [Code Root Purge: 0.0 ms]
   [Clear CT: 0.8 ms]
   [Other: 11.1 ms]
      [Choose CSet: 0.0 ms]
      [Ref Proc: 3.1 ms]
      [Ref Enq: 0.2 ms]
      [Redirty Cards: 0.1 ms]
      [Humongous Register: 1.9 ms]
      [Humongous Reclaim: 0.2 ms]
      [Free CSet: 4.4 ms]
   [Eden: 3674.0M(3674.0M)->0.0B(3644.0M) Survivors: 12.0M->40.0M Heap: 5103.6M(6144.0M)->1421.5M(6144.0M)]
 [Times: user=0.16 sys=0.01, real=0.03 secs] 
2025-07-26T15:19:30.366+0800: 530524.202: [GC pause (G1 Evacuation Pause) (young), 0.0488847 secs]
   [Parallel Time: 38.2 ms, GC Workers: 8]
      [GC Worker Start (ms): Min: 530524203.6, Avg: 530524203.7, Max: 530524203.8, Diff: 0.2]
      [Ext Root Scanning (ms): Min: 2.8, Avg: 4.0, Max: 10.6, Diff: 7.8, Sum: 31.9]
      [Update RS (ms): Min: 21.0, Avg: 27.3, Max: 29.0, Diff: 8.0, Sum: 218.7]
         [Processed Buffers: Min: 144, Avg: 170.5, Max: 198, Diff: 54, Sum: 1364]
      [Scan RS (ms): Min: 0.1, Avg: 0.4, Max: 0.5, Diff: 0.4, Sum: 3.3]
      [Code Root Scanning (ms): Min: 0.0, Avg: 0.0, Max: 0.0, Diff: 0.0, Sum: 0.1]
      [Object Copy (ms): Min: 5.7, Avg: 6.1, Max: 6.3, Diff: 0.6, Sum: 48.8]
      [Termination (ms): Min: 0.0, Avg: 0.0, Max: 0.0, Diff: 0.0, Sum: 0.0]
         [Termination Attempts: Min: 1, Avg: 1.0, Max: 1, Diff: 0, Sum: 8]
      [GC Worker Other (ms): Min: 0.1, Avg: 0.1, Max: 0.2, Diff: 0.2, Sum: 1.2]
      [GC Worker Total (ms): Min: 37.8, Avg: 38.0, Max: 38.1, Diff: 0.3, Sum: 304.0]
      [GC Worker End (ms): Min: 530524241.7, Avg: 530524241.7, Max: 530524241.8, Diff: 0.1]
   [Code Root Fixup: 0.0 ms]
   [Code Root Purge: 0.0 ms]
   [Clear CT: 0.8 ms]
   [Other: 9.9 ms]
      [Choose CSet: 0.0 ms]
      [Ref Proc: 2.5 ms]
      [Ref Enq: 0.1 ms]
      [Redirty Cards: 0.1 ms]
      [Humongous Register: 1.5 ms]
      [Humongous Reclaim: 0.5 ms]
      [Free CSet: 4.3 ms]
   [Eden: 3644.0M(3644.0M)->0.0B(3652.0M) Survivors: 40.0M->22.0M Heap: 5232.6M(6144.0M)->1425.2M(6144.0M)]
 [Times: user=0.28 sys=0.04, real=0.05 secs] 
2025-07-26T15:20:17.980+0800: 530571.816: [GC pause (G1 Evacuation Pause) (young), 0.0353348 secs]
   [Parallel Time: 21.8 ms, GC Workers: 8]
      [GC Worker Start (ms): Min: 530571819.6, Avg: 530571819.6, Max: 530571819.7, Diff: 0.2]
      [Ext Root Scanning (ms): Min: 3.2, Avg: 4.6, Max: 12.1, Diff: 8.8, Sum: 36.5]
      [Update RS (ms): Min: 0.0, Avg: 3.2, Max: 4.3, Diff: 4.3, Sum: 25.7]
         [Processed Buffers: Min: 0, Avg: 32.2, Max: 58, Diff: 58, Sum: 258]
      [Scan RS (ms): Min: 0.1, Avg: 0.4, Max: 0.6, Diff: 0.4, Sum: 3.1]
      [Code Root Scanning (ms): Min: 0.0, Avg: 0.0, Max: 0.0, Diff: 0.0, Sum: 0.1]
      [Object Copy (ms): Min: 9.4, Avg: 13.3, Max: 14.0, Diff: 4.6, Sum: 106.6]
      [Termination (ms): Min: 0.0, Avg: 0.0, Max: 0.0, Diff: 0.0, Sum: 0.0]
         [Termination Attempts: Min: 1, Avg: 1.0, Max: 1, Diff: 0, Sum: 8]
      [GC Worker Other (ms): Min: 0.0, Avg: 0.1, Max: 0.2, Diff: 0.2, Sum: 1.2]
      [GC Worker Total (ms): Min: 21.5, Avg: 21.6, Max: 21.7, Diff: 0.2, Sum: 173.0]
      [GC Worker End (ms): Min: 530571841.2, Avg: 530571841.3, Max: 530571841.3, Diff: 0.1]
   [Code Root Fixup: 0.0 ms]
   [Code Root Purge: 0.0 ms]
   [Clear CT: 0.6 ms]
   [Other: 12.8 ms]
      [Choose CSet: 0.0 ms]
      [Ref Proc: 3.3 ms]
      [Ref Enq: 0.2 ms]
      [Redirty Cards: 0.1 ms]
      [Humongous Register: 2.8 ms]
      [Humongous Reclaim: 0.3 ms]
      [Free CSet: 4.9 ms]
   [Eden: 3652.0M(3652.0M)->0.0B(3640.0M) Survivors: 22.0M->46.0M Heap: 5089.2M(6144.0M)->1422.8M(6144.0M)]
 [Times: user=0.15 sys=0.04, real=0.03 secs] 
2025-07-26T15:20:45.768+0800: 530599.604: [GC pause (G1 Evacuation Pause) (young), 0.0365994 secs]
   [Parallel Time: 24.9 ms, GC Workers: 8]
      [GC Worker Start (ms): Min: 530599606.8, Avg: 530599606.9, Max: 530599607.0, Diff: 0.1]
      [Ext Root Scanning (ms): Min: 2.9, Avg: 4.2, Max: 11.3, Diff: 8.5, Sum: 33.8]
      [Update RS (ms): Min: 2.5, Avg: 9.3, Max: 10.8, Diff: 8.4, Sum: 74.1]
         [Processed Buffers: Min: 23, Avg: 68.9, Max: 87, Diff: 64, Sum: 551]
      [Scan RS (ms): Min: 0.1, Avg: 0.4, Max: 0.5, Diff: 0.3, Sum: 2.9]
      [Code Root Scanning (ms): Min: 0.0, Avg: 0.0, Max: 0.0, Diff: 0.0, Sum: 0.1]
      [Object Copy (ms): Min: 10.4, Avg: 10.6, Max: 10.7, Diff: 0.3, Sum: 84.5]
      [Termination (ms): Min: 0.0, Avg: 0.1, Max: 0.2, Diff: 0.2, Sum: 0.7]
         [Termination Attempts: Min: 1, Avg: 1.0, Max: 1, Diff: 0, Sum: 8]
      [GC Worker Other (ms): Min: 0.0, Avg: 0.1, Max: 0.2, Diff: 0.2, Sum: 1.0]
      [GC Worker Total (ms): Min: 24.6, Avg: 24.6, Max: 24.7, Diff: 0.1, Sum: 197.1]
      [GC Worker End (ms): Min: 530599631.5, Avg: 530599631.5, Max: 530599631.6, Diff: 0.1]
   [Code Root Fixup: 0.0 ms]
   [Code Root Purge: 0.0 ms]
   [Clear CT: 0.6 ms]
   [Other: 11.1 ms]
      [Choose CSet: 0.0 ms]
      [Ref Proc: 2.5 ms]
      [Ref Enq: 0.2 ms]
      [Redirty Cards: 0.1 ms]
      [Humongous Register: 2.6 ms]
      [Humongous Reclaim: 0.2 ms]
      [Free CSet: 4.6 ms]
   [Eden: 3640.0M(3640.0M)->0.0B(3636.0M) Survivors: 46.0M->50.0M Heap: 5108.9M(6144.0M)->1425.9M(6144.0M)]
 [Times: user=0.20 sys=0.02, real=0.03 secs] 
2025-07-26T15:21:12.506+0800: 530626.341: [GC pause (GCLocker Initiated GC) (young), 0.0370745 secs]
   [Parallel Time: 26.2 ms, GC Workers: 8]
      [GC Worker Start (ms): Min: 530626343.5, Avg: 530626343.6, Max: 530626343.7, Diff: 0.1]
      [Ext Root Scanning (ms): Min: 3.0, Avg: 4.3, Max: 11.6, Diff: 8.5, Sum: 34.4]
      [Update RS (ms): Min: 3.3, Avg: 10.3, Max: 12.0, Diff: 8.7, Sum: 82.5]
         [Processed Buffers: Min: 52, Avg: 72.4, Max: 86, Diff: 34, Sum: 579]
      [Scan RS (ms): Min: 0.1, Avg: 0.4, Max: 0.5, Diff: 0.4, Sum: 3.1]
      [Code Root Scanning (ms): Min: 0.0, Avg: 0.0, Max: 0.0, Diff: 0.0, Sum: 0.1]
      [Object Copy (ms): Min: 10.5, Avg: 10.8, Max: 10.9, Diff: 0.5, Sum: 86.3]
      [Termination (ms): Min: 0.0, Avg: 0.0, Max: 0.0, Diff: 0.0, Sum: 0.1]
         [Termination Attempts: Min: 1, Avg: 1.5, Max: 2, Diff: 1, Sum: 12]
      [GC Worker Other (ms): Min: 0.1, Avg: 0.1, Max: 0.2, Diff: 0.1, Sum: 1.2]
      [GC Worker Total (ms): Min: 25.9, Avg: 25.9, Max: 26.0, Diff: 0.2, Sum: 207.6]
      [GC Worker End (ms): Min: 530626369.5, Avg: 530626369.5, Max: 530626369.6, Diff: 0.1]
   [Code Root Fixup: 0.0 ms]
   [Code Root Purge: 0.0 ms]
   [Clear CT: 0.6 ms]
   [Other: 10.2 ms]
      [Choose CSet: 0.0 ms]
      [Ref Proc: 2.6 ms]
      [Ref Enq: 0.2 ms]
      [Redirty Cards: 0.1 ms]
      [Humongous Register: 1.8 ms]
      [Humongous Reclaim: 0.2 ms]
      [Free CSet: 4.3 ms]
   [Eden: 3638.0M(3636.0M)->0.0B(3636.0M) Survivors: 50.0M->50.0M Heap: 5111.9M(6144.0M)->1426.0M(6144.0M)]
 [Times: user=0.19 sys=0.03, real=0.04 secs] 
2025-07-26T15:21:43.376+0800: 530657.211: [GC pause (G1 Evacuation Pause) (young), 0.0342848 secs]
   [Parallel Time: 22.5 ms, GC Workers: 8]
      [GC Worker Start (ms): Min: 530657214.7, Avg: 530657214.8, Max: 530657214.9, Diff: 0.1]
      [Ext Root Scanning (ms): Min: 3.3, Avg: 4.8, Max: 13.1, Diff: 9.8, Sum: 38.2]
      [Update RS (ms): Min: 1.5, Avg: 9.7, Max: 11.6, Diff: 10.1, Sum: 77.7]
         [Processed Buffers: Min: 24, Avg: 69.2, Max: 99, Diff: 75, Sum: 554]
      [Scan RS (ms): Min: 0.1, Avg: 0.4, Max: 0.6, Diff: 0.4, Sum: 3.3]
      [Code Root Scanning (ms): Min: 0.0, Avg: 0.0, Max: 0.0, Diff: 0.0, Sum: 0.1]
      [Object Copy (ms): Min: 7.0, Avg: 7.2, Max: 7.4, Diff: 0.4, Sum: 57.5]
      [Termination (ms): Min: 0.0, Avg: 0.1, Max: 0.1, Diff: 0.1, Sum: 0.6]
         [Termination Attempts: Min: 1, Avg: 1.0, Max: 1, Diff: 0, Sum: 8]
      [GC Worker Other (ms): Min: 0.1, Avg: 0.1, Max: 0.2, Diff: 0.1, Sum: 1.0]
      [GC Worker Total (ms): Min: 22.2, Avg: 22.3, Max: 22.4, Diff: 0.2, Sum: 178.4]
      [GC Worker End (ms): Min: 530657237.1, Avg: 530657237.1, Max: 530657237.1, Diff: 0.1]
   [Code Root Fixup: 0.0 ms]
   [Code Root Purge: 0.0 ms]
   [Clear CT: 0.6 ms]
   [Other: 11.1 ms]
      [Choose CSet: 0.0 ms]
      [Ref Proc: 2.3 ms]
      [Ref Enq: 0.2 ms]
      [Redirty Cards: 0.1 ms]
      [Humongous Register: 2.7 ms]
      [Humongous Reclaim: 0.2 ms]
      [Free CSet: 4.4 ms]
   [Eden: 3636.0M(3636.0M)->0.0B(3652.0M) Survivors: 50.0M->34.0M Heap: 5108.1M(6144.0M)->1405.0M(6144.0M)]
 [Times: user=0.18 sys=0.00, real=0.04 secs] 
2025-07-26T15:23:12.847+0800: 530746.683: [GC pause (G1 Evacuation Pause) (young), 0.0463813 secs]
   [Parallel Time: 33.5 ms, GC Workers: 8]
      [GC Worker Start (ms): Min: 530746685.5, Avg: 530746685.6, Max: 530746685.6, Diff: 0.2]
      [Ext Root Scanning (ms): Min: 2.9, Avg: 4.1, Max: 10.9, Diff: 8.0, Sum: 32.5]
      [Update RS (ms): Min: 14.0, Avg: 20.7, Max: 22.1, Diff: 8.1, Sum: 165.3]
         [Processed Buffers: Min: 97, Avg: 131.0, Max: 153, Diff: 56, Sum: 1048]
      [Scan RS (ms): Min: 0.1, Avg: 0.4, Max: 0.5, Diff: 0.4, Sum: 3.1]
      [Code Root Scanning (ms): Min: 0.0, Avg: 0.0, Max: 0.0, Diff: 0.0, Sum: 0.1]
      [Object Copy (ms): Min: 7.8, Avg: 8.0, Max: 8.1, Diff: 0.3, Sum: 64.1]
      [Termination (ms): Min: 0.0, Avg: 0.0, Max: 0.0, Diff: 0.0, Sum: 0.3]
         [Termination Attempts: Min: 1, Avg: 34.5, Max: 45, Diff: 44, Sum: 276]
      [GC Worker Other (ms): Min: 0.1, Avg: 0.1, Max: 0.2, Diff: 0.1, Sum: 1.2]
      [GC Worker Total (ms): Min: 33.2, Avg: 33.3, Max: 33.4, Diff: 0.2, Sum: 266.5]
      [GC Worker End (ms): Min: 530746718.8, Avg: 530746718.9, Max: 530746718.9, Diff: 0.1]
   [Code Root Fixup: 0.0 ms]
   [Code Root Purge: 0.0 ms]
   [Clear CT: 0.7 ms]
   [Other: 12.1 ms]
      [Choose CSet: 0.0 ms]
      [Ref Proc: 3.2 ms]
      [Ref Enq: 0.1 ms]
      [Redirty Cards: 0.2 ms]
      [Humongous Register: 1.9 ms]
      [Humongous Reclaim: 0.5 ms]
      [Free CSet: 5.1 ms]
   [Eden: 3652.0M(3652.0M)->0.0B(3660.0M) Survivors: 34.0M->26.0M Heap: 5177.0M(6144.0M)->1397.0M(6144.0M)]
 [Times: user=0.24 sys=0.03, real=0.04 secs] 
2025-07-26T15:24:27.400+0800: 530821.236: [GC pause (G1 Evacuation Pause) (young), 0.0436993 secs]
   [Parallel Time: 32.9 ms, GC Workers: 8]
      [GC Worker Start (ms): Min: 530821238.2, Avg: 530821238.3, Max: 530821238.3, Diff: 0.1]
      [Ext Root Scanning (ms): Min: 2.9, Avg: 4.1, Max: 11.2, Diff: 8.3, Sum: 32.9]
      [Update RS (ms): Min: 13.4, Avg: 20.3, Max: 22.0, Diff: 8.6, Sum: 162.6]
         [Processed Buffers: Min: 93, Avg: 130.1, Max: 146, Diff: 53, Sum: 1041]
      [Scan RS (ms): Min: 0.1, Avg: 0.4, Max: 0.5, Diff: 0.4, Sum: 3.1]
      [Code Root Scanning (ms): Min: 0.0, Avg: 0.0, Max: 0.0, Diff: 0.0, Sum: 0.1]
      [Object Copy (ms): Min: 5.0, Avg: 5.6, Max: 6.3, Diff: 1.3, Sum: 44.8]
      [Termination (ms): Min: 1.5, Avg: 2.2, Max: 2.8, Diff: 1.3, Sum: 17.3]
         [Termination Attempts: Min: 116, Avg: 252.1, Max: 399, Diff: 283, Sum: 2017]
      [GC Worker Other (ms): Min: 0.0, Avg: 0.1, Max: 0.2, Diff: 0.2, Sum: 0.8]
      [GC Worker Total (ms): Min: 32.6, Avg: 32.7, Max: 32.7, Diff: 0.1, Sum: 261.6]
      [GC Worker End (ms): Min: 530821270.9, Avg: 530821271.0, Max: 530821271.1, Diff: 0.1]
   [Code Root Fixup: 0.0 ms]
   [Code Root Purge: 0.0 ms]
   [Clear CT: 0.7 ms]
   [Other: 10.0 ms]
      [Choose CSet: 0.0 ms]
      [Ref Proc: 2.3 ms]
      [Ref Enq: 0.1 ms]
      [Redirty Cards: 0.1 ms]
      [Humongous Register: 1.8 ms]
      [Humongous Reclaim: 0.4 ms]
      [Free CSet: 4.2 ms]
   [Eden: 3660.0M(3660.0M)->0.0B(3664.0M) Survivors: 26.0M->22.0M Heap: 5179.2M(6144.0M)->1404.3M(6144.0M)]
 [Times: user=0.24 sys=0.04, real=0.04 secs] 
2025-07-26T15:25:18.002+0800: 530871.838: [GC pause (G1 Evacuation Pause) (young), 0.0387270 secs]
   [Parallel Time: 27.7 ms, GC Workers: 8]
      [GC Worker Start (ms): Min: 530871840.1, Avg: 530871840.2, Max: 530871840.2, Diff: 0.2]
      [Ext Root Scanning (ms): Min: 3.0, Avg: 4.3, Max: 12.2, Diff: 9.2, Sum: 34.8]
      [Update RS (ms): Min: 3.9, Avg: 11.6, Max: 13.4, Diff: 9.5, Sum: 93.0]
         [Processed Buffers: Min: 36, Avg: 79.8, Max: 102, Diff: 66, Sum: 638]
      [Scan RS (ms): Min: 0.1, Avg: 0.4, Max: 0.5, Diff: 0.4, Sum: 3.1]
      [Code Root Scanning (ms): Min: 0.0, Avg: 0.0, Max: 0.0, Diff: 0.0, Sum: 0.1]
      [Object Copy (ms): Min: 8.6, Avg: 9.3, Max: 9.7, Diff: 1.1, Sum: 74.3]
      [Termination (ms): Min: 1.1, Avg: 1.5, Max: 2.1, Diff: 1.0, Sum: 12.2]
         [Termination Attempts: Min: 105, Avg: 190.8, Max: 345, Diff: 240, Sum: 1526]
      [GC Worker Other (ms): Min: 0.1, Avg: 0.1, Max: 0.2, Diff: 0.1, Sum: 1.2]
      [GC Worker Total (ms): Min: 27.3, Avg: 27.3, Max: 27.4, Diff: 0.1, Sum: 218.6]
      [GC Worker End (ms): Min: 530871867.4, Avg: 530871867.5, Max: 530871867.6, Diff: 0.2]
   [Code Root Fixup: 0.0 ms]
   [Code Root Purge: 0.0 ms]
   [Clear CT: 0.6 ms]
   [Other: 10.4 ms]
      [Choose CSet: 0.0 ms]
      [Ref Proc: 2.9 ms]
      [Ref Enq: 0.1 ms]
      [Redirty Cards: 0.1 ms]
      [Humongous Register: 1.7 ms]
      [Humongous Reclaim: 0.3 ms]
      [Free CSet: 4.3 ms]
   [Eden: 3664.0M(3664.0M)->0.0B(3660.0M) Survivors: 22.0M->26.0M Heap: 5136.2M(6144.0M)->1408.3M(6144.0M)]
 [Times: user=0.19 sys=0.04, real=0.04 secs] 
2025-07-26T15:26:04.193+0800: 530918.028: [GC pause (G1 Evacuation Pause) (young), 0.0391524 secs]
   [Parallel Time: 26.6 ms, GC Workers: 8]
      [GC Worker Start (ms): Min: 530918031.8, Avg: 530918031.9, Max: 530918032.0, Diff: 0.2]
      [Ext Root Scanning (ms): Min: 3.1, Avg: 4.4, Max: 11.5, Diff: 8.5, Sum: 34.9]
      [Update RS (ms): Min: 5.3, Avg: 11.6, Max: 12.7, Diff: 7.4, Sum: 92.7]
         [Processed Buffers: Min: 25, Avg: 80.0, Max: 103, Diff: 78, Sum: 640]
      [Scan RS (ms): Min: 0.1, Avg: 0.4, Max: 0.5, Diff: 0.4, Sum: 3.3]
      [Code Root Scanning (ms): Min: 0.0, Avg: 0.0, Max: 0.0, Diff: 0.0, Sum: 0.1]
      [Object Copy (ms): Min: 7.1, Avg: 8.2, Max: 8.8, Diff: 1.6, Sum: 65.3]
      [Termination (ms): Min: 1.2, Avg: 1.7, Max: 2.2, Diff: 1.1, Sum: 13.2]
         [Termination Attempts: Min: 140, Avg: 220.1, Max: 276, Diff: 136, Sum: 1761]
      [GC Worker Other (ms): Min: 0.0, Avg: 0.1, Max: 0.2, Diff: 0.2, Sum: 0.9]
      [GC Worker Total (ms): Min: 26.2, Avg: 26.3, Max: 26.5, Diff: 0.3, Sum: 210.3]
      [GC Worker End (ms): Min: 530918058.2, Avg: 530918058.2, Max: 530918058.3, Diff: 0.1]
   [Code Root Fixup: 0.0 ms]
   [Code Root Purge: 0.0 ms]
   [Clear CT: 0.8 ms]
   [Other: 11.7 ms]
      [Choose CSet: 0.0 ms]
      [Ref Proc: 2.9 ms]
      [Ref Enq: 0.2 ms]
      [Redirty Cards: 0.1 ms]
      [Humongous Register: 2.6 ms]
      [Humongous Reclaim: 0.3 ms]
      [Free CSet: 4.5 ms]
   [Eden: 3660.0M(3660.0M)->0.0B(3658.0M) Survivors: 26.0M->26.0M Heap: 5138.4M(6144.0M)->1415.4M(6144.0M)]
 [Times: user=0.20 sys=0.02, real=0.04 secs] 
2025-07-26T15:26:35.035+0800: 530948.871: [GC pause (GCLocker Initiated GC) (young), 0.0368506 secs]
   [Parallel Time: 23.7 ms, GC Workers: 8]
      [GC Worker Start (ms): Min: 530948874.8, Avg: 530948874.9, Max: 530948875.0, Diff: 0.2]
      [Ext Root Scanning (ms): Min: 3.7, Avg: 4.9, Max: 12.0, Diff: 8.3, Sum: 39.1]
      [Update RS (ms): Min: 2.5, Avg: 9.3, Max: 11.1, Diff: 8.6, Sum: 74.8]
         [Processed Buffers: Min: 26, Avg: 62.6, Max: 82, Diff: 56, Sum: 501]
      [Scan RS (ms): Min: 0.1, Avg: 0.4, Max: 0.6, Diff: 0.4, Sum: 3.3]
      [Code Root Scanning (ms): Min: 0.0, Avg: 0.0, Max: 0.0, Diff: 0.0, Sum: 0.1]
      [Object Copy (ms): Min: 7.9, Avg: 8.3, Max: 8.4, Diff: 0.4, Sum: 66.0]
      [Termination (ms): Min: 0.1, Avg: 0.3, Max: 0.5, Diff: 0.4, Sum: 2.5]
         [Termination Attempts: Min: 6, Avg: 80.4, Max: 123, Diff: 117, Sum: 643]
      [GC Worker Other (ms): Min: 0.0, Avg: 0.2, Max: 0.3, Diff: 0.3, Sum: 1.3]
      [GC Worker Total (ms): Min: 23.3, Avg: 23.4, Max: 23.6, Diff: 0.3, Sum: 187.2]
      [GC Worker End (ms): Min: 530948898.2, Avg: 530948898.3, Max: 530948898.4, Diff: 0.2]
   [Code Root Fixup: 0.1 ms]
   [Code Root Purge: 0.0 ms]
   [Clear CT: 0.8 ms]
   [Other: 12.3 ms]
      [Choose CSet: 0.0 ms]
      [Ref Proc: 2.9 ms]
      [Ref Enq: 0.1 ms]
      [Redirty Cards: 0.1 ms]
      [Humongous Register: 3.1 ms]
      [Humongous Reclaim: 0.3 ms]
      [Free CSet: 4.8 ms]
   [Eden: 3658.0M(3658.0M)->0.0B(3658.0M) Survivors: 26.0M->26.0M Heap: 5119.4M(6144.0M)->1415.6M(6144.0M)]
 [Times: user=0.09 sys=0.11, real=0.04 secs] 
2025-07-26T15:27:03.858+0800: 530977.694: [GC pause (G1 Evacuation Pause) (young), 0.0713282 secs]
   [Parallel Time: 39.2 ms, GC Workers: 8]
      [GC Worker Start (ms): Min: 530977697.3, Avg: 530977697.4, Max: 530977697.5, Diff: 0.2]
      [Ext Root Scanning (ms): Min: 6.2, Avg: 7.8, Max: 14.5, Diff: 8.3, Sum: 62.6]
      [Update RS (ms): Min: 6.0, Avg: 12.6, Max: 14.8, Diff: 8.8, Sum: 100.6]
         [Processed Buffers: Min: 40, Avg: 66.5, Max: 93, Diff: 53, Sum: 532]
      [Scan RS (ms): Min: 0.1, Avg: 0.7, Max: 1.0, Diff: 0.8, Sum: 5.6]
      [Code Root Scanning (ms): Min: 0.0, Avg: 0.0, Max: 0.1, Diff: 0.1, Sum: 0.1]
      [Object Copy (ms): Min: 11.4, Avg: 12.0, Max: 12.7, Diff: 1.3, Sum: 96.2]
      [Termination (ms): Min: 2.2, Avg: 2.7, Max: 3.2, Diff: 1.0, Sum: 21.7]
         [Termination Attempts: Min: 158, Avg: 374.2, Max: 466, Diff: 308, Sum: 2994]
      [GC Worker Other (ms): Min: 0.1, Avg: 0.5, Max: 2.2, Diff: 2.2, Sum: 4.4]
      [GC Worker Total (ms): Min: 35.9, Avg: 36.4, Max: 38.0, Diff: 2.1, Sum: 291.3]
      [GC Worker End (ms): Min: 530977733.4, Avg: 530977733.8, Max: 530977735.5, Diff: 2.1]
   [Code Root Fixup: 0.0 ms]
   [Code Root Purge: 0.0 ms]
   [Clear CT: 4.8 ms]
   [Other: 27.2 ms]
      [Choose CSet: 0.0 ms]
      [Ref Proc: 12.1 ms]
      [Ref Enq: 0.2 ms]
      [Redirty Cards: 4.1 ms]
      [Humongous Register: 2.4 ms]
      [Humongous Reclaim: 0.4 ms]
      [Free CSet: 6.5 ms]
   [Eden: 3658.0M(3658.0M)->0.0B(3654.0M) Survivors: 26.0M->28.0M Heap: 5123.5M(6144.0M)->1417.7M(6144.0M)]
 [Times: user=0.22 sys=0.07, real=0.07 secs] 
2025-07-26T15:27:43.361+0800: 531017.196: [GC pause (G1 Evacuation Pause) (young), 0.0395714 secs]
   [Parallel Time: 27.1 ms, GC Workers: 8]
      [GC Worker Start (ms): Min: 531017200.0, Avg: 531017200.0, Max: 531017200.1, Diff: 0.1]
      [Ext Root Scanning (ms): Min: 3.1, Avg: 4.5, Max: 12.5, Diff: 9.4, Sum: 35.8]
      [Update RS (ms): Min: 5.4, Avg: 12.5, Max: 13.8, Diff: 8.4, Sum: 99.6]
         [Processed Buffers: Min: 20, Avg: 66.2, Max: 82, Diff: 62, Sum: 530]
      [Scan RS (ms): Min: 0.1, Avg: 0.6, Max: 0.8, Diff: 0.7, Sum: 4.6]
      [Code Root Scanning (ms): Min: 0.0, Avg: 0.0, Max: 0.0, Diff: 0.0, Sum: 0.1]
      [Object Copy (ms): Min: 6.0, Avg: 7.1, Max: 7.6, Diff: 1.6, Sum: 56.4]
      [Termination (ms): Min: 1.6, Avg: 2.1, Max: 2.8, Diff: 1.2, Sum: 17.1]
         [Termination Attempts: Min: 157, Avg: 282.8, Max: 388, Diff: 231, Sum: 2262]
      [GC Worker Other (ms): Min: 0.1, Avg: 0.1, Max: 0.2, Diff: 0.1, Sum: 0.9]
      [GC Worker Total (ms): Min: 26.7, Avg: 26.8, Max: 26.9, Diff: 0.2, Sum: 214.5]
      [GC Worker End (ms): Min: 531017226.8, Avg: 531017226.8, Max: 531017226.9, Diff: 0.2]
   [Code Root Fixup: 0.0 ms]
   [Code Root Purge: 0.0 ms]
   [Clear CT: 0.8 ms]
   [Other: 11.7 ms]
      [Choose CSet: 0.0 ms]
      [Ref Proc: 2.7 ms]
      [Ref Enq: 0.1 ms]
      [Redirty Cards: 0.1 ms]
      [Humongous Register: 2.9 ms]
      [Humongous Reclaim: 0.3 ms]
      [Free CSet: 4.5 ms]
   [Eden: 3654.0M(3654.0M)->0.0B(3666.0M) Survivors: 28.0M->20.0M Heap: 5123.8M(6144.0M)->1410.7M(6144.0M)]
 [Times: user=0.19 sys=0.03, real=0.04 secs] 
2025-07-26T15:29:19.986+0800: 531113.822: [GC pause (G1 Evacuation Pause) (young), 0.0523069 secs]
   [Parallel Time: 34.7 ms, GC Workers: 8]
      [GC Worker Start (ms): Min: 531113823.8, Avg: 531113823.9, Max: 531113824.0, Diff: 0.2]
      [Ext Root Scanning (ms): Min: 2.7, Avg: 3.8, Max: 10.3, Diff: 7.7, Sum: 30.5]
      [Update RS (ms): Min: 11.8, Avg: 18.2, Max: 19.7, Diff: 7.9, Sum: 145.3]
         [Processed Buffers: Min: 75, Avg: 99.9, Max: 115, Diff: 40, Sum: 799]
      [Scan RS (ms): Min: 0.3, Avg: 0.6, Max: 1.0, Diff: 0.7, Sum: 4.9]
      [Code Root Scanning (ms): Min: 0.0, Avg: 0.0, Max: 0.0, Diff: 0.0, Sum: 0.1]
      [Object Copy (ms): Min: 9.3, Avg: 9.8, Max: 11.4, Diff: 2.1, Sum: 78.3]
      [Termination (ms): Min: 0.0, Avg: 2.1, Max: 2.4, Diff: 2.4, Sum: 16.5]
         [Termination Attempts: Min: 1, Avg: 4.2, Max: 6, Diff: 5, Sum: 34]
      [GC Worker Other (ms): Min: 0.0, Avg: 0.1, Max: 0.1, Diff: 0.1, Sum: 0.7]
      [GC Worker Total (ms): Min: 34.4, Avg: 34.5, Max: 34.6, Diff: 0.3, Sum: 276.4]
      [GC Worker End (ms): Min: 531113858.4, Avg: 531113858.4, Max: 531113858.5, Diff: 0.1]
   [Code Root Fixup: 0.1 ms]
   [Code Root Purge: 0.0 ms]
   [Clear CT: 0.9 ms]
   [Other: 16.6 ms]
      [Choose CSet: 0.0 ms]
      [Ref Proc: 4.1 ms]
      [Ref Enq: 0.2 ms]
      [Redirty Cards: 0.2 ms]
      [Humongous Register: 1.6 ms]
      [Humongous Reclaim: 0.8 ms]
      [Free CSet: 8.8 ms]
   [Eden: 3666.0M(3666.0M)->0.0B(3646.0M) Survivors: 20.0M->36.0M Heap: 5201.5M(6144.0M)->1427.8M(6144.0M)]
 [Times: user=0.26 sys=0.04, real=0.06 secs] 
2025-07-26T15:30:09.668+0800: 531163.503: [GC pause (G1 Evacuation Pause) (young), 0.3397080 secs]
   [Parallel Time: 333.9 ms, GC Workers: 8]
      [GC Worker Start (ms): Min: 531163504.0, Avg: 531163504.1, Max: 531163504.1, Diff: 0.1]
      [Ext Root Scanning (ms): Min: 2.2, Avg: 2.7, Max: 5.1, Diff: 2.9, Sum: 21.6]
      [Update RS (ms): Min: 110.8, Avg: 116.4, Max: 127.5, Diff: 16.7, Sum: 931.3]
         [Processed Buffers: Min: 34, Avg: 65.2, Max: 98, Diff: 64, Sum: 522]
      [Scan RS (ms): Min: 0.1, Avg: 0.4, Max: 0.6, Diff: 0.5, Sum: 3.5]
      [Code Root Scanning (ms): Min: 0.0, Avg: 0.0, Max: 0.0, Diff: 0.0, Sum: 0.1]
      [Object Copy (ms): Min: 202.5, Avg: 213.2, Max: 217.3, Diff: 14.9, Sum: 1705.8]
      [Termination (ms): Min: 0.0, Avg: 0.8, Max: 1.0, Diff: 1.0, Sum: 6.6]
         [Termination Attempts: Min: 1, Avg: 861.1, Max: 1033, Diff: 1032, Sum: 6889]
      [GC Worker Other (ms): Min: 0.0, Avg: 0.1, Max: 0.1, Diff: 0.1, Sum: 0.7]
      [GC Worker Total (ms): Min: 333.6, Avg: 333.7, Max: 333.7, Diff: 0.1, Sum: 2669.5]
      [GC Worker End (ms): Min: 531163837.7, Avg: 531163837.8, Max: 531163837.8, Diff: 0.1]
   [Code Root Fixup: 0.0 ms]
   [Code Root Purge: 0.0 ms]
   [Clear CT: 0.7 ms]
   [Other: 5.1 ms]
      [Choose CSet: 0.0 ms]
      [Ref Proc: 1.3 ms]
      [Ref Enq: 0.1 ms]
      [Redirty Cards: 0.1 ms]
      [Humongous Register: 0.3 ms]
      [Humongous Reclaim: 0.2 ms]
      [Free CSet: 2.2 ms]
   [Eden: 3646.0M(3646.0M)->0.0B(2770.0M) Survivors: 36.0M->462.0M Heap: 5116.1M(6144.0M)->1867.5M(6144.0M)]
 [Times: user=2.14 sys=0.52, real=0.34 secs] 
2025-07-26T15:30:34.969+0800: 531188.805: [GC pause (G1 Evacuation Pause) (young), 0.2058230 secs]
   [Parallel Time: 197.7 ms, GC Workers: 8]
      [GC Worker Start (ms): Min: 531188805.5, Avg: 531188805.5, Max: 531188805.6, Diff: 0.1]
      [Ext Root Scanning (ms): Min: 2.6, Avg: 4.0, Max: 11.9, Diff: 9.3, Sum: 31.6]
      [Update RS (ms): Min: 24.5, Avg: 32.2, Max: 33.6, Diff: 9.1, Sum: 257.9]
         [Processed Buffers: Min: 59, Avg: 81.4, Max: 90, Diff: 31, Sum: 651]
      [Scan RS (ms): Min: 0.2, Avg: 0.3, Max: 0.4, Diff: 0.2, Sum: 2.7]
      [Code Root Scanning (ms): Min: 0.0, Avg: 0.0, Max: 0.0, Diff: 0.0, Sum: 0.1]
      [Object Copy (ms): Min: 160.5, Avg: 160.7, Max: 161.0, Diff: 0.4, Sum: 1285.9]
      [Termination (ms): Min: 0.0, Avg: 0.1, Max: 0.2, Diff: 0.1, Sum: 1.1]
         [Termination Attempts: Min: 1, Avg: 117.5, Max: 140, Diff: 139, Sum: 940]
      [GC Worker Other (ms): Min: 0.0, Avg: 0.1, Max: 0.1, Diff: 0.1, Sum: 0.7]
      [GC Worker Total (ms): Min: 197.5, Avg: 197.5, Max: 197.6, Diff: 0.1, Sum: 1580.1]
      [GC Worker End (ms): Min: 531189003.0, Avg: 531189003.0, Max: 531189003.1, Diff: 0.1]
   [Code Root Fixup: 0.0 ms]
   [Code Root Purge: 0.0 ms]
   [Clear CT: 0.6 ms]
   [Other: 7.5 ms]
      [Choose CSet: 0.0 ms]
      [Ref Proc: 1.9 ms]
      [Ref Enq: 0.2 ms]
      [Redirty Cards: 1.0 ms]
      [Humongous Register: 0.3 ms]
      [Humongous Reclaim: 0.2 ms]
      [Free CSet: 3.0 ms]
   [Eden: 2770.0M(2770.0M)->0.0B(3040.0M) Survivors: 462.0M->38.0M Heap: 4683.6M(6144.0M)->1889.9M(6144.0M)]
 [Times: user=1.58 sys=0.00, real=0.20 secs] 
2025-07-26T15:31:01.008+0800: 531214.844: [GC pause (G1 Evacuation Pause) (young), 0.0392179 secs]
   [Parallel Time: 29.6 ms, GC Workers: 8]
      [GC Worker Start (ms): Min: 531214846.4, Avg: 531214846.5, Max: 531214846.6, Diff: 0.1]
      [Ext Root Scanning (ms): Min: 2.7, Avg: 3.1, Max: 4.4, Diff: 1.7, Sum: 24.6]
      [Update RS (ms): Min: 17.2, Avg: 18.3, Max: 18.8, Diff: 1.7, Sum: 146.7]
         [Processed Buffers: Min: 77, Avg: 100.2, Max: 108, Diff: 31, Sum: 802]
      [Scan RS (ms): Min: 0.5, Avg: 0.7, Max: 0.9, Diff: 0.4, Sum: 6.0]
      [Code Root Scanning (ms): Min: 0.0, Avg: 0.0, Max: 0.0, Diff: 0.0, Sum: 0.1]
      [Object Copy (ms): Min: 7.0, Avg: 7.1, Max: 7.2, Diff: 0.3, Sum: 57.1]
      [Termination (ms): Min: 0.0, Avg: 0.0, Max: 0.0, Diff: 0.0, Sum: 0.0]
         [Termination Attempts: Min: 1, Avg: 1.0, Max: 1, Diff: 0, Sum: 8]
      [GC Worker Other (ms): Min: 0.0, Avg: 0.1, Max: 0.2, Diff: 0.1, Sum: 0.9]
      [GC Worker Total (ms): Min: 29.3, Avg: 29.4, Max: 29.5, Diff: 0.2, Sum: 235.4]
      [GC Worker End (ms): Min: 531214875.9, Avg: 531214875.9, Max: 531214875.9, Diff: 0.1]
   [Code Root Fixup: 0.0 ms]
   [Code Root Purge: 0.0 ms]
   [Clear CT: 0.5 ms]
   [Other: 9.0 ms]
      [Choose CSet: 0.0 ms]
      [Ref Proc: 1.8 ms]
      [Ref Enq: 0.2 ms]
      [Redirty Cards: 0.1 ms]
      [Humongous Register: 1.9 ms]
      [Humongous Reclaim: 0.2 ms]
      [Free CSet: 3.7 ms]
   [Eden: 3040.0M(3040.0M)->0.0B(3070.0M) Survivors: 38.0M->36.0M Heap: 4985.8M(6144.0M)->1887.9M(6144.0M)]
 [Times: user=0.14 sys=0.11, real=0.04 secs] 
2025-07-26T15:31:27.624+0800: 531241.460: [GC pause (G1 Evacuation Pause) (young), 0.0325583 secs]
   [Parallel Time: 22.8 ms, GC Workers: 8]
      [GC Worker Start (ms): Min: 531241462.7, Avg: 531241462.8, Max: 531241462.8, Diff: 0.1]
      [Ext Root Scanning (ms): Min: 2.8, Avg: 4.1, Max: 11.1, Diff: 8.3, Sum: 32.4]
      [Update RS (ms): Min: 6.2, Avg: 13.0, Max: 14.4, Diff: 8.2, Sum: 104.2]
         [Processed Buffers: Min: 51, Avg: 86.2, Max: 104, Diff: 53, Sum: 690]
      [Scan RS (ms): Min: 0.1, Avg: 0.3, Max: 0.4, Diff: 0.3, Sum: 2.5]
      [Code Root Scanning (ms): Min: 0.0, Avg: 0.0, Max: 0.0, Diff: 0.0, Sum: 0.1]
      [Object Copy (ms): Min: 4.8, Avg: 4.9, Max: 5.0, Diff: 0.2, Sum: 39.3]
      [Termination (ms): Min: 0.0, Avg: 0.2, Max: 0.2, Diff: 0.2, Sum: 1.3]
         [Termination Attempts: Min: 1, Avg: 1.2, Max: 3, Diff: 2, Sum: 10]
      [GC Worker Other (ms): Min: 0.0, Avg: 0.1, Max: 0.2, Diff: 0.2, Sum: 0.8]
      [GC Worker Total (ms): Min: 22.5, Avg: 22.6, Max: 22.7, Diff: 0.2, Sum: 180.7]
      [GC Worker End (ms): Min: 531241485.3, Avg: 531241485.3, Max: 531241485.4, Diff: 0.1]
   [Code Root Fixup: 0.1 ms]
   [Code Root Purge: 0.0 ms]
   [Clear CT: 0.5 ms]
   [Other: 9.2 ms]
      [Choose CSet: 0.0 ms]
      [Ref Proc: 2.0 ms]
      [Ref Enq: 0.2 ms]
      [Redirty Cards: 0.1 ms]
      [Humongous Register: 1.8 ms]
      [Humongous Reclaim: 0.3 ms]
      [Free CSet: 3.7 ms]
   [Eden: 3070.0M(3070.0M)->0.0B(3082.0M) Survivors: 36.0M->36.0M Heap: 5027.9M(6144.0M)->1893.9M(6144.0M)]
 [Times: user=0.19 sys=0.00, real=0.04 secs] 
2025-07-26T15:33:57.254+0800: 531391.090: [GC pause (G1 Evacuation Pause) (young), 0.0368124 secs]
   [Parallel Time: 26.2 ms, GC Workers: 8]
      [GC Worker Start (ms): Min: 531391092.5, Avg: 531391092.6, Max: 531391092.6, Diff: 0.1]
      [Ext Root Scanning (ms): Min: 2.7, Avg: 4.0, Max: 11.3, Diff: 8.6, Sum: 31.7]
      [Update RS (ms): Min: 7.8, Avg: 15.0, Max: 16.3, Diff: 8.4, Sum: 120.2]
         [Processed Buffers: Min: 66, Avg: 98.5, Max: 118, Diff: 52, Sum: 788]
      [Scan RS (ms): Min: 0.2, Avg: 0.3, Max: 0.4, Diff: 0.2, Sum: 2.7]
      [Code Root Scanning (ms): Min: 0.0, Avg: 0.0, Max: 0.0, Diff: 0.0, Sum: 0.1]
      [Object Copy (ms): Min: 6.3, Avg: 6.4, Max: 6.5, Diff: 0.2, Sum: 51.3]
      [Termination (ms): Min: 0.0, Avg: 0.0, Max: 0.0, Diff: 0.0, Sum: 0.0]
         [Termination Attempts: Min: 1, Avg: 1.0, Max: 1, Diff: 0, Sum: 8]
      [GC Worker Other (ms): Min: 0.1, Avg: 0.2, Max: 0.3, Diff: 0.2, Sum: 1.8]
      [GC Worker Total (ms): Min: 25.8, Avg: 26.0, Max: 26.1, Diff: 0.3, Sum: 207.7]
      [GC Worker End (ms): Min: 531391118.4, Avg: 531391118.5, Max: 531391118.6, Diff: 0.2]
   [Code Root Fixup: 0.0 ms]
   [Code Root Purge: 0.0 ms]
   [Clear CT: 0.5 ms]
   [Other: 10.1 ms]
      [Choose CSet: 0.0 ms]
      [Ref Proc: 2.4 ms]
      [Ref Enq: 0.2 ms]
      [Redirty Cards: 0.1 ms]
      [Humongous Register: 2.1 ms]
      [Humongous Reclaim: 0.4 ms]
      [Free CSet: 3.8 ms]
   [Eden: 3082.0M(3082.0M)->0.0B(3118.0M) Survivors: 36.0M->20.0M Heap: 5058.0M(6144.0M)->1878.9M(6144.0M)]
 [Times: user=0.20 sys=0.03, real=0.04 secs] 
2025-07-26T15:39:51.385+0800: 531745.220: [GC pause (G1 Evacuation Pause) (young), 0.0524968 secs]
   [Parallel Time: 32.3 ms, GC Workers: 8]
      [GC Worker Start (ms): Min: 531745224.5, Avg: 531745224.6, Max: 531745224.7, Diff: 0.2]
      [Ext Root Scanning (ms): Min: 5.6, Avg: 6.8, Max: 14.3, Diff: 8.7, Sum: 54.2]
      [Update RS (ms): Min: 4.4, Avg: 11.7, Max: 13.1, Diff: 8.6, Sum: 93.6]
         [Processed Buffers: Min: 32, Avg: 52.6, Max: 72, Diff: 40, Sum: 421]
      [Scan RS (ms): Min: 0.1, Avg: 0.4, Max: 0.5, Diff: 0.4, Sum: 3.5]
      [Code Root Scanning (ms): Min: 0.0, Avg: 0.0, Max: 0.0, Diff: 0.0, Sum: 0.1]
      [Object Copy (ms): Min: 10.4, Avg: 11.1, Max: 11.4, Diff: 1.0, Sum: 88.8]
      [Termination (ms): Min: 1.1, Avg: 1.8, Max: 2.3, Diff: 1.2, Sum: 14.1]
         [Termination Attempts: Min: 106, Avg: 210.2, Max: 301, Diff: 195, Sum: 1682]
      [GC Worker Other (ms): Min: 0.1, Avg: 0.1, Max: 0.2, Diff: 0.1, Sum: 1.1]
      [GC Worker Total (ms): Min: 31.8, Avg: 31.9, Max: 32.0, Diff: 0.2, Sum: 255.2]
      [GC Worker End (ms): Min: 531745256.5, Avg: 531745256.5, Max: 531745256.6, Diff: 0.1]
   [Code Root Fixup: 0.0 ms]
   [Code Root Purge: 0.0 ms]
   [Clear CT: 0.9 ms]
   [Other: 19.3 ms]
      [Choose CSet: 0.0 ms]
      [Ref Proc: 6.4 ms]
      [Ref Enq: 0.2 ms]
      [Redirty Cards: 0.2 ms]
      [Humongous Register: 3.4 ms]
      [Humongous Reclaim: 0.6 ms]
      [Free CSet: 7.3 ms]
   [Eden: 3118.0M(3118.0M)->0.0B(3122.0M) Survivors: 20.0M->24.0M Heap: 5038.9M(6144.0M)->1887.9M(6144.0M)]
 [Times: user=0.20 sys=0.06, real=0.06 secs] 
2025-07-26T15:47:44.862+0800: 532218.697: [GC pause (G1 Evacuation Pause) (young), 0.0415106 secs]
   [Parallel Time: 27.9 ms, GC Workers: 8]
      [GC Worker Start (ms): Min: 532218701.0, Avg: 532218701.1, Max: 532218701.3, Diff: 0.3]
      [Ext Root Scanning (ms): Min: 4.0, Avg: 5.2, Max: 11.9, Diff: 8.0, Sum: 41.2]
      [Update RS (ms): Min: 4.6, Avg: 11.2, Max: 12.7, Diff: 8.2, Sum: 89.8]
         [Processed Buffers: Min: 31, Avg: 56.1, Max: 85, Diff: 54, Sum: 449]
      [Scan RS (ms): Min: 0.2, Avg: 0.4, Max: 0.5, Diff: 0.3, Sum: 3.4]
      [Code Root Scanning (ms): Min: 0.0, Avg: 0.0, Max: 0.0, Diff: 0.0, Sum: 0.1]
      [Object Copy (ms): Min: 10.0, Avg: 10.6, Max: 11.0, Diff: 1.0, Sum: 85.2]
      [Termination (ms): Min: 0.0, Avg: 0.1, Max: 0.1, Diff: 0.1, Sum: 0.5]
         [Termination Attempts: Min: 1, Avg: 53.5, Max: 73, Diff: 72, Sum: 428]
      [GC Worker Other (ms): Min: 0.0, Avg: 0.1, Max: 0.2, Diff: 0.1, Sum: 0.9]
      [GC Worker Total (ms): Min: 27.5, Avg: 27.6, Max: 27.8, Diff: 0.2, Sum: 221.1]
      [GC Worker End (ms): Min: 532218728.7, Avg: 532218728.7, Max: 532218728.8, Diff: 0.1]
   [Code Root Fixup: 0.0 ms]
   [Code Root Purge: 0.0 ms]
   [Clear CT: 0.7 ms]
   [Other: 12.9 ms]
      [Choose CSet: 0.0 ms]
      [Ref Proc: 4.3 ms]
      [Ref Enq: 0.1 ms]
      [Redirty Cards: 0.1 ms]
      [Humongous Register: 3.2 ms]
      [Humongous Reclaim: 0.4 ms]
      [Free CSet: 3.8 ms]
   [Eden: 3122.0M(3122.0M)->0.0B(3150.0M) Survivors: 24.0M->24.0M Heap: 5057.9M(6144.0M)->1881.9M(6144.0M)]
 [Times: user=0.19 sys=0.04, real=0.04 secs] 
2025-07-26T15:50:01.406+0800: 532355.242: [GC pause (G1 Evacuation Pause) (young), 0.0370570 secs]
   [Parallel Time: 24.4 ms, GC Workers: 8]
      [GC Worker Start (ms): Min: 532355245.0, Avg: 532355245.1, Max: 532355245.2, Diff: 0.2]
      [Ext Root Scanning (ms): Min: 3.6, Avg: 5.3, Max: 13.4, Diff: 9.8, Sum: 42.3]
      [Update RS (ms): Min: 0.0, Avg: 6.6, Max: 8.1, Diff: 8.1, Sum: 52.9]
         [Processed Buffers: Min: 0, Avg: 33.4, Max: 49, Diff: 49, Sum: 267]
      [Scan RS (ms): Min: 0.1, Avg: 0.6, Max: 0.9, Diff: 0.8, Sum: 4.5]
      [Code Root Scanning (ms): Min: 0.0, Avg: 0.0, Max: 0.0, Diff: 0.0, Sum: 0.1]
      [Object Copy (ms): Min: 10.5, Avg: 11.3, Max: 11.5, Diff: 1.0, Sum: 90.5]
      [Termination (ms): Min: 0.0, Avg: 0.0, Max: 0.1, Diff: 0.1, Sum: 0.3]
         [Termination Attempts: Min: 1, Avg: 31.1, Max: 47, Diff: 46, Sum: 249]
      [GC Worker Other (ms): Min: 0.1, Avg: 0.3, Max: 1.0, Diff: 0.9, Sum: 2.2]
      [GC Worker Total (ms): Min: 23.9, Avg: 24.1, Max: 24.2, Diff: 0.3, Sum: 192.7]
      [GC Worker End (ms): Min: 532355269.1, Avg: 532355269.2, Max: 532355269.2, Diff: 0.1]
   [Code Root Fixup: 0.1 ms]
   [Code Root Purge: 0.0 ms]
   [Clear CT: 0.7 ms]
   [Other: 11.9 ms]
      [Choose CSet: 0.0 ms]
      [Ref Proc: 4.3 ms]
      [Ref Enq: 0.1 ms]
      [Redirty Cards: 0.2 ms]
      [Humongous Register: 2.3 ms]
      [Humongous Reclaim: 0.2 ms]
      [Free CSet: 4.0 ms]
   [Eden: 3150.0M(3150.0M)->0.0B(3152.0M) Survivors: 24.0M->24.0M Heap: 5049.9M(6144.0M)->1887.9M(6144.0M)]
 [Times: user=0.17 sys=0.03, real=0.04 secs] 
2025-07-26T15:50:57.366+0800: 532411.201: [GC pause (G1 Evacuation Pause) (young), 0.0325472 secs]
   [Parallel Time: 20.3 ms, GC Workers: 8]
      [GC Worker Start (ms): Min: 532411204.4, Avg: 532411204.5, Max: 532411204.6, Diff: 0.2]
      [Ext Root Scanning (ms): Min: 3.0, Avg: 4.4, Max: 13.1, Diff: 10.1, Sum: 34.9]
      [Update RS (ms): Min: 0.0, Avg: 5.8, Max: 7.0, Diff: 7.0, Sum: 46.6]
         [Processed Buffers: Min: 0, Avg: 31.1, Max: 46, Diff: 46, Sum: 249]
      [Scan RS (ms): Min: 0.1, Avg: 0.3, Max: 0.5, Diff: 0.4, Sum: 2.6]
      [Code Root Scanning (ms): Min: 0.0, Avg: 0.0, Max: 0.0, Diff: 0.0, Sum: 0.1]
      [Object Copy (ms): Min: 6.0, Avg: 8.5, Max: 9.3, Diff: 3.2, Sum: 68.2]
      [Termination (ms): Min: 0.5, Avg: 0.8, Max: 1.1, Diff: 0.6, Sum: 6.0]
         [Termination Attempts: Min: 56, Avg: 104.2, Max: 155, Diff: 99, Sum: 834]
      [GC Worker Other (ms): Min: 0.0, Avg: 0.1, Max: 0.2, Diff: 0.2, Sum: 0.8]
      [GC Worker Total (ms): Min: 19.8, Avg: 19.9, Max: 20.0, Diff: 0.2, Sum: 159.3]
      [GC Worker End (ms): Min: 532411224.4, Avg: 532411224.4, Max: 532411224.6, Diff: 0.2]
   [Code Root Fixup: 0.0 ms]
   [Code Root Purge: 0.0 ms]
   [Clear CT: 0.6 ms]
   [Other: 11.6 ms]
      [Choose CSet: 0.0 ms]
      [Ref Proc: 3.3 ms]
      [Ref Enq: 0.1 ms]
      [Redirty Cards: 0.1 ms]
      [Humongous Register: 2.5 ms]
      [Humongous Reclaim: 0.3 ms]
      [Free CSet: 4.2 ms]
   [Eden: 3152.0M(3152.0M)->0.0B(3162.0M) Survivors: 24.0M->24.0M Heap: 5057.9M(6144.0M)->1888.9M(6144.0M)]
 [Times: user=0.16 sys=0.01, real=0.04 secs] 
2025-07-26T15:51:19.654+0800: 532433.490: [GC pause (G1 Evacuation Pause) (young), 0.0368952 secs]
   [Parallel Time: 24.7 ms, GC Workers: 8]
      [GC Worker Start (ms): Min: 532433493.2, Avg: 532433493.3, Max: 532433493.4, Diff: 0.2]
      [Ext Root Scanning (ms): Min: 3.4, Avg: 4.8, Max: 13.0, Diff: 9.6, Sum: 38.5]
      [Update RS (ms): Min: 0.0, Avg: 6.8, Max: 8.4, Diff: 8.4, Sum: 54.4]
         [Processed Buffers: Min: 0, Avg: 34.0, Max: 46, Diff: 46, Sum: 272]
      [Scan RS (ms): Min: 0.1, Avg: 0.3, Max: 0.6, Diff: 0.4, Sum: 2.7]
      [Code Root Scanning (ms): Min: 0.0, Avg: 0.0, Max: 0.0, Diff: 0.0, Sum: 0.1]
      [Object Copy (ms): Min: 10.9, Avg: 11.9, Max: 12.4, Diff: 1.5, Sum: 95.5]
      [Termination (ms): Min: 0.0, Avg: 0.4, Max: 0.5, Diff: 0.5, Sum: 3.3]
         [Termination Attempts: Min: 1, Avg: 1.0, Max: 1, Diff: 0, Sum: 8]
      [GC Worker Other (ms): Min: 0.1, Avg: 0.1, Max: 0.2, Diff: 0.1, Sum: 1.1]
      [GC Worker Total (ms): Min: 24.2, Avg: 24.4, Max: 24.6, Diff: 0.4, Sum: 195.6]
      [GC Worker End (ms): Min: 532433517.5, Avg: 532433517.7, Max: 532433517.8, Diff: 0.3]
   [Code Root Fixup: 0.0 ms]
   [Code Root Purge: 0.0 ms]
   [Clear CT: 0.6 ms]
   [Other: 11.5 ms]
      [Choose CSet: 0.0 ms]
      [Ref Proc: 3.3 ms]
      [Ref Enq: 0.1 ms]
      [Redirty Cards: 0.1 ms]
      [Humongous Register: 3.0 ms]
      [Humongous Reclaim: 0.2 ms]
      [Free CSet: 3.9 ms]
   [Eden: 3162.0M(3162.0M)->0.0B(3162.0M) Survivors: 24.0M->28.0M Heap: 5069.9M(6144.0M)->1892.9M(6144.0M)]
 [Times: user=0.16 sys=0.04, real=0.04 secs] 
2025-07-26T15:52:29.397+0800: 532503.233: [GC pause (G1 Evacuation Pause) (young), 0.0466112 secs]
   [Parallel Time: 35.3 ms, GC Workers: 8]
      [GC Worker Start (ms): Min: 532503235.1, Avg: 532503235.2, Max: 532503235.3, Diff: 0.2]
      [Ext Root Scanning (ms): Min: 2.6, Avg: 4.0, Max: 11.2, Diff: 8.6, Sum: 32.3]
      [Update RS (ms): Min: 11.8, Avg: 18.6, Max: 20.5, Diff: 8.7, Sum: 148.7]
         [Processed Buffers: Min: 90, Avg: 108.6, Max: 128, Diff: 38, Sum: 869]
      [Scan RS (ms): Min: 0.1, Avg: 0.4, Max: 0.5, Diff: 0.4, Sum: 2.9]
      [Code Root Scanning (ms): Min: 0.0, Avg: 0.0, Max: 0.0, Diff: 0.0, Sum: 0.1]
      [Object Copy (ms): Min: 11.4, Avg: 11.9, Max: 12.0, Diff: 0.6, Sum: 95.1]
      [Termination (ms): Min: 0.0, Avg: 0.0, Max: 0.0, Diff: 0.0, Sum: 0.2]
         [Termination Attempts: Min: 1, Avg: 25.5, Max: 35, Diff: 34, Sum: 204]
      [GC Worker Other (ms): Min: 0.1, Avg: 0.2, Max: 0.3, Diff: 0.2, Sum: 1.4]
      [GC Worker Total (ms): Min: 34.9, Avg: 35.1, Max: 35.2, Diff: 0.3, Sum: 280.6]
      [GC Worker End (ms): Min: 532503270.2, Avg: 532503270.3, Max: 532503270.3, Diff: 0.1]
   [Code Root Fixup: 0.0 ms]
   [Code Root Purge: 0.0 ms]
   [Clear CT: 0.7 ms]
   [Other: 10.6 ms]
      [Choose CSet: 0.0 ms]
      [Ref Proc: 3.0 ms]
      [Ref Enq: 0.1 ms]
      [Redirty Cards: 0.1 ms]
      [Humongous Register: 1.8 ms]
      [Humongous Reclaim: 0.4 ms]
      [Free CSet: 4.2 ms]
   [Eden: 3162.0M(3162.0M)->0.0B(3164.0M) Survivors: 28.0M->36.0M Heap: 5147.8M(6144.0M)->1903.0M(6144.0M)]
 [Times: user=0.25 sys=0.04, real=0.04 secs] 
2025-07-26T15:52:59.471+0800: 532533.306: [GC pause (GCLocker Initiated GC) (young), 0.0455818 secs]
   [Parallel Time: 34.1 ms, GC Workers: 8]
      [GC Worker Start (ms): Min: 532533308.8, Avg: 532533308.9, Max: 532533308.9, Diff: 0.1]
      [Ext Root Scanning (ms): Min: 3.1, Avg: 4.5, Max: 12.4, Diff: 9.3, Sum: 36.1]
      [Update RS (ms): Min: 6.6, Avg: 14.1, Max: 15.9, Diff: 9.4, Sum: 112.9]
         [Processed Buffers: Min: 45, Avg: 81.6, Max: 98, Diff: 53, Sum: 653]
      [Scan RS (ms): Min: 0.2, Avg: 0.4, Max: 0.5, Diff: 0.3, Sum: 3.0]
      [Code Root Scanning (ms): Min: 0.0, Avg: 0.0, Max: 0.0, Diff: 0.0, Sum: 0.1]
      [Object Copy (ms): Min: 14.3, Avg: 14.7, Max: 14.9, Diff: 0.6, Sum: 117.9]
      [Termination (ms): Min: 0.0, Avg: 0.0, Max: 0.0, Diff: 0.0, Sum: 0.0]
         [Termination Attempts: Min: 1, Avg: 1.0, Max: 1, Diff: 0, Sum: 8]
      [GC Worker Other (ms): Min: 0.0, Avg: 0.1, Max: 0.3, Diff: 0.2, Sum: 1.1]
      [GC Worker Total (ms): Min: 33.8, Avg: 33.9, Max: 34.0, Diff: 0.2, Sum: 271.1]
      [GC Worker End (ms): Min: 532533342.7, Avg: 532533342.8, Max: 532533342.8, Diff: 0.1]
   [Code Root Fixup: 0.0 ms]
   [Code Root Purge: 0.0 ms]
   [Clear CT: 0.9 ms]
   [Other: 10.6 ms]
      [Choose CSet: 0.0 ms]
      [Ref Proc: 3.0 ms]
      [Ref Enq: 0.1 ms]
      [Redirty Cards: 0.2 ms]
      [Humongous Register: 2.0 ms]
      [Humongous Reclaim: 0.3 ms]
      [Free CSet: 4.0 ms]
   [Eden: 3166.0M(3164.0M)->0.0B(3144.0M) Survivors: 36.0M->48.0M Heap: 5133.3M(6144.0M)->1905.9M(6144.0M)]
 [Times: user=0.23 sys=0.06, real=0.04 secs] 
2025-07-26T15:53:24.674+0800: 532558.509: [GC pause (G1 Evacuation Pause) (young), 0.0410451 secs]
   [Parallel Time: 30.6 ms, GC Workers: 8]
      [GC Worker Start (ms): Min: 532558512.2, Avg: 532558512.2, Max: 532558512.3, Diff: 0.2]
      [Ext Root Scanning (ms): Min: 3.1, Avg: 4.4, Max: 12.1, Diff: 9.0, Sum: 35.2]
      [Update RS (ms): Min: 9.2, Avg: 16.8, Max: 18.1, Diff: 8.8, Sum: 134.1]
         [Processed Buffers: Min: 72, Avg: 91.9, Max: 108, Diff: 36, Sum: 735]
      [Scan RS (ms): Min: 0.1, Avg: 0.4, Max: 0.5, Diff: 0.3, Sum: 2.9]
      [Code Root Scanning (ms): Min: 0.0, Avg: 0.0, Max: 0.0, Diff: 0.0, Sum: 0.1]
      [Object Copy (ms): Min: 8.2, Avg: 8.7, Max: 8.9, Diff: 0.7, Sum: 69.6]
      [Termination (ms): Min: 0.0, Avg: 0.0, Max: 0.0, Diff: 0.0, Sum: 0.0]
         [Termination Attempts: Min: 1, Avg: 1.0, Max: 1, Diff: 0, Sum: 8]
      [GC Worker Other (ms): Min: 0.1, Avg: 0.2, Max: 0.3, Diff: 0.2, Sum: 1.4]
      [GC Worker Total (ms): Min: 30.3, Avg: 30.4, Max: 30.5, Diff: 0.2, Sum: 243.2]
      [GC Worker End (ms): Min: 532558542.6, Avg: 532558542.7, Max: 532558542.7, Diff: 0.1]
   [Code Root Fixup: 0.0 ms]
   [Code Root Purge: 0.0 ms]
   [Clear CT: 0.6 ms]
   [Other: 9.8 ms]
      [Choose CSet: 0.0 ms]
      [Ref Proc: 2.5 ms]
      [Ref Enq: 0.1 ms]
      [Redirty Cards: 0.2 ms]
      [Humongous Register: 2.1 ms]
      [Humongous Reclaim: 0.3 ms]
      [Free CSet: 3.8 ms]
   [Eden: 3144.0M(3144.0M)->0.0B(3180.0M) Survivors: 48.0M->28.0M Heap: 5121.1M(6144.0M)->1886.9M(6144.0M)]
 [Times: user=0.20 sys=0.05, real=0.04 secs] 
2025-07-26T15:55:00.229+0800: 532654.065: [GC pause (G1 Evacuation Pause) (young), 0.0538773 secs]
   [Parallel Time: 42.1 ms, GC Workers: 8]
      [GC Worker Start (ms): Min: 532654067.7, Avg: 532654067.8, Max: 532654067.8, Diff: 0.1]
      [Ext Root Scanning (ms): Min: 3.2, Avg: 4.5, Max: 12.1, Diff: 8.9, Sum: 35.8]
      [Update RS (ms): Min: 11.8, Avg: 19.1, Max: 20.9, Diff: 9.1, Sum: 153.0]
         [Processed Buffers: Min: 97, Avg: 114.9, Max: 127, Diff: 30, Sum: 919]
      [Scan RS (ms): Min: 0.2, Avg: 0.4, Max: 0.5, Diff: 0.3, Sum: 3.1]
      [Code Root Scanning (ms): Min: 0.0, Avg: 0.0, Max: 0.0, Diff: 0.0, Sum: 0.1]
      [Object Copy (ms): Min: 17.5, Avg: 17.8, Max: 18.5, Diff: 1.0, Sum: 142.5]
      [Termination (ms): Min: 0.0, Avg: 0.0, Max: 0.1, Diff: 0.0, Sum: 0.3]
         [Termination Attempts: Min: 15, Avg: 18.0, Max: 22, Diff: 7, Sum: 144]
      [GC Worker Other (ms): Min: 0.1, Avg: 0.1, Max: 0.2, Diff: 0.1, Sum: 1.1]
      [GC Worker Total (ms): Min: 41.9, Avg: 42.0, Max: 42.1, Diff: 0.2, Sum: 335.8]
      [GC Worker End (ms): Min: 532654109.7, Avg: 532654109.7, Max: 532654109.8, Diff: 0.1]
   [Code Root Fixup: 0.0 ms]
   [Code Root Purge: 0.0 ms]
   [Clear CT: 0.6 ms]
   [Other: 11.1 ms]
      [Choose CSet: 0.0 ms]
      [Ref Proc: 3.0 ms]
      [Ref Enq: 0.1 ms]
      [Redirty Cards: 0.1 ms]
      [Humongous Register: 2.0 ms]
      [Humongous Reclaim: 0.5 ms]
      [Free CSet: 4.2 ms]
   [Eden: 3180.0M(3180.0M)->0.0B(3112.0M) Survivors: 28.0M->52.0M Heap: 5167.7M(6144.0M)->1921.9M(6144.0M)]
 [Times: user=0.36 sys=0.00, real=0.05 secs] 
2025-07-26T15:55:27.202+0800: 532681.038: [GC pause (G1 Evacuation Pause) (young), 0.0381547 secs]
   [Parallel Time: 26.8 ms, GC Workers: 8]
      [GC Worker Start (ms): Min: 532681041.1, Avg: 532681041.1, Max: 532681041.2, Diff: 0.1]
      [Ext Root Scanning (ms): Min: 3.2, Avg: 4.4, Max: 11.8, Diff: 8.6, Sum: 35.6]
      [Update RS (ms): Min: 3.7, Avg: 11.0, Max: 13.0, Diff: 9.4, Sum: 87.6]
         [Processed Buffers: Min: 32, Avg: 61.2, Max: 74, Diff: 42, Sum: 490]
      [Scan RS (ms): Min: 0.2, Avg: 0.4, Max: 0.5, Diff: 0.3, Sum: 2.9]
      [Code Root Scanning (ms): Min: 0.0, Avg: 0.0, Max: 0.0, Diff: 0.0, Sum: 0.1]
      [Object Copy (ms): Min: 9.9, Avg: 10.7, Max: 10.9, Diff: 1.0, Sum: 85.8]
      [Termination (ms): Min: 0.0, Avg: 0.0, Max: 0.0, Diff: 0.0, Sum: 0.1]
         [Termination Attempts: Min: 1, Avg: 2.8, Max: 4, Diff: 3, Sum: 22]
      [GC Worker Other (ms): Min: 0.1, Avg: 0.1, Max: 0.2, Diff: 0.1, Sum: 1.1]
      [GC Worker Total (ms): Min: 26.6, Avg: 26.6, Max: 26.7, Diff: 0.1, Sum: 213.1]
      [GC Worker End (ms): Min: 532681067.7, Avg: 532681067.8, Max: 532681067.8, Diff: 0.1]
   [Code Root Fixup: 0.0 ms]
   [Code Root Purge: 0.0 ms]
   [Clear CT: 0.7 ms]
   [Other: 10.6 ms]
      [Choose CSet: 0.0 ms]
      [Ref Proc: 2.9 ms]
      [Ref Enq: 0.1 ms]
      [Redirty Cards: 0.1 ms]
      [Humongous Register: 2.3 ms]
      [Humongous Reclaim: 0.3 ms]
      [Free CSet: 3.9 ms]
   [Eden: 3112.0M(3112.0M)->0.0B(3144.0M) Survivors: 52.0M->34.0M Heap: 5078.2M(6144.0M)->1908.3M(6144.0M)]
 [Times: user=0.17 sys=0.05, real=0.04 secs] 
2025-07-26T15:55:51.866+0800: 532705.702: [GC pause (G1 Evacuation Pause) (young), 0.0382878 secs]
   [Parallel Time: 27.0 ms, GC Workers: 8]
      [GC Worker Start (ms): Min: 532705705.5, Avg: 532705705.6, Max: 532705705.8, Diff: 0.3]
      [Ext Root Scanning (ms): Min: 3.2, Avg: 4.6, Max: 12.7, Diff: 9.5, Sum: 36.7]
      [Update RS (ms): Min: 2.9, Avg: 10.8, Max: 12.7, Diff: 9.7, Sum: 86.4]
         [Processed Buffers: Min: 31, Avg: 60.1, Max: 73, Diff: 42, Sum: 481]
      [Scan RS (ms): Min: 0.1, Avg: 0.4, Max: 0.5, Diff: 0.4, Sum: 2.9]
      [Code Root Scanning (ms): Min: 0.0, Avg: 0.0, Max: 0.0, Diff: 0.0, Sum: 0.1]
      [Object Copy (ms): Min: 8.8, Avg: 9.4, Max: 9.7, Diff: 0.9, Sum: 75.1]
      [Termination (ms): Min: 1.1, Avg: 1.4, Max: 1.9, Diff: 0.8, Sum: 11.4]
         [Termination Attempts: Min: 79, Avg: 159.0, Max: 239, Diff: 160, Sum: 1272]
      [GC Worker Other (ms): Min: 0.0, Avg: 0.1, Max: 0.2, Diff: 0.1, Sum: 0.9]
      [GC Worker Total (ms): Min: 26.5, Avg: 26.7, Max: 26.8, Diff: 0.3, Sum: 213.4]
      [GC Worker End (ms): Min: 532705732.3, Avg: 532705732.3, Max: 532705732.4, Diff: 0.1]
   [Code Root Fixup: 0.0 ms]
   [Code Root Purge: 0.0 ms]
   [Clear CT: 0.7 ms]
   [Other: 10.6 ms]
      [Choose CSet: 0.0 ms]
      [Ref Proc: 2.4 ms]
      [Ref Enq: 0.1 ms]
      [Redirty Cards: 0.2 ms]
      [Humongous Register: 3.0 ms]
      [Humongous Reclaim: 0.2 ms]
      [Free CSet: 3.7 ms]
   [Eden: 3144.0M(3144.0M)->0.0B(3160.0M) Survivors: 34.0M->28.0M Heap: 5094.3M(6144.0M)->1897.9M(6144.0M)]
 [Times: user=0.11 sys=0.11, real=0.04 secs] 
2025-07-26T15:56:21.123+0800: 532734.959: [GC pause (G1 Evacuation Pause) (young), 0.0336809 secs]
   [Parallel Time: 21.0 ms, GC Workers: 8]
      [GC Worker Start (ms): Min: 532734963.1, Avg: 532734963.2, Max: 532734963.2, Diff: 0.2]
      [Ext Root Scanning (ms): Min: 2.9, Avg: 4.3, Max: 12.5, Diff: 9.6, Sum: 34.5]
      [Update RS (ms): Min: 0.0, Avg: 5.2, Max: 6.5, Diff: 6.5, Sum: 41.7]
         [Processed Buffers: Min: 0, Avg: 29.8, Max: 44, Diff: 44, Sum: 238]
      [Scan RS (ms): Min: 0.1, Avg: 0.3, Max: 0.5, Diff: 0.4, Sum: 2.6]
      [Code Root Scanning (ms): Min: 0.0, Avg: 0.0, Max: 0.0, Diff: 0.0, Sum: 0.1]
      [Object Copy (ms): Min: 8.0, Avg: 10.8, Max: 11.3, Diff: 3.2, Sum: 86.2]
      [Termination (ms): Min: 0.0, Avg: 0.0, Max: 0.0, Diff: 0.0, Sum: 0.0]
         [Termination Attempts: Min: 1, Avg: 1.0, Max: 1, Diff: 0, Sum: 8]
      [GC Worker Other (ms): Min: 0.1, Avg: 0.2, Max: 0.2, Diff: 0.1, Sum: 1.2]
      [GC Worker Total (ms): Min: 20.7, Avg: 20.8, Max: 20.9, Diff: 0.2, Sum: 166.2]
      [GC Worker End (ms): Min: 532734983.9, Avg: 532734983.9, Max: 532734984.0, Diff: 0.1]
   [Code Root Fixup: 0.0 ms]
   [Code Root Purge: 0.0 ms]
   [Clear CT: 0.7 ms]
   [Other: 11.9 ms]
      [Choose CSet: 0.0 ms]
      [Ref Proc: 2.9 ms]
      [Ref Enq: 0.2 ms]
      [Redirty Cards: 0.1 ms]
      [Humongous Register: 3.2 ms]
      [Humongous Reclaim: 0.2 ms]
      [Free CSet: 4.1 ms]
   [Eden: 3160.0M(3160.0M)->0.0B(3152.0M) Survivors: 28.0M->32.0M Heap: 5069.9M(6144.0M)->1902.4M(6144.0M)]
 [Times: user=0.16 sys=0.02, real=0.04 secs] 
2025-07-26T15:56:50.051+0800: 532763.887: [GC pause (G1 Evacuation Pause) (young), 0.0412148 secs]
   [Parallel Time: 29.1 ms, GC Workers: 8]
      [GC Worker Start (ms): Min: 532763891.1, Avg: 532763891.2, Max: 532763891.3, Diff: 0.2]
      [Ext Root Scanning (ms): Min: 3.2, Avg: 4.9, Max: 15.1, Diff: 11.9, Sum: 39.0]
      [Update RS (ms): Min: 2.9, Avg: 11.9, Max: 13.3, Diff: 10.4, Sum: 95.0]
         [Processed Buffers: Min: 9, Avg: 67.8, Max: 88, Diff: 79, Sum: 542]
      [Scan RS (ms): Min: 0.1, Avg: 0.4, Max: 0.5, Diff: 0.4, Sum: 2.9]
      [Code Root Scanning (ms): Min: 0.0, Avg: 0.0, Max: 0.0, Diff: 0.0, Sum: 0.1]
      [Object Copy (ms): Min: 10.3, Avg: 11.2, Max: 11.6, Diff: 1.3, Sum: 89.6]
      [Termination (ms): Min: 0.0, Avg: 0.4, Max: 0.5, Diff: 0.5, Sum: 3.3]
         [Termination Attempts: Min: 1, Avg: 1.4, Max: 3, Diff: 2, Sum: 11]
      [GC Worker Other (ms): Min: 0.0, Avg: 0.1, Max: 0.2, Diff: 0.1, Sum: 1.0]
      [GC Worker Total (ms): Min: 28.6, Avg: 28.9, Max: 29.0, Diff: 0.4, Sum: 230.9]
      [GC Worker End (ms): Min: 532763919.8, Avg: 532763920.0, Max: 532763920.1, Diff: 0.3]
   [Code Root Fixup: 0.0 ms]
   [Code Root Purge: 0.0 ms]
   [Clear CT: 0.8 ms]
   [Other: 11.3 ms]
      [Choose CSet: 0.0 ms]
      [Ref Proc: 2.6 ms]
      [Ref Enq: 0.1 ms]
      [Redirty Cards: 0.1 ms]
      [Humongous Register: 3.2 ms]
      [Humongous Reclaim: 0.2 ms]
      [Free CSet: 3.9 ms]
   [Eden: 3152.0M(3152.0M)->0.0B(3164.0M) Survivors: 32.0M->32.0M Heap: 5100.5M(6144.0M)->1898.0M(6144.0M)]
 [Times: user=0.21 sys=0.04, real=0.04 secs] 
2025-07-26T15:57:19.774+0800: 532793.610: [GC pause (G1 Evacuation Pause) (young), 0.0387414 secs]
   [Parallel Time: 28.5 ms, GC Workers: 8]
      [GC Worker Start (ms): Min: 532793612.2, Avg: 532793612.3, Max: 532793612.4, Diff: 0.1]
      [Ext Root Scanning (ms): Min: 2.9, Avg: 4.1, Max: 11.3, Diff: 8.4, Sum: 33.0]
      [Update RS (ms): Min: 6.4, Avg: 13.2, Max: 14.9, Diff: 8.5, Sum: 105.8]
         [Processed Buffers: Min: 49, Avg: 75.6, Max: 91, Diff: 42, Sum: 605]
      [Scan RS (ms): Min: 0.1, Avg: 0.3, Max: 0.5, Diff: 0.4, Sum: 2.7]
      [Code Root Scanning (ms): Min: 0.0, Avg: 0.0, Max: 0.0, Diff: 0.0, Sum: 0.1]
      [Object Copy (ms): Min: 10.2, Avg: 10.5, Max: 10.6, Diff: 0.4, Sum: 83.8]
      [Termination (ms): Min: 0.0, Avg: 0.0, Max: 0.0, Diff: 0.0, Sum: 0.1]
         [Termination Attempts: Min: 1, Avg: 12.2, Max: 16, Diff: 15, Sum: 98]
      [GC Worker Other (ms): Min: 0.1, Avg: 0.2, Max: 0.2, Diff: 0.1, Sum: 1.3]
      [GC Worker Total (ms): Min: 28.3, Avg: 28.3, Max: 28.4, Diff: 0.2, Sum: 226.7]
      [GC Worker End (ms): Min: 532793640.6, Avg: 532793640.6, Max: 532793640.7, Diff: 0.1]
   [Code Root Fixup: 0.0 ms]
   [Code Root Purge: 0.0 ms]
   [Clear CT: 0.6 ms]
   [Other: 9.6 ms]
      [Choose CSet: 0.0 ms]
      [Ref Proc: 2.5 ms]
      [Ref Enq: 0.1 ms]
      [Redirty Cards: 0.1 ms]
      [Humongous Register: 1.9 ms]
      [Humongous Reclaim: 0.2 ms]
      [Free CSet: 3.9 ms]
   [Eden: 3164.0M(3164.0M)->0.0B(3152.0M) Survivors: 32.0M->30.0M Heap: 5117.8M(6144.0M)->1903.2M(6144.0M)]
 [Times: user=0.19 sys=0.05, real=0.04 secs] 
2025-07-26T15:57:39.899+0800: 532813.734: [GC pause (G1 Evacuation Pause) (young), 0.0370222 secs]
   [Parallel Time: 27.0 ms, GC Workers: 8]
      [GC Worker Start (ms): Min: 532813736.7, Avg: 532813736.8, Max: 532813736.8, Diff: 0.1]
      [Ext Root Scanning (ms): Min: 3.0, Avg: 4.4, Max: 12.5, Diff: 9.6, Sum: 34.9]
      [Update RS (ms): Min: 5.8, Avg: 13.8, Max: 15.6, Diff: 9.9, Sum: 110.4]
         [Processed Buffers: Min: 51, Avg: 79.1, Max: 96, Diff: 45, Sum: 633]
      [Scan RS (ms): Min: 0.1, Avg: 0.4, Max: 0.4, Diff: 0.3, Sum: 2.8]
      [Code Root Scanning (ms): Min: 0.0, Avg: 0.0, Max: 0.0, Diff: 0.0, Sum: 0.1]
      [Object Copy (ms): Min: 7.9, Avg: 8.1, Max: 8.3, Diff: 0.4, Sum: 65.0]
      [Termination (ms): Min: 0.0, Avg: 0.0, Max: 0.0, Diff: 0.0, Sum: 0.3]
         [Termination Attempts: Min: 1, Avg: 40.0, Max: 55, Diff: 54, Sum: 320]
      [GC Worker Other (ms): Min: 0.1, Avg: 0.1, Max: 0.2, Diff: 0.1, Sum: 1.1]
      [GC Worker Total (ms): Min: 26.7, Avg: 26.8, Max: 26.9, Diff: 0.2, Sum: 214.6]
      [GC Worker End (ms): Min: 532813763.5, Avg: 532813763.6, Max: 532813763.6, Diff: 0.1]
   [Code Root Fixup: 0.0 ms]
   [Code Root Purge: 0.0 ms]
   [Clear CT: 0.5 ms]
   [Other: 9.5 ms]
      [Choose CSet: 0.0 ms]
      [Ref Proc: 2.4 ms]
      [Ref Enq: 0.1 ms]
      [Redirty Cards: 0.1 ms]
      [Humongous Register: 1.8 ms]
      [Humongous Reclaim: 0.3 ms]
      [Free CSet: 3.9 ms]
   [Eden: 3152.0M(3152.0M)->0.0B(3158.0M) Survivors: 30.0M->16.0M Heap: 5119.3M(6144.0M)->1905.9M(6144.0M)]
 [Times: user=0.20 sys=0.02, real=0.03 secs] 
2025-07-26T15:57:56.938+0800: 532830.773: [GC pause (G1 Evacuation Pause) (young), 0.0304321 secs]
   [Parallel Time: 17.7 ms, GC Workers: 8]
      [GC Worker Start (ms): Min: 532830777.6, Avg: 532830777.7, Max: 532830777.7, Diff: 0.1]
      [Ext Root Scanning (ms): Min: 3.0, Avg: 4.6, Max: 13.7, Diff: 10.7, Sum: 36.6]
      [Update RS (ms): Min: 0.0, Avg: 5.8, Max: 7.6, Diff: 7.6, Sum: 46.5]
         [Processed Buffers: Min: 0, Avg: 23.5, Max: 43, Diff: 43, Sum: 188]
      [Scan RS (ms): Min: 0.1, Avg: 0.3, Max: 0.5, Diff: 0.4, Sum: 2.6]
      [Code Root Scanning (ms): Min: 0.0, Avg: 0.0, Max: 0.0, Diff: 0.0, Sum: 0.1]
      [Object Copy (ms): Min: 3.3, Avg: 6.0, Max: 6.7, Diff: 3.5, Sum: 48.3]
      [Termination (ms): Min: 0.5, Avg: 0.7, Max: 0.9, Diff: 0.4, Sum: 5.2]
         [Termination Attempts: Min: 35, Avg: 123.1, Max: 187, Diff: 152, Sum: 985]
      [GC Worker Other (ms): Min: 0.0, Avg: 0.1, Max: 0.2, Diff: 0.2, Sum: 0.9]
      [GC Worker Total (ms): Min: 17.5, Avg: 17.5, Max: 17.6, Diff: 0.2, Sum: 140.3]
      [GC Worker End (ms): Min: 532830795.2, Avg: 532830795.2, Max: 532830795.2, Diff: 0.1]
   [Code Root Fixup: 0.0 ms]
   [Code Root Purge: 0.0 ms]
   [Clear CT: 0.7 ms]
   [Other: 12.0 ms]
      [Choose CSet: 0.0 ms]
      [Ref Proc: 2.9 ms]
      [Ref Enq: 0.1 ms]
      [Redirty Cards: 0.1 ms]
      [Humongous Register: 3.5 ms]
      [Humongous Reclaim: 0.3 ms]
      [Free CSet: 4.2 ms]
   [Eden: 3158.0M(3158.0M)->0.0B(3158.0M) Survivors: 16.0M->14.0M Heap: 5071.5M(6144.0M)->1908.6M(6144.0M)]
 [Times: user=0.08 sys=0.08, real=0.03 secs] 
2025-07-26T15:58:10.903+0800: 532844.738: [GC pause (G1 Evacuation Pause) (young), 0.0291824 secs]
   [Parallel Time: 17.5 ms, GC Workers: 8]
      [GC Worker Start (ms): Min: 532844742.1, Avg: 532844742.2, Max: 532844742.3, Diff: 0.2]
      [Ext Root Scanning (ms): Min: 3.2, Avg: 4.6, Max: 12.9, Diff: 9.7, Sum: 36.7]
      [Update RS (ms): Min: 0.0, Avg: 4.6, Max: 6.0, Diff: 6.0, Sum: 36.5]
         [Processed Buffers: Min: 0, Avg: 20.6, Max: 34, Diff: 34, Sum: 165]
      [Scan RS (ms): Min: 0.1, Avg: 0.3, Max: 0.5, Diff: 0.4, Sum: 2.4]
      [Code Root Scanning (ms): Min: 0.0, Avg: 0.0, Max: 0.0, Diff: 0.0, Sum: 0.1]
      [Object Copy (ms): Min: 3.9, Avg: 7.2, Max: 8.1, Diff: 4.1, Sum: 57.9]
      [Termination (ms): Min: 0.1, Avg: 0.3, Max: 0.6, Diff: 0.5, Sum: 2.6]
         [Termination Attempts: Min: 55, Avg: 71.9, Max: 101, Diff: 46, Sum: 575]
      [GC Worker Other (ms): Min: 0.0, Avg: 0.1, Max: 0.2, Diff: 0.2, Sum: 1.0]
      [GC Worker Total (ms): Min: 17.1, Avg: 17.1, Max: 17.3, Diff: 0.2, Sum: 137.1]
      [GC Worker End (ms): Min: 532844759.3, Avg: 532844759.3, Max: 532844759.5, Diff: 0.2]
   [Code Root Fixup: 0.0 ms]
   [Code Root Purge: 0.0 ms]
   [Clear CT: 0.5 ms]
   [Other: 11.2 ms]
      [Choose CSet: 0.0 ms]
      [Ref Proc: 2.9 ms]
      [Ref Enq: 0.1 ms]
      [Redirty Cards: 0.1 ms]
      [Humongous Register: 3.2 ms]
      [Humongous Reclaim: 0.1 ms]
      [Free CSet: 3.8 ms]
   [Eden: 3158.0M(3158.0M)->0.0B(3144.0M) Survivors: 14.0M->20.0M Heap: 5067.7M(6144.0M)->1916.3M(6144.0M)]
 [Times: user=0.05 sys=0.09, real=0.03 secs] 
2025-07-26T15:58:23.879+0800: 532857.714: [GC pause (G1 Evacuation Pause) (young), 0.0299020 secs]
   [Parallel Time: 18.8 ms, GC Workers: 8]
      [GC Worker Start (ms): Min: 532857717.7, Avg: 532857717.8, Max: 532857717.9, Diff: 0.1]
      [Ext Root Scanning (ms): Min: 2.9, Avg: 4.2, Max: 12.0, Diff: 9.1, Sum: 33.5]
      [Update RS (ms): Min: 1.3, Avg: 8.7, Max: 10.7, Diff: 9.5, Sum: 69.7]
         [Processed Buffers: Min: 21, Avg: 61.0, Max: 78, Diff: 57, Sum: 488]
      [Scan RS (ms): Min: 0.1, Avg: 0.3, Max: 0.5, Diff: 0.3, Sum: 2.6]
      [Code Root Scanning (ms): Min: 0.0, Avg: 0.0, Max: 0.0, Diff: 0.0, Sum: 0.1]
      [Object Copy (ms): Min: 3.5, Avg: 3.9, Max: 4.2, Diff: 0.7, Sum: 31.2]
      [Termination (ms): Min: 0.8, Avg: 1.3, Max: 1.8, Diff: 1.0, Sum: 10.3]
         [Termination Attempts: Min: 94, Avg: 194.8, Max: 267, Diff: 173, Sum: 1558]
      [GC Worker Other (ms): Min: 0.1, Avg: 0.1, Max: 0.1, Diff: 0.1, Sum: 0.8]
      [GC Worker Total (ms): Min: 18.5, Avg: 18.5, Max: 18.6, Diff: 0.1, Sum: 148.2]
      [GC Worker End (ms): Min: 532857736.3, Avg: 532857736.3, Max: 532857736.4, Diff: 0.1]
   [Code Root Fixup: 0.0 ms]
   [Code Root Purge: 0.0 ms]
   [Clear CT: 0.6 ms]
   [Other: 10.5 ms]
      [Choose CSet: 0.0 ms]
      [Ref Proc: 2.5 ms]
      [Ref Enq: 0.1 ms]
      [Redirty Cards: 0.1 ms]
      [Humongous Register: 3.0 ms]
      [Humongous Reclaim: 0.2 ms]
      [Free CSet: 3.7 ms]
   [Eden: 3144.0M(3144.0M)->0.0B(3156.0M) Survivors: 20.0M->14.0M Heap: 5107.5M(6144.0M)->1910.5M(6144.0M)]
 [Times: user=0.16 sys=0.00, real=0.03 secs] 
2025-07-26T15:59:31.232+0800: 532925.068: [GC pause (G1 Evacuation Pause) (young), 0.0365170 secs]
   [Parallel Time: 27.2 ms, GC Workers: 8]
      [GC Worker Start (ms): Min: 532925070.3, Avg: 532925070.3, Max: 532925070.4, Diff: 0.1]
      [Ext Root Scanning (ms): Min: 3.1, Avg: 4.4, Max: 11.4, Diff: 8.3, Sum: 34.9]
      [Update RS (ms): Min: 10.6, Avg: 17.5, Max: 19.3, Diff: 8.6, Sum: 139.7]
         [Processed Buffers: Min: 80, Avg: 113.4, Max: 130, Diff: 50, Sum: 907]
      [Scan RS (ms): Min: 0.1, Avg: 0.4, Max: 0.4, Diff: 0.3, Sum: 2.9]
      [Code Root Scanning (ms): Min: 0.0, Avg: 0.0, Max: 0.0, Diff: 0.0, Sum: 0.1]
      [Object Copy (ms): Min: 2.9, Avg: 3.7, Max: 4.1, Diff: 1.2, Sum: 29.5]
      [Termination (ms): Min: 0.4, Avg: 1.0, Max: 1.3, Diff: 0.9, Sum: 7.7]
         [Termination Attempts: Min: 56, Avg: 110.2, Max: 173, Diff: 117, Sum: 882]
      [GC Worker Other (ms): Min: 0.0, Avg: 0.1, Max: 0.2, Diff: 0.1, Sum: 0.9]
      [GC Worker Total (ms): Min: 26.9, Avg: 27.0, Max: 27.0, Diff: 0.2, Sum: 215.6]
      [GC Worker End (ms): Min: 532925097.3, Avg: 532925097.3, Max: 532925097.4, Diff: 0.1]
   [Code Root Fixup: 0.1 ms]
   [Code Root Purge: 0.0 ms]
   [Clear CT: 0.6 ms]
   [Other: 8.6 ms]
      [Choose CSet: 0.0 ms]
      [Ref Proc: 1.7 ms]
      [Ref Enq: 0.1 ms]
      [Redirty Cards: 0.1 ms]
      [Humongous Register: 1.8 ms]
      [Humongous Reclaim: 0.4 ms]
      [Free CSet: 3.7 ms]
   [Eden: 3156.0M(3156.0M)->0.0B(3184.0M) Survivors: 14.0M->12.0M Heap: 5162.4M(6144.0M)->1896.6M(6144.0M)]
 [Times: user=0.22 sys=0.01, real=0.04 secs] 
2025-07-26T16:00:06.075+0800: 532959.911: [GC pause (G1 Evacuation Pause) (young), 0.2615786 secs]
   [Parallel Time: 248.1 ms, GC Workers: 8]
      [GC Worker Start (ms): Min: 532959913.9, Avg: 532959914.0, Max: 532959914.1, Diff: 0.1]
      [Ext Root Scanning (ms): Min: 3.3, Avg: 4.7, Max: 12.4, Diff: 9.1, Sum: 37.4]
      [Update RS (ms): Min: 22.9, Avg: 30.2, Max: 32.2, Diff: 9.3, Sum: 241.8]
         [Processed Buffers: Min: 12, Avg: 34.5, Max: 60, Diff: 48, Sum: 276]
      [Scan RS (ms): Min: 0.1, Avg: 0.4, Max: 0.5, Diff: 0.4, Sum: 2.8]
      [Code Root Scanning (ms): Min: 0.0, Avg: 0.0, Max: 0.0, Diff: 0.0, Sum: 0.1]
      [Object Copy (ms): Min: 209.8, Avg: 210.5, Max: 212.3, Diff: 2.5, Sum: 1684.1]
      [Termination (ms): Min: 0.0, Avg: 1.9, Max: 2.3, Diff: 2.3, Sum: 15.4]
         [Termination Attempts: Min: 1, Avg: 2087.9, Max: 2477, Diff: 2476, Sum: 16703]
      [GC Worker Other (ms): Min: 0.1, Avg: 0.2, Max: 0.2, Diff: 0.1, Sum: 1.3]
      [GC Worker Total (ms): Min: 247.8, Avg: 247.9, Max: 248.0, Diff: 0.2, Sum: 1982.9]
      [GC Worker End (ms): Min: 532960161.8, Avg: 532960161.9, Max: 532960161.9, Diff: 0.1]
   [Code Root Fixup: 0.1 ms]
   [Code Root Purge: 0.0 ms]
   [Clear CT: 0.6 ms]
   [Other: 12.9 ms]
      [Choose CSet: 0.0 ms]
      [Ref Proc: 2.0 ms]
      [Ref Enq: 0.1 ms]
      [Redirty Cards: 0.2 ms]
      [Humongous Register: 2.5 ms]
      [Humongous Reclaim: 0.2 ms]
      [Free CSet: 6.6 ms]
   [Eden: 3184.0M(3184.0M)->0.0B(2354.0M) Survivors: 12.0M->400.0M Heap: 5090.5M(6144.0M)->2332.7M(6144.0M)]
 [Times: user=1.90 sys=0.09, real=0.27 secs] 
2025-07-26T16:00:20.932+0800: 532974.767: [GC pause (G1 Evacuation Pause) (young), 0.2683758 secs]
   [Parallel Time: 260.0 ms, GC Workers: 8]
      [GC Worker Start (ms): Min: 532974770.8, Avg: 532974770.9, Max: 532974770.9, Diff: 0.1]
      [Ext Root Scanning (ms): Min: 1.5, Avg: 2.8, Max: 4.1, Diff: 2.6, Sum: 22.7]
      [Update RS (ms): Min: 63.6, Avg: 64.3, Max: 64.9, Diff: 1.3, Sum: 514.8]
         [Processed Buffers: Min: 82, Avg: 106.8, Max: 123, Diff: 41, Sum: 854]
      [Scan RS (ms): Min: 0.1, Avg: 0.3, Max: 0.4, Diff: 0.3, Sum: 2.4]
      [Code Root Scanning (ms): Min: 0.0, Avg: 0.0, Max: 0.0, Diff: 0.0, Sum: 0.1]
      [Object Copy (ms): Min: 191.2, Avg: 191.8, Max: 193.1, Diff: 1.9, Sum: 1534.1]
      [Termination (ms): Min: 0.0, Avg: 0.4, Max: 0.5, Diff: 0.5, Sum: 3.2]
         [Termination Attempts: Min: 1, Avg: 382.9, Max: 469, Diff: 468, Sum: 3063]
      [GC Worker Other (ms): Min: 0.0, Avg: 0.1, Max: 0.2, Diff: 0.1, Sum: 0.9]
      [GC Worker Total (ms): Min: 259.7, Avg: 259.8, Max: 259.9, Diff: 0.2, Sum: 2078.2]
      [GC Worker End (ms): Min: 532975030.6, Avg: 532975030.6, Max: 532975030.7, Diff: 0.1]
   [Code Root Fixup: 0.1 ms]
   [Code Root Purge: 0.0 ms]
   [Clear CT: 0.6 ms]
   [Other: 7.8 ms]
      [Choose CSet: 0.0 ms]
      [Ref Proc: 1.1 ms]
      [Ref Enq: 0.1 ms]
      [Redirty Cards: 0.8 ms]
      [Humongous Register: 2.3 ms]
      [Humongous Reclaim: 0.2 ms]
      [Free CSet: 1.8 ms]
   [Eden: 2354.0M(2354.0M)->0.0B(2494.0M) Survivors: 400.0M->116.0M Heap: 4735.8M(6144.0M)->2407.2M(6144.0M)]
 [Times: user=1.84 sys=0.23, real=0.27 secs] 
2025-07-26T16:00:48.582+0800: 533002.417: [GC pause (G1 Evacuation Pause) (young), 0.0777930 secs]
   [Parallel Time: 66.7 ms, GC Workers: 8]
      [GC Worker Start (ms): Min: 533002421.5, Avg: 533002421.7, Max: 533002421.8, Diff: 0.2]
      [Ext Root Scanning (ms): Min: 3.2, Avg: 4.5, Max: 11.4, Diff: 8.1, Sum: 35.7]
      [Update RS (ms): Min: 25.3, Avg: 31.6, Max: 32.7, Diff: 7.3, Sum: 253.1]
         [Processed Buffers: Min: 97, Avg: 118.5, Max: 145, Diff: 48, Sum: 948]
      [Scan RS (ms): Min: 0.7, Avg: 1.0, Max: 1.1, Diff: 0.4, Sum: 8.1]
      [Code Root Scanning (ms): Min: 0.0, Avg: 0.0, Max: 0.0, Diff: 0.0, Sum: 0.0]
      [Object Copy (ms): Min: 29.0, Avg: 29.1, Max: 29.3, Diff: 0.3, Sum: 233.2]
      [Termination (ms): Min: 0.0, Avg: 0.1, Max: 0.1, Diff: 0.1, Sum: 0.4]
         [Termination Attempts: Min: 1, Avg: 1.9, Max: 3, Diff: 2, Sum: 15]
      [GC Worker Other (ms): Min: 0.1, Avg: 0.1, Max: 0.2, Diff: 0.1, Sum: 1.1]
      [GC Worker Total (ms): Min: 66.3, Avg: 66.5, Max: 66.6, Diff: 0.3, Sum: 531.6]
      [GC Worker End (ms): Min: 533002488.1, Avg: 533002488.1, Max: 533002488.2, Diff: 0.1]
   [Code Root Fixup: 0.1 ms]
   [Code Root Purge: 0.0 ms]
   [Clear CT: 0.5 ms]
   [Other: 10.5 ms]
      [Choose CSet: 0.0 ms]
      [Ref Proc: 2.2 ms]
      [Ref Enq: 0.2 ms]
      [Redirty Cards: 0.1 ms]
      [Humongous Register: 3.4 ms]
      [Humongous Reclaim: 0.1 ms]
      [Free CSet: 3.2 ms]
   [Eden: 2482.0M(2482.0M)->0.0B(2534.0M) Survivors: 116.0M->106.0M Heap: 4889.2M(6144.0M)->2397.2M(6144.0M)]
 [Times: user=0.46 sys=0.09, real=0.08 secs] 
2025-07-26T16:01:09.270+0800: 533023.105: [GC pause (G1 Humongous Allocation) (young) (initial-mark), 0.0688713 secs]
   [Parallel Time: 57.8 ms, GC Workers: 8]
      [GC Worker Start (ms): Min: 533023111.3, Avg: 533023111.4, Max: 533023111.5, Diff: 0.2]
      [Ext Root Scanning (ms): Min: 7.2, Avg: 7.5, Max: 7.9, Diff: 0.7, Sum: 60.1]
      [Update RS (ms): Min: 10.8, Avg: 11.0, Max: 11.4, Diff: 0.6, Sum: 88.1]
         [Processed Buffers: Min: 26, Avg: 44.1, Max: 62, Diff: 36, Sum: 353]
      [Scan RS (ms): Min: 0.1, Avg: 0.3, Max: 0.4, Diff: 0.3, Sum: 2.1]
      [Code Root Scanning (ms): Min: 0.0, Avg: 0.0, Max: 0.0, Diff: 0.0, Sum: 0.0]
      [Object Copy (ms): Min: 35.8, Avg: 36.4, Max: 36.6, Diff: 0.9, Sum: 291.2]
      [Termination (ms): Min: 0.0, Avg: 0.1, Max: 0.1, Diff: 0.1, Sum: 0.5]
         [Termination Attempts: Min: 1, Avg: 70.5, Max: 88, Diff: 87, Sum: 564]
      [GC Worker Other (ms): Min: 0.1, Avg: 0.1, Max: 0.2, Diff: 0.1, Sum: 1.0]
      [GC Worker Total (ms): Min: 55.3, Avg: 55.4, Max: 55.5, Diff: 0.2, Sum: 443.0]
      [GC Worker End (ms): Min: 533023166.7, Avg: 533023166.8, Max: 533023166.8, Diff: 0.1]
   [Code Root Fixup: 0.0 ms]
   [Code Root Purge: 0.0 ms]
   [Clear CT: 0.5 ms]
   [Other: 10.5 ms]
      [Choose CSet: 0.0 ms]
      [Ref Proc: 2.0 ms]
      [Ref Enq: 0.2 ms]
      [Redirty Cards: 0.1 ms]
      [Humongous Register: 0.7 ms]
      [Humongous Reclaim: 0.3 ms]
      [Free CSet: 3.5 ms]
   [Eden: 2314.0M(2534.0M)->0.0B(2514.0M) Survivors: 106.0M->124.0M Heap: 4732.7M(6144.0M)->2432.2M(6144.0M)]
 [Times: user=0.39 sys=0.06, real=0.07 secs] 
2025-07-26T16:01:09.339+0800: 533023.175: [GC concurrent-root-region-scan-start]
2025-07-26T16:01:09.380+0800: 533023.215: [GC concurrent-root-region-scan-end, 0.0409037 secs]
2025-07-26T16:01:09.380+0800: 533023.215: [GC concurrent-mark-start]
2025-07-26T16:01:10.101+0800: 533023.937: [GC concurrent-mark-end, 0.7212264 secs]
2025-07-26T16:01:10.105+0800: 533023.940: [GC remark 2025-07-26T16:01:10.105+0800: 533023.940: [Finalize Marking, 0.0005792 secs] 2025-07-26T16:01:10.105+0800: 533023.941: [GC ref-proc, 0.0078802 secs] 2025-07-26T16:01:10.113+0800: 533023.949: [Unloading, 0.0575456 secs], 0.0685717 secs]
 [Times: user=0.23 sys=0.18, real=0.07 secs] 
2025-07-26T16:01:10.177+0800: 533024.012: [GC cleanup 2905M->2640M(6144M), 0.0037429 secs]
 [Times: user=0.02 sys=0.01, real=0.00 secs] 
2025-07-26T16:01:10.181+0800: 533024.017: [GC concurrent-cleanup-start]
2025-07-26T16:01:10.181+0800: 533024.017: [GC concurrent-cleanup-end, 0.0005208 secs]
2025-07-26T16:01:27.436+0800: 533041.272: [GC pause (G1 Evacuation Pause) (young), 0.0612281 secs]
   [Parallel Time: 49.6 ms, GC Workers: 8]
      [GC Worker Start (ms): Min: 533041277.1, Avg: 533041277.1, Max: 533041277.2, Diff: 0.1]
      [Ext Root Scanning (ms): Min: 3.7, Avg: 5.0, Max: 13.0, Diff: 9.3, Sum: 40.4]
      [Update RS (ms): Min: 7.2, Avg: 14.4, Max: 15.6, Diff: 8.4, Sum: 115.2]
         [Processed Buffers: Min: 39, Avg: 66.2, Max: 86, Diff: 47, Sum: 530]
      [Scan RS (ms): Min: 0.1, Avg: 0.3, Max: 0.4, Diff: 0.3, Sum: 2.0]
      [Code Root Scanning (ms): Min: 0.0, Avg: 0.0, Max: 0.0, Diff: 0.0, Sum: 0.0]
      [Object Copy (ms): Min: 29.1, Avg: 29.6, Max: 29.8, Diff: 0.7, Sum: 237.2]
      [Termination (ms): Min: 0.0, Avg: 0.0, Max: 0.0, Diff: 0.0, Sum: 0.0]
         [Termination Attempts: Min: 1, Avg: 1.0, Max: 1, Diff: 0, Sum: 8]
      [GC Worker Other (ms): Min: 0.0, Avg: 0.1, Max: 0.1, Diff: 0.1, Sum: 0.7]
      [GC Worker Total (ms): Min: 49.4, Avg: 49.4, Max: 49.5, Diff: 0.2, Sum: 395.4]
      [GC Worker End (ms): Min: 533041326.5, Avg: 533041326.6, Max: 533041326.6, Diff: 0.1]
   [Code Root Fixup: 0.0 ms]
   [Code Root Purge: 0.0 ms]
   [Clear CT: 0.4 ms]
   [Other: 11.2 ms]
      [Choose CSet: 0.0 ms]
      [Ref Proc: 1.8 ms]
      [Ref Enq: 0.2 ms]
      [Redirty Cards: 0.1 ms]
      [Humongous Register: 4.1 ms]
      [Humongous Reclaim: 0.3 ms]
      [Free CSet: 3.3 ms]
   [Eden: 2514.0M(2514.0M)->0.0B(196.0M) Survivors: 124.0M->110.0M Heap: 4727.0M(6144.0M)->2149.1M(6144.0M)]
 [Times: user=0.28 sys=0.14, real=0.07 secs] 
2025-07-26T16:01:29.760+0800: 533043.595: [GC pause (G1 Evacuation Pause) (mixed), 0.0495898 secs]
   [Parallel Time: 43.4 ms, GC Workers: 8]
      [GC Worker Start (ms): Min: 533043597.0, Avg: 533043597.0, Max: 533043597.1, Diff: 0.1]
      [Ext Root Scanning (ms): Min: 2.3, Avg: 2.5, Max: 3.3, Diff: 1.1, Sum: 20.2]
      [Update RS (ms): Min: 1.2, Avg: 2.0, Max: 2.3, Diff: 1.1, Sum: 15.6]
         [Processed Buffers: Min: 2, Avg: 16.1, Max: 41, Diff: 39, Sum: 129]
      [Scan RS (ms): Min: 2.9, Avg: 3.1, Max: 3.2, Diff: 0.2, Sum: 25.0]
      [Code Root Scanning (ms): Min: 0.0, Avg: 0.0, Max: 0.0, Diff: 0.0, Sum: 0.0]
      [Object Copy (ms): Min: 35.4, Avg: 35.6, Max: 35.7, Diff: 0.3, Sum: 284.7]
      [Termination (ms): Min: 0.0, Avg: 0.0, Max: 0.0, Diff: 0.0, Sum: 0.0]
         [Termination Attempts: Min: 1, Avg: 1.1, Max: 2, Diff: 1, Sum: 9]
      [GC Worker Other (ms): Min: 0.0, Avg: 0.0, Max: 0.1, Diff: 0.0, Sum: 0.3]
      [GC Worker Total (ms): Min: 43.2, Avg: 43.2, Max: 43.3, Diff: 0.1, Sum: 345.9]
      [GC Worker End (ms): Min: 533043640.2, Avg: 533043640.3, Max: 533043640.3, Diff: 0.0]
   [Code Root Fixup: 0.0 ms]
   [Code Root Purge: 0.0 ms]
   [Clear CT: 0.3 ms]
   [Other: 5.8 ms]
      [Choose CSet: 1.0 ms]
      [Ref Proc: 0.6 ms]
      [Ref Enq: 0.0 ms]
      [Redirty Cards: 0.4 ms]
      [Humongous Register: 0.5 ms]
      [Humongous Reclaim: 0.1 ms]
      [Free CSet: 2.5 ms]
   [Eden: 196.0M(196.0M)->0.0B(274.0M) Survivors: 110.0M->32.0M Heap: 2345.1M(6144.0M)->1567.1M(6144.0M)]
 [Times: user=0.36 sys=0.00, real=0.05 secs] 
2025-07-26T16:01:32.519+0800: 533046.354: [GC pause (G1 Evacuation Pause) (mixed), 0.0455984 secs]
   [Parallel Time: 41.4 ms, GC Workers: 8]
      [GC Worker Start (ms): Min: 533046355.4, Avg: 533046355.5, Max: 533046355.5, Diff: 0.1]
      [Ext Root Scanning (ms): Min: 2.2, Avg: 2.5, Max: 3.2, Diff: 1.1, Sum: 19.9]
      [Update RS (ms): Min: 21.9, Avg: 22.3, Max: 22.6, Diff: 0.7, Sum: 178.8]
         [Processed Buffers: Min: 80, Avg: 95.9, Max: 106, Diff: 26, Sum: 767]
      [Scan RS (ms): Min: 3.0, Avg: 3.3, Max: 3.4, Diff: 0.4, Sum: 26.4]
      [Code Root Scanning (ms): Min: 0.0, Avg: 0.0, Max: 0.0, Diff: 0.0, Sum: 0.0]
      [Object Copy (ms): Min: 12.9, Avg: 13.0, Max: 13.1, Diff: 0.2, Sum: 104.3]
      [Termination (ms): Min: 0.0, Avg: 0.0, Max: 0.0, Diff: 0.0, Sum: 0.2]
         [Termination Attempts: Min: 1, Avg: 1.8, Max: 3, Diff: 2, Sum: 14]
      [GC Worker Other (ms): Min: 0.0, Avg: 0.0, Max: 0.0, Diff: 0.0, Sum: 0.3]
      [GC Worker Total (ms): Min: 41.2, Avg: 41.2, Max: 41.3, Diff: 0.1, Sum: 329.8]
      [GC Worker End (ms): Min: 533046396.7, Avg: 533046396.7, Max: 533046396.7, Diff: 0.0]
   [Code Root Fixup: 0.1 ms]
   [Code Root Purge: 0.0 ms]
   [Clear CT: 0.5 ms]
   [Other: 3.7 ms]
      [Choose CSet: 0.6 ms]
      [Ref Proc: 0.5 ms]
      [Ref Enq: 0.0 ms]
      [Redirty Cards: 0.2 ms]
      [Humongous Register: 0.3 ms]
      [Humongous Reclaim: 0.1 ms]
      [Free CSet: 1.0 ms]
   [Eden: 274.0M(274.0M)->0.0B(3542.0M) Survivors: 32.0M->24.0M Heap: 1841.1M(6144.0M)->1418.1M(6144.0M)]
 [Times: user=0.33 sys=0.00, real=0.04 secs] 
2025-07-26T16:02:00.309+0800: 533074.145: [GC pause (GCLocker Initiated GC) (young), 0.0607767 secs]
   [Parallel Time: 45.0 ms, GC Workers: 8]
      [GC Worker Start (ms): Min: 533074149.3, Avg: 533074150.2, Max: 533074153.1, Diff: 3.7]
      [Ext Root Scanning (ms): Min: 3.9, Avg: 7.6, Max: 15.6, Diff: 11.6, Sum: 60.6]
      [Update RS (ms): Min: 19.5, Avg: 26.4, Max: 27.8, Diff: 8.3, Sum: 211.0]
         [Processed Buffers: Min: 86, Avg: 93.4, Max: 101, Diff: 15, Sum: 747]
      [Scan RS (ms): Min: 0.5, Avg: 0.7, Max: 0.9, Diff: 0.4, Sum: 5.8]
      [Code Root Scanning (ms): Min: 0.0, Avg: 0.0, Max: 0.0, Diff: 0.0, Sum: 0.1]
      [Object Copy (ms): Min: 8.6, Avg: 9.0, Max: 9.4, Diff: 0.8, Sum: 72.0]
      [Termination (ms): Min: 0.0, Avg: 0.0, Max: 0.0, Diff: 0.0, Sum: 0.2]
         [Termination Attempts: Min: 1, Avg: 17.0, Max: 26, Diff: 25, Sum: 136]
      [GC Worker Other (ms): Min: 0.2, Avg: 0.3, Max: 0.6, Diff: 0.4, Sum: 2.5]
      [GC Worker Total (ms): Min: 41.1, Avg: 44.0, Max: 44.9, Diff: 3.7, Sum: 352.0]
      [GC Worker End (ms): Min: 533074194.2, Avg: 533074194.2, Max: 533074194.3, Diff: 0.1]
   [Code Root Fixup: 0.1 ms]
   [Code Root Purge: 0.0 ms]
   [Clear CT: 1.1 ms]
   [Other: 14.6 ms]
      [Choose CSet: 0.0 ms]
      [Ref Proc: 3.6 ms]
      [Ref Enq: 0.2 ms]
      [Redirty Cards: 0.2 ms]
      [Humongous Register: 3.0 ms]
      [Humongous Reclaim: 0.2 ms]
      [Free CSet: 5.3 ms]
   [Eden: 3544.0M(3542.0M)->0.0B(3544.0M) Survivors: 24.0M->30.0M Heap: 5012.2M(6144.0M)->1431.1M(6144.0M)]
 [Times: user=0.27 sys=0.09, real=0.06 secs] 
2025-07-26T16:02:40.598+0800: 533114.433: [GC pause (G1 Evacuation Pause) (young), 0.0379316 secs]
   [Parallel Time: 26.1 ms, GC Workers: 8]
      [GC Worker Start (ms): Min: 533114436.1, Avg: 533114436.2, Max: 533114436.3, Diff: 0.2]
      [Ext Root Scanning (ms): Min: 3.5, Avg: 5.1, Max: 12.5, Diff: 9.0, Sum: 40.9]
      [Update RS (ms): Min: 3.6, Avg: 10.7, Max: 12.5, Diff: 8.9, Sum: 85.3]
         [Processed Buffers: Min: 43, Avg: 73.0, Max: 86, Diff: 43, Sum: 584]
      [Scan RS (ms): Min: 0.1, Avg: 0.4, Max: 0.5, Diff: 0.4, Sum: 3.3]
      [Code Root Scanning (ms): Min: 0.0, Avg: 0.0, Max: 0.0, Diff: 0.0, Sum: 0.1]
      [Object Copy (ms): Min: 7.0, Avg: 7.4, Max: 7.8, Diff: 0.9, Sum: 59.0]
      [Termination (ms): Min: 1.6, Avg: 2.1, Max: 2.5, Diff: 0.9, Sum: 16.5]
         [Termination Attempts: Min: 191, Avg: 249.8, Max: 392, Diff: 201, Sum: 1998]
      [GC Worker Other (ms): Min: 0.0, Avg: 0.1, Max: 0.2, Diff: 0.1, Sum: 0.9]
      [GC Worker Total (ms): Min: 25.6, Avg: 25.8, Max: 25.9, Diff: 0.3, Sum: 206.0]
      [GC Worker End (ms): Min: 533114461.8, Avg: 533114461.9, Max: 533114462.0, Diff: 0.2]
   [Code Root Fixup: 0.0 ms]
   [Code Root Purge: 0.0 ms]
   [Clear CT: 0.7 ms]
   [Other: 11.1 ms]
      [Choose CSet: 0.0 ms]
      [Ref Proc: 3.3 ms]
      [Ref Enq: 0.1 ms]
      [Redirty Cards: 0.1 ms]
      [Humongous Register: 1.9 ms]
      [Humongous Reclaim: 0.3 ms]
      [Free CSet: 4.3 ms]
   [Eden: 3544.0M(3544.0M)->0.0B(3588.0M) Survivors: 30.0M->22.0M Heap: 5033.2M(6144.0M)->1414.1M(6144.0M)]
 [Times: user=0.14 sys=0.08, real=0.03 secs] 
2025-07-26T16:04:12.786+0800: 533206.622: [GC pause (GCLocker Initiated GC) (young), 0.0388158 secs]
   [Parallel Time: 26.3 ms, GC Workers: 8]
      [GC Worker Start (ms): Min: 533206623.9, Avg: 533206624.0, Max: 533206624.1, Diff: 0.2]
      [Ext Root Scanning (ms): Min: 3.0, Avg: 4.2, Max: 10.5, Diff: 7.5, Sum: 33.2]
      [Update RS (ms): Min: 8.1, Avg: 14.2, Max: 15.6, Diff: 7.5, Sum: 113.6]
         [Processed Buffers: Min: 76, Avg: 98.9, Max: 116, Diff: 40, Sum: 791]
      [Scan RS (ms): Min: 0.2, Avg: 0.6, Max: 0.8, Diff: 0.6, Sum: 4.7]
      [Code Root Scanning (ms): Min: 0.0, Avg: 0.0, Max: 0.0, Diff: 0.0, Sum: 0.1]
      [Object Copy (ms): Min: 6.9, Avg: 7.0, Max: 7.2, Diff: 0.3, Sum: 56.3]
      [Termination (ms): Min: 0.0, Avg: 0.0, Max: 0.1, Diff: 0.1, Sum: 0.4]
         [Termination Attempts: Min: 1, Avg: 1.4, Max: 3, Diff: 2, Sum: 11]
      [GC Worker Other (ms): Min: 0.0, Avg: 0.1, Max: 0.1, Diff: 0.1, Sum: 0.8]
      [GC Worker Total (ms): Min: 26.1, Avg: 26.1, Max: 26.2, Diff: 0.1, Sum: 209.1]
      [GC Worker End (ms): Min: 533206650.1, Avg: 533206650.1, Max: 533206650.2, Diff: 0.1]
   [Code Root Fixup: 0.0 ms]
   [Code Root Purge: 0.0 ms]
   [Clear CT: 0.7 ms]
   [Other: 11.8 ms]
      [Choose CSet: 0.0 ms]
      [Ref Proc: 2.3 ms]
      [Ref Enq: 0.1 ms]
      [Redirty Cards: 0.1 ms]
      [Humongous Register: 1.4 ms]
      [Humongous Reclaim: 0.5 ms]
      [Free CSet: 6.4 ms]
   [Eden: 3588.0M(3588.0M)->0.0B(3596.0M) Survivors: 22.0M->24.0M Heap: 5128.1M(6144.0M)->1419.1M(6144.0M)]
 [Times: user=0.22 sys=0.00, real=0.04 secs] 
2025-07-26T16:05:38.845+0800: 533292.681: [GC pause (G1 Evacuation Pause) (young), 0.0410087 secs]
   [Parallel Time: 30.8 ms, GC Workers: 8]
      [GC Worker Start (ms): Min: 533292682.4, Avg: 533292682.5, Max: 533292682.6, Diff: 0.2]
      [Ext Root Scanning (ms): Min: 2.6, Avg: 3.7, Max: 10.4, Diff: 7.8, Sum: 29.8]
      [Update RS (ms): Min: 13.8, Avg: 20.3, Max: 21.8, Diff: 8.0, Sum: 162.3]
         [Processed Buffers: Min: 112, Avg: 134.0, Max: 142, Diff: 30, Sum: 1072]
      [Scan RS (ms): Min: 0.1, Avg: 0.7, Max: 0.9, Diff: 0.7, Sum: 5.3]
      [Code Root Scanning (ms): Min: 0.0, Avg: 0.0, Max: 0.0, Diff: 0.0, Sum: 0.1]
      [Object Copy (ms): Min: 5.0, Avg: 5.1, Max: 5.6, Diff: 0.7, Sum: 41.2]
      [Termination (ms): Min: 0.0, Avg: 0.6, Max: 0.7, Diff: 0.7, Sum: 4.7]
         [Termination Attempts: Min: 1, Avg: 2.6, Max: 4, Diff: 3, Sum: 21]
      [GC Worker Other (ms): Min: 0.0, Avg: 0.1, Max: 0.1, Diff: 0.1, Sum: 0.7]
      [GC Worker Total (ms): Min: 30.3, Avg: 30.5, Max: 30.6, Diff: 0.3, Sum: 244.0]
      [GC Worker End (ms): Min: 533292712.9, Avg: 533292713.0, Max: 533292713.1, Diff: 0.2]
   [Code Root Fixup: 0.0 ms]
   [Code Root Purge: 0.0 ms]
   [Clear CT: 0.6 ms]
   [Other: 9.5 ms]
      [Choose CSet: 0.0 ms]
      [Ref Proc: 2.5 ms]
      [Ref Enq: 0.1 ms]
      [Redirty Cards: 0.1 ms]
      [Humongous Register: 1.3 ms]
      [Humongous Reclaim: 0.5 ms]
      [Free CSet: 4.2 ms]
   [Eden: 3596.0M(3596.0M)->0.0B(3624.0M) Survivors: 24.0M->22.0M Heap: 5181.2M(6144.0M)->1411.1M(6144.0M)]
 [Times: user=0.24 sys=0.02, real=0.04 secs] 
2025-07-26T16:06:53.224+0800: 533367.060: [GC pause (G1 Evacuation Pause) (young), 0.0430179 secs]
   [Parallel Time: 30.4 ms, GC Workers: 8]
      [GC Worker Start (ms): Min: 533367063.2, Avg: 533367063.4, Max: 533367063.5, Diff: 0.3]
      [Ext Root Scanning (ms): Min: 3.0, Avg: 4.3, Max: 11.6, Diff: 8.6, Sum: 34.7]
      [Update RS (ms): Min: 8.4, Avg: 15.4, Max: 17.1, Diff: 8.7, Sum: 122.8]
         [Processed Buffers: Min: 62, Avg: 99.4, Max: 129, Diff: 67, Sum: 795]
      [Scan RS (ms): Min: 0.1, Avg: 0.4, Max: 0.5, Diff: 0.4, Sum: 3.2]
      [Code Root Scanning (ms): Min: 0.0, Avg: 0.0, Max: 0.0, Diff: 0.0, Sum: 0.1]
      [Object Copy (ms): Min: 8.9, Avg: 9.3, Max: 9.7, Diff: 0.8, Sum: 74.1]
      [Termination (ms): Min: 0.0, Avg: 0.6, Max: 0.7, Diff: 0.7, Sum: 5.0]
         [Termination Attempts: Min: 1, Avg: 8.2, Max: 14, Diff: 13, Sum: 66]
      [GC Worker Other (ms): Min: 0.0, Avg: 0.1, Max: 0.2, Diff: 0.2, Sum: 1.0]
      [GC Worker Total (ms): Min: 30.0, Avg: 30.1, Max: 30.2, Diff: 0.3, Sum: 240.9]
      [GC Worker End (ms): Min: 533367093.4, Avg: 533367093.5, Max: 533367093.5, Diff: 0.2]
   [Code Root Fixup: 0.0 ms]
   [Code Root Purge: 0.0 ms]
   [Clear CT: 0.7 ms]
   [Other: 11.9 ms]
      [Choose CSet: 0.0 ms]
      [Ref Proc: 2.7 ms]
      [Ref Enq: 0.2 ms]
      [Redirty Cards: 0.1 ms]
      [Humongous Register: 3.0 ms]
      [Humongous Reclaim: 0.4 ms]
      [Free CSet: 4.4 ms]
   [Eden: 3624.0M(3624.0M)->0.0B(3626.0M) Survivors: 22.0M->28.0M Heap: 5129.2M(6144.0M)->1417.1M(6144.0M)]
 [Times: user=0.20 sys=0.06, real=0.05 secs] 
2025-07-26T16:08:21.646+0800: 533455.482: [GC pause (G1 Evacuation Pause) (young), 0.0492511 secs]
   [Parallel Time: 37.0 ms, GC Workers: 8]
      [GC Worker Start (ms): Min: 533455485.3, Avg: 533455485.4, Max: 533455485.5, Diff: 0.2]
      [Ext Root Scanning (ms): Min: 2.8, Avg: 4.2, Max: 11.5, Diff: 8.6, Sum: 33.7]
      [Update RS (ms): Min: 15.4, Avg: 22.4, Max: 23.9, Diff: 8.5, Sum: 178.9]
         [Processed Buffers: Min: 105, Avg: 137.4, Max: 163, Diff: 58, Sum: 1099]
      [Scan RS (ms): Min: 0.1, Avg: 0.4, Max: 0.5, Diff: 0.4, Sum: 3.1]
      [Code Root Scanning (ms): Min: 0.0, Avg: 0.0, Max: 0.0, Diff: 0.0, Sum: 0.1]
      [Object Copy (ms): Min: 8.6, Avg: 8.9, Max: 9.6, Diff: 1.0, Sum: 71.1]
      [Termination (ms): Min: 0.0, Avg: 0.8, Max: 1.0, Diff: 1.0, Sum: 6.7]
         [Termination Attempts: Min: 1, Avg: 1.6, Max: 3, Diff: 2, Sum: 13]
      [GC Worker Other (ms): Min: 0.0, Avg: 0.1, Max: 0.2, Diff: 0.2, Sum: 0.9]
      [GC Worker Total (ms): Min: 36.7, Avg: 36.8, Max: 36.9, Diff: 0.2, Sum: 294.5]
      [GC Worker End (ms): Min: 533455522.2, Avg: 533455522.2, Max: 533455522.3, Diff: 0.1]
   [Code Root Fixup: 0.0 ms]
   [Code Root Purge: 0.0 ms]
   [Clear CT: 0.7 ms]
   [Other: 11.5 ms]
      [Choose CSet: 0.0 ms]
      [Ref Proc: 2.5 ms]
      [Ref Enq: 0.1 ms]
      [Redirty Cards: 0.1 ms]
      [Humongous Register: 2.7 ms]
      [Humongous Reclaim: 0.5 ms]
      [Free CSet: 4.3 ms]
   [Eden: 3626.0M(3626.0M)->0.0B(3618.0M) Survivors: 28.0M->30.0M Heap: 5170.2M(6144.0M)->1425.1M(6144.0M)]
 [Times: user=0.30 sys=0.00, real=0.05 secs] 
2025-07-26T16:10:56.640+0800: 533610.475: [GC pause (G1 Evacuation Pause) (young), 0.0481555 secs]
   [Parallel Time: 33.8 ms, GC Workers: 8]
      [GC Worker Start (ms): Min: 533610478.3, Avg: 533610478.4, Max: 533610478.5, Diff: 0.2]
      [Ext Root Scanning (ms): Min: 2.8, Avg: 4.1, Max: 11.4, Diff: 8.5, Sum: 32.7]
      [Update RS (ms): Min: 9.5, Avg: 16.7, Max: 18.4, Diff: 8.9, Sum: 133.3]
         [Processed Buffers: Min: 67, Avg: 101.1, Max: 124, Diff: 57, Sum: 809]
      [Scan RS (ms): Min: 0.1, Avg: 0.4, Max: 0.6, Diff: 0.4, Sum: 3.1]
      [Code Root Scanning (ms): Min: 0.0, Avg: 0.0, Max: 0.0, Diff: 0.0, Sum: 0.1]
      [Object Copy (ms): Min: 8.1, Avg: 8.9, Max: 9.4, Diff: 1.3, Sum: 70.9]
      [Termination (ms): Min: 2.7, Avg: 3.4, Max: 4.1, Diff: 1.4, Sum: 27.3]
         [Termination Attempts: Min: 328, Avg: 406.8, Max: 552, Diff: 224, Sum: 3254]
      [GC Worker Other (ms): Min: 0.0, Avg: 0.1, Max: 0.2, Diff: 0.2, Sum: 0.9]
      [GC Worker Total (ms): Min: 33.4, Avg: 33.5, Max: 33.7, Diff: 0.3, Sum: 268.4]
      [GC Worker End (ms): Min: 533610511.9, Avg: 533610511.9, Max: 533610512.0, Diff: 0.1]
   [Code Root Fixup: 0.0 ms]
   [Code Root Purge: 0.0 ms]
   [Clear CT: 0.7 ms]
   [Other: 13.6 ms]
      [Choose CSet: 0.0 ms]
      [Ref Proc: 3.7 ms]
      [Ref Enq: 0.2 ms]
      [Redirty Cards: 0.1 ms]
      [Humongous Register: 2.0 ms]
      [Humongous Reclaim: 0.5 ms]
      [Free CSet: 5.7 ms]
   [Eden: 3618.0M(3618.0M)->0.0B(3606.0M) Survivors: 30.0M->26.0M Heap: 5137.2M(6144.0M)->1433.1M(6144.0M)]
 [Times: user=0.23 sys=0.06, real=0.05 secs] 
2025-07-26T16:12:05.594+0800: 533679.430: [GC pause (G1 Evacuation Pause) (young), 0.0380920 secs]
   [Parallel Time: 23.9 ms, GC Workers: 8]
      [GC Worker Start (ms): Min: 533679433.5, Avg: 533679433.7, Max: 533679433.7, Diff: 0.2]
      [Ext Root Scanning (ms): Min: 3.2, Avg: 4.5, Max: 12.6, Diff: 9.5, Sum: 36.1]
      [Update RS (ms): Min: 0.0, Avg: 5.9, Max: 7.4, Diff: 7.4, Sum: 47.4]
         [Processed Buffers: Min: 0, Avg: 31.1, Max: 45, Diff: 45, Sum: 249]
      [Scan RS (ms): Min: 0.1, Avg: 0.4, Max: 0.6, Diff: 0.5, Sum: 3.3]
      [Code Root Scanning (ms): Min: 0.0, Avg: 0.0, Max: 0.0, Diff: 0.0, Sum: 0.1]
      [Object Copy (ms): Min: 8.6, Avg: 9.5, Max: 10.1, Diff: 1.5, Sum: 76.2]
      [Termination (ms): Min: 2.3, Avg: 3.1, Max: 3.6, Diff: 1.4, Sum: 24.8]
         [Termination Attempts: Min: 317, Avg: 428.4, Max: 493, Diff: 176, Sum: 3427]
      [GC Worker Other (ms): Min: 0.1, Avg: 0.1, Max: 0.2, Diff: 0.1, Sum: 1.0]
      [GC Worker Total (ms): Min: 23.5, Avg: 23.6, Max: 23.7, Diff: 0.2, Sum: 188.9]
      [GC Worker End (ms): Min: 533679457.2, Avg: 533679457.3, Max: 533679457.4, Diff: 0.2]
   [Code Root Fixup: 0.0 ms]
   [Code Root Purge: 0.0 ms]
   [Clear CT: 0.6 ms]
   [Other: 13.5 ms]
      [Choose CSet: 0.0 ms]
      [Ref Proc: 3.8 ms]
      [Ref Enq: 0.1 ms]
      [Redirty Cards: 0.1 ms]
      [Humongous Register: 2.9 ms]
      [Humongous Reclaim: 0.2 ms]
      [Free CSet: 5.1 ms]
   [Eden: 3606.0M(3606.0M)->0.0B(3614.0M) Survivors: 26.0M->26.0M Heap: 5057.1M(6144.0M)->1432.1M(6144.0M)]
 [Times: user=0.17 sys=0.02, real=0.04 secs] 
2025-07-26T16:14:28.915+0800: 533822.751: [GC pause (G1 Evacuation Pause) (young), 0.0349642 secs]
   [Parallel Time: 21.3 ms, GC Workers: 8]
      [GC Worker Start (ms): Min: 533822754.4, Avg: 533822754.5, Max: 533822754.6, Diff: 0.2]
      [Ext Root Scanning (ms): Min: 3.1, Avg: 4.4, Max: 11.7, Diff: 8.6, Sum: 35.2]
      [Update RS (ms): Min: 0.2, Avg: 7.4, Max: 9.4, Diff: 9.2, Sum: 59.2]
         [Processed Buffers: Min: 19, Avg: 48.9, Max: 68, Diff: 49, Sum: 391]
      [Scan RS (ms): Min: 0.1, Avg: 0.4, Max: 0.5, Diff: 0.4, Sum: 3.3]
      [Code Root Scanning (ms): Min: 0.0, Avg: 0.0, Max: 0.0, Diff: 0.0, Sum: 0.1]
      [Object Copy (ms): Min: 8.3, Avg: 8.7, Max: 8.9, Diff: 0.7, Sum: 69.8]
      [Termination (ms): Min: 0.0, Avg: 0.0, Max: 0.0, Diff: 0.0, Sum: 0.3]
         [Termination Attempts: Min: 1, Avg: 37.2, Max: 49, Diff: 48, Sum: 298]
      [GC Worker Other (ms): Min: 0.1, Avg: 0.2, Max: 0.2, Diff: 0.2, Sum: 1.2]
      [GC Worker Total (ms): Min: 21.0, Avg: 21.1, Max: 21.2, Diff: 0.2, Sum: 169.0]
      [GC Worker End (ms): Min: 533822775.5, Avg: 533822775.6, Max: 533822775.6, Diff: 0.1]
   [Code Root Fixup: 0.0 ms]
   [Code Root Purge: 0.0 ms]
   [Clear CT: 0.8 ms]
   [Other: 12.8 ms]
      [Choose CSet: 0.0 ms]
      [Ref Proc: 3.4 ms]
      [Ref Enq: 0.1 ms]
      [Redirty Cards: 0.1 ms]
      [Humongous Register: 3.0 ms]
      [Humongous Reclaim: 0.3 ms]
      [Free CSet: 4.8 ms]
   [Eden: 3614.0M(3614.0M)->0.0B(3606.0M) Survivors: 26.0M->26.0M Heap: 5088.1M(6144.0M)->1438.1M(6144.0M)]
 [Times: user=0.17 sys=0.02, real=0.04 secs] 
2025-07-26T16:16:53.851+0800: 533967.686: [GC pause (G1 Evacuation Pause) (young), 0.0371677 secs]
   [Parallel Time: 25.5 ms, GC Workers: 8]
      [GC Worker Start (ms): Min: 533967688.8, Avg: 533967688.8, Max: 533967688.9, Diff: 0.2]
      [Ext Root Scanning (ms): Min: 3.1, Avg: 4.4, Max: 11.5, Diff: 8.3, Sum: 34.9]
      [Update RS (ms): Min: 2.0, Avg: 9.0, Max: 10.7, Diff: 8.6, Sum: 71.8]
         [Processed Buffers: Min: 19, Avg: 56.9, Max: 76, Diff: 57, Sum: 455]
      [Scan RS (ms): Min: 0.1, Avg: 0.4, Max: 0.5, Diff: 0.4, Sum: 3.3]
      [Code Root Scanning (ms): Min: 0.0, Avg: 0.0, Max: 0.0, Diff: 0.0, Sum: 0.1]
      [Object Copy (ms): Min: 9.0, Avg: 9.2, Max: 9.5, Diff: 0.5, Sum: 74.0]
      [Termination (ms): Min: 1.6, Avg: 2.1, Max: 2.4, Diff: 0.8, Sum: 17.1]
         [Termination Attempts: Min: 135, Avg: 214.8, Max: 288, Diff: 153, Sum: 1718]
      [GC Worker Other (ms): Min: 0.0, Avg: 0.1, Max: 0.2, Diff: 0.1, Sum: 1.0]
      [GC Worker Total (ms): Min: 25.2, Avg: 25.3, Max: 25.4, Diff: 0.2, Sum: 202.1]
      [GC Worker End (ms): Min: 533967714.1, Avg: 533967714.1, Max: 533967714.2, Diff: 0.1]
   [Code Root Fixup: 0.0 ms]
   [Code Root Purge: 0.0 ms]
   [Clear CT: 0.7 ms]
   [Other: 10.9 ms]
      [Choose CSet: 0.0 ms]
      [Ref Proc: 3.3 ms]
      [Ref Enq: 0.1 ms]
      [Redirty Cards: 0.2 ms]
      [Humongous Register: 1.6 ms]
      [Humongous Reclaim: 0.3 ms]
      [Free CSet: 4.2 ms]
   [Eden: 3606.0M(3606.0M)->0.0B(3582.0M) Survivors: 26.0M->26.0M Heap: 5098.1M(6144.0M)->1450.1M(6144.0M)]
 [Times: user=0.18 sys=0.04, real=0.04 secs] 
2025-07-26T16:17:58.393+0800: 534032.228: [GC pause (G1 Evacuation Pause) (young), 0.0311236 secs]
   [Parallel Time: 18.8 ms, GC Workers: 8]
      [GC Worker Start (ms): Min: 534032231.2, Avg: 534032231.2, Max: 534032231.3, Diff: 0.2]
      [Ext Root Scanning (ms): Min: 3.4, Avg: 5.0, Max: 14.9, Diff: 11.5, Sum: 40.2]
      [Update RS (ms): Min: 0.0, Avg: 4.1, Max: 5.5, Diff: 5.5, Sum: 33.1]
         [Processed Buffers: Min: 0, Avg: 22.5, Max: 36, Diff: 36, Sum: 180]
      [Scan RS (ms): Min: 0.1, Avg: 0.4, Max: 0.7, Diff: 0.5, Sum: 3.3]
      [Code Root Scanning (ms): Min: 0.0, Avg: 0.0, Max: 0.0, Diff: 0.0, Sum: 0.1]
      [Object Copy (ms): Min: 3.2, Avg: 8.6, Max: 9.7, Diff: 6.5, Sum: 68.9]
      [Termination (ms): Min: 0.0, Avg: 0.2, Max: 0.3, Diff: 0.3, Sum: 1.6]
         [Termination Attempts: Min: 1, Avg: 1.4, Max: 3, Diff: 2, Sum: 11]
      [GC Worker Other (ms): Min: 0.1, Avg: 0.1, Max: 0.2, Diff: 0.1, Sum: 1.0]
      [GC Worker Total (ms): Min: 18.4, Avg: 18.5, Max: 18.6, Diff: 0.2, Sum: 148.1]
      [GC Worker End (ms): Min: 534032249.7, Avg: 534032249.8, Max: 534032249.8, Diff: 0.2]
   [Code Root Fixup: 0.0 ms]
   [Code Root Purge: 0.0 ms]
   [Clear CT: 0.7 ms]
   [Other: 11.6 ms]
      [Choose CSet: 0.0 ms]
      [Ref Proc: 3.6 ms]
      [Ref Enq: 0.1 ms]
      [Redirty Cards: 0.1 ms]
      [Humongous Register: 2.3 ms]
      [Humongous Reclaim: 0.1 ms]
      [Free CSet: 4.5 ms]
   [Eden: 3582.0M(3582.0M)->0.0B(3578.0M) Survivors: 26.0M->28.0M Heap: 5038.1M(6144.0M)->1452.1M(6144.0M)]
 [Times: user=0.05 sys=0.10, real=0.03 secs] 
2025-07-26T16:18:54.970+0800: 534088.805: [GC pause (G1 Evacuation Pause) (young), 0.0310635 secs]
   [Parallel Time: 18.3 ms, GC Workers: 8]
      [GC Worker Start (ms): Min: 534088809.3, Avg: 534088809.4, Max: 534088809.5, Diff: 0.1]
      [Ext Root Scanning (ms): Min: 3.0, Avg: 4.5, Max: 13.3, Diff: 10.2, Sum: 35.7]
      [Update RS (ms): Min: 0.0, Avg: 4.1, Max: 5.4, Diff: 5.4, Sum: 32.7]
         [Processed Buffers: Min: 0, Avg: 21.6, Max: 38, Diff: 38, Sum: 173]
      [Scan RS (ms): Min: 0.1, Avg: 0.4, Max: 0.5, Diff: 0.4, Sum: 2.8]
      [Code Root Scanning (ms): Min: 0.0, Avg: 0.0, Max: 0.0, Diff: 0.0, Sum: 0.1]
      [Object Copy (ms): Min: 4.6, Avg: 9.0, Max: 9.7, Diff: 5.1, Sum: 71.7]
      [Termination (ms): Min: 0.0, Avg: 0.1, Max: 0.1, Diff: 0.1, Sum: 0.4]
         [Termination Attempts: Min: 1, Avg: 58.2, Max: 70, Diff: 69, Sum: 466]
      [GC Worker Other (ms): Min: 0.1, Avg: 0.1, Max: 0.2, Diff: 0.1, Sum: 1.2]
      [GC Worker Total (ms): Min: 18.0, Avg: 18.1, Max: 18.2, Diff: 0.2, Sum: 144.7]
      [GC Worker End (ms): Min: 534088827.5, Avg: 534088827.5, Max: 534088827.6, Diff: 0.1]
   [Code Root Fixup: 0.0 ms]
   [Code Root Purge: 0.0 ms]
   [Clear CT: 0.8 ms]
   [Other: 11.9 ms]
      [Choose CSet: 0.0 ms]
      [Ref Proc: 2.8 ms]
      [Ref Enq: 0.1 ms]
      [Redirty Cards: 0.1 ms]
      [Humongous Register: 3.3 ms]
      [Humongous Reclaim: 0.1 ms]
      [Free CSet: 4.3 ms]
   [Eden: 3578.0M(3578.0M)->0.0B(3578.0M) Survivors: 28.0M->28.0M Heap: 5036.1M(6144.0M)->1452.1M(6144.0M)]
 [Times: user=0.14 sys=0.02, real=0.03 secs] 
2025-07-26T16:19:34.705+0800: 534128.540: [GC pause (GCLocker Initiated GC) (young), 0.0285501 secs]
   [Parallel Time: 17.1 ms, GC Workers: 8]
      [GC Worker Start (ms): Min: 534128543.9, Avg: 534128543.9, Max: 534128544.0, Diff: 0.1]
      [Ext Root Scanning (ms): Min: 2.9, Avg: 4.5, Max: 12.7, Diff: 9.8, Sum: 35.8]
      [Update RS (ms): Min: 0.0, Avg: 3.4, Max: 4.5, Diff: 4.5, Sum: 27.3]
         [Processed Buffers: Min: 0, Avg: 17.5, Max: 36, Diff: 36, Sum: 140]
      [Scan RS (ms): Min: 0.1, Avg: 0.4, Max: 0.5, Diff: 0.4, Sum: 2.9]
      [Code Root Scanning (ms): Min: 0.0, Avg: 0.0, Max: 0.0, Diff: 0.0, Sum: 0.1]
      [Object Copy (ms): Min: 4.0, Avg: 8.5, Max: 9.6, Diff: 5.6, Sum: 68.2]
      [Termination (ms): Min: 0.0, Avg: 0.0, Max: 0.0, Diff: 0.0, Sum: 0.2]
         [Termination Attempts: Min: 1, Avg: 27.1, Max: 34, Diff: 33, Sum: 217]
      [GC Worker Other (ms): Min: 0.1, Avg: 0.1, Max: 0.2, Diff: 0.1, Sum: 1.1]
      [GC Worker Total (ms): Min: 16.9, Avg: 16.9, Max: 17.1, Diff: 0.2, Sum: 135.5]
      [GC Worker End (ms): Min: 534128560.8, Avg: 534128560.9, Max: 534128560.9, Diff: 0.1]
   [Code Root Fixup: 0.0 ms]
   [Code Root Purge: 0.0 ms]
   [Clear CT: 0.7 ms]
   [Other: 10.7 ms]
      [Choose CSet: 0.0 ms]
      [Ref Proc: 2.6 ms]
      [Ref Enq: 0.1 ms]
      [Redirty Cards: 0.1 ms]
      [Humongous Register: 2.8 ms]
      [Humongous Reclaim: 0.1 ms]
      [Free CSet: 4.1 ms]
   [Eden: 3580.0M(3578.0M)->0.0B(3578.0M) Survivors: 28.0M->28.0M Heap: 5030.1M(6144.0M)->1453.1M(6144.0M)]
 [Times: user=0.14 sys=0.01, real=0.03 secs] 
2025-07-26T16:21:48.572+0800: 534262.407: [GC pause (G1 Evacuation Pause) (young), 0.0379507 secs]
   [Parallel Time: 24.7 ms, GC Workers: 8]
      [GC Worker Start (ms): Min: 534262411.0, Avg: 534262411.1, Max: 534262411.2, Diff: 0.2]
      [Ext Root Scanning (ms): Min: 3.1, Avg: 4.4, Max: 11.8, Diff: 8.7, Sum: 35.3]
      [Update RS (ms): Min: 0.6, Avg: 7.9, Max: 9.7, Diff: 9.1, Sum: 63.2]
         [Processed Buffers: Min: 20, Avg: 48.9, Max: 80, Diff: 60, Sum: 391]
      [Scan RS (ms): Min: 0.1, Avg: 0.4, Max: 0.5, Diff: 0.4, Sum: 3.1]
      [Code Root Scanning (ms): Min: 0.0, Avg: 0.0, Max: 0.0, Diff: 0.0, Sum: 0.1]
      [Object Copy (ms): Min: 8.6, Avg: 9.1, Max: 10.3, Diff: 1.7, Sum: 73.0]
      [Termination (ms): Min: 1.4, Avg: 2.5, Max: 2.9, Diff: 1.5, Sum: 19.7]
         [Termination Attempts: Min: 217, Avg: 280.9, Max: 355, Diff: 138, Sum: 2247]
      [GC Worker Other (ms): Min: 0.1, Avg: 0.1, Max: 0.2, Diff: 0.1, Sum: 1.1]
      [GC Worker Total (ms): Min: 24.3, Avg: 24.4, Max: 24.5, Diff: 0.2, Sum: 195.4]
      [GC Worker End (ms): Min: 534262435.5, Avg: 534262435.6, Max: 534262435.7, Diff: 0.2]
   [Code Root Fixup: 0.0 ms]
   [Code Root Purge: 0.0 ms]
   [Clear CT: 0.7 ms]
   [Other: 12.5 ms]
      [Choose CSet: 0.0 ms]
      [Ref Proc: 3.4 ms]
      [Ref Enq: 0.1 ms]
      [Redirty Cards: 0.1 ms]
      [Humongous Register: 3.0 ms]
      [Humongous Reclaim: 0.4 ms]
      [Free CSet: 4.4 ms]
   [Eden: 3578.0M(3578.0M)->0.0B(3568.0M) Survivors: 28.0M->26.0M Heap: 5073.1M(6144.0M)->1457.2M(6144.0M)]
 [Times: user=0.16 sys=0.05, real=0.04 secs] 
2025-07-26T16:23:36.041+0800: 534369.877: [GC pause (G1 Evacuation Pause) (young), 0.0347252 secs]
   [Parallel Time: 21.1 ms, GC Workers: 8]
      [GC Worker Start (ms): Min: 534369880.2, Avg: 534369880.3, Max: 534369880.4, Diff: 0.1]
      [Ext Root Scanning (ms): Min: 3.3, Avg: 4.5, Max: 11.8, Diff: 8.5, Sum: 36.2]
      [Update RS (ms): Min: 0.0, Avg: 6.9, Max: 8.9, Diff: 8.9, Sum: 55.4]
         [Processed Buffers: Min: 0, Avg: 39.9, Max: 68, Diff: 68, Sum: 319]
      [Scan RS (ms): Min: 0.1, Avg: 0.4, Max: 0.6, Diff: 0.5, Sum: 3.2]
      [Code Root Scanning (ms): Min: 0.0, Avg: 0.0, Max: 0.0, Diff: 0.0, Sum: 0.1]
      [Object Copy (ms): Min: 8.5, Avg: 8.9, Max: 9.1, Diff: 0.6, Sum: 71.5]
      [Termination (ms): Min: 0.0, Avg: 0.0, Max: 0.0, Diff: 0.0, Sum: 0.2]
         [Termination Attempts: Min: 1, Avg: 35.9, Max: 56, Diff: 55, Sum: 287]
      [GC Worker Other (ms): Min: 0.1, Avg: 0.1, Max: 0.2, Diff: 0.1, Sum: 1.1]
      [GC Worker Total (ms): Min: 20.9, Avg: 21.0, Max: 21.0, Diff: 0.1, Sum: 167.8]
      [GC Worker End (ms): Min: 534369901.2, Avg: 534369901.3, Max: 534369901.3, Diff: 0.1]
   [Code Root Fixup: 0.0 ms]
   [Code Root Purge: 0.0 ms]
   [Clear CT: 0.9 ms]
   [Other: 12.6 ms]
      [Choose CSet: 0.0 ms]
      [Ref Proc: 3.7 ms]
      [Ref Enq: 0.1 ms]
      [Redirty Cards: 0.1 ms]
      [Humongous Register: 2.8 ms]
      [Humongous Reclaim: 0.2 ms]
      [Free CSet: 4.7 ms]
   [Eden: 3568.0M(3568.0M)->0.0B(3544.0M) Survivors: 26.0M->26.0M Heap: 5055.2M(6144.0M)->1469.4M(6144.0M)]
 [Times: user=0.15 sys=0.03, real=0.03 secs] 
2025-07-26T16:24:02.058+0800: 534395.893: [GC pause (GCLocker Initiated GC) (young), 0.0301865 secs]
   [Parallel Time: 17.7 ms, GC Workers: 8]
      [GC Worker Start (ms): Min: 534395896.5, Avg: 534395896.6, Max: 534395896.7, Diff: 0.2]
      [Ext Root Scanning (ms): Min: 3.2, Avg: 4.9, Max: 13.7, Diff: 10.6, Sum: 39.5]
      [Update RS (ms): Min: 0.0, Avg: 3.6, Max: 5.0, Diff: 5.0, Sum: 28.5]
         [Processed Buffers: Min: 0, Avg: 15.9, Max: 41, Diff: 41, Sum: 127]
      [Scan RS (ms): Min: 0.1, Avg: 0.4, Max: 0.5, Diff: 0.4, Sum: 3.1]
      [Code Root Scanning (ms): Min: 0.0, Avg: 0.0, Max: 0.0, Diff: 0.0, Sum: 0.1]
      [Object Copy (ms): Min: 3.4, Avg: 8.3, Max: 9.2, Diff: 5.8, Sum: 66.6]
      [Termination (ms): Min: 0.0, Avg: 0.0, Max: 0.0, Diff: 0.0, Sum: 0.0]
         [Termination Attempts: Min: 1, Avg: 1.0, Max: 1, Diff: 0, Sum: 8]
      [GC Worker Other (ms): Min: 0.1, Avg: 0.2, Max: 0.4, Diff: 0.4, Sum: 1.4]
      [GC Worker Total (ms): Min: 17.3, Avg: 17.4, Max: 17.5, Diff: 0.3, Sum: 139.2]
      [GC Worker End (ms): Min: 534395914.0, Avg: 534395914.0, Max: 534395914.1, Diff: 0.1]
   [Code Root Fixup: 0.0 ms]
   [Code Root Purge: 0.0 ms]
   [Clear CT: 0.7 ms]
   [Other: 11.8 ms]
      [Choose CSet: 0.0 ms]
      [Ref Proc: 3.4 ms]
      [Ref Enq: 0.2 ms]
      [Redirty Cards: 0.1 ms]
      [Humongous Register: 2.8 ms]
      [Humongous Reclaim: 0.1 ms]
      [Free CSet: 4.3 ms]
   [Eden: 3544.0M(3544.0M)->0.0B(3548.0M) Survivors: 26.0M->20.0M Heap: 5013.4M(6144.0M)->1471.2M(6144.0M)]
 [Times: user=0.15 sys=0.01, real=0.03 secs] 
2025-07-26T16:27:33.562+0800: 534607.398: [GC pause (G1 Evacuation Pause) (young), 0.0466462 secs]
   [Parallel Time: 35.9 ms, GC Workers: 8]
      [GC Worker Start (ms): Min: 534607399.8, Avg: 534607399.9, Max: 534607399.9, Diff: 0.1]
      [Ext Root Scanning (ms): Min: 2.6, Avg: 3.8, Max: 11.0, Diff: 8.4, Sum: 30.8]
      [Update RS (ms): Min: 17.6, Avg: 24.0, Max: 25.2, Diff: 7.7, Sum: 192.3]
         [Processed Buffers: Min: 102, Avg: 140.2, Max: 161, Diff: 59, Sum: 1122]
      [Scan RS (ms): Min: 0.1, Avg: 0.4, Max: 0.5, Diff: 0.3, Sum: 3.1]
      [Code Root Scanning (ms): Min: 0.0, Avg: 0.0, Max: 0.0, Diff: 0.0, Sum: 0.1]
      [Object Copy (ms): Min: 6.6, Avg: 6.9, Max: 7.0, Diff: 0.4, Sum: 55.2]
      [Termination (ms): Min: 0.2, Avg: 0.3, Max: 0.6, Diff: 0.4, Sum: 2.6]
         [Termination Attempts: Min: 17, Avg: 56.9, Max: 99, Diff: 82, Sum: 455]
      [GC Worker Other (ms): Min: 0.1, Avg: 0.1, Max: 0.2, Diff: 0.1, Sum: 1.1]
      [GC Worker Total (ms): Min: 35.6, Avg: 35.6, Max: 35.7, Diff: 0.1, Sum: 285.1]
      [GC Worker End (ms): Min: 534607435.4, Avg: 534607435.5, Max: 534607435.6, Diff: 0.2]
   [Code Root Fixup: 0.0 ms]
   [Code Root Purge: 0.0 ms]
   [Clear CT: 0.6 ms]
   [Other: 10.1 ms]
      [Choose CSet: 0.0 ms]
      [Ref Proc: 2.7 ms]
      [Ref Enq: 0.1 ms]
      [Redirty Cards: 0.1 ms]
      [Humongous Register: 1.4 ms]
      [Humongous Reclaim: 0.7 ms]
      [Free CSet: 4.2 ms]
   [Eden: 3548.0M(3548.0M)->0.0B(3544.0M) Survivors: 20.0M->22.0M Heap: 5167.3M(6144.0M)->1474.6M(6144.0M)]
 [Times: user=0.26 sys=0.05, real=0.05 secs] 
2025-07-26T16:29:01.295+0800: 534695.130: [GC pause (G1 Evacuation Pause) (young), 0.0424432 secs]
   [Parallel Time: 30.6 ms, GC Workers: 8]
      [GC Worker Start (ms): Min: 534695132.6, Avg: 534695132.7, Max: 534695132.8, Diff: 0.2]
      [Ext Root Scanning (ms): Min: 3.4, Avg: 4.7, Max: 11.7, Diff: 8.3, Sum: 37.6]
      [Update RS (ms): Min: 7.6, Avg: 14.4, Max: 16.0, Diff: 8.4, Sum: 115.5]
         [Processed Buffers: Min: 60, Avg: 89.1, Max: 109, Diff: 49, Sum: 713]
      [Scan RS (ms): Min: 0.1, Avg: 0.4, Max: 0.5, Diff: 0.4, Sum: 3.2]
      [Code Root Scanning (ms): Min: 0.0, Avg: 0.0, Max: 0.0, Diff: 0.0, Sum: 0.1]
      [Object Copy (ms): Min: 10.4, Avg: 10.6, Max: 10.7, Diff: 0.3, Sum: 84.8]
      [Termination (ms): Min: 0.0, Avg: 0.0, Max: 0.0, Diff: 0.0, Sum: 0.1]
         [Termination Attempts: Min: 1, Avg: 9.4, Max: 14, Diff: 13, Sum: 75]
      [GC Worker Other (ms): Min: 0.1, Avg: 0.2, Max: 0.4, Diff: 0.3, Sum: 1.6]
      [GC Worker Total (ms): Min: 30.3, Avg: 30.4, Max: 30.4, Diff: 0.2, Sum: 242.9]
      [GC Worker End (ms): Min: 534695163.0, Avg: 534695163.1, Max: 534695163.1, Diff: 0.1]
   [Code Root Fixup: 0.0 ms]
   [Code Root Purge: 0.0 ms]
   [Clear CT: 0.7 ms]
   [Other: 11.1 ms]
      [Choose CSet: 0.0 ms]
      [Ref Proc: 3.0 ms]
      [Ref Enq: 0.1 ms]
      [Redirty Cards: 0.1 ms]
      [Humongous Register: 1.7 ms]
      [Humongous Reclaim: 0.3 ms]
      [Free CSet: 4.8 ms]
   [Eden: 3544.0M(3544.0M)->0.0B(3508.0M) Survivors: 22.0M->30.0M Heap: 5093.8M(6144.0M)->1495.7M(6144.0M)]
 [Times: user=0.23 sys=0.02, real=0.05 secs] 
2025-07-26T16:30:03.637+0800: 534757.472: [GC pause (G1 Evacuation Pause) (young), 0.1423724 secs]
   [Parallel Time: 129.6 ms, GC Workers: 8]
      [GC Worker Start (ms): Min: 534757474.7, Avg: 534757474.8, Max: 534757474.9, Diff: 0.1]
      [Ext Root Scanning (ms): Min: 3.0, Avg: 4.2, Max: 11.0, Diff: 8.0, Sum: 33.4]
      [Update RS (ms): Min: 27.6, Avg: 34.0, Max: 35.2, Diff: 7.6, Sum: 272.1]
         [Processed Buffers: Min: 102, Avg: 138.8, Max: 185, Diff: 83, Sum: 1110]
      [Scan RS (ms): Min: 0.2, Avg: 0.4, Max: 0.5, Diff: 0.3, Sum: 3.1]
      [Code Root Scanning (ms): Min: 0.0, Avg: 0.0, Max: 0.0, Diff: 0.0, Sum: 0.1]
      [Object Copy (ms): Min: 90.4, Avg: 90.6, Max: 90.7, Diff: 0.3, Sum: 725.1]
      [Termination (ms): Min: 0.0, Avg: 0.0, Max: 0.0, Diff: 0.0, Sum: 0.2]
         [Termination Attempts: Min: 1, Avg: 1.0, Max: 1, Diff: 0, Sum: 8]
      [GC Worker Other (ms): Min: 0.1, Avg: 0.1, Max: 0.2, Diff: 0.2, Sum: 1.2]
      [GC Worker Total (ms): Min: 129.3, Avg: 129.4, Max: 129.5, Diff: 0.2, Sum: 1035.0]
      [GC Worker End (ms): Min: 534757604.1, Avg: 534757604.2, Max: 534757604.2, Diff: 0.1]
   [Code Root Fixup: 0.1 ms]
   [Code Root Purge: 0.0 ms]
   [Clear CT: 0.7 ms]
   [Other: 12.1 ms]
      [Choose CSet: 0.0 ms]
      [Ref Proc: 3.5 ms]
      [Ref Enq: 0.1 ms]
      [Redirty Cards: 0.1 ms]
      [Humongous Register: 1.5 ms]
      [Humongous Reclaim: 1.0 ms]
      [Free CSet: 4.5 ms]
   [Eden: 3508.0M(3508.0M)->0.0B(3068.0M) Survivors: 30.0M->252.0M Heap: 5119.1M(6144.0M)->1715.6M(6144.0M)]
 [Times: user=0.96 sys=0.08, real=0.14 secs] 
2025-07-26T16:30:13.231+0800: 534767.067: [GC pause (G1 Evacuation Pause) (young), 0.2503390 secs]
   [Parallel Time: 240.0 ms, GC Workers: 8]
      [GC Worker Start (ms): Min: 534767069.9, Avg: 534767070.0, Max: 534767070.1, Diff: 0.2]
      [Ext Root Scanning (ms): Min: 3.0, Avg: 4.6, Max: 12.9, Diff: 9.9, Sum: 36.8]
      [Update RS (ms): Min: 27.5, Avg: 35.6, Max: 36.8, Diff: 9.3, Sum: 284.6]
         [Processed Buffers: Min: 12, Avg: 39.1, Max: 57, Diff: 45, Sum: 313]
      [Scan RS (ms): Min: 0.1, Avg: 0.4, Max: 0.4, Diff: 0.3, Sum: 2.9]
      [Code Root Scanning (ms): Min: 0.0, Avg: 0.0, Max: 0.0, Diff: 0.0, Sum: 0.1]
      [Object Copy (ms): Min: 198.7, Avg: 199.1, Max: 199.3, Diff: 0.6, Sum: 1593.1]
      [Termination (ms): Min: 0.0, Avg: 0.0, Max: 0.0, Diff: 0.0, Sum: 0.0]
         [Termination Attempts: Min: 1, Avg: 1.0, Max: 1, Diff: 0, Sum: 8]
      [GC Worker Other (ms): Min: 0.1, Avg: 0.2, Max: 0.2, Diff: 0.1, Sum: 1.2]
      [GC Worker Total (ms): Min: 239.8, Avg: 239.8, Max: 239.9, Diff: 0.2, Sum: 1918.8]
      [GC Worker End (ms): Min: 534767309.8, Avg: 534767309.9, Max: 534767309.9, Diff: 0.1]
   [Code Root Fixup: 0.0 ms]
   [Code Root Purge: 0.0 ms]
   [Clear CT: 0.6 ms]
   [Other: 9.7 ms]
      [Choose CSet: 0.0 ms]
      [Ref Proc: 1.2 ms]
      [Ref Enq: 0.1 ms]
      [Redirty Cards: 0.5 ms]
      [Humongous Register: 2.3 ms]
      [Humongous Reclaim: 0.2 ms]
      [Free CSet: 4.1 ms]
   [Eden: 3068.0M(3068.0M)->0.0B(796.0M) Survivors: 252.0M->268.0M Heap: 4796.1M(6144.0M)->1962.6M(6144.0M)]
 [Times: user=1.89 sys=0.03, real=0.25 secs] 
2025-07-26T16:30:18.126+0800: 534771.961: [GC pause (G1 Evacuation Pause) (young), 0.1418731 secs]
   [Parallel Time: 137.2 ms, GC Workers: 8]
      [GC Worker Start (ms): Min: 534771962.1, Avg: 534771962.2, Max: 534771962.2, Diff: 0.1]
      [Ext Root Scanning (ms): Min: 2.4, Avg: 2.6, Max: 3.2, Diff: 0.8, Sum: 21.1]
      [Update RS (ms): Min: 21.5, Avg: 21.9, Max: 22.1, Diff: 0.6, Sum: 174.9]
         [Processed Buffers: Min: 66, Avg: 83.1, Max: 97, Diff: 31, Sum: 665]
      [Scan RS (ms): Min: 3.0, Avg: 3.1, Max: 3.3, Diff: 0.3, Sum: 24.7]
      [Code Root Scanning (ms): Min: 0.0, Avg: 0.0, Max: 0.0, Diff: 0.0, Sum: 0.0]
      [Object Copy (ms): Min: 108.9, Avg: 109.2, Max: 109.4, Diff: 0.5, Sum: 873.9]
      [Termination (ms): Min: 0.0, Avg: 0.2, Max: 0.3, Diff: 0.3, Sum: 1.7]
         [Termination Attempts: Min: 1, Avg: 129.9, Max: 188, Diff: 187, Sum: 1039]
      [GC Worker Other (ms): Min: 0.0, Avg: 0.0, Max: 0.1, Diff: 0.1, Sum: 0.4]
      [GC Worker Total (ms): Min: 137.0, Avg: 137.1, Max: 137.1, Diff: 0.1, Sum: 1096.6]
      [GC Worker End (ms): Min: 534772099.2, Avg: 534772099.3, Max: 534772099.3, Diff: 0.1]
   [Code Root Fixup: 0.1 ms]
   [Code Root Purge: 0.0 ms]
   [Clear CT: 0.3 ms]
   [Other: 4.2 ms]
      [Choose CSet: 0.0 ms]
      [Ref Proc: 0.8 ms]
      [Ref Enq: 0.1 ms]
      [Redirty Cards: 0.9 ms]
      [Humongous Register: 0.6 ms]
      [Humongous Reclaim: 0.2 ms]
      [Free CSet: 0.8 ms]
   [Eden: 420.0M(420.0M)->0.0B(2878.0M) Survivors: 268.0M->30.0M Heap: 2382.6M(6144.0M)->1968.1M(6144.0M)]
 [Times: user=0.99 sys=0.10, real=0.15 secs] 
2025-07-26T16:30:39.299+0800: 534793.134: [GC pause (G1 Evacuation Pause) (young), 0.0535684 secs]
   [Parallel Time: 43.8 ms, GC Workers: 8]
      [GC Worker Start (ms): Min: 534793136.4, Avg: 534793136.5, Max: 534793136.6, Diff: 0.2]
      [Ext Root Scanning (ms): Min: 2.6, Avg: 6.2, Max: 18.8, Diff: 16.2, Sum: 49.3]
      [Update RS (ms): Min: 17.0, Avg: 28.1, Max: 30.2, Diff: 13.2, Sum: 225.1]
         [Processed Buffers: Min: 68, Avg: 108.8, Max: 135, Diff: 67, Sum: 870]
      [Scan RS (ms): Min: 0.2, Avg: 0.5, Max: 0.8, Diff: 0.6, Sum: 4.4]
      [Code Root Scanning (ms): Min: 0.0, Avg: 0.0, Max: 0.0, Diff: 0.0, Sum: 0.1]
      [Object Copy (ms): Min: 7.7, Avg: 8.2, Max: 8.5, Diff: 0.8, Sum: 65.9]
      [Termination (ms): Min: 0.0, Avg: 0.0, Max: 0.0, Diff: 0.0, Sum: 0.0]
         [Termination Attempts: Min: 1, Avg: 1.0, Max: 1, Diff: 0, Sum: 8]
      [GC Worker Other (ms): Min: 0.1, Avg: 0.5, Max: 2.5, Diff: 2.4, Sum: 3.8]
      [GC Worker Total (ms): Min: 43.5, Avg: 43.6, Max: 43.7, Diff: 0.3, Sum: 348.7]
      [GC Worker End (ms): Min: 534793180.0, Avg: 534793180.1, Max: 534793180.1, Diff: 0.1]
   [Code Root Fixup: 0.0 ms]
   [Code Root Purge: 0.0 ms]
   [Clear CT: 0.7 ms]
   [Other: 9.0 ms]
      [Choose CSet: 0.0 ms]
      [Ref Proc: 2.2 ms]
      [Ref Enq: 0.2 ms]
      [Redirty Cards: 0.2 ms]
      [Humongous Register: 1.3 ms]
      [Humongous Reclaim: 0.3 ms]
      [Free CSet: 3.6 ms]
   [Eden: 2878.0M(2878.0M)->0.0B(2894.0M) Survivors: 30.0M->34.0M Heap: 4910.2M(6144.0M)->1979.1M(6144.0M)]
 [Times: user=0.29 sys=0.06, real=0.05 secs] 
2025-07-26T16:31:01.440+0800: 534815.275: [GC pause (G1 Evacuation Pause) (young), 0.0359060 secs]
   [Parallel Time: 26.7 ms, GC Workers: 8]
      [GC Worker Start (ms): Min: 534815278.0, Avg: 534815278.1, Max: 534815278.2, Diff: 0.2]
      [Ext Root Scanning (ms): Min: 3.5, Avg: 5.1, Max: 14.0, Diff: 10.5, Sum: 40.8]
      [Update RS (ms): Min: 0.0, Avg: 6.4, Max: 7.5, Diff: 7.5, Sum: 51.4]
         [Processed Buffers: Min: 0, Avg: 48.8, Max: 68, Diff: 68, Sum: 390]
      [Scan RS (ms): Min: 0.1, Avg: 0.3, Max: 0.4, Diff: 0.3, Sum: 2.3]
      [Code Root Scanning (ms): Min: 0.0, Avg: 0.0, Max: 0.0, Diff: 0.0, Sum: 0.1]
      [Object Copy (ms): Min: 12.2, Avg: 14.4, Max: 14.8, Diff: 2.7, Sum: 114.9]
      [Termination (ms): Min: 0.0, Avg: 0.0, Max: 0.0, Diff: 0.0, Sum: 0.0]
         [Termination Attempts: Min: 1, Avg: 1.4, Max: 2, Diff: 1, Sum: 11]
      [GC Worker Other (ms): Min: 0.1, Avg: 0.1, Max: 0.2, Diff: 0.2, Sum: 1.1]
      [GC Worker Total (ms): Min: 26.2, Avg: 26.3, Max: 26.5, Diff: 0.3, Sum: 210.5]
      [GC Worker End (ms): Min: 534815304.4, Avg: 534815304.4, Max: 534815304.5, Diff: 0.1]
   [Code Root Fixup: 0.1 ms]
   [Code Root Purge: 0.0 ms]
   [Clear CT: 0.6 ms]
   [Other: 8.6 ms]
      [Choose CSet: 0.0 ms]
      [Ref Proc: 1.9 ms]
      [Ref Enq: 0.2 ms]
      [Redirty Cards: 0.1 ms]
      [Humongous Register: 1.6 ms]
      [Humongous Reclaim: 0.2 ms]
      [Free CSet: 3.4 ms]
   [Eden: 2894.0M(2894.0M)->0.0B(2900.0M) Survivors: 34.0M->60.0M Heap: 4897.8M(6144.0M)->1998.1M(6144.0M)]
 [Times: user=0.20 sys=0.03, real=0.03 secs] 
2025-07-26T16:31:23.903+0800: 534837.738: [GC pause (G1 Evacuation Pause) (young), 0.0317072 secs]
   [Parallel Time: 20.2 ms, GC Workers: 8]
      [GC Worker Start (ms): Min: 534837742.5, Avg: 534837742.6, Max: 534837742.7, Diff: 0.2]
      [Ext Root Scanning (ms): Min: 3.0, Avg: 4.4, Max: 11.7, Diff: 8.7, Sum: 34.9]
      [Update RS (ms): Min: 0.0, Avg: 7.1, Max: 8.7, Diff: 8.7, Sum: 56.5]
         [Processed Buffers: Min: 0, Avg: 52.6, Max: 79, Diff: 79, Sum: 421]
      [Scan RS (ms): Min: 0.1, Avg: 0.3, Max: 0.4, Diff: 0.3, Sum: 2.5]
      [Code Root Scanning (ms): Min: 0.0, Avg: 0.0, Max: 0.0, Diff: 0.0, Sum: 0.1]
      [Object Copy (ms): Min: 7.9, Avg: 8.1, Max: 8.2, Diff: 0.3, Sum: 64.7]
      [Termination (ms): Min: 0.0, Avg: 0.0, Max: 0.0, Diff: 0.0, Sum: 0.0]
         [Termination Attempts: Min: 1, Avg: 1.1, Max: 2, Diff: 1, Sum: 9]
      [GC Worker Other (ms): Min: 0.1, Avg: 0.2, Max: 0.2, Diff: 0.2, Sum: 1.3]
      [GC Worker Total (ms): Min: 19.9, Avg: 20.0, Max: 20.1, Diff: 0.2, Sum: 159.9]
      [GC Worker End (ms): Min: 534837762.5, Avg: 534837762.6, Max: 534837762.6, Diff: 0.1]
   [Code Root Fixup: 0.0 ms]
   [Code Root Purge: 0.0 ms]
   [Clear CT: 0.6 ms]
   [Other: 10.9 ms]
      [Choose CSet: 0.0 ms]
      [Ref Proc: 2.1 ms]
      [Ref Enq: 0.2 ms]
      [Redirty Cards: 0.2 ms]
      [Humongous Register: 3.5 ms]
      [Humongous Reclaim: 0.2 ms]
      [Free CSet: 3.7 ms]
   [Eden: 2900.0M(2900.0M)->0.0B(2940.0M) Survivors: 60.0M->42.0M Heap: 4929.3M(6144.0M)->1981.1M(6144.0M)]
 [Times: user=0.18 sys=0.00, real=0.03 secs] 
2025-07-26T16:32:19.989+0800: 534893.824: [GC pause (G1 Evacuation Pause) (young), 0.0313296 secs]
   [Parallel Time: 22.5 ms, GC Workers: 8]
      [GC Worker Start (ms): Min: 534893826.2, Avg: 534893826.3, Max: 534893826.4, Diff: 0.2]
      [Ext Root Scanning (ms): Min: 2.9, Avg: 4.2, Max: 10.5, Diff: 7.6, Sum: 33.3]
      [Update RS (ms): Min: 3.7, Avg: 9.9, Max: 11.0, Diff: 7.3, Sum: 79.2]
         [Processed Buffers: Min: 37, Avg: 79.8, Max: 106, Diff: 69, Sum: 638]
      [Scan RS (ms): Min: 0.2, Avg: 0.6, Max: 0.7, Diff: 0.5, Sum: 5.1]
      [Code Root Scanning (ms): Min: 0.0, Avg: 0.0, Max: 0.0, Diff: 0.0, Sum: 0.1]
      [Object Copy (ms): Min: 7.2, Avg: 7.4, Max: 7.6, Diff: 0.3, Sum: 59.3]
      [Termination (ms): Min: 0.0, Avg: 0.1, Max: 0.1, Diff: 0.1, Sum: 0.8]
         [Termination Attempts: Min: 1, Avg: 1.0, Max: 1, Diff: 0, Sum: 8]
      [GC Worker Other (ms): Min: 0.0, Avg: 0.1, Max: 0.2, Diff: 0.2, Sum: 0.8]
      [GC Worker Total (ms): Min: 22.2, Avg: 22.3, Max: 22.4, Diff: 0.2, Sum: 178.6]
      [GC Worker End (ms): Min: 534893848.6, Avg: 534893848.6, Max: 534893848.7, Diff: 0.1]
   [Code Root Fixup: 0.0 ms]
   [Code Root Purge: 0.0 ms]
   [Clear CT: 0.5 ms]
   [Other: 8.2 ms]
      [Choose CSet: 0.0 ms]
      [Ref Proc: 1.7 ms]
      [Ref Enq: 0.1 ms]
      [Redirty Cards: 0.1 ms]
      [Humongous Register: 1.4 ms]
      [Humongous Reclaim: 0.4 ms]
      [Free CSet: 3.5 ms]
   [Eden: 2940.0M(2940.0M)->0.0B(2968.0M) Survivors: 42.0M->34.0M Heap: 5014.3M(6144.0M)->1972.5M(6144.0M)]
 [Times: user=0.18 sys=0.01, real=0.03 secs] 
2025-07-26T16:34:25.229+0800: 535019.064: [GC pause (G1 Evacuation Pause) (young), 0.0278842 secs]
   [Parallel Time: 23.0 ms, GC Workers: 8]
      [GC Worker Start (ms): Min: 535019065.1, Avg: 535019065.2, Max: 535019065.2, Diff: 0.1]
      [Ext Root Scanning (ms): Min: 2.3, Avg: 3.3, Max: 9.2, Diff: 6.9, Sum: 26.6]
      [Update RS (ms): Min: 8.0, Avg: 13.7, Max: 14.7, Diff: 6.7, Sum: 109.2]
         [Processed Buffers: Min: 60, Avg: 102.2, Max: 123, Diff: 63, Sum: 818]
      [Scan RS (ms): Min: 0.7, Avg: 0.8, Max: 0.9, Diff: 0.2, Sum: 6.4]
      [Code Root Scanning (ms): Min: 0.0, Avg: 0.0, Max: 0.1, Diff: 0.1, Sum: 0.1]
      [Object Copy (ms): Min: 4.9, Avg: 5.0, Max: 5.1, Diff: 0.2, Sum: 39.9]
      [Termination (ms): Min: 0.0, Avg: 0.0, Max: 0.0, Diff: 0.0, Sum: 0.0]
         [Termination Attempts: Min: 1, Avg: 1.4, Max: 2, Diff: 1, Sum: 11]
      [GC Worker Other (ms): Min: 0.0, Avg: 0.1, Max: 0.1, Diff: 0.1, Sum: 0.6]
      [GC Worker Total (ms): Min: 22.9, Avg: 22.9, Max: 22.9, Diff: 0.1, Sum: 182.9]
      [GC Worker End (ms): Min: 535019088.0, Avg: 535019088.0, Max: 535019088.1, Diff: 0.1]
   [Code Root Fixup: 0.0 ms]
   [Code Root Purge: 0.0 ms]
   [Clear CT: 0.4 ms]
   [Other: 4.4 ms]
      [Choose CSet: 0.0 ms]
      [Ref Proc: 1.0 ms]
      [Ref Enq: 0.0 ms]
      [Redirty Cards: 0.1 ms]
      [Humongous Register: 0.4 ms]
      [Humongous Reclaim: 0.4 ms]
      [Free CSet: 1.7 ms]
   [Eden: 2968.0M(2968.0M)->0.0B(2986.0M) Survivors: 34.0M->24.0M Heap: 5136.6M(6144.0M)->1966.2M(6144.0M)]
 [Times: user=0.19 sys=0.00, real=0.02 secs] 
2025-07-26T16:35:57.206+0800: 535111.041: [GC pause (G1 Evacuation Pause) (young), 0.0377855 secs]
   [Parallel Time: 28.0 ms, GC Workers: 8]
      [GC Worker Start (ms): Min: 535111043.4, Avg: 535111043.5, Max: 535111043.6, Diff: 0.2]
      [Ext Root Scanning (ms): Min: 2.8, Avg: 4.1, Max: 11.8, Diff: 9.0, Sum: 32.8]
      [Update RS (ms): Min: 7.0, Avg: 14.5, Max: 16.3, Diff: 9.2, Sum: 116.2]
         [Processed Buffers: Min: 57, Avg: 107.4, Max: 127, Diff: 70, Sum: 859]
      [Scan RS (ms): Min: 0.3, Avg: 0.9, Max: 1.1, Diff: 0.8, Sum: 7.5]
      [Code Root Scanning (ms): Min: 0.0, Avg: 0.0, Max: 0.0, Diff: 0.0, Sum: 0.1]
      [Object Copy (ms): Min: 7.9, Avg: 8.1, Max: 8.2, Diff: 0.3, Sum: 64.7]
      [Termination (ms): Min: 0.0, Avg: 0.0, Max: 0.0, Diff: 0.0, Sum: 0.0]
         [Termination Attempts: Min: 1, Avg: 1.0, Max: 1, Diff: 0, Sum: 8]
      [GC Worker Other (ms): Min: 0.1, Avg: 0.1, Max: 0.2, Diff: 0.1, Sum: 1.0]
      [GC Worker Total (ms): Min: 27.7, Avg: 27.8, Max: 27.9, Diff: 0.2, Sum: 222.2]
      [GC Worker End (ms): Min: 535111071.2, Avg: 535111071.3, Max: 535111071.3, Diff: 0.1]
   [Code Root Fixup: 0.0 ms]
   [Code Root Purge: 0.0 ms]
   [Clear CT: 0.6 ms]
   [Other: 9.2 ms]
      [Choose CSet: 0.0 ms]
      [Ref Proc: 2.3 ms]
      [Ref Enq: 0.1 ms]
      [Redirty Cards: 0.1 ms]
      [Humongous Register: 1.4 ms]
      [Humongous Reclaim: 0.5 ms]
      [Free CSet: 3.9 ms]
   [Eden: 2986.0M(2986.0M)->0.0B(3000.0M) Survivors: 24.0M->26.0M Heap: 5078.2M(6144.0M)->1967.2M(6144.0M)]
 [Times: user=0.11 sys=0.11, real=0.04 secs] 
2025-07-26T16:37:21.838+0800: 535195.674: [GC pause (G1 Evacuation Pause) (young), 0.0429064 secs]
   [Parallel Time: 34.2 ms, GC Workers: 8]
      [GC Worker Start (ms): Min: 535195676.0, Avg: 535195676.1, Max: 535195676.2, Diff: 0.2]
      [Ext Root Scanning (ms): Min: 2.8, Avg: 4.1, Max: 10.6, Diff: 7.7, Sum: 32.5]
      [Update RS (ms): Min: 9.1, Avg: 15.2, Max: 16.9, Diff: 7.8, Sum: 121.9]
         [Processed Buffers: Min: 91, Avg: 108.8, Max: 121, Diff: 30, Sum: 870]
      [Scan RS (ms): Min: 0.3, Avg: 1.0, Max: 1.2, Diff: 0.9, Sum: 7.9]
      [Code Root Scanning (ms): Min: 0.0, Avg: 0.0, Max: 0.0, Diff: 0.0, Sum: 0.1]
      [Object Copy (ms): Min: 13.4, Avg: 13.6, Max: 13.8, Diff: 0.4, Sum: 108.7]
      [Termination (ms): Min: 0.0, Avg: 0.0, Max: 0.0, Diff: 0.0, Sum: 0.0]
         [Termination Attempts: Min: 1, Avg: 1.0, Max: 1, Diff: 0, Sum: 8]
      [GC Worker Other (ms): Min: 0.1, Avg: 0.1, Max: 0.2, Diff: 0.1, Sum: 0.9]
      [GC Worker Total (ms): Min: 33.9, Avg: 34.0, Max: 34.1, Diff: 0.2, Sum: 272.0]
      [GC Worker End (ms): Min: 535195710.0, Avg: 535195710.1, Max: 535195710.1, Diff: 0.1]
   [Code Root Fixup: 0.0 ms]
   [Code Root Purge: 0.0 ms]
   [Clear CT: 0.6 ms]
   [Other: 8.0 ms]
      [Choose CSet: 0.0 ms]
      [Ref Proc: 1.6 ms]
      [Ref Enq: 0.1 ms]
      [Redirty Cards: 0.1 ms]
      [Humongous Register: 1.4 ms]
      [Humongous Reclaim: 0.4 ms]
      [Free CSet: 3.5 ms]
   [Eden: 3000.0M(3000.0M)->0.0B(2982.0M) Survivors: 26.0M->48.0M Heap: 5093.4M(6144.0M)->1990.2M(6144.0M)]
 [Times: user=0.23 sys=0.05, real=0.04 secs] 
2025-07-26T16:40:03.091+0800: 535356.927: [GC pause (G1 Evacuation Pause) (young), 0.0376214 secs]
   [Parallel Time: 31.3 ms, GC Workers: 8]
      [GC Worker Start (ms): Min: 535356928.3, Avg: 535356928.4, Max: 535356928.4, Diff: 0.1]
      [Ext Root Scanning (ms): Min: 2.4, Avg: 3.6, Max: 10.2, Diff: 7.8, Sum: 28.6]
      [Update RS (ms): Min: 7.1, Avg: 13.6, Max: 15.0, Diff: 7.9, Sum: 108.5]
         [Processed Buffers: Min: 83, Avg: 106.6, Max: 128, Diff: 45, Sum: 853]
      [Scan RS (ms): Min: 0.8, Avg: 1.2, Max: 1.3, Diff: 0.5, Sum: 9.5]
      [Code Root Scanning (ms): Min: 0.0, Avg: 0.0, Max: 0.0, Diff: 0.0, Sum: 0.1]
      [Object Copy (ms): Min: 12.5, Avg: 12.7, Max: 12.9, Diff: 0.4, Sum: 101.2]
      [Termination (ms): Min: 0.0, Avg: 0.0, Max: 0.0, Diff: 0.0, Sum: 0.1]
         [Termination Attempts: Min: 1, Avg: 7.2, Max: 11, Diff: 10, Sum: 58]
      [GC Worker Other (ms): Min: 0.0, Avg: 0.1, Max: 0.1, Diff: 0.1, Sum: 0.7]
      [GC Worker Total (ms): Min: 31.0, Avg: 31.1, Max: 31.2, Diff: 0.2, Sum: 248.7]
      [GC Worker End (ms): Min: 535356959.4, Avg: 535356959.4, Max: 535356959.5, Diff: 0.1]
   [Code Root Fixup: 0.0 ms]
   [Code Root Purge: 0.0 ms]
   [Clear CT: 0.6 ms]
   [Other: 5.7 ms]
      [Choose CSet: 0.0 ms]
      [Ref Proc: 1.4 ms]
      [Ref Enq: 0.1 ms]
      [Redirty Cards: 0.1 ms]
      [Humongous Register: 1.2 ms]
      [Humongous Reclaim: 0.4 ms]
      [Free CSet: 1.7 ms]
   [Eden: 2982.0M(2982.0M)->0.0B(2976.0M) Survivors: 48.0M->62.0M Heap: 5137.4M(6144.0M)->1997.2M(6144.0M)]
 [Times: user=0.23 sys=0.03, real=0.04 secs] 
2025-07-26T16:40:32.717+0800: 535386.552: [GC pause (G1 Evacuation Pause) (young), 0.0371519 secs]
   [Parallel Time: 26.7 ms, GC Workers: 8]
      [GC Worker Start (ms): Min: 535386555.7, Avg: 535386555.7, Max: 535386555.8, Diff: 0.1]
      [Ext Root Scanning (ms): Min: 3.0, Avg: 3.5, Max: 5.6, Diff: 2.7, Sum: 28.4]
      [Update RS (ms): Min: 9.2, Avg: 11.2, Max: 12.1, Diff: 2.8, Sum: 89.2]
         [Processed Buffers: Min: 58, Avg: 74.4, Max: 85, Diff: 27, Sum: 595]
      [Scan RS (ms): Min: 0.1, Avg: 0.3, Max: 0.4, Diff: 0.3, Sum: 2.4]
      [Code Root Scanning (ms): Min: 0.0, Avg: 0.0, Max: 0.0, Diff: 0.0, Sum: 0.1]
      [Object Copy (ms): Min: 11.0, Avg: 11.2, Max: 11.5, Diff: 0.5, Sum: 89.9]
      [Termination (ms): Min: 0.0, Avg: 0.1, Max: 0.2, Diff: 0.2, Sum: 1.1]
         [Termination Attempts: Min: 1, Avg: 1.4, Max: 3, Diff: 2, Sum: 11]
      [GC Worker Other (ms): Min: 0.0, Avg: 0.1, Max: 0.2, Diff: 0.2, Sum: 0.9]
      [GC Worker Total (ms): Min: 26.4, Avg: 26.5, Max: 26.6, Diff: 0.2, Sum: 212.0]
      [GC Worker End (ms): Min: 535386582.2, Avg: 535386582.2, Max: 535386582.3, Diff: 0.1]
   [Code Root Fixup: 0.0 ms]
   [Code Root Purge: 0.0 ms]
   [Clear CT: 0.5 ms]
   [Other: 9.9 ms]
      [Choose CSet: 0.0 ms]
      [Ref Proc: 1.9 ms]
      [Ref Enq: 0.2 ms]
      [Redirty Cards: 0.1 ms]
      [Humongous Register: 2.9 ms]
      [Humongous Reclaim: 0.2 ms]
      [Free CSet: 3.6 ms]
   [Eden: 2976.0M(2976.0M)->0.0B(2994.0M) Survivors: 62.0M->50.0M Heap: 5019.3M(6144.0M)->1985.8M(6144.0M)]
 [Times: user=0.13 sys=0.10, real=0.04 secs] 
2025-07-26T16:41:06.335+0800: 535420.171: [GC pause (G1 Evacuation Pause) (young), 0.0316330 secs]
   [Parallel Time: 25.8 ms, GC Workers: 8]
      [GC Worker Start (ms): Min: 535420171.5, Avg: 535420171.6, Max: 535420171.6, Diff: 0.1]
      [Ext Root Scanning (ms): Min: 2.4, Avg: 3.5, Max: 10.1, Diff: 7.8, Sum: 27.7]
      [Update RS (ms): Min: 0.0, Avg: 4.0, Max: 4.9, Diff: 4.9, Sum: 32.1]
         [Processed Buffers: Min: 0, Avg: 28.6, Max: 59, Diff: 59, Sum: 229]
      [Scan RS (ms): Min: 0.1, Avg: 0.3, Max: 0.4, Diff: 0.3, Sum: 2.3]
      [Code Root Scanning (ms): Min: 0.0, Avg: 0.0, Max: 0.0, Diff: 0.0, Sum: 0.1]
      [Object Copy (ms): Min: 15.3, Avg: 17.7, Max: 18.3, Diff: 3.0, Sum: 141.9]
      [Termination (ms): Min: 0.0, Avg: 0.1, Max: 0.1, Diff: 0.1, Sum: 0.7]
         [Termination Attempts: Min: 1, Avg: 92.8, Max: 118, Diff: 117, Sum: 742]
      [GC Worker Other (ms): Min: 0.0, Avg: 0.1, Max: 0.1, Diff: 0.1, Sum: 0.5]
      [GC Worker Total (ms): Min: 25.6, Avg: 25.7, Max: 25.7, Diff: 0.2, Sum: 205.3]
      [GC Worker End (ms): Min: 535420197.2, Avg: 535420197.2, Max: 535420197.3, Diff: 0.1]
   [Code Root Fixup: 0.0 ms]
   [Code Root Purge: 0.0 ms]
   [Clear CT: 0.5 ms]
   [Other: 5.3 ms]
      [Choose CSet: 0.0 ms]
      [Ref Proc: 2.0 ms]
      [Ref Enq: 0.2 ms]
      [Redirty Cards: 0.1 ms]
      [Humongous Register: 0.6 ms]
      [Humongous Reclaim: 0.1 ms]
      [Free CSet: 1.6 ms]
   [Eden: 2994.0M(2994.0M)->0.0B(2968.0M) Survivors: 50.0M->66.0M Heap: 4979.8M(6144.0M)->2001.2M(6144.0M)]
 [Times: user=0.18 sys=0.04, real=0.03 secs] 
2025-07-26T16:41:28.051+0800: 535441.887: [GC pause (G1 Evacuation Pause) (young), 0.0412155 secs]
   [Parallel Time: 32.4 ms, GC Workers: 8]
      [GC Worker Start (ms): Min: 535441889.0, Avg: 535441889.0, Max: 535441889.1, Diff: 0.1]
      [Ext Root Scanning (ms): Min: 2.8, Avg: 3.5, Max: 5.2, Diff: 2.4, Sum: 27.6]
      [Update RS (ms): Min: 18.1, Avg: 19.7, Max: 20.7, Diff: 2.6, Sum: 157.4]
         [Processed Buffers: Min: 102, Avg: 123.2, Max: 140, Diff: 38, Sum: 986]
      [Scan RS (ms): Min: 0.1, Avg: 0.3, Max: 0.4, Diff: 0.3, Sum: 2.4]
      [Code Root Scanning (ms): Min: 0.0, Avg: 0.0, Max: 0.0, Diff: 0.0, Sum: 0.1]
      [Object Copy (ms): Min: 8.3, Avg: 8.6, Max: 8.8, Diff: 0.5, Sum: 68.7]
      [Termination (ms): Min: 0.0, Avg: 0.0, Max: 0.0, Diff: 0.0, Sum: 0.2]
         [Termination Attempts: Min: 1, Avg: 23.2, Max: 30, Diff: 29, Sum: 186]
      [GC Worker Other (ms): Min: 0.1, Avg: 0.1, Max: 0.2, Diff: 0.1, Sum: 1.1]
      [GC Worker Total (ms): Min: 32.1, Avg: 32.2, Max: 32.3, Diff: 0.1, Sum: 257.5]
      [GC Worker End (ms): Min: 535441921.2, Avg: 535441921.2, Max: 535441921.3, Diff: 0.1]
   [Code Root Fixup: 0.0 ms]
   [Code Root Purge: 0.0 ms]
   [Clear CT: 0.6 ms]
   [Other: 8.2 ms]
      [Choose CSet: 0.0 ms]
      [Ref Proc: 1.4 ms]
      [Ref Enq: 0.2 ms]
      [Redirty Cards: 0.1 ms]
      [Humongous Register: 1.5 ms]
      [Humongous Reclaim: 0.3 ms]
      [Free CSet: 3.7 ms]
   [Eden: 2968.0M(2968.0M)->0.0B(2992.0M) Survivors: 66.0M->54.0M Heap: 5065.2M(6144.0M)->1989.2M(6144.0M)]
 [Times: user=0.25 sys=0.01, real=0.04 secs] 
2025-07-26T16:43:08.876+0800: 535542.711: [GC pause (G1 Evacuation Pause) (young), 0.0452510 secs]
   [Parallel Time: 36.4 ms, GC Workers: 8]
      [GC Worker Start (ms): Min: 535542713.6, Avg: 535542713.7, Max: 535542713.9, Diff: 0.3]
      [Ext Root Scanning (ms): Min: 3.1, Avg: 4.6, Max: 13.7, Diff: 10.5, Sum: 36.8]
      [Update RS (ms): Min: 11.0, Avg: 19.6, Max: 21.3, Diff: 10.3, Sum: 156.6]
         [Processed Buffers: Min: 71, Avg: 125.9, Max: 153, Diff: 82, Sum: 1007]
      [Scan RS (ms): Min: 0.1, Avg: 0.3, Max: 0.5, Diff: 0.3, Sum: 2.7]
      [Code Root Scanning (ms): Min: 0.0, Avg: 0.0, Max: 0.0, Diff: 0.0, Sum: 0.1]
      [Object Copy (ms): Min: 11.1, Avg: 11.4, Max: 11.5, Diff: 0.4, Sum: 90.8]
      [Termination (ms): Min: 0.0, Avg: 0.1, Max: 0.1, Diff: 0.1, Sum: 0.8]
         [Termination Attempts: Min: 1, Avg: 11.4, Max: 16, Diff: 15, Sum: 91]
      [GC Worker Other (ms): Min: 0.1, Avg: 0.1, Max: 0.2, Diff: 0.1, Sum: 1.0]
      [GC Worker Total (ms): Min: 36.0, Avg: 36.1, Max: 36.2, Diff: 0.2, Sum: 288.8]
      [GC Worker End (ms): Min: 535542749.8, Avg: 535542749.8, Max: 535542749.9, Diff: 0.1]
   [Code Root Fixup: 0.0 ms]
   [Code Root Purge: 0.0 ms]
   [Clear CT: 0.6 ms]
   [Other: 8.3 ms]
      [Choose CSet: 0.0 ms]
      [Ref Proc: 1.5 ms]
      [Ref Enq: 0.1 ms]
      [Redirty Cards: 0.1 ms]
      [Humongous Register: 1.4 ms]
      [Humongous Reclaim: 0.3 ms]
      [Free CSet: 3.7 ms]
   [Eden: 2992.0M(2992.0M)->0.0B(3018.0M) Survivors: 54.0M->36.0M Heap: 5077.1M(6144.0M)->1972.2M(6144.0M)]
 [Times: user=0.25 sys=0.06, real=0.05 secs] 
2025-07-26T16:56:52.060+0800: 536365.896: [GC pause (G1 Evacuation Pause) (young), 0.0434851 secs]
   [Parallel Time: 30.0 ms, GC Workers: 8]
      [GC Worker Start (ms): Min: 536365900.1, Avg: 536365900.1, Max: 536365900.2, Diff: 0.2]
      [Ext Root Scanning (ms): Min: 3.2, Avg: 4.5, Max: 12.2, Diff: 9.0, Sum: 36.1]
      [Update RS (ms): Min: 7.6, Avg: 15.2, Max: 17.0, Diff: 9.4, Sum: 121.4]
         [Processed Buffers: Min: 57, Avg: 87.5, Max: 102, Diff: 45, Sum: 700]
      [Scan RS (ms): Min: 0.1, Avg: 0.3, Max: 0.4, Diff: 0.3, Sum: 2.5]
      [Code Root Scanning (ms): Min: 0.0, Avg: 0.0, Max: 0.0, Diff: 0.0, Sum: 0.1]
      [Object Copy (ms): Min: 9.3, Avg: 9.6, Max: 9.7, Diff: 0.5, Sum: 76.6]
      [Termination (ms): Min: 0.0, Avg: 0.1, Max: 0.1, Diff: 0.1, Sum: 0.5]
         [Termination Attempts: Min: 1, Avg: 67.6, Max: 81, Diff: 80, Sum: 541]
      [GC Worker Other (ms): Min: 0.1, Avg: 0.1, Max: 0.2, Diff: 0.1, Sum: 1.1]
      [GC Worker Total (ms): Min: 29.7, Avg: 29.8, Max: 29.9, Diff: 0.1, Sum: 238.3]
      [GC Worker End (ms): Min: 536365929.9, Avg: 536365929.9, Max: 536365930.0, Diff: 0.1]
   [Code Root Fixup: 0.0 ms]
   [Code Root Purge: 0.0 ms]
   [Clear CT: 0.6 ms]
   [Other: 12.9 ms]
      [Choose CSet: 0.0 ms]
      [Ref Proc: 4.2 ms]
      [Ref Enq: 0.1 ms]
      [Redirty Cards: 0.1 ms]
      [Humongous Register: 3.3 ms]
      [Humongous Reclaim: 0.3 ms]
      [Free CSet: 3.8 ms]
   [Eden: 3018.0M(3018.0M)->0.0B(3018.0M) Survivors: 36.0M->32.0M Heap: 5060.3M(6144.0M)->1973.2M(6144.0M)]
 [Times: user=0.20 sys=0.05, real=0.04 secs] 
2025-07-26T17:00:41.102+0800: 536594.937: [GC pause (G1 Evacuation Pause) (young), 0.0363649 secs]
   [Parallel Time: 24.4 ms, GC Workers: 8]
      [GC Worker Start (ms): Min: 536594939.6, Avg: 536594939.6, Max: 536594939.7, Diff: 0.1]
      [Ext Root Scanning (ms): Min: 2.9, Avg: 4.2, Max: 11.1, Diff: 8.2, Sum: 33.3]
      [Update RS (ms): Min: 0.0, Avg: 5.4, Max: 6.8, Diff: 6.8, Sum: 43.3]
         [Processed Buffers: Min: 0, Avg: 31.9, Max: 42, Diff: 42, Sum: 255]
      [Scan RS (ms): Min: 0.1, Avg: 0.3, Max: 0.5, Diff: 0.3, Sum: 2.5]
      [Code Root Scanning (ms): Min: 0.0, Avg: 0.0, Max: 0.0, Diff: 0.0, Sum: 0.1]
      [Object Copy (ms): Min: 13.0, Avg: 14.1, Max: 14.4, Diff: 1.4, Sum: 113.0]
      [Termination (ms): Min: 0.0, Avg: 0.0, Max: 0.0, Diff: 0.0, Sum: 0.1]
         [Termination Attempts: Min: 1, Avg: 1.0, Max: 1, Diff: 0, Sum: 8]
      [GC Worker Other (ms): Min: 0.1, Avg: 0.1, Max: 0.2, Diff: 0.1, Sum: 1.0]
      [GC Worker Total (ms): Min: 24.1, Avg: 24.2, Max: 24.3, Diff: 0.1, Sum: 193.4]
      [GC Worker End (ms): Min: 536594963.8, Avg: 536594963.8, Max: 536594963.8, Diff: 0.1]
   [Code Root Fixup: 0.0 ms]
   [Code Root Purge: 0.0 ms]
   [Clear CT: 0.6 ms]
   [Other: 11.3 ms]
      [Choose CSet: 0.0 ms]
      [Ref Proc: 4.3 ms]
      [Ref Enq: 0.1 ms]
      [Redirty Cards: 0.1 ms]
      [Humongous Register: 1.6 ms]
      [Humongous Reclaim: 0.2 ms]
      [Free CSet: 3.9 ms]
   [Eden: 3018.0M(3018.0M)->0.0B(3000.0M) Survivors: 32.0M->38.0M Heap: 5003.2M(6144.0M)->1985.2M(6144.0M)]
 [Times: user=0.17 sys=0.04, real=0.04 secs] 
2025-07-26T17:02:10.593+0800: 536684.429: [GC pause (G1 Evacuation Pause) (young), 0.0513546 secs]
   [Parallel Time: 37.5 ms, GC Workers: 8]
      [GC Worker Start (ms): Min: 536684432.8, Avg: 536684432.9, Max: 536684432.9, Diff: 0.1]
      [Ext Root Scanning (ms): Min: 2.9, Avg: 4.2, Max: 11.2, Diff: 8.3, Sum: 33.3]
      [Update RS (ms): Min: 13.7, Avg: 20.6, Max: 22.1, Diff: 8.4, Sum: 164.7]
         [Processed Buffers: Min: 88, Avg: 119.1, Max: 132, Diff: 44, Sum: 953]
      [Scan RS (ms): Min: 0.1, Avg: 0.3, Max: 0.5, Diff: 0.3, Sum: 2.6]
      [Code Root Scanning (ms): Min: 0.0, Avg: 0.0, Max: 0.0, Diff: 0.0, Sum: 0.1]
      [Object Copy (ms): Min: 11.6, Avg: 12.1, Max: 12.3, Diff: 0.7, Sum: 96.7]
      [Termination (ms): Min: 0.0, Avg: 0.0, Max: 0.0, Diff: 0.0, Sum: 0.1]
         [Termination Attempts: Min: 1, Avg: 7.6, Max: 15, Diff: 14, Sum: 61]
      [GC Worker Other (ms): Min: 0.1, Avg: 0.1, Max: 0.2, Diff: 0.1, Sum: 1.1]
      [GC Worker Total (ms): Min: 37.2, Avg: 37.3, Max: 37.4, Diff: 0.2, Sum: 298.6]
      [GC Worker End (ms): Min: 536684470.1, Avg: 536684470.2, Max: 536684470.2, Diff: 0.1]
   [Code Root Fixup: 0.0 ms]
   [Code Root Purge: 0.0 ms]
   [Clear CT: 0.6 ms]
   [Other: 13.3 ms]
      [Choose CSet: 0.0 ms]
      [Ref Proc: 4.9 ms]
      [Ref Enq: 0.1 ms]
      [Redirty Cards: 0.1 ms]
      [Humongous Register: 3.3 ms]
      [Humongous Reclaim: 0.3 ms]
      [Free CSet: 3.5 ms]
   [Eden: 3000.0M(3000.0M)->0.0B(2996.0M) Survivors: 38.0M->40.0M Heap: 5081.2M(6144.0M)->1987.5M(6144.0M)]
 [Times: user=0.31 sys=0.00, real=0.05 secs] 
2025-07-26T17:03:21.564+0800: 536755.400: [GC pause (G1 Evacuation Pause) (young), 0.0485347 secs]
   [Parallel Time: 39.0 ms, GC Workers: 8]
      [GC Worker Start (ms): Min: 536755402.3, Avg: 536755402.4, Max: 536755402.5, Diff: 0.1]
      [Ext Root Scanning (ms): Min: 2.8, Avg: 4.1, Max: 11.5, Diff: 8.7, Sum: 32.7]
      [Update RS (ms): Min: 15.9, Avg: 23.2, Max: 25.0, Diff: 9.1, Sum: 185.6]
         [Processed Buffers: Min: 103, Avg: 132.1, Max: 146, Diff: 43, Sum: 1057]
      [Scan RS (ms): Min: 0.1, Avg: 0.3, Max: 0.4, Diff: 0.3, Sum: 2.5]
      [Code Root Scanning (ms): Min: 0.0, Avg: 0.0, Max: 0.0, Diff: 0.0, Sum: 0.1]
      [Object Copy (ms): Min: 10.7, Avg: 11.1, Max: 11.2, Diff: 0.5, Sum: 88.7]
      [Termination (ms): Min: 0.0, Avg: 0.0, Max: 0.1, Diff: 0.1, Sum: 0.3]
         [Termination Attempts: Min: 1, Avg: 45.1, Max: 58, Diff: 57, Sum: 361]
      [GC Worker Other (ms): Min: 0.0, Avg: 0.1, Max: 0.3, Diff: 0.2, Sum: 1.1]
      [GC Worker Total (ms): Min: 38.8, Avg: 38.9, Max: 38.9, Diff: 0.1, Sum: 310.9]
      [GC Worker End (ms): Min: 536755441.2, Avg: 536755441.3, Max: 536755441.3, Diff: 0.1]
   [Code Root Fixup: 0.0 ms]
   [Code Root Purge: 0.0 ms]
   [Clear CT: 0.6 ms]
   [Other: 8.9 ms]
      [Choose CSet: 0.0 ms]
      [Ref Proc: 1.8 ms]
      [Ref Enq: 0.1 ms]
      [Redirty Cards: 0.1 ms]
      [Humongous Register: 1.5 ms]
      [Humongous Reclaim: 0.4 ms]
      [Free CSet: 3.7 ms]
   [Eden: 2996.0M(2996.0M)->0.0B(3008.0M) Survivors: 40.0M->38.0M Heap: 5096.5M(6144.0M)->1984.4M(6144.0M)]
 [Times: user=0.32 sys=0.00, real=0.05 secs] 
2025-07-26T17:05:40.039+0800: 536893.874: [GC pause (G1 Evacuation Pause) (young), 0.0384718 secs]
   [Parallel Time: 32.0 ms, GC Workers: 8]
      [GC Worker Start (ms): Min: 536893875.5, Avg: 536893875.5, Max: 536893875.6, Diff: 0.1]
      [Ext Root Scanning (ms): Min: 2.3, Avg: 3.6, Max: 10.2, Diff: 7.9, Sum: 28.4]
      [Update RS (ms): Min: 12.5, Avg: 19.0, Max: 20.5, Diff: 8.1, Sum: 151.7]
         [Processed Buffers: Min: 82, Avg: 142.1, Max: 168, Diff: 86, Sum: 1137]
      [Scan RS (ms): Min: 1.5, Avg: 1.9, Max: 2.0, Diff: 0.5, Sum: 15.2]
      [Code Root Scanning (ms): Min: 0.0, Avg: 0.0, Max: 0.0, Diff: 0.0, Sum: 0.1]
      [Object Copy (ms): Min: 7.2, Avg: 7.4, Max: 7.5, Diff: 0.3, Sum: 59.0]
      [Termination (ms): Min: 0.0, Avg: 0.0, Max: 0.0, Diff: 0.0, Sum: 0.3]
         [Termination Attempts: Min: 1, Avg: 7.0, Max: 10, Diff: 9, Sum: 56]
      [GC Worker Other (ms): Min: 0.0, Avg: 0.1, Max: 0.1, Diff: 0.1, Sum: 0.4]
      [GC Worker Total (ms): Min: 31.8, Avg: 31.9, Max: 31.9, Diff: 0.1, Sum: 255.1]
      [GC Worker End (ms): Min: 536893907.4, Avg: 536893907.4, Max: 536893907.4, Diff: 0.1]
   [Code Root Fixup: 0.0 ms]
   [Code Root Purge: 0.0 ms]
   [Clear CT: 0.6 ms]
   [Other: 5.8 ms]
      [Choose CSet: 0.0 ms]
      [Ref Proc: 1.9 ms]
      [Ref Enq: 0.1 ms]
      [Redirty Cards: 0.2 ms]
      [Humongous Register: 0.6 ms]
      [Humongous Reclaim: 0.5 ms]
      [Free CSet: 1.8 ms]
   [Eden: 3008.0M(3008.0M)->0.0B(3010.0M) Survivors: 38.0M->32.0M Heap: 5199.5M(6144.0M)->1981.7M(6144.0M)]
 [Times: user=0.24 sys=0.02, real=0.04 secs] 
2025-07-26T17:08:20.394+0800: 537054.229: [GC pause (G1 Evacuation Pause) (young), 0.0487881 secs]
   [Parallel Time: 37.1 ms, GC Workers: 8]
      [GC Worker Start (ms): Min: 537054231.0, Avg: 537054231.1, Max: 537054231.2, Diff: 0.2]
      [Ext Root Scanning (ms): Min: 2.8, Avg: 4.1, Max: 11.0, Diff: 8.2, Sum: 32.5]
      [Update RS (ms): Min: 15.0, Avg: 21.8, Max: 23.5, Diff: 8.5, Sum: 174.4]
         [Processed Buffers: Min: 115, Avg: 143.4, Max: 163, Diff: 48, Sum: 1147]
      [Scan RS (ms): Min: 1.2, Avg: 1.7, Max: 1.9, Diff: 0.7, Sum: 13.9]
      [Code Root Scanning (ms): Min: 0.0, Avg: 0.0, Max: 0.0, Diff: 0.0, Sum: 0.1]
      [Object Copy (ms): Min: 9.0, Avg: 9.2, Max: 9.3, Diff: 0.3, Sum: 73.5]
      [Termination (ms): Min: 0.0, Avg: 0.0, Max: 0.0, Diff: 0.0, Sum: 0.0]
         [Termination Attempts: Min: 1, Avg: 4.5, Max: 6, Diff: 5, Sum: 36]
      [GC Worker Other (ms): Min: 0.1, Avg: 0.1, Max: 0.2, Diff: 0.1, Sum: 1.0]
      [GC Worker Total (ms): Min: 36.7, Avg: 36.9, Max: 37.0, Diff: 0.2, Sum: 295.3]
      [GC Worker End (ms): Min: 537054267.9, Avg: 537054268.0, Max: 537054268.0, Diff: 0.1]
   [Code Root Fixup: 0.0 ms]
   [Code Root Purge: 0.0 ms]
   [Clear CT: 0.6 ms]
   [Other: 11.0 ms]
      [Choose CSet: 0.0 ms]
      [Ref Proc: 4.5 ms]
      [Ref Enq: 0.1 ms]
      [Redirty Cards: 0.1 ms]
      [Humongous Register: 1.3 ms]
      [Humongous Reclaim: 0.5 ms]
      [Free CSet: 3.7 ms]
   [Eden: 3010.0M(3010.0M)->0.0B(3002.0M) Survivors: 32.0M->40.0M Heap: 5167.8M(6144.0M)->1986.9M(6144.0M)]
 [Times: user=0.27 sys=0.04, real=0.05 secs] 
2025-07-26T17:09:39.161+0800: 537132.996: [GC pause (GCLocker Initiated GC) (young), 0.0412600 secs]
   [Parallel Time: 29.3 ms, GC Workers: 8]
      [GC Worker Start (ms): Min: 537133000.8, Avg: 537133001.0, Max: 537133001.1, Diff: 0.2]
      [Ext Root Scanning (ms): Min: 3.1, Avg: 4.4, Max: 12.1, Diff: 9.0, Sum: 35.5]
      [Update RS (ms): Min: 7.8, Avg: 15.2, Max: 17.1, Diff: 9.3, Sum: 122.0]
         [Processed Buffers: Min: 70, Avg: 105.5, Max: 120, Diff: 50, Sum: 844]
      [Scan RS (ms): Min: 0.9, Avg: 1.7, Max: 1.9, Diff: 1.0, Sum: 13.3]
      [Code Root Scanning (ms): Min: 0.0, Avg: 0.0, Max: 0.0, Diff: 0.0, Sum: 0.1]
      [Object Copy (ms): Min: 7.4, Avg: 7.5, Max: 7.7, Diff: 0.3, Sum: 60.3]
      [Termination (ms): Min: 0.0, Avg: 0.0, Max: 0.0, Diff: 0.0, Sum: 0.0]
         [Termination Attempts: Min: 1, Avg: 1.0, Max: 1, Diff: 0, Sum: 8]
      [GC Worker Other (ms): Min: 0.1, Avg: 0.1, Max: 0.2, Diff: 0.1, Sum: 1.1]
      [GC Worker Total (ms): Min: 29.0, Avg: 29.0, Max: 29.2, Diff: 0.2, Sum: 232.3]
      [GC Worker End (ms): Min: 537133030.0, Avg: 537133030.0, Max: 537133030.1, Diff: 0.1]
   [Code Root Fixup: 0.0 ms]
   [Code Root Purge: 0.0 ms]
   [Clear CT: 0.7 ms]
   [Other: 11.2 ms]
      [Choose CSet: 0.0 ms]
      [Ref Proc: 1.7 ms]
      [Ref Enq: 0.1 ms]
      [Redirty Cards: 0.1 ms]
      [Humongous Register: 3.5 ms]
      [Humongous Reclaim: 0.6 ms]
      [Free CSet: 4.1 ms]
   [Eden: 3004.0M(3002.0M)->0.0B(3008.0M) Survivors: 40.0M->32.0M Heap: 5127.2M(6144.0M)->1984.2M(6144.0M)]
 [Times: user=0.20 sys=0.06, real=0.04 secs] 
2025-07-26T17:10:11.050+0800: 537164.885: [GC pause (G1 Evacuation Pause) (young), 0.0383126 secs]
   [Parallel Time: 25.0 ms, GC Workers: 8]
      [GC Worker Start (ms): Min: 537164889.7, Avg: 537164889.8, Max: 537164889.9, Diff: 0.1]
      [Ext Root Scanning (ms): Min: 3.4, Avg: 4.8, Max: 13.0, Diff: 9.7, Sum: 38.5]
      [Update RS (ms): Min: 0.0, Avg: 4.5, Max: 5.8, Diff: 5.8, Sum: 36.4]
         [Processed Buffers: Min: 0, Avg: 31.9, Max: 57, Diff: 57, Sum: 255]
      [Scan RS (ms): Min: 0.1, Avg: 0.3, Max: 0.5, Diff: 0.4, Sum: 2.4]
      [Code Root Scanning (ms): Min: 0.0, Avg: 0.0, Max: 0.0, Diff: 0.0, Sum: 0.1]
      [Object Copy (ms): Min: 11.6, Avg: 15.0, Max: 15.7, Diff: 4.1, Sum: 120.3]
      [Termination (ms): Min: 0.0, Avg: 0.0, Max: 0.0, Diff: 0.0, Sum: 0.0]
         [Termination Attempts: Min: 1, Avg: 1.0, Max: 1, Diff: 0, Sum: 8]
      [GC Worker Other (ms): Min: 0.0, Avg: 0.1, Max: 0.2, Diff: 0.2, Sum: 1.2]
      [GC Worker Total (ms): Min: 24.8, Avg: 24.8, Max: 24.9, Diff: 0.1, Sum: 198.8]
      [GC Worker End (ms): Min: 537164914.6, Avg: 537164914.7, Max: 537164914.7, Diff: 0.1]
   [Code Root Fixup: 0.0 ms]
   [Code Root Purge: 0.0 ms]
   [Clear CT: 0.5 ms]
   [Other: 12.7 ms]
      [Choose CSet: 0.0 ms]
      [Ref Proc: 3.3 ms]
      [Ref Enq: 0.2 ms]
      [Redirty Cards: 0.1 ms]
      [Humongous Register: 3.5 ms]
      [Humongous Reclaim: 0.1 ms]
      [Free CSet: 4.2 ms]
   [Eden: 3008.0M(3008.0M)->0.0B(2940.0M) Survivors: 32.0M->58.0M Heap: 4998.2M(6144.0M)->2019.4M(6144.0M)]
 [Times: user=0.07 sys=0.15, real=0.04 secs] 
2025-07-26T17:10:30.586+0800: 537184.422: [GC pause (GCLocker Initiated GC) (young), 0.0403453 secs]
   [Parallel Time: 28.8 ms, GC Workers: 8]
      [GC Worker Start (ms): Min: 537184425.9, Avg: 537184426.0, Max: 537184426.0, Diff: 0.1]
      [Ext Root Scanning (ms): Min: 3.1, Avg: 4.4, Max: 11.7, Diff: 8.7, Sum: 35.0]
      [Update RS (ms): Min: 5.1, Avg: 12.1, Max: 13.8, Diff: 8.7, Sum: 96.5]
         [Processed Buffers: Min: 49, Avg: 73.6, Max: 91, Diff: 42, Sum: 589]
      [Scan RS (ms): Min: 0.1, Avg: 0.3, Max: 0.4, Diff: 0.3, Sum: 2.6]
      [Code Root Scanning (ms): Min: 0.0, Avg: 0.0, Max: 0.0, Diff: 0.0, Sum: 0.1]
      [Object Copy (ms): Min: 11.3, Avg: 11.6, Max: 11.9, Diff: 0.6, Sum: 93.2]
      [Termination (ms): Min: 0.0, Avg: 0.0, Max: 0.0, Diff: 0.0, Sum: 0.0]
         [Termination Attempts: Min: 1, Avg: 1.6, Max: 3, Diff: 2, Sum: 13]
      [GC Worker Other (ms): Min: 0.1, Avg: 0.2, Max: 0.2, Diff: 0.1, Sum: 1.2]
      [GC Worker Total (ms): Min: 28.5, Avg: 28.6, Max: 28.7, Diff: 0.2, Sum: 228.6]
      [GC Worker End (ms): Min: 537184454.5, Avg: 537184454.5, Max: 537184454.6, Diff: 0.1]
   [Code Root Fixup: 0.0 ms]
   [Code Root Purge: 0.0 ms]
   [Clear CT: 0.5 ms]
   [Other: 11.0 ms]
      [Choose CSet: 0.0 ms]
      [Ref Proc: 2.5 ms]
      [Ref Enq: 0.1 ms]
      [Redirty Cards: 0.1 ms]
      [Humongous Register: 3.4 ms]
      [Humongous Reclaim: 0.2 ms]
      [Free CSet: 3.6 ms]
   [Eden: 2942.0M(2940.0M)->0.0B(2958.0M) Survivors: 58.0M->48.0M Heap: 5005.4M(6144.0M)->2010.7M(6144.0M)]
 [Times: user=0.20 sys=0.03, real=0.04 secs] 
2025-07-26T17:10:54.002+0800: 537207.837: [GC pause (G1 Evacuation Pause) (young), 0.0342335 secs]
   [Parallel Time: 21.5 ms, GC Workers: 8]
      [GC Worker Start (ms): Min: 537207841.6, Avg: 537207841.7, Max: 537207841.8, Diff: 0.2]
      [Ext Root Scanning (ms): Min: 3.4, Avg: 4.9, Max: 13.1, Diff: 9.8, Sum: 39.2]
      [Update RS (ms): Min: 0.0, Avg: 3.6, Max: 4.7, Diff: 4.7, Sum: 29.0]
         [Processed Buffers: Min: 0, Avg: 25.4, Max: 45, Diff: 45, Sum: 203]
      [Scan RS (ms): Min: 0.1, Avg: 0.3, Max: 0.5, Diff: 0.4, Sum: 2.6]
      [Code Root Scanning (ms): Min: 0.0, Avg: 0.0, Max: 0.0, Diff: 0.0, Sum: 0.1]
      [Object Copy (ms): Min: 8.0, Avg: 12.3, Max: 13.2, Diff: 5.3, Sum: 98.2]
      [Termination (ms): Min: 0.0, Avg: 0.0, Max: 0.0, Diff: 0.0, Sum: 0.1]
         [Termination Attempts: Min: 1, Avg: 18.2, Max: 25, Diff: 24, Sum: 146]
      [GC Worker Other (ms): Min: 0.1, Avg: 0.2, Max: 0.2, Diff: 0.1, Sum: 1.4]
      [GC Worker Total (ms): Min: 21.3, Avg: 21.3, Max: 21.4, Diff: 0.1, Sum: 170.7]
      [GC Worker End (ms): Min: 537207863.0, Avg: 537207863.1, Max: 537207863.1, Diff: 0.1]
   [Code Root Fixup: 0.0 ms]
   [Code Root Purge: 0.0 ms]
   [Clear CT: 0.7 ms]
   [Other: 12.0 ms]
      [Choose CSet: 0.0 ms]
      [Ref Proc: 2.4 ms]
      [Ref Enq: 0.1 ms]
      [Redirty Cards: 0.1 ms]
      [Humongous Register: 3.6 ms]
      [Humongous Reclaim: 0.2 ms]
      [Free CSet: 4.3 ms]
   [Eden: 2958.0M(2958.0M)->0.0B(2936.0M) Survivors: 48.0M->58.0M Heap: 4968.7M(6144.0M)->2023.7M(6144.0M)]
 [Times: user=0.08 sys=0.11, real=0.03 secs] 
2025-07-26T17:11:23.277+0800: 537237.113: [GC pause (G1 Evacuation Pause) (young), 0.0307905 secs]
   [Parallel Time: 24.3 ms, GC Workers: 8]
      [GC Worker Start (ms): Min: 537237114.1, Avg: 537237114.1, Max: 537237114.1, Diff: 0.1]
      [Ext Root Scanning (ms): Min: 2.4, Avg: 3.4, Max: 9.8, Diff: 7.5, Sum: 27.5]
      [Update RS (ms): Min: 0.5, Avg: 6.6, Max: 7.8, Diff: 7.4, Sum: 53.2]
         [Processed Buffers: Min: 28, Avg: 51.1, Max: 69, Diff: 41, Sum: 409]
      [Scan RS (ms): Min: 0.1, Avg: 0.3, Max: 0.4, Diff: 0.2, Sum: 2.3]
      [Code Root Scanning (ms): Min: 0.0, Avg: 0.0, Max: 0.0, Diff: 0.0, Sum: 0.1]
      [Object Copy (ms): Min: 13.5, Avg: 13.7, Max: 13.8, Diff: 0.2, Sum: 109.3]
      [Termination (ms): Min: 0.0, Avg: 0.1, Max: 0.1, Diff: 0.1, Sum: 0.6]
         [Termination Attempts: Min: 1, Avg: 4.0, Max: 7, Diff: 6, Sum: 32]
      [GC Worker Other (ms): Min: 0.0, Avg: 0.0, Max: 0.0, Diff: 0.0, Sum: 0.2]
      [GC Worker Total (ms): Min: 24.1, Avg: 24.1, Max: 24.2, Diff: 0.1, Sum: 193.1]
      [GC Worker End (ms): Min: 537237138.2, Avg: 537237138.2, Max: 537237138.3, Diff: 0.0]
   [Code Root Fixup: 0.0 ms]
   [Code Root Purge: 0.0 ms]
   [Clear CT: 0.5 ms]
   [Other: 6.0 ms]
      [Choose CSet: 0.0 ms]
      [Ref Proc: 2.1 ms]
      [Ref Enq: 0.2 ms]
      [Redirty Cards: 0.1 ms]
      [Humongous Register: 0.7 ms]
      [Humongous Reclaim: 0.2 ms]
      [Free CSet: 1.5 ms]
   [Eden: 2936.0M(2936.0M)->0.0B(2936.0M) Survivors: 58.0M->50.0M Heap: 4995.7M(6144.0M)->2024.5M(6144.0M)]
 [Times: user=0.18 sys=0.02, real=0.03 secs] 
2025-07-26T17:11:46.577+0800: 537260.413: [GC pause (G1 Evacuation Pause) (young), 0.0401072 secs]
   [Parallel Time: 28.6 ms, GC Workers: 8]
      [GC Worker Start (ms): Min: 537260417.0, Avg: 537260417.0, Max: 537260417.1, Diff: 0.2]
      [Ext Root Scanning (ms): Min: 3.3, Avg: 4.5, Max: 11.7, Diff: 8.5, Sum: 35.8]
      [Update RS (ms): Min: 6.3, Avg: 13.4, Max: 15.1, Diff: 8.8, Sum: 107.4]
         [Processed Buffers: Min: 57, Avg: 83.8, Max: 96, Diff: 39, Sum: 670]
      [Scan RS (ms): Min: 0.1, Avg: 0.3, Max: 0.4, Diff: 0.3, Sum: 2.4]
      [Code Root Scanning (ms): Min: 0.0, Avg: 0.0, Max: 0.0, Diff: 0.0, Sum: 0.1]
      [Object Copy (ms): Min: 9.7, Avg: 10.1, Max: 10.3, Diff: 0.6, Sum: 80.9]
      [Termination (ms): Min: 0.0, Avg: 0.0, Max: 0.0, Diff: 0.0, Sum: 0.0]
         [Termination Attempts: Min: 1, Avg: 2.2, Max: 3, Diff: 2, Sum: 18]
      [GC Worker Other (ms): Min: 0.1, Avg: 0.1, Max: 0.2, Diff: 0.1, Sum: 1.2]
      [GC Worker Total (ms): Min: 28.4, Avg: 28.5, Max: 28.6, Diff: 0.2, Sum: 227.7]
      [GC Worker End (ms): Min: 537260445.5, Avg: 537260445.5, Max: 537260445.5, Diff: 0.1]
   [Code Root Fixup: 0.0 ms]
   [Code Root Purge: 0.0 ms]
   [Clear CT: 0.5 ms]
   [Other: 10.9 ms]
      [Choose CSet: 0.0 ms]
      [Ref Proc: 2.0 ms]
      [Ref Enq: 0.2 ms]
      [Redirty Cards: 0.1 ms]
      [Humongous Register: 3.5 ms]
      [Humongous Reclaim: 0.4 ms]
      [Free CSet: 3.6 ms]
   [Eden: 2936.0M(2936.0M)->0.0B(2960.0M) Survivors: 50.0M->50.0M Heap: 5024.5M(6144.0M)->2013.3M(6144.0M)]
 [Times: user=0.20 sys=0.04, real=0.04 secs] 
2025-07-26T17:12:28.051+0800: 537301.886: [GC pause (G1 Evacuation Pause) (young), 0.0438074 secs]
   [Parallel Time: 33.3 ms, GC Workers: 8]
      [GC Worker Start (ms): Min: 537301888.6, Avg: 537301888.6, Max: 537301888.7, Diff: 0.1]
      [Ext Root Scanning (ms): Min: 3.1, Avg: 4.5, Max: 12.4, Diff: 9.3, Sum: 35.7]
      [Update RS (ms): Min: 12.0, Avg: 19.7, Max: 21.6, Diff: 9.6, Sum: 157.6]
         [Processed Buffers: Min: 96, Avg: 124.1, Max: 135, Diff: 39, Sum: 993]
      [Scan RS (ms): Min: 0.1, Avg: 0.3, Max: 0.4, Diff: 0.4, Sum: 2.7]
      [Code Root Scanning (ms): Min: 0.0, Avg: 0.0, Max: 0.0, Diff: 0.0, Sum: 0.1]
      [Object Copy (ms): Min: 4.9, Avg: 5.6, Max: 6.3, Diff: 1.4, Sum: 45.2]
      [Termination (ms): Min: 2.0, Avg: 2.8, Max: 3.4, Diff: 1.3, Sum: 22.1]
         [Termination Attempts: Min: 198, Avg: 323.9, Max: 452, Diff: 254, Sum: 2591]
      [GC Worker Other (ms): Min: 0.0, Avg: 0.1, Max: 0.2, Diff: 0.1, Sum: 0.9]
      [GC Worker Total (ms): Min: 32.9, Avg: 33.0, Max: 33.1, Diff: 0.2, Sum: 264.1]
      [GC Worker End (ms): Min: 537301921.6, Avg: 537301921.7, Max: 537301921.8, Diff: 0.2]
   [Code Root Fixup: 0.0 ms]
   [Code Root Purge: 0.0 ms]
   [Clear CT: 0.4 ms]
   [Other: 10.1 ms]
      [Choose CSet: 0.0 ms]
      [Ref Proc: 3.1 ms]
      [Ref Enq: 0.2 ms]
      [Redirty Cards: 0.1 ms]
      [Humongous Register: 1.5 ms]
      [Humongous Reclaim: 0.4 ms]
      [Free CSet: 3.8 ms]
   [Eden: 2960.0M(2960.0M)->0.0B(3004.0M) Survivors: 50.0M->24.0M Heap: 5081.1M(6144.0M)->1988.4M(6144.0M)]
 [Times: user=0.24 sys=0.02, real=0.04 secs] 
2025-07-26T17:13:57.566+0800: 537391.402: [GC pause (G1 Evacuation Pause) (young), 0.0570212 secs]
   [Parallel Time: 41.3 ms, GC Workers: 8]
      [GC Worker Start (ms): Min: 537391403.8, Avg: 537391403.9, Max: 537391404.0, Diff: 0.3]
      [Ext Root Scanning (ms): Min: 3.0, Avg: 4.3, Max: 11.4, Diff: 8.4, Sum: 34.6]
      [Update RS (ms): Min: 13.1, Avg: 20.0, Max: 22.0, Diff: 8.9, Sum: 159.6]
         [Processed Buffers: Min: 95, Avg: 125.4, Max: 138, Diff: 43, Sum: 1003]
      [Scan RS (ms): Min: 0.1, Avg: 0.3, Max: 0.5, Diff: 0.3, Sum: 2.8]
      [Code Root Scanning (ms): Min: 0.0, Avg: 0.0, Max: 0.0, Diff: 0.0, Sum: 0.1]
      [Object Copy (ms): Min: 13.4, Avg: 14.3, Max: 16.0, Diff: 2.6, Sum: 114.0]
      [Termination (ms): Min: 0.0, Avg: 1.9, Max: 2.2, Diff: 2.2, Sum: 15.5]
         [Termination Attempts: Min: 1, Avg: 20.1, Max: 25, Diff: 24, Sum: 161]
      [GC Worker Other (ms): Min: 0.0, Avg: 0.1, Max: 0.2, Diff: 0.1, Sum: 1.0]
      [GC Worker Total (ms): Min: 40.8, Avg: 40.9, Max: 41.1, Diff: 0.4, Sum: 327.6]
      [GC Worker End (ms): Min: 537391444.7, Avg: 537391444.9, Max: 537391444.9, Diff: 0.2]
   [Code Root Fixup: 0.3 ms]
   [Code Root Purge: 0.0 ms]
   [Clear CT: 1.4 ms]
   [Other: 14.0 ms]
      [Choose CSet: 0.0 ms]
      [Ref Proc: 3.9 ms]
      [Ref Enq: 0.1 ms]
      [Redirty Cards: 0.1 ms]
      [Humongous Register: 1.6 ms]
      [Humongous Reclaim: 2.6 ms]
      [Free CSet: 4.1 ms]
   [Eden: 3004.0M(3004.0M)->0.0B(2962.0M) Survivors: 24.0M->42.0M Heap: 5106.1M(6144.0M)->2014.2M(6144.0M)]
 [Times: user=0.26 sys=0.10, real=0.06 secs] 
2025-07-26T17:15:08.812+0800: 537462.647: [GC pause (G1 Evacuation Pause) (young), 0.0462102 secs]
   [Parallel Time: 33.8 ms, GC Workers: 8]
      [GC Worker Start (ms): Min: 537462649.4, Avg: 537462649.5, Max: 537462649.7, Diff: 0.3]
      [Ext Root Scanning (ms): Min: 3.5, Avg: 4.7, Max: 11.4, Diff: 7.8, Sum: 38.0]
      [Update RS (ms): Min: 15.0, Avg: 20.5, Max: 21.6, Diff: 6.7, Sum: 163.8]
         [Processed Buffers: Min: 77, Avg: 122.1, Max: 148, Diff: 71, Sum: 977]
      [Scan RS (ms): Min: 0.1, Avg: 0.4, Max: 0.5, Diff: 0.4, Sum: 3.1]
      [Code Root Scanning (ms): Min: 0.0, Avg: 0.0, Max: 0.0, Diff: 0.0, Sum: 0.1]
      [Object Copy (ms): Min: 7.0, Avg: 7.7, Max: 7.8, Diff: 0.8, Sum: 61.5]
      [Termination (ms): Min: 0.0, Avg: 0.0, Max: 0.0, Diff: 0.0, Sum: 0.0]
         [Termination Attempts: Min: 1, Avg: 3.0, Max: 5, Diff: 4, Sum: 24]
      [GC Worker Other (ms): Min: 0.1, Avg: 0.2, Max: 0.2, Diff: 0.1, Sum: 1.3]
      [GC Worker Total (ms): Min: 33.3, Avg: 33.5, Max: 33.6, Diff: 0.3, Sum: 267.8]
      [GC Worker End (ms): Min: 537462683.0, Avg: 537462683.0, Max: 537462683.0, Diff: 0.1]
   [Code Root Fixup: 0.0 ms]
   [Code Root Purge: 0.0 ms]
   [Clear CT: 0.5 ms]
   [Other: 11.9 ms]
      [Choose CSet: 0.0 ms]
      [Ref Proc: 3.2 ms]
      [Ref Enq: 0.1 ms]
      [Redirty Cards: 0.1 ms]
      [Humongous Register: 1.6 ms]
      [Humongous Reclaim: 0.5 ms]
      [Free CSet: 5.3 ms]
   [Eden: 2962.0M(2962.0M)->0.0B(2976.0M) Survivors: 42.0M->28.0M Heap: 5084.0M(6144.0M)->2006.4M(6144.0M)]
 [Times: user=0.24 sys=0.04, real=0.05 secs] 
2025-07-26T17:17:00.550+0800: 537574.386: [GC pause (G1 Evacuation Pause) (young), 0.0517452 secs]
   [Parallel Time: 36.5 ms, GC Workers: 8]
      [GC Worker Start (ms): Min: 537574392.6, Avg: 537574392.7, Max: 537574392.8, Diff: 0.1]
      [Ext Root Scanning (ms): Min: 2.2, Avg: 4.3, Max: 11.1, Diff: 8.9, Sum: 34.5]
      [Update RS (ms): Min: 17.4, Avg: 23.7, Max: 25.6, Diff: 8.2, Sum: 189.5]
         [Processed Buffers: Min: 114, Avg: 148.1, Max: 166, Diff: 52, Sum: 1185]
      [Scan RS (ms): Min: 0.1, Avg: 0.3, Max: 0.4, Diff: 0.3, Sum: 2.5]
      [Code Root Scanning (ms): Min: 0.0, Avg: 0.0, Max: 0.0, Diff: 0.0, Sum: 0.1]
      [Object Copy (ms): Min: 6.8, Avg: 7.8, Max: 8.9, Diff: 2.1, Sum: 62.0]
      [Termination (ms): Min: 0.0, Avg: 0.1, Max: 0.1, Diff: 0.1, Sum: 0.8]
         [Termination Attempts: Min: 1, Avg: 1.0, Max: 1, Diff: 0, Sum: 8]
      [GC Worker Other (ms): Min: 0.0, Avg: 0.1, Max: 0.2, Diff: 0.2, Sum: 0.9]
      [GC Worker Total (ms): Min: 36.2, Avg: 36.3, Max: 36.4, Diff: 0.2, Sum: 290.3]
      [GC Worker End (ms): Min: 537574428.9, Avg: 537574429.0, Max: 537574429.0, Diff: 0.1]
   [Code Root Fixup: 0.0 ms]
   [Code Root Purge: 0.0 ms]
   [Clear CT: 0.7 ms]
   [Other: 14.5 ms]
      [Choose CSet: 0.0 ms]
      [Ref Proc: 2.1 ms]
      [Ref Enq: 0.1 ms]
      [Redirty Cards: 0.1 ms]
      [Humongous Register: 5.8 ms]
      [Humongous Reclaim: 0.7 ms]
      [Free CSet: 4.3 ms]
   [Eden: 2976.0M(2976.0M)->0.0B(3002.0M) Survivors: 28.0M->28.0M Heap: 5128.5M(6144.0M)->1994.6M(6144.0M)]
 [Times: user=0.26 sys=0.05, real=0.05 secs] 
2025-07-26T17:18:35.715+0800: 537669.550: [GC pause (G1 Evacuation Pause) (young), 0.0393094 secs]
   [Parallel Time: 30.6 ms, GC Workers: 8]
      [GC Worker Start (ms): Min: 537669552.3, Avg: 537669552.4, Max: 537669552.5, Diff: 0.2]
      [Ext Root Scanning (ms): Min: 2.8, Avg: 4.0, Max: 10.5, Diff: 7.7, Sum: 31.9]
      [Update RS (ms): Min: 13.9, Avg: 20.0, Max: 21.7, Diff: 7.8, Sum: 159.7]
         [Processed Buffers: Min: 86, Avg: 129.9, Max: 144, Diff: 58, Sum: 1039]
      [Scan RS (ms): Min: 0.1, Avg: 0.4, Max: 0.6, Diff: 0.5, Sum: 3.3]
      [Code Root Scanning (ms): Min: 0.0, Avg: 0.0, Max: 0.0, Diff: 0.0, Sum: 0.1]
      [Object Copy (ms): Min: 5.6, Avg: 5.9, Max: 6.0, Diff: 0.5, Sum: 47.1]
      [Termination (ms): Min: 0.0, Avg: 0.0, Max: 0.0, Diff: 0.0, Sum: 0.1]
         [Termination Attempts: Min: 1, Avg: 6.8, Max: 11, Diff: 10, Sum: 54]
      [GC Worker Other (ms): Min: 0.1, Avg: 0.1, Max: 0.2, Diff: 0.1, Sum: 1.0]
      [GC Worker Total (ms): Min: 30.3, Avg: 30.4, Max: 30.5, Diff: 0.2, Sum: 243.2]
      [GC Worker End (ms): Min: 537669582.7, Avg: 537669582.8, Max: 537669582.8, Diff: 0.1]
   [Code Root Fixup: 0.0 ms]
   [Code Root Purge: 0.0 ms]
   [Clear CT: 0.6 ms]
   [Other: 8.0 ms]
      [Choose CSet: 0.0 ms]
      [Ref Proc: 1.6 ms]
      [Ref Enq: 0.1 ms]
      [Redirty Cards: 0.1 ms]
      [Humongous Register: 1.4 ms]
      [Humongous Reclaim: 0.5 ms]
      [Free CSet: 3.5 ms]
   [Eden: 3002.0M(3002.0M)->0.0B(3002.0M) Survivors: 28.0M->28.0M Heap: 5156.4M(6144.0M)->1994.2M(6144.0M)]
 [Times: user=0.23 sys=0.02, real=0.04 secs] 
2025-07-26T17:19:42.566+0800: 537736.402: [GC pause (G1 Evacuation Pause) (young), 0.0433701 secs]
   [Parallel Time: 32.4 ms, GC Workers: 8]
      [GC Worker Start (ms): Min: 537736405.9, Avg: 537736406.0, Max: 537736406.0, Diff: 0.1]
      [Ext Root Scanning (ms): Min: 2.9, Avg: 4.2, Max: 11.3, Diff: 8.3, Sum: 34.0]
      [Update RS (ms): Min: 14.3, Avg: 20.2, Max: 21.3, Diff: 7.0, Sum: 161.3]
         [Processed Buffers: Min: 62, Avg: 113.0, Max: 137, Diff: 75, Sum: 904]
      [Scan RS (ms): Min: 0.1, Avg: 0.5, Max: 0.6, Diff: 0.5, Sum: 3.6]
      [Code Root Scanning (ms): Min: 0.0, Avg: 0.0, Max: 0.0, Diff: 0.0, Sum: 0.1]
      [Object Copy (ms): Min: 5.1, Avg: 6.0, Max: 6.6, Diff: 1.5, Sum: 48.2]
      [Termination (ms): Min: 0.6, Avg: 1.1, Max: 1.5, Diff: 0.9, Sum: 9.2]
         [Termination Attempts: Min: 54, Avg: 155.6, Max: 271, Diff: 217, Sum: 1245]
      [GC Worker Other (ms): Min: 0.1, Avg: 0.1, Max: 0.2, Diff: 0.1, Sum: 1.1]
      [GC Worker Total (ms): Min: 32.1, Avg: 32.2, Max: 32.3, Diff: 0.2, Sum: 257.5]
      [GC Worker End (ms): Min: 537736438.1, Avg: 537736438.1, Max: 537736438.2, Diff: 0.1]
   [Code Root Fixup: 0.0 ms]
   [Code Root Purge: 0.0 ms]
   [Clear CT: 0.7 ms]
   [Other: 10.2 ms]
      [Choose CSet: 0.0 ms]
      [Ref Proc: 1.9 ms]
      [Ref Enq: 0.1 ms]
      [Redirty Cards: 0.1 ms]
      [Humongous Register: 3.2 ms]
      [Humongous Reclaim: 0.3 ms]
      [Free CSet: 3.6 ms]
   [Eden: 3002.0M(3002.0M)->0.0B(3012.0M) Survivors: 28.0M->22.0M Heap: 5092.0M(6144.0M)->1988.7M(6144.0M)]
 [Times: user=0.24 sys=0.03, real=0.05 secs] 
2025-07-26T17:24:40.211+0800: 538034.046: [GC pause (G1 Evacuation Pause) (young), 0.0395354 secs]
   [Parallel Time: 28.5 ms, GC Workers: 8]
      [GC Worker Start (ms): Min: 538034048.6, Avg: 538034048.8, Max: 538034048.9, Diff: 0.2]
      [Ext Root Scanning (ms): Min: 4.1, Avg: 5.3, Max: 12.7, Diff: 8.6, Sum: 42.5]
      [Update RS (ms): Min: 3.8, Avg: 10.9, Max: 12.8, Diff: 9.0, Sum: 87.3]
         [Processed Buffers: Min: 34, Avg: 59.9, Max: 72, Diff: 38, Sum: 479]
      [Scan RS (ms): Min: 0.1, Avg: 0.5, Max: 0.7, Diff: 0.6, Sum: 4.3]
      [Code Root Scanning (ms): Min: 0.0, Avg: 0.0, Max: 0.0, Diff: 0.0, Sum: 0.1]
      [Object Copy (ms): Min: 6.8, Avg: 7.4, Max: 8.8, Diff: 2.0, Sum: 59.5]
      [Termination (ms): Min: 2.6, Avg: 3.8, Max: 4.7, Diff: 2.1, Sum: 30.8]
         [Termination Attempts: Min: 187, Avg: 408.6, Max: 575, Diff: 388, Sum: 3269]
      [GC Worker Other (ms): Min: 0.1, Avg: 0.1, Max: 0.2, Diff: 0.2, Sum: 1.2]
      [GC Worker Total (ms): Min: 28.1, Avg: 28.2, Max: 28.3, Diff: 0.2, Sum: 225.7]
      [GC Worker End (ms): Min: 538034076.9, Avg: 538034077.0, Max: 538034077.0, Diff: 0.1]
   [Code Root Fixup: 0.0 ms]
   [Code Root Purge: 0.0 ms]
   [Clear CT: 0.7 ms]
   [Other: 10.3 ms]
      [Choose CSet: 0.0 ms]
      [Ref Proc: 3.4 ms]
      [Ref Enq: 0.1 ms]
      [Redirty Cards: 0.2 ms]
      [Humongous Register: 1.6 ms]
      [Humongous Reclaim: 0.4 ms]
      [Free CSet: 3.7 ms]
   [Eden: 3012.0M(3012.0M)->0.0B(3000.0M) Survivors: 22.0M->22.0M Heap: 5061.9M(6144.0M)->1995.8M(6144.0M)]
 [Times: user=0.18 sys=0.06, real=0.04 secs] 
2025-07-26T17:26:10.446+0800: 538124.282: [GC pause (G1 Evacuation Pause) (young), 0.0357683 secs]
   [Parallel Time: 23.0 ms, GC Workers: 8]
      [GC Worker Start (ms): Min: 538124285.8, Avg: 538124285.9, Max: 538124286.1, Diff: 0.3]
      [Ext Root Scanning (ms): Min: 4.2, Avg: 5.4, Max: 12.9, Diff: 8.7, Sum: 42.8]
      [Update RS (ms): Min: 0.0, Avg: 4.0, Max: 5.8, Diff: 5.8, Sum: 31.7]
         [Processed Buffers: Min: 0, Avg: 28.1, Max: 49, Diff: 49, Sum: 225]
      [Scan RS (ms): Min: 0.1, Avg: 0.6, Max: 0.8, Diff: 0.7, Sum: 4.5]
      [Code Root Scanning (ms): Min: 0.0, Avg: 0.0, Max: 0.0, Diff: 0.0, Sum: 0.1]
      [Object Copy (ms): Min: 3.1, Avg: 7.6, Max: 9.5, Diff: 6.4, Sum: 60.7]
      [Termination (ms): Min: 3.8, Avg: 5.1, Max: 6.6, Diff: 2.8, Sum: 40.9]
         [Termination Attempts: Min: 154, Avg: 438.9, Max: 609, Diff: 455, Sum: 3511]
      [GC Worker Other (ms): Min: 0.0, Avg: 0.1, Max: 0.2, Diff: 0.2, Sum: 1.0]
      [GC Worker Total (ms): Min: 22.5, Avg: 22.7, Max: 22.9, Diff: 0.4, Sum: 181.7]
      [GC Worker End (ms): Min: 538124308.6, Avg: 538124308.6, Max: 538124308.7, Diff: 0.2]
   [Code Root Fixup: 0.0 ms]
   [Code Root Purge: 0.0 ms]
   [Clear CT: 0.8 ms]
   [Other: 11.9 ms]
      [Choose CSet: 0.0 ms]
      [Ref Proc: 3.1 ms]
      [Ref Enq: 0.2 ms]
      [Redirty Cards: 0.2 ms]
      [Humongous Register: 3.3 ms]
      [Humongous Reclaim: 0.2 ms]
      [Free CSet: 3.9 ms]
   [Eden: 3000.0M(3000.0M)->0.0B(3004.0M) Survivors: 22.0M->20.0M Heap: 5013.8M(6144.0M)->1992.9M(6144.0M)]
 [Times: user=0.07 sys=0.13, real=0.04 secs] 
2025-07-26T17:28:21.045+0800: 538254.881: [GC pause (G1 Evacuation Pause) (young), 0.0345704 secs]
   [Parallel Time: 23.6 ms, GC Workers: 8]
      [GC Worker Start (ms): Min: 538254883.0, Avg: 538254883.2, Max: 538254883.4, Diff: 0.3]
      [Ext Root Scanning (ms): Min: 3.6, Avg: 6.4, Max: 22.7, Diff: 19.0, Sum: 51.1]
      [Update RS (ms): Min: 0.0, Avg: 4.0, Max: 5.7, Diff: 5.7, Sum: 31.7]
         [Processed Buffers: Min: 0, Avg: 28.0, Max: 51, Diff: 51, Sum: 224]
      [Scan RS (ms): Min: 0.1, Avg: 0.5, Max: 0.9, Diff: 0.8, Sum: 4.2]
      [Code Root Scanning (ms): Min: 0.0, Avg: 0.0, Max: 0.0, Diff: 0.0, Sum: 0.1]
      [Object Copy (ms): Min: 0.2, Avg: 7.9, Max: 9.9, Diff: 9.6, Sum: 63.4]
      [Termination (ms): Min: 0.2, Avg: 4.3, Max: 5.4, Diff: 5.2, Sum: 34.4]
         [Termination Attempts: Min: 9, Avg: 449.1, Max: 651, Diff: 642, Sum: 3593]
      [GC Worker Other (ms): Min: 0.1, Avg: 0.2, Max: 0.3, Diff: 0.2, Sum: 1.2]
      [GC Worker Total (ms): Min: 23.0, Avg: 23.3, Max: 23.5, Diff: 0.4, Sum: 186.1]
      [GC Worker End (ms): Min: 538254906.4, Avg: 538254906.5, Max: 538254906.5, Diff: 0.1]
   [Code Root Fixup: 0.0 ms]
   [Code Root Purge: 0.0 ms]
   [Clear CT: 0.8 ms]
   [Other: 10.1 ms]
      [Choose CSet: 0.0 ms]
      [Ref Proc: 3.3 ms]
      [Ref Enq: 0.1 ms]
      [Redirty Cards: 0.2 ms]
      [Humongous Register: 1.5 ms]
      [Humongous Reclaim: 0.2 ms]
      [Free CSet: 3.7 ms]
   [Eden: 3004.0M(3004.0M)->0.0B(2988.0M) Survivors: 20.0M->22.0M Heap: 5014.9M(6144.0M)->2001.2M(6144.0M)]
 [Times: user=0.08 sys=0.13, real=0.04 secs] 
2025-07-26T17:29:18.150+0800: 538311.986: [GC pause (G1 Evacuation Pause) (young), 0.0367268 secs]
   [Parallel Time: 24.0 ms, GC Workers: 8]
      [GC Worker Start (ms): Min: 538311990.2, Avg: 538311990.3, Max: 538311990.5, Diff: 0.3]
      [Ext Root Scanning (ms): Min: 3.1, Avg: 5.9, Max: 23.1, Diff: 20.0, Sum: 47.6]
      [Update RS (ms): Min: 0.0, Avg: 3.6, Max: 5.3, Diff: 5.3, Sum: 28.9]
         [Processed Buffers: Min: 0, Avg: 29.1, Max: 42, Diff: 42, Sum: 233]
      [Scan RS (ms): Min: 0.1, Avg: 0.4, Max: 0.5, Diff: 0.4, Sum: 2.9]
      [Code Root Scanning (ms): Min: 0.0, Avg: 0.0, Max: 0.0, Diff: 0.0, Sum: 0.1]
      [Object Copy (ms): Min: 0.0, Avg: 7.1, Max: 9.3, Diff: 9.3, Sum: 56.4]
      [Termination (ms): Min: 0.0, Avg: 6.5, Max: 8.0, Diff: 8.0, Sum: 52.1]
         [Termination Attempts: Min: 1, Avg: 545.5, Max: 732, Diff: 731, Sum: 4364]
      [GC Worker Other (ms): Min: 0.0, Avg: 0.1, Max: 0.2, Diff: 0.1, Sum: 0.9]
      [GC Worker Total (ms): Min: 23.5, Avg: 23.6, Max: 23.7, Diff: 0.3, Sum: 188.9]
      [GC Worker End (ms): Min: 538312013.9, Avg: 538312013.9, Max: 538312014.0, Diff: 0.1]
   [Code Root Fixup: 0.0 ms]
   [Code Root Purge: 0.0 ms]
   [Clear CT: 0.9 ms]
   [Other: 11.8 ms]
      [Choose CSet: 0.0 ms]
      [Ref Proc: 2.9 ms]
      [Ref Enq: 0.1 ms]
      [Redirty Cards: 0.1 ms]
      [Humongous Register: 3.5 ms]
      [Humongous Reclaim: 0.2 ms]
      [Free CSet: 4.0 ms]
   [Eden: 2988.0M(2988.0M)->0.0B(286.0M) Survivors: 22.0M->20.0M Heap: 5008.4M(6144.0M)->1999.4M(6144.0M)]
 [Times: user=0.17 sys=0.04, real=0.04 secs] 
2025-07-26T17:29:37.074+0800: 538330.910: [GC pause (GCLocker Initiated GC) (young), 0.0264805 secs]
   [Parallel Time: 14.9 ms, GC Workers: 8]
      [GC Worker Start (ms): Min: 538330918.3, Avg: 538330918.4, Max: 538330918.6, Diff: 0.2]
      [Ext Root Scanning (ms): Min: 3.7, Avg: 5.4, Max: 14.6, Diff: 10.9, Sum: 43.2]
      [Update RS (ms): Min: 0.0, Avg: 2.8, Max: 4.4, Diff: 4.4, Sum: 22.4]
         [Processed Buffers: Min: 0, Avg: 21.2, Max: 40, Diff: 40, Sum: 170]
      [Scan RS (ms): Min: 0.0, Avg: 0.0, Max: 0.1, Diff: 0.1, Sum: 0.3]
      [Code Root Scanning (ms): Min: 0.0, Avg: 0.0, Max: 0.0, Diff: 0.0, Sum: 0.0]
      [Object Copy (ms): Min: 0.0, Avg: 3.9, Max: 4.6, Diff: 4.6, Sum: 31.4]
      [Termination (ms): Min: 0.0, Avg: 2.4, Max: 2.9, Diff: 2.9, Sum: 19.1]
         [Termination Attempts: Min: 1, Avg: 1.0, Max: 1, Diff: 0, Sum: 8]
      [GC Worker Other (ms): Min: 0.1, Avg: 0.1, Max: 0.2, Diff: 0.1, Sum: 0.9]
      [GC Worker Total (ms): Min: 14.5, Avg: 14.6, Max: 14.7, Diff: 0.2, Sum: 117.2]
      [GC Worker End (ms): Min: 538330933.1, Avg: 538330933.1, Max: 538330933.1, Diff: 0.1]
   [Code Root Fixup: 0.0 ms]
   [Code Root Purge: 0.0 ms]
   [Clear CT: 0.1 ms]
   [Other: 11.4 ms]
      [Choose CSet: 0.0 ms]
      [Ref Proc: 1.3 ms]
      [Ref Enq: 0.0 ms]
      [Redirty Cards: 0.1 ms]
      [Humongous Register: 7.5 ms]
      [Humongous Reclaim: 0.2 ms]
      [Free CSet: 0.7 ms]
   [Eden: 288.0M(286.0M)->0.0B(284.0M) Survivors: 20.0M->22.0M Heap: 2299.6M(6144.0M)->2004.6M(6144.0M)]
 [Times: user=0.05 sys=0.07, real=0.03 secs] 
2025-07-26T17:30:18.189+0800: 538372.025: [GC pause (G1 Evacuation Pause) (young), 0.0223137 secs]
   [Parallel Time: 12.7 ms, GC Workers: 8]
      [GC Worker Start (ms): Min: 538372031.3, Avg: 538372031.4, Max: 538372031.4, Diff: 0.1]
      [Ext Root Scanning (ms): Min: 3.2, Avg: 4.6, Max: 12.4, Diff: 9.2, Sum: 36.8]
      [Update RS (ms): Min: 0.0, Avg: 2.0, Max: 3.4, Diff: 3.4, Sum: 16.3]
         [Processed Buffers: Min: 0, Avg: 18.2, Max: 33, Diff: 33, Sum: 146]
      [Scan RS (ms): Min: 0.0, Avg: 0.0, Max: 0.1, Diff: 0.1, Sum: 0.3]
      [Code Root Scanning (ms): Min: 0.0, Avg: 0.0, Max: 0.0, Diff: 0.0, Sum: 0.0]
      [Object Copy (ms): Min: 0.0, Avg: 4.9, Max: 5.9, Diff: 5.9, Sum: 38.9]
      [Termination (ms): Min: 0.0, Avg: 0.9, Max: 1.3, Diff: 1.3, Sum: 6.8]
         [Termination Attempts: Min: 1, Avg: 76.5, Max: 142, Diff: 141, Sum: 612]
      [GC Worker Other (ms): Min: 0.0, Avg: 0.1, Max: 0.1, Diff: 0.1, Sum: 0.7]
      [GC Worker Total (ms): Min: 12.4, Avg: 12.5, Max: 12.5, Diff: 0.2, Sum: 99.8]
      [GC Worker End (ms): Min: 538372043.8, Avg: 538372043.8, Max: 538372043.9, Diff: 0.1]
   [Code Root Fixup: 0.0 ms]
   [Code Root Purge: 0.0 ms]
   [Clear CT: 0.1 ms]
   [Other: 9.4 ms]
      [Choose CSet: 0.0 ms]
      [Ref Proc: 1.1 ms]
      [Ref Enq: 0.0 ms]
      [Redirty Cards: 0.1 ms]
      [Humongous Register: 6.1 ms]
      [Humongous Reclaim: 0.2 ms]
      [Free CSet: 0.8 ms]
   [Eden: 284.0M(284.0M)->0.0B(288.0M) Survivors: 22.0M->18.0M Heap: 2294.6M(6144.0M)->1986.6M(6144.0M)]
 [Times: user=0.11 sys=0.00, real=0.02 secs] 
2025-07-26T17:31:23.180+0800: 538437.016: [GC pause (G1 Evacuation Pause) (young), 0.0234670 secs]
   [Parallel Time: 12.4 ms, GC Workers: 8]
      [GC Worker Start (ms): Min: 538437024.2, Avg: 538437024.4, Max: 538437024.5, Diff: 0.3]
      [Ext Root Scanning (ms): Min: 2.9, Avg: 4.3, Max: 12.0, Diff: 9.2, Sum: 34.1]
      [Update RS (ms): Min: 0.0, Avg: 2.0, Max: 3.5, Diff: 3.5, Sum: 16.2]
         [Processed Buffers: Min: 0, Avg: 18.8, Max: 39, Diff: 39, Sum: 150]
      [Scan RS (ms): Min: 0.0, Avg: 0.0, Max: 0.1, Diff: 0.1, Sum: 0.3]
      [Code Root Scanning (ms): Min: 0.0, Avg: 0.0, Max: 0.0, Diff: 0.0, Sum: 0.0]
      [Object Copy (ms): Min: 0.0, Avg: 4.0, Max: 4.8, Diff: 4.8, Sum: 32.1]
      [Termination (ms): Min: 0.0, Avg: 1.6, Max: 2.1, Diff: 2.1, Sum: 13.1]
         [Termination Attempts: Min: 1, Avg: 38.6, Max: 78, Diff: 77, Sum: 309]
      [GC Worker Other (ms): Min: 0.1, Avg: 0.1, Max: 0.2, Diff: 0.1, Sum: 0.9]
      [GC Worker Total (ms): Min: 12.0, Avg: 12.1, Max: 12.3, Diff: 0.3, Sum: 96.7]
      [GC Worker End (ms): Min: 538437036.4, Avg: 538437036.4, Max: 538437036.6, Diff: 0.2]
   [Code Root Fixup: 0.0 ms]
   [Code Root Purge: 0.0 ms]
   [Clear CT: 0.1 ms]
   [Other: 10.9 ms]
      [Choose CSet: 0.0 ms]
      [Ref Proc: 1.0 ms]
      [Ref Enq: 0.1 ms]
      [Redirty Cards: 0.1 ms]
      [Humongous Register: 7.7 ms]
      [Humongous Reclaim: 0.2 ms]
      [Free CSet: 0.7 ms]
   [Eden: 288.0M(288.0M)->0.0B(288.0M) Survivors: 18.0M->18.0M Heap: 2280.6M(6144.0M)->1986.6M(6144.0M)]
 [Times: user=0.10 sys=0.00, real=0.02 secs] 
2025-07-26T17:32:26.207+0800: 538500.043: [GC pause (GCLocker Initiated GC) (young), 0.0213033 secs]
   [Parallel Time: 12.5 ms, GC Workers: 8]
      [GC Worker Start (ms): Min: 538500048.9, Avg: 538500048.9, Max: 538500049.0, Diff: 0.1]
      [Ext Root Scanning (ms): Min: 2.8, Avg: 4.2, Max: 12.2, Diff: 9.4, Sum: 33.6]
      [Update RS (ms): Min: 0.0, Avg: 1.5, Max: 2.7, Diff: 2.7, Sum: 12.1]
         [Processed Buffers: Min: 0, Avg: 14.2, Max: 35, Diff: 35, Sum: 114]
      [Scan RS (ms): Min: 0.0, Avg: 0.0, Max: 0.1, Diff: 0.1, Sum: 0.2]
      [Code Root Scanning (ms): Min: 0.0, Avg: 0.0, Max: 0.0, Diff: 0.0, Sum: 0.0]
      [Object Copy (ms): Min: 0.0, Avg: 4.3, Max: 5.6, Diff: 5.6, Sum: 34.5]
      [Termination (ms): Min: 0.0, Avg: 2.1, Max: 2.9, Diff: 2.9, Sum: 16.6]
         [Termination Attempts: Min: 1, Avg: 126.2, Max: 205, Diff: 204, Sum: 1010]
      [GC Worker Other (ms): Min: 0.0, Avg: 0.1, Max: 0.1, Diff: 0.1, Sum: 0.6]
      [GC Worker Total (ms): Min: 12.1, Avg: 12.2, Max: 12.3, Diff: 0.1, Sum: 97.6]
      [GC Worker End (ms): Min: 538500061.1, Avg: 538500061.1, Max: 538500061.3, Diff: 0.2]
   [Code Root Fixup: 0.0 ms]
   [Code Root Purge: 0.0 ms]
   [Clear CT: 0.2 ms]
   [Other: 8.6 ms]
      [Choose CSet: 0.0 ms]
      [Ref Proc: 1.1 ms]
      [Ref Enq: 0.0 ms]
      [Redirty Cards: 0.1 ms]
      [Humongous Register: 5.6 ms]
      [Humongous Reclaim: 0.1 ms]
      [Free CSet: 0.6 ms]
   [Eden: 288.0M(288.0M)->0.0B(288.0M) Survivors: 18.0M->18.0M Heap: 2274.6M(6144.0M)->1987.9M(6144.0M)]
 [Times: user=0.03 sys=0.07, real=0.02 secs] 
2025-07-26T17:34:55.315+0800: 538649.151: [GC pause (G1 Evacuation Pause) (young), 0.0240119 secs]
   [Parallel Time: 13.2 ms, GC Workers: 8]
      [GC Worker Start (ms): Min: 538649158.4, Avg: 538649158.5, Max: 538649158.6, Diff: 0.2]
      [Ext Root Scanning (ms): Min: 3.1, Avg: 4.3, Max: 10.9, Diff: 7.8, Sum: 34.7]
      [Update RS (ms): Min: 0.0, Avg: 5.3, Max: 7.0, Diff: 7.0, Sum: 42.3]
         [Processed Buffers: Min: 0, Avg: 40.8, Max: 59, Diff: 59, Sum: 326]
      [Scan RS (ms): Min: 0.0, Avg: 0.0, Max: 0.1, Diff: 0.1, Sum: 0.3]
      [Code Root Scanning (ms): Min: 0.0, Avg: 0.0, Max: 0.0, Diff: 0.0, Sum: 0.0]
      [Object Copy (ms): Min: 2.0, Avg: 3.1, Max: 3.4, Diff: 1.5, Sum: 24.6]
      [Termination (ms): Min: 0.0, Avg: 0.1, Max: 0.1, Diff: 0.1, Sum: 0.8]
         [Termination Attempts: Min: 1, Avg: 1.0, Max: 1, Diff: 0, Sum: 8]
      [GC Worker Other (ms): Min: 0.0, Avg: 0.1, Max: 0.2, Diff: 0.2, Sum: 0.8]
      [GC Worker Total (ms): Min: 12.8, Avg: 12.9, Max: 13.0, Diff: 0.2, Sum: 103.4]
      [GC Worker End (ms): Min: 538649171.4, Avg: 538649171.4, Max: 538649171.4, Diff: 0.0]
   [Code Root Fixup: 0.0 ms]
   [Code Root Purge: 0.0 ms]
   [Clear CT: 0.1 ms]
   [Other: 10.7 ms]
      [Choose CSet: 0.0 ms]
      [Ref Proc: 1.3 ms]
      [Ref Enq: 0.0 ms]
      [Redirty Cards: 0.2 ms]
      [Humongous Register: 6.8 ms]
      [Humongous Reclaim: 0.3 ms]
      [Free CSet: 0.6 ms]
   [Eden: 288.0M(288.0M)->0.0B(292.0M) Survivors: 18.0M->14.0M Heap: 2311.9M(6144.0M)->1987.5M(6144.0M)]
 [Times: user=0.11 sys=0.00, real=0.03 secs] 
2025-07-26T17:35:20.560+0800: 538674.396: [GC pause (G1 Evacuation Pause) (young), 0.0190485 secs]
   [Parallel Time: 11.9 ms, GC Workers: 8]
      [GC Worker Start (ms): Min: 538674400.4, Avg: 538674400.5, Max: 538674400.6, Diff: 0.2]
      [Ext Root Scanning (ms): Min: 3.1, Avg: 4.3, Max: 11.5, Diff: 8.5, Sum: 34.3]
      [Update RS (ms): Min: 0.0, Avg: 3.5, Max: 5.0, Diff: 5.0, Sum: 27.7]
         [Processed Buffers: Min: 0, Avg: 26.4, Max: 44, Diff: 44, Sum: 211]
      [Scan RS (ms): Min: 0.0, Avg: 0.0, Max: 0.1, Diff: 0.1, Sum: 0.3]
      [Code Root Scanning (ms): Min: 0.0, Avg: 0.0, Max: 0.0, Diff: 0.0, Sum: 0.0]
      [Object Copy (ms): Min: 0.0, Avg: 2.6, Max: 3.8, Diff: 3.7, Sum: 20.6]
      [Termination (ms): Min: 0.0, Avg: 1.1, Max: 1.5, Diff: 1.5, Sum: 9.1]
         [Termination Attempts: Min: 1, Avg: 1.0, Max: 1, Diff: 0, Sum: 8]
      [GC Worker Other (ms): Min: 0.0, Avg: 0.1, Max: 0.1, Diff: 0.1, Sum: 0.6]
      [GC Worker Total (ms): Min: 11.4, Avg: 11.6, Max: 11.8, Diff: 0.4, Sum: 92.7]
      [GC Worker End (ms): Min: 538674411.9, Avg: 538674412.1, Max: 538674412.2, Diff: 0.3]
   [Code Root Fixup: 0.0 ms]
   [Code Root Purge: 0.0 ms]
   [Clear CT: 0.1 ms]
   [Other: 7.0 ms]
      [Choose CSet: 0.0 ms]
      [Ref Proc: 1.2 ms]
      [Ref Enq: 0.0 ms]
      [Redirty Cards: 0.1 ms]
      [Humongous Register: 3.7 ms]
      [Humongous Reclaim: 0.2 ms]
      [Free CSet: 0.6 ms]
   [Eden: 292.0M(292.0M)->0.0B(294.0M) Survivors: 14.0M->12.0M Heap: 2297.5M(6144.0M)->1994.0M(6144.0M)]
 [Times: user=0.04 sys=0.05, real=0.02 secs] 
2025-07-26T17:37:00.290+0800: 538774.126: [GC pause (G1 Evacuation Pause) (young), 0.0206860 secs]
   [Parallel Time: 11.6 ms, GC Workers: 8]
      [GC Worker Start (ms): Min: 538774131.8, Avg: 538774131.9, Max: 538774132.0, Diff: 0.1]
      [Ext Root Scanning (ms): Min: 2.8, Avg: 4.1, Max: 11.4, Diff: 8.5, Sum: 32.9]
      [Update RS (ms): Min: 0.0, Avg: 2.2, Max: 3.4, Diff: 3.4, Sum: 17.8]
         [Processed Buffers: Min: 0, Avg: 22.0, Max: 40, Diff: 40, Sum: 176]
      [Scan RS (ms): Min: 0.0, Avg: 0.0, Max: 0.1, Diff: 0.1, Sum: 0.2]
      [Code Root Scanning (ms): Min: 0.0, Avg: 0.0, Max: 0.0, Diff: 0.0, Sum: 0.0]
      [Object Copy (ms): Min: 0.0, Avg: 4.3, Max: 5.1, Diff: 5.1, Sum: 34.3]
      [Termination (ms): Min: 0.0, Avg: 0.6, Max: 0.7, Diff: 0.7, Sum: 5.0]
         [Termination Attempts: Min: 1, Avg: 1.6, Max: 3, Diff: 2, Sum: 13]
      [GC Worker Other (ms): Min: 0.0, Avg: 0.1, Max: 0.1, Diff: 0.1, Sum: 0.7]
      [GC Worker Total (ms): Min: 11.3, Avg: 11.4, Max: 11.4, Diff: 0.1, Sum: 90.9]
      [GC Worker End (ms): Min: 538774143.3, Avg: 538774143.3, Max: 538774143.3, Diff: 0.0]
   [Code Root Fixup: 0.0 ms]
   [Code Root Purge: 0.0 ms]
   [Clear CT: 0.1 ms]
   [Other: 8.9 ms]
      [Choose CSet: 0.0 ms]
      [Ref Proc: 1.1 ms]
      [Ref Enq: 0.0 ms]
      [Redirty Cards: 0.1 ms]
      [Humongous Register: 5.6 ms]
      [Humongous Reclaim: 0.3 ms]
      [Free CSet: 0.8 ms]
   [Eden: 294.0M(294.0M)->0.0B(290.0M) Survivors: 12.0M->16.0M Heap: 2294.0M(6144.0M)->1988.8M(6144.0M)]
 [Times: user=0.03 sys=0.06, real=0.02 secs] 
2025-07-26T17:37:30.835+0800: 538804.670: [GC pause (G1 Evacuation Pause) (young), 0.0091966 secs]
   [Parallel Time: 7.1 ms, GC Workers: 8]
      [GC Worker Start (ms): Min: 538804670.9, Avg: 538804671.0, Max: 538804671.0, Diff: 0.1]
      [Ext Root Scanning (ms): Min: 2.1, Avg: 2.4, Max: 3.2, Diff: 1.1, Sum: 19.0]
      [Update RS (ms): Min: 0.0, Avg: 0.6, Max: 1.0, Diff: 1.0, Sum: 5.1]
         [Processed Buffers: Min: 0, Avg: 15.0, Max: 35, Diff: 35, Sum: 120]
      [Scan RS (ms): Min: 0.0, Avg: 0.0, Max: 0.0, Diff: 0.0, Sum: 0.2]
      [Code Root Scanning (ms): Min: 0.0, Avg: 0.0, Max: 0.0, Diff: 0.0, Sum: 0.0]
      [Object Copy (ms): Min: 3.8, Avg: 3.9, Max: 4.0, Diff: 0.2, Sum: 31.3]
      [Termination (ms): Min: 0.0, Avg: 0.0, Max: 0.0, Diff: 0.0, Sum: 0.0]
         [Termination Attempts: Min: 1, Avg: 1.0, Max: 1, Diff: 0, Sum: 8]
      [GC Worker Other (ms): Min: 0.0, Avg: 0.0, Max: 0.0, Diff: 0.0, Sum: 0.2]
      [GC Worker Total (ms): Min: 6.9, Avg: 7.0, Max: 7.0, Diff: 0.1, Sum: 55.8]
      [GC Worker End (ms): Min: 538804677.9, Avg: 538804677.9, Max: 538804677.9, Diff: 0.0]
   [Code Root Fixup: 0.0 ms]
   [Code Root Purge: 0.0 ms]
   [Clear CT: 0.1 ms]
   [Other: 2.0 ms]
      [Choose CSet: 0.0 ms]
      [Ref Proc: 0.3 ms]
      [Ref Enq: 0.0 ms]
      [Redirty Cards: 0.2 ms]
      [Humongous Register: 0.3 ms]
      [Humongous Reclaim: 0.1 ms]
      [Free CSet: 0.3 ms]
   [Eden: 290.0M(290.0M)->0.0B(290.0M) Survivors: 16.0M->16.0M Heap: 2278.8M(6144.0M)->1990.6M(6144.0M)]
 [Times: user=0.02 sys=0.03, real=0.01 secs] 
2025-07-26T17:37:31.457+0800: 538805.293: [GC pause (G1 Evacuation Pause) (young), 0.0128318 secs]
   [Parallel Time: 11.0 ms, GC Workers: 8]
      [GC Worker Start (ms): Min: 538805293.6, Avg: 538805293.6, Max: 538805293.7, Diff: 0.1]
      [Ext Root Scanning (ms): Min: 2.1, Avg: 2.4, Max: 3.2, Diff: 1.1, Sum: 19.1]
      [Update RS (ms): Min: 4.4, Avg: 5.1, Max: 5.7, Diff: 1.3, Sum: 41.2]
         [Processed Buffers: Min: 26, Avg: 31.5, Max: 35, Diff: 9, Sum: 252]
      [Scan RS (ms): Min: 0.0, Avg: 0.0, Max: 0.0, Diff: 0.0, Sum: 0.2]
      [Code Root Scanning (ms): Min: 0.0, Avg: 0.0, Max: 0.0, Diff: 0.0, Sum: 0.0]
      [Object Copy (ms): Min: 2.9, Avg: 3.3, Max: 3.4, Diff: 0.5, Sum: 26.1]
      [Termination (ms): Min: 0.0, Avg: 0.0, Max: 0.0, Diff: 0.0, Sum: 0.0]
         [Termination Attempts: Min: 1, Avg: 1.0, Max: 1, Diff: 0, Sum: 8]
      [GC Worker Other (ms): Min: 0.0, Avg: 0.0, Max: 0.0, Diff: 0.0, Sum: 0.2]
      [GC Worker Total (ms): Min: 10.8, Avg: 10.8, Max: 10.9, Diff: 0.1, Sum: 86.7]
      [GC Worker End (ms): Min: 538805304.5, Avg: 538805304.5, Max: 538805304.5, Diff: 0.0]
   [Code Root Fixup: 0.0 ms]
   [Code Root Purge: 0.0 ms]
   [Clear CT: 0.1 ms]
   [Other: 1.7 ms]
      [Choose CSet: 0.0 ms]
      [Ref Proc: 0.2 ms]
      [Ref Enq: 0.0 ms]
      [Redirty Cards: 0.1 ms]
      [Humongous Register: 0.3 ms]
      [Humongous Reclaim: 0.1 ms]
      [Free CSet: 0.3 ms]
   [Eden: 290.0M(290.0M)->0.0B(290.0M) Survivors: 16.0M->16.0M Heap: 2308.6M(6144.0M)->1995.7M(6144.0M)]
 [Times: user=0.05 sys=0.03, real=0.01 secs] 
2025-07-26T17:38:08.977+0800: 538842.812: [GC pause (G1 Evacuation Pause) (young), 0.0116230 secs]
   [Parallel Time: 9.4 ms, GC Workers: 8]
      [GC Worker Start (ms): Min: 538842813.0, Avg: 538842813.1, Max: 538842813.1, Diff: 0.1]
      [Ext Root Scanning (ms): Min: 2.2, Avg: 3.1, Max: 8.4, Diff: 6.2, Sum: 25.0]
      [Update RS (ms): Min: 0.0, Avg: 3.3, Max: 4.1, Diff: 4.1, Sum: 26.7]
         [Processed Buffers: Min: 0, Avg: 34.0, Max: 48, Diff: 48, Sum: 272]
      [Scan RS (ms): Min: 0.0, Avg: 0.0, Max: 0.0, Diff: 0.0, Sum: 0.2]
      [Code Root Scanning (ms): Min: 0.0, Avg: 0.0, Max: 0.0, Diff: 0.0, Sum: 0.0]
      [Object Copy (ms): Min: 0.9, Avg: 2.7, Max: 3.1, Diff: 2.3, Sum: 22.0]
      [Termination (ms): Min: 0.0, Avg: 0.0, Max: 0.0, Diff: 0.0, Sum: 0.0]
         [Termination Attempts: Min: 1, Avg: 1.5, Max: 2, Diff: 1, Sum: 12]
      [GC Worker Other (ms): Min: 0.0, Avg: 0.0, Max: 0.1, Diff: 0.1, Sum: 0.3]
      [GC Worker Total (ms): Min: 9.2, Avg: 9.3, Max: 9.3, Diff: 0.1, Sum: 74.2]
      [GC Worker End (ms): Min: 538842822.3, Avg: 538842822.3, Max: 538842822.4, Diff: 0.0]
   [Code Root Fixup: 0.0 ms]
   [Code Root Purge: 0.0 ms]
   [Clear CT: 0.1 ms]
   [Other: 2.0 ms]
      [Choose CSet: 0.0 ms]
      [Ref Proc: 0.4 ms]
      [Ref Enq: 0.0 ms]
      [Redirty Cards: 0.1 ms]
      [Humongous Register: 0.3 ms]
      [Humongous Reclaim: 0.1 ms]
      [Free CSet: 0.3 ms]
   [Eden: 290.0M(290.0M)->0.0B(290.0M) Survivors: 16.0M->16.0M Heap: 2303.7M(6144.0M)->1992.2M(6144.0M)]
 [Times: user=0.05 sys=0.03, real=0.02 secs] 
2025-07-26T17:38:35.423+0800: 538869.258: [GC pause (G1 Evacuation Pause) (young), 0.0117291 secs]
   [Parallel Time: 9.5 ms, GC Workers: 8]
      [GC Worker Start (ms): Min: 538869259.0, Avg: 538869259.2, Max: 538869259.3, Diff: 0.3]
      [Ext Root Scanning (ms): Min: 2.6, Avg: 2.9, Max: 4.2, Diff: 1.6, Sum: 23.3]
      [Update RS (ms): Min: 0.7, Avg: 1.8, Max: 2.2, Diff: 1.5, Sum: 14.2]
         [Processed Buffers: Min: 16, Avg: 23.8, Max: 32, Diff: 16, Sum: 190]
      [Scan RS (ms): Min: 0.0, Avg: 0.0, Max: 0.0, Diff: 0.0, Sum: 0.2]
      [Code Root Scanning (ms): Min: 0.0, Avg: 0.0, Max: 0.0, Diff: 0.0, Sum: 0.0]
      [Object Copy (ms): Min: 4.3, Avg: 4.5, Max: 4.6, Diff: 0.4, Sum: 35.9]
      [Termination (ms): Min: 0.0, Avg: 0.0, Max: 0.0, Diff: 0.0, Sum: 0.0]
         [Termination Attempts: Min: 1, Avg: 1.8, Max: 3, Diff: 2, Sum: 14]
      [GC Worker Other (ms): Min: 0.0, Avg: 0.0, Max: 0.1, Diff: 0.0, Sum: 0.2]
      [GC Worker Total (ms): Min: 9.1, Avg: 9.2, Max: 9.4, Diff: 0.3, Sum: 73.9]
      [GC Worker End (ms): Min: 538869268.4, Avg: 538869268.4, Max: 538869268.4, Diff: 0.0]
   [Code Root Fixup: 0.0 ms]
   [Code Root Purge: 0.0 ms]
   [Clear CT: 0.1 ms]
   [Other: 2.1 ms]
      [Choose CSet: 0.0 ms]
      [Ref Proc: 0.5 ms]
      [Ref Enq: 0.0 ms]
      [Redirty Cards: 0.1 ms]
      [Humongous Register: 0.3 ms]
      [Humongous Reclaim: 0.1 ms]
      [Free CSet: 0.3 ms]
   [Eden: 290.0M(290.0M)->0.0B(280.0M) Survivors: 16.0M->26.0M Heap: 2294.2M(6144.0M)->2001.7M(6144.0M)]
 [Times: user=0.07 sys=0.00, real=0.01 secs] 
2025-07-26T17:38:45.394+0800: 538879.230: [GC pause (G1 Evacuation Pause) (young), 0.0181113 secs]
   [Parallel Time: 15.4 ms, GC Workers: 8]
      [GC Worker Start (ms): Min: 538879230.9, Avg: 538879230.9, Max: 538879230.9, Diff: 0.1]
      [Ext Root Scanning (ms): Min: 2.3, Avg: 2.6, Max: 3.5, Diff: 1.2, Sum: 20.8]
      [Update RS (ms): Min: 4.6, Avg: 5.2, Max: 5.5, Diff: 0.9, Sum: 41.8]
         [Processed Buffers: Min: 25, Avg: 39.6, Max: 50, Diff: 25, Sum: 317]
      [Scan RS (ms): Min: 0.0, Avg: 0.0, Max: 0.1, Diff: 0.1, Sum: 0.3]
      [Code Root Scanning (ms): Min: 0.0, Avg: 0.0, Max: 0.0, Diff: 0.0, Sum: 0.0]
      [Object Copy (ms): Min: 6.9, Avg: 7.4, Max: 7.5, Diff: 0.6, Sum: 58.8]
      [Termination (ms): Min: 0.0, Avg: 0.0, Max: 0.0, Diff: 0.0, Sum: 0.0]
         [Termination Attempts: Min: 2, Avg: 3.1, Max: 4, Diff: 2, Sum: 25]
      [GC Worker Other (ms): Min: 0.0, Avg: 0.0, Max: 0.0, Diff: 0.0, Sum: 0.2]
      [GC Worker Total (ms): Min: 15.2, Avg: 15.2, Max: 15.3, Diff: 0.1, Sum: 121.9]
      [GC Worker End (ms): Min: 538879246.1, Avg: 538879246.1, Max: 538879246.2, Diff: 0.0]
   [Code Root Fixup: 0.0 ms]
   [Code Root Purge: 0.0 ms]
   [Clear CT: 0.1 ms]
   [Other: 2.6 ms]
      [Choose CSet: 0.0 ms]
      [Ref Proc: 0.3 ms]
      [Ref Enq: 0.0 ms]
      [Redirty Cards: 0.1 ms]
      [Humongous Register: 0.7 ms]
      [Humongous Reclaim: 0.2 ms]
      [Free CSet: 0.4 ms]
   [Eden: 280.0M(280.0M)->0.0B(272.0M) Survivors: 26.0M->34.0M Heap: 2310.5M(6144.0M)->2009.3M(6144.0M)]
 [Times: user=0.08 sys=0.04, real=0.02 secs] 
2025-07-26T17:38:48.188+0800: 538882.024: [GC pause (G1 Evacuation Pause) (young), 0.0126034 secs]
   [Parallel Time: 10.3 ms, GC Workers: 8]
      [GC Worker Start (ms): Min: 538882024.6, Avg: 538882024.7, Max: 538882024.8, Diff: 0.2]
      [Ext Root Scanning (ms): Min: 2.3, Avg: 2.6, Max: 3.4, Diff: 1.1, Sum: 20.5]
      [Update RS (ms): Min: 3.6, Avg: 4.5, Max: 4.9, Diff: 1.4, Sum: 35.6]
         [Processed Buffers: Min: 26, Avg: 32.4, Max: 38, Diff: 12, Sum: 259]
      [Scan RS (ms): Min: 0.0, Avg: 0.0, Max: 0.0, Diff: 0.0, Sum: 0.2]
      [Code Root Scanning (ms): Min: 0.0, Avg: 0.0, Max: 0.0, Diff: 0.0, Sum: 0.0]
      [Object Copy (ms): Min: 2.8, Avg: 3.0, Max: 3.1, Diff: 0.3, Sum: 24.0]
      [Termination (ms): Min: 0.0, Avg: 0.0, Max: 0.0, Diff: 0.0, Sum: 0.0]
         [Termination Attempts: Min: 1, Avg: 1.0, Max: 1, Diff: 0, Sum: 8]
      [GC Worker Other (ms): Min: 0.0, Avg: 0.0, Max: 0.1, Diff: 0.0, Sum: 0.2]
      [GC Worker Total (ms): Min: 10.0, Avg: 10.1, Max: 10.2, Diff: 0.2, Sum: 80.6]
      [GC Worker End (ms): Min: 538882034.8, Avg: 538882034.8, Max: 538882034.8, Diff: 0.0]
   [Code Root Fixup: 0.0 ms]
   [Code Root Purge: 0.0 ms]
   [Clear CT: 0.1 ms]
   [Other: 2.1 ms]
      [Choose CSet: 0.0 ms]
      [Ref Proc: 0.3 ms]
      [Ref Enq: 0.0 ms]
      [Redirty Cards: 0.1 ms]
      [Humongous Register: 0.4 ms]
      [Humongous Reclaim: 0.2 ms]
      [Free CSet: 0.4 ms]
   [Eden: 272.0M(272.0M)->0.0B(296.0M) Survivors: 34.0M->10.0M Heap: 2304.6M(6144.0M)->1994.5M(6144.0M)]
 [Times: user=0.08 sys=0.00, real=0.01 secs] 
2025-07-26T17:39:06.719+0800: 538900.554: [GC pause (G1 Evacuation Pause) (young), 0.0166281 secs]
   [Parallel Time: 11.3 ms, GC Workers: 8]
      [GC Worker Start (ms): Min: 538900557.7, Avg: 538900557.7, Max: 538900557.8, Diff: 0.1]
      [Ext Root Scanning (ms): Min: 2.3, Avg: 2.7, Max: 4.1, Diff: 1.8, Sum: 22.0]
      [Update RS (ms): Min: 2.9, Avg: 4.2, Max: 5.1, Diff: 2.2, Sum: 33.6]
         [Processed Buffers: Min: 18, Avg: 30.2, Max: 46, Diff: 28, Sum: 242]
      [Scan RS (ms): Min: 0.0, Avg: 0.0, Max: 0.0, Diff: 0.0, Sum: 0.2]
      [Code Root Scanning (ms): Min: 0.0, Avg: 0.0, Max: 0.0, Diff: 0.0, Sum: 0.0]
      [Object Copy (ms): Min: 3.4, Avg: 4.1, Max: 4.3, Diff: 0.9, Sum: 32.5]
      [Termination (ms): Min: 0.0, Avg: 0.0, Max: 0.0, Diff: 0.0, Sum: 0.0]
         [Termination Attempts: Min: 1, Avg: 1.4, Max: 3, Diff: 2, Sum: 11]
      [GC Worker Other (ms): Min: 0.0, Avg: 0.1, Max: 0.1, Diff: 0.1, Sum: 0.8]
      [GC Worker Total (ms): Min: 11.1, Avg: 11.1, Max: 11.2, Diff: 0.2, Sum: 89.1]
      [GC Worker End (ms): Min: 538900568.9, Avg: 538900568.9, Max: 538900568.9, Diff: 0.0]
   [Code Root Fixup: 0.0 ms]
   [Code Root Purge: 0.0 ms]
   [Clear CT: 0.1 ms]
   [Other: 5.1 ms]
      [Choose CSet: 0.0 ms]
      [Ref Proc: 0.4 ms]
      [Ref Enq: 0.0 ms]
      [Redirty Cards: 0.1 ms]
      [Humongous Register: 3.1 ms]
      [Humongous Reclaim: 0.2 ms]
      [Free CSet: 0.5 ms]
   [Eden: 296.0M(296.0M)->0.0B(282.0M) Survivors: 10.0M->24.0M Heap: 2308.5M(6144.0M)->2007.3M(6144.0M)]
 [Times: user=0.06 sys=0.04, real=0.01 secs] 
2025-07-26T17:39:07.124+0800: 538900.960: [GC pause (G1 Evacuation Pause) (young), 0.0139304 secs]
   [Parallel Time: 11.9 ms, GC Workers: 8]
      [GC Worker Start (ms): Min: 538900960.3, Avg: 538900960.4, Max: 538900960.4, Diff: 0.1]
      [Ext Root Scanning (ms): Min: 2.3, Avg: 2.6, Max: 3.3, Diff: 1.0, Sum: 20.9]
      [Update RS (ms): Min: 4.8, Avg: 5.5, Max: 6.0, Diff: 1.2, Sum: 44.1]
         [Processed Buffers: Min: 30, Avg: 34.2, Max: 40, Diff: 10, Sum: 274]
      [Scan RS (ms): Min: 0.0, Avg: 0.0, Max: 0.0, Diff: 0.0, Sum: 0.2]
      [Code Root Scanning (ms): Min: 0.0, Avg: 0.0, Max: 0.0, Diff: 0.0, Sum: 0.0]
      [Object Copy (ms): Min: 3.1, Avg: 3.6, Max: 3.7, Diff: 0.6, Sum: 28.6]
      [Termination (ms): Min: 0.0, Avg: 0.0, Max: 0.0, Diff: 0.0, Sum: 0.0]
         [Termination Attempts: Min: 1, Avg: 1.0, Max: 1, Diff: 0, Sum: 8]
      [GC Worker Other (ms): Min: 0.0, Avg: 0.0, Max: 0.1, Diff: 0.0, Sum: 0.2]
      [GC Worker Total (ms): Min: 11.7, Avg: 11.8, Max: 11.8, Diff: 0.1, Sum: 94.0]
      [GC Worker End (ms): Min: 538900972.1, Avg: 538900972.1, Max: 538900972.2, Diff: 0.0]
   [Code Root Fixup: 0.0 ms]
   [Code Root Purge: 0.0 ms]
   [Clear CT: 0.1 ms]
   [Other: 1.8 ms]
      [Choose CSet: 0.0 ms]
      [Ref Proc: 0.3 ms]
      [Ref Enq: 0.0 ms]
      [Redirty Cards: 0.1 ms]
      [Humongous Register: 0.3 ms]
      [Humongous Reclaim: 0.2 ms]
      [Free CSet: 0.3 ms]
   [Eden: 282.0M(282.0M)->0.0B(286.0M) Survivors: 24.0M->20.0M Heap: 2319.1M(6144.0M)->2007.0M(6144.0M)]
 [Times: user=0.09 sys=0.00, real=0.02 secs] 
2025-07-26T17:39:15.785+0800: 538909.621: [GC pause (G1 Evacuation Pause) (young), 0.0115315 secs]
   [Parallel Time: 9.3 ms, GC Workers: 8]
      [GC Worker Start (ms): Min: 538909621.7, Avg: 538909621.8, Max: 538909621.9, Diff: 0.1]
      [Ext Root Scanning (ms): Min: 2.1, Avg: 2.5, Max: 3.4, Diff: 1.2, Sum: 19.8]
      [Update RS (ms): Min: 3.0, Avg: 3.9, Max: 4.5, Diff: 1.5, Sum: 31.5]
         [Processed Buffers: Min: 19, Avg: 32.1, Max: 43, Diff: 24, Sum: 257]
      [Scan RS (ms): Min: 0.0, Avg: 0.0, Max: 0.1, Diff: 0.0, Sum: 0.2]
      [Code Root Scanning (ms): Min: 0.0, Avg: 0.0, Max: 0.0, Diff: 0.0, Sum: 0.0]
      [Object Copy (ms): Min: 2.3, Avg: 2.6, Max: 2.8, Diff: 0.5, Sum: 21.0]
      [Termination (ms): Min: 0.0, Avg: 0.0, Max: 0.0, Diff: 0.0, Sum: 0.0]
         [Termination Attempts: Min: 1, Avg: 1.0, Max: 1, Diff: 0, Sum: 8]
      [GC Worker Other (ms): Min: 0.0, Avg: 0.0, Max: 0.1, Diff: 0.0, Sum: 0.3]
      [GC Worker Total (ms): Min: 9.1, Avg: 9.1, Max: 9.2, Diff: 0.1, Sum: 72.8]
      [GC Worker End (ms): Min: 538909630.9, Avg: 538909630.9, Max: 538909630.9, Diff: 0.0]
   [Code Root Fixup: 0.0 ms]
   [Code Root Purge: 0.0 ms]
   [Clear CT: 0.1 ms]
   [Other: 2.1 ms]
      [Choose CSet: 0.0 ms]
      [Ref Proc: 0.3 ms]
      [Ref Enq: 0.0 ms]
      [Redirty Cards: 0.1 ms]
      [Humongous Register: 0.6 ms]
      [Humongous Reclaim: 0.1 ms]
      [Free CSet: 0.3 ms]
   [Eden: 286.0M(286.0M)->0.0B(288.0M) Survivors: 20.0M->18.0M Heap: 2312.8M(6144.0M)->2001.5M(6144.0M)]
 [Times: user=0.05 sys=0.02, real=0.02 secs] 
2025-07-26T17:39:29.714+0800: 538923.549: [GC pause (G1 Evacuation Pause) (young), 0.0177959 secs]
   [Parallel Time: 15.6 ms, GC Workers: 8]
      [GC Worker Start (ms): Min: 538923549.9, Avg: 538923550.0, Max: 538923550.0, Diff: 0.1]
      [Ext Root Scanning (ms): Min: 2.2, Avg: 2.5, Max: 3.1, Diff: 0.9, Sum: 19.7]
      [Update RS (ms): Min: 5.4, Avg: 5.9, Max: 6.3, Diff: 0.9, Sum: 47.4]
         [Processed Buffers: Min: 34, Avg: 45.0, Max: 62, Diff: 28, Sum: 360]
      [Scan RS (ms): Min: 0.0, Avg: 0.0, Max: 0.0, Diff: 0.0, Sum: 0.2]
      [Code Root Scanning (ms): Min: 0.0, Avg: 0.0, Max: 0.0, Diff: 0.0, Sum: 0.0]
      [Object Copy (ms): Min: 6.8, Avg: 7.0, Max: 7.1, Diff: 0.3, Sum: 55.8]
      [Termination (ms): Min: 0.0, Avg: 0.0, Max: 0.0, Diff: 0.0, Sum: 0.1]
         [Termination Attempts: Min: 1, Avg: 1.1, Max: 2, Diff: 1, Sum: 9]
      [GC Worker Other (ms): Min: 0.0, Avg: 0.0, Max: 0.1, Diff: 0.0, Sum: 0.3]
      [GC Worker Total (ms): Min: 15.4, Avg: 15.4, Max: 15.5, Diff: 0.1, Sum: 123.4]
      [GC Worker End (ms): Min: 538923565.4, Avg: 538923565.4, Max: 538923565.5, Diff: 0.1]
   [Code Root Fixup: 0.0 ms]
   [Code Root Purge: 0.0 ms]
   [Clear CT: 0.1 ms]
   [Other: 2.0 ms]
      [Choose CSet: 0.0 ms]
      [Ref Proc: 0.3 ms]
      [Ref Enq: 0.0 ms]
      [Redirty Cards: 0.1 ms]
      [Humongous Register: 0.3 ms]
      [Humongous Reclaim: 0.2 ms]
      [Free CSet: 0.3 ms]
   [Eden: 288.0M(288.0M)->0.0B(276.0M) Survivors: 18.0M->30.0M Heap: 2324.3M(6144.0M)->2019.5M(6144.0M)]
 [Times: user=0.08 sys=0.04, real=0.02 secs] 
2025-07-26T17:40:00.295+0800: 538954.130: [GC pause (G1 Evacuation Pause) (young), 0.0144437 secs]
   [Parallel Time: 12.0 ms, GC Workers: 8]
      [GC Worker Start (ms): Min: 538954131.1, Avg: 538954131.2, Max: 538954131.2, Diff: 0.1]
      [Ext Root Scanning (ms): Min: 2.2, Avg: 2.4, Max: 3.1, Diff: 1.0, Sum: 19.3]
      [Update RS (ms): Min: 4.1, Avg: 4.6, Max: 5.0, Diff: 0.9, Sum: 37.0]
         [Processed Buffers: Min: 23, Avg: 44.5, Max: 67, Diff: 44, Sum: 356]
      [Scan RS (ms): Min: 0.0, Avg: 0.0, Max: 0.1, Diff: 0.0, Sum: 0.2]
      [Code Root Scanning (ms): Min: 0.0, Avg: 0.0, Max: 0.0, Diff: 0.0, Sum: 0.0]
      [Object Copy (ms): Min: 4.6, Avg: 4.8, Max: 4.9, Diff: 0.4, Sum: 38.1]
      [Termination (ms): Min: 0.0, Avg: 0.0, Max: 0.0, Diff: 0.0, Sum: 0.0]
         [Termination Attempts: Min: 1, Avg: 1.4, Max: 3, Diff: 2, Sum: 11]
      [GC Worker Other (ms): Min: 0.0, Avg: 0.0, Max: 0.1, Diff: 0.0, Sum: 0.2]
      [GC Worker Total (ms): Min: 11.8, Avg: 11.9, Max: 11.9, Diff: 0.1, Sum: 94.8]
      [GC Worker End (ms): Min: 538954143.0, Avg: 538954143.0, Max: 538954143.0, Diff: 0.0]
   [Code Root Fixup: 0.0 ms]
   [Code Root Purge: 0.0 ms]
   [Clear CT: 0.1 ms]
   [Other: 2.3 ms]
      [Choose CSet: 0.0 ms]
      [Ref Proc: 0.6 ms]
      [Ref Enq: 0.0 ms]
      [Redirty Cards: 0.1 ms]
      [Humongous Register: 0.4 ms]
      [Humongous Reclaim: 0.2 ms]
      [Free CSet: 0.3 ms]
   [Eden: 276.0M(276.0M)->0.0B(288.0M) Survivors: 30.0M->18.0M Heap: 2318.7M(6144.0M)->2006.2M(6144.0M)]
 [Times: user=0.09 sys=0.00, real=0.02 secs] 
2025-07-26T17:40:02.500+0800: 538956.336: [GC pause (G1 Evacuation Pause) (young), 0.0129410 secs]
   [Parallel Time: 10.4 ms, GC Workers: 8]
      [GC Worker Start (ms): Min: 538956336.7, Avg: 538956336.8, Max: 538956336.8, Diff: 0.1]
      [Ext Root Scanning (ms): Min: 2.2, Avg: 2.4, Max: 3.1, Diff: 1.0, Sum: 19.5]
      [Update RS (ms): Min: 1.1, Avg: 1.6, Max: 1.8, Diff: 0.7, Sum: 12.9]
         [Processed Buffers: Min: 5, Avg: 17.9, Max: 32, Diff: 27, Sum: 143]
      [Scan RS (ms): Min: 0.0, Avg: 0.0, Max: 0.1, Diff: 0.0, Sum: 0.2]
      [Code Root Scanning (ms): Min: 0.0, Avg: 0.0, Max: 0.0, Diff: 0.0, Sum: 0.0]
      [Object Copy (ms): Min: 6.0, Avg: 6.1, Max: 6.2, Diff: 0.2, Sum: 49.1]
      [Termination (ms): Min: 0.0, Avg: 0.0, Max: 0.0, Diff: 0.0, Sum: 0.0]
         [Termination Attempts: Min: 1, Avg: 1.5, Max: 3, Diff: 2, Sum: 12]
      [GC Worker Other (ms): Min: 0.0, Avg: 0.0, Max: 0.0, Diff: 0.0, Sum: 0.2]
      [GC Worker Total (ms): Min: 10.2, Avg: 10.2, Max: 10.3, Diff: 0.1, Sum: 81.9]
      [GC Worker End (ms): Min: 538956347.0, Avg: 538956347.0, Max: 538956347.0, Diff: 0.0]
   [Code Root Fixup: 0.0 ms]
   [Code Root Purge: 0.0 ms]
   [Clear CT: 0.1 ms]
   [Other: 2.3 ms]
      [Choose CSet: 0.0 ms]
      [Ref Proc: 0.5 ms]
      [Ref Enq: 0.0 ms]
      [Redirty Cards: 0.1 ms]
      [Humongous Register: 0.5 ms]
      [Humongous Reclaim: 0.1 ms]
      [Free CSet: 0.3 ms]
   [Eden: 288.0M(288.0M)->0.0B(266.0M) Survivors: 18.0M->40.0M Heap: 2294.2M(6144.0M)->2028.4M(6144.0M)]
 [Times: user=0.06 sys=0.03, real=0.01 secs] 
2025-07-26T17:40:05.010+0800: 538958.846: [GC pause (G1 Evacuation Pause) (young), 0.0141572 secs]
   [Parallel Time: 11.4 ms, GC Workers: 8]
      [GC Worker Start (ms): Min: 538958846.7, Avg: 538958846.7, Max: 538958846.8, Diff: 0.2]
      [Ext Root Scanning (ms): Min: 2.3, Avg: 2.6, Max: 3.4, Diff: 1.2, Sum: 20.5]
      [Update RS (ms): Min: 0.2, Avg: 0.8, Max: 1.2, Diff: 1.0, Sum: 6.5]
         [Processed Buffers: Min: 2, Avg: 16.4, Max: 31, Diff: 29, Sum: 131]
      [Scan RS (ms): Min: 0.0, Avg: 0.0, Max: 0.0, Diff: 0.0, Sum: 0.2]
      [Code Root Scanning (ms): Min: 0.0, Avg: 0.0, Max: 0.0, Diff: 0.0, Sum: 0.0]
      [Object Copy (ms): Min: 7.6, Avg: 7.7, Max: 7.9, Diff: 0.3, Sum: 62.0]
      [Termination (ms): Min: 0.0, Avg: 0.0, Max: 0.0, Diff: 0.0, Sum: 0.0]
         [Termination Attempts: Min: 1, Avg: 1.0, Max: 1, Diff: 0, Sum: 8]
      [GC Worker Other (ms): Min: 0.0, Avg: 0.0, Max: 0.1, Diff: 0.0, Sum: 0.3]
      [GC Worker Total (ms): Min: 11.1, Avg: 11.2, Max: 11.3, Diff: 0.2, Sum: 89.3]
      [GC Worker End (ms): Min: 538958857.9, Avg: 538958857.9, Max: 538958857.9, Diff: 0.0]
   [Code Root Fixup: 0.0 ms]
   [Code Root Purge: 0.0 ms]
   [Clear CT: 0.1 ms]
   [Other: 2.6 ms]
      [Choose CSet: 0.0 ms]
      [Ref Proc: 0.6 ms]
      [Ref Enq: 0.0 ms]
      [Redirty Cards: 0.1 ms]
      [Humongous Register: 0.3 ms]
      [Humongous Reclaim: 0.2 ms]
      [Free CSet: 0.4 ms]
   [Eden: 266.0M(266.0M)->0.0B(278.0M) Survivors: 40.0M->28.0M Heap: 2294.4M(6144.0M)->2030.7M(6144.0M)]
 [Times: user=0.05 sys=0.04, real=0.01 secs] 
2025-07-26T17:40:08.693+0800: 538962.528: [GC pause (G1 Evacuation Pause) (young), 0.0102365 secs]
   [Parallel Time: 7.9 ms, GC Workers: 8]
      [GC Worker Start (ms): Min: 538962528.7, Avg: 538962528.8, Max: 538962528.8, Diff: 0.1]
      [Ext Root Scanning (ms): Min: 2.2, Avg: 2.5, Max: 3.2, Diff: 1.0, Sum: 19.9]
      [Update RS (ms): Min: 1.9, Avg: 2.4, Max: 2.8, Diff: 0.9, Sum: 19.1]
         [Processed Buffers: Min: 3, Avg: 19.6, Max: 45, Diff: 42, Sum: 157]
      [Scan RS (ms): Min: 0.0, Avg: 0.0, Max: 0.0, Diff: 0.0, Sum: 0.2]
      [Code Root Scanning (ms): Min: 0.0, Avg: 0.0, Max: 0.0, Diff: 0.0, Sum: 0.0]
      [Object Copy (ms): Min: 2.7, Avg: 2.8, Max: 2.9, Diff: 0.2, Sum: 22.5]
      [Termination (ms): Min: 0.0, Avg: 0.0, Max: 0.0, Diff: 0.0, Sum: 0.1]
         [Termination Attempts: Min: 1, Avg: 13.8, Max: 20, Diff: 19, Sum: 110]
      [GC Worker Other (ms): Min: 0.0, Avg: 0.0, Max: 0.0, Diff: 0.0, Sum: 0.2]
      [GC Worker Total (ms): Min: 7.7, Avg: 7.8, Max: 7.8, Diff: 0.1, Sum: 62.0]
      [GC Worker End (ms): Min: 538962536.5, Avg: 538962536.5, Max: 538962536.5, Diff: 0.0]
   [Code Root Fixup: 0.0 ms]
   [Code Root Purge: 0.0 ms]
   [Clear CT: 0.2 ms]
   [Other: 2.2 ms]
      [Choose CSet: 0.0 ms]
      [Ref Proc: 0.5 ms]
      [Ref Enq: 0.0 ms]
      [Redirty Cards: 0.1 ms]
      [Humongous Register: 0.3 ms]
      [Humongous Reclaim: 0.1 ms]
      [Free CSet: 0.3 ms]
   [Eden: 278.0M(278.0M)->0.0B(274.0M) Survivors: 28.0M->32.0M Heap: 2308.7M(6144.0M)->2034.7M(6144.0M)]
 [Times: user=0.06 sys=0.00, real=0.01 secs] 
2025-07-26T17:40:11.746+0800: 538965.582: [GC pause (G1 Evacuation Pause) (young), 0.0088127 secs]
   [Parallel Time: 6.3 ms, GC Workers: 8]
      [GC Worker Start (ms): Min: 538965582.3, Avg: 538965582.4, Max: 538965582.4, Diff: 0.1]
      [Ext Root Scanning (ms): Min: 2.3, Avg: 2.6, Max: 3.2, Diff: 0.9, Sum: 20.6]
      [Update RS (ms): Min: 0.3, Avg: 0.8, Max: 1.0, Diff: 0.7, Sum: 6.3]
         [Processed Buffers: Min: 1, Avg: 15.8, Max: 24, Diff: 23, Sum: 126]
      [Scan RS (ms): Min: 0.0, Avg: 0.0, Max: 0.0, Diff: 0.0, Sum: 0.2]
      [Code Root Scanning (ms): Min: 0.0, Avg: 0.0, Max: 0.0, Diff: 0.0, Sum: 0.0]
      [Object Copy (ms): Min: 2.4, Avg: 2.7, Max: 2.8, Diff: 0.4, Sum: 21.6]
      [Termination (ms): Min: 0.0, Avg: 0.1, Max: 0.1, Diff: 0.1, Sum: 0.4]
         [Termination Attempts: Min: 1, Avg: 1.0, Max: 1, Diff: 0, Sum: 8]
      [GC Worker Other (ms): Min: 0.0, Avg: 0.0, Max: 0.0, Diff: 0.0, Sum: 0.1]
      [GC Worker Total (ms): Min: 6.1, Avg: 6.2, Max: 6.2, Diff: 0.1, Sum: 49.3]
      [GC Worker End (ms): Min: 538965588.5, Avg: 538965588.5, Max: 538965588.6, Diff: 0.0]
   [Code Root Fixup: 0.0 ms]
   [Code Root Purge: 0.0 ms]
   [Clear CT: 0.1 ms]
   [Other: 2.3 ms]
      [Choose CSet: 0.0 ms]
      [Ref Proc: 0.4 ms]
      [Ref Enq: 0.0 ms]
      [Redirty Cards: 0.2 ms]
      [Humongous Register: 0.3 ms]
      [Humongous Reclaim: 0.1 ms]
      [Free CSet: 0.4 ms]
   [Eden: 274.0M(274.0M)->0.0B(278.0M) Survivors: 32.0M->28.0M Heap: 2308.7M(6144.0M)->2033.7M(6144.0M)]
 [Times: user=0.05 sys=0.00, real=0.01 secs] 
2025-07-26T17:40:14.927+0800: 538968.763: [GC pause (G1 Evacuation Pause) (young), 0.0091581 secs]
   [Parallel Time: 6.8 ms, GC Workers: 8]
      [GC Worker Start (ms): Min: 538968763.4, Avg: 538968763.4, Max: 538968763.5, Diff: 0.1]
      [Ext Root Scanning (ms): Min: 2.3, Avg: 2.6, Max: 3.1, Diff: 0.8, Sum: 20.4]
      [Update RS (ms): Min: 0.6, Avg: 1.0, Max: 1.2, Diff: 0.7, Sum: 8.0]
         [Processed Buffers: Min: 2, Avg: 18.0, Max: 30, Diff: 28, Sum: 144]
      [Scan RS (ms): Min: 0.0, Avg: 0.0, Max: 0.0, Diff: 0.0, Sum: 0.2]
      [Code Root Scanning (ms): Min: 0.0, Avg: 0.0, Max: 0.0, Diff: 0.0, Sum: 0.0]
      [Object Copy (ms): Min: 2.7, Avg: 2.9, Max: 3.1, Diff: 0.4, Sum: 23.2]
      [Termination (ms): Min: 0.0, Avg: 0.2, Max: 0.3, Diff: 0.3, Sum: 1.4]
         [Termination Attempts: Min: 1, Avg: 1.0, Max: 1, Diff: 0, Sum: 8]
      [GC Worker Other (ms): Min: 0.0, Avg: 0.0, Max: 0.0, Diff: 0.0, Sum: 0.1]
      [GC Worker Total (ms): Min: 6.6, Avg: 6.7, Max: 6.8, Diff: 0.2, Sum: 53.3]
      [GC Worker End (ms): Min: 538968770.1, Avg: 538968770.1, Max: 538968770.2, Diff: 0.1]
   [Code Root Fixup: 0.0 ms]
   [Code Root Purge: 0.0 ms]
   [Clear CT: 0.1 ms]
   [Other: 2.1 ms]
      [Choose CSet: 0.0 ms]
      [Ref Proc: 0.5 ms]
      [Ref Enq: 0.0 ms]
      [Redirty Cards: 0.1 ms]
      [Humongous Register: 0.3 ms]
      [Humongous Reclaim: 0.1 ms]
      [Free CSet: 0.3 ms]
   [Eden: 278.0M(278.0M)->0.0B(280.0M) Survivors: 28.0M->26.0M Heap: 2311.7M(6144.0M)->2033.5M(6144.0M)]
 [Times: user=0.05 sys=0.00, real=0.00 secs] 
2025-07-26T17:40:18.152+0800: 538971.988: [GC pause (G1 Evacuation Pause) (young), 0.0130116 secs]
   [Parallel Time: 10.7 ms, GC Workers: 8]
      [GC Worker Start (ms): Min: 538971988.6, Avg: 538971988.6, Max: 538971988.7, Diff: 0.1]
      [Ext Root Scanning (ms): Min: 2.4, Avg: 3.5, Max: 10.2, Diff: 7.8, Sum: 28.0]
      [Update RS (ms): Min: 0.0, Avg: 1.5, Max: 2.2, Diff: 2.2, Sum: 12.0]
         [Processed Buffers: Min: 0, Avg: 17.9, Max: 36, Diff: 36, Sum: 143]
      [Scan RS (ms): Min: 0.0, Avg: 0.0, Max: 0.0, Diff: 0.0, Sum: 0.2]
      [Code Root Scanning (ms): Min: 0.0, Avg: 0.0, Max: 0.0, Diff: 0.0, Sum: 0.0]
      [Object Copy (ms): Min: 0.0, Avg: 5.1, Max: 6.1, Diff: 6.1, Sum: 40.7]
      [Termination (ms): Min: 0.0, Avg: 0.3, Max: 0.5, Diff: 0.5, Sum: 2.5]
         [Termination Attempts: Min: 1, Avg: 1.0, Max: 1, Diff: 0, Sum: 8]
      [GC Worker Other (ms): Min: 0.0, Avg: 0.0, Max: 0.0, Diff: 0.0, Sum: 0.1]
      [GC Worker Total (ms): Min: 10.3, Avg: 10.4, Max: 10.5, Diff: 0.2, Sum: 83.6]
      [GC Worker End (ms): Min: 538971999.0, Avg: 538971999.1, Max: 538971999.2, Diff: 0.2]
   [Code Root Fixup: 0.0 ms]
   [Code Root Purge: 0.0 ms]
   [Clear CT: 0.1 ms]
   [Other: 2.2 ms]
      [Choose CSet: 0.0 ms]
      [Ref Proc: 0.4 ms]
      [Ref Enq: 0.0 ms]
      [Redirty Cards: 0.1 ms]
      [Humongous Register: 0.3 ms]
      [Humongous Reclaim: 0.1 ms]
      [Free CSet: 0.3 ms]
   [Eden: 280.0M(280.0M)->0.0B(422.0M) Survivors: 26.0M->26.0M Heap: 2313.5M(6144.0M)->2033.7M(6144.0M)]
 [Times: user=0.03 sys=0.05, real=0.01 secs] 
2025-07-26T17:40:23.076+0800: 538976.911: [GC pause (G1 Evacuation Pause) (young), 0.0176038 secs]
   [Parallel Time: 9.1 ms, GC Workers: 8]
      [GC Worker Start (ms): Min: 538976917.3, Avg: 538976917.3, Max: 538976917.4, Diff: 0.2]
      [Ext Root Scanning (ms): Min: 3.2, Avg: 3.8, Max: 6.2, Diff: 3.0, Sum: 30.1]
      [Update RS (ms): Min: 0.0, Avg: 1.5, Max: 2.5, Diff: 2.5, Sum: 12.2]
         [Processed Buffers: Min: 0, Avg: 17.8, Max: 34, Diff: 34, Sum: 142]
      [Scan RS (ms): Min: 0.0, Avg: 0.0, Max: 0.1, Diff: 0.1, Sum: 0.3]
      [Code Root Scanning (ms): Min: 0.0, Avg: 0.0, Max: 0.0, Diff: 0.0, Sum: 0.0]
      [Object Copy (ms): Min: 2.6, Avg: 3.4, Max: 3.7, Diff: 1.1, Sum: 27.2]
      [Termination (ms): Min: 0.0, Avg: 0.1, Max: 0.1, Diff: 0.1, Sum: 0.5]
         [Termination Attempts: Min: 1, Avg: 1.0, Max: 1, Diff: 0, Sum: 8]
      [GC Worker Other (ms): Min: 0.0, Avg: 0.1, Max: 0.3, Diff: 0.2, Sum: 1.0]
      [GC Worker Total (ms): Min: 8.8, Avg: 8.9, Max: 9.0, Diff: 0.2, Sum: 71.2]
      [GC Worker End (ms): Min: 538976926.2, Avg: 538976926.2, Max: 538976926.3, Diff: 0.1]
   [Code Root Fixup: 0.0 ms]
   [Code Root Purge: 0.0 ms]
   [Clear CT: 0.2 ms]
   [Other: 8.3 ms]
      [Choose CSet: 0.0 ms]
      [Ref Proc: 0.6 ms]
      [Ref Enq: 0.0 ms]
      [Redirty Cards: 0.2 ms]
      [Humongous Register: 5.3 ms]
      [Humongous Reclaim: 0.1 ms]
      [Free CSet: 0.8 ms]
   [Eden: 422.0M(422.0M)->0.0B(736.0M) Survivors: 26.0M->24.0M Heap: 2455.7M(6144.0M)->2031.5M(6144.0M)]
 [Times: user=0.03 sys=0.05, real=0.02 secs] 
2025-07-26T17:40:32.668+0800: 538986.503: [GC pause (G1 Evacuation Pause) (young), 0.0138894 secs]
   [Parallel Time: 10.2 ms, GC Workers: 8]
      [GC Worker Start (ms): Min: 538986504.7, Avg: 538986504.7, Max: 538986504.8, Diff: 0.1]
      [Ext Root Scanning (ms): Min: 2.3, Avg: 2.5, Max: 3.1, Diff: 0.8, Sum: 20.1]
      [Update RS (ms): Min: 0.8, Avg: 1.2, Max: 1.6, Diff: 0.8, Sum: 9.8]
         [Processed Buffers: Min: 2, Avg: 21.2, Max: 29, Diff: 27, Sum: 170]
      [Scan RS (ms): Min: 0.0, Avg: 0.1, Max: 0.1, Diff: 0.1, Sum: 0.4]
      [Code Root Scanning (ms): Min: 0.0, Avg: 0.0, Max: 0.0, Diff: 0.0, Sum: 0.0]
      [Object Copy (ms): Min: 6.1, Avg: 6.2, Max: 6.3, Diff: 0.3, Sum: 49.9]
      [Termination (ms): Min: 0.0, Avg: 0.0, Max: 0.0, Diff: 0.0, Sum: 0.0]
         [Termination Attempts: Min: 1, Avg: 1.4, Max: 2, Diff: 1, Sum: 11]
      [GC Worker Other (ms): Min: 0.0, Avg: 0.0, Max: 0.1, Diff: 0.0, Sum: 0.4]
      [GC Worker Total (ms): Min: 10.0, Avg: 10.1, Max: 10.1, Diff: 0.1, Sum: 80.8]
      [GC Worker End (ms): Min: 538986514.8, Avg: 538986514.8, Max: 538986514.8, Diff: 0.1]
   [Code Root Fixup: 0.0 ms]
   [Code Root Purge: 0.0 ms]
   [Clear CT: 0.2 ms]
   [Other: 3.4 ms]
      [Choose CSet: 0.0 ms]
      [Ref Proc: 0.8 ms]
      [Ref Enq: 0.1 ms]
      [Redirty Cards: 0.1 ms]
      [Humongous Register: 0.8 ms]
      [Humongous Reclaim: 0.1 ms]
      [Free CSet: 0.7 ms]
   [Eden: 736.0M(736.0M)->0.0B(1096.0M) Survivors: 24.0M->36.0M Heap: 2767.5M(6144.0M)->2044.5M(6144.0M)]
 [Times: user=0.06 sys=0.03, real=0.01 secs] 
2025-07-26T17:40:41.530+0800: 538995.365: [GC pause (G1 Evacuation Pause) (young), 0.0213221 secs]
   [Parallel Time: 17.9 ms, GC Workers: 8]
      [GC Worker Start (ms): Min: 538995366.0, Avg: 538995366.1, Max: 538995366.1, Diff: 0.1]
      [Ext Root Scanning (ms): Min: 2.2, Avg: 2.4, Max: 3.1, Diff: 1.0, Sum: 19.3]
      [Update RS (ms): Min: 8.6, Avg: 9.0, Max: 9.2, Diff: 0.6, Sum: 72.1]
         [Processed Buffers: Min: 48, Avg: 65.8, Max: 73, Diff: 25, Sum: 526]
      [Scan RS (ms): Min: 0.0, Avg: 0.1, Max: 0.1, Diff: 0.1, Sum: 0.8]
      [Code Root Scanning (ms): Min: 0.0, Avg: 0.0, Max: 0.0, Diff: 0.0, Sum: 0.0]
      [Object Copy (ms): Min: 6.0, Avg: 6.2, Max: 6.3, Diff: 0.3, Sum: 49.5]
      [Termination (ms): Min: 0.0, Avg: 0.0, Max: 0.0, Diff: 0.0, Sum: 0.0]
         [Termination Attempts: Min: 1, Avg: 1.2, Max: 2, Diff: 1, Sum: 10]
      [GC Worker Other (ms): Min: 0.0, Avg: 0.1, Max: 0.1, Diff: 0.1, Sum: 0.4]
      [GC Worker Total (ms): Min: 17.7, Avg: 17.8, Max: 17.9, Diff: 0.1, Sum: 142.2]
      [GC Worker End (ms): Min: 538995383.8, Avg: 538995383.9, Max: 538995383.9, Diff: 0.1]
   [Code Root Fixup: 0.0 ms]
   [Code Root Purge: 0.0 ms]
   [Clear CT: 0.2 ms]
   [Other: 3.2 ms]
      [Choose CSet: 0.0 ms]
      [Ref Proc: 0.6 ms]
      [Ref Enq: 0.0 ms]
      [Redirty Cards: 0.1 ms]
      [Humongous Register: 0.5 ms]
      [Humongous Reclaim: 0.2 ms]
      [Free CSet: 0.9 ms]
   [Eden: 1096.0M(1096.0M)->0.0B(1662.0M) Survivors: 36.0M->40.0M Heap: 3186.5M(6144.0M)->2047.5M(6144.0M)]
 [Times: user=0.09 sys=0.06, real=0.02 secs] 
2025-07-26T17:40:58.276+0800: 539012.112: [GC pause (G1 Evacuation Pause) (young), 0.0154331 secs]
   [Parallel Time: 11.2 ms, GC Workers: 8]
      [GC Worker Start (ms): Min: 539012112.4, Avg: 539012112.4, Max: 539012112.5, Diff: 0.1]
      [Ext Root Scanning (ms): Min: 2.1, Avg: 2.5, Max: 3.4, Diff: 1.3, Sum: 19.6]
      [Update RS (ms): Min: 0.8, Avg: 1.5, Max: 1.8, Diff: 1.0, Sum: 11.6]
         [Processed Buffers: Min: 11, Avg: 22.1, Max: 30, Diff: 19, Sum: 177]
      [Scan RS (ms): Min: 0.1, Avg: 0.2, Max: 0.2, Diff: 0.2, Sum: 1.4]
      [Code Root Scanning (ms): Min: 0.0, Avg: 0.0, Max: 0.0, Diff: 0.0, Sum: 0.0]
      [Object Copy (ms): Min: 6.6, Avg: 6.8, Max: 6.9, Diff: 0.4, Sum: 54.0]
      [Termination (ms): Min: 0.0, Avg: 0.2, Max: 0.3, Diff: 0.3, Sum: 1.5]
         [Termination Attempts: Min: 1, Avg: 3.0, Max: 5, Diff: 4, Sum: 24]
      [GC Worker Other (ms): Min: 0.0, Avg: 0.0, Max: 0.0, Diff: 0.0, Sum: 0.2]
      [GC Worker Total (ms): Min: 11.0, Avg: 11.1, Max: 11.1, Diff: 0.2, Sum: 88.4]
      [GC Worker End (ms): Min: 539012123.4, Avg: 539012123.5, Max: 539012123.5, Diff: 0.1]
   [Code Root Fixup: 0.0 ms]
   [Code Root Purge: 0.0 ms]
   [Clear CT: 0.3 ms]
   [Other: 3.9 ms]
      [Choose CSet: 0.0 ms]
      [Ref Proc: 1.1 ms]
      [Ref Enq: 0.1 ms]
      [Redirty Cards: 0.1 ms]
      [Humongous Register: 0.3 ms]
      [Humongous Reclaim: 0.1 ms]
      [Free CSet: 1.3 ms]
   [Eden: 1662.0M(1662.0M)->0.0B(2786.0M) Survivors: 40.0M->36.0M Heap: 3709.5M(6144.0M)->2043.8M(6144.0M)]
 [Times: user=0.09 sys=0.00, real=0.02 secs] 
2025-07-26T17:41:20.634+0800: 539034.469: [GC pause (G1 Evacuation Pause) (young), 0.0445217 secs]
   [Parallel Time: 35.4 ms, GC Workers: 8]
      [GC Worker Start (ms): Min: 539034471.4, Avg: 539034471.5, Max: 539034471.6, Diff: 0.2]
      [Ext Root Scanning (ms): Min: 3.1, Avg: 4.3, Max: 11.2, Diff: 8.1, Sum: 34.6]
      [Update RS (ms): Min: 11.7, Avg: 18.4, Max: 20.0, Diff: 8.4, Sum: 146.9]
         [Processed Buffers: Min: 85, Avg: 118.6, Max: 135, Diff: 50, Sum: 949]
      [Scan RS (ms): Min: 0.1, Avg: 0.3, Max: 0.4, Diff: 0.3, Sum: 2.3]
      [Code Root Scanning (ms): Min: 0.0, Avg: 0.0, Max: 0.0, Diff: 0.0, Sum: 0.1]
      [Object Copy (ms): Min: 11.6, Avg: 12.0, Max: 12.2, Diff: 0.6, Sum: 96.3]
      [Termination (ms): Min: 0.0, Avg: 0.0, Max: 0.0, Diff: 0.0, Sum: 0.0]
         [Termination Attempts: Min: 1, Avg: 1.0, Max: 1, Diff: 0, Sum: 8]
      [GC Worker Other (ms): Min: 0.1, Avg: 0.1, Max: 0.2, Diff: 0.1, Sum: 1.2]
      [GC Worker Total (ms): Min: 35.0, Avg: 35.2, Max: 35.3, Diff: 0.2, Sum: 281.3]
      [GC Worker End (ms): Min: 539034506.6, Avg: 539034506.6, Max: 539034506.7, Diff: 0.1]
   [Code Root Fixup: 0.1 ms]
   [Code Root Purge: 0.0 ms]
   [Clear CT: 0.5 ms]
   [Other: 8.6 ms]
      [Choose CSet: 0.0 ms]
      [Ref Proc: 1.7 ms]
      [Ref Enq: 0.2 ms]
      [Redirty Cards: 0.2 ms]
      [Humongous Register: 1.6 ms]
      [Humongous Reclaim: 0.4 ms]
      [Free CSet: 3.6 ms]
   [Eden: 2786.0M(2786.0M)->0.0B(2902.0M) Survivors: 36.0M->50.0M Heap: 4925.6M(6144.0M)->2057.5M(6144.0M)]
 [Times: user=0.25 sys=0.04, real=0.05 secs] 
2025-07-26T17:42:20.584+0800: 539094.420: [GC pause (G1 Evacuation Pause) (young), 0.0311979 secs]
   [Parallel Time: 21.5 ms, GC Workers: 8]
      [GC Worker Start (ms): Min: 539094421.8, Avg: 539094422.0, Max: 539094422.2, Diff: 0.4]
      [Ext Root Scanning (ms): Min: 3.0, Avg: 4.3, Max: 10.8, Diff: 7.9, Sum: 34.1]
      [Update RS (ms): Min: 3.4, Avg: 9.2, Max: 10.3, Diff: 6.9, Sum: 73.4]
         [Processed Buffers: Min: 14, Avg: 71.0, Max: 95, Diff: 81, Sum: 568]
      [Scan RS (ms): Min: 0.1, Avg: 0.3, Max: 0.4, Diff: 0.3, Sum: 2.5]
      [Code Root Scanning (ms): Min: 0.0, Avg: 0.0, Max: 0.0, Diff: 0.0, Sum: 0.1]
      [Object Copy (ms): Min: 6.8, Avg: 7.2, Max: 7.4, Diff: 0.6, Sum: 57.6]
      [Termination (ms): Min: 0.0, Avg: 0.1, Max: 0.2, Diff: 0.2, Sum: 1.0]
         [Termination Attempts: Min: 1, Avg: 1.0, Max: 1, Diff: 0, Sum: 8]
      [GC Worker Other (ms): Min: 0.0, Avg: 0.1, Max: 0.1, Diff: 0.1, Sum: 0.8]
      [GC Worker Total (ms): Min: 20.9, Avg: 21.2, Max: 21.4, Diff: 0.5, Sum: 169.4]
      [GC Worker End (ms): Min: 539094443.1, Avg: 539094443.2, Max: 539094443.2, Diff: 0.1]
   [Code Root Fixup: 0.0 ms]
   [Code Root Purge: 0.0 ms]
   [Clear CT: 0.6 ms]
   [Other: 9.0 ms]
      [Choose CSet: 0.0 ms]
      [Ref Proc: 2.7 ms]
      [Ref Enq: 0.2 ms]
      [Redirty Cards: 0.1 ms]
      [Humongous Register: 1.3 ms]
      [Humongous Reclaim: 0.2 ms]
      [Free CSet: 3.5 ms]
   [Eden: 2902.0M(2902.0M)->0.0B(2912.0M) Survivors: 50.0M->30.0M Heap: 5005.6M(6144.0M)->2052.0M(6144.0M)]
 [Times: user=0.16 sys=0.01, real=0.03 secs] 
2025-07-26T17:44:51.648+0800: 539245.483: [GC pause (G1 Evacuation Pause) (young), 0.0369016 secs]
   [Parallel Time: 27.9 ms, GC Workers: 8]
      [GC Worker Start (ms): Min: 539245485.2, Avg: 539245485.2, Max: 539245485.3, Diff: 0.1]
      [Ext Root Scanning (ms): Min: 2.8, Avg: 4.0, Max: 10.8, Diff: 8.0, Sum: 32.4]
      [Update RS (ms): Min: 10.5, Avg: 17.1, Max: 18.8, Diff: 8.4, Sum: 136.7]
         [Processed Buffers: Min: 86, Avg: 117.2, Max: 135, Diff: 49, Sum: 938]
      [Scan RS (ms): Min: 0.1, Avg: 0.6, Max: 0.8, Diff: 0.7, Sum: 4.8]
      [Code Root Scanning (ms): Min: 0.0, Avg: 0.0, Max: 0.0, Diff: 0.0, Sum: 0.1]
      [Object Copy (ms): Min: 5.6, Avg: 5.8, Max: 6.0, Diff: 0.3, Sum: 46.6]
      [Termination (ms): Min: 0.0, Avg: 0.0, Max: 0.0, Diff: 0.0, Sum: 0.0]
         [Termination Attempts: Min: 1, Avg: 4.4, Max: 7, Diff: 6, Sum: 35]
      [GC Worker Other (ms): Min: 0.0, Avg: 0.1, Max: 0.2, Diff: 0.2, Sum: 1.0]
      [GC Worker Total (ms): Min: 27.6, Avg: 27.7, Max: 27.8, Diff: 0.1, Sum: 221.5]
      [GC Worker End (ms): Min: 539245512.9, Avg: 539245512.9, Max: 539245513.0, Diff: 0.1]
   [Code Root Fixup: 0.0 ms]
   [Code Root Purge: 0.0 ms]
   [Clear CT: 0.7 ms]
   [Other: 8.3 ms]
      [Choose CSet: 0.0 ms]
      [Ref Proc: 1.2 ms]
      [Ref Enq: 0.1 ms]
      [Redirty Cards: 0.1 ms]
      [Humongous Register: 1.4 ms]
      [Humongous Reclaim: 0.5 ms]
      [Free CSet: 4.2 ms]
   [Eden: 2912.0M(2912.0M)->0.0B(2942.0M) Survivors: 30.0M->26.0M Heap: 5111.8M(6144.0M)->2033.5M(6144.0M)]
 [Times: user=0.22 sys=0.01, real=0.03 secs] 
2025-07-26T17:47:09.616+0800: 539383.451: [GC pause (G1 Evacuation Pause) (young), 0.0471916 secs]
   [Parallel Time: 39.0 ms, GC Workers: 8]
      [GC Worker Start (ms): Min: 539383452.8, Avg: 539383452.9, Max: 539383453.0, Diff: 0.2]
      [Ext Root Scanning (ms): Min: 3.2, Avg: 4.4, Max: 12.0, Diff: 8.8, Sum: 35.4]
      [Update RS (ms): Min: 16.2, Avg: 23.6, Max: 25.6, Diff: 9.3, Sum: 189.2]
         [Processed Buffers: Min: 100, Avg: 150.4, Max: 176, Diff: 76, Sum: 1203]
      [Scan RS (ms): Min: 0.1, Avg: 0.6, Max: 0.7, Diff: 0.6, Sum: 4.5]
      [Code Root Scanning (ms): Min: 0.0, Avg: 0.0, Max: 0.0, Diff: 0.0, Sum: 0.1]
      [Object Copy (ms): Min: 9.7, Avg: 10.0, Max: 10.1, Diff: 0.5, Sum: 79.7]
      [Termination (ms): Min: 0.0, Avg: 0.0, Max: 0.0, Diff: 0.0, Sum: 0.0]
         [Termination Attempts: Min: 2, Avg: 3.0, Max: 4, Diff: 2, Sum: 24]
      [GC Worker Other (ms): Min: 0.1, Avg: 0.1, Max: 0.2, Diff: 0.1, Sum: 1.0]
      [GC Worker Total (ms): Min: 38.7, Avg: 38.7, Max: 38.8, Diff: 0.2, Sum: 309.9]
      [GC Worker End (ms): Min: 539383491.6, Avg: 539383491.7, Max: 539383491.7, Diff: 0.1]
   [Code Root Fixup: 0.1 ms]
   [Code Root Purge: 0.0 ms]
   [Clear CT: 0.6 ms]
   [Other: 7.6 ms]
      [Choose CSet: 0.0 ms]
      [Ref Proc: 1.0 ms]
      [Ref Enq: 0.1 ms]
      [Redirty Cards: 0.1 ms]
      [Humongous Register: 1.1 ms]
      [Humongous Reclaim: 0.5 ms]
      [Free CSet: 3.9 ms]
   [Eden: 2942.0M(2942.0M)->0.0B(2910.0M) Survivors: 26.0M->40.0M Heap: 5166.8M(6144.0M)->2064.0M(6144.0M)]
 [Times: user=0.28 sys=0.04, real=0.05 secs] 
2025-07-26T17:49:30.706+0800: 539524.542: [GC pause (G1 Evacuation Pause) (young), 0.0462046 secs]
   [Parallel Time: 41.0 ms, GC Workers: 8]
      [GC Worker Start (ms): Min: 539524542.9, Avg: 539524543.0, Max: 539524543.0, Diff: 0.1]
      [Ext Root Scanning (ms): Min: 2.3, Avg: 3.7, Max: 12.6, Diff: 10.3, Sum: 29.4]
      [Update RS (ms): Min: 21.2, Avg: 30.0, Max: 31.5, Diff: 10.3, Sum: 239.8]
         [Processed Buffers: Min: 142, Avg: 161.5, Max: 178, Diff: 36, Sum: 1292]
      [Scan RS (ms): Min: 0.5, Avg: 0.7, Max: 0.8, Diff: 0.3, Sum: 5.9]
      [Code Root Scanning (ms): Min: 0.0, Avg: 0.0, Max: 0.0, Diff: 0.0, Sum: 0.1]
      [Object Copy (ms): Min: 6.3, Avg: 6.4, Max: 6.5, Diff: 0.2, Sum: 51.3]
      [Termination (ms): Min: 0.0, Avg: 0.0, Max: 0.0, Diff: 0.0, Sum: 0.0]
         [Termination Attempts: Min: 1, Avg: 1.0, Max: 1, Diff: 0, Sum: 8]
      [GC Worker Other (ms): Min: 0.0, Avg: 0.1, Max: 0.1, Diff: 0.1, Sum: 0.6]
      [GC Worker Total (ms): Min: 40.8, Avg: 40.9, Max: 41.0, Diff: 0.1, Sum: 327.1]
      [GC Worker End (ms): Min: 539524583.8, Avg: 539524583.9, Max: 539524583.9, Diff: 0.1]
   [Code Root Fixup: 0.0 ms]
   [Code Root Purge: 0.0 ms]
   [Clear CT: 0.6 ms]
   [Other: 4.5 ms]
      [Choose CSet: 0.0 ms]
      [Ref Proc: 0.9 ms]
      [Ref Enq: 0.0 ms]
      [Redirty Cards: 0.2 ms]
      [Humongous Register: 0.7 ms]
      [Humongous Reclaim: 0.3 ms]
      [Free CSet: 1.7 ms]
   [Eden: 2910.0M(2910.0M)->0.0B(2934.0M) Survivors: 40.0M->28.0M Heap: 5161.9M(6144.0M)->2050.8M(6144.0M)]
 [Times: user=0.30 sys=0.03, real=0.05 secs] 
2025-07-26T17:50:27.362+0800: 539581.198: [GC pause (G1 Evacuation Pause) (young), 0.0297375 secs]
   [Parallel Time: 20.9 ms, GC Workers: 8]
      [GC Worker Start (ms): Min: 539581200.1, Avg: 539581200.2, Max: 539581200.3, Diff: 0.2]
      [Ext Root Scanning (ms): Min: 2.7, Avg: 3.5, Max: 6.5, Diff: 3.8, Sum: 28.2]
      [Update RS (ms): Min: 7.7, Avg: 9.9, Max: 10.7, Diff: 3.1, Sum: 79.2]
         [Processed Buffers: Min: 48, Avg: 70.4, Max: 85, Diff: 37, Sum: 563]
      [Scan RS (ms): Min: 0.1, Avg: 0.3, Max: 0.4, Diff: 0.3, Sum: 2.3]
      [Code Root Scanning (ms): Min: 0.0, Avg: 0.0, Max: 0.0, Diff: 0.0, Sum: 0.1]
      [Object Copy (ms): Min: 6.3, Avg: 6.8, Max: 7.1, Diff: 0.8, Sum: 54.5]
      [Termination (ms): Min: 0.0, Avg: 0.0, Max: 0.0, Diff: 0.0, Sum: 0.0]
         [Termination Attempts: Min: 1, Avg: 1.2, Max: 2, Diff: 1, Sum: 10]
      [GC Worker Other (ms): Min: 0.1, Avg: 0.1, Max: 0.2, Diff: 0.1, Sum: 1.2]
      [GC Worker Total (ms): Min: 20.6, Avg: 20.7, Max: 20.8, Diff: 0.2, Sum: 165.4]
      [GC Worker End (ms): Min: 539581220.8, Avg: 539581220.9, Max: 539581220.9, Diff: 0.1]
   [Code Root Fixup: 0.0 ms]
   [Code Root Purge: 0.0 ms]
   [Clear CT: 0.5 ms]
   [Other: 8.3 ms]
      [Choose CSet: 0.0 ms]
      [Ref Proc: 1.8 ms]
      [Ref Enq: 0.2 ms]
      [Redirty Cards: 0.1 ms]
      [Humongous Register: 1.4 ms]
      [Humongous Reclaim: 0.3 ms]
      [Free CSet: 3.5 ms]
   [Eden: 2934.0M(2934.0M)->0.0B(2926.0M) Survivors: 28.0M->48.0M Heap: 5030.9M(6144.0M)->2056.5M(6144.0M)]
 [Times: user=0.18 sys=0.00, real=0.03 secs] 
2025-07-26T17:51:00.416+0800: 539614.252: [GC pause (G1 Evacuation Pause) (young), 0.0275829 secs]
   [Parallel Time: 19.7 ms, GC Workers: 8]
      [GC Worker Start (ms): Min: 539614252.6, Avg: 539614252.7, Max: 539614252.7, Diff: 0.1]
      [Ext Root Scanning (ms): Min: 2.6, Avg: 3.7, Max: 9.9, Diff: 7.3, Sum: 29.6]
      [Update RS (ms): Min: 0.0, Avg: 2.2, Max: 2.9, Diff: 2.9, Sum: 17.5]
         [Processed Buffers: Min: 0, Avg: 24.1, Max: 38, Diff: 38, Sum: 193]
      [Scan RS (ms): Min: 0.2, Avg: 0.3, Max: 0.4, Diff: 0.3, Sum: 2.6]
      [Code Root Scanning (ms): Min: 0.0, Avg: 0.0, Max: 0.0, Diff: 0.0, Sum: 0.1]
      [Object Copy (ms): Min: 9.5, Avg: 13.3, Max: 13.9, Diff: 4.4, Sum: 106.4]
      [Termination (ms): Min: 0.0, Avg: 0.0, Max: 0.0, Diff: 0.0, Sum: 0.0]
         [Termination Attempts: Min: 1, Avg: 1.2, Max: 2, Diff: 1, Sum: 10]
      [GC Worker Other (ms): Min: 0.0, Avg: 0.1, Max: 0.1, Diff: 0.1, Sum: 0.5]
      [GC Worker Total (ms): Min: 19.5, Avg: 19.6, Max: 19.6, Diff: 0.1, Sum: 156.7]
      [GC Worker End (ms): Min: 539614272.2, Avg: 539614272.2, Max: 539614272.3, Diff: 0.1]
   [Code Root Fixup: 0.1 ms]
   [Code Root Purge: 0.0 ms]
   [Clear CT: 0.5 ms]
   [Other: 7.3 ms]
      [Choose CSet: 0.0 ms]
      [Ref Proc: 3.4 ms]
      [Ref Enq: 0.3 ms]
      [Redirty Cards: 0.1 ms]
      [Humongous Register: 0.5 ms]
      [Humongous Reclaim: 0.1 ms]
      [Free CSet: 2.0 ms]
   [Eden: 2926.0M(2926.0M)->0.0B(2926.0M) Survivors: 48.0M->48.0M Heap: 4982.5M(6144.0M)->2056.5M(6144.0M)]
 [Times: user=0.16 sys=0.00, real=0.03 secs] 
2025-07-26T17:51:25.220+0800: 539639.056: [GC pause (G1 Evacuation Pause) (young), 0.0359577 secs]
   [Parallel Time: 27.4 ms, GC Workers: 8]
      [GC Worker Start (ms): Min: 539639057.5, Avg: 539639057.6, Max: 539639057.8, Diff: 0.2]
      [Ext Root Scanning (ms): Min: 3.0, Avg: 3.5, Max: 5.3, Diff: 2.3, Sum: 27.9]
      [Update RS (ms): Min: 13.4, Avg: 14.8, Max: 15.1, Diff: 1.7, Sum: 118.7]
         [Processed Buffers: Min: 80, Avg: 95.4, Max: 116, Diff: 36, Sum: 763]
      [Scan RS (ms): Min: 0.1, Avg: 0.3, Max: 0.4, Diff: 0.3, Sum: 2.4]
      [Code Root Scanning (ms): Min: 0.0, Avg: 0.0, Max: 0.0, Diff: 0.0, Sum: 0.1]
      [Object Copy (ms): Min: 7.8, Avg: 8.4, Max: 8.5, Diff: 0.8, Sum: 67.0]
      [Termination (ms): Min: 0.0, Avg: 0.0, Max: 0.0, Diff: 0.0, Sum: 0.0]
         [Termination Attempts: Min: 1, Avg: 1.0, Max: 1, Diff: 0, Sum: 8]
      [GC Worker Other (ms): Min: 0.1, Avg: 0.1, Max: 0.2, Diff: 0.1, Sum: 1.2]
      [GC Worker Total (ms): Min: 27.0, Avg: 27.2, Max: 27.2, Diff: 0.2, Sum: 217.3]
      [GC Worker End (ms): Min: 539639084.8, Avg: 539639084.8, Max: 539639084.8, Diff: 0.1]
   [Code Root Fixup: 0.0 ms]
   [Code Root Purge: 0.0 ms]
   [Clear CT: 0.4 ms]
   [Other: 8.1 ms]
      [Choose CSet: 0.0 ms]
      [Ref Proc: 1.6 ms]
      [Ref Enq: 0.2 ms]
      [Redirty Cards: 0.1 ms]
      [Humongous Register: 1.4 ms]
      [Humongous Reclaim: 0.3 ms]
      [Free CSet: 3.6 ms]
   [Eden: 2926.0M(2926.0M)->0.0B(2922.0M) Survivors: 48.0M->50.0M Heap: 5055.0M(6144.0M)->2058.5M(6144.0M)]
 [Times: user=0.22 sys=0.00, real=0.03 secs] 
2025-07-26T17:52:44.030+0800: 539717.866: [GC pause (G1 Evacuation Pause) (young), 0.0381336 secs]
   [Parallel Time: 26.6 ms, GC Workers: 8]
      [GC Worker Start (ms): Min: 539717870.1, Avg: 539717870.2, Max: 539717870.3, Diff: 0.1]
      [Ext Root Scanning (ms): Min: 3.2, Avg: 4.5, Max: 11.5, Diff: 8.3, Sum: 35.7]
      [Update RS (ms): Min: 7.5, Avg: 14.1, Max: 15.7, Diff: 8.3, Sum: 112.9]
         [Processed Buffers: Min: 57, Avg: 94.4, Max: 112, Diff: 55, Sum: 755]
      [Scan RS (ms): Min: 0.1, Avg: 0.3, Max: 0.4, Diff: 0.3, Sum: 2.4]
      [Code Root Scanning (ms): Min: 0.0, Avg: 0.0, Max: 0.0, Diff: 0.0, Sum: 0.1]
      [Object Copy (ms): Min: 7.2, Avg: 7.4, Max: 7.5, Diff: 0.3, Sum: 59.0]
      [Termination (ms): Min: 0.0, Avg: 0.0, Max: 0.0, Diff: 0.0, Sum: 0.2]
         [Termination Attempts: Min: 1, Avg: 33.8, Max: 48, Diff: 47, Sum: 270]
      [GC Worker Other (ms): Min: 0.1, Avg: 0.2, Max: 0.2, Diff: 0.1, Sum: 1.3]
      [GC Worker Total (ms): Min: 26.4, Avg: 26.4, Max: 26.5, Diff: 0.2, Sum: 211.5]
      [GC Worker End (ms): Min: 539717896.6, Avg: 539717896.6, Max: 539717896.7, Diff: 0.1]
   [Code Root Fixup: 0.0 ms]
   [Code Root Purge: 0.0 ms]
   [Clear CT: 0.6 ms]
   [Other: 10.8 ms]
      [Choose CSet: 0.0 ms]
      [Ref Proc: 1.7 ms]
      [Ref Enq: 0.2 ms]
      [Redirty Cards: 0.1 ms]
      [Humongous Register: 3.5 ms]
      [Humongous Reclaim: 0.3 ms]
      [Free CSet: 3.7 ms]
   [Eden: 2922.0M(2922.0M)->0.0B(2944.0M) Survivors: 50.0M->34.0M Heap: 5049.8M(6144.0M)->2041.5M(6144.0M)]
 [Times: user=0.20 sys=0.02, real=0.04 secs] 
2025-07-26T17:54:32.363+0800: 539826.198: [GC pause (G1 Evacuation Pause) (young), 0.0374322 secs]
   [Parallel Time: 28.9 ms, GC Workers: 8]
      [GC Worker Start (ms): Min: 539826200.3, Avg: 539826200.4, Max: 539826200.5, Diff: 0.1]
      [Ext Root Scanning (ms): Min: 2.8, Avg: 4.0, Max: 11.1, Diff: 8.3, Sum: 32.2]
      [Update RS (ms): Min: 10.3, Avg: 17.0, Max: 18.8, Diff: 8.5, Sum: 136.1]
         [Processed Buffers: Min: 71, Avg: 116.4, Max: 138, Diff: 67, Sum: 931]
      [Scan RS (ms): Min: 0.1, Avg: 0.6, Max: 0.8, Diff: 0.6, Sum: 4.5]
      [Code Root Scanning (ms): Min: 0.0, Avg: 0.0, Max: 0.0, Diff: 0.0, Sum: 0.1]
      [Object Copy (ms): Min: 6.8, Avg: 7.0, Max: 7.1, Diff: 0.3, Sum: 55.7]
      [Termination (ms): Min: 0.0, Avg: 0.0, Max: 0.0, Diff: 0.0, Sum: 0.0]
         [Termination Attempts: Min: 1, Avg: 1.0, Max: 1, Diff: 0, Sum: 8]
      [GC Worker Other (ms): Min: 0.1, Avg: 0.1, Max: 0.2, Diff: 0.1, Sum: 0.9]
      [GC Worker Total (ms): Min: 28.6, Avg: 28.7, Max: 28.8, Diff: 0.2, Sum: 229.5]
      [GC Worker End (ms): Min: 539826229.0, Avg: 539826229.1, Max: 539826229.1, Diff: 0.1]
   [Code Root Fixup: 0.0 ms]
   [Code Root Purge: 0.0 ms]
   [Clear CT: 0.5 ms]
   [Other: 8.0 ms]
      [Choose CSet: 0.0 ms]
      [Ref Proc: 1.7 ms]
      [Ref Enq: 0.1 ms]
      [Redirty Cards: 0.1 ms]
      [Humongous Register: 1.3 ms]
      [Humongous Reclaim: 0.4 ms]
      [Free CSet: 3.6 ms]
   [Eden: 2944.0M(2944.0M)->0.0B(2942.0M) Survivors: 34.0M->30.0M Heap: 5133.3M(6144.0M)->2043.7M(6144.0M)]
 [Times: user=0.21 sys=0.03, real=0.04 secs] 
2025-07-26T17:55:27.267+0800: 539881.103: [GC pause (G1 Evacuation Pause) (young), 0.0362912 secs]
   [Parallel Time: 27.8 ms, GC Workers: 8]
      [GC Worker Start (ms): Min: 539881104.8, Avg: 539881104.9, Max: 539881104.9, Diff: 0.1]
      [Ext Root Scanning (ms): Min: 2.7, Avg: 4.0, Max: 11.0, Diff: 8.3, Sum: 32.3]
      [Update RS (ms): Min: 12.1, Avg: 17.9, Max: 19.1, Diff: 7.0, Sum: 143.6]
         [Processed Buffers: Min: 61, Avg: 113.0, Max: 128, Diff: 67, Sum: 904]
      [Scan RS (ms): Min: 0.1, Avg: 0.3, Max: 0.4, Diff: 0.3, Sum: 2.7]
      [Code Root Scanning (ms): Min: 0.0, Avg: 0.0, Max: 0.0, Diff: 0.0, Sum: 0.1]
      [Object Copy (ms): Min: 4.3, Avg: 4.7, Max: 4.9, Diff: 0.6, Sum: 37.9]
      [Termination (ms): Min: 0.0, Avg: 0.4, Max: 0.5, Diff: 0.5, Sum: 3.4]
         [Termination Attempts: Min: 1, Avg: 1.0, Max: 1, Diff: 0, Sum: 8]
      [GC Worker Other (ms): Min: 0.0, Avg: 0.1, Max: 0.2, Diff: 0.1, Sum: 0.9]
      [GC Worker Total (ms): Min: 27.5, Avg: 27.6, Max: 27.7, Diff: 0.2, Sum: 220.8]
      [GC Worker End (ms): Min: 539881132.3, Avg: 539881132.5, Max: 539881132.5, Diff: 0.2]
   [Code Root Fixup: 0.0 ms]
   [Code Root Purge: 0.0 ms]
   [Clear CT: 0.5 ms]
   [Other: 8.0 ms]
      [Choose CSet: 0.0 ms]
      [Ref Proc: 1.5 ms]
      [Ref Enq: 0.1 ms]
      [Redirty Cards: 0.1 ms]
      [Humongous Register: 1.4 ms]
      [Humongous Reclaim: 0.4 ms]
      [Free CSet: 3.6 ms]
   [Eden: 2942.0M(2942.0M)->0.0B(2956.0M) Survivors: 30.0M->22.0M Heap: 5081.5M(6144.0M)->2036.0M(6144.0M)]
 [Times: user=0.21 sys=0.02, real=0.03 secs] 
2025-07-26T17:58:15.660+0800: 540049.495: [GC pause (G1 Evacuation Pause) (young), 0.0302018 secs]
   [Parallel Time: 19.8 ms, GC Workers: 8]
      [GC Worker Start (ms): Min: 540049497.9, Avg: 540049498.0, Max: 540049498.1, Diff: 0.2]
      [Ext Root Scanning (ms): Min: 3.1, Avg: 5.3, Max: 19.2, Diff: 16.1, Sum: 42.4]
      [Update RS (ms): Min: 0.0, Avg: 4.7, Max: 6.2, Diff: 6.2, Sum: 37.7]
         [Processed Buffers: Min: 0, Avg: 33.5, Max: 49, Diff: 49, Sum: 268]
      [Scan RS (ms): Min: 0.1, Avg: 0.3, Max: 0.4, Diff: 0.3, Sum: 2.5]
      [Code Root Scanning (ms): Min: 0.0, Avg: 0.0, Max: 0.0, Diff: 0.0, Sum: 0.1]
      [Object Copy (ms): Min: 0.0, Avg: 6.7, Max: 8.3, Diff: 8.3, Sum: 53.5]
      [Termination (ms): Min: 0.0, Avg: 2.4, Max: 3.7, Diff: 3.7, Sum: 19.1]
         [Termination Attempts: Min: 1, Avg: 256.1, Max: 381, Diff: 380, Sum: 2049]
      [GC Worker Other (ms): Min: 0.0, Avg: 0.1, Max: 0.2, Diff: 0.2, Sum: 1.0]
      [GC Worker Total (ms): Min: 19.4, Avg: 19.5, Max: 19.7, Diff: 0.3, Sum: 156.2]
      [GC Worker End (ms): Min: 540049517.4, Avg: 540049517.5, Max: 540049517.6, Diff: 0.2]
   [Code Root Fixup: 0.0 ms]
   [Code Root Purge: 0.0 ms]
   [Clear CT: 0.6 ms]
   [Other: 9.7 ms]
      [Choose CSet: 0.0 ms]
      [Ref Proc: 2.9 ms]
      [Ref Enq: 0.1 ms]
      [Redirty Cards: 0.1 ms]
      [Humongous Register: 1.7 ms]
      [Humongous Reclaim: 0.2 ms]
      [Free CSet: 3.6 ms]
   [Eden: 2956.0M(2956.0M)->0.0B(2950.0M) Survivors: 22.0M->20.0M Heap: 5016.0M(6144.0M)->2041.3M(6144.0M)]
 [Times: user=0.14 sys=0.02, real=0.03 secs] 
2025-07-26T18:01:15.519+0800: 540229.355: [GC pause (G1 Evacuation Pause) (young), 0.0362543 secs]
   [Parallel Time: 25.8 ms, GC Workers: 8]
      [GC Worker Start (ms): Min: 540229356.8, Avg: 540229356.9, Max: 540229356.9, Diff: 0.1]
      [Ext Root Scanning (ms): Min: 2.9, Avg: 4.3, Max: 12.3, Diff: 9.3, Sum: 34.5]
      [Update RS (ms): Min: 3.6, Avg: 11.5, Max: 13.5, Diff: 9.9, Sum: 91.6]
         [Processed Buffers: Min: 40, Avg: 76.4, Max: 99, Diff: 59, Sum: 611]
      [Scan RS (ms): Min: 0.1, Avg: 0.3, Max: 0.4, Diff: 0.3, Sum: 2.7]
      [Code Root Scanning (ms): Min: 0.0, Avg: 0.0, Max: 0.0, Diff: 0.0, Sum: 0.1]
      [Object Copy (ms): Min: 6.1, Avg: 6.8, Max: 7.5, Diff: 1.4, Sum: 54.7]
      [Termination (ms): Min: 1.7, Avg: 2.4, Max: 3.0, Diff: 1.2, Sum: 19.1]
         [Termination Attempts: Min: 211, Avg: 287.4, Max: 468, Diff: 257, Sum: 2299]
      [GC Worker Other (ms): Min: 0.1, Avg: 0.1, Max: 0.2, Diff: 0.1, Sum: 1.0]
      [GC Worker Total (ms): Min: 25.4, Avg: 25.5, Max: 25.6, Diff: 0.2, Sum: 203.7]
      [GC Worker End (ms): Min: 540229382.3, Avg: 540229382.3, Max: 540229382.4, Diff: 0.2]
   [Code Root Fixup: 0.0 ms]
   [Code Root Purge: 0.0 ms]
   [Clear CT: 0.6 ms]
   [Other: 9.8 ms]
      [Choose CSet: 0.0 ms]
      [Ref Proc: 3.3 ms]
      [Ref Enq: 0.1 ms]
      [Redirty Cards: 0.1 ms]
      [Humongous Register: 1.5 ms]
      [Humongous Reclaim: 0.5 ms]
      [Free CSet: 3.5 ms]
   [Eden: 2950.0M(2950.0M)->0.0B(2952.0M) Survivors: 20.0M->22.0M Heap: 5075.3M(6144.0M)->2042.5M(6144.0M)]
 [Times: user=0.09 sys=0.12, real=0.03 secs] 
2025-07-26T18:02:55.876+0800: 540329.712: [GC pause (G1 Evacuation Pause) (young), 0.0273134 secs]
   [Parallel Time: 14.7 ms, GC Workers: 8]
      [GC Worker Start (ms): Min: 540329715.9, Avg: 540329716.0, Max: 540329716.0, Diff: 0.1]
      [Ext Root Scanning (ms): Min: 2.9, Avg: 4.5, Max: 13.7, Diff: 10.8, Sum: 35.8]
      [Update RS (ms): Min: 0.0, Avg: 2.7, Max: 4.0, Diff: 4.0, Sum: 21.5]
         [Processed Buffers: Min: 0, Avg: 19.6, Max: 47, Diff: 47, Sum: 157]
      [Scan RS (ms): Min: 0.1, Avg: 0.3, Max: 0.5, Diff: 0.4, Sum: 2.7]
      [Code Root Scanning (ms): Min: 0.0, Avg: 0.0, Max: 0.0, Diff: 0.0, Sum: 0.1]
      [Object Copy (ms): Min: 0.6, Avg: 6.7, Max: 7.8, Diff: 7.3, Sum: 53.9]
      [Termination (ms): Min: 0.0, Avg: 0.1, Max: 0.1, Diff: 0.1, Sum: 0.4]
         [Termination Attempts: Min: 2, Avg: 63.6, Max: 86, Diff: 84, Sum: 509]
      [GC Worker Other (ms): Min: 0.1, Avg: 0.2, Max: 0.2, Diff: 0.2, Sum: 1.3]
      [GC Worker Total (ms): Min: 14.3, Avg: 14.4, Max: 14.5, Diff: 0.2, Sum: 115.5]
      [GC Worker End (ms): Min: 540329730.4, Avg: 540329730.4, Max: 540329730.5, Diff: 0.1]
   [Code Root Fixup: 0.0 ms]
   [Code Root Purge: 0.0 ms]
   [Clear CT: 0.7 ms]
   [Other: 11.9 ms]
      [Choose CSet: 0.0 ms]
      [Ref Proc: 3.4 ms]
      [Ref Enq: 0.1 ms]
      [Redirty Cards: 0.1 ms]
      [Humongous Register: 3.4 ms]
      [Humongous Reclaim: 0.1 ms]
      [Free CSet: 3.8 ms]
   [Eden: 2952.0M(2952.0M)->0.0B(2940.0M) Survivors: 22.0M->22.0M Heap: 5000.5M(6144.0M)->2049.7M(6144.0M)]
 [Times: user=0.04 sys=0.09, real=0.03 secs] 
2025-07-26T18:12:33.365+0800: 540907.200: [GC pause (G1 Evacuation Pause) (young), 0.0317369 secs]
   [Parallel Time: 21.7 ms, GC Workers: 8]
      [GC Worker Start (ms): Min: 540907202.3, Avg: 540907202.4, Max: 540907202.5, Diff: 0.2]
      [Ext Root Scanning (ms): Min: 3.0, Avg: 4.4, Max: 12.5, Diff: 9.6, Sum: 35.6]
      [Update RS (ms): Min: 1.5, Avg: 8.7, Max: 10.0, Diff: 8.5, Sum: 69.5]
         [Processed Buffers: Min: 2, Avg: 66.5, Max: 88, Diff: 86, Sum: 532]
      [Scan RS (ms): Min: 0.1, Avg: 0.3, Max: 0.4, Diff: 0.3, Sum: 2.4]
      [Code Root Scanning (ms): Min: 0.0, Avg: 0.0, Max: 0.0, Diff: 0.0, Sum: 0.1]
      [Object Copy (ms): Min: 7.0, Avg: 7.7, Max: 8.0, Diff: 1.0, Sum: 61.6]
      [Termination (ms): Min: 0.0, Avg: 0.2, Max: 0.3, Diff: 0.3, Sum: 1.8]
         [Termination Attempts: Min: 1, Avg: 15.0, Max: 26, Diff: 25, Sum: 120]
      [GC Worker Other (ms): Min: 0.0, Avg: 0.1, Max: 0.2, Diff: 0.1, Sum: 1.0]
      [GC Worker Total (ms): Min: 21.4, Avg: 21.5, Max: 21.5, Diff: 0.1, Sum: 171.9]
      [GC Worker End (ms): Min: 540907223.9, Avg: 540907223.9, Max: 540907223.9, Diff: 0.1]
   [Code Root Fixup: 0.0 ms]
   [Code Root Purge: 0.0 ms]
   [Clear CT: 0.7 ms]
   [Other: 9.3 ms]
      [Choose CSet: 0.0 ms]
      [Ref Proc: 3.0 ms]
      [Ref Enq: 0.1 ms]
      [Redirty Cards: 0.1 ms]
      [Humongous Register: 1.5 ms]
      [Humongous Reclaim: 0.3 ms]
      [Free CSet: 3.5 ms]
   [Eden: 2940.0M(2940.0M)->0.0B(2936.0M) Survivors: 22.0M->30.0M Heap: 5035.7M(6144.0M)->2050.9M(6144.0M)]
 [Times: user=0.17 sys=0.02, real=0.03 secs] 
2025-07-26T18:14:58.387+0800: 541052.223: [GC pause (G1 Evacuation Pause) (young), 0.0385882 secs]
   [Parallel Time: 30.4 ms, GC Workers: 8]
      [GC Worker Start (ms): Min: 541052224.3, Avg: 541052224.4, Max: 541052224.5, Diff: 0.2]
      [Ext Root Scanning (ms): Min: 3.1, Avg: 4.3, Max: 10.5, Diff: 7.4, Sum: 34.7]
      [Update RS (ms): Min: 13.5, Avg: 19.4, Max: 21.1, Diff: 7.6, Sum: 155.4]
         [Processed Buffers: Min: 93, Avg: 130.5, Max: 163, Diff: 70, Sum: 1044]
      [Scan RS (ms): Min: 0.1, Avg: 0.6, Max: 0.8, Diff: 0.7, Sum: 4.7]
      [Code Root Scanning (ms): Min: 0.0, Avg: 0.0, Max: 0.0, Diff: 0.0, Sum: 0.1]
      [Object Copy (ms): Min: 5.5, Avg: 5.7, Max: 5.8, Diff: 0.3, Sum: 45.4]
      [Termination (ms): Min: 0.0, Avg: 0.0, Max: 0.0, Diff: 0.0, Sum: 0.0]
         [Termination Attempts: Min: 1, Avg: 1.0, Max: 1, Diff: 0, Sum: 8]
      [GC Worker Other (ms): Min: 0.0, Avg: 0.1, Max: 0.2, Diff: 0.2, Sum: 1.1]
      [GC Worker Total (ms): Min: 30.0, Avg: 30.2, Max: 30.3, Diff: 0.3, Sum: 241.4]
      [GC Worker End (ms): Min: 541052254.5, Avg: 541052254.6, Max: 541052254.6, Diff: 0.1]
   [Code Root Fixup: 0.0 ms]
   [Code Root Purge: 0.0 ms]
   [Clear CT: 0.6 ms]
   [Other: 7.5 ms]
      [Choose CSet: 0.0 ms]
      [Ref Proc: 1.5 ms]
      [Ref Enq: 0.1 ms]
      [Redirty Cards: 0.1 ms]
      [Humongous Register: 1.2 ms]
      [Humongous Reclaim: 0.4 ms]
      [Free CSet: 3.4 ms]
   [Eden: 2936.0M(2936.0M)->0.0B(2928.0M) Survivors: 30.0M->32.0M Heap: 5158.6M(6144.0M)->2057.6M(6144.0M)]
 [Times: user=0.24 sys=0.01, real=0.03 secs] 
2025-07-26T18:17:19.378+0800: 541193.213: [GC pause (G1 Evacuation Pause) (young), 0.0544534 secs]
   [Parallel Time: 46.9 ms, GC Workers: 8]
      [GC Worker Start (ms): Min: 541193214.6, Avg: 541193214.6, Max: 541193214.7, Diff: 0.1]
      [Ext Root Scanning (ms): Min: 2.9, Avg: 3.9, Max: 10.0, Diff: 7.1, Sum: 31.4]
      [Update RS (ms): Min: 24.9, Avg: 30.6, Max: 32.0, Diff: 7.2, Sum: 245.0]
         [Processed Buffers: Min: 180, Avg: 202.4, Max: 224, Diff: 44, Sum: 1619]
      [Scan RS (ms): Min: 0.1, Avg: 0.4, Max: 0.5, Diff: 0.4, Sum: 2.8]
      [Code Root Scanning (ms): Min: 0.0, Avg: 0.0, Max: 0.0, Diff: 0.0, Sum: 0.1]
      [Object Copy (ms): Min: 11.6, Avg: 11.8, Max: 11.9, Diff: 0.3, Sum: 94.2]
      [Termination (ms): Min: 0.0, Avg: 0.0, Max: 0.0, Diff: 0.0, Sum: 0.0]
         [Termination Attempts: Min: 1, Avg: 1.5, Max: 2, Diff: 1, Sum: 12]
      [GC Worker Other (ms): Min: 0.0, Avg: 0.1, Max: 0.1, Diff: 0.1, Sum: 0.6]
      [GC Worker Total (ms): Min: 46.7, Avg: 46.8, Max: 46.8, Diff: 0.1, Sum: 374.1]
      [GC Worker End (ms): Min: 541193261.3, Avg: 541193261.4, Max: 541193261.5, Diff: 0.1]
   [Code Root Fixup: 0.0 ms]
   [Code Root Purge: 0.0 ms]
   [Clear CT: 0.6 ms]
   [Other: 6.8 ms]
      [Choose CSet: 0.0 ms]
      [Ref Proc: 1.1 ms]
      [Ref Enq: 0.1 ms]
      [Redirty Cards: 0.1 ms]
      [Humongous Register: 0.7 ms]
      [Humongous Reclaim: 0.5 ms]
      [Free CSet: 3.5 ms]
   [Eden: 2928.0M(2928.0M)->0.0B(2912.0M) Survivors: 32.0M->42.0M Heap: 5170.2M(6144.0M)->2063.6M(6144.0M)]
 [Times: user=0.33 sys=0.05, real=0.05 secs] 
2025-07-26T18:20:02.852+0800: 541356.688: [GC pause (G1 Evacuation Pause) (young), 0.0499434 secs]
   [Parallel Time: 43.0 ms, GC Workers: 8]
      [GC Worker Start (ms): Min: 541356689.4, Avg: 541356689.5, Max: 541356689.5, Diff: 0.2]
      [Ext Root Scanning (ms): Min: 2.8, Avg: 4.0, Max: 10.0, Diff: 7.2, Sum: 31.9]
      [Update RS (ms): Min: 22.3, Avg: 28.2, Max: 29.4, Diff: 7.1, Sum: 225.6]
         [Processed Buffers: Min: 167, Avg: 191.0, Max: 212, Diff: 45, Sum: 1528]
      [Scan RS (ms): Min: 0.1, Avg: 0.3, Max: 0.5, Diff: 0.3, Sum: 2.5]
      [Code Root Scanning (ms): Min: 0.0, Avg: 0.0, Max: 0.0, Diff: 0.0, Sum: 0.1]
      [Object Copy (ms): Min: 9.7, Avg: 10.2, Max: 10.4, Diff: 0.6, Sum: 81.2]
      [Termination (ms): Min: 0.0, Avg: 0.0, Max: 0.0, Diff: 0.0, Sum: 0.0]
         [Termination Attempts: Min: 1, Avg: 1.8, Max: 3, Diff: 2, Sum: 14]
      [GC Worker Other (ms): Min: 0.0, Avg: 0.1, Max: 0.2, Diff: 0.1, Sum: 1.0]
      [GC Worker Total (ms): Min: 42.7, Avg: 42.8, Max: 42.9, Diff: 0.2, Sum: 342.3]
      [GC Worker End (ms): Min: 541356732.2, Avg: 541356732.3, Max: 541356732.3, Diff: 0.1]
   [Code Root Fixup: 0.0 ms]
   [Code Root Purge: 0.0 ms]
   [Clear CT: 0.5 ms]
   [Other: 6.4 ms]
      [Choose CSet: 0.0 ms]
      [Ref Proc: 2.2 ms]
      [Ref Enq: 0.1 ms]
      [Redirty Cards: 0.1 ms]
      [Humongous Register: 1.4 ms]
      [Humongous Reclaim: 0.3 ms]
      [Free CSet: 1.6 ms]
   [Eden: 2912.0M(2912.0M)->0.0B(2886.0M) Survivors: 42.0M->54.0M Heap: 5140.6M(6144.0M)->2077.2M(6144.0M)]
 [Times: user=0.28 sys=0.07, real=0.05 secs] 
2025-07-26T18:20:32.580+0800: 541386.415: [GC pause (G1 Evacuation Pause) (young), 0.0313653 secs]
   [Parallel Time: 22.3 ms, GC Workers: 8]
      [GC Worker Start (ms): Min: 541386417.4, Avg: 541386417.5, Max: 541386417.6, Diff: 0.2]
      [Ext Root Scanning (ms): Min: 3.0, Avg: 3.4, Max: 5.1, Diff: 2.1, Sum: 27.4]
      [Update RS (ms): Min: 8.4, Avg: 10.0, Max: 11.2, Diff: 2.8, Sum: 79.9]
         [Processed Buffers: Min: 41, Avg: 69.4, Max: 93, Diff: 52, Sum: 555]
      [Scan RS (ms): Min: 0.1, Avg: 0.3, Max: 0.4, Diff: 0.3, Sum: 2.3]
      [Code Root Scanning (ms): Min: 0.0, Avg: 0.0, Max: 0.0, Diff: 0.0, Sum: 0.1]
      [Object Copy (ms): Min: 7.6, Avg: 8.3, Max: 8.6, Diff: 1.0, Sum: 66.2]
      [Termination (ms): Min: 0.0, Avg: 0.0, Max: 0.0, Diff: 0.0, Sum: 0.0]
         [Termination Attempts: Min: 1, Avg: 1.4, Max: 3, Diff: 2, Sum: 11]
      [GC Worker Other (ms): Min: 0.1, Avg: 0.2, Max: 0.2, Diff: 0.1, Sum: 1.3]
      [GC Worker Total (ms): Min: 22.0, Avg: 22.1, Max: 22.2, Diff: 0.2, Sum: 177.1]
      [GC Worker End (ms): Min: 541386439.6, Avg: 541386439.6, Max: 541386439.7, Diff: 0.1]
   [Code Root Fixup: 0.1 ms]
   [Code Root Purge: 0.0 ms]
   [Clear CT: 0.5 ms]
   [Other: 8.5 ms]
      [Choose CSet: 0.0 ms]
      [Ref Proc: 1.9 ms]
      [Ref Enq: 0.1 ms]
      [Redirty Cards: 0.2 ms]
      [Humongous Register: 1.5 ms]
      [Humongous Reclaim: 0.3 ms]
      [Free CSet: 3.6 ms]
   [Eden: 2886.0M(2886.0M)->0.0B(2892.0M) Survivors: 54.0M->50.0M Heap: 5009.3M(6144.0M)->2076.2M(6144.0M)]
 [Times: user=0.19 sys=0.00, real=0.03 secs] 
2025-07-26T18:20:59.310+0800: 541413.146: [GC pause (G1 Evacuation Pause) (young), 0.0251058 secs]
   [Parallel Time: 19.8 ms, GC Workers: 8]
      [GC Worker Start (ms): Min: 541413146.4, Avg: 541413146.4, Max: 541413146.5, Diff: 0.1]
      [Ext Root Scanning (ms): Min: 2.3, Avg: 3.3, Max: 9.0, Diff: 6.7, Sum: 26.0]
      [Update RS (ms): Min: 0.6, Avg: 6.1, Max: 7.2, Diff: 6.6, Sum: 49.1]
         [Processed Buffers: Min: 29, Avg: 52.5, Max: 75, Diff: 46, Sum: 420]
      [Scan RS (ms): Min: 0.1, Avg: 0.3, Max: 0.4, Diff: 0.3, Sum: 2.3]
      [Code Root Scanning (ms): Min: 0.0, Avg: 0.0, Max: 0.0, Diff: 0.0, Sum: 0.1]
      [Object Copy (ms): Min: 9.7, Avg: 9.8, Max: 9.9, Diff: 0.3, Sum: 78.8]
      [Termination (ms): Min: 0.0, Avg: 0.0, Max: 0.0, Diff: 0.0, Sum: 0.0]
         [Termination Attempts: Min: 1, Avg: 1.0, Max: 1, Diff: 0, Sum: 8]
      [GC Worker Other (ms): Min: 0.0, Avg: 0.1, Max: 0.1, Diff: 0.1, Sum: 0.7]
      [GC Worker Total (ms): Min: 19.5, Avg: 19.6, Max: 19.7, Diff: 0.1, Sum: 156.9]
      [GC Worker End (ms): Min: 541413166.0, Avg: 541413166.0, Max: 541413166.1, Diff: 0.1]
   [Code Root Fixup: 0.1 ms]
   [Code Root Purge: 0.0 ms]
   [Clear CT: 0.5 ms]
   [Other: 4.8 ms]
      [Choose CSet: 0.0 ms]
      [Ref Proc: 1.7 ms]
      [Ref Enq: 0.2 ms]
      [Redirty Cards: 0.1 ms]
      [Humongous Register: 0.4 ms]
      [Humongous Reclaim: 0.2 ms]
      [Free CSet: 1.6 ms]
   [Eden: 2892.0M(2892.0M)->0.0B(2892.0M) Survivors: 50.0M->48.0M Heap: 4998.1M(6144.0M)->2076.7M(6144.0M)]
 [Times: user=0.17 sys=0.00, real=0.02 secs] 
2025-07-26T18:21:31.488+0800: 541445.324: [GC pause (G1 Evacuation Pause) (young), 0.0383307 secs]
   [Parallel Time: 17.8 ms, GC Workers: 8]
      [GC Worker Start (ms): Min: 541445331.9, Avg: 541445332.0, Max: 541445332.1, Diff: 0.2]
      [Ext Root Scanning (ms): Min: 2.9, Avg: 3.5, Max: 5.4, Diff: 2.5, Sum: 28.1]
      [Update RS (ms): Min: 4.2, Avg: 5.6, Max: 6.0, Diff: 1.8, Sum: 44.9]
         [Processed Buffers: Min: 23, Avg: 41.9, Max: 54, Diff: 31, Sum: 335]
      [Scan RS (ms): Min: 0.1, Avg: 0.3, Max: 0.4, Diff: 0.3, Sum: 2.4]
      [Code Root Scanning (ms): Min: 0.0, Avg: 0.0, Max: 0.0, Diff: 0.0, Sum: 0.1]
      [Object Copy (ms): Min: 7.3, Avg: 7.8, Max: 8.0, Diff: 0.6, Sum: 62.6]
      [Termination (ms): Min: 0.0, Avg: 0.0, Max: 0.0, Diff: 0.0, Sum: 0.0]
         [Termination Attempts: Min: 1, Avg: 1.1, Max: 2, Diff: 1, Sum: 9]
      [GC Worker Other (ms): Min: 0.1, Avg: 0.2, Max: 0.2, Diff: 0.2, Sum: 1.4]
      [GC Worker Total (ms): Min: 17.3, Avg: 17.4, Max: 17.5, Diff: 0.2, Sum: 139.3]
      [GC Worker End (ms): Min: 541445349.3, Avg: 541445349.4, Max: 541445349.4, Diff: 0.1]
   [Code Root Fixup: 0.1 ms]
   [Code Root Purge: 0.0 ms]
   [Clear CT: 0.7 ms]
   [Other: 19.8 ms]
      [Choose CSet: 0.0 ms]
      [Ref Proc: 4.1 ms]
      [Ref Enq: 0.3 ms]
      [Redirty Cards: 0.1 ms]
      [Humongous Register: 6.8 ms]
      [Humongous Reclaim: 0.3 ms]
      [Free CSet: 6.7 ms]
   [Eden: 2892.0M(2892.0M)->0.0B(2896.0M) Survivors: 48.0M->48.0M Heap: 4988.6M(6144.0M)->2073.4M(6144.0M)]
 [Times: user=0.17 sys=0.00, real=0.04 secs] 
2025-07-26T18:22:59.412+0800: 541533.248: [GC pause (G1 Evacuation Pause) (young), 0.0465367 secs]
   [Parallel Time: 40.5 ms, GC Workers: 8]
      [GC Worker Start (ms): Min: 541533248.7, Avg: 541533248.8, Max: 541533248.8, Diff: 0.1]
      [Ext Root Scanning (ms): Min: 2.9, Avg: 4.1, Max: 11.0, Diff: 8.0, Sum: 32.9]
      [Update RS (ms): Min: 14.6, Avg: 21.2, Max: 22.4, Diff: 7.8, Sum: 169.7]
         [Processed Buffers: Min: 103, Avg: 141.0, Max: 156, Diff: 53, Sum: 1128]
      [Scan RS (ms): Min: 0.2, Avg: 0.3, Max: 0.4, Diff: 0.2, Sum: 2.5]
      [Code Root Scanning (ms): Min: 0.0, Avg: 0.0, Max: 0.0, Diff: 0.0, Sum: 0.1]
      [Object Copy (ms): Min: 14.5, Avg: 14.7, Max: 14.8, Diff: 0.3, Sum: 117.2]
      [Termination (ms): Min: 0.0, Avg: 0.0, Max: 0.0, Diff: 0.0, Sum: 0.0]
         [Termination Attempts: Min: 1, Avg: 1.4, Max: 2, Diff: 1, Sum: 11]
      [GC Worker Other (ms): Min: 0.0, Avg: 0.1, Max: 0.1, Diff: 0.1, Sum: 0.5]
      [GC Worker Total (ms): Min: 40.3, Avg: 40.4, Max: 40.4, Diff: 0.1, Sum: 322.9]
      [GC Worker End (ms): Min: 541533289.1, Avg: 541533289.1, Max: 541533289.2, Diff: 0.1]
   [Code Root Fixup: 0.0 ms]
   [Code Root Purge: 0.0 ms]
   [Clear CT: 0.5 ms]
   [Other: 5.5 ms]
      [Choose CSet: 0.0 ms]
      [Ref Proc: 1.4 ms]
      [Ref Enq: 0.2 ms]
      [Redirty Cards: 0.1 ms]
      [Humongous Register: 0.6 ms]
      [Humongous Reclaim: 0.4 ms]
      [Free CSet: 1.9 ms]
   [Eden: 2896.0M(2896.0M)->0.0B(2896.0M) Survivors: 48.0M->48.0M Heap: 5086.2M(6144.0M)->2074.4M(6144.0M)]
 [Times: user=0.34 sys=0.00, real=0.05 secs] 
2025-07-26T18:25:16.486+0800: 541670.322: [GC pause (G1 Evacuation Pause) (young), 0.0391802 secs]
   [Parallel Time: 31.5 ms, GC Workers: 8]
      [GC Worker Start (ms): Min: 541670323.5, Avg: 541670323.6, Max: 541670323.7, Diff: 0.1]
      [Ext Root Scanning (ms): Min: 2.3, Avg: 2.7, Max: 3.9, Diff: 1.6, Sum: 21.6]
      [Update RS (ms): Min: 20.5, Avg: 21.5, Max: 22.2, Diff: 1.7, Sum: 171.7]
         [Processed Buffers: Min: 116, Avg: 139.9, Max: 158, Diff: 42, Sum: 1119]
      [Scan RS (ms): Min: 0.1, Avg: 0.5, Max: 0.6, Diff: 0.5, Sum: 3.9]
      [Code Root Scanning (ms): Min: 0.0, Avg: 0.0, Max: 0.0, Diff: 0.0, Sum: 0.1]
      [Object Copy (ms): Min: 6.4, Avg: 6.5, Max: 6.6, Diff: 0.2, Sum: 51.8]
      [Termination (ms): Min: 0.0, Avg: 0.0, Max: 0.0, Diff: 0.0, Sum: 0.0]
         [Termination Attempts: Min: 1, Avg: 2.1, Max: 3, Diff: 2, Sum: 17]
      [GC Worker Other (ms): Min: 0.1, Avg: 0.1, Max: 0.2, Diff: 0.1, Sum: 0.9]
      [GC Worker Total (ms): Min: 31.2, Avg: 31.3, Max: 31.3, Diff: 0.1, Sum: 250.0]
      [GC Worker End (ms): Min: 541670354.8, Avg: 541670354.9, Max: 541670354.9, Diff: 0.1]
   [Code Root Fixup: 0.0 ms]
   [Code Root Purge: 0.0 ms]
   [Clear CT: 0.5 ms]
   [Other: 7.1 ms]
      [Choose CSet: 0.0 ms]
      [Ref Proc: 0.9 ms]
      [Ref Enq: 0.1 ms]
      [Redirty Cards: 0.2 ms]
      [Humongous Register: 1.3 ms]
      [Humongous Reclaim: 0.5 ms]
      [Free CSet: 3.4 ms]
   [Eden: 2896.0M(2896.0M)->0.0B(2922.0M) Survivors: 48.0M->30.0M Heap: 5137.3M(6144.0M)->2057.2M(6144.0M)]
 [Times: user=0.24 sys=0.01, real=0.04 secs] 
2025-07-26T18:28:03.424+0800: 541837.259: [GC pause (G1 Evacuation Pause) (young), 0.0362243 secs]
   [Parallel Time: 28.1 ms, GC Workers: 8]
      [GC Worker Start (ms): Min: 541837261.2, Avg: 541837261.3, Max: 541837261.3, Diff: 0.1]
      [Ext Root Scanning (ms): Min: 1.1, Avg: 3.0, Max: 3.9, Diff: 2.8, Sum: 24.2]
      [Update RS (ms): Min: 18.6, Avg: 19.6, Max: 20.4, Diff: 1.8, Sum: 156.8]
         [Processed Buffers: Min: 107, Avg: 126.4, Max: 139, Diff: 32, Sum: 1011]
      [Scan RS (ms): Min: 0.1, Avg: 0.5, Max: 0.7, Diff: 0.6, Sum: 3.8]
      [Code Root Scanning (ms): Min: 0.0, Avg: 0.0, Max: 0.0, Diff: 0.0, Sum: 0.1]
      [Object Copy (ms): Min: 4.1, Avg: 4.7, Max: 7.5, Diff: 3.4, Sum: 37.6]
      [Termination (ms): Min: 0.0, Avg: 0.0, Max: 0.0, Diff: 0.0, Sum: 0.0]
         [Termination Attempts: Min: 1, Avg: 1.1, Max: 2, Diff: 1, Sum: 9]
      [GC Worker Other (ms): Min: 0.1, Avg: 0.1, Max: 0.2, Diff: 0.1, Sum: 0.9]
      [GC Worker Total (ms): Min: 27.8, Avg: 27.9, Max: 28.0, Diff: 0.2, Sum: 223.3]
      [GC Worker End (ms): Min: 541837289.1, Avg: 541837289.2, Max: 541837289.2, Diff: 0.1]
   [Code Root Fixup: 0.1 ms]
   [Code Root Purge: 0.0 ms]
   [Clear CT: 0.5 ms]
   [Other: 7.5 ms]
      [Choose CSet: 0.0 ms]
      [Ref Proc: 1.0 ms]
      [Ref Enq: 0.1 ms]
      [Redirty Cards: 0.1 ms]
      [Humongous Register: 1.4 ms]
      [Humongous Reclaim: 0.5 ms]
      [Free CSet: 3.6 ms]
   [Eden: 2922.0M(2922.0M)->0.0B(2934.0M) Survivors: 30.0M->24.0M Heap: 5167.0M(6144.0M)->2052.6M(6144.0M)]
 [Times: user=0.23 sys=0.00, real=0.04 secs] 
2025-07-26T18:30:01.749+0800: 541955.585: [GC pause (G1 Evacuation Pause) (young), 0.0736492 secs]
   [Parallel Time: 61.0 ms, GC Workers: 8]
      [GC Worker Start (ms): Min: 541955589.2, Avg: 541955589.3, Max: 541955589.4, Diff: 0.1]
      [Ext Root Scanning (ms): Min: 3.3, Avg: 4.4, Max: 11.0, Diff: 7.7, Sum: 35.5]
      [Update RS (ms): Min: 10.9, Avg: 17.3, Max: 18.6, Diff: 7.8, Sum: 138.2]
         [Processed Buffers: Min: 93, Avg: 127.8, Max: 171, Diff: 78, Sum: 1022]
      [Scan RS (ms): Min: 0.1, Avg: 0.5, Max: 0.7, Diff: 0.6, Sum: 3.7]
      [Code Root Scanning (ms): Min: 0.0, Avg: 0.0, Max: 0.0, Diff: 0.0, Sum: 0.1]
      [Object Copy (ms): Min: 38.2, Avg: 38.5, Max: 38.6, Diff: 0.4, Sum: 307.8]
      [Termination (ms): Min: 0.0, Avg: 0.0, Max: 0.0, Diff: 0.0, Sum: 0.0]
         [Termination Attempts: Min: 1, Avg: 1.0, Max: 1, Diff: 0, Sum: 8]
      [GC Worker Other (ms): Min: 0.1, Avg: 0.1, Max: 0.2, Diff: 0.1, Sum: 0.9]
      [GC Worker Total (ms): Min: 60.7, Avg: 60.8, Max: 60.8, Diff: 0.1, Sum: 486.1]
      [GC Worker End (ms): Min: 541955650.0, Avg: 541955650.1, Max: 541955650.1, Diff: 0.1]
   [Code Root Fixup: 0.1 ms]
   [Code Root Purge: 0.0 ms]
   [Clear CT: 0.7 ms]
   [Other: 11.9 ms]
      [Choose CSet: 0.0 ms]
      [Ref Proc: 2.7 ms]
      [Ref Enq: 0.1 ms]
      [Redirty Cards: 0.1 ms]
      [Humongous Register: 3.5 ms]
      [Humongous Reclaim: 0.6 ms]
      [Free CSet: 3.8 ms]
   [Eden: 2934.0M(2934.0M)->0.0B(2742.0M) Survivors: 24.0M->118.0M Heap: 5140.4M(6144.0M)->2151.7M(6144.0M)]
 [Times: user=0.47 sys=0.04, real=0.07 secs] 
2025-07-26T18:30:08.616+0800: 541962.452: [GC pause (G1 Evacuation Pause) (young), 0.2587122 secs]
   [Parallel Time: 253.9 ms, GC Workers: 8]
      [GC Worker Start (ms): Min: 541962452.8, Avg: 541962452.9, Max: 541962453.1, Diff: 0.3]
      [Ext Root Scanning (ms): Min: 2.2, Avg: 2.6, Max: 3.2, Diff: 1.0, Sum: 20.5]
      [Update RS (ms): Min: 36.2, Avg: 37.2, Max: 39.7, Diff: 3.5, Sum: 297.7]
         [Processed Buffers: Min: 9, Avg: 30.2, Max: 47, Diff: 38, Sum: 242]
      [Scan RS (ms): Min: 0.1, Avg: 0.3, Max: 0.4, Diff: 0.3, Sum: 2.2]
      [Code Root Scanning (ms): Min: 0.0, Avg: 0.0, Max: 0.0, Diff: 0.0, Sum: 0.1]
      [Object Copy (ms): Min: 211.2, Avg: 213.4, Max: 213.9, Diff: 2.7, Sum: 1706.8]
      [Termination (ms): Min: 0.0, Avg: 0.2, Max: 0.3, Diff: 0.3, Sum: 1.8]
         [Termination Attempts: Min: 1, Avg: 225.6, Max: 293, Diff: 292, Sum: 1805]
      [GC Worker Other (ms): Min: 0.0, Avg: 0.1, Max: 0.1, Diff: 0.1, Sum: 0.6]
      [GC Worker Total (ms): Min: 253.5, Avg: 253.7, Max: 253.8, Diff: 0.3, Sum: 2029.7]
      [GC Worker End (ms): Min: 541962706.6, Avg: 541962706.6, Max: 541962706.7, Diff: 0.1]
   [Code Root Fixup: 0.0 ms]
   [Code Root Purge: 0.0 ms]
   [Clear CT: 0.5 ms]
   [Other: 4.2 ms]
      [Choose CSet: 0.0 ms]
      [Ref Proc: 0.7 ms]
      [Ref Enq: 0.1 ms]
      [Redirty Cards: 0.3 ms]
      [Humongous Register: 0.6 ms]
      [Humongous Reclaim: 0.1 ms]
      [Free CSet: 1.6 ms]
   [Eden: 2742.0M(2742.0M)->0.0B(1732.0M) Survivors: 118.0M->358.0M Heap: 4906.8M(6144.0M)->2516.6M(6144.0M)]
 [Times: user=1.86 sys=0.16, real=0.26 secs] 
2025-07-26T18:30:31.445+0800: 541985.281: [GC pause (G1 Evacuation Pause) (young), 0.1977478 secs]
   [Parallel Time: 192.2 ms, GC Workers: 8]
      [GC Worker Start (ms): Min: 541985281.8, Avg: 541985281.8, Max: 541985281.8, Diff: 0.1]
      [Ext Root Scanning (ms): Min: 2.3, Avg: 3.5, Max: 10.3, Diff: 8.0, Sum: 27.8]
      [Update RS (ms): Min: 39.4, Avg: 46.1, Max: 47.2, Diff: 7.8, Sum: 368.6]
         [Processed Buffers: Min: 89, Avg: 117.4, Max: 141, Diff: 52, Sum: 939]
      [Scan RS (ms): Min: 0.1, Avg: 0.2, Max: 0.3, Diff: 0.2, Sum: 1.6]
      [Code Root Scanning (ms): Min: 0.0, Avg: 0.0, Max: 0.0, Diff: 0.0, Sum: 0.0]
      [Object Copy (ms): Min: 141.8, Avg: 142.3, Max: 142.4, Diff: 0.6, Sum: 1138.0]
      [Termination (ms): Min: 0.0, Avg: 0.0, Max: 0.0, Diff: 0.0, Sum: 0.0]
         [Termination Attempts: Min: 1, Avg: 1.0, Max: 1, Diff: 0, Sum: 8]
      [GC Worker Other (ms): Min: 0.0, Avg: 0.1, Max: 0.1, Diff: 0.1, Sum: 0.5]
      [GC Worker Total (ms): Min: 192.0, Avg: 192.1, Max: 192.1, Diff: 0.1, Sum: 1536.5]
      [GC Worker End (ms): Min: 541985473.8, Avg: 541985473.9, Max: 541985473.9, Diff: 0.1]
   [Code Root Fixup: 0.0 ms]
   [Code Root Purge: 0.0 ms]
   [Clear CT: 0.4 ms]
   [Other: 5.1 ms]
      [Choose CSet: 0.0 ms]
      [Ref Proc: 1.4 ms]
      [Ref Enq: 0.1 ms]
      [Redirty Cards: 1.0 ms]
      [Humongous Register: 0.4 ms]
      [Humongous Reclaim: 0.1 ms]
      [Free CSet: 1.3 ms]
   [Eden: 1732.0M(1732.0M)->0.0B(2300.0M) Survivors: 358.0M->30.0M Heap: 4248.6M(6144.0M)->2548.2M(6144.0M)]
 [Times: user=1.48 sys=0.07, real=0.20 secs] 
2025-07-26T18:30:59.181+0800: 542013.017: [GC pause (G1 Evacuation Pause) (young) (initial-mark), 0.0518747 secs]
   [Parallel Time: 40.9 ms, GC Workers: 8]
      [GC Worker Start (ms): Min: 542013023.3, Avg: 542013023.4, Max: 542013023.4, Diff: 0.1]
      [Ext Root Scanning (ms): Min: 4.0, Avg: 4.4, Max: 5.1, Diff: 1.1, Sum: 35.3]
      [Update RS (ms): Min: 28.6, Avg: 28.7, Max: 28.9, Diff: 0.3, Sum: 229.3]
         [Processed Buffers: Min: 83, Avg: 101.8, Max: 113, Diff: 30, Sum: 814]
      [Scan RS (ms): Min: 0.4, Avg: 0.6, Max: 0.7, Diff: 0.3, Sum: 4.6]
      [Code Root Scanning (ms): Min: 0.0, Avg: 0.0, Max: 0.0, Diff: 0.0, Sum: 0.0]
      [Object Copy (ms): Min: 4.8, Avg: 5.2, Max: 5.5, Diff: 0.6, Sum: 41.8]
      [Termination (ms): Min: 0.0, Avg: 0.0, Max: 0.1, Diff: 0.1, Sum: 0.4]
         [Termination Attempts: Min: 1, Avg: 1.0, Max: 1, Diff: 0, Sum: 8]
      [GC Worker Other (ms): Min: 0.0, Avg: 0.1, Max: 0.2, Diff: 0.2, Sum: 0.8]
      [GC Worker Total (ms): Min: 39.0, Avg: 39.0, Max: 39.1, Diff: 0.2, Sum: 312.3]
      [GC Worker End (ms): Min: 542013062.4, Avg: 542013062.4, Max: 542013062.4, Diff: 0.0]
   [Code Root Fixup: 0.0 ms]
   [Code Root Purge: 0.0 ms]
   [Clear CT: 0.4 ms]
   [Other: 10.5 ms]
      [Choose CSet: 0.0 ms]
      [Ref Proc: 1.7 ms]
      [Ref Enq: 0.1 ms]
      [Redirty Cards: 0.2 ms]
      [Humongous Register: 0.9 ms]
      [Humongous Reclaim: 0.1 ms]
      [Free CSet: 2.8 ms]
   [Eden: 2300.0M(2300.0M)->0.0B(2324.0M) Survivors: 30.0M->32.0M Heap: 4848.2M(6144.0M)->2550.2M(6144.0M)]
 [Times: user=0.26 sys=0.07, real=0.05 secs] 
2025-07-26T18:30:59.233+0800: 542013.069: [GC concurrent-root-region-scan-start]
2025-07-26T18:30:59.240+0800: 542013.076: [GC concurrent-root-region-scan-end, 0.0070147 secs]
2025-07-26T18:30:59.240+0800: 542013.076: [GC concurrent-mark-start]
2025-07-26T18:31:00.018+0800: 542013.854: [GC concurrent-mark-end, 0.7782472 secs]
2025-07-26T18:31:00.022+0800: 542013.857: [GC remark 2025-07-26T18:31:00.022+0800: 542013.857: [Finalize Marking, 0.0006109 secs] 2025-07-26T18:31:00.023+0800: 542013.858: [GC ref-proc, 0.0089901 secs] 2025-07-26T18:31:00.032+0800: 542013.867: [Unloading, 0.0559002 secs], 0.0685343 secs]
 [Times: user=0.24 sys=0.15, real=0.07 secs] 
2025-07-26T18:31:00.094+0800: 542013.930: [GC cleanup 2630M->2358M(6144M), 0.0041895 secs]
 [Times: user=0.01 sys=0.02, real=0.01 secs] 
2025-07-26T18:31:00.099+0800: 542013.934: [GC concurrent-cleanup-start]
2025-07-26T18:31:00.099+0800: 542013.935: [GC concurrent-cleanup-end, 0.0006251 secs]
2025-07-26T18:31:28.348+0800: 542042.183: [GC pause (G1 Evacuation Pause) (young), 0.0267086 secs]
   [Parallel Time: 13.4 ms, GC Workers: 8]
      [GC Worker Start (ms): Min: 542042188.8, Avg: 542042188.9, Max: 542042189.0, Diff: 0.2]
      [Ext Root Scanning (ms): Min: 3.4, Avg: 4.7, Max: 12.2, Diff: 8.7, Sum: 37.9]
      [Update RS (ms): Min: 0.0, Avg: 3.1, Max: 4.0, Diff: 4.0, Sum: 25.0]
         [Processed Buffers: Min: 0, Avg: 22.5, Max: 38, Diff: 38, Sum: 180]
      [Scan RS (ms): Min: 0.1, Avg: 0.2, Max: 0.4, Diff: 0.3, Sum: 1.8]
      [Code Root Scanning (ms): Min: 0.0, Avg: 0.0, Max: 0.0, Diff: 0.0, Sum: 0.1]
      [Object Copy (ms): Min: 0.7, Avg: 4.9, Max: 5.6, Diff: 4.9, Sum: 39.2]
      [Termination (ms): Min: 0.0, Avg: 0.1, Max: 0.3, Diff: 0.3, Sum: 1.0]
         [Termination Attempts: Min: 1, Avg: 6.1, Max: 9, Diff: 8, Sum: 49]
      [GC Worker Other (ms): Min: 0.0, Avg: 0.1, Max: 0.1, Diff: 0.1, Sum: 0.4]
      [GC Worker Total (ms): Min: 13.1, Avg: 13.2, Max: 13.3, Diff: 0.2, Sum: 105.4]
      [GC Worker End (ms): Min: 542042202.0, Avg: 542042202.1, Max: 542042202.1, Diff: 0.1]
   [Code Root Fixup: 0.0 ms]
   [Code Root Purge: 0.0 ms]
   [Clear CT: 0.3 ms]
   [Other: 12.9 ms]
      [Choose CSet: 0.0 ms]
      [Ref Proc: 2.1 ms]
      [Ref Enq: 0.2 ms]
      [Redirty Cards: 0.1 ms]
      [Humongous Register: 4.4 ms]
      [Humongous Reclaim: 0.1 ms]
      [Free CSet: 4.2 ms]
   [Eden: 2324.0M(2324.0M)->0.0B(276.0M) Survivors: 32.0M->30.0M Heap: 4603.1M(6144.0M)->2277.4M(6144.0M)]
 [Times: user=0.04 sys=0.08, real=0.02 secs] 
2025-07-26T18:31:32.461+0800: 542046.297: [GC pause (G1 Evacuation Pause) (mixed), 0.0202326 secs]
   [Parallel Time: 14.6 ms, GC Workers: 8]
      [GC Worker Start (ms): Min: 542046298.2, Avg: 542046298.3, Max: 542046298.4, Diff: 0.2]
      [Ext Root Scanning (ms): Min: 2.4, Avg: 2.6, Max: 3.0, Diff: 0.6, Sum: 20.7]
      [Update RS (ms): Min: 0.8, Avg: 1.2, Max: 1.4, Diff: 0.6, Sum: 9.6]
         [Processed Buffers: Min: 2, Avg: 17.4, Max: 33, Diff: 31, Sum: 139]
      [Scan RS (ms): Min: 3.1, Avg: 3.2, Max: 3.4, Diff: 0.3, Sum: 26.0]
      [Code Root Scanning (ms): Min: 0.0, Avg: 0.0, Max: 0.0, Diff: 0.0, Sum: 0.0]
      [Object Copy (ms): Min: 7.0, Avg: 7.2, Max: 7.4, Diff: 0.4, Sum: 57.5]
      [Termination (ms): Min: 0.0, Avg: 0.1, Max: 0.2, Diff: 0.2, Sum: 0.9]
         [Termination Attempts: Min: 1, Avg: 1.1, Max: 2, Diff: 1, Sum: 9]
      [GC Worker Other (ms): Min: 0.0, Avg: 0.0, Max: 0.0, Diff: 0.0, Sum: 0.2]
      [GC Worker Total (ms): Min: 14.3, Avg: 14.4, Max: 14.5, Diff: 0.2, Sum: 114.9]
      [GC Worker End (ms): Min: 542046312.6, Avg: 542046312.7, Max: 542046312.7, Diff: 0.1]
   [Code Root Fixup: 0.1 ms]
   [Code Root Purge: 0.0 ms]
   [Clear CT: 0.3 ms]
   [Other: 5.3 ms]
      [Choose CSet: 0.8 ms]
      [Ref Proc: 0.5 ms]
      [Ref Enq: 0.0 ms]
      [Redirty Cards: 0.1 ms]
      [Humongous Register: 0.5 ms]
      [Humongous Reclaim: 0.1 ms]
      [Free CSet: 2.4 ms]
   [Eden: 276.0M(276.0M)->0.0B(276.0M) Survivors: 30.0M->30.0M Heap: 2553.4M(6144.0M)->1674.1M(6144.0M)]
 [Times: user=0.05 sys=0.06, real=0.02 secs] 
2025-07-26T18:31:37.036+0800: 542050.872: [GC pause (G1 Evacuation Pause) (mixed), 0.0257465 secs]
   [Parallel Time: 21.2 ms, GC Workers: 8]
      [GC Worker Start (ms): Min: 542050873.2, Avg: 542050873.3, Max: 542050873.3, Diff: 0.1]
      [Ext Root Scanning (ms): Min: 2.2, Avg: 2.4, Max: 3.0, Diff: 0.8, Sum: 19.3]
      [Update RS (ms): Min: 2.0, Avg: 2.4, Max: 2.7, Diff: 0.7, Sum: 19.3]
         [Processed Buffers: Min: 11, Avg: 23.4, Max: 40, Diff: 29, Sum: 187]
      [Scan RS (ms): Min: 5.6, Avg: 5.8, Max: 5.9, Diff: 0.3, Sum: 46.3]
      [Code Root Scanning (ms): Min: 0.0, Avg: 0.0, Max: 0.0, Diff: 0.0, Sum: 0.0]
      [Object Copy (ms): Min: 10.2, Avg: 10.3, Max: 10.5, Diff: 0.3, Sum: 82.8]
      [Termination (ms): Min: 0.0, Avg: 0.0, Max: 0.0, Diff: 0.0, Sum: 0.0]
         [Termination Attempts: Min: 1, Avg: 1.5, Max: 2, Diff: 1, Sum: 12]
      [GC Worker Other (ms): Min: 0.0, Avg: 0.0, Max: 0.0, Diff: 0.0, Sum: 0.2]
      [GC Worker Total (ms): Min: 21.0, Avg: 21.0, Max: 21.0, Diff: 0.1, Sum: 168.0]
      [GC Worker End (ms): Min: 542050894.2, Avg: 542050894.3, Max: 542050894.3, Diff: 0.0]
   [Code Root Fixup: 0.0 ms]
   [Code Root Purge: 0.0 ms]
   [Clear CT: 0.4 ms]
   [Other: 4.2 ms]
      [Choose CSet: 0.8 ms]
      [Ref Proc: 0.8 ms]
      [Ref Enq: 0.1 ms]
      [Redirty Cards: 0.2 ms]
      [Humongous Register: 0.3 ms]
      [Humongous Reclaim: 0.1 ms]
      [Free CSet: 1.1 ms]
   [Eden: 276.0M(276.0M)->0.0B(3374.0M) Survivors: 30.0M->24.0M Heap: 1950.1M(6144.0M)->1467.9M(6144.0M)]
 [Times: user=0.17 sys=0.00, real=0.03 secs] 
2025-07-26T18:46:29.501+0800: 542943.336: [GC pause (G1 Evacuation Pause) (young), 0.0453181 secs]
   [Parallel Time: 32.9 ms, GC Workers: 8]
      [GC Worker Start (ms): Min: 542943339.6, Avg: 542943339.7, Max: 542943339.8, Diff: 0.2]
      [Ext Root Scanning (ms): Min: 2.9, Avg: 4.6, Max: 14.4, Diff: 11.5, Sum: 37.0]
      [Update RS (ms): Min: 9.8, Avg: 19.3, Max: 21.1, Diff: 11.3, Sum: 154.6]
         [Processed Buffers: Min: 39, Avg: 62.0, Max: 78, Diff: 39, Sum: 496]
      [Scan RS (ms): Min: 0.2, Avg: 0.4, Max: 0.5, Diff: 0.3, Sum: 3.0]
      [Code Root Scanning (ms): Min: 0.0, Avg: 0.0, Max: 0.0, Diff: 0.0, Sum: 0.1]
      [Object Copy (ms): Min: 7.8, Avg: 8.1, Max: 8.2, Diff: 0.4, Sum: 64.5]
      [Termination (ms): Min: 0.0, Avg: 0.0, Max: 0.0, Diff: 0.0, Sum: 0.3]
         [Termination Attempts: Min: 1, Avg: 39.2, Max: 52, Diff: 51, Sum: 314]
      [GC Worker Other (ms): Min: 0.1, Avg: 0.2, Max: 0.3, Diff: 0.2, Sum: 1.5]
      [GC Worker Total (ms): Min: 32.5, Avg: 32.6, Max: 32.7, Diff: 0.2, Sum: 260.9]
      [GC Worker End (ms): Min: 542943372.3, Avg: 542943372.3, Max: 542943372.3, Diff: 0.1]
   [Code Root Fixup: 0.0 ms]
   [Code Root Purge: 0.0 ms]
   [Clear CT: 0.7 ms]
   [Other: 11.7 ms]
      [Choose CSet: 0.0 ms]
      [Ref Proc: 3.8 ms]
      [Ref Enq: 0.2 ms]
      [Redirty Cards: 0.1 ms]
      [Humongous Register: 2.3 ms]
      [Humongous Reclaim: 0.2 ms]
      [Free CSet: 4.0 ms]
   [Eden: 3374.0M(3374.0M)->0.0B(1770.0M) Survivors: 24.0M->18.0M Heap: 4859.9M(6144.0M)->1464.9M(6144.0M)]
 [Times: user=0.20 sys=0.08, real=0.04 secs] 
2025-07-26T18:49:50.788+0800: 543144.624: [GC pause (G1 Evacuation Pause) (young), 0.0370096 secs]
   [Parallel Time: 26.6 ms, GC Workers: 8]
      [GC Worker Start (ms): Min: 543144628.8, Avg: 543144628.9, Max: 543144629.0, Diff: 0.2]
      [Ext Root Scanning (ms): Min: 3.1, Avg: 4.4, Max: 11.0, Diff: 8.0, Sum: 35.4]
      [Update RS (ms): Min: 4.7, Avg: 10.3, Max: 11.6, Diff: 6.8, Sum: 82.2]
         [Processed Buffers: Min: 27, Avg: 68.1, Max: 91, Diff: 64, Sum: 545]
      [Scan RS (ms): Min: 0.1, Avg: 0.2, Max: 0.3, Diff: 0.2, Sum: 1.7]
      [Code Root Scanning (ms): Min: 0.0, Avg: 0.0, Max: 0.0, Diff: 0.0, Sum: 0.0]
      [Object Copy (ms): Min: 10.6, Avg: 11.3, Max: 11.5, Diff: 0.9, Sum: 90.1]
      [Termination (ms): Min: 0.0, Avg: 0.0, Max: 0.0, Diff: 0.0, Sum: 0.1]
         [Termination Attempts: Min: 1, Avg: 19.4, Max: 27, Diff: 26, Sum: 155]
      [GC Worker Other (ms): Min: 0.1, Avg: 0.2, Max: 0.5, Diff: 0.4, Sum: 1.6]
      [GC Worker Total (ms): Min: 26.3, Avg: 26.4, Max: 26.5, Diff: 0.2, Sum: 211.1]
      [GC Worker End (ms): Min: 543144655.2, Avg: 543144655.3, Max: 543144655.3, Diff: 0.1]
   [Code Root Fixup: 0.0 ms]
   [Code Root Purge: 0.0 ms]
   [Clear CT: 0.3 ms]
   [Other: 10.0 ms]
      [Choose CSet: 0.0 ms]
      [Ref Proc: 1.9 ms]
      [Ref Enq: 0.1 ms]
      [Redirty Cards: 0.1 ms]
      [Humongous Register: 4.1 ms]
      [Humongous Reclaim: 0.3 ms]
      [Free CSet: 2.4 ms]
   [Eden: 1770.0M(1770.0M)->0.0B(2580.0M) Survivors: 18.0M->26.0M Heap: 3280.9M(6144.0M)->1466.9M(6144.0M)]
 [Times: user=0.19 sys=0.03, real=0.03 secs] 
2025-07-26T18:50:22.535+0800: 543176.371: [GC pause (G1 Evacuation Pause) (young), 0.0432474 secs]
   [Parallel Time: 33.7 ms, GC Workers: 8]
      [GC Worker Start (ms): Min: 543176374.0, Avg: 543176374.2, Max: 543176374.3, Diff: 0.3]
      [Ext Root Scanning (ms): Min: 3.1, Avg: 3.7, Max: 5.3, Diff: 2.1, Sum: 29.4]
      [Update RS (ms): Min: 13.5, Avg: 14.9, Max: 16.0, Diff: 2.5, Sum: 119.1]
         [Processed Buffers: Min: 68, Avg: 100.1, Max: 111, Diff: 43, Sum: 801]
      [Scan RS (ms): Min: 0.1, Avg: 0.2, Max: 0.4, Diff: 0.3, Sum: 2.0]
      [Code Root Scanning (ms): Min: 0.0, Avg: 0.0, Max: 0.0, Diff: 0.0, Sum: 0.0]
      [Object Copy (ms): Min: 13.8, Avg: 14.5, Max: 14.7, Diff: 0.9, Sum: 115.7]
      [Termination (ms): Min: 0.0, Avg: 0.0, Max: 0.0, Diff: 0.0, Sum: 0.0]
         [Termination Attempts: Min: 1, Avg: 1.5, Max: 3, Diff: 2, Sum: 12]
      [GC Worker Other (ms): Min: 0.1, Avg: 0.1, Max: 0.2, Diff: 0.1, Sum: 1.2]
      [GC Worker Total (ms): Min: 33.3, Avg: 33.4, Max: 33.6, Diff: 0.3, Sum: 267.5]
      [GC Worker End (ms): Min: 543176407.6, Avg: 543176407.6, Max: 543176407.7, Diff: 0.1]
   [Code Root Fixup: 0.1 ms]
   [Code Root Purge: 0.0 ms]
   [Clear CT: 0.5 ms]
   [Other: 9.0 ms]
      [Choose CSet: 0.0 ms]
      [Ref Proc: 1.5 ms]
      [Ref Enq: 0.2 ms]
      [Redirty Cards: 0.1 ms]
      [Humongous Register: 2.4 ms]
      [Humongous Reclaim: 0.3 ms]
      [Free CSet: 3.1 ms]
   [Eden: 2580.0M(2580.0M)->0.0B(3144.0M) Survivors: 26.0M->54.0M Heap: 4119.2M(6144.0M)->1493.9M(6144.0M)]
 [Times: user=0.26 sys=0.03, real=0.05 secs] 
2025-07-26T18:50:58.146+0800: 543211.982: [GC pause (G1 Evacuation Pause) (young), 0.0295581 secs]
   [Parallel Time: 22.9 ms, GC Workers: 8]
      [GC Worker Start (ms): Min: 543211983.0, Avg: 543211983.0, Max: 543211983.1, Diff: 0.1]
      [Ext Root Scanning (ms): Min: 2.4, Avg: 2.7, Max: 3.3, Diff: 0.9, Sum: 21.5]
      [Update RS (ms): Min: 6.2, Avg: 6.5, Max: 6.6, Diff: 0.3, Sum: 51.7]
         [Processed Buffers: Min: 28, Avg: 50.6, Max: 66, Diff: 38, Sum: 405]
      [Scan RS (ms): Min: 0.2, Avg: 0.3, Max: 0.4, Diff: 0.3, Sum: 2.8]
      [Code Root Scanning (ms): Min: 0.0, Avg: 0.0, Max: 0.0, Diff: 0.0, Sum: 0.1]
      [Object Copy (ms): Min: 12.9, Avg: 13.1, Max: 13.3, Diff: 0.3, Sum: 105.2]
      [Termination (ms): Min: 0.0, Avg: 0.0, Max: 0.0, Diff: 0.0, Sum: 0.1]
         [Termination Attempts: Min: 1, Avg: 15.5, Max: 20, Diff: 19, Sum: 124]
      [GC Worker Other (ms): Min: 0.0, Avg: 0.1, Max: 0.1, Diff: 0.1, Sum: 0.6]
      [GC Worker Total (ms): Min: 22.7, Avg: 22.7, Max: 22.8, Diff: 0.1, Sum: 181.9]
      [GC Worker End (ms): Min: 543212005.7, Avg: 543212005.8, Max: 543212005.8, Diff: 0.1]
   [Code Root Fixup: 0.0 ms]
   [Code Root Purge: 0.0 ms]
   [Clear CT: 0.6 ms]
   [Other: 6.1 ms]
      [Choose CSet: 0.0 ms]
      [Ref Proc: 2.1 ms]
      [Ref Enq: 0.1 ms]
      [Redirty Cards: 0.1 ms]
      [Humongous Register: 0.5 ms]
      [Humongous Reclaim: 0.1 ms]
      [Free CSet: 2.3 ms]
   [Eden: 3144.0M(3144.0M)->0.0B(3436.0M) Survivors: 54.0M->56.0M Heap: 4661.1M(6144.0M)->1495.9M(6144.0M)]
 [Times: user=0.19 sys=0.00, real=0.03 secs] 
2025-07-26T18:51:30.069+0800: 543243.904: [GC pause (G1 Evacuation Pause) (young), 0.0426581 secs]
   [Parallel Time: 36.6 ms, GC Workers: 8]
      [GC Worker Start (ms): Min: 543243905.2, Avg: 543243905.2, Max: 543243905.3, Diff: 0.1]
      [Ext Root Scanning (ms): Min: 2.2, Avg: 2.4, Max: 3.2, Diff: 1.0, Sum: 19.5]
      [Update RS (ms): Min: 19.1, Avg: 19.6, Max: 20.0, Diff: 0.9, Sum: 157.1]
         [Processed Buffers: Min: 102, Avg: 123.0, Max: 130, Diff: 28, Sum: 984]
      [Scan RS (ms): Min: 0.2, Avg: 0.4, Max: 0.4, Diff: 0.2, Sum: 2.9]
      [Code Root Scanning (ms): Min: 0.0, Avg: 0.0, Max: 0.0, Diff: 0.0, Sum: 0.1]
      [Object Copy (ms): Min: 13.7, Avg: 13.9, Max: 14.0, Diff: 0.3, Sum: 111.2]
      [Termination (ms): Min: 0.0, Avg: 0.0, Max: 0.0, Diff: 0.0, Sum: 0.1]
         [Termination Attempts: Min: 1, Avg: 8.5, Max: 12, Diff: 11, Sum: 68]
      [GC Worker Other (ms): Min: 0.0, Avg: 0.1, Max: 0.2, Diff: 0.1, Sum: 0.8]
      [GC Worker Total (ms): Min: 36.4, Avg: 36.5, Max: 36.5, Diff: 0.2, Sum: 291.7]
      [GC Worker End (ms): Min: 543243941.6, Avg: 543243941.7, Max: 543243941.7, Diff: 0.1]
   [Code Root Fixup: 0.0 ms]
   [Code Root Purge: 0.0 ms]
   [Clear CT: 0.6 ms]
   [Other: 5.4 ms]
      [Choose CSet: 0.0 ms]
      [Ref Proc: 1.6 ms]
      [Ref Enq: 0.2 ms]
      [Redirty Cards: 0.1 ms]
      [Humongous Register: 0.5 ms]
      [Humongous Reclaim: 0.3 ms]
      [Free CSet: 1.9 ms]
   [Eden: 3436.0M(3436.0M)->0.0B(3430.0M) Survivors: 56.0M->56.0M Heap: 5027.5M(6144.0M)->1510.2M(6144.0M)]
 [Times: user=0.26 sys=0.03, real=0.04 secs] 
2025-07-26T18:53:00.238+0800: 543334.074: [GC pause (G1 Evacuation Pause) (young), 0.0363489 secs]
   [Parallel Time: 25.6 ms, GC Workers: 8]
      [GC Worker Start (ms): Min: 543334076.5, Avg: 543334076.5, Max: 543334076.6, Diff: 0.1]
      [Ext Root Scanning (ms): Min: 2.8, Avg: 3.9, Max: 10.9, Diff: 8.2, Sum: 31.4]
      [Update RS (ms): Min: 6.3, Avg: 13.0, Max: 14.6, Diff: 8.4, Sum: 104.0]
         [Processed Buffers: Min: 55, Avg: 87.1, Max: 108, Diff: 53, Sum: 697]
      [Scan RS (ms): Min: 0.1, Avg: 0.4, Max: 0.5, Diff: 0.4, Sum: 2.9]
      [Code Root Scanning (ms): Min: 0.0, Avg: 0.0, Max: 0.0, Diff: 0.0, Sum: 0.1]
      [Object Copy (ms): Min: 7.6, Avg: 8.0, Max: 8.1, Diff: 0.5, Sum: 63.6]
      [Termination (ms): Min: 0.0, Avg: 0.0, Max: 0.0, Diff: 0.0, Sum: 0.2]
         [Termination Attempts: Min: 1, Avg: 31.2, Max: 43, Diff: 42, Sum: 250]
      [GC Worker Other (ms): Min: 0.1, Avg: 0.1, Max: 0.2, Diff: 0.1, Sum: 1.1]
      [GC Worker Total (ms): Min: 25.4, Avg: 25.4, Max: 25.5, Diff: 0.2, Sum: 203.4]
      [GC Worker End (ms): Min: 543334101.9, Avg: 543334102.0, Max: 543334102.0, Diff: 0.1]
   [Code Root Fixup: 0.1 ms]
   [Code Root Purge: 0.0 ms]
   [Clear CT: 0.5 ms]
   [Other: 10.1 ms]
      [Choose CSet: 0.0 ms]
      [Ref Proc: 2.1 ms]
      [Ref Enq: 0.1 ms]
      [Redirty Cards: 0.1 ms]
      [Humongous Register: 2.0 ms]
      [Humongous Reclaim: 0.3 ms]
      [Free CSet: 4.5 ms]
   [Eden: 3430.0M(3430.0M)->0.0B(3470.0M) Survivors: 56.0M->36.0M Heap: 4998.0M(6144.0M)->1482.6M(6144.0M)]
 [Times: user=0.21 sys=0.00, real=0.03 secs] 
2025-07-26T18:56:04.791+0800: 543518.627: [GC pause (G1 Evacuation Pause) (young), 0.0398519 secs]
   [Parallel Time: 29.2 ms, GC Workers: 8]
      [GC Worker Start (ms): Min: 543518630.3, Avg: 543518630.4, Max: 543518630.5, Diff: 0.1]
      [Ext Root Scanning (ms): Min: 2.9, Avg: 4.1, Max: 10.9, Diff: 8.0, Sum: 32.7]
      [Update RS (ms): Min: 9.1, Avg: 15.7, Max: 16.9, Diff: 7.8, Sum: 125.6]
         [Processed Buffers: Min: 72, Avg: 109.2, Max: 135, Diff: 63, Sum: 874]
      [Scan RS (ms): Min: 1.2, Avg: 1.9, Max: 2.1, Diff: 0.9, Sum: 15.0]
      [Code Root Scanning (ms): Min: 0.0, Avg: 0.0, Max: 0.0, Diff: 0.0, Sum: 0.1]
      [Object Copy (ms): Min: 7.1, Avg: 7.2, Max: 7.3, Diff: 0.3, Sum: 57.7]
      [Termination (ms): Min: 0.0, Avg: 0.0, Max: 0.0, Diff: 0.0, Sum: 0.1]
         [Termination Attempts: Min: 1, Avg: 6.6, Max: 11, Diff: 10, Sum: 53]
      [GC Worker Other (ms): Min: 0.1, Avg: 0.2, Max: 0.2, Diff: 0.1, Sum: 1.2]
      [GC Worker Total (ms): Min: 29.0, Avg: 29.1, Max: 29.1, Diff: 0.2, Sum: 232.5]
      [GC Worker End (ms): Min: 543518659.4, Avg: 543518659.4, Max: 543518659.5, Diff: 0.1]
   [Code Root Fixup: 0.0 ms]
   [Code Root Purge: 0.0 ms]
   [Clear CT: 0.7 ms]
   [Other: 9.9 ms]
      [Choose CSet: 0.0 ms]
      [Ref Proc: 1.1 ms]
      [Ref Enq: 0.1 ms]
      [Redirty Cards: 0.1 ms]
      [Humongous Register: 2.8 ms]
      [Humongous Reclaim: 0.8 ms]
      [Free CSet: 4.1 ms]
   [Eden: 3470.0M(3470.0M)->0.0B(3496.0M) Survivors: 36.0M->30.0M Heap: 5178.1M(6144.0M)->1470.9M(6144.0M)]
 [Times: user=0.22 sys=0.02, real=0.04 secs] 
2025-07-26T18:58:59.843+0800: 543693.678: [GC pause (G1 Evacuation Pause) (young), 0.0468989 secs]
   [Parallel Time: 37.1 ms, GC Workers: 8]
      [GC Worker Start (ms): Min: 543693680.7, Avg: 543693680.7, Max: 543693680.8, Diff: 0.1]
      [Ext Root Scanning (ms): Min: 2.7, Avg: 3.9, Max: 10.4, Diff: 7.7, Sum: 31.4]
      [Update RS (ms): Min: 14.0, Avg: 20.4, Max: 22.2, Diff: 8.2, Sum: 163.3]
         [Processed Buffers: Min: 100, Avg: 135.0, Max: 154, Diff: 54, Sum: 1080]
      [Scan RS (ms): Min: 1.0, Avg: 1.8, Max: 2.0, Diff: 1.0, Sum: 14.6]
      [Code Root Scanning (ms): Min: 0.0, Avg: 0.0, Max: 0.0, Diff: 0.0, Sum: 0.1]
      [Object Copy (ms): Min: 10.5, Avg: 10.7, Max: 10.7, Diff: 0.3, Sum: 85.3]
      [Termination (ms): Min: 0.0, Avg: 0.0, Max: 0.0, Diff: 0.0, Sum: 0.0]
         [Termination Attempts: Min: 1, Avg: 1.0, Max: 1, Diff: 0, Sum: 8]
      [GC Worker Other (ms): Min: 0.1, Avg: 0.1, Max: 0.2, Diff: 0.1, Sum: 1.1]
      [GC Worker Total (ms): Min: 36.9, Avg: 37.0, Max: 37.0, Diff: 0.2, Sum: 295.7]
      [GC Worker End (ms): Min: 543693717.7, Avg: 543693717.7, Max: 543693717.7, Diff: 0.1]
   [Code Root Fixup: 0.0 ms]
   [Code Root Purge: 0.0 ms]
   [Clear CT: 0.7 ms]
   [Other: 9.0 ms]
      [Choose CSet: 0.0 ms]
      [Ref Proc: 1.2 ms]
      [Ref Enq: 0.1 ms]
      [Redirty Cards: 0.1 ms]
      [Humongous Register: 1.7 ms]
      [Humongous Reclaim: 0.5 ms]
      [Free CSet: 4.5 ms]
   [Eden: 3496.0M(3496.0M)->0.0B(3472.0M) Survivors: 30.0M->42.0M Heap: 5179.4M(6144.0M)->1498.2M(6144.0M)]
 [Times: user=0.26 sys=0.05, real=0.05 secs] 
2025-07-26T19:00:06.181+0800: 543760.016: [GC pause (G1 Evacuation Pause) (young), 0.2898260 secs]
   [Parallel Time: 283.0 ms, GC Workers: 8]
      [GC Worker Start (ms): Min: 543760017.5, Avg: 543760017.6, Max: 543760017.6, Diff: 0.1]
      [Ext Root Scanning (ms): Min: 2.3, Avg: 3.4, Max: 9.4, Diff: 7.0, Sum: 27.2]
      [Update RS (ms): Min: 83.9, Avg: 90.4, Max: 92.9, Diff: 8.9, Sum: 722.9]
         [Processed Buffers: Min: 83, Avg: 111.0, Max: 151, Diff: 68, Sum: 888]
      [Scan RS (ms): Min: 0.1, Avg: 0.3, Max: 0.5, Diff: 0.4, Sum: 2.4]
      [Code Root Scanning (ms): Min: 0.0, Avg: 0.0, Max: 0.0, Diff: 0.0, Sum: 0.1]
      [Object Copy (ms): Min: 186.3, Avg: 187.8, Max: 189.3, Diff: 3.0, Sum: 1502.5]
      [Termination (ms): Min: 0.0, Avg: 0.8, Max: 1.0, Diff: 1.0, Sum: 6.7]
         [Termination Attempts: Min: 1, Avg: 830.8, Max: 1050, Diff: 1049, Sum: 6646]
      [GC Worker Other (ms): Min: 0.0, Avg: 0.1, Max: 0.1, Diff: 0.1, Sum: 0.6]
      [GC Worker Total (ms): Min: 282.7, Avg: 282.8, Max: 282.9, Diff: 0.2, Sum: 2262.4]
      [GC Worker End (ms): Min: 543760300.3, Avg: 543760300.4, Max: 543760300.4, Diff: 0.1]
   [Code Root Fixup: 0.1 ms]
   [Code Root Purge: 0.0 ms]
   [Clear CT: 0.7 ms]
   [Other: 6.1 ms]
      [Choose CSet: 0.0 ms]
      [Ref Proc: 1.8 ms]
      [Ref Enq: 0.2 ms]
      [Redirty Cards: 0.2 ms]
      [Humongous Register: 0.5 ms]
      [Humongous Reclaim: 0.3 ms]
      [Free CSet: 2.0 ms]
   [Eden: 3472.0M(3472.0M)->0.0B(2362.0M) Survivors: 42.0M->408.0M Heap: 5051.3M(6144.0M)->1857.8M(6144.0M)]
 [Times: user=1.90 sys=0.35, real=0.29 secs] 
2025-07-26T19:00:21.951+0800: 543775.786: [GC pause (G1 Evacuation Pause) (young), 0.2669871 secs]
   [Parallel Time: 254.9 ms, GC Workers: 8]
      [GC Worker Start (ms): Min: 543775791.1, Avg: 543775791.2, Max: 543775791.2, Diff: 0.2]
      [Ext Root Scanning (ms): Min: 2.9, Avg: 3.4, Max: 5.5, Diff: 2.6, Sum: 27.6]
      [Update RS (ms): Min: 34.5, Avg: 36.4, Max: 37.5, Diff: 3.0, Sum: 291.4]
         [Processed Buffers: Min: 56, Avg: 84.5, Max: 112, Diff: 56, Sum: 676]
      [Scan RS (ms): Min: 0.1, Avg: 0.3, Max: 0.4, Diff: 0.3, Sum: 2.3]
      [Code Root Scanning (ms): Min: 0.0, Avg: 0.0, Max: 0.0, Diff: 0.0, Sum: 0.1]
      [Object Copy (ms): Min: 213.9, Avg: 214.3, Max: 214.5, Diff: 0.6, Sum: 1714.4]
      [Termination (ms): Min: 0.0, Avg: 0.1, Max: 0.1, Diff: 0.1, Sum: 0.8]
         [Termination Attempts: Min: 1, Avg: 105.0, Max: 136, Diff: 135, Sum: 840]
      [GC Worker Other (ms): Min: 0.1, Avg: 0.1, Max: 0.2, Diff: 0.1, Sum: 1.1]
      [GC Worker Total (ms): Min: 254.6, Avg: 254.7, Max: 254.8, Diff: 0.1, Sum: 2037.7]
      [GC Worker End (ms): Min: 543776045.8, Avg: 543776045.9, Max: 543776045.9, Diff: 0.1]
   [Code Root Fixup: 0.1 ms]
   [Code Root Purge: 0.0 ms]
   [Clear CT: 0.5 ms]
   [Other: 11.6 ms]
      [Choose CSet: 0.0 ms]
      [Ref Proc: 1.4 ms]
      [Ref Enq: 0.2 ms]
      [Redirty Cards: 1.2 ms]
      [Humongous Register: 3.4 ms]
      [Humongous Reclaim: 0.3 ms]
      [Free CSet: 3.6 ms]
   [Eden: 2362.0M(2362.0M)->0.0B(2256.0M) Survivors: 408.0M->110.0M Heap: 4269.0M(6144.0M)->1949.3M(6144.0M)]
 [Times: user=1.82 sys=0.21, real=0.27 secs] 
2025-07-26T19:00:49.888+0800: 543803.723: [GC pause (G1 Evacuation Pause) (young), 0.0857431 secs]
   [Parallel Time: 80.1 ms, GC Workers: 8]
      [GC Worker Start (ms): Min: 543803724.1, Avg: 543803724.2, Max: 543803724.4, Diff: 0.3]
      [Ext Root Scanning (ms): Min: 0.0, Avg: 2.6, Max: 3.6, Diff: 3.5, Sum: 21.0]
      [Update RS (ms): Min: 32.0, Avg: 33.4, Max: 34.0, Diff: 2.0, Sum: 267.4]
         [Processed Buffers: Min: 58, Avg: 92.2, Max: 115, Diff: 57, Sum: 738]
      [Scan RS (ms): Min: 1.1, Avg: 1.4, Max: 1.4, Diff: 0.3, Sum: 10.8]
      [Code Root Scanning (ms): Min: 0.0, Avg: 0.0, Max: 0.0, Diff: 0.0, Sum: 0.1]
      [Object Copy (ms): Min: 41.6, Avg: 41.8, Max: 42.0, Diff: 0.5, Sum: 334.6]
      [Termination (ms): Min: 0.0, Avg: 0.0, Max: 0.0, Diff: 0.0, Sum: 0.1]
         [Termination Attempts: Min: 1, Avg: 14.6, Max: 22, Diff: 21, Sum: 117]
      [GC Worker Other (ms): Min: 0.0, Avg: 0.6, Max: 4.7, Diff: 4.6, Sum: 5.1]
      [GC Worker Total (ms): Min: 79.7, Avg: 79.9, Max: 80.0, Diff: 0.3, Sum: 639.1]
      [GC Worker End (ms): Min: 543803804.1, Avg: 543803804.1, Max: 543803804.2, Diff: 0.1]
   [Code Root Fixup: 0.1 ms]
   [Code Root Purge: 0.0 ms]
   [Clear CT: 0.5 ms]
   [Other: 5.1 ms]
      [Choose CSet: 0.0 ms]
      [Ref Proc: 1.6 ms]
      [Ref Enq: 0.2 ms]
      [Redirty Cards: 0.1 ms]
      [Humongous Register: 0.5 ms]
      [Humongous Reclaim: 0.1 ms]
      [Free CSet: 1.6 ms]
   [Eden: 2256.0M(2256.0M)->0.0B(2894.0M) Survivors: 110.0M->118.0M Heap: 4205.3M(6144.0M)->1957.3M(6144.0M)]
 [Times: user=0.60 sys=0.05, real=0.08 secs] 
2025-07-26T19:01:17.719+0800: 543831.555: [GC pause (G1 Evacuation Pause) (young), 0.0815944 secs]
   [Parallel Time: 70.0 ms, GC Workers: 8]
      [GC Worker Start (ms): Min: 543831559.1, Avg: 543831559.2, Max: 543831559.3, Diff: 0.3]
      [Ext Root Scanning (ms): Min: 4.3, Avg: 5.5, Max: 11.7, Diff: 7.3, Sum: 44.0]
      [Update RS (ms): Min: 11.0, Avg: 16.9, Max: 18.2, Diff: 7.2, Sum: 135.1]
         [Processed Buffers: Min: 51, Avg: 73.9, Max: 94, Diff: 43, Sum: 591]
      [Scan RS (ms): Min: 0.2, Avg: 0.4, Max: 0.5, Diff: 0.2, Sum: 3.2]
      [Code Root Scanning (ms): Min: 0.0, Avg: 0.0, Max: 0.0, Diff: 0.0, Sum: 0.1]
      [Object Copy (ms): Min: 46.2, Avg: 46.7, Max: 47.0, Diff: 0.8, Sum: 373.5]
      [Termination (ms): Min: 0.0, Avg: 0.0, Max: 0.1, Diff: 0.1, Sum: 0.3]
         [Termination Attempts: Min: 1, Avg: 32.4, Max: 46, Diff: 45, Sum: 259]
      [GC Worker Other (ms): Min: 0.1, Avg: 0.2, Max: 0.3, Diff: 0.2, Sum: 1.3]
      [GC Worker Total (ms): Min: 69.5, Avg: 69.7, Max: 69.8, Diff: 0.2, Sum: 557.4]
      [GC Worker End (ms): Min: 543831628.8, Avg: 543831628.9, Max: 543831628.9, Diff: 0.1]
   [Code Root Fixup: 0.0 ms]
   [Code Root Purge: 0.0 ms]
   [Clear CT: 0.6 ms]
   [Other: 11.0 ms]
      [Choose CSet: 0.0 ms]
      [Ref Proc: 2.2 ms]
      [Ref Enq: 0.2 ms]
      [Redirty Cards: 0.1 ms]
      [Humongous Register: 3.2 ms]
      [Humongous Reclaim: 0.2 ms]
      [Free CSet: 3.7 ms]
   [Eden: 2894.0M(2894.0M)->0.0B(2918.0M) Survivors: 118.0M->124.0M Heap: 4900.9M(6144.0M)->1963.3M(6144.0M)]
 [Times: user=0.49 sys=0.09, real=0.08 secs] 
2025-07-26T19:01:53.187+0800: 543867.023: [GC pause (G1 Evacuation Pause) (young), 0.0660342 secs]
   [Parallel Time: 54.5 ms, GC Workers: 8]
      [GC Worker Start (ms): Min: 543867027.2, Avg: 543867027.4, Max: 543867027.5, Diff: 0.3]
      [Ext Root Scanning (ms): Min: 5.3, Avg: 6.3, Max: 11.8, Diff: 6.5, Sum: 50.5]
      [Update RS (ms): Min: 7.0, Avg: 12.0, Max: 13.5, Diff: 6.6, Sum: 95.8]
         [Processed Buffers: Min: 44, Avg: 70.5, Max: 89, Diff: 45, Sum: 564]
      [Scan RS (ms): Min: 0.1, Avg: 0.3, Max: 0.4, Diff: 0.3, Sum: 2.6]
      [Code Root Scanning (ms): Min: 0.0, Avg: 0.0, Max: 0.0, Diff: 0.0, Sum: 0.1]
      [Object Copy (ms): Min: 35.0, Avg: 35.4, Max: 35.6, Diff: 0.6, Sum: 282.8]
      [Termination (ms): Min: 0.0, Avg: 0.1, Max: 0.1, Diff: 0.1, Sum: 1.0]
         [Termination Attempts: Min: 1, Avg: 115.6, Max: 142, Diff: 141, Sum: 925]
      [GC Worker Other (ms): Min: 0.1, Avg: 0.1, Max: 0.2, Diff: 0.2, Sum: 1.2]
      [GC Worker Total (ms): Min: 54.1, Avg: 54.2, Max: 54.4, Diff: 0.3, Sum: 433.9]
      [GC Worker End (ms): Min: 543867081.6, Avg: 543867081.6, Max: 543867081.7, Diff: 0.1]
   [Code Root Fixup: 0.1 ms]
   [Code Root Purge: 0.0 ms]
   [Clear CT: 0.5 ms]
   [Other: 10.9 ms]
      [Choose CSet: 0.0 ms]
      [Ref Proc: 2.2 ms]
      [Ref Enq: 0.2 ms]
      [Redirty Cards: 0.1 ms]
      [Humongous Register: 3.3 ms]
      [Humongous Reclaim: 0.2 ms]
      [Free CSet: 3.6 ms]
   [Eden: 2918.0M(2918.0M)->0.0B(2948.0M) Survivors: 124.0M->118.0M Heap: 4927.4M(6144.0M)->1957.3M(6144.0M)]
 [Times: user=0.44 sys=0.00, real=0.06 secs] 
2025-07-26T19:03:56.607+0800: 543990.443: [GC pause (G1 Evacuation Pause) (young), 0.0644944 secs]
   [Parallel Time: 58.1 ms, GC Workers: 8]
      [GC Worker Start (ms): Min: 543990444.1, Avg: 543990444.2, Max: 543990444.2, Diff: 0.1]
      [Ext Root Scanning (ms): Min: 2.4, Avg: 3.4, Max: 9.5, Diff: 7.0, Sum: 27.3]
      [Update RS (ms): Min: 11.9, Avg: 17.7, Max: 18.8, Diff: 6.9, Sum: 141.4]
         [Processed Buffers: Min: 65, Avg: 125.9, Max: 150, Diff: 85, Sum: 1007]
      [Scan RS (ms): Min: 1.0, Avg: 1.3, Max: 1.4, Diff: 0.4, Sum: 10.4]
      [Code Root Scanning (ms): Min: 0.0, Avg: 0.0, Max: 0.0, Diff: 0.0, Sum: 0.1]
      [Object Copy (ms): Min: 35.2, Avg: 35.4, Max: 35.5, Diff: 0.3, Sum: 283.4]
      [Termination (ms): Min: 0.0, Avg: 0.0, Max: 0.0, Diff: 0.0, Sum: 0.0]
         [Termination Attempts: Min: 1, Avg: 1.0, Max: 1, Diff: 0, Sum: 8]
      [GC Worker Other (ms): Min: 0.0, Avg: 0.1, Max: 0.1, Diff: 0.1, Sum: 0.6]
      [GC Worker Total (ms): Min: 57.8, Avg: 57.9, Max: 58.0, Diff: 0.2, Sum: 463.2]
      [GC Worker End (ms): Min: 543990502.0, Avg: 543990502.1, Max: 543990502.1, Diff: 0.1]
   [Code Root Fixup: 0.0 ms]
   [Code Root Purge: 0.0 ms]
   [Clear CT: 0.6 ms]
   [Other: 5.7 ms]
      [Choose CSet: 0.0 ms]
      [Ref Proc: 1.5 ms]
      [Ref Enq: 0.1 ms]
      [Redirty Cards: 0.1 ms]
      [Humongous Register: 0.7 ms]
      [Humongous Reclaim: 0.4 ms]
      [Free CSet: 1.8 ms]
   [Eden: 2948.0M(2948.0M)->0.0B(2982.0M) Survivors: 118.0M->102.0M Heap: 5046.9M(6144.0M)->1941.3M(6144.0M)]
 [Times: user=0.34 sys=0.13, real=0.06 secs] 
2025-07-26T19:24:20.435+0800: 545214.270: [GC pause (G1 Evacuation Pause) (young), 0.0887525 secs]
   [Parallel Time: 72.8 ms, GC Workers: 8]
      [GC Worker Start (ms): Min: 545214273.0, Avg: 545214273.0, Max: 545214273.1, Diff: 0.2]
      [Ext Root Scanning (ms): Min: 2.8, Avg: 4.2, Max: 11.8, Diff: 9.0, Sum: 33.7]
      [Update RS (ms): Min: 20.9, Avg: 28.4, Max: 30.1, Diff: 9.2, Sum: 226.9]
         [Processed Buffers: Min: 116, Avg: 139.4, Max: 154, Diff: 38, Sum: 1115]
      [Scan RS (ms): Min: 0.1, Avg: 0.3, Max: 0.5, Diff: 0.4, Sum: 2.6]
      [Code Root Scanning (ms): Min: 0.0, Avg: 0.0, Max: 0.0, Diff: 0.0, Sum: 0.1]
      [Object Copy (ms): Min: 39.2, Avg: 39.4, Max: 39.6, Diff: 0.5, Sum: 315.3]
      [Termination (ms): Min: 0.0, Avg: 0.1, Max: 0.2, Diff: 0.2, Sum: 1.2]
         [Termination Attempts: Min: 1, Avg: 144.8, Max: 174, Diff: 173, Sum: 1158]
      [GC Worker Other (ms): Min: 0.1, Avg: 0.1, Max: 0.2, Diff: 0.1, Sum: 1.1]
      [GC Worker Total (ms): Min: 72.5, Avg: 72.6, Max: 72.7, Diff: 0.2, Sum: 580.8]
      [GC Worker End (ms): Min: 545214345.6, Avg: 545214345.6, Max: 545214345.7, Diff: 0.1]
   [Code Root Fixup: 0.1 ms]
   [Code Root Purge: 0.0 ms]
   [Clear CT: 0.7 ms]
   [Other: 15.2 ms]
      [Choose CSet: 0.0 ms]
      [Ref Proc: 4.9 ms]
      [Ref Enq: 0.1 ms]
      [Redirty Cards: 0.1 ms]
      [Humongous Register: 2.0 ms]
      [Humongous Reclaim: 0.5 ms]
      [Free CSet: 6.4 ms]
   [Eden: 2982.0M(2982.0M)->0.0B(2970.0M) Survivors: 102.0M->108.0M Heap: 5038.2M(6144.0M)->1947.3M(6144.0M)]
 [Times: user=0.59 sys=0.01, real=0.09 secs] 
2025-07-26T19:27:02.959+0800: 545376.795: [GC pause (G1 Evacuation Pause) (young), 0.0766260 secs]
   [Parallel Time: 62.1 ms, GC Workers: 8]
      [GC Worker Start (ms): Min: 545376802.3, Avg: 545376802.4, Max: 545376802.5, Diff: 0.2]
      [Ext Root Scanning (ms): Min: 3.2, Avg: 4.4, Max: 11.0, Diff: 7.8, Sum: 35.3]
      [Update RS (ms): Min: 8.2, Avg: 14.5, Max: 16.2, Diff: 8.0, Sum: 115.7]
         [Processed Buffers: Min: 54, Avg: 96.0, Max: 119, Diff: 65, Sum: 768]
      [Scan RS (ms): Min: 1.8, Avg: 2.5, Max: 2.7, Diff: 0.9, Sum: 19.9]
      [Code Root Scanning (ms): Min: 0.0, Avg: 0.0, Max: 0.0, Diff: 0.0, Sum: 0.1]
      [Object Copy (ms): Min: 40.2, Avg: 40.4, Max: 40.4, Diff: 0.3, Sum: 323.0]
      [Termination (ms): Min: 0.0, Avg: 0.0, Max: 0.0, Diff: 0.0, Sum: 0.2]
         [Termination Attempts: Min: 1, Avg: 23.4, Max: 29, Diff: 28, Sum: 187]
      [GC Worker Other (ms): Min: 0.1, Avg: 0.2, Max: 0.2, Diff: 0.2, Sum: 1.3]
      [GC Worker Total (ms): Min: 61.8, Avg: 61.9, Max: 62.0, Diff: 0.2, Sum: 495.4]
      [GC Worker End (ms): Min: 545376864.3, Avg: 545376864.4, Max: 545376864.4, Diff: 0.1]
   [Code Root Fixup: 0.1 ms]
   [Code Root Purge: 0.0 ms]
   [Clear CT: 0.6 ms]
   [Other: 13.8 ms]
      [Choose CSet: 0.0 ms]
      [Ref Proc: 1.3 ms]
      [Ref Enq: 0.1 ms]
      [Redirty Cards: 0.1 ms]
      [Humongous Register: 6.3 ms]
      [Humongous Reclaim: 0.6 ms]
      [Free CSet: 3.9 ms]
   [Eden: 2970.0M(2970.0M)->0.0B(2952.0M) Survivors: 108.0M->116.0M Heap: 5084.0M(6144.0M)->1957.0M(6144.0M)]
 [Times: user=0.45 sys=0.07, real=0.07 secs] 
2025-07-26T19:29:17.815+0800: 545511.651: [GC pause (G1 Evacuation Pause) (young), 0.0646425 secs]
   [Parallel Time: 59.2 ms, GC Workers: 8]
      [GC Worker Start (ms): Min: 545511651.6, Avg: 545511651.7, Max: 545511651.8, Diff: 0.2]
      [Ext Root Scanning (ms): Min: 2.0, Avg: 2.4, Max: 3.2, Diff: 1.1, Sum: 18.8]
      [Update RS (ms): Min: 18.7, Avg: 19.3, Max: 19.7, Diff: 0.9, Sum: 154.6]
         [Processed Buffers: Min: 111, Avg: 128.1, Max: 139, Diff: 28, Sum: 1025]
      [Scan RS (ms): Min: 1.7, Avg: 1.8, Max: 2.0, Diff: 0.3, Sum: 14.8]
      [Code Root Scanning (ms): Min: 0.0, Avg: 0.0, Max: 0.0, Diff: 0.0, Sum: 0.1]
      [Object Copy (ms): Min: 35.3, Avg: 35.4, Max: 35.5, Diff: 0.2, Sum: 283.2]
      [Termination (ms): Min: 0.0, Avg: 0.0, Max: 0.0, Diff: 0.0, Sum: 0.2]
         [Termination Attempts: Min: 1, Avg: 18.9, Max: 27, Diff: 26, Sum: 151]
      [GC Worker Other (ms): Min: 0.0, Avg: 0.1, Max: 0.1, Diff: 0.1, Sum: 0.5]
      [GC Worker Total (ms): Min: 58.9, Avg: 59.0, Max: 59.1, Diff: 0.2, Sum: 472.1]
      [GC Worker End (ms): Min: 545511710.7, Avg: 545511710.7, Max: 545511710.8, Diff: 0.1]
   [Code Root Fixup: 0.0 ms]
   [Code Root Purge: 0.0 ms]
   [Clear CT: 0.6 ms]
   [Other: 4.8 ms]
      [Choose CSet: 0.0 ms]
      [Ref Proc: 0.9 ms]
      [Ref Enq: 0.1 ms]
      [Redirty Cards: 0.1 ms]
      [Humongous Register: 0.6 ms]
      [Humongous Reclaim: 0.4 ms]
      [Free CSet: 2.0 ms]
   [Eden: 2952.0M(2952.0M)->0.0B(2966.0M) Survivors: 116.0M->110.0M Heap: 5098.9M(6144.0M)->1949.3M(6144.0M)]
 [Times: user=0.36 sys=0.13, real=0.07 secs] 
2025-07-26T19:30:05.883+0800: 545559.718: [GC pause (G1 Evacuation Pause) (young), 0.2356365 secs]
   [Parallel Time: 227.6 ms, GC Workers: 8]
      [GC Worker Start (ms): Min: 545559719.1, Avg: 545559719.1, Max: 545559719.2, Diff: 0.1]
      [Ext Root Scanning (ms): Min: 2.8, Avg: 4.3, Max: 12.7, Diff: 9.8, Sum: 34.3]
      [Update RS (ms): Min: 22.7, Avg: 30.5, Max: 32.1, Diff: 9.3, Sum: 244.2]
         [Processed Buffers: Min: 27, Avg: 84.4, Max: 120, Diff: 93, Sum: 675]
      [Scan RS (ms): Min: 0.1, Avg: 0.3, Max: 0.5, Diff: 0.4, Sum: 2.6]
      [Code Root Scanning (ms): Min: 0.0, Avg: 0.0, Max: 0.0, Diff: 0.0, Sum: 0.1]
      [Object Copy (ms): Min: 191.8, Avg: 192.1, Max: 192.2, Diff: 0.5, Sum: 1536.6]
      [Termination (ms): Min: 0.0, Avg: 0.1, Max: 0.1, Diff: 0.1, Sum: 0.6]
         [Termination Attempts: Min: 1, Avg: 74.8, Max: 96, Diff: 95, Sum: 598]
      [GC Worker Other (ms): Min: 0.0, Avg: 0.1, Max: 0.2, Diff: 0.1, Sum: 0.6]
      [GC Worker Total (ms): Min: 227.3, Avg: 227.4, Max: 227.5, Diff: 0.2, Sum: 1819.1]
      [GC Worker End (ms): Min: 545559946.5, Avg: 545559946.5, Max: 545559946.6, Diff: 0.1]
   [Code Root Fixup: 0.1 ms]
   [Code Root Purge: 0.0 ms]
   [Clear CT: 0.7 ms]
   [Other: 7.3 ms]
      [Choose CSet: 0.0 ms]
      [Ref Proc: 1.3 ms]
      [Ref Enq: 0.1 ms]
      [Redirty Cards: 0.4 ms]
      [Humongous Register: 0.5 ms]
      [Humongous Reclaim: 0.3 ms]
      [Free CSet: 3.9 ms]
   [Eden: 2966.0M(2966.0M)->0.0B(2284.0M) Survivors: 110.0M->386.0M Heap: 4971.4M(6144.0M)->2349.0M(6144.0M)]
 [Times: user=1.70 sys=0.11, real=0.24 secs] 
2025-07-26T19:30:22.892+0800: 545576.728: [GC pause (G1 Evacuation Pause) (young), 0.2123905 secs]
   [Parallel Time: 204.6 ms, GC Workers: 8]
      [GC Worker Start (ms): Min: 545576730.4, Avg: 545576730.4, Max: 545576730.5, Diff: 0.2]
      [Ext Root Scanning (ms): Min: 2.4, Avg: 2.9, Max: 4.1, Diff: 1.7, Sum: 22.9]
      [Update RS (ms): Min: 27.8, Avg: 28.9, Max: 29.3, Diff: 1.5, Sum: 230.8]
         [Processed Buffers: Min: 116, Avg: 131.1, Max: 153, Diff: 37, Sum: 1049]
      [Scan RS (ms): Min: 7.8, Avg: 8.1, Max: 8.2, Diff: 0.3, Sum: 64.6]
      [Code Root Scanning (ms): Min: 0.0, Avg: 0.0, Max: 0.0, Diff: 0.0, Sum: 0.1]
      [Object Copy (ms): Min: 163.8, Avg: 164.1, Max: 164.4, Diff: 0.6, Sum: 1312.7]
      [Termination (ms): Min: 0.0, Avg: 0.4, Max: 0.5, Diff: 0.5, Sum: 3.2]
         [Termination Attempts: Min: 1, Avg: 414.1, Max: 499, Diff: 498, Sum: 3313]
      [GC Worker Other (ms): Min: 0.1, Avg: 0.1, Max: 0.1, Diff: 0.1, Sum: 0.8]
      [GC Worker Total (ms): Min: 204.3, Avg: 204.4, Max: 204.5, Diff: 0.2, Sum: 1635.2]
      [GC Worker End (ms): Min: 545576934.8, Avg: 545576934.8, Max: 545576934.9, Diff: 0.1]
   [Code Root Fixup: 0.0 ms]
   [Code Root Purge: 0.0 ms]
   [Clear CT: 0.6 ms]
   [Other: 7.2 ms]
      [Choose CSet: 0.0 ms]
      [Ref Proc: 1.3 ms]
      [Ref Enq: 0.1 ms]
      [Redirty Cards: 0.8 ms]
      [Humongous Register: 1.8 ms]
      [Humongous Reclaim: 0.2 ms]
      [Free CSet: 2.0 ms]
   [Eden: 2284.0M(2284.0M)->0.0B(2384.0M) Survivors: 386.0M->92.0M Heap: 4682.1M(6144.0M)->2441.2M(6144.0M)]
 [Times: user=1.63 sys=0.01, real=0.21 secs] 
2025-07-26T19:30:55.355+0800: 545609.190: [GC pause (G1 Evacuation Pause) (young) (initial-mark), 0.0744036 secs]
   [Parallel Time: 68.7 ms, GC Workers: 8]
      [GC Worker Start (ms): Min: 545609191.9, Avg: 545609191.9, Max: 545609192.0, Diff: 0.1]
      [Ext Root Scanning (ms): Min: 3.3, Avg: 3.5, Max: 3.8, Diff: 0.5, Sum: 28.1]
      [Update RS (ms): Min: 28.8, Avg: 29.3, Max: 31.3, Diff: 2.5, Sum: 234.1]
         [Processed Buffers: Min: 65, Avg: 96.1, Max: 127, Diff: 62, Sum: 769]
      [Scan RS (ms): Min: 0.1, Avg: 0.3, Max: 0.4, Diff: 0.3, Sum: 2.2]
      [Code Root Scanning (ms): Min: 0.0, Avg: 0.0, Max: 0.0, Diff: 0.0, Sum: 0.0]
      [Object Copy (ms): Min: 33.0, Avg: 35.0, Max: 35.5, Diff: 2.6, Sum: 280.4]
      [Termination (ms): Min: 0.0, Avg: 0.0, Max: 0.0, Diff: 0.0, Sum: 0.0]
         [Termination Attempts: Min: 1, Avg: 1.1, Max: 2, Diff: 1, Sum: 9]
      [GC Worker Other (ms): Min: 0.0, Avg: 0.1, Max: 0.1, Diff: 0.1, Sum: 0.5]
      [GC Worker Total (ms): Min: 68.1, Avg: 68.2, Max: 68.2, Diff: 0.1, Sum: 545.3]
      [GC Worker End (ms): Min: 545609260.1, Avg: 545609260.1, Max: 545609260.1, Diff: 0.1]
   [Code Root Fixup: 0.1 ms]
   [Code Root Purge: 0.0 ms]
   [Clear CT: 0.5 ms]
   [Other: 5.2 ms]
      [Choose CSet: 0.0 ms]
      [Ref Proc: 1.8 ms]
      [Ref Enq: 0.2 ms]
      [Redirty Cards: 0.1 ms]
      [Humongous Register: 0.4 ms]
      [Humongous Reclaim: 0.1 ms]
      [Free CSet: 1.4 ms]
   [Eden: 2384.0M(2384.0M)->0.0B(2410.0M) Survivors: 92.0M->100.0M Heap: 4825.2M(6144.0M)->2450.2M(6144.0M)]
 [Times: user=0.48 sys=0.08, real=0.08 secs] 
2025-07-26T19:30:55.429+0800: 545609.265: [GC concurrent-root-region-scan-start]
2025-07-26T19:30:55.465+0800: 545609.300: [GC concurrent-root-region-scan-end, 0.0350895 secs]
2025-07-26T19:30:55.465+0800: 545609.300: [GC concurrent-mark-start]
2025-07-26T19:30:56.127+0800: 545609.963: [GC concurrent-mark-end, 0.6627871 secs]
2025-07-26T19:30:56.131+0800: 545609.967: [GC remark 2025-07-26T19:30:56.131+0800: 545609.967: [Finalize Marking, 0.0008107 secs] 2025-07-26T19:30:56.132+0800: 545609.968: [GC ref-proc, 0.0063445 secs] 2025-07-26T19:30:56.138+0800: 545609.974: [Unloading, 0.0526426 secs], 0.0625037 secs]
 [Times: user=0.33 sys=0.04, real=0.06 secs] 
2025-07-26T19:30:56.197+0800: 545610.033: [GC cleanup 2526M->2057M(6144M), 0.0034761 secs]
 [Times: user=0.01 sys=0.02, real=0.00 secs] 
2025-07-26T19:30:56.201+0800: 545610.037: [GC concurrent-cleanup-start]
2025-07-26T19:30:56.202+0800: 545610.037: [GC concurrent-cleanup-end, 0.0007289 secs]
2025-07-26T19:31:17.365+0800: 545631.201: [GC pause (G1 Evacuation Pause) (young), 0.0581419 secs]
   [Parallel Time: 47.8 ms, GC Workers: 8]
      [GC Worker Start (ms): Min: 545631204.8, Avg: 545631204.8, Max: 545631204.9, Diff: 0.1]
      [Ext Root Scanning (ms): Min: 3.3, Avg: 4.4, Max: 11.1, Diff: 7.9, Sum: 35.5]
      [Update RS (ms): Min: 5.1, Avg: 11.8, Max: 13.4, Diff: 8.3, Sum: 94.2]
         [Processed Buffers: Min: 57, Avg: 74.0, Max: 86, Diff: 29, Sum: 592]
      [Scan RS (ms): Min: 0.1, Avg: 0.2, Max: 0.4, Diff: 0.3, Sum: 1.9]
      [Code Root Scanning (ms): Min: 0.0, Avg: 0.0, Max: 0.0, Diff: 0.0, Sum: 0.0]
      [Object Copy (ms): Min: 30.4, Avg: 30.8, Max: 31.0, Diff: 0.6, Sum: 246.3]
      [Termination (ms): Min: 0.0, Avg: 0.0, Max: 0.0, Diff: 0.0, Sum: 0.0]
         [Termination Attempts: Min: 1, Avg: 1.0, Max: 1, Diff: 0, Sum: 8]
      [GC Worker Other (ms): Min: 0.1, Avg: 0.1, Max: 0.4, Diff: 0.4, Sum: 1.0]
      [GC Worker Total (ms): Min: 47.2, Avg: 47.4, Max: 47.7, Diff: 0.5, Sum: 379.0]
      [GC Worker End (ms): Min: 545631252.1, Avg: 545631252.2, Max: 545631252.5, Diff: 0.4]
   [Code Root Fixup: 0.0 ms]
   [Code Root Purge: 0.0 ms]
   [Clear CT: 0.5 ms]
   [Other: 9.8 ms]
      [Choose CSet: 0.0 ms]
      [Ref Proc: 1.4 ms]
      [Ref Enq: 0.1 ms]
      [Redirty Cards: 0.1 ms]
      [Humongous Register: 3.3 ms]
      [Humongous Reclaim: 0.3 ms]
      [Free CSet: 3.2 ms]
   [Eden: 2410.0M(2410.0M)->0.0B(204.0M) Survivors: 100.0M->102.0M Heap: 4440.8M(6144.0M)->1983.1M(6144.0M)]
 [Times: user=0.40 sys=0.00, real=0.06 secs] 
2025-07-26T19:31:19.732+0800: 545633.568: [GC pause (G1 Evacuation Pause) (mixed), 0.0494990 secs]
   [Parallel Time: 43.4 ms, GC Workers: 8]
      [GC Worker Start (ms): Min: 545633569.2, Avg: 545633569.2, Max: 545633569.3, Diff: 0.1]
      [Ext Root Scanning (ms): Min: 2.2, Avg: 2.4, Max: 3.0, Diff: 0.8, Sum: 19.5]
      [Update RS (ms): Min: 1.4, Avg: 1.8, Max: 2.1, Diff: 0.7, Sum: 14.7]
         [Processed Buffers: Min: 1, Avg: 16.4, Max: 45, Diff: 44, Sum: 131]
      [Scan RS (ms): Min: 2.7, Avg: 2.9, Max: 3.0, Diff: 0.3, Sum: 23.1]
      [Code Root Scanning (ms): Min: 0.0, Avg: 0.0, Max: 0.0, Diff: 0.0, Sum: 0.0]
      [Object Copy (ms): Min: 35.9, Avg: 36.1, Max: 36.2, Diff: 0.3, Sum: 288.7]
      [Termination (ms): Min: 0.0, Avg: 0.0, Max: 0.0, Diff: 0.0, Sum: 0.0]
         [Termination Attempts: Min: 1, Avg: 1.0, Max: 1, Diff: 0, Sum: 8]
      [GC Worker Other (ms): Min: 0.0, Avg: 0.0, Max: 0.1, Diff: 0.0, Sum: 0.3]
      [GC Worker Total (ms): Min: 43.2, Avg: 43.3, Max: 43.3, Diff: 0.1, Sum: 346.3]
      [GC Worker End (ms): Min: 545633612.5, Avg: 545633612.5, Max: 545633612.5, Diff: 0.0]
   [Code Root Fixup: 0.0 ms]
   [Code Root Purge: 0.0 ms]
   [Clear CT: 0.4 ms]
   [Other: 5.6 ms]
      [Choose CSet: 1.0 ms]
      [Ref Proc: 0.5 ms]
      [Ref Enq: 0.1 ms]
      [Redirty Cards: 0.3 ms]
      [Humongous Register: 0.3 ms]
      [Humongous Reclaim: 0.1 ms]
      [Free CSet: 2.5 ms]
   [Eden: 204.0M(204.0M)->0.0B(3462.0M) Survivors: 102.0M->20.0M Heap: 2187.1M(6144.0M)->1437.1M(6144.0M)]
 [Times: user=0.29 sys=0.07, real=0.05 secs] 
2025-07-26T19:32:04.851+0800: 545678.686: [GC pause (G1 Evacuation Pause) (young), 0.0438503 secs]
   [Parallel Time: 36.7 ms, GC Workers: 8]
      [GC Worker Start (ms): Min: 545678687.4, Avg: 545678687.4, Max: 545678687.5, Diff: 0.2]
      [Ext Root Scanning (ms): Min: 2.4, Avg: 3.5, Max: 9.9, Diff: 7.5, Sum: 28.3]
      [Update RS (ms): Min: 19.4, Avg: 25.1, Max: 26.2, Diff: 6.8, Sum: 201.2]
         [Processed Buffers: Min: 99, Avg: 120.2, Max: 132, Diff: 33, Sum: 962]
      [Scan RS (ms): Min: 0.1, Avg: 0.5, Max: 0.5, Diff: 0.4, Sum: 3.6]
      [Code Root Scanning (ms): Min: 0.0, Avg: 0.0, Max: 0.0, Diff: 0.0, Sum: 0.1]
      [Object Copy (ms): Min: 6.9, Avg: 7.2, Max: 7.3, Diff: 0.4, Sum: 57.5]
      [Termination (ms): Min: 0.0, Avg: 0.1, Max: 0.1, Diff: 0.1, Sum: 0.9]
         [Termination Attempts: Min: 1, Avg: 10.9, Max: 16, Diff: 15, Sum: 87]
      [GC Worker Other (ms): Min: 0.0, Avg: 0.1, Max: 0.1, Diff: 0.1, Sum: 0.6]
      [GC Worker Total (ms): Min: 36.4, Avg: 36.5, Max: 36.6, Diff: 0.2, Sum: 292.2]
      [GC Worker End (ms): Min: 545678723.9, Avg: 545678724.0, Max: 545678724.0, Diff: 0.1]
   [Code Root Fixup: 0.1 ms]
   [Code Root Purge: 0.0 ms]
   [Clear CT: 0.6 ms]
   [Other: 6.5 ms]
      [Choose CSet: 0.0 ms]
      [Ref Proc: 2.2 ms]
      [Ref Enq: 0.1 ms]
      [Redirty Cards: 0.1 ms]
      [Humongous Register: 0.6 ms]
      [Humongous Reclaim: 0.2 ms]
      [Free CSet: 2.5 ms]
   [Eden: 3462.0M(3462.0M)->0.0B(3474.0M) Survivors: 20.0M->30.0M Heap: 4945.1M(6144.0M)->1446.1M(6144.0M)]
 [Times: user=0.25 sys=0.05, real=0.04 secs] 
2025-07-26T19:34:57.486+0800: 545851.322: [GC pause (G1 Evacuation Pause) (young), 0.0425983 secs]
   [Parallel Time: 32.2 ms, GC Workers: 8]
      [GC Worker Start (ms): Min: 545851325.1, Avg: 545851325.2, Max: 545851325.3, Diff: 0.2]
      [Ext Root Scanning (ms): Min: 3.1, Avg: 3.6, Max: 5.5, Diff: 2.4, Sum: 28.9]
      [Update RS (ms): Min: 17.8, Avg: 19.1, Max: 19.6, Diff: 1.8, Sum: 152.4]
         [Processed Buffers: Min: 77, Avg: 104.6, Max: 128, Diff: 51, Sum: 837]
      [Scan RS (ms): Min: 0.5, Avg: 1.2, Max: 1.5, Diff: 1.0, Sum: 9.4]
      [Code Root Scanning (ms): Min: 0.0, Avg: 0.0, Max: 0.0, Diff: 0.0, Sum: 0.1]
      [Object Copy (ms): Min: 7.6, Avg: 8.0, Max: 8.2, Diff: 0.6, Sum: 63.7]
      [Termination (ms): Min: 0.0, Avg: 0.0, Max: 0.0, Diff: 0.0, Sum: 0.0]
         [Termination Attempts: Min: 1, Avg: 1.0, Max: 1, Diff: 0, Sum: 8]
      [GC Worker Other (ms): Min: 0.1, Avg: 0.1, Max: 0.2, Diff: 0.1, Sum: 1.1]
      [GC Worker Total (ms): Min: 31.9, Avg: 32.0, Max: 32.1, Diff: 0.2, Sum: 255.7]
      [GC Worker End (ms): Min: 545851357.1, Avg: 545851357.1, Max: 545851357.2, Diff: 0.1]
   [Code Root Fixup: 0.0 ms]
   [Code Root Purge: 0.0 ms]
   [Clear CT: 0.7 ms]
   [Other: 9.7 ms]
      [Choose CSet: 0.0 ms]
      [Ref Proc: 1.1 ms]
      [Ref Enq: 0.1 ms]
      [Redirty Cards: 0.2 ms]
      [Humongous Register: 2.4 ms]
      [Humongous Reclaim: 0.5 ms]
      [Free CSet: 4.3 ms]
   [Eden: 3474.0M(3474.0M)->0.0B(3494.0M) Survivors: 30.0M->28.0M Heap: 5107.9M(6144.0M)->1445.1M(6144.0M)]
 [Times: user=0.24 sys=0.03, real=0.05 secs] 
2025-07-26T19:37:19.929+0800: 545993.765: [GC pause (G1 Evacuation Pause) (young), 0.0411716 secs]
   [Parallel Time: 32.6 ms, GC Workers: 8]
      [GC Worker Start (ms): Min: 545993766.7, Avg: 545993766.9, Max: 545993767.0, Diff: 0.3]
      [Ext Root Scanning (ms): Min: 3.0, Avg: 4.5, Max: 10.6, Diff: 7.6, Sum: 36.1]
      [Update RS (ms): Min: 9.6, Avg: 15.5, Max: 16.8, Diff: 7.2, Sum: 123.7]
         [Processed Buffers: Min: 72, Avg: 114.4, Max: 143, Diff: 71, Sum: 915]
      [Scan RS (ms): Min: 0.2, Avg: 1.1, Max: 1.4, Diff: 1.2, Sum: 9.2]
      [Code Root Scanning (ms): Min: 0.0, Avg: 0.0, Max: 0.0, Diff: 0.0, Sum: 0.1]
      [Object Copy (ms): Min: 10.8, Avg: 11.0, Max: 11.5, Diff: 0.8, Sum: 88.3]
      [Termination (ms): Min: 0.0, Avg: 0.0, Max: 0.0, Diff: 0.0, Sum: 0.0]
         [Termination Attempts: Min: 2, Avg: 2.5, Max: 4, Diff: 2, Sum: 20]
      [GC Worker Other (ms): Min: 0.1, Avg: 0.1, Max: 0.2, Diff: 0.1, Sum: 1.0]
      [GC Worker Total (ms): Min: 32.2, Avg: 32.3, Max: 32.5, Diff: 0.3, Sum: 258.3]
      [GC Worker End (ms): Min: 545993799.1, Avg: 545993799.2, Max: 545993799.2, Diff: 0.1]
   [Code Root Fixup: 0.0 ms]
   [Code Root Purge: 0.0 ms]
   [Clear CT: 0.7 ms]
   [Other: 7.9 ms]
      [Choose CSet: 0.0 ms]
      [Ref Proc: 1.0 ms]
      [Ref Enq: 0.1 ms]
      [Redirty Cards: 0.1 ms]
      [Humongous Register: 1.2 ms]
      [Humongous Reclaim: 0.5 ms]
      [Free CSet: 4.2 ms]
   [Eden: 3494.0M(3494.0M)->0.0B(3488.0M) Survivors: 28.0M->40.0M Heap: 5176.6M(6144.0M)->1464.1M(6144.0M)]
 [Times: user=0.23 sys=0.03, real=0.04 secs] 
2025-07-26T19:40:13.653+0800: 546167.488: [GC pause (G1 Evacuation Pause) (young), 0.0447480 secs]
   [Parallel Time: 35.1 ms, GC Workers: 8]
      [GC Worker Start (ms): Min: 546167490.5, Avg: 546167490.5, Max: 546167490.6, Diff: 0.1]
      [Ext Root Scanning (ms): Min: 2.8, Avg: 4.0, Max: 10.6, Diff: 7.8, Sum: 32.0]
      [Update RS (ms): Min: 12.9, Avg: 19.0, Max: 20.0, Diff: 7.1, Sum: 152.0]
         [Processed Buffers: Min: 94, Avg: 128.4, Max: 143, Diff: 49, Sum: 1027]
      [Scan RS (ms): Min: 0.8, Avg: 1.2, Max: 1.4, Diff: 0.6, Sum: 9.9]
      [Code Root Scanning (ms): Min: 0.0, Avg: 0.0, Max: 0.0, Diff: 0.0, Sum: 0.1]
      [Object Copy (ms): Min: 10.3, Avg: 10.5, Max: 10.6, Diff: 0.3, Sum: 83.9]
      [Termination (ms): Min: 0.0, Avg: 0.0, Max: 0.1, Diff: 0.1, Sum: 0.4]
         [Termination Attempts: Min: 1, Avg: 46.9, Max: 61, Diff: 60, Sum: 375]
      [GC Worker Other (ms): Min: 0.1, Avg: 0.1, Max: 0.2, Diff: 0.2, Sum: 1.0]
      [GC Worker Total (ms): Min: 34.8, Avg: 34.9, Max: 35.0, Diff: 0.2, Sum: 279.3]
      [GC Worker End (ms): Min: 546167525.4, Avg: 546167525.5, Max: 546167525.5, Diff: 0.1]
   [Code Root Fixup: 0.0 ms]
   [Code Root Purge: 0.0 ms]
   [Clear CT: 0.6 ms]
   [Other: 9.0 ms]
      [Choose CSet: 0.0 ms]
      [Ref Proc: 1.8 ms]
      [Ref Enq: 0.1 ms]
      [Redirty Cards: 0.1 ms]
      [Humongous Register: 1.5 ms]
      [Humongous Reclaim: 0.4 ms]
      [Free CSet: 4.1 ms]
   [Eden: 3488.0M(3488.0M)->0.0B(3492.0M) Survivors: 40.0M->50.0M Heap: 5093.9M(6144.0M)->1466.1M(6144.0M)]
 [Times: user=0.26 sys=0.02, real=0.05 secs] 
2025-07-26T19:41:02.977+0800: 546216.813: [GC pause (G1 Evacuation Pause) (young), 0.0303763 secs]
   [Parallel Time: 19.4 ms, GC Workers: 8]
      [GC Worker Start (ms): Min: 546216815.7, Avg: 546216815.8, Max: 546216815.9, Diff: 0.1]
      [Ext Root Scanning (ms): Min: 3.5, Avg: 4.7, Max: 11.7, Diff: 8.2, Sum: 37.8]
      [Update RS (ms): Min: 0.0, Avg: 3.3, Max: 4.3, Diff: 4.3, Sum: 26.3]
         [Processed Buffers: Min: 0, Avg: 26.4, Max: 48, Diff: 48, Sum: 211]
      [Scan RS (ms): Min: 0.1, Avg: 0.3, Max: 0.5, Diff: 0.4, Sum: 2.8]
      [Code Root Scanning (ms): Min: 0.0, Avg: 0.0, Max: 0.0, Diff: 0.0, Sum: 0.1]
      [Object Copy (ms): Min: 7.3, Avg: 10.7, Max: 11.3, Diff: 4.0, Sum: 85.4]
      [Termination (ms): Min: 0.0, Avg: 0.0, Max: 0.0, Diff: 0.0, Sum: 0.2]
         [Termination Attempts: Min: 1, Avg: 30.8, Max: 48, Diff: 47, Sum: 246]
      [GC Worker Other (ms): Min: 0.1, Avg: 0.2, Max: 0.2, Diff: 0.2, Sum: 1.2]
      [GC Worker Total (ms): Min: 19.1, Avg: 19.2, Max: 19.3, Diff: 0.2, Sum: 153.7]
      [GC Worker End (ms): Min: 546216835.0, Avg: 546216835.0, Max: 546216835.0, Diff: 0.1]
   [Code Root Fixup: 0.0 ms]
   [Code Root Purge: 0.0 ms]
   [Clear CT: 0.5 ms]
   [Other: 10.4 ms]
      [Choose CSet: 0.0 ms]
      [Ref Proc: 2.3 ms]
      [Ref Enq: 0.2 ms]
      [Redirty Cards: 0.1 ms]
      [Humongous Register: 2.5 ms]
      [Humongous Reclaim: 0.1 ms]
      [Free CSet: 4.2 ms]
   [Eden: 3492.0M(3492.0M)->0.0B(3498.0M) Survivors: 50.0M->54.0M Heap: 4958.1M(6144.0M)->1471.1M(6144.0M)]
 [Times: user=0.06 sys=0.10, real=0.03 secs] 
2025-07-26T19:41:53.876+0800: 546267.712: [GC pause (G1 Evacuation Pause) (young), 0.0254726 secs]
   [Parallel Time: 18.8 ms, GC Workers: 8]
      [GC Worker Start (ms): Min: 546267712.7, Avg: 546267712.7, Max: 546267712.8, Diff: 0.1]
      [Ext Root Scanning (ms): Min: 2.2, Avg: 3.2, Max: 9.3, Diff: 7.1, Sum: 25.9]
      [Update RS (ms): Min: 0.0, Avg: 3.3, Max: 4.1, Diff: 4.1, Sum: 26.7]
         [Processed Buffers: Min: 0, Avg: 26.5, Max: 43, Diff: 43, Sum: 212]
      [Scan RS (ms): Min: 0.1, Avg: 0.3, Max: 0.5, Diff: 0.4, Sum: 2.8]
      [Code Root Scanning (ms): Min: 0.0, Avg: 0.0, Max: 0.0, Diff: 0.0, Sum: 0.1]
      [Object Copy (ms): Min: 9.2, Avg: 11.6, Max: 12.1, Diff: 2.9, Sum: 92.7]
      [Termination (ms): Min: 0.0, Avg: 0.0, Max: 0.0, Diff: 0.0, Sum: 0.2]
         [Termination Attempts: Min: 1, Avg: 32.5, Max: 47, Diff: 46, Sum: 260]
      [GC Worker Other (ms): Min: 0.0, Avg: 0.1, Max: 0.1, Diff: 0.1, Sum: 0.7]
      [GC Worker Total (ms): Min: 18.6, Avg: 18.6, Max: 18.7, Diff: 0.1, Sum: 149.0]
      [GC Worker End (ms): Min: 546267731.3, Avg: 546267731.4, Max: 546267731.4, Diff: 0.1]
   [Code Root Fixup: 0.0 ms]
   [Code Root Purge: 0.0 ms]
   [Clear CT: 0.7 ms]
   [Other: 5.9 ms]
      [Choose CSet: 0.0 ms]
      [Ref Proc: 2.3 ms]
      [Ref Enq: 0.2 ms]
      [Redirty Cards: 0.1 ms]
      [Humongous Register: 0.7 ms]
      [Humongous Reclaim: 0.1 ms]
      [Free CSet: 1.8 ms]
   [Eden: 3498.0M(3498.0M)->0.0B(3506.0M) Survivors: 54.0M->52.0M Heap: 4969.1M(6144.0M)->1468.1M(6144.0M)]
 [Times: user=0.07 sys=0.09, real=0.03 secs] 
2025-07-26T20:00:05.156+0800: 547358.992: [GC pause (G1 Evacuation Pause) (young), 0.1897248 secs]
   [Parallel Time: 177.1 ms, GC Workers: 8]
      [GC Worker Start (ms): Min: 547358994.5, Avg: 547358994.6, Max: 547358994.6, Diff: 0.2]
      [Ext Root Scanning (ms): Min: 3.1, Avg: 4.3, Max: 11.1, Diff: 8.0, Sum: 34.8]
      [Update RS (ms): Min: 18.2, Avg: 24.6, Max: 26.1, Diff: 8.0, Sum: 196.7]
         [Processed Buffers: Min: 17, Avg: 42.8, Max: 84, Diff: 67, Sum: 342]
      [Scan RS (ms): Min: 0.1, Avg: 0.4, Max: 0.5, Diff: 0.4, Sum: 3.2]
      [Code Root Scanning (ms): Min: 0.0, Avg: 0.0, Max: 0.0, Diff: 0.0, Sum: 0.1]
      [Object Copy (ms): Min: 147.2, Avg: 147.4, Max: 147.5, Diff: 0.3, Sum: 1178.9]
      [Termination (ms): Min: 0.0, Avg: 0.0, Max: 0.0, Diff: 0.0, Sum: 0.0]
         [Termination Attempts: Min: 1, Avg: 2.5, Max: 5, Diff: 4, Sum: 20]
      [GC Worker Other (ms): Min: 0.1, Avg: 0.1, Max: 0.2, Diff: 0.1, Sum: 1.0]
      [GC Worker Total (ms): Min: 176.7, Avg: 176.8, Max: 176.9, Diff: 0.2, Sum: 1414.7]
      [GC Worker End (ms): Min: 547359171.3, Avg: 547359171.4, Max: 547359171.4, Diff: 0.1]
   [Code Root Fixup: 0.1 ms]
   [Code Root Purge: 0.0 ms]
   [Clear CT: 0.6 ms]
   [Other: 12.0 ms]
      [Choose CSet: 0.0 ms]
      [Ref Proc: 3.9 ms]
      [Ref Enq: 0.2 ms]
      [Redirty Cards: 0.2 ms]
      [Humongous Register: 2.2 ms]
      [Humongous Reclaim: 0.1 ms]
      [Free CSet: 4.2 ms]
   [Eden: 3506.0M(3506.0M)->0.0B(2814.0M) Survivors: 52.0M->394.0M Heap: 4984.1M(6144.0M)->1820.1M(6144.0M)]
 [Times: user=1.28 sys=0.17, real=0.19 secs] 
2025-07-26T20:00:27.643+0800: 547381.478: [GC pause (G1 Evacuation Pause) (young), 0.2978536 secs]
   [Parallel Time: 290.9 ms, GC Workers: 8]
      [GC Worker Start (ms): Min: 547381479.1, Avg: 547381479.2, Max: 547381479.2, Diff: 0.1]
      [Ext Root Scanning (ms): Min: 2.2, Avg: 2.5, Max: 3.3, Diff: 1.1, Sum: 20.0]
      [Update RS (ms): Min: 57.1, Avg: 57.9, Max: 58.3, Diff: 1.2, Sum: 463.4]
         [Processed Buffers: Min: 64, Avg: 85.4, Max: 104, Diff: 40, Sum: 683]
      [Scan RS (ms): Min: 0.2, Avg: 0.3, Max: 0.4, Diff: 0.3, Sum: 2.6]
      [Code Root Scanning (ms): Min: 0.0, Avg: 0.0, Max: 0.0, Diff: 0.0, Sum: 0.1]
      [Object Copy (ms): Min: 228.8, Avg: 229.1, Max: 229.8, Diff: 1.0, Sum: 1832.5]
      [Termination (ms): Min: 0.0, Avg: 0.8, Max: 1.0, Diff: 1.0, Sum: 6.7]
         [Termination Attempts: Min: 1, Avg: 852.8, Max: 1040, Diff: 1039, Sum: 6822]
      [GC Worker Other (ms): Min: 0.0, Avg: 0.1, Max: 0.1, Diff: 0.1, Sum: 0.5]
      [GC Worker Total (ms): Min: 290.7, Avg: 290.7, Max: 290.8, Diff: 0.1, Sum: 2325.8]
      [GC Worker End (ms): Min: 547381769.9, Avg: 547381769.9, Max: 547381769.9, Diff: 0.1]
   [Code Root Fixup: 0.1 ms]
   [Code Root Purge: 0.0 ms]
   [Clear CT: 0.6 ms]
   [Other: 6.4 ms]
      [Choose CSet: 0.0 ms]
      [Ref Proc: 1.5 ms]
      [Ref Enq: 0.2 ms]
      [Redirty Cards: 0.9 ms]
      [Humongous Register: 0.6 ms]
      [Humongous Reclaim: 0.2 ms]
      [Free CSet: 2.1 ms]
   [Eden: 2814.0M(2814.0M)->0.0B(2880.0M) Survivors: 394.0M->134.0M Heap: 4683.2M(6144.0M)->1930.4M(6144.0M)]
 [Times: user=2.07 sys=0.25, real=0.30 secs] 
2025-07-26T20:00:58.560+0800: 547412.395: [GC pause (G1 Evacuation Pause) (young), 0.0803315 secs]
   [Parallel Time: 71.3 ms, GC Workers: 8]
      [GC Worker Start (ms): Min: 547412397.6, Avg: 547412397.6, Max: 547412397.7, Diff: 0.1]
      [Ext Root Scanning (ms): Min: 3.2, Avg: 4.4, Max: 11.4, Diff: 8.2, Sum: 35.5]
      [Update RS (ms): Min: 18.6, Avg: 25.0, Max: 26.1, Diff: 7.6, Sum: 200.4]
         [Processed Buffers: Min: 79, Avg: 119.2, Max: 143, Diff: 64, Sum: 954]
      [Scan RS (ms): Min: 1.3, Avg: 1.6, Max: 1.7, Diff: 0.4, Sum: 12.5]
      [Code Root Scanning (ms): Min: 0.0, Avg: 0.0, Max: 0.0, Diff: 0.0, Sum: 0.1]
      [Object Copy (ms): Min: 39.8, Avg: 39.9, Max: 40.1, Diff: 0.3, Sum: 319.4]
      [Termination (ms): Min: 0.0, Avg: 0.0, Max: 0.0, Diff: 0.0, Sum: 0.0]
         [Termination Attempts: Min: 1, Avg: 1.0, Max: 1, Diff: 0, Sum: 8]
      [GC Worker Other (ms): Min: 0.1, Avg: 0.1, Max: 0.2, Diff: 0.1, Sum: 1.2]
      [GC Worker Total (ms): Min: 71.0, Avg: 71.1, Max: 71.2, Diff: 0.2, Sum: 569.0]
      [GC Worker End (ms): Min: 547412468.7, Avg: 547412468.8, Max: 547412468.8, Diff: 0.1]
   [Code Root Fixup: 0.1 ms]
   [Code Root Purge: 0.0 ms]
   [Clear CT: 0.6 ms]
   [Other: 8.4 ms]
      [Choose CSet: 0.0 ms]
      [Ref Proc: 1.6 ms]
      [Ref Enq: 0.1 ms]
      [Redirty Cards: 0.1 ms]
      [Humongous Register: 1.4 ms]
      [Humongous Reclaim: 0.2 ms]
      [Free CSet: 3.6 ms]
   [Eden: 2880.0M(2880.0M)->0.0B(2880.0M) Survivors: 134.0M->152.0M Heap: 4860.1M(6144.0M)->1962.9M(6144.0M)]
 [Times: user=0.51 sys=0.07, real=0.08 secs] 
2025-07-26T20:01:29.908+0800: 547443.744: [GC pause (G1 Evacuation Pause) (young), 0.0721603 secs]
   [Parallel Time: 65.7 ms, GC Workers: 8]
      [GC Worker Start (ms): Min: 547443745.0, Avg: 547443745.1, Max: 547443745.1, Diff: 0.1]
      [Ext Root Scanning (ms): Min: 2.3, Avg: 3.4, Max: 9.8, Diff: 7.5, Sum: 26.9]
      [Update RS (ms): Min: 10.7, Avg: 16.9, Max: 18.1, Diff: 7.5, Sum: 135.6]
         [Processed Buffers: Min: 47, Avg: 71.5, Max: 84, Diff: 37, Sum: 572]
      [Scan RS (ms): Min: 0.1, Avg: 0.3, Max: 0.4, Diff: 0.2, Sum: 2.3]
      [Code Root Scanning (ms): Min: 0.0, Avg: 0.0, Max: 0.0, Diff: 0.0, Sum: 0.1]
      [Object Copy (ms): Min: 44.7, Avg: 44.9, Max: 45.0, Diff: 0.3, Sum: 359.0]
      [Termination (ms): Min: 0.0, Avg: 0.1, Max: 0.1, Diff: 0.1, Sum: 0.4]
         [Termination Attempts: Min: 1, Avg: 53.8, Max: 71, Diff: 70, Sum: 430]
      [GC Worker Other (ms): Min: 0.0, Avg: 0.1, Max: 0.1, Diff: 0.1, Sum: 0.5]
      [GC Worker Total (ms): Min: 65.6, Avg: 65.6, Max: 65.7, Diff: 0.1, Sum: 524.8]
      [GC Worker End (ms): Min: 547443810.6, Avg: 547443810.7, Max: 547443810.7, Diff: 0.1]
   [Code Root Fixup: 0.1 ms]
   [Code Root Purge: 0.0 ms]
   [Clear CT: 0.5 ms]
   [Other: 5.9 ms]
      [Choose CSet: 0.0 ms]
      [Ref Proc: 2.4 ms]
      [Ref Enq: 0.1 ms]
      [Redirty Cards: 0.1 ms]
      [Humongous Register: 0.6 ms]
      [Humongous Reclaim: 0.2 ms]
      [Free CSet: 1.7 ms]
   [Eden: 2880.0M(2880.0M)->0.0B(2910.0M) Survivors: 152.0M->152.0M Heap: 4889.0M(6144.0M)->1962.7M(6144.0M)]
 [Times: user=0.46 sys=0.08, real=0.07 secs] 
2025-07-26T20:02:19.735+0800: 547493.571: [GC pause (G1 Evacuation Pause) (young), 0.0718953 secs]
   [Parallel Time: 60.4 ms, GC Workers: 8]
      [GC Worker Start (ms): Min: 547493574.3, Avg: 547493574.4, Max: 547493574.5, Diff: 0.2]
      [Ext Root Scanning (ms): Min: 2.9, Avg: 3.7, Max: 6.5, Diff: 3.5, Sum: 29.2]
      [Update RS (ms): Min: 7.8, Avg: 9.5, Max: 10.2, Diff: 2.4, Sum: 75.9]
         [Processed Buffers: Min: 22, Avg: 48.8, Max: 62, Diff: 40, Sum: 390]
      [Scan RS (ms): Min: 0.1, Avg: 0.3, Max: 0.5, Diff: 0.3, Sum: 2.5]
      [Code Root Scanning (ms): Min: 0.0, Avg: 0.0, Max: 0.0, Diff: 0.0, Sum: 0.1]
      [Object Copy (ms): Min: 45.7, Avg: 46.5, Max: 46.7, Diff: 1.0, Sum: 372.1]
      [Termination (ms): Min: 0.0, Avg: 0.1, Max: 0.1, Diff: 0.1, Sum: 0.7]
         [Termination Attempts: Min: 1, Avg: 88.0, Max: 105, Diff: 104, Sum: 704]
      [GC Worker Other (ms): Min: 0.1, Avg: 0.2, Max: 0.2, Diff: 0.1, Sum: 1.3]
      [GC Worker Total (ms): Min: 60.1, Avg: 60.2, Max: 60.3, Diff: 0.2, Sum: 481.7]
      [GC Worker End (ms): Min: 547493634.6, Avg: 547493634.6, Max: 547493634.7, Diff: 0.1]
   [Code Root Fixup: 0.0 ms]
   [Code Root Purge: 0.0 ms]
   [Clear CT: 0.6 ms]
   [Other: 10.8 ms]
      [Choose CSet: 0.0 ms]
      [Ref Proc: 2.2 ms]
      [Ref Enq: 0.2 ms]
      [Redirty Cards: 0.1 ms]
      [Humongous Register: 3.1 ms]
      [Humongous Reclaim: 0.3 ms]
      [Free CSet: 3.9 ms]
   [Eden: 2910.0M(2910.0M)->0.0B(2934.0M) Survivors: 152.0M->140.0M Heap: 4895.5M(6144.0M)->1950.5M(6144.0M)]
 [Times: user=0.47 sys=0.02, real=0.08 secs] 
2025-07-26T20:04:59.244+0800: 547653.079: [GC pause (G1 Evacuation Pause) (young), 0.0800893 secs]
   [Parallel Time: 70.7 ms, GC Workers: 8]
      [GC Worker Start (ms): Min: 547653082.0, Avg: 547653082.1, Max: 547653082.2, Diff: 0.1]
      [Ext Root Scanning (ms): Min: 3.1, Avg: 4.3, Max: 11.2, Diff: 8.1, Sum: 34.0]
      [Update RS (ms): Min: 10.3, Avg: 17.2, Max: 19.0, Diff: 8.7, Sum: 137.2]
         [Processed Buffers: Min: 71, Avg: 112.2, Max: 131, Diff: 60, Sum: 898]
      [Scan RS (ms): Min: 1.3, Avg: 2.0, Max: 2.2, Diff: 0.9, Sum: 16.1]
      [Code Root Scanning (ms): Min: 0.0, Avg: 0.0, Max: 0.0, Diff: 0.0, Sum: 0.1]
      [Object Copy (ms): Min: 46.8, Avg: 47.0, Max: 47.1, Diff: 0.2, Sum: 375.7]
      [Termination (ms): Min: 0.0, Avg: 0.0, Max: 0.0, Diff: 0.0, Sum: 0.0]
         [Termination Attempts: Min: 1, Avg: 1.2, Max: 2, Diff: 1, Sum: 10]
      [GC Worker Other (ms): Min: 0.0, Avg: 0.1, Max: 0.2, Diff: 0.2, Sum: 1.1]
      [GC Worker Total (ms): Min: 70.4, Avg: 70.5, Max: 70.6, Diff: 0.2, Sum: 564.2]
      [GC Worker End (ms): Min: 547653152.6, Avg: 547653152.6, Max: 547653152.7, Diff: 0.1]
   [Code Root Fixup: 0.0 ms]
   [Code Root Purge: 0.0 ms]
   [Clear CT: 0.6 ms]
   [Other: 8.7 ms]
      [Choose CSet: 0.0 ms]
      [Ref Proc: 1.0 ms]
      [Ref Enq: 0.1 ms]
      [Redirty Cards: 0.1 ms]
      [Humongous Register: 2.0 ms]
      [Humongous Reclaim: 0.5 ms]
      [Free CSet: 4.0 ms]
   [Eden: 2934.0M(2934.0M)->0.0B(2966.0M) Survivors: 140.0M->132.0M Heap: 5049.4M(6144.0M)->1928.4M(6144.0M)]
 [Times: user=0.47 sys=0.10, real=0.08 secs] 
2025-07-26T20:07:03.480+0800: 547777.316: [GC pause (G1 Evacuation Pause) (young), 0.0672358 secs]
   [Parallel Time: 58.8 ms, GC Workers: 8]
      [GC Worker Start (ms): Min: 547777318.0, Avg: 547777318.2, Max: 547777318.4, Diff: 0.3]
      [Ext Root Scanning (ms): Min: 3.3, Avg: 4.4, Max: 10.5, Diff: 7.2, Sum: 35.3]
      [Update RS (ms): Min: 12.7, Avg: 18.7, Max: 20.5, Diff: 7.7, Sum: 149.4]
         [Processed Buffers: Min: 87, Avg: 121.1, Max: 152, Diff: 65, Sum: 969]
      [Scan RS (ms): Min: 0.8, Avg: 1.7, Max: 1.9, Diff: 1.1, Sum: 13.4]
      [Code Root Scanning (ms): Min: 0.0, Avg: 0.0, Max: 0.0, Diff: 0.0, Sum: 0.1]
      [Object Copy (ms): Min: 33.4, Avg: 33.6, Max: 33.7, Diff: 0.3, Sum: 268.8]
      [Termination (ms): Min: 0.0, Avg: 0.0, Max: 0.0, Diff: 0.0, Sum: 0.0]
         [Termination Attempts: Min: 1, Avg: 1.0, Max: 1, Diff: 0, Sum: 8]
      [GC Worker Other (ms): Min: 0.0, Avg: 0.1, Max: 0.2, Diff: 0.1, Sum: 1.0]
      [GC Worker Total (ms): Min: 58.3, Avg: 58.5, Max: 58.6, Diff: 0.3, Sum: 468.1]
      [GC Worker End (ms): Min: 547777376.6, Avg: 547777376.7, Max: 547777376.7, Diff: 0.1]
   [Code Root Fixup: 0.0 ms]
   [Code Root Purge: 0.0 ms]
   [Clear CT: 0.7 ms]
   [Other: 7.8 ms]
      [Choose CSet: 0.0 ms]
      [Ref Proc: 1.0 ms]
      [Ref Enq: 0.1 ms]
      [Redirty Cards: 0.1 ms]
      [Humongous Register: 1.4 ms]
      [Humongous Reclaim: 0.5 ms]
      [Free CSet: 3.8 ms]
   [Eden: 2966.0M(2966.0M)->0.0B(2958.0M) Survivors: 132.0M->136.0M Heap: 5085.8M(6144.0M)->1932.4M(6144.0M)]
 [Times: user=0.47 sys=0.01, real=0.07 secs] 
2025-07-26T20:09:21.951+0800: 547915.787: [GC pause (G1 Evacuation Pause) (young), 0.0798041 secs]
   [Parallel Time: 71.0 ms, GC Workers: 8]
      [GC Worker Start (ms): Min: 547915788.6, Avg: 547915788.7, Max: 547915788.7, Diff: 0.1]
      [Ext Root Scanning (ms): Min: 2.8, Avg: 3.9, Max: 10.8, Diff: 8.0, Sum: 31.4]
      [Update RS (ms): Min: 12.7, Avg: 19.5, Max: 21.2, Diff: 8.4, Sum: 155.9]
         [Processed Buffers: Min: 91, Avg: 127.2, Max: 142, Diff: 51, Sum: 1018]
      [Scan RS (ms): Min: 1.2, Avg: 1.7, Max: 2.0, Diff: 0.8, Sum: 13.9]
      [Code Root Scanning (ms): Min: 0.0, Avg: 0.0, Max: 0.0, Diff: 0.0, Sum: 0.1]
      [Object Copy (ms): Min: 45.3, Avg: 45.5, Max: 45.6, Diff: 0.3, Sum: 363.6]
      [Termination (ms): Min: 0.0, Avg: 0.0, Max: 0.0, Diff: 0.0, Sum: 0.1]
         [Termination Attempts: Min: 1, Avg: 6.5, Max: 9, Diff: 8, Sum: 52]
      [GC Worker Other (ms): Min: 0.1, Avg: 0.1, Max: 0.2, Diff: 0.1, Sum: 1.1]
      [GC Worker Total (ms): Min: 70.7, Avg: 70.8, Max: 70.9, Diff: 0.2, Sum: 566.1]
      [GC Worker End (ms): Min: 547915859.4, Avg: 547915859.4, Max: 547915859.5, Diff: 0.1]
   [Code Root Fixup: 0.0 ms]
   [Code Root Purge: 0.0 ms]
   [Clear CT: 0.7 ms]
   [Other: 8.1 ms]
      [Choose CSet: 0.0 ms]
      [Ref Proc: 1.0 ms]
      [Ref Enq: 0.1 ms]
      [Redirty Cards: 0.1 ms]
      [Humongous Register: 1.3 ms]
      [Humongous Reclaim: 0.5 ms]
      [Free CSet: 4.0 ms]
   [Eden: 2958.0M(2958.0M)->0.0B(2938.0M) Survivors: 136.0M->138.0M Heap: 5078.3M(6144.0M)->1948.7M(6144.0M)]
 [Times: user=0.50 sys=0.07, real=0.08 secs] 
2025-07-26T20:10:30.659+0800: 547984.494: [GC pause (G1 Evacuation Pause) (young), 0.0866156 secs]
   [Parallel Time: 74.4 ms, GC Workers: 8]
      [GC Worker Start (ms): Min: 547984498.4, Avg: 547984498.5, Max: 547984498.5, Diff: 0.2]
      [Ext Root Scanning (ms): Min: 3.3, Avg: 4.7, Max: 12.3, Diff: 9.0, Sum: 37.3]
      [Update RS (ms): Min: 12.1, Avg: 19.4, Max: 21.1, Diff: 8.9, Sum: 155.0]
         [Processed Buffers: Min: 56, Avg: 74.2, Max: 88, Diff: 32, Sum: 594]
      [Scan RS (ms): Min: 0.1, Avg: 0.3, Max: 0.4, Diff: 0.3, Sum: 2.4]
      [Code Root Scanning (ms): Min: 0.0, Avg: 0.0, Max: 0.0, Diff: 0.0, Sum: 0.1]
      [Object Copy (ms): Min: 49.4, Avg: 49.6, Max: 49.8, Diff: 0.4, Sum: 397.0]
      [Termination (ms): Min: 0.0, Avg: 0.1, Max: 0.1, Diff: 0.1, Sum: 0.9]
         [Termination Attempts: Min: 1, Avg: 113.8, Max: 138, Diff: 137, Sum: 910]
      [GC Worker Other (ms): Min: 0.1, Avg: 0.2, Max: 0.3, Diff: 0.1, Sum: 1.2]
      [GC Worker Total (ms): Min: 74.1, Avg: 74.2, Max: 74.3, Diff: 0.2, Sum: 594.0]
      [GC Worker End (ms): Min: 547984572.7, Avg: 547984572.7, Max: 547984572.7, Diff: 0.1]
   [Code Root Fixup: 0.1 ms]
   [Code Root Purge: 0.0 ms]
   [Clear CT: 0.6 ms]
   [Other: 11.6 ms]
      [Choose CSet: 0.0 ms]
      [Ref Proc: 2.7 ms]
      [Ref Enq: 0.1 ms]
      [Redirty Cards: 0.1 ms]
      [Humongous Register: 3.3 ms]
      [Humongous Reclaim: 0.3 ms]
      [Free CSet: 3.8 ms]
   [Eden: 2938.0M(2938.0M)->0.0B(2914.0M) Survivors: 138.0M->158.0M Heap: 4932.8M(6144.0M)->1953.4M(6144.0M)]
 [Times: user=0.49 sys=0.11, real=0.08 secs] 
2025-07-26T20:11:08.232+0800: 548022.067: [GC pause (G1 Evacuation Pause) (young), 0.0681593 secs]
   [Parallel Time: 59.2 ms, GC Workers: 8]
      [GC Worker Start (ms): Min: 548022071.0, Avg: 548022071.1, Max: 548022071.1, Diff: 0.1]
      [Ext Root Scanning (ms): Min: 2.2, Avg: 2.5, Max: 3.2, Diff: 1.1, Sum: 20.2]
      [Update RS (ms): Min: 9.7, Avg: 10.6, Max: 12.0, Diff: 2.3, Sum: 84.7]
         [Processed Buffers: Min: 6, Avg: 27.0, Max: 51, Diff: 45, Sum: 216]
      [Scan RS (ms): Min: 0.1, Avg: 0.3, Max: 0.4, Diff: 0.3, Sum: 2.3]
      [Code Root Scanning (ms): Min: 0.0, Avg: 0.0, Max: 0.0, Diff: 0.0, Sum: 0.1]
      [Object Copy (ms): Min: 44.5, Avg: 45.6, Max: 46.1, Diff: 1.6, Sum: 364.7]
      [Termination (ms): Min: 0.0, Avg: 0.0, Max: 0.0, Diff: 0.0, Sum: 0.0]
         [Termination Attempts: Min: 1, Avg: 4.1, Max: 8, Diff: 7, Sum: 33]
      [GC Worker Other (ms): Min: 0.0, Avg: 0.1, Max: 0.1, Diff: 0.1, Sum: 0.6]
      [GC Worker Total (ms): Min: 59.0, Avg: 59.1, Max: 59.2, Diff: 0.1, Sum: 472.7]
      [GC Worker End (ms): Min: 548022130.1, Avg: 548022130.1, Max: 548022130.2, Diff: 0.1]
   [Code Root Fixup: 0.0 ms]
   [Code Root Purge: 0.0 ms]
   [Clear CT: 0.5 ms]
   [Other: 8.4 ms]
      [Choose CSet: 0.0 ms]
      [Ref Proc: 2.0 ms]
      [Ref Enq: 0.2 ms]
      [Redirty Cards: 0.1 ms]
      [Humongous Register: 3.4 ms]
      [Humongous Reclaim: 0.1 ms]
      [Free CSet: 1.7 ms]
   [Eden: 2914.0M(2914.0M)->0.0B(2914.0M) Survivors: 158.0M->158.0M Heap: 4867.4M(6144.0M)->1953.4M(6144.0M)]
 [Times: user=0.42 sys=0.06, real=0.07 secs] 
2025-07-26T20:11:45.933+0800: 548059.768: [GC pause (G1 Evacuation Pause) (young), 0.0679901 secs]
   [Parallel Time: 62.4 ms, GC Workers: 8]
      [GC Worker Start (ms): Min: 548059769.0, Avg: 548059769.0, Max: 548059769.1, Diff: 0.1]
      [Ext Root Scanning (ms): Min: 2.7, Avg: 3.8, Max: 10.7, Diff: 8.0, Sum: 30.8]
      [Update RS (ms): Min: 5.6, Avg: 12.1, Max: 13.2, Diff: 7.6, Sum: 96.5]
         [Processed Buffers: Min: 56, Avg: 72.4, Max: 87, Diff: 31, Sum: 579]
      [Scan RS (ms): Min: 0.2, Avg: 0.3, Max: 0.4, Diff: 0.2, Sum: 2.6]
      [Code Root Scanning (ms): Min: 0.0, Avg: 0.0, Max: 0.0, Diff: 0.0, Sum: 0.1]
      [Object Copy (ms): Min: 45.7, Avg: 45.9, Max: 46.0, Diff: 0.3, Sum: 367.3]
      [Termination (ms): Min: 0.0, Avg: 0.1, Max: 0.1, Diff: 0.1, Sum: 0.4]
         [Termination Attempts: Min: 1, Avg: 56.1, Max: 75, Diff: 74, Sum: 449]
      [GC Worker Other (ms): Min: 0.0, Avg: 0.1, Max: 0.1, Diff: 0.1, Sum: 0.5]
      [GC Worker Total (ms): Min: 62.2, Avg: 62.3, Max: 62.3, Diff: 0.1, Sum: 498.1]
      [GC Worker End (ms): Min: 548059831.3, Avg: 548059831.3, Max: 548059831.3, Diff: 0.1]
   [Code Root Fixup: 0.1 ms]
   [Code Root Purge: 0.0 ms]
   [Clear CT: 0.5 ms]
   [Other: 5.0 ms]
      [Choose CSet: 0.0 ms]
      [Ref Proc: 1.9 ms]
      [Ref Enq: 0.2 ms]
      [Redirty Cards: 0.1 ms]
      [Humongous Register: 0.3 ms]
      [Humongous Reclaim: 0.2 ms]
      [Free CSet: 1.6 ms]
   [Eden: 2914.0M(2914.0M)->0.0B(2910.0M) Survivors: 158.0M->160.0M Heap: 4913.4M(6144.0M)->1955.4M(6144.0M)]
 [Times: user=0.51 sys=0.00, real=0.07 secs] 
2025-07-26T20:12:49.776+0800: 548123.611: [GC pause (G1 Evacuation Pause) (young), 0.0861527 secs]
   [Parallel Time: 76.8 ms, GC Workers: 8]
      [GC Worker Start (ms): Min: 548123613.5, Avg: 548123613.6, Max: 548123613.7, Diff: 0.2]
      [Ext Root Scanning (ms): Min: 2.5, Avg: 3.0, Max: 5.0, Diff: 2.5, Sum: 24.4]
      [Update RS (ms): Min: 28.5, Avg: 29.9, Max: 30.9, Diff: 2.4, Sum: 239.1]
         [Processed Buffers: Min: 101, Avg: 123.5, Max: 149, Diff: 48, Sum: 988]
      [Scan RS (ms): Min: 0.1, Avg: 0.3, Max: 0.4, Diff: 0.3, Sum: 2.6]
      [Code Root Scanning (ms): Min: 0.0, Avg: 0.0, Max: 0.0, Diff: 0.0, Sum: 0.1]
      [Object Copy (ms): Min: 42.8, Avg: 43.2, Max: 43.3, Diff: 0.5, Sum: 345.5]
      [Termination (ms): Min: 0.0, Avg: 0.0, Max: 0.0, Diff: 0.0, Sum: 0.0]
         [Termination Attempts: Min: 1, Avg: 1.9, Max: 3, Diff: 2, Sum: 15]
      [GC Worker Other (ms): Min: 0.0, Avg: 0.1, Max: 0.2, Diff: 0.2, Sum: 1.1]
      [GC Worker Total (ms): Min: 76.5, Avg: 76.6, Max: 76.7, Diff: 0.2, Sum: 612.7]
      [GC Worker End (ms): Min: 548123690.1, Avg: 548123690.2, Max: 548123690.2, Diff: 0.1]
   [Code Root Fixup: 0.0 ms]
   [Code Root Purge: 0.0 ms]
   [Clear CT: 0.6 ms]
   [Other: 8.7 ms]
      [Choose CSet: 0.0 ms]
      [Ref Proc: 1.5 ms]
      [Ref Enq: 0.2 ms]
      [Redirty Cards: 0.1 ms]
      [Humongous Register: 1.7 ms]
      [Humongous Reclaim: 0.3 ms]
      [Free CSet: 3.7 ms]
   [Eden: 2910.0M(2910.0M)->0.0B(2938.0M) Survivors: 160.0M->146.0M Heap: 4961.0M(6144.0M)->1941.4M(6144.0M)]
 [Times: user=0.50 sys=0.13, real=0.09 secs] 
2025-07-26T20:15:05.028+0800: 548258.864: [GC pause (G1 Evacuation Pause) (young), 0.0897564 secs]
   [Parallel Time: 80.8 ms, GC Workers: 8]
      [GC Worker Start (ms): Min: 548258865.9, Avg: 548258865.9, Max: 548258866.0, Diff: 0.2]
      [Ext Root Scanning (ms): Min: 3.1, Avg: 4.2, Max: 10.9, Diff: 7.8, Sum: 33.8]
      [Update RS (ms): Min: 9.4, Avg: 15.7, Max: 17.4, Diff: 8.0, Sum: 125.5]
         [Processed Buffers: Min: 64, Avg: 105.0, Max: 131, Diff: 67, Sum: 840]
      [Scan RS (ms): Min: 1.6, Avg: 2.2, Max: 2.4, Diff: 0.8, Sum: 17.9]
      [Code Root Scanning (ms): Min: 0.0, Avg: 0.0, Max: 0.0, Diff: 0.0, Sum: 0.1]
      [Object Copy (ms): Min: 58.0, Avg: 58.3, Max: 58.4, Diff: 0.4, Sum: 466.2]
      [Termination (ms): Min: 0.0, Avg: 0.0, Max: 0.0, Diff: 0.0, Sum: 0.1]
         [Termination Attempts: Min: 1, Avg: 8.0, Max: 12, Diff: 11, Sum: 64]
      [GC Worker Other (ms): Min: 0.1, Avg: 0.1, Max: 0.2, Diff: 0.1, Sum: 0.8]
      [GC Worker Total (ms): Min: 80.5, Avg: 80.5, Max: 80.7, Diff: 0.2, Sum: 644.4]
      [GC Worker End (ms): Min: 548258946.5, Avg: 548258946.5, Max: 548258946.5, Diff: 0.1]
   [Code Root Fixup: 0.0 ms]
   [Code Root Purge: 0.0 ms]
   [Clear CT: 0.7 ms]
   [Other: 8.3 ms]
      [Choose CSet: 0.0 ms]
      [Ref Proc: 1.2 ms]
      [Ref Enq: 0.1 ms]
      [Redirty Cards: 0.1 ms]
      [Humongous Register: 1.5 ms]
      [Humongous Reclaim: 0.4 ms]
      [Free CSet: 4.1 ms]
   [Eden: 2938.0M(2938.0M)->0.0B(2914.0M) Survivors: 146.0M->158.0M Heap: 5045.9M(6144.0M)->1953.4M(6144.0M)]
 [Times: user=0.61 sys=0.04, real=0.09 secs] 
2025-07-26T20:33:00.214+0800: 549334.050: [GC pause (G1 Evacuation Pause) (young), 0.1027108 secs]
   [Parallel Time: 90.3 ms, GC Workers: 8]
      [GC Worker Start (ms): Min: 549334052.1, Avg: 549334052.2, Max: 549334052.3, Diff: 0.2]
      [Ext Root Scanning (ms): Min: 2.9, Avg: 4.2, Max: 11.1, Diff: 8.2, Sum: 33.6]
      [Update RS (ms): Min: 24.8, Avg: 31.5, Max: 33.5, Diff: 8.8, Sum: 251.9]
         [Processed Buffers: Min: 111, Avg: 145.6, Max: 178, Diff: 67, Sum: 1165]
      [Scan RS (ms): Min: 0.1, Avg: 0.3, Max: 0.4, Diff: 0.3, Sum: 2.6]
      [Code Root Scanning (ms): Min: 0.0, Avg: 0.0, Max: 0.0, Diff: 0.0, Sum: 0.1]
      [Object Copy (ms): Min: 53.3, Avg: 53.9, Max: 54.1, Diff: 0.8, Sum: 430.9]
      [Termination (ms): Min: 0.0, Avg: 0.0, Max: 0.0, Diff: 0.0, Sum: 0.2]
         [Termination Attempts: Min: 1, Avg: 18.0, Max: 32, Diff: 31, Sum: 144]
      [GC Worker Other (ms): Min: 0.0, Avg: 0.2, Max: 0.3, Diff: 0.2, Sum: 1.5]
      [GC Worker Total (ms): Min: 90.0, Avg: 90.1, Max: 90.2, Diff: 0.3, Sum: 720.8]
      [GC Worker End (ms): Min: 549334142.2, Avg: 549334142.3, Max: 549334142.3, Diff: 0.1]
   [Code Root Fixup: 0.1 ms]
   [Code Root Purge: 0.0 ms]
   [Clear CT: 0.8 ms]
   [Other: 11.5 ms]
      [Choose CSet: 0.0 ms]
      [Ref Proc: 3.8 ms]
      [Ref Enq: 0.1 ms]
      [Redirty Cards: 0.3 ms]
      [Humongous Register: 1.8 ms]
      [Humongous Reclaim: 0.4 ms]
      [Free CSet: 4.0 ms]
   [Eden: 2914.0M(2914.0M)->0.0B(518.0M) Survivors: 158.0M->150.0M Heap: 4989.3M(6144.0M)->1961.9M(6144.0M)]
 [Times: user=0.67 sys=0.06, real=0.11 secs] 
2025-07-26T20:33:20.153+0800: 549353.989: [GC pause (G1 Evacuation Pause) (young), 0.0866557 secs]
   [Parallel Time: 82.4 ms, GC Workers: 8]
      [GC Worker Start (ms): Min: 549353989.4, Avg: 549353989.5, Max: 549353989.6, Diff: 0.1]
      [Ext Root Scanning (ms): Min: 7.7, Avg: 7.8, Max: 8.1, Diff: 0.4, Sum: 62.5]
      [Update RS (ms): Min: 8.4, Avg: 8.6, Max: 8.8, Diff: 0.4, Sum: 68.6]
         [Processed Buffers: Min: 29, Avg: 41.5, Max: 53, Diff: 24, Sum: 332]
      [Scan RS (ms): Min: 0.0, Avg: 0.1, Max: 0.2, Diff: 0.1, Sum: 0.9]
      [Code Root Scanning (ms): Min: 0.0, Avg: 0.0, Max: 0.0, Diff: 0.0, Sum: 0.0]
      [Object Copy (ms): Min: 65.4, Avg: 65.6, Max: 65.8, Diff: 0.3, Sum: 524.5]
      [Termination (ms): Min: 0.0, Avg: 0.1, Max: 0.1, Diff: 0.1, Sum: 0.9]
         [Termination Attempts: Min: 1, Avg: 118.2, Max: 152, Diff: 151, Sum: 946]
      [GC Worker Other (ms): Min: 0.0, Avg: 0.1, Max: 0.1, Diff: 0.1, Sum: 0.5]
      [GC Worker Total (ms): Min: 82.2, Avg: 82.2, Max: 82.3, Diff: 0.1, Sum: 657.9]
      [GC Worker End (ms): Min: 549354071.7, Avg: 549354071.7, Max: 549354071.7, Diff: 0.0]
   [Code Root Fixup: 0.0 ms]
   [Code Root Purge: 0.0 ms]
   [Clear CT: 0.2 ms]
   [Other: 4.0 ms]
      [Choose CSet: 0.0 ms]
      [Ref Proc: 1.6 ms]
      [Ref Enq: 0.1 ms]
      [Redirty Cards: 0.4 ms]
      [Humongous Register: 0.3 ms]
      [Humongous Reclaim: 0.2 ms]
      [Free CSet: 0.6 ms]
   [Eden: 518.0M(518.0M)->0.0B(2988.0M) Survivors: 150.0M->38.0M Heap: 2502.7M(6144.0M)->1955.4M(6144.0M)]
 [Times: user=0.61 sys=0.00, real=0.09 secs] 
2025-07-26T20:36:20.439+0800: 549534.274: [GC pause (G1 Evacuation Pause) (young), 0.0382889 secs]
   [Parallel Time: 27.7 ms, GC Workers: 8]
      [GC Worker Start (ms): Min: 549534276.8, Avg: 549534276.9, Max: 549534276.9, Diff: 0.2]
      [Ext Root Scanning (ms): Min: 2.9, Avg: 4.2, Max: 12.0, Diff: 9.1, Sum: 33.6]
      [Update RS (ms): Min: 5.8, Avg: 13.3, Max: 15.1, Diff: 9.3, Sum: 106.5]
         [Processed Buffers: Min: 51, Avg: 106.0, Max: 128, Diff: 77, Sum: 848]
      [Scan RS (ms): Min: 1.8, Avg: 2.4, Max: 2.6, Diff: 0.8, Sum: 18.8]
      [Code Root Scanning (ms): Min: 0.0, Avg: 0.0, Max: 0.0, Diff: 0.0, Sum: 0.1]
      [Object Copy (ms): Min: 7.4, Avg: 7.5, Max: 7.6, Diff: 0.2, Sum: 59.9]
      [Termination (ms): Min: 0.0, Avg: 0.0, Max: 0.0, Diff: 0.0, Sum: 0.0]
         [Termination Attempts: Min: 1, Avg: 2.0, Max: 3, Diff: 2, Sum: 16]
      [GC Worker Other (ms): Min: 0.1, Avg: 0.1, Max: 0.2, Diff: 0.1, Sum: 1.1]
      [GC Worker Total (ms): Min: 27.4, Avg: 27.5, Max: 27.6, Diff: 0.2, Sum: 219.9]
      [GC Worker End (ms): Min: 549534304.3, Avg: 549534304.4, Max: 549534304.4, Diff: 0.1]
   [Code Root Fixup: 0.1 ms]
   [Code Root Purge: 0.0 ms]
   [Clear CT: 0.7 ms]
   [Other: 9.9 ms]
      [Choose CSet: 0.0 ms]
      [Ref Proc: 2.6 ms]
      [Ref Enq: 0.1 ms]
      [Redirty Cards: 0.1 ms]
      [Humongous Register: 1.4 ms]
      [Humongous Reclaim: 0.5 ms]
      [Free CSet: 3.9 ms]
   [Eden: 2988.0M(2988.0M)->0.0B(3020.0M) Survivors: 38.0M->36.0M Heap: 5108.3M(6144.0M)->1938.3M(6144.0M)]
 [Times: user=0.22 sys=0.02, real=0.04 secs] 
2025-07-26T20:38:49.630+0800: 549683.465: [GC pause (G1 Evacuation Pause) (young), 0.0361318 secs]
   [Parallel Time: 27.9 ms, GC Workers: 8]
      [GC Worker Start (ms): Min: 549683467.4, Avg: 549683467.5, Max: 549683467.6, Diff: 0.2]
      [Ext Root Scanning (ms): Min: 3.1, Avg: 4.5, Max: 12.0, Diff: 8.9, Sum: 36.4]
      [Update RS (ms): Min: 6.7, Avg: 14.0, Max: 15.2, Diff: 8.5, Sum: 111.9]
         [Processed Buffers: Min: 69, Avg: 113.6, Max: 150, Diff: 81, Sum: 909]
      [Scan RS (ms): Min: 1.1, Avg: 2.2, Max: 2.4, Diff: 1.3, Sum: 17.4]
      [Code Root Scanning (ms): Min: 0.0, Avg: 0.0, Max: 0.0, Diff: 0.0, Sum: 0.1]
      [Object Copy (ms): Min: 6.6, Avg: 6.8, Max: 6.9, Diff: 0.3, Sum: 54.3]
      [Termination (ms): Min: 0.0, Avg: 0.0, Max: 0.0, Diff: 0.0, Sum: 0.0]
         [Termination Attempts: Min: 1, Avg: 1.0, Max: 1, Diff: 0, Sum: 8]
      [GC Worker Other (ms): Min: 0.1, Avg: 0.2, Max: 0.3, Diff: 0.2, Sum: 1.3]
      [GC Worker Total (ms): Min: 27.6, Avg: 27.7, Max: 27.7, Diff: 0.2, Sum: 221.3]
      [GC Worker End (ms): Min: 549683495.1, Avg: 549683495.1, Max: 549683495.2, Diff: 0.1]
   [Code Root Fixup: 0.0 ms]
   [Code Root Purge: 0.0 ms]
   [Clear CT: 0.6 ms]
   [Other: 7.6 ms]
      [Choose CSet: 0.0 ms]
      [Ref Proc: 1.0 ms]
      [Ref Enq: 0.1 ms]
      [Redirty Cards: 0.1 ms]
      [Humongous Register: 1.4 ms]
      [Humongous Reclaim: 0.5 ms]
      [Free CSet: 3.6 ms]
   [Eden: 3020.0M(3020.0M)->0.0B(3034.0M) Survivors: 36.0M->34.0M Heap: 5146.2M(6144.0M)->1937.3M(6144.0M)]
 [Times: user=0.22 sys=0.01, real=0.03 secs] 
2025-07-26T20:40:20.583+0800: 549774.418: [GC pause (G1 Evacuation Pause) (young), 0.0489733 secs]
   [Parallel Time: 38.5 ms, GC Workers: 8]
      [GC Worker Start (ms): Min: 549774420.5, Avg: 549774420.5, Max: 549774420.6, Diff: 0.2]
      [Ext Root Scanning (ms): Min: 3.3, Avg: 4.6, Max: 11.4, Diff: 8.1, Sum: 36.7]
      [Update RS (ms): Min: 12.1, Avg: 18.6, Max: 20.2, Diff: 8.1, Sum: 148.7]
         [Processed Buffers: Min: 117, Avg: 129.5, Max: 152, Diff: 35, Sum: 1036]
      [Scan RS (ms): Min: 0.1, Avg: 0.3, Max: 0.4, Diff: 0.3, Sum: 2.4]
      [Code Root Scanning (ms): Min: 0.0, Avg: 0.0, Max: 0.0, Diff: 0.0, Sum: 0.1]
      [Object Copy (ms): Min: 13.2, Avg: 13.8, Max: 14.8, Diff: 1.6, Sum: 110.1]
      [Termination (ms): Min: 0.0, Avg: 1.0, Max: 1.4, Diff: 1.3, Sum: 7.6]
         [Termination Attempts: Min: 1, Avg: 46.2, Max: 60, Diff: 59, Sum: 370]
      [GC Worker Other (ms): Min: 0.0, Avg: 0.1, Max: 0.2, Diff: 0.1, Sum: 0.9]
      [GC Worker Total (ms): Min: 38.2, Avg: 38.3, Max: 38.4, Diff: 0.2, Sum: 306.5]
      [GC Worker End (ms): Min: 549774458.8, Avg: 549774458.8, Max: 549774458.9, Diff: 0.1]
   [Code Root Fixup: 0.0 ms]
   [Code Root Purge: 0.0 ms]
   [Clear CT: 0.6 ms]
   [Other: 9.7 ms]
      [Choose CSet: 0.0 ms]
      [Ref Proc: 2.6 ms]
      [Ref Enq: 0.2 ms]
      [Redirty Cards: 0.1 ms]
      [Humongous Register: 1.5 ms]
      [Humongous Reclaim: 0.4 ms]
      [Free CSet: 3.7 ms]
   [Eden: 3034.0M(3034.0M)->0.0B(2994.0M) Survivors: 34.0M->60.0M Heap: 5072.2M(6144.0M)->1971.1M(6144.0M)]
 [Times: user=0.33 sys=0.00, real=0.05 secs] 
2025-07-26T20:40:55.107+0800: 549808.943: [GC pause (G1 Evacuation Pause) (young), 0.0345268 secs]
   [Parallel Time: 27.8 ms, GC Workers: 8]
      [GC Worker Start (ms): Min: 549808943.8, Avg: 549808943.9, Max: 549808943.9, Diff: 0.1]
      [Ext Root Scanning (ms): Min: 2.5, Avg: 3.8, Max: 10.4, Diff: 7.9, Sum: 30.3]
      [Update RS (ms): Min: 3.4, Avg: 9.8, Max: 10.9, Diff: 7.5, Sum: 78.0]
         [Processed Buffers: Min: 46, Avg: 68.8, Max: 86, Diff: 40, Sum: 550]
      [Scan RS (ms): Min: 0.2, Avg: 0.3, Max: 0.4, Diff: 0.2, Sum: 2.5]
      [Code Root Scanning (ms): Min: 0.0, Avg: 0.0, Max: 0.0, Diff: 0.0, Sum: 0.1]
      [Object Copy (ms): Min: 13.4, Avg: 13.7, Max: 13.8, Diff: 0.4, Sum: 109.3]
      [Termination (ms): Min: 0.0, Avg: 0.0, Max: 0.0, Diff: 0.0, Sum: 0.0]
         [Termination Attempts: Min: 1, Avg: 3.1, Max: 5, Diff: 4, Sum: 25]
      [GC Worker Other (ms): Min: 0.0, Avg: 0.1, Max: 0.1, Diff: 0.1, Sum: 0.7]
      [GC Worker Total (ms): Min: 27.6, Avg: 27.6, Max: 27.7, Diff: 0.1, Sum: 220.9]
      [GC Worker End (ms): Min: 549808971.4, Avg: 549808971.5, Max: 549808971.5, Diff: 0.1]
   [Code Root Fixup: 0.1 ms]
   [Code Root Purge: 0.0 ms]
   [Clear CT: 0.6 ms]
   [Other: 6.1 ms]
      [Choose CSet: 0.0 ms]
      [Ref Proc: 2.3 ms]
      [Ref Enq: 0.2 ms]
      [Redirty Cards: 0.1 ms]
      [Humongous Register: 0.7 ms]
      [Humongous Reclaim: 0.2 ms]
      [Free CSet: 1.7 ms]
   [Eden: 2994.0M(2994.0M)->0.0B(3006.0M) Survivors: 60.0M->54.0M Heap: 5006.1M(6144.0M)->1964.9M(6144.0M)]
 [Times: user=0.20 sys=0.02, real=0.03 secs] 
2025-07-26T20:41:25.217+0800: 549839.053: [GC pause (G1 Evacuation Pause) (young), 0.0359819 secs]
   [Parallel Time: 26.3 ms, GC Workers: 8]
      [GC Worker Start (ms): Min: 549839054.9, Avg: 549839055.0, Max: 549839055.0, Diff: 0.1]
      [Ext Root Scanning (ms): Min: 2.9, Avg: 3.3, Max: 4.8, Diff: 1.9, Sum: 26.5]
      [Update RS (ms): Min: 11.2, Avg: 12.5, Max: 13.6, Diff: 2.4, Sum: 100.4]
         [Processed Buffers: Min: 60, Avg: 77.6, Max: 91, Diff: 31, Sum: 621]
      [Scan RS (ms): Min: 0.1, Avg: 0.3, Max: 0.4, Diff: 0.3, Sum: 2.3]
      [Code Root Scanning (ms): Min: 0.0, Avg: 0.0, Max: 0.0, Diff: 0.0, Sum: 0.1]
      [Object Copy (ms): Min: 9.3, Avg: 9.8, Max: 10.0, Diff: 0.6, Sum: 78.4]
      [Termination (ms): Min: 0.0, Avg: 0.0, Max: 0.0, Diff: 0.0, Sum: 0.2]
         [Termination Attempts: Min: 1, Avg: 35.0, Max: 42, Diff: 41, Sum: 280]
      [GC Worker Other (ms): Min: 0.1, Avg: 0.1, Max: 0.2, Diff: 0.1, Sum: 1.2]
      [GC Worker Total (ms): Min: 26.0, Avg: 26.1, Max: 26.2, Diff: 0.2, Sum: 209.0]
      [GC Worker End (ms): Min: 549839081.1, Avg: 549839081.1, Max: 549839081.1, Diff: 0.1]
   [Code Root Fixup: 0.1 ms]
   [Code Root Purge: 0.0 ms]
   [Clear CT: 0.5 ms]
   [Other: 9.1 ms]
      [Choose CSet: 0.0 ms]
      [Ref Proc: 2.4 ms]
      [Ref Enq: 0.2 ms]
      [Redirty Cards: 0.1 ms]
      [Humongous Register: 1.7 ms]
      [Humongous Reclaim: 0.2 ms]
      [Free CSet: 3.6 ms]
   [Eden: 3006.0M(3006.0M)->0.0B(3012.0M) Survivors: 54.0M->52.0M Heap: 5020.6M(6144.0M)->1964.1M(6144.0M)]
 [Times: user=0.21 sys=0.00, real=0.03 secs] 
2025-07-26T20:42:03.126+0800: 549876.961: [GC pause (G1 Evacuation Pause) (young), 0.0305439 secs]
   [Parallel Time: 25.0 ms, GC Workers: 8]
      [GC Worker Start (ms): Min: 549876962.2, Avg: 549876962.2, Max: 549876962.3, Diff: 0.1]
      [Ext Root Scanning (ms): Min: 2.3, Avg: 3.3, Max: 9.3, Diff: 7.0, Sum: 26.7]
      [Update RS (ms): Min: 4.5, Avg: 10.4, Max: 11.5, Diff: 6.9, Sum: 83.0]
         [Processed Buffers: Min: 54, Avg: 73.4, Max: 91, Diff: 37, Sum: 587]
      [Scan RS (ms): Min: 0.2, Avg: 0.3, Max: 0.4, Diff: 0.2, Sum: 2.5]
      [Code Root Scanning (ms): Min: 0.0, Avg: 0.0, Max: 0.0, Diff: 0.0, Sum: 0.1]
      [Object Copy (ms): Min: 9.7, Avg: 10.0, Max: 10.7, Diff: 1.0, Sum: 79.9]
      [Termination (ms): Min: 0.0, Avg: 0.7, Max: 0.9, Diff: 0.9, Sum: 5.8]
         [Termination Attempts: Min: 1, Avg: 18.2, Max: 33, Diff: 32, Sum: 146]
      [GC Worker Other (ms): Min: 0.0, Avg: 0.0, Max: 0.1, Diff: 0.0, Sum: 0.2]
      [GC Worker Total (ms): Min: 24.7, Avg: 24.8, Max: 24.9, Diff: 0.2, Sum: 198.2]
      [GC Worker End (ms): Min: 549876986.9, Avg: 549876987.0, Max: 549876987.1, Diff: 0.2]
   [Code Root Fixup: 0.0 ms]
   [Code Root Purge: 0.0 ms]
   [Clear CT: 0.5 ms]
   [Other: 4.9 ms]
      [Choose CSet: 0.0 ms]
      [Ref Proc: 1.8 ms]
      [Ref Enq: 0.2 ms]
      [Redirty Cards: 0.1 ms]
      [Humongous Register: 0.4 ms]
      [Humongous Reclaim: 0.2 ms]
      [Free CSet: 1.6 ms]
   [Eden: 3012.0M(3012.0M)->0.0B(3022.0M) Survivors: 52.0M->44.0M Heap: 5022.2M(6144.0M)->1956.5M(6144.0M)]
 [Times: user=0.21 sys=0.00, real=0.03 secs] 
2025-07-26T20:44:29.690+0800: 550023.526: [GC pause (G1 Evacuation Pause) (young), 0.0394898 secs]
   [Parallel Time: 31.5 ms, GC Workers: 8]
      [GC Worker Start (ms): Min: 550023527.8, Avg: 550023527.9, Max: 550023528.0, Diff: 0.1]
      [Ext Root Scanning (ms): Min: 2.5, Avg: 3.0, Max: 4.7, Diff: 2.2, Sum: 23.8]
      [Update RS (ms): Min: 18.8, Avg: 20.4, Max: 21.4, Diff: 2.6, Sum: 163.1]
         [Processed Buffers: Min: 116, Avg: 133.0, Max: 141, Diff: 25, Sum: 1064]
      [Scan RS (ms): Min: 0.3, Avg: 1.0, Max: 1.2, Diff: 0.8, Sum: 8.0]
      [Code Root Scanning (ms): Min: 0.0, Avg: 0.0, Max: 0.0, Diff: 0.0, Sum: 0.1]
      [Object Copy (ms): Min: 6.7, Avg: 6.8, Max: 6.9, Diff: 0.3, Sum: 54.8]
      [Termination (ms): Min: 0.0, Avg: 0.0, Max: 0.0, Diff: 0.0, Sum: 0.0]
         [Termination Attempts: Min: 1, Avg: 1.0, Max: 1, Diff: 0, Sum: 8]
      [GC Worker Other (ms): Min: 0.1, Avg: 0.1, Max: 0.2, Diff: 0.1, Sum: 1.0]
      [GC Worker Total (ms): Min: 31.3, Avg: 31.3, Max: 31.4, Diff: 0.1, Sum: 250.7]
      [GC Worker End (ms): Min: 550023559.2, Avg: 550023559.2, Max: 550023559.3, Diff: 0.1]
   [Code Root Fixup: 0.0 ms]
   [Code Root Purge: 0.0 ms]
   [Clear CT: 0.5 ms]
   [Other: 7.4 ms]
      [Choose CSet: 0.0 ms]
      [Ref Proc: 0.9 ms]
      [Ref Enq: 0.0 ms]
      [Redirty Cards: 0.1 ms]
      [Humongous Register: 1.5 ms]
      [Humongous Reclaim: 0.4 ms]
      [Free CSet: 3.6 ms]
   [Eden: 3022.0M(3022.0M)->0.0B(3032.0M) Survivors: 44.0M->32.0M Heap: 5148.3M(6144.0M)->1950.6M(6144.0M)]
 [Times: user=0.25 sys=0.01, real=0.04 secs] 
2025-07-26T20:46:58.909+0800: 550172.744: [GC pause (G1 Evacuation Pause) (young), 0.0428254 secs]
   [Parallel Time: 34.8 ms, GC Workers: 8]
      [GC Worker Start (ms): Min: 550172746.0, Avg: 550172746.1, Max: 550172746.2, Diff: 0.2]
      [Ext Root Scanning (ms): Min: 2.6, Avg: 3.9, Max: 10.5, Diff: 7.9, Sum: 30.9]
      [Update RS (ms): Min: 15.4, Avg: 21.9, Max: 23.6, Diff: 8.2, Sum: 175.1]
         [Processed Buffers: Min: 114, Avg: 145.6, Max: 169, Diff: 55, Sum: 1165]
      [Scan RS (ms): Min: 0.3, Avg: 0.9, Max: 1.1, Diff: 0.8, Sum: 7.5]
      [Code Root Scanning (ms): Min: 0.0, Avg: 0.0, Max: 0.0, Diff: 0.0, Sum: 0.1]
      [Object Copy (ms): Min: 7.6, Avg: 7.7, Max: 7.8, Diff: 0.3, Sum: 61.7]
      [Termination (ms): Min: 0.0, Avg: 0.0, Max: 0.0, Diff: 0.0, Sum: 0.2]
         [Termination Attempts: Min: 8, Avg: 11.2, Max: 14, Diff: 6, Sum: 90]
      [GC Worker Other (ms): Min: 0.1, Avg: 0.1, Max: 0.2, Diff: 0.1, Sum: 0.9]
      [GC Worker Total (ms): Min: 34.5, Avg: 34.6, Max: 34.6, Diff: 0.2, Sum: 276.4]
      [GC Worker End (ms): Min: 550172780.6, Avg: 550172780.7, Max: 550172780.7, Diff: 0.1]
   [Code Root Fixup: 0.0 ms]
   [Code Root Purge: 0.0 ms]
   [Clear CT: 0.6 ms]
   [Other: 7.5 ms]
      [Choose CSet: 0.0 ms]
      [Ref Proc: 1.0 ms]
      [Ref Enq: 0.1 ms]
      [Redirty Cards: 0.1 ms]
      [Humongous Register: 1.4 ms]
      [Humongous Reclaim: 0.5 ms]
      [Free CSet: 3.7 ms]
   [Eden: 3032.0M(3032.0M)->0.0B(3012.0M) Survivors: 32.0M->40.0M Heap: 5167.1M(6144.0M)->1971.1M(6144.0M)]
 [Times: user=0.29 sys=0.00, real=0.04 secs] 
2025-07-26T20:49:21.457+0800: 550315.292: [GC pause (G1 Evacuation Pause) (young), 0.0555264 secs]
   [Parallel Time: 42.2 ms, GC Workers: 8]
      [GC Worker Start (ms): Min: 550315296.3, Avg: 550315296.4, Max: 550315296.4, Diff: 0.1]
      [Ext Root Scanning (ms): Min: 2.8, Avg: 4.0, Max: 10.8, Diff: 8.0, Sum: 32.0]
      [Update RS (ms): Min: 23.8, Avg: 30.6, Max: 32.2, Diff: 8.4, Sum: 245.0]
         [Processed Buffers: Min: 120, Avg: 149.6, Max: 185, Diff: 65, Sum: 1197]
      [Scan RS (ms): Min: 0.4, Avg: 0.6, Max: 0.7, Diff: 0.4, Sum: 4.8]
      [Code Root Scanning (ms): Min: 0.0, Avg: 0.0, Max: 0.0, Diff: 0.0, Sum: 0.1]
      [Object Copy (ms): Min: 5.3, Avg: 6.6, Max: 6.8, Diff: 1.5, Sum: 52.5]
      [Termination (ms): Min: 0.0, Avg: 0.0, Max: 0.0, Diff: 0.0, Sum: 0.1]
         [Termination Attempts: Min: 1, Avg: 1.0, Max: 1, Diff: 0, Sum: 8]
      [GC Worker Other (ms): Min: 0.1, Avg: 0.2, Max: 0.3, Diff: 0.2, Sum: 1.3]
      [GC Worker Total (ms): Min: 41.8, Avg: 42.0, Max: 42.1, Diff: 0.2, Sum: 335.7]
      [GC Worker End (ms): Min: 550315338.3, Avg: 550315338.3, Max: 550315338.4, Diff: 0.1]
   [Code Root Fixup: 0.1 ms]
   [Code Root Purge: 0.0 ms]
   [Clear CT: 0.9 ms]
   [Other: 12.4 ms]
      [Choose CSet: 0.0 ms]
      [Ref Proc: 1.9 ms]
      [Ref Enq: 0.1 ms]
      [Redirty Cards: 0.2 ms]
      [Humongous Register: 3.1 ms]
      [Humongous Reclaim: 0.8 ms]
      [Free CSet: 4.9 ms]
   [Eden: 3012.0M(3012.0M)->0.0B(3040.0M) Survivors: 40.0M->32.0M Heap: 5151.7M(6144.0M)->1949.9M(6144.0M)]
 [Times: user=0.29 sys=0.07, real=0.06 secs] 
2025-07-26T20:50:31.193+0800: 550385.028: [GC pause (G1 Evacuation Pause) (young), 0.0378285 secs]
   [Parallel Time: 31.0 ms, GC Workers: 8]
      [GC Worker Start (ms): Min: 550385030.2, Avg: 550385030.3, Max: 550385030.4, Diff: 0.2]
      [Ext Root Scanning (ms): Min: 4.1, Avg: 4.4, Max: 5.9, Diff: 1.9, Sum: 35.1]
      [Update RS (ms): Min: 13.2, Avg: 14.6, Max: 15.7, Diff: 2.4, Sum: 117.0]
         [Processed Buffers: Min: 99, Avg: 115.4, Max: 140, Diff: 41, Sum: 923]
      [Scan RS (ms): Min: 0.1, Avg: 0.3, Max: 0.4, Diff: 0.3, Sum: 2.4]
      [Code Root Scanning (ms): Min: 0.0, Avg: 0.0, Max: 0.0, Diff: 0.0, Sum: 0.1]
      [Object Copy (ms): Min: 10.7, Avg: 11.4, Max: 11.7, Diff: 1.0, Sum: 91.1]
      [Termination (ms): Min: 0.0, Avg: 0.0, Max: 0.0, Diff: 0.0, Sum: 0.0]
         [Termination Attempts: Min: 1, Avg: 1.1, Max: 2, Diff: 1, Sum: 9]
      [GC Worker Other (ms): Min: 0.0, Avg: 0.1, Max: 0.1, Diff: 0.1, Sum: 0.7]
      [GC Worker Total (ms): Min: 30.7, Avg: 30.8, Max: 30.9, Diff: 0.2, Sum: 246.4]
      [GC Worker End (ms): Min: 550385061.0, Avg: 550385061.1, Max: 550385061.1, Diff: 0.1]
   [Code Root Fixup: 0.0 ms]
   [Code Root Purge: 0.0 ms]
   [Clear CT: 0.5 ms]
   [Other: 6.2 ms]
      [Choose CSet: 0.0 ms]
      [Ref Proc: 2.1 ms]
      [Ref Enq: 0.1 ms]
      [Redirty Cards: 0.1 ms]
      [Humongous Register: 1.2 ms]
      [Humongous Reclaim: 0.2 ms]
      [Free CSet: 1.7 ms]
   [Eden: 3040.0M(3040.0M)->0.0B(3006.0M) Survivors: 32.0M->52.0M Heap: 5080.3M(6144.0M)->1969.3M(6144.0M)]
 [Times: user=0.22 sys=0.03, real=0.04 secs] 
2025-07-26T20:51:12.998+0800: 550426.834: [GC pause (G1 Evacuation Pause) (young), 0.0296228 secs]
   [Parallel Time: 18.4 ms, GC Workers: 8]
      [GC Worker Start (ms): Min: 550426838.1, Avg: 550426838.2, Max: 550426838.3, Diff: 0.2]
      [Ext Root Scanning (ms): Min: 3.5, Avg: 4.8, Max: 12.9, Diff: 9.4, Sum: 38.5]
      [Update RS (ms): Min: 0.0, Avg: 2.7, Max: 4.1, Diff: 4.1, Sum: 22.0]
         [Processed Buffers: Min: 0, Avg: 23.1, Max: 47, Diff: 47, Sum: 185]
      [Scan RS (ms): Min: 0.1, Avg: 0.3, Max: 0.4, Diff: 0.3, Sum: 2.4]
      [Code Root Scanning (ms): Min: 0.0, Avg: 0.0, Max: 0.0, Diff: 0.0, Sum: 0.1]
      [Object Copy (ms): Min: 4.4, Avg: 9.4, Max: 10.4, Diff: 6.1, Sum: 75.1]
      [Termination (ms): Min: 0.0, Avg: 0.3, Max: 0.5, Diff: 0.5, Sum: 2.4]
         [Termination Attempts: Min: 1, Avg: 1.0, Max: 1, Diff: 0, Sum: 8]
      [GC Worker Other (ms): Min: 0.0, Avg: 0.1, Max: 0.3, Diff: 0.2, Sum: 0.8]
      [GC Worker Total (ms): Min: 17.5, Avg: 17.7, Max: 17.8, Diff: 0.4, Sum: 141.3]
      [GC Worker End (ms): Min: 550426855.7, Avg: 550426855.8, Max: 550426855.9, Diff: 0.2]
   [Code Root Fixup: 0.1 ms]
   [Code Root Purge: 0.0 ms]
   [Clear CT: 0.5 ms]
   [Other: 10.7 ms]
      [Choose CSet: 0.0 ms]
      [Ref Proc: 2.1 ms]
      [Ref Enq: 0.2 ms]
      [Redirty Cards: 0.1 ms]
      [Humongous Register: 3.5 ms]
      [Humongous Reclaim: 0.1 ms]
      [Free CSet: 3.7 ms]
   [Eden: 3006.0M(3006.0M)->0.0B(3016.0M) Survivors: 52.0M->46.0M Heap: 4975.3M(6144.0M)->1964.1M(6144.0M)]
 [Times: user=0.15 sys=0.00, real=0.03 secs] 
2025-07-26T20:51:54.763+0800: 550468.598: [GC pause (G1 Evacuation Pause) (young), 0.0359214 secs]
   [Parallel Time: 25.0 ms, GC Workers: 8]
      [GC Worker Start (ms): Min: 550468601.9, Avg: 550468602.1, Max: 550468602.2, Diff: 0.3]
      [Ext Root Scanning (ms): Min: 3.8, Avg: 5.4, Max: 13.7, Diff: 9.8, Sum: 42.9]
      [Update RS (ms): Min: 2.2, Avg: 10.3, Max: 12.4, Diff: 10.2, Sum: 82.3]
         [Processed Buffers: Min: 33, Avg: 71.9, Max: 100, Diff: 67, Sum: 575]
      [Scan RS (ms): Min: 0.1, Avg: 0.3, Max: 0.4, Diff: 0.3, Sum: 2.6]
      [Code Root Scanning (ms): Min: 0.0, Avg: 0.0, Max: 0.0, Diff: 0.0, Sum: 0.1]
      [Object Copy (ms): Min: 8.0, Avg: 8.6, Max: 8.9, Diff: 0.9, Sum: 68.6]
      [Termination (ms): Min: 0.0, Avg: 0.0, Max: 0.0, Diff: 0.0, Sum: 0.2]
         [Termination Attempts: Min: 1, Avg: 1.2, Max: 2, Diff: 1, Sum: 10]
      [GC Worker Other (ms): Min: 0.1, Avg: 0.2, Max: 0.3, Diff: 0.2, Sum: 1.3]
      [GC Worker Total (ms): Min: 24.6, Avg: 24.7, Max: 24.9, Diff: 0.3, Sum: 198.0]
      [GC Worker End (ms): Min: 550468626.8, Avg: 550468626.8, Max: 550468626.9, Diff: 0.1]
   [Code Root Fixup: 0.0 ms]
   [Code Root Purge: 0.0 ms]
   [Clear CT: 0.6 ms]
   [Other: 10.3 ms]
      [Choose CSet: 0.0 ms]
      [Ref Proc: 2.0 ms]
      [Ref Enq: 0.2 ms]
      [Redirty Cards: 0.1 ms]
      [Humongous Register: 2.9 ms]
      [Humongous Reclaim: 0.2 ms]
      [Free CSet: 3.9 ms]
   [Eden: 3016.0M(3016.0M)->0.0B(3028.0M) Survivors: 46.0M->40.0M Heap: 5029.7M(6144.0M)->1958.2M(6144.0M)]
 [Times: user=0.17 sys=0.02, real=0.04 secs] 
2025-07-26T21:09:11.935+0800: 551505.770: [GC pause (G1 Evacuation Pause) (young), 0.0367654 secs]
   [Parallel Time: 21.5 ms, GC Workers: 8]
      [GC Worker Start (ms): Min: 551505774.3, Avg: 551505774.4, Max: 551505774.6, Diff: 0.2]
      [Ext Root Scanning (ms): Min: 3.0, Avg: 4.3, Max: 11.6, Diff: 8.6, Sum: 34.8]
      [Update RS (ms): Min: 0.0, Avg: 3.6, Max: 4.5, Diff: 4.5, Sum: 28.5]
         [Processed Buffers: Min: 0, Avg: 28.0, Max: 53, Diff: 53, Sum: 224]
      [Scan RS (ms): Min: 0.1, Avg: 0.3, Max: 0.5, Diff: 0.4, Sum: 2.4]
      [Code Root Scanning (ms): Min: 0.0, Avg: 0.0, Max: 0.0, Diff: 0.0, Sum: 0.1]
      [Object Copy (ms): Min: 9.5, Avg: 12.9, Max: 13.4, Diff: 3.9, Sum: 102.9]
      [Termination (ms): Min: 0.0, Avg: 0.0, Max: 0.0, Diff: 0.0, Sum: 0.0]
         [Termination Attempts: Min: 1, Avg: 1.0, Max: 1, Diff: 0, Sum: 8]
      [GC Worker Other (ms): Min: 0.0, Avg: 0.2, Max: 0.2, Diff: 0.2, Sum: 1.2]
      [GC Worker Total (ms): Min: 21.1, Avg: 21.2, Max: 21.3, Diff: 0.2, Sum: 169.8]
      [GC Worker End (ms): Min: 551505795.6, Avg: 551505795.7, Max: 551505795.7, Diff: 0.1]
   [Code Root Fixup: 0.0 ms]
   [Code Root Purge: 0.0 ms]
   [Clear CT: 0.6 ms]
   [Other: 14.6 ms]
      [Choose CSet: 0.0 ms]
      [Ref Proc: 5.9 ms]
      [Ref Enq: 0.2 ms]
      [Redirty Cards: 0.1 ms]
      [Humongous Register: 3.3 ms]
      [Humongous Reclaim: 0.1 ms]
      [Free CSet: 3.7 ms]
   [Eden: 3028.0M(3028.0M)->0.0B(3030.0M) Survivors: 40.0M->34.0M Heap: 4987.9M(6144.0M)->1956.4M(6144.0M)]
 [Times: user=0.16 sys=0.02, real=0.04 secs] 
2025-07-26T21:10:25.326+0800: 551579.161: [GC pause (G1 Evacuation Pause) (young), 0.0452146 secs]
   [Parallel Time: 32.1 ms, GC Workers: 8]
      [GC Worker Start (ms): Min: 551579165.3, Avg: 551579165.4, Max: 551579165.5, Diff: 0.2]
      [Ext Root Scanning (ms): Min: 3.3, Avg: 4.4, Max: 10.9, Diff: 7.7, Sum: 35.5]
      [Update RS (ms): Min: 12.2, Avg: 18.2, Max: 19.8, Diff: 7.7, Sum: 145.3]
         [Processed Buffers: Min: 82, Avg: 119.1, Max: 144, Diff: 62, Sum: 953]
      [Scan RS (ms): Min: 0.1, Avg: 0.3, Max: 0.4, Diff: 0.3, Sum: 2.5]
      [Code Root Scanning (ms): Min: 0.0, Avg: 0.0, Max: 0.0, Diff: 0.0, Sum: 0.1]
      [Object Copy (ms): Min: 8.5, Avg: 8.8, Max: 8.9, Diff: 0.5, Sum: 70.3]
      [Termination (ms): Min: 0.0, Avg: 0.1, Max: 0.1, Diff: 0.1, Sum: 0.6]
         [Termination Attempts: Min: 1, Avg: 1.0, Max: 1, Diff: 0, Sum: 8]
      [GC Worker Other (ms): Min: 0.0, Avg: 0.1, Max: 0.2, Diff: 0.1, Sum: 1.0]
      [GC Worker Total (ms): Min: 31.8, Avg: 31.9, Max: 32.0, Diff: 0.2, Sum: 255.2]
      [GC Worker End (ms): Min: 551579197.3, Avg: 551579197.3, Max: 551579197.4, Diff: 0.0]
   [Code Root Fixup: 0.1 ms]
   [Code Root Purge: 0.0 ms]
   [Clear CT: 0.6 ms]
   [Other: 12.6 ms]
      [Choose CSet: 0.0 ms]
      [Ref Proc: 3.7 ms]
      [Ref Enq: 0.1 ms]
      [Redirty Cards: 0.1 ms]
      [Humongous Register: 3.2 ms]
      [Humongous Reclaim: 0.4 ms]
      [Free CSet: 3.9 ms]
   [Eden: 3030.0M(3030.0M)->0.0B(3014.0M) Survivors: 34.0M->46.0M Heap: 5080.6M(6144.0M)->1967.1M(6144.0M)]
 [Times: user=0.23 sys=0.05, real=0.05 secs] 
2025-07-26T21:11:00.209+0800: 551614.045: [GC pause (G1 Evacuation Pause) (young), 0.0457810 secs]
   [Parallel Time: 36.2 ms, GC Workers: 8]
      [GC Worker Start (ms): Min: 551614047.0, Avg: 551614047.1, Max: 551614047.2, Diff: 0.1]
      [Ext Root Scanning (ms): Min: 2.3, Avg: 4.3, Max: 11.6, Diff: 9.3, Sum: 34.1]
      [Update RS (ms): Min: 7.5, Avg: 13.8, Max: 14.9, Diff: 7.4, Sum: 110.0]
         [Processed Buffers: Min: 35, Avg: 94.6, Max: 109, Diff: 74, Sum: 757]
      [Scan RS (ms): Min: 0.1, Avg: 0.3, Max: 0.5, Diff: 0.3, Sum: 2.8]
      [Code Root Scanning (ms): Min: 0.0, Avg: 0.0, Max: 0.0, Diff: 0.0, Sum: 0.1]
      [Object Copy (ms): Min: 16.7, Avg: 17.4, Max: 18.2, Diff: 1.5, Sum: 139.6]
      [Termination (ms): Min: 0.0, Avg: 0.0, Max: 0.1, Diff: 0.0, Sum: 0.4]
         [Termination Attempts: Min: 10, Avg: 17.2, Max: 24, Diff: 14, Sum: 138]
      [GC Worker Other (ms): Min: 0.0, Avg: 0.2, Max: 0.3, Diff: 0.2, Sum: 1.3]
      [GC Worker Total (ms): Min: 36.0, Avg: 36.0, Max: 36.1, Diff: 0.1, Sum: 288.1]
      [GC Worker End (ms): Min: 551614083.1, Avg: 551614083.1, Max: 551614083.1, Diff: 0.1]
   [Code Root Fixup: 0.1 ms]
   [Code Root Purge: 0.0 ms]
   [Clear CT: 0.5 ms]
   [Other: 9.0 ms]
      [Choose CSet: 0.0 ms]
      [Ref Proc: 2.0 ms]
      [Ref Enq: 0.2 ms]
      [Redirty Cards: 0.1 ms]
      [Humongous Register: 1.4 ms]
      [Humongous Reclaim: 0.3 ms]
      [Free CSet: 4.0 ms]
   [Eden: 3014.0M(3014.0M)->0.0B(234.0M) Survivors: 46.0M->72.0M Heap: 5051.8M(6144.0M)->1994.2M(6144.0M)]
 [Times: user=0.30 sys=0.00, real=0.04 secs] 
2025-07-26T21:11:00.496+0800: 551614.332: [GC pause (G1 Evacuation Pause) (young), 0.0229062 secs]
   [Parallel Time: 20.6 ms, GC Workers: 8]
      [GC Worker Start (ms): Min: 551614332.6, Avg: 551614332.6, Max: 551614332.7, Diff: 0.1]
      [Ext Root Scanning (ms): Min: 2.2, Avg: 2.5, Max: 3.2, Diff: 0.9, Sum: 19.8]
      [Update RS (ms): Min: 4.8, Avg: 5.3, Max: 6.0, Diff: 1.2, Sum: 42.5]
         [Processed Buffers: Min: 28, Avg: 34.8, Max: 38, Diff: 10, Sum: 278]
      [Scan RS (ms): Min: 0.0, Avg: 0.0, Max: 0.0, Diff: 0.0, Sum: 0.2]
      [Code Root Scanning (ms): Min: 0.0, Avg: 0.0, Max: 0.0, Diff: 0.0, Sum: 0.0]
      [Object Copy (ms): Min: 12.0, Avg: 12.5, Max: 12.7, Diff: 0.7, Sum: 100.2]
      [Termination (ms): Min: 0.0, Avg: 0.1, Max: 0.1, Diff: 0.0, Sum: 0.5]
         [Termination Attempts: Min: 20, Avg: 23.1, Max: 26, Diff: 6, Sum: 185]
      [GC Worker Other (ms): Min: 0.0, Avg: 0.0, Max: 0.1, Diff: 0.0, Sum: 0.3]
      [GC Worker Total (ms): Min: 20.4, Avg: 20.4, Max: 20.5, Diff: 0.1, Sum: 163.5]
      [GC Worker End (ms): Min: 551614353.0, Avg: 551614353.0, Max: 551614353.1, Diff: 0.0]
   [Code Root Fixup: 0.1 ms]
   [Code Root Purge: 0.0 ms]
   [Clear CT: 0.1 ms]
   [Other: 2.1 ms]
      [Choose CSet: 0.0 ms]
      [Ref Proc: 0.4 ms]
      [Ref Enq: 0.0 ms]
      [Redirty Cards: 0.1 ms]
      [Humongous Register: 0.4 ms]
      [Humongous Reclaim: 0.2 ms]
      [Free CSet: 0.3 ms]
   [Eden: 234.0M(234.0M)->0.0B(280.0M) Survivors: 72.0M->26.0M Heap: 2253.3M(6144.0M)->1996.4M(6144.0M)]
 [Times: user=0.17 sys=0.00, real=0.03 secs] 
2025-07-26T21:11:03.658+0800: 551617.494: [GC pause (G1 Evacuation Pause) (young), 0.0135095 secs]
   [Parallel Time: 11.3 ms, GC Workers: 8]
      [GC Worker Start (ms): Min: 551617494.4, Avg: 551617494.5, Max: 551617494.6, Diff: 0.2]
      [Ext Root Scanning (ms): Min: 2.2, Avg: 2.5, Max: 3.2, Diff: 1.0, Sum: 20.0]
      [Update RS (ms): Min: 3.6, Avg: 4.1, Max: 4.3, Diff: 0.7, Sum: 32.8]
         [Processed Buffers: Min: 9, Avg: 24.2, Max: 40, Diff: 31, Sum: 194]
      [Scan RS (ms): Min: 0.0, Avg: 0.0, Max: 0.0, Diff: 0.0, Sum: 0.2]
      [Code Root Scanning (ms): Min: 0.0, Avg: 0.0, Max: 0.0, Diff: 0.0, Sum: 0.0]
      [Object Copy (ms): Min: 4.2, Avg: 4.4, Max: 4.5, Diff: 0.3, Sum: 35.5]
      [Termination (ms): Min: 0.0, Avg: 0.0, Max: 0.0, Diff: 0.0, Sum: 0.1]
         [Termination Attempts: Min: 1, Avg: 1.0, Max: 1, Diff: 0, Sum: 8]
      [GC Worker Other (ms): Min: 0.0, Avg: 0.0, Max: 0.0, Diff: 0.0, Sum: 0.2]
      [GC Worker Total (ms): Min: 11.0, Avg: 11.1, Max: 11.2, Diff: 0.2, Sum: 88.8]
      [GC Worker End (ms): Min: 551617505.6, Avg: 551617505.6, Max: 551617505.6, Diff: 0.0]
   [Code Root Fixup: 0.0 ms]
   [Code Root Purge: 0.0 ms]
   [Clear CT: 0.2 ms]
   [Other: 2.0 ms]
      [Choose CSet: 0.0 ms]
      [Ref Proc: 0.3 ms]
      [Ref Enq: 0.0 ms]
      [Redirty Cards: 0.1 ms]
      [Humongous Register: 0.3 ms]
      [Humongous Reclaim: 0.2 ms]
      [Free CSet: 0.3 ms]
   [Eden: 280.0M(280.0M)->0.0B(272.0M) Survivors: 26.0M->34.0M Heap: 2276.4M(6144.0M)->1989.8M(6144.0M)]
 [Times: user=0.05 sys=0.03, real=0.01 secs] 
2025-07-26T21:11:06.985+0800: 551620.821: [GC pause (G1 Evacuation Pause) (young), 0.0102478 secs]
   [Parallel Time: 7.6 ms, GC Workers: 8]
      [GC Worker Start (ms): Min: 551620821.5, Avg: 551620821.5, Max: 551620821.6, Diff: 0.1]
      [Ext Root Scanning (ms): Min: 2.3, Avg: 2.6, Max: 3.2, Diff: 0.9, Sum: 20.4]
      [Update RS (ms): Min: 0.2, Avg: 0.9, Max: 1.3, Diff: 1.1, Sum: 7.2]
         [Processed Buffers: Min: 2, Avg: 17.6, Max: 34, Diff: 32, Sum: 141]
      [Scan RS (ms): Min: 0.0, Avg: 0.0, Max: 0.0, Diff: 0.0, Sum: 0.2]
      [Code Root Scanning (ms): Min: 0.0, Avg: 0.0, Max: 0.0, Diff: 0.0, Sum: 0.0]
      [Object Copy (ms): Min: 3.8, Avg: 4.0, Max: 4.1, Diff: 0.3, Sum: 31.7]
      [Termination (ms): Min: 0.0, Avg: 0.0, Max: 0.0, Diff: 0.0, Sum: 0.0]
         [Termination Attempts: Min: 1, Avg: 1.0, Max: 1, Diff: 0, Sum: 8]
      [GC Worker Other (ms): Min: 0.0, Avg: 0.0, Max: 0.0, Diff: 0.0, Sum: 0.2]
      [GC Worker Total (ms): Min: 7.4, Avg: 7.5, Max: 7.5, Diff: 0.1, Sum: 59.8]
      [GC Worker End (ms): Min: 551620829.0, Avg: 551620829.0, Max: 551620829.0, Diff: 0.0]
   [Code Root Fixup: 0.0 ms]
   [Code Root Purge: 0.0 ms]
   [Clear CT: 0.1 ms]
   [Other: 2.4 ms]
      [Choose CSet: 0.0 ms]
      [Ref Proc: 0.5 ms]
      [Ref Enq: 0.0 ms]
      [Redirty Cards: 0.2 ms]
      [Humongous Register: 0.4 ms]
      [Humongous Reclaim: 0.2 ms]
      [Free CSet: 0.3 ms]
   [Eden: 272.0M(272.0M)->0.0B(402.0M) Survivors: 34.0M->32.0M Heap: 2261.8M(6144.0M)->1993.5M(6144.0M)]
 [Times: user=0.04 sys=0.02, real=0.01 secs] 
2025-07-26T21:11:11.202+0800: 551625.037: [GC pause (G1 Evacuation Pause) (young), 0.0114088 secs]
   [Parallel Time: 8.8 ms, GC Workers: 8]
      [GC Worker Start (ms): Min: 551625038.2, Avg: 551625038.2, Max: 551625038.3, Diff: 0.1]
      [Ext Root Scanning (ms): Min: 2.3, Avg: 2.6, Max: 3.4, Diff: 1.1, Sum: 20.8]
      [Update RS (ms): Min: 1.3, Avg: 1.9, Max: 2.1, Diff: 0.8, Sum: 15.0]
         [Processed Buffers: Min: 3, Avg: 19.1, Max: 33, Diff: 30, Sum: 153]
      [Scan RS (ms): Min: 0.0, Avg: 0.0, Max: 0.1, Diff: 0.1, Sum: 0.3]
      [Code Root Scanning (ms): Min: 0.0, Avg: 0.0, Max: 0.0, Diff: 0.0, Sum: 0.0]
      [Object Copy (ms): Min: 3.7, Avg: 4.0, Max: 4.2, Diff: 0.4, Sum: 31.7]
      [Termination (ms): Min: 0.0, Avg: 0.2, Max: 0.2, Diff: 0.2, Sum: 1.4]
         [Termination Attempts: Min: 1, Avg: 2.1, Max: 4, Diff: 3, Sum: 17]
      [GC Worker Other (ms): Min: 0.0, Avg: 0.0, Max: 0.0, Diff: 0.0, Sum: 0.2]
      [GC Worker Total (ms): Min: 8.6, Avg: 8.7, Max: 8.7, Diff: 0.1, Sum: 69.3]
      [GC Worker End (ms): Min: 551625046.9, Avg: 551625046.9, Max: 551625047.0, Diff: 0.1]
   [Code Root Fixup: 0.0 ms]
   [Code Root Purge: 0.0 ms]
   [Clear CT: 0.2 ms]
   [Other: 2.4 ms]
      [Choose CSet: 0.0 ms]
      [Ref Proc: 0.4 ms]
      [Ref Enq: 0.0 ms]
      [Redirty Cards: 0.1 ms]
      [Humongous Register: 0.5 ms]
      [Humongous Reclaim: 0.1 ms]
      [Free CSet: 0.4 ms]
   [Eden: 402.0M(402.0M)->0.0B(626.0M) Survivors: 32.0M->34.0M Heap: 2395.5M(6144.0M)->1996.5M(6144.0M)]
 [Times: user=0.07 sys=0.00, real=0.01 secs] 
2025-07-26T21:11:19.215+0800: 551633.050: [GC pause (G1 Evacuation Pause) (young), 0.0109914 secs]
   [Parallel Time: 8.2 ms, GC Workers: 8]
      [GC Worker Start (ms): Min: 551633051.1, Avg: 551633051.1, Max: 551633051.2, Diff: 0.1]
      [Ext Root Scanning (ms): Min: 2.1, Avg: 2.5, Max: 3.2, Diff: 1.0, Sum: 19.9]
      [Update RS (ms): Min: 0.7, Avg: 1.2, Max: 1.7, Diff: 1.0, Sum: 9.8]
         [Processed Buffers: Min: 3, Avg: 20.8, Max: 40, Diff: 37, Sum: 166]
      [Scan RS (ms): Min: 0.0, Avg: 0.1, Max: 0.1, Diff: 0.1, Sum: 0.5]
      [Code Root Scanning (ms): Min: 0.0, Avg: 0.0, Max: 0.0, Diff: 0.0, Sum: 0.0]
      [Object Copy (ms): Min: 3.8, Avg: 4.1, Max: 4.4, Diff: 0.5, Sum: 32.8]
      [Termination (ms): Min: 0.0, Avg: 0.1, Max: 0.1, Diff: 0.1, Sum: 0.7]
         [Termination Attempts: Min: 1, Avg: 1.0, Max: 1, Diff: 0, Sum: 8]
      [GC Worker Other (ms): Min: 0.0, Avg: 0.0, Max: 0.0, Diff: 0.0, Sum: 0.2]
      [GC Worker Total (ms): Min: 8.0, Avg: 8.0, Max: 8.1, Diff: 0.1, Sum: 64.0]
      [GC Worker End (ms): Min: 551633059.1, Avg: 551633059.1, Max: 551633059.2, Diff: 0.0]
   [Code Root Fixup: 0.0 ms]
   [Code Root Purge: 0.0 ms]
   [Clear CT: 0.2 ms]
   [Other: 2.6 ms]
      [Choose CSet: 0.0 ms]
      [Ref Proc: 0.5 ms]
      [Ref Enq: 0.0 ms]
      [Redirty Cards: 0.2 ms]
      [Humongous Register: 0.4 ms]
      [Humongous Reclaim: 0.1 ms]
      [Free CSet: 0.5 ms]
   [Eden: 626.0M(626.0M)->0.0B(1036.0M) Survivors: 34.0M->32.0M Heap: 2622.5M(6144.0M)->1993.7M(6144.0M)]
 [Times: user=0.03 sys=0.03, real=0.01 secs] 
2025-07-26T21:11:28.262+0800: 551642.097: [GC pause (G1 Evacuation Pause) (young), 0.0190801 secs]
   [Parallel Time: 16.1 ms, GC Workers: 8]
      [GC Worker Start (ms): Min: 551642097.9, Avg: 551642098.0, Max: 551642098.1, Diff: 0.2]
      [Ext Root Scanning (ms): Min: 2.2, Avg: 2.4, Max: 3.1, Diff: 0.9, Sum: 19.4]
      [Update RS (ms): Min: 8.5, Avg: 9.0, Max: 9.3, Diff: 0.7, Sum: 72.0]
         [Processed Buffers: Min: 49, Avg: 65.4, Max: 76, Diff: 27, Sum: 523]
      [Scan RS (ms): Min: 0.0, Avg: 0.1, Max: 0.1, Diff: 0.1, Sum: 0.8]
      [Code Root Scanning (ms): Min: 0.0, Avg: 0.0, Max: 0.0, Diff: 0.0, Sum: 0.0]
      [Object Copy (ms): Min: 4.0, Avg: 4.1, Max: 4.3, Diff: 0.3, Sum: 33.2]
      [Termination (ms): Min: 0.0, Avg: 0.1, Max: 0.1, Diff: 0.1, Sum: 0.7]
         [Termination Attempts: Min: 1, Avg: 1.0, Max: 1, Diff: 0, Sum: 8]
      [GC Worker Other (ms): Min: 0.0, Avg: 0.0, Max: 0.0, Diff: 0.0, Sum: 0.2]
      [GC Worker Total (ms): Min: 15.7, Avg: 15.8, Max: 15.9, Diff: 0.2, Sum: 126.3]
      [GC Worker End (ms): Min: 551642113.8, Avg: 551642113.8, Max: 551642113.8, Diff: 0.1]
   [Code Root Fixup: 0.0 ms]
   [Code Root Purge: 0.0 ms]
   [Clear CT: 0.3 ms]
   [Other: 2.7 ms]
      [Choose CSet: 0.0 ms]
      [Ref Proc: 0.6 ms]
      [Ref Enq: 0.0 ms]
      [Redirty Cards: 0.1 ms]
      [Humongous Register: 0.3 ms]
      [Humongous Reclaim: 0.2 ms]
      [Free CSet: 0.7 ms]
   [Eden: 1036.0M(1036.0M)->0.0B(1680.0M) Survivors: 32.0M->32.0M Heap: 3075.8M(6144.0M)->1993.8M(6144.0M)]
 [Times: user=0.13 sys=0.00, real=0.02 secs] 
2025-07-26T21:11:58.053+0800: 551671.889: [GC pause (G1 Evacuation Pause) (young), 0.0151785 secs]
   [Parallel Time: 10.8 ms, GC Workers: 8]
      [GC Worker Start (ms): Min: 551671889.4, Avg: 551671889.4, Max: 551671889.5, Diff: 0.1]
      [Ext Root Scanning (ms): Min: 2.5, Avg: 3.6, Max: 10.2, Diff: 7.7, Sum: 29.0]
      [Update RS (ms): Min: 0.0, Avg: 1.6, Max: 2.1, Diff: 2.1, Sum: 12.5]
         [Processed Buffers: Min: 0, Avg: 22.0, Max: 35, Diff: 35, Sum: 176]
      [Scan RS (ms): Min: 0.1, Avg: 0.2, Max: 0.2, Diff: 0.2, Sum: 1.5]
      [Code Root Scanning (ms): Min: 0.0, Avg: 0.0, Max: 0.0, Diff: 0.0, Sum: 0.0]
      [Object Copy (ms): Min: 0.4, Avg: 5.2, Max: 5.9, Diff: 5.6, Sum: 41.4]
      [Termination (ms): Min: 0.0, Avg: 0.1, Max: 0.1, Diff: 0.1, Sum: 0.4]
         [Termination Attempts: Min: 1, Avg: 1.4, Max: 2, Diff: 1, Sum: 11]
      [GC Worker Other (ms): Min: 0.0, Avg: 0.0, Max: 0.1, Diff: 0.0, Sum: 0.4]
      [GC Worker Total (ms): Min: 10.6, Avg: 10.6, Max: 10.7, Diff: 0.1, Sum: 85.1]
      [GC Worker End (ms): Min: 551671900.0, Avg: 551671900.1, Max: 551671900.1, Diff: 0.1]
   [Code Root Fixup: 0.0 ms]
   [Code Root Purge: 0.0 ms]
   [Clear CT: 0.3 ms]
   [Other: 4.0 ms]
      [Choose CSet: 0.0 ms]
      [Ref Proc: 1.3 ms]
      [Ref Enq: 0.2 ms]
      [Redirty Cards: 0.1 ms]
      [Humongous Register: 0.3 ms]
      [Humongous Reclaim: 0.1 ms]
      [Free CSet: 1.1 ms]
   [Eden: 1680.0M(1680.0M)->0.0B(2678.0M) Survivors: 32.0M->36.0M Heap: 3673.8M(6144.0M)->1997.5M(6144.0M)]
 [Times: user=0.08 sys=0.00, real=0.02 secs] 
2025-07-26T21:13:01.773+0800: 551735.608: [GC pause (G1 Evacuation Pause) (young), 0.0401374 secs]
   [Parallel Time: 31.2 ms, GC Workers: 8]
      [GC Worker Start (ms): Min: 551735611.3, Avg: 551735611.3, Max: 551735611.4, Diff: 0.1]
      [Ext Root Scanning (ms): Min: 2.8, Avg: 4.1, Max: 12.0, Diff: 9.2, Sum: 33.1]
      [Update RS (ms): Min: 6.8, Avg: 14.5, Max: 16.2, Diff: 9.4, Sum: 116.2]
         [Processed Buffers: Min: 69, Avg: 96.1, Max: 120, Diff: 51, Sum: 769]
      [Scan RS (ms): Min: 0.1, Avg: 0.3, Max: 0.4, Diff: 0.3, Sum: 2.1]
      [Code Root Scanning (ms): Min: 0.0, Avg: 0.0, Max: 0.0, Diff: 0.0, Sum: 0.0]
      [Object Copy (ms): Min: 11.6, Avg: 11.9, Max: 12.0, Diff: 0.4, Sum: 94.9]
      [Termination (ms): Min: 0.0, Avg: 0.0, Max: 0.0, Diff: 0.0, Sum: 0.1]
         [Termination Attempts: Min: 4, Avg: 7.0, Max: 10, Diff: 6, Sum: 56]
      [GC Worker Other (ms): Min: 0.1, Avg: 0.2, Max: 0.2, Diff: 0.1, Sum: 1.3]
      [GC Worker Total (ms): Min: 30.9, Avg: 31.0, Max: 31.1, Diff: 0.2, Sum: 247.8]
      [GC Worker End (ms): Min: 551735642.2, Avg: 551735642.3, Max: 551735642.4, Diff: 0.1]
   [Code Root Fixup: 0.1 ms]
   [Code Root Purge: 0.0 ms]
   [Clear CT: 0.5 ms]
   [Other: 8.3 ms]
      [Choose CSet: 0.0 ms]
      [Ref Proc: 1.5 ms]
      [Ref Enq: 0.1 ms]
      [Redirty Cards: 0.1 ms]
      [Humongous Register: 2.0 ms]
      [Humongous Reclaim: 0.2 ms]
      [Free CSet: 3.2 ms]
   [Eden: 2678.0M(2678.0M)->0.0B(2872.0M) Survivors: 36.0M->46.0M Heap: 4746.1M(6144.0M)->2022.8M(6144.0M)]
 [Times: user=0.23 sys=0.02, real=0.04 secs] 
2025-07-26T21:15:17.572+0800: 551871.407: [GC pause (G1 Evacuation Pause) (young), 0.0401975 secs]
   [Parallel Time: 32.3 ms, GC Workers: 8]
      [GC Worker Start (ms): Min: 551871409.5, Avg: 551871409.5, Max: 551871409.6, Diff: 0.2]
      [Ext Root Scanning (ms): Min: 3.2, Avg: 3.7, Max: 5.5, Diff: 2.4, Sum: 29.4]
      [Update RS (ms): Min: 18.5, Avg: 20.0, Max: 21.0, Diff: 2.5, Sum: 159.7]
         [Processed Buffers: Min: 101, Avg: 126.6, Max: 148, Diff: 47, Sum: 1013]
      [Scan RS (ms): Min: 0.1, Avg: 0.8, Max: 1.0, Diff: 0.9, Sum: 6.0]
      [Code Root Scanning (ms): Min: 0.0, Avg: 0.0, Max: 0.0, Diff: 0.0, Sum: 0.1]
      [Object Copy (ms): Min: 7.4, Avg: 7.5, Max: 7.6, Diff: 0.2, Sum: 60.3]
      [Termination (ms): Min: 0.0, Avg: 0.0, Max: 0.0, Diff: 0.0, Sum: 0.1]
         [Termination Attempts: Min: 1, Avg: 2.4, Max: 4, Diff: 3, Sum: 19]
      [GC Worker Other (ms): Min: 0.0, Avg: 0.1, Max: 0.2, Diff: 0.2, Sum: 0.8]
      [GC Worker Total (ms): Min: 32.0, Avg: 32.0, Max: 32.1, Diff: 0.2, Sum: 256.3]
      [GC Worker End (ms): Min: 551871441.5, Avg: 551871441.6, Max: 551871441.6, Diff: 0.1]
   [Code Root Fixup: 0.0 ms]
   [Code Root Purge: 0.0 ms]
   [Clear CT: 0.4 ms]
   [Other: 7.5 ms]
      [Choose CSet: 0.0 ms]
      [Ref Proc: 1.0 ms]
      [Ref Enq: 0.0 ms]
      [Redirty Cards: 0.1 ms]
      [Humongous Register: 1.6 ms]
      [Humongous Reclaim: 0.5 ms]
      [Free CSet: 3.4 ms]
   [Eden: 2872.0M(2872.0M)->0.0B(2930.0M) Survivors: 46.0M->30.0M Heap: 5061.6M(6144.0M)->1991.5M(6144.0M)]
 [Times: user=0.25 sys=0.01, real=0.04 secs] 
2025-07-26T21:18:00.706+0800: 552034.541: [GC pause (G1 Evacuation Pause) (young), 0.0399576 secs]
   [Parallel Time: 31.6 ms, GC Workers: 8]
      [GC Worker Start (ms): Min: 552034543.6, Avg: 552034543.7, Max: 552034543.8, Diff: 0.1]
      [Ext Root Scanning (ms): Min: 2.9, Avg: 4.1, Max: 10.9, Diff: 8.0, Sum: 32.5]
      [Update RS (ms): Min: 14.1, Avg: 20.8, Max: 22.6, Diff: 8.5, Sum: 166.0]
         [Processed Buffers: Min: 97, Avg: 135.1, Max: 163, Diff: 66, Sum: 1081]
      [Scan RS (ms): Min: 0.1, Avg: 0.9, Max: 1.1, Diff: 1.0, Sum: 7.1]
      [Code Root Scanning (ms): Min: 0.0, Avg: 0.0, Max: 0.0, Diff: 0.0, Sum: 0.1]
      [Object Copy (ms): Min: 5.4, Avg: 5.5, Max: 5.6, Diff: 0.2, Sum: 44.2]
      [Termination (ms): Min: 0.0, Avg: 0.0, Max: 0.0, Diff: 0.0, Sum: 0.0]
         [Termination Attempts: Min: 1, Avg: 1.0, Max: 1, Diff: 0, Sum: 8]
      [GC Worker Other (ms): Min: 0.0, Avg: 0.1, Max: 0.2, Diff: 0.2, Sum: 1.0]
      [GC Worker Total (ms): Min: 31.3, Avg: 31.4, Max: 31.4, Diff: 0.2, Sum: 251.0]
      [GC Worker End (ms): Min: 552034575.0, Avg: 552034575.1, Max: 552034575.1, Diff: 0.1]
   [Code Root Fixup: 0.0 ms]
   [Code Root Purge: 0.0 ms]
   [Clear CT: 0.5 ms]
   [Other: 7.8 ms]
      [Choose CSet: 0.0 ms]
      [Ref Proc: 1.0 ms]
      [Ref Enq: 0.1 ms]
      [Redirty Cards: 0.1 ms]
      [Humongous Register: 1.8 ms]
      [Humongous Reclaim: 0.5 ms]
      [Free CSet: 3.6 ms]
   [Eden: 2930.0M(2930.0M)->0.0B(2954.0M) Survivors: 30.0M->26.0M Heap: 5109.5M(6144.0M)->1988.5M(6144.0M)]
 [Times: user=0.25 sys=0.01, real=0.04 secs] 
2025-07-26T21:20:03.277+0800: 552157.112: [GC pause (G1 Evacuation Pause) (young), 0.0510446 secs]
   [Parallel Time: 42.0 ms, GC Workers: 8]
      [GC Worker Start (ms): Min: 552157114.6, Avg: 552157114.6, Max: 552157114.7, Diff: 0.1]
      [Ext Root Scanning (ms): Min: 3.1, Avg: 4.3, Max: 10.8, Diff: 7.7, Sum: 34.6]
      [Update RS (ms): Min: 20.6, Avg: 26.9, Max: 28.6, Diff: 7.9, Sum: 215.5]
         [Processed Buffers: Min: 155, Avg: 168.5, Max: 199, Diff: 44, Sum: 1348]
      [Scan RS (ms): Min: 0.1, Avg: 0.3, Max: 0.4, Diff: 0.3, Sum: 2.5]
      [Code Root Scanning (ms): Min: 0.0, Avg: 0.0, Max: 0.0, Diff: 0.0, Sum: 0.1]
      [Object Copy (ms): Min: 9.7, Avg: 10.1, Max: 10.3, Diff: 0.5, Sum: 80.6]
      [Termination (ms): Min: 0.0, Avg: 0.0, Max: 0.0, Diff: 0.0, Sum: 0.1]
         [Termination Attempts: Min: 1, Avg: 2.0, Max: 3, Diff: 2, Sum: 16]
      [GC Worker Other (ms): Min: 0.1, Avg: 0.1, Max: 0.2, Diff: 0.1, Sum: 1.0]
      [GC Worker Total (ms): Min: 41.7, Avg: 41.8, Max: 41.9, Diff: 0.2, Sum: 334.5]
      [GC Worker End (ms): Min: 552157156.4, Avg: 552157156.4, Max: 552157156.5, Diff: 0.1]
   [Code Root Fixup: 0.0 ms]
   [Code Root Purge: 0.0 ms]
   [Clear CT: 0.5 ms]
   [Other: 8.4 ms]
      [Choose CSet: 0.0 ms]
      [Ref Proc: 1.4 ms]
      [Ref Enq: 0.1 ms]
      [Redirty Cards: 0.1 ms]
      [Humongous Register: 1.6 ms]
      [Humongous Reclaim: 0.5 ms]
      [Free CSet: 3.8 ms]
   [Eden: 2954.0M(2954.0M)->0.0B(2932.0M) Survivors: 26.0M->52.0M Heap: 5084.4M(6144.0M)->2013.5M(6144.0M)]
 [Times: user=0.28 sys=0.06, real=0.06 secs] 
2025-07-26T21:20:38.153+0800: 552191.989: [GC pause (G1 Evacuation Pause) (young), 0.0292419 secs]
   [Parallel Time: 23.8 ms, GC Workers: 8]
      [GC Worker Start (ms): Min: 552191989.6, Avg: 552191989.6, Max: 552191989.7, Diff: 0.1]
      [Ext Root Scanning (ms): Min: 2.3, Avg: 2.6, Max: 3.2, Diff: 0.9, Sum: 20.4]
      [Update RS (ms): Min: 9.7, Avg: 10.2, Max: 10.6, Diff: 0.9, Sum: 81.4]
         [Processed Buffers: Min: 51, Avg: 70.2, Max: 86, Diff: 35, Sum: 562]
      [Scan RS (ms): Min: 0.1, Avg: 0.3, Max: 0.4, Diff: 0.2, Sum: 2.4]
      [Code Root Scanning (ms): Min: 0.0, Avg: 0.0, Max: 0.0, Diff: 0.0, Sum: 0.1]
      [Object Copy (ms): Min: 10.4, Avg: 10.6, Max: 10.7, Diff: 0.2, Sum: 84.6]
      [Termination (ms): Min: 0.0, Avg: 0.0, Max: 0.0, Diff: 0.0, Sum: 0.0]
         [Termination Attempts: Min: 1, Avg: 2.5, Max: 4, Diff: 3, Sum: 20]
      [GC Worker Other (ms): Min: 0.0, Avg: 0.1, Max: 0.1, Diff: 0.1, Sum: 0.6]
      [GC Worker Total (ms): Min: 23.6, Avg: 23.7, Max: 23.7, Diff: 0.1, Sum: 189.4]
      [GC Worker End (ms): Min: 552192013.3, Avg: 552192013.3, Max: 552192013.3, Diff: 0.1]
   [Code Root Fixup: 0.0 ms]
   [Code Root Purge: 0.0 ms]
   [Clear CT: 0.5 ms]
   [Other: 4.9 ms]
      [Choose CSet: 0.0 ms]
      [Ref Proc: 1.7 ms]
      [Ref Enq: 0.1 ms]
      [Redirty Cards: 0.1 ms]
      [Humongous Register: 0.5 ms]
      [Humongous Reclaim: 0.2 ms]
      [Free CSet: 1.6 ms]
   [Eden: 2932.0M(2932.0M)->0.0B(2904.0M) Survivors: 52.0M->50.0M Heap: 4991.6M(6144.0M)->2011.5M(6144.0M)]
 [Times: user=0.12 sys=0.08, real=0.03 secs] 
2025-07-26T21:21:10.767+0800: 552224.602: [GC pause (G1 Evacuation Pause) (young), 0.0347453 secs]
   [Parallel Time: 24.6 ms, GC Workers: 8]
      [GC Worker Start (ms): Min: 552224606.1, Avg: 552224606.2, Max: 552224606.2, Diff: 0.1]
      [Ext Root Scanning (ms): Min: 3.4, Avg: 4.7, Max: 11.8, Diff: 8.4, Sum: 37.3]
      [Update RS (ms): Min: 3.9, Avg: 10.6, Max: 12.4, Diff: 8.6, Sum: 84.8]
         [Processed Buffers: Min: 49, Avg: 73.6, Max: 86, Diff: 37, Sum: 589]
      [Scan RS (ms): Min: 0.1, Avg: 0.3, Max: 0.4, Diff: 0.3, Sum: 2.4]
      [Code Root Scanning (ms): Min: 0.0, Avg: 0.0, Max: 0.0, Diff: 0.0, Sum: 0.1]
      [Object Copy (ms): Min: 8.2, Avg: 8.6, Max: 8.8, Diff: 0.6, Sum: 69.2]
      [Termination (ms): Min: 0.0, Avg: 0.0, Max: 0.0, Diff: 0.0, Sum: 0.2]
         [Termination Attempts: Min: 1, Avg: 29.1, Max: 41, Diff: 40, Sum: 233]
      [GC Worker Other (ms): Min: 0.1, Avg: 0.1, Max: 0.2, Diff: 0.1, Sum: 1.1]
      [GC Worker Total (ms): Min: 24.3, Avg: 24.4, Max: 24.5, Diff: 0.2, Sum: 195.1]
      [GC Worker End (ms): Min: 552224630.5, Avg: 552224630.5, Max: 552224630.6, Diff: 0.1]
   [Code Root Fixup: 0.0 ms]
   [Code Root Purge: 0.0 ms]
   [Clear CT: 0.5 ms]
   [Other: 9.6 ms]
      [Choose CSet: 0.0 ms]
      [Ref Proc: 1.6 ms]
      [Ref Enq: 0.2 ms]
      [Redirty Cards: 0.1 ms]
      [Humongous Register: 2.9 ms]
      [Humongous Reclaim: 0.2 ms]
      [Free CSet: 3.5 ms]
   [Eden: 2904.0M(2904.0M)->0.0B(2954.0M) Survivors: 50.0M->44.0M Heap: 4965.3M(6144.0M)->2006.5M(6144.0M)]
 [Times: user=0.20 sys=0.01, real=0.04 secs] 
2025-07-26T21:21:51.932+0800: 552265.768: [GC pause (G1 Evacuation Pause) (young), 0.0283292 secs]
   [Parallel Time: 22.8 ms, GC Workers: 8]
      [GC Worker Start (ms): Min: 552265769.1, Avg: 552265769.2, Max: 552265769.3, Diff: 0.1]
      [Ext Root Scanning (ms): Min: 2.2, Avg: 3.3, Max: 9.6, Diff: 7.3, Sum: 26.6]
      [Update RS (ms): Min: 4.0, Avg: 10.0, Max: 11.1, Diff: 7.1, Sum: 79.9]
         [Processed Buffers: Min: 54, Avg: 70.0, Max: 78, Diff: 24, Sum: 560]
      [Scan RS (ms): Min: 0.1, Avg: 0.3, Max: 0.4, Diff: 0.2, Sum: 2.3]
      [Code Root Scanning (ms): Min: 0.0, Avg: 0.0, Max: 0.0, Diff: 0.0, Sum: 0.1]
      [Object Copy (ms): Min: 8.1, Avg: 8.3, Max: 8.9, Diff: 0.8, Sum: 66.5]
      [Termination (ms): Min: 0.0, Avg: 0.6, Max: 0.7, Diff: 0.7, Sum: 5.0]
         [Termination Attempts: Min: 1, Avg: 1.0, Max: 1, Diff: 0, Sum: 8]
      [GC Worker Other (ms): Min: 0.0, Avg: 0.0, Max: 0.1, Diff: 0.1, Sum: 0.4]
      [GC Worker Total (ms): Min: 22.4, Avg: 22.6, Max: 22.7, Diff: 0.3, Sum: 180.7]
      [GC Worker End (ms): Min: 552265791.6, Avg: 552265791.8, Max: 552265791.9, Diff: 0.2]
   [Code Root Fixup: 0.0 ms]
   [Code Root Purge: 0.0 ms]
   [Clear CT: 0.5 ms]
   [Other: 5.0 ms]
      [Choose CSet: 0.0 ms]
      [Ref Proc: 1.6 ms]
      [Ref Enq: 0.1 ms]
      [Redirty Cards: 0.1 ms]
      [Humongous Register: 0.7 ms]
      [Humongous Reclaim: 0.2 ms]
      [Free CSet: 1.6 ms]
   [Eden: 2954.0M(2954.0M)->0.0B(2958.0M) Survivors: 44.0M->46.0M Heap: 5006.6M(6144.0M)->2007.5M(6144.0M)]
 [Times: user=0.19 sys=0.00, real=0.03 secs] 
2025-07-26T21:22:59.518+0800: 552333.354: [GC pause (G1 Evacuation Pause) (young), 0.0405302 secs]
   [Parallel Time: 31.2 ms, GC Workers: 8]
      [GC Worker Start (ms): Min: 552333356.2, Avg: 552333356.3, Max: 552333356.4, Diff: 0.1]
      [Ext Root Scanning (ms): Min: 2.7, Avg: 3.3, Max: 5.6, Diff: 2.8, Sum: 26.3]
      [Update RS (ms): Min: 12.8, Avg: 14.9, Max: 15.4, Diff: 2.5, Sum: 119.0]
         [Processed Buffers: Min: 73, Avg: 95.6, Max: 109, Diff: 36, Sum: 765]
      [Scan RS (ms): Min: 0.1, Avg: 0.3, Max: 0.4, Diff: 0.3, Sum: 2.5]
      [Code Root Scanning (ms): Min: 0.0, Avg: 0.0, Max: 0.0, Diff: 0.0, Sum: 0.1]
      [Object Copy (ms): Min: 11.8, Avg: 12.4, Max: 12.5, Diff: 0.7, Sum: 98.8]
      [Termination (ms): Min: 0.0, Avg: 0.0, Max: 0.0, Diff: 0.0, Sum: 0.0]
         [Termination Attempts: Min: 1, Avg: 2.2, Max: 4, Diff: 3, Sum: 18]
      [GC Worker Other (ms): Min: 0.1, Avg: 0.1, Max: 0.2, Diff: 0.1, Sum: 1.1]
      [GC Worker Total (ms): Min: 30.9, Avg: 31.0, Max: 31.1, Diff: 0.2, Sum: 247.8]
      [GC Worker End (ms): Min: 552333387.2, Avg: 552333387.3, Max: 552333387.3, Diff: 0.1]
   [Code Root Fixup: 0.0 ms]
   [Code Root Purge: 0.0 ms]
   [Clear CT: 0.5 ms]
   [Other: 8.8 ms]
      [Choose CSet: 0.0 ms]
      [Ref Proc: 1.7 ms]
      [Ref Enq: 0.2 ms]
      [Redirty Cards: 0.1 ms]
      [Humongous Register: 1.8 ms]
      [Humongous Reclaim: 0.3 ms]
      [Free CSet: 3.7 ms]
   [Eden: 2958.0M(2958.0M)->0.0B(2950.0M) Survivors: 46.0M->54.0M Heap: 5036.2M(6144.0M)->2016.5M(6144.0M)]
 [Times: user=0.24 sys=0.01, real=0.04 secs] 
2025-07-26T21:25:15.009+0800: 552468.845: [GC pause (G1 Evacuation Pause) (young), 0.0418455 secs]
   [Parallel Time: 33.1 ms, GC Workers: 8]
      [GC Worker Start (ms): Min: 552468846.7, Avg: 552468846.8, Max: 552468846.9, Diff: 0.1]
      [Ext Root Scanning (ms): Min: 3.0, Avg: 4.2, Max: 10.7, Diff: 7.7, Sum: 33.2]
      [Update RS (ms): Min: 14.7, Avg: 21.1, Max: 22.8, Diff: 8.1, Sum: 168.9]
         [Processed Buffers: Min: 101, Avg: 136.6, Max: 158, Diff: 57, Sum: 1093]
      [Scan RS (ms): Min: 0.1, Avg: 0.8, Max: 1.1, Diff: 1.0, Sum: 6.5]
      [Code Root Scanning (ms): Min: 0.0, Avg: 0.0, Max: 0.0, Diff: 0.0, Sum: 0.1]
      [Object Copy (ms): Min: 6.6, Avg: 6.7, Max: 6.9, Diff: 0.3, Sum: 53.8]
      [Termination (ms): Min: 0.0, Avg: 0.0, Max: 0.0, Diff: 0.0, Sum: 0.0]
         [Termination Attempts: Min: 1, Avg: 2.0, Max: 3, Diff: 2, Sum: 16]
      [GC Worker Other (ms): Min: 0.1, Avg: 0.1, Max: 0.2, Diff: 0.1, Sum: 0.9]
      [GC Worker Total (ms): Min: 32.9, Avg: 32.9, Max: 33.0, Diff: 0.2, Sum: 263.4]
      [GC Worker End (ms): Min: 552468879.7, Avg: 552468879.7, Max: 552468879.8, Diff: 0.1]
   [Code Root Fixup: 0.0 ms]
   [Code Root Purge: 0.0 ms]
   [Clear CT: 0.6 ms]
   [Other: 8.1 ms]
      [Choose CSet: 0.0 ms]
      [Ref Proc: 1.2 ms]
      [Ref Enq: 0.1 ms]
      [Redirty Cards: 0.1 ms]
      [Humongous Register: 1.5 ms]
      [Humongous Reclaim: 0.5 ms]
      [Free CSet: 3.8 ms]
   [Eden: 2950.0M(2950.0M)->0.0B(2982.0M) Survivors: 54.0M->30.0M Heap: 5133.3M(6144.0M)->1991.5M(6144.0M)]
 [Times: user=0.24 sys=0.03, real=0.04 secs] 
2025-07-26T21:40:10.968+0800: 553364.803: [GC pause (G1 Evacuation Pause) (young), 0.0411074 secs]
   [Parallel Time: 28.5 ms, GC Workers: 8]
      [GC Worker Start (ms): Min: 553364807.4, Avg: 553364807.5, Max: 553364807.6, Diff: 0.1]
      [Ext Root Scanning (ms): Min: 2.6, Avg: 3.8, Max: 10.5, Diff: 7.9, Sum: 30.2]
      [Update RS (ms): Min: 10.5, Avg: 17.2, Max: 19.0, Diff: 8.4, Sum: 137.8]
         [Processed Buffers: Min: 103, Avg: 113.9, Max: 131, Diff: 28, Sum: 911]
      [Scan RS (ms): Min: 0.3, Avg: 1.0, Max: 1.2, Diff: 0.9, Sum: 8.1]
      [Code Root Scanning (ms): Min: 0.0, Avg: 0.0, Max: 0.0, Diff: 0.0, Sum: 0.1]
      [Object Copy (ms): Min: 6.0, Avg: 6.1, Max: 6.3, Diff: 0.2, Sum: 49.2]
      [Termination (ms): Min: 0.0, Avg: 0.0, Max: 0.0, Diff: 0.0, Sum: 0.0]
         [Termination Attempts: Min: 1, Avg: 3.4, Max: 6, Diff: 5, Sum: 27]
      [GC Worker Other (ms): Min: 0.0, Avg: 0.1, Max: 0.2, Diff: 0.1, Sum: 1.0]
      [GC Worker Total (ms): Min: 28.2, Avg: 28.3, Max: 28.4, Diff: 0.1, Sum: 226.4]
      [GC Worker End (ms): Min: 553364835.8, Avg: 553364835.8, Max: 553364835.8, Diff: 0.1]
   [Code Root Fixup: 0.0 ms]
   [Code Root Purge: 0.0 ms]
   [Clear CT: 0.6 ms]
   [Other: 12.0 ms]
      [Choose CSet: 0.0 ms]
      [Ref Proc: 3.2 ms]
      [Ref Enq: 0.1 ms]
      [Redirty Cards: 0.2 ms]
      [Humongous Register: 3.3 ms]
      [Humongous Reclaim: 0.5 ms]
      [Free CSet: 3.6 ms]
   [Eden: 2982.0M(2982.0M)->0.0B(3000.0M) Survivors: 30.0M->22.0M Heap: 5115.4M(6144.0M)->1985.3M(6144.0M)]
 [Times: user=0.12 sys=0.12, real=0.04 secs] 
2025-07-26T21:46:29.299+0800: 553743.134: [GC pause (G1 Evacuation Pause) (young), 0.0487953 secs]
   [Parallel Time: 39.3 ms, GC Workers: 8]
      [GC Worker Start (ms): Min: 553743136.6, Avg: 553743136.6, Max: 553743136.7, Diff: 0.2]
      [Ext Root Scanning (ms): Min: 2.7, Avg: 4.0, Max: 10.7, Diff: 7.9, Sum: 31.8]
      [Update RS (ms): Min: 20.7, Avg: 27.3, Max: 28.4, Diff: 7.7, Sum: 218.5]
         [Processed Buffers: Min: 129, Avg: 162.4, Max: 179, Diff: 50, Sum: 1299]
      [Scan RS (ms): Min: 0.1, Avg: 0.3, Max: 0.4, Diff: 0.3, Sum: 2.6]
      [Code Root Scanning (ms): Min: 0.0, Avg: 0.0, Max: 0.0, Diff: 0.0, Sum: 0.1]
      [Object Copy (ms): Min: 6.8, Avg: 7.3, Max: 7.5, Diff: 0.7, Sum: 58.5]
      [Termination (ms): Min: 0.0, Avg: 0.0, Max: 0.0, Diff: 0.0, Sum: 0.0]
         [Termination Attempts: Min: 1, Avg: 1.0, Max: 1, Diff: 0, Sum: 8]
      [GC Worker Other (ms): Min: 0.1, Avg: 0.1, Max: 0.2, Diff: 0.1, Sum: 1.1]
      [GC Worker Total (ms): Min: 39.0, Avg: 39.1, Max: 39.1, Diff: 0.1, Sum: 312.5]
      [GC Worker End (ms): Min: 553743175.6, Avg: 553743175.7, Max: 553743175.7, Diff: 0.1]
   [Code Root Fixup: 0.0 ms]
   [Code Root Purge: 0.0 ms]
   [Clear CT: 0.5 ms]
   [Other: 9.0 ms]
      [Choose CSet: 0.0 ms]
      [Ref Proc: 2.0 ms]
      [Ref Enq: 0.1 ms]
      [Redirty Cards: 0.1 ms]
      [Humongous Register: 1.6 ms]
      [Humongous Reclaim: 0.4 ms]
      [Free CSet: 3.6 ms]
   [Eden: 3000.0M(3000.0M)->0.0B(2992.0M) Survivors: 22.0M->32.0M Heap: 5128.7M(6144.0M)->1996.5M(6144.0M)]
 [Times: user=0.27 sys=0.05, real=0.05 secs] 
2025-07-26T21:48:52.576+0800: 553886.411: [GC pause (G1 Evacuation Pause) (young), 0.0376089 secs]
   [Parallel Time: 26.1 ms, GC Workers: 8]
      [GC Worker Start (ms): Min: 553886413.5, Avg: 553886413.6, Max: 553886413.7, Diff: 0.2]
      [Ext Root Scanning (ms): Min: 2.7, Avg: 4.0, Max: 10.6, Diff: 7.9, Sum: 31.7]
      [Update RS (ms): Min: 10.8, Avg: 16.6, Max: 17.8, Diff: 7.0, Sum: 132.5]
         [Processed Buffers: Min: 55, Avg: 116.8, Max: 137, Diff: 82, Sum: 934]
      [Scan RS (ms): Min: 0.1, Avg: 0.7, Max: 0.9, Diff: 0.8, Sum: 5.6]
      [Code Root Scanning (ms): Min: 0.0, Avg: 0.0, Max: 0.0, Diff: 0.0, Sum: 0.1]
      [Object Copy (ms): Min: 4.4, Avg: 4.6, Max: 4.7, Diff: 0.3, Sum: 36.4]
      [Termination (ms): Min: 0.0, Avg: 0.0, Max: 0.0, Diff: 0.0, Sum: 0.1]
         [Termination Attempts: Min: 1, Avg: 12.4, Max: 16, Diff: 15, Sum: 99]
      [GC Worker Other (ms): Min: 0.1, Avg: 0.1, Max: 0.2, Diff: 0.2, Sum: 1.1]
      [GC Worker Total (ms): Min: 25.8, Avg: 26.0, Max: 26.1, Diff: 0.3, Sum: 207.7]
      [GC Worker End (ms): Min: 553886439.5, Avg: 553886439.6, Max: 553886439.6, Diff: 0.1]
   [Code Root Fixup: 0.0 ms]
   [Code Root Purge: 0.0 ms]
   [Clear CT: 0.5 ms]
   [Other: 10.9 ms]
      [Choose CSet: 0.0 ms]
      [Ref Proc: 4.2 ms]
      [Ref Enq: 0.1 ms]
      [Redirty Cards: 0.1 ms]
      [Humongous Register: 1.4 ms]
      [Humongous Reclaim: 0.5 ms]
      [Free CSet: 3.6 ms]
   [Eden: 2992.0M(2992.0M)->0.0B(2996.0M) Survivors: 32.0M->32.0M Heap: 5174.7M(6144.0M)->1995.4M(6144.0M)]
 [Times: user=0.22 sys=0.00, real=0.04 secs] 
2025-07-26T21:50:22.495+0800: 553976.331: [GC pause (G1 Evacuation Pause) (young), 0.0444129 secs]
   [Parallel Time: 33.9 ms, GC Workers: 8]
      [GC Worker Start (ms): Min: 553976334.5, Avg: 553976334.6, Max: 553976334.8, Diff: 0.3]
      [Ext Root Scanning (ms): Min: 3.0, Avg: 4.3, Max: 10.8, Diff: 7.8, Sum: 34.2]
      [Update RS (ms): Min: 12.4, Avg: 18.7, Max: 20.4, Diff: 8.0, Sum: 149.8]
         [Processed Buffers: Min: 92, Avg: 121.1, Max: 143, Diff: 51, Sum: 969]
      [Scan RS (ms): Min: 0.1, Avg: 0.3, Max: 0.4, Diff: 0.3, Sum: 2.4]
      [Code Root Scanning (ms): Min: 0.0, Avg: 0.0, Max: 0.0, Diff: 0.0, Sum: 0.1]
      [Object Copy (ms): Min: 9.6, Avg: 10.0, Max: 10.3, Diff: 0.6, Sum: 80.2]
      [Termination (ms): Min: 0.0, Avg: 0.1, Max: 0.1, Diff: 0.1, Sum: 0.8]
         [Termination Attempts: Min: 1, Avg: 1.0, Max: 1, Diff: 0, Sum: 8]
      [GC Worker Other (ms): Min: 0.0, Avg: 0.1, Max: 0.2, Diff: 0.1, Sum: 0.9]
      [GC Worker Total (ms): Min: 33.3, Avg: 33.6, Max: 33.7, Diff: 0.3, Sum: 268.4]
      [GC Worker End (ms): Min: 553976368.1, Avg: 553976368.2, Max: 553976368.2, Diff: 0.1]
   [Code Root Fixup: 0.0 ms]
   [Code Root Purge: 0.0 ms]
   [Clear CT: 0.6 ms]
   [Other: 9.9 ms]
      [Choose CSet: 0.0 ms]
      [Ref Proc: 1.9 ms]
      [Ref Enq: 0.1 ms]
      [Redirty Cards: 0.1 ms]
      [Humongous Register: 2.8 ms]
      [Humongous Reclaim: 0.3 ms]
      [Free CSet: 3.6 ms]
   [Eden: 2996.0M(2996.0M)->0.0B(2962.0M) Survivors: 32.0M->50.0M Heap: 5087.1M(6144.0M)->2015.0M(6144.0M)]
 [Times: user=0.24 sys=0.04, real=0.05 secs] 
2025-07-26T21:51:00.391+0800: 554014.227: [GC pause (G1 Evacuation Pause) (young), 0.0323422 secs]
   [Parallel Time: 26.6 ms, GC Workers: 8]
      [GC Worker Start (ms): Min: 554014227.8, Avg: 554014227.8, Max: 554014227.9, Diff: 0.1]
      [Ext Root Scanning (ms): Min: 2.2, Avg: 2.5, Max: 3.1, Diff: 0.9, Sum: 19.7]
      [Update RS (ms): Min: 9.9, Avg: 10.3, Max: 10.6, Diff: 0.7, Sum: 82.5]
         [Processed Buffers: Min: 53, Avg: 70.9, Max: 79, Diff: 26, Sum: 567]
      [Scan RS (ms): Min: 0.2, Avg: 0.3, Max: 0.4, Diff: 0.2, Sum: 2.4]
      [Code Root Scanning (ms): Min: 0.0, Avg: 0.0, Max: 0.0, Diff: 0.0, Sum: 0.1]
      [Object Copy (ms): Min: 13.1, Avg: 13.3, Max: 13.5, Diff: 0.4, Sum: 106.2]
      [Termination (ms): Min: 0.0, Avg: 0.0, Max: 0.0, Diff: 0.0, Sum: 0.0]
         [Termination Attempts: Min: 1, Avg: 3.2, Max: 6, Diff: 5, Sum: 26]
      [GC Worker Other (ms): Min: 0.0, Avg: 0.1, Max: 0.1, Diff: 0.1, Sum: 0.6]
      [GC Worker Total (ms): Min: 26.4, Avg: 26.4, Max: 26.5, Diff: 0.1, Sum: 211.4]
      [GC Worker End (ms): Min: 554014254.2, Avg: 554014254.2, Max: 554014254.3, Diff: 0.1]
   [Code Root Fixup: 0.0 ms]
   [Code Root Purge: 0.0 ms]
   [Clear CT: 0.5 ms]
   [Other: 5.2 ms]
      [Choose CSet: 0.0 ms]
      [Ref Proc: 1.8 ms]
      [Ref Enq: 0.2 ms]
      [Redirty Cards: 0.1 ms]
      [Humongous Register: 0.7 ms]
      [Humongous Reclaim: 0.2 ms]
      [Free CSet: 1.6 ms]
   [Eden: 2962.0M(2962.0M)->0.0B(2944.0M) Survivors: 50.0M->58.0M Heap: 5023.0M(6144.0M)->2025.2M(6144.0M)]
 [Times: user=0.21 sys=0.01, real=0.03 secs] 
2025-07-26T21:51:28.416+0800: 554042.252: [GC pause (G1 Evacuation Pause) (young), 0.0396612 secs]
   [Parallel Time: 30.8 ms, GC Workers: 8]
      [GC Worker Start (ms): Min: 554042254.2, Avg: 554042254.3, Max: 554042254.5, Diff: 0.2]
      [Ext Root Scanning (ms): Min: 3.3, Avg: 4.7, Max: 12.3, Diff: 9.0, Sum: 37.6]
      [Update RS (ms): Min: 11.8, Avg: 19.2, Max: 20.5, Diff: 8.7, Sum: 153.9]
         [Processed Buffers: Min: 80, Avg: 118.4, Max: 147, Diff: 67, Sum: 947]
      [Scan RS (ms): Min: 0.1, Avg: 0.3, Max: 0.4, Diff: 0.3, Sum: 2.7]
      [Code Root Scanning (ms): Min: 0.0, Avg: 0.0, Max: 0.0, Diff: 0.0, Sum: 0.1]
      [Object Copy (ms): Min: 5.6, Avg: 6.0, Max: 6.2, Diff: 0.6, Sum: 48.0]
      [Termination (ms): Min: 0.0, Avg: 0.1, Max: 0.2, Diff: 0.2, Sum: 0.8]
         [Termination Attempts: Min: 1, Avg: 1.0, Max: 1, Diff: 0, Sum: 8]
      [GC Worker Other (ms): Min: 0.0, Avg: 0.1, Max: 0.2, Diff: 0.1, Sum: 1.0]
      [GC Worker Total (ms): Min: 30.4, Avg: 30.5, Max: 30.6, Diff: 0.3, Sum: 244.1]
      [GC Worker End (ms): Min: 554042284.8, Avg: 554042284.9, Max: 554042284.9, Diff: 0.1]
   [Code Root Fixup: 0.0 ms]
   [Code Root Purge: 0.0 ms]
   [Clear CT: 0.5 ms]
   [Other: 8.3 ms]
      [Choose CSet: 0.0 ms]
      [Ref Proc: 1.3 ms]
      [Ref Enq: 0.1 ms]
      [Redirty Cards: 0.1 ms]
      [Humongous Register: 1.6 ms]
      [Humongous Reclaim: 0.3 ms]
      [Free CSet: 3.9 ms]
   [Eden: 2944.0M(2944.0M)->0.0B(2972.0M) Survivors: 58.0M->44.0M Heap: 5064.8M(6144.0M)->2011.2M(6144.0M)]
 [Times: user=0.22 sys=0.03, real=0.04 secs] 
2025-07-26T21:52:14.538+0800: 554088.374: [GC pause (G1 Evacuation Pause) (young), 0.0288864 secs]
   [Parallel Time: 17.6 ms, GC Workers: 8]
      [GC Worker Start (ms): Min: 554088378.0, Avg: 554088378.1, Max: 554088378.2, Diff: 0.1]
      [Ext Root Scanning (ms): Min: 3.1, Avg: 4.4, Max: 11.5, Diff: 8.4, Sum: 34.9]
      [Update RS (ms): Min: 0.0, Avg: 2.6, Max: 3.7, Diff: 3.7, Sum: 21.2]
         [Processed Buffers: Min: 0, Avg: 24.1, Max: 50, Diff: 50, Sum: 193]
      [Scan RS (ms): Min: 0.1, Avg: 0.3, Max: 0.4, Diff: 0.3, Sum: 2.3]
      [Code Root Scanning (ms): Min: 0.0, Avg: 0.0, Max: 0.0, Diff: 0.0, Sum: 0.1]
      [Object Copy (ms): Min: 5.7, Avg: 10.0, Max: 10.7, Diff: 4.9, Sum: 79.8]
      [Termination (ms): Min: 0.0, Avg: 0.0, Max: 0.0, Diff: 0.0, Sum: 0.0]
         [Termination Attempts: Min: 1, Avg: 2.1, Max: 4, Diff: 3, Sum: 17]
      [GC Worker Other (ms): Min: 0.1, Avg: 0.2, Max: 0.2, Diff: 0.1, Sum: 1.3]
      [GC Worker Total (ms): Min: 17.4, Avg: 17.4, Max: 17.5, Diff: 0.1, Sum: 139.6]
      [GC Worker End (ms): Min: 554088395.5, Avg: 554088395.6, Max: 554088395.6, Diff: 0.1]
   [Code Root Fixup: 0.0 ms]
   [Code Root Purge: 0.0 ms]
   [Clear CT: 0.5 ms]
   [Other: 10.7 ms]
      [Choose CSet: 0.0 ms]
      [Ref Proc: 2.2 ms]
      [Ref Enq: 0.2 ms]
      [Redirty Cards: 0.1 ms]
      [Humongous Register: 3.4 ms]
      [Humongous Reclaim: 0.1 ms]
      [Free CSet: 3.6 ms]
   [Eden: 2972.0M(2972.0M)->0.0B(2966.0M) Survivors: 44.0M->46.0M Heap: 4983.2M(6144.0M)->2013.2M(6144.0M)]
 [Times: user=0.15 sys=0.00, real=0.03 secs] 
2025-07-26T21:54:11.253+0800: 554205.089: [GC pause (G1 Evacuation Pause) (young), 0.0422048 secs]
   [Parallel Time: 36.9 ms, GC Workers: 8]
      [GC Worker Start (ms): Min: 554205089.7, Avg: 554205089.7, Max: 554205089.8, Diff: 0.1]
      [Ext Root Scanning (ms): Min: 2.8, Avg: 3.8, Max: 9.6, Diff: 6.8, Sum: 30.4]
      [Update RS (ms): Min: 20.2, Avg: 25.8, Max: 26.9, Diff: 6.6, Sum: 206.6]
         [Processed Buffers: Min: 148, Avg: 166.8, Max: 186, Diff: 38, Sum: 1334]
      [Scan RS (ms): Min: 0.2, Avg: 0.3, Max: 0.4, Diff: 0.2, Sum: 2.6]
      [Code Root Scanning (ms): Min: 0.0, Avg: 0.0, Max: 0.0, Diff: 0.0, Sum: 0.1]
      [Object Copy (ms): Min: 6.3, Avg: 6.4, Max: 6.4, Diff: 0.2, Sum: 51.0]
      [Termination (ms): Min: 0.0, Avg: 0.4, Max: 0.5, Diff: 0.5, Sum: 3.4]
         [Termination Attempts: Min: 1, Avg: 1.0, Max: 1, Diff: 0, Sum: 8]
      [GC Worker Other (ms): Min: 0.0, Avg: 0.0, Max: 0.1, Diff: 0.1, Sum: 0.4]
      [GC Worker Total (ms): Min: 36.6, Avg: 36.8, Max: 36.9, Diff: 0.2, Sum: 294.3]
      [GC Worker End (ms): Min: 554205126.3, Avg: 554205126.5, Max: 554205126.6, Diff: 0.3]
   [Code Root Fixup: 0.0 ms]
   [Code Root Purge: 0.0 ms]
   [Clear CT: 0.5 ms]
   [Other: 4.7 ms]
      [Choose CSet: 0.0 ms]
      [Ref Proc: 1.1 ms]
      [Ref Enq: 0.1 ms]
      [Redirty Cards: 0.1 ms]
      [Humongous Register: 0.6 ms]
      [Humongous Reclaim: 0.4 ms]
      [Free CSet: 1.5 ms]
   [Eden: 2966.0M(2966.0M)->0.0B(2988.0M) Survivors: 46.0M->30.0M Heap: 5121.1M(6144.0M)->1998.5M(6144.0M)]
 [Times: user=0.27 sys=0.03, real=0.04 secs] 
2025-07-26T21:56:30.202+0800: 554344.038: [GC pause (G1 Evacuation Pause) (young), 0.0425932 secs]
   [Parallel Time: 34.9 ms, GC Workers: 8]
      [GC Worker Start (ms): Min: 554344039.6, Avg: 554344039.6, Max: 554344039.7, Diff: 0.2]
      [Ext Root Scanning (ms): Min: 2.5, Avg: 3.0, Max: 4.4, Diff: 1.8, Sum: 24.3]
      [Update RS (ms): Min: 23.6, Avg: 24.6, Max: 25.5, Diff: 2.0, Sum: 196.6]
         [Processed Buffers: Min: 128, Avg: 152.4, Max: 182, Diff: 54, Sum: 1219]
      [Scan RS (ms): Min: 0.1, Avg: 0.5, Max: 0.7, Diff: 0.6, Sum: 3.9]
      [Code Root Scanning (ms): Min: 0.0, Avg: 0.0, Max: 0.0, Diff: 0.0, Sum: 0.1]
      [Object Copy (ms): Min: 6.4, Avg: 6.5, Max: 6.6, Diff: 0.3, Sum: 51.8]
      [Termination (ms): Min: 0.0, Avg: 0.0, Max: 0.0, Diff: 0.0, Sum: 0.0]
         [Termination Attempts: Min: 1, Avg: 1.0, Max: 1, Diff: 0, Sum: 8]
      [GC Worker Other (ms): Min: 0.0, Avg: 0.1, Max: 0.2, Diff: 0.1, Sum: 0.9]
      [GC Worker Total (ms): Min: 34.6, Avg: 34.7, Max: 34.8, Diff: 0.2, Sum: 277.5]
      [GC Worker End (ms): Min: 554344074.3, Avg: 554344074.3, Max: 554344074.4, Diff: 0.1]
   [Code Root Fixup: 0.0 ms]
   [Code Root Purge: 0.0 ms]
   [Clear CT: 0.5 ms]
   [Other: 7.2 ms]
      [Choose CSet: 0.0 ms]
      [Ref Proc: 0.9 ms]
      [Ref Enq: 0.0 ms]
      [Redirty Cards: 0.1 ms]
      [Humongous Register: 1.4 ms]
      [Humongous Reclaim: 0.5 ms]
      [Free CSet: 3.5 ms]
   [Eden: 2988.0M(2988.0M)->0.0B(2994.0M) Survivors: 30.0M->30.0M Heap: 5174.3M(6144.0M)->1998.5M(6144.0M)]
 [Times: user=0.26 sys=0.02, real=0.04 secs] 
2025-07-26T21:59:05.391+0800: 554499.227: [GC pause (G1 Evacuation Pause) (young), 0.0495341 secs]
   [Parallel Time: 38.8 ms, GC Workers: 8]
      [GC Worker Start (ms): Min: 554499228.8, Avg: 554499228.9, Max: 554499228.9, Diff: 0.1]
      [Ext Root Scanning (ms): Min: 2.9, Avg: 4.1, Max: 10.6, Diff: 7.6, Sum: 32.9]
      [Update RS (ms): Min: 15.6, Avg: 21.0, Max: 22.1, Diff: 6.5, Sum: 167.9]
         [Processed Buffers: Min: 86, Avg: 135.4, Max: 161, Diff: 75, Sum: 1083]
      [Scan RS (ms): Min: 0.1, Avg: 0.5, Max: 0.6, Diff: 0.5, Sum: 3.8]
      [Code Root Scanning (ms): Min: 0.0, Avg: 0.0, Max: 0.0, Diff: 0.0, Sum: 0.1]
      [Object Copy (ms): Min: 12.3, Avg: 12.9, Max: 13.0, Diff: 0.8, Sum: 103.0]
      [Termination (ms): Min: 0.0, Avg: 0.0, Max: 0.0, Diff: 0.0, Sum: 0.2]
         [Termination Attempts: Min: 5, Avg: 8.5, Max: 10, Diff: 5, Sum: 68]
      [GC Worker Other (ms): Min: 0.1, Avg: 0.1, Max: 0.2, Diff: 0.1, Sum: 1.0]
      [GC Worker Total (ms): Min: 38.5, Avg: 38.6, Max: 38.7, Diff: 0.2, Sum: 308.8]
      [GC Worker End (ms): Min: 554499267.4, Avg: 554499267.5, Max: 554499267.5, Diff: 0.1]
   [Code Root Fixup: 0.0 ms]
   [Code Root Purge: 0.0 ms]
   [Clear CT: 0.5 ms]
   [Other: 10.2 ms]
      [Choose CSet: 0.0 ms]
      [Ref Proc: 3.5 ms]
      [Ref Enq: 0.1 ms]
      [Redirty Cards: 0.1 ms]
      [Humongous Register: 1.4 ms]
      [Humongous Reclaim: 0.4 ms]
      [Free CSet: 3.8 ms]
   [Eden: 2994.0M(2994.0M)->0.0B(2958.0M) Survivors: 30.0M->50.0M Heap: 5159.0M(6144.0M)->2018.7M(6144.0M)]
 [Times: user=0.29 sys=0.04, real=0.05 secs] 
2025-07-26T22:00:05.196+0800: 554559.032: [GC pause (G1 Evacuation Pause) (young), 0.1785687 secs]
   [Parallel Time: 167.8 ms, GC Workers: 8]
      [GC Worker Start (ms): Min: 554559036.0, Avg: 554559036.1, Max: 554559036.1, Diff: 0.1]
      [Ext Root Scanning (ms): Min: 3.3, Avg: 4.5, Max: 11.4, Diff: 8.2, Sum: 36.3]
      [Update RS (ms): Min: 22.7, Avg: 29.5, Max: 31.4, Diff: 8.8, Sum: 236.2]
         [Processed Buffers: Min: 86, Avg: 108.0, Max: 142, Diff: 56, Sum: 864]
      [Scan RS (ms): Min: 0.1, Avg: 0.3, Max: 0.5, Diff: 0.4, Sum: 2.3]
      [Code Root Scanning (ms): Min: 0.0, Avg: 0.0, Max: 0.0, Diff: 0.0, Sum: 0.1]
      [Object Copy (ms): Min: 132.6, Avg: 133.1, Max: 133.4, Diff: 0.8, Sum: 1065.0]
      [Termination (ms): Min: 0.0, Avg: 0.0, Max: 0.0, Diff: 0.0, Sum: 0.0]
         [Termination Attempts: Min: 1, Avg: 1.0, Max: 1, Diff: 0, Sum: 8]
      [GC Worker Other (ms): Min: 0.1, Avg: 0.1, Max: 0.2, Diff: 0.1, Sum: 1.1]
      [GC Worker Total (ms): Min: 167.6, Avg: 167.6, Max: 167.7, Diff: 0.2, Sum: 1341.1]
      [GC Worker End (ms): Min: 554559203.7, Avg: 554559203.7, Max: 554559203.8, Diff: 0.1]
   [Code Root Fixup: 0.1 ms]
   [Code Root Purge: 0.0 ms]
   [Clear CT: 0.6 ms]
   [Other: 10.1 ms]
      [Choose CSet: 0.0 ms]
      [Ref Proc: 1.4 ms]
      [Ref Enq: 0.1 ms]
      [Redirty Cards: 0.2 ms]
      [Humongous Register: 3.1 ms]
      [Humongous Reclaim: 0.3 ms]
      [Free CSet: 3.7 ms]
   [Eden: 2958.0M(2958.0M)->0.0B(2298.0M) Survivors: 50.0M->374.0M Heap: 5060.1M(6144.0M)->2351.6M(6144.0M)]
 [Times: user=1.26 sys=0.09, real=0.18 secs] 
2025-07-26T22:00:22.147+0800: 554575.983: [GC pause (G1 Evacuation Pause) (young), 0.2939896 secs]
   [Parallel Time: 288.0 ms, GC Workers: 8]
      [GC Worker Start (ms): Min: 554575984.1, Avg: 554575984.2, Max: 554575984.3, Diff: 0.2]
      [Ext Root Scanning (ms): Min: 1.5, Avg: 2.4, Max: 3.1, Diff: 1.6, Sum: 19.0]
      [Update RS (ms): Min: 49.2, Avg: 49.6, Max: 49.9, Diff: 0.8, Sum: 396.9]
         [Processed Buffers: Min: 36, Avg: 57.4, Max: 77, Diff: 41, Sum: 459]
      [Scan RS (ms): Min: 0.1, Avg: 0.3, Max: 0.4, Diff: 0.3, Sum: 2.4]
      [Code Root Scanning (ms): Min: 0.0, Avg: 0.0, Max: 0.0, Diff: 0.0, Sum: 0.1]
      [Object Copy (ms): Min: 234.2, Avg: 234.6, Max: 235.5, Diff: 1.2, Sum: 1877.0]
      [Termination (ms): Min: 0.0, Avg: 0.8, Max: 1.0, Diff: 1.0, Sum: 6.5]
         [Termination Attempts: Min: 1, Avg: 847.9, Max: 1022, Diff: 1021, Sum: 6783]
      [GC Worker Other (ms): Min: 0.0, Avg: 0.1, Max: 0.1, Diff: 0.1, Sum: 0.5]
      [GC Worker Total (ms): Min: 287.7, Avg: 287.8, Max: 287.9, Diff: 0.3, Sum: 2302.2]
      [GC Worker End (ms): Min: 554576271.9, Avg: 554576272.0, Max: 554576272.0, Diff: 0.1]
   [Code Root Fixup: 0.1 ms]
   [Code Root Purge: 0.0 ms]
   [Clear CT: 0.5 ms]
   [Other: 5.5 ms]
      [Choose CSet: 0.0 ms]
      [Ref Proc: 1.0 ms]
      [Ref Enq: 0.2 ms]
      [Redirty Cards: 1.0 ms]
      [Humongous Register: 0.6 ms]
      [Humongous Reclaim: 0.2 ms]
      [Free CSet: 1.7 ms]
   [Eden: 2298.0M(2298.0M)->0.0B(1978.0M) Survivors: 374.0M->168.0M Heap: 4677.6M(6144.0M)->2501.4M(6144.0M)]
 [Times: user=2.05 sys=0.25, real=0.29 secs] 
2025-07-26T22:00:22.479+0800: 554576.315: [GC pause (G1 Humongous Allocation) (young) (initial-mark), 0.1470000 secs]
   [Parallel Time: 143.9 ms, GC Workers: 8]
      [GC Worker Start (ms): Min: 554576316.0, Avg: 554576316.1, Max: 554576316.1, Diff: 0.1]
      [Ext Root Scanning (ms): Min: 3.7, Avg: 3.9, Max: 4.3, Diff: 0.6, Sum: 31.5]
      [Update RS (ms): Min: 85.3, Avg: 85.5, Max: 86.1, Diff: 0.8, Sum: 684.1]
         [Processed Buffers: Min: 216, Avg: 255.5, Max: 284, Diff: 68, Sum: 2044]
      [Scan RS (ms): Min: 0.4, Avg: 0.9, Max: 1.1, Diff: 0.7, Sum: 7.5]
      [Code Root Scanning (ms): Min: 0.0, Avg: 0.0, Max: 0.0, Diff: 0.0, Sum: 0.0]
      [Object Copy (ms): Min: 52.1, Avg: 52.4, Max: 52.6, Diff: 0.5, Sum: 419.1]
      [Termination (ms): Min: 0.0, Avg: 0.4, Max: 0.4, Diff: 0.4, Sum: 2.9]
         [Termination Attempts: Min: 1, Avg: 288.6, Max: 349, Diff: 348, Sum: 2309]
      [GC Worker Other (ms): Min: 0.0, Avg: 0.1, Max: 0.1, Diff: 0.1, Sum: 0.4]
      [GC Worker Total (ms): Min: 143.1, Avg: 143.2, Max: 143.3, Diff: 0.2, Sum: 1145.6]
      [GC Worker End (ms): Min: 554576459.2, Avg: 554576459.3, Max: 554576459.3, Diff: 0.1]
   [Code Root Fixup: 0.1 ms]
   [Code Root Purge: 0.0 ms]
   [Clear CT: 0.2 ms]
   [Other: 2.9 ms]
      [Choose CSet: 0.0 ms]
      [Ref Proc: 0.4 ms]
      [Ref Enq: 0.0 ms]
      [Redirty Cards: 0.6 ms]
      [Humongous Register: 0.4 ms]
      [Humongous Reclaim: 0.2 ms]
      [Free CSet: 0.3 ms]
   [Eden: 62.0M(1978.0M)->0.0B(1340.0M) Survivors: 168.0M->12.0M Heap: 2563.4M(6144.0M)->2496.6M(6144.0M)]
 [Times: user=1.14 sys=0.00, real=0.14 secs] 
2025-07-26T22:00:22.626+0800: 554576.462: [GC concurrent-root-region-scan-start]
2025-07-26T22:00:22.631+0800: 554576.466: [GC concurrent-root-region-scan-end, 0.0044103 secs]
2025-07-26T22:00:22.631+0800: 554576.466: [GC concurrent-mark-start]
2025-07-26T22:00:23.384+0800: 554577.219: [GC concurrent-mark-end, 0.7528680 secs]
2025-07-26T22:00:23.387+0800: 554577.223: [GC remark 2025-07-26T22:00:23.387+0800: 554577.223: [Finalize Marking, 0.0040492 secs] 2025-07-26T22:00:23.391+0800: 554577.227: [GC ref-proc, 0.0078962 secs] 2025-07-26T22:00:23.399+0800: 554577.235: [Unloading, 0.0654232 secs], 0.0807845 secs]
 [Times: user=0.39 sys=0.09, real=0.08 secs] 
2025-07-26T22:00:23.472+0800: 554577.307: [GC cleanup 2745M->2468M(6144M), 0.0043606 secs]
 [Times: user=0.01 sys=0.01, real=0.00 secs] 
2025-07-26T22:00:23.476+0800: 554577.312: [GC concurrent-cleanup-start]
2025-07-26T22:00:23.477+0800: 554577.312: [GC concurrent-cleanup-end, 0.0004177 secs]
2025-07-26T22:00:43.242+0800: 554597.078: [GC pause (G1 Evacuation Pause) (young), 0.0284994 secs]
   [Parallel Time: 25.0 ms, GC Workers: 8]
      [GC Worker Start (ms): Min: 554597078.4, Avg: 554597078.4, Max: 554597078.5, Diff: 0.1]
      [Ext Root Scanning (ms): Min: 2.4, Avg: 3.9, Max: 11.9, Diff: 9.5, Sum: 31.1]
      [Update RS (ms): Min: 9.0, Avg: 16.8, Max: 18.4, Diff: 9.4, Sum: 134.3]
         [Processed Buffers: Min: 43, Avg: 85.6, Max: 103, Diff: 60, Sum: 685]
      [Scan RS (ms): Min: 0.0, Avg: 0.1, Max: 0.2, Diff: 0.1, Sum: 1.1]
      [Code Root Scanning (ms): Min: 0.0, Avg: 0.0, Max: 0.0, Diff: 0.0, Sum: 0.0]
      [Object Copy (ms): Min: 3.6, Avg: 3.8, Max: 3.9, Diff: 0.2, Sum: 30.2]
      [Termination (ms): Min: 0.0, Avg: 0.2, Max: 0.2, Diff: 0.2, Sum: 1.4]
         [Termination Attempts: Min: 1, Avg: 1.6, Max: 2, Diff: 1, Sum: 13]
      [GC Worker Other (ms): Min: 0.0, Avg: 0.0, Max: 0.0, Diff: 0.0, Sum: 0.1]
      [GC Worker Total (ms): Min: 24.7, Avg: 24.8, Max: 24.9, Diff: 0.1, Sum: 198.3]
      [GC Worker End (ms): Min: 554597103.2, Avg: 554597103.2, Max: 554597103.3, Diff: 0.1]
   [Code Root Fixup: 0.1 ms]
   [Code Root Purge: 0.0 ms]
   [Clear CT: 0.2 ms]
   [Other: 3.3 ms]
      [Choose CSet: 0.0 ms]
      [Ref Proc: 0.9 ms]
      [Ref Enq: 0.1 ms]
      [Redirty Cards: 0.1 ms]
      [Humongous Register: 0.3 ms]
      [Humongous Reclaim: 0.2 ms]
      [Free CSet: 0.8 ms]
   [Eden: 1340.0M(1340.0M)->0.0B(272.0M) Survivors: 12.0M->34.0M Heap: 3583.7M(6144.0M)->2243.1M(6144.0M)]
 [Times: user=0.12 sys=0.08, real=0.03 secs] 
2025-07-26T22:00:47.182+0800: 554601.018: [GC pause (G1 Evacuation Pause) (mixed), 0.0282524 secs]
   [Parallel Time: 19.6 ms, GC Workers: 8]
      [GC Worker Start (ms): Min: 554601019.0, Avg: 554601019.2, Max: 554601019.5, Diff: 0.5]
      [Ext Root Scanning (ms): Min: 3.3, Avg: 4.8, Max: 11.1, Diff: 7.7, Sum: 38.1]
      [Update RS (ms): Min: 0.0, Avg: 1.3, Max: 1.7, Diff: 1.7, Sum: 10.2]
         [Processed Buffers: Min: 0, Avg: 16.2, Max: 30, Diff: 30, Sum: 130]
      [Scan RS (ms): Min: 0.0, Avg: 3.9, Max: 4.6, Diff: 4.6, Sum: 30.8]
      [Code Root Scanning (ms): Min: 0.0, Avg: 0.0, Max: 0.0, Diff: 0.0, Sum: 0.0]
      [Object Copy (ms): Min: 7.2, Avg: 8.5, Max: 9.0, Diff: 1.8, Sum: 67.7]
      [Termination (ms): Min: 0.0, Avg: 0.5, Max: 1.1, Diff: 1.1, Sum: 4.1]
         [Termination Attempts: Min: 1, Avg: 18.5, Max: 35, Diff: 34, Sum: 148]
      [GC Worker Other (ms): Min: 0.0, Avg: 0.0, Max: 0.0, Diff: 0.0, Sum: 0.2]
      [GC Worker Total (ms): Min: 18.4, Avg: 18.9, Max: 19.4, Diff: 1.0, Sum: 151.1]
      [GC Worker End (ms): Min: 554601037.9, Avg: 554601038.1, Max: 554601038.5, Diff: 0.6]
   [Code Root Fixup: 0.1 ms]
   [Code Root Purge: 0.0 ms]
   [Clear CT: 0.6 ms]
   [Other: 8.0 ms]
      [Choose CSet: 0.4 ms]
      [Ref Proc: 1.7 ms]
      [Ref Enq: 0.1 ms]
      [Redirty Cards: 1.0 ms]
      [Humongous Register: 0.5 ms]
      [Humongous Reclaim: 0.2 ms]
      [Free CSet: 2.9 ms]
   [Eden: 272.0M(272.0M)->0.0B(284.0M) Survivors: 34.0M->22.0M Heap: 2515.1M(6144.0M)->1628.3M(6144.0M)]
 [Times: user=0.08 sys=0.05, real=0.03 secs] 
2025-07-26T22:00:52.674+0800: 554606.510: [GC pause (G1 Evacuation Pause) (mixed), 0.0236033 secs]
   [Parallel Time: 20.2 ms, GC Workers: 8]
      [GC Worker Start (ms): Min: 554606510.5, Avg: 554606510.6, Max: 554606510.6, Diff: 0.1]
      [Ext Root Scanning (ms): Min: 2.5, Avg: 2.9, Max: 3.7, Diff: 1.2, Sum: 22.8]
      [Update RS (ms): Min: 2.1, Avg: 3.2, Max: 3.5, Diff: 1.4, Sum: 25.3]
         [Processed Buffers: Min: 9, Avg: 23.8, Max: 35, Diff: 26, Sum: 190]
      [Scan RS (ms): Min: 3.4, Avg: 3.6, Max: 3.6, Diff: 0.2, Sum: 28.6]
      [Code Root Scanning (ms): Min: 0.0, Avg: 0.0, Max: 0.0, Diff: 0.0, Sum: 0.0]
      [Object Copy (ms): Min: 10.2, Avg: 10.5, Max: 10.6, Diff: 0.4, Sum: 83.6]
      [Termination (ms): Min: 0.0, Avg: 0.0, Max: 0.1, Diff: 0.1, Sum: 0.4]
         [Termination Attempts: Min: 1, Avg: 1.2, Max: 2, Diff: 1, Sum: 10]
      [GC Worker Other (ms): Min: 0.0, Avg: 0.0, Max: 0.0, Diff: 0.0, Sum: 0.2]
      [GC Worker Total (ms): Min: 20.1, Avg: 20.1, Max: 20.2, Diff: 0.1, Sum: 160.9]
      [GC Worker End (ms): Min: 554606530.7, Avg: 554606530.7, Max: 554606530.7, Diff: 0.0]
   [Code Root Fixup: 0.1 ms]
   [Code Root Purge: 0.0 ms]
   [Clear CT: 0.4 ms]
   [Other: 2.9 ms]
      [Choose CSet: 0.2 ms]
      [Ref Proc: 0.5 ms]
      [Ref Enq: 0.0 ms]
      [Redirty Cards: 0.2 ms]
      [Humongous Register: 0.4 ms]
      [Humongous Reclaim: 0.1 ms]
      [Free CSet: 0.8 ms]
   [Eden: 284.0M(284.0M)->0.0B(3216.0M) Survivors: 22.0M->26.0M Heap: 1912.3M(6144.0M)->1491.3M(6144.0M)]
 [Times: user=0.10 sys=0.06, real=0.03 secs] 
2025-07-26T22:01:44.980+0800: 554658.816: [GC pause (G1 Evacuation Pause) (young), 0.0344449 secs]
   [Parallel Time: 23.2 ms, GC Workers: 8]
      [GC Worker Start (ms): Min: 554658819.5, Avg: 554658819.5, Max: 554658819.6, Diff: 0.1]
      [Ext Root Scanning (ms): Min: 2.8, Avg: 3.2, Max: 4.6, Diff: 1.7, Sum: 26.0]
      [Update RS (ms): Min: 10.6, Avg: 11.6, Max: 12.0, Diff: 1.4, Sum: 92.6]
         [Processed Buffers: Min: 19, Avg: 42.0, Max: 57, Diff: 38, Sum: 336]
      [Scan RS (ms): Min: 0.2, Avg: 0.3, Max: 0.4, Diff: 0.2, Sum: 2.7]
      [Code Root Scanning (ms): Min: 0.0, Avg: 0.0, Max: 0.0, Diff: 0.0, Sum: 0.1]
      [Object Copy (ms): Min: 7.5, Avg: 7.7, Max: 7.9, Diff: 0.4, Sum: 61.2]
      [Termination (ms): Min: 0.0, Avg: 0.0, Max: 0.0, Diff: 0.0, Sum: 0.0]
         [Termination Attempts: Min: 1, Avg: 1.4, Max: 2, Diff: 1, Sum: 11]
      [GC Worker Other (ms): Min: 0.1, Avg: 0.2, Max: 0.3, Diff: 0.2, Sum: 1.5]
      [GC Worker Total (ms): Min: 22.9, Avg: 23.0, Max: 23.1, Diff: 0.2, Sum: 184.0]
      [GC Worker End (ms): Min: 554658842.5, Avg: 554658842.5, Max: 554658842.6, Diff: 0.1]
   [Code Root Fixup: 0.1 ms]
   [Code Root Purge: 0.0 ms]
   [Clear CT: 0.6 ms]
   [Other: 10.6 ms]
      [Choose CSet: 0.0 ms]
      [Ref Proc: 2.3 ms]
      [Ref Enq: 0.2 ms]
      [Redirty Cards: 0.1 ms]
      [Humongous Register: 3.0 ms]
      [Humongous Reclaim: 0.1 ms]
      [Free CSet: 3.9 ms]
   [Eden: 3216.0M(3216.0M)->0.0B(3272.0M) Survivors: 26.0M->32.0M Heap: 4707.3M(6144.0M)->1497.1M(6144.0M)]
 [Times: user=0.17 sys=0.02, real=0.03 secs] 
2025-07-26T22:09:13.845+0800: 555107.681: [GC pause (G1 Evacuation Pause) (young), 0.0342360 secs]
   [Parallel Time: 20.2 ms, GC Workers: 8]
      [GC Worker Start (ms): Min: 555107684.8, Avg: 555107684.8, Max: 555107684.9, Diff: 0.1]
      [Ext Root Scanning (ms): Min: 2.8, Avg: 4.1, Max: 12.1, Diff: 9.3, Sum: 33.2]
      [Update RS (ms): Min: 0.0, Avg: 5.9, Max: 7.1, Diff: 7.1, Sum: 47.1]
         [Processed Buffers: Min: 0, Avg: 36.8, Max: 55, Diff: 55, Sum: 294]
      [Scan RS (ms): Min: 0.1, Avg: 0.3, Max: 0.5, Diff: 0.4, Sum: 2.4]
      [Code Root Scanning (ms): Min: 0.0, Avg: 0.0, Max: 0.0, Diff: 0.0, Sum: 0.1]
      [Object Copy (ms): Min: 7.2, Avg: 9.0, Max: 9.4, Diff: 2.2, Sum: 72.0]
      [Termination (ms): Min: 0.4, Avg: 0.5, Max: 0.8, Diff: 0.4, Sum: 4.0]
         [Termination Attempts: Min: 57, Avg: 102.2, Max: 144, Diff: 87, Sum: 818]
      [GC Worker Other (ms): Min: 0.1, Avg: 0.1, Max: 0.2, Diff: 0.1, Sum: 1.0]
      [GC Worker Total (ms): Min: 19.9, Avg: 20.0, Max: 20.1, Diff: 0.2, Sum: 159.8]
      [GC Worker End (ms): Min: 555107704.8, Avg: 555107704.8, Max: 555107704.8, Diff: 0.1]
   [Code Root Fixup: 0.0 ms]
   [Code Root Purge: 0.0 ms]
   [Clear CT: 0.7 ms]
   [Other: 13.4 ms]
      [Choose CSet: 0.0 ms]
      [Ref Proc: 4.1 ms]
      [Ref Enq: 0.2 ms]
      [Redirty Cards: 0.1 ms]
      [Humongous Register: 3.0 ms]
      [Humongous Reclaim: 0.2 ms]
      [Free CSet: 4.4 ms]
   [Eden: 3272.0M(3272.0M)->0.0B(3332.0M) Survivors: 32.0M->24.0M Heap: 4781.1M(6144.0M)->1489.1M(6144.0M)]
 [Times: user=0.08 sys=0.11, real=0.04 secs] 
2025-07-26T22:15:25.322+0800: 555479.157: [GC pause (GCLocker Initiated GC) (young), 0.0381107 secs]
   [Parallel Time: 24.4 ms, GC Workers: 8]
      [GC Worker Start (ms): Min: 555479160.8, Avg: 555479160.9, Max: 555479161.0, Diff: 0.1]
      [Ext Root Scanning (ms): Min: 3.0, Avg: 4.3, Max: 11.5, Diff: 8.5, Sum: 34.3]
      [Update RS (ms): Min: 0.9, Avg: 8.1, Max: 9.9, Diff: 9.0, Sum: 64.6]
         [Processed Buffers: Min: 16, Avg: 46.0, Max: 61, Diff: 45, Sum: 368]
      [Scan RS (ms): Min: 0.1, Avg: 0.3, Max: 0.5, Diff: 0.3, Sum: 2.8]
      [Code Root Scanning (ms): Min: 0.0, Avg: 0.0, Max: 0.0, Diff: 0.0, Sum: 0.1]
      [Object Copy (ms): Min: 8.2, Avg: 8.7, Max: 9.3, Diff: 1.2, Sum: 69.9]
      [Termination (ms): Min: 1.9, Avg: 2.5, Max: 3.1, Diff: 1.1, Sum: 20.1]
         [Termination Attempts: Min: 211, Avg: 330.4, Max: 476, Diff: 265, Sum: 2643]
      [GC Worker Other (ms): Min: 0.0, Avg: 0.1, Max: 0.1, Diff: 0.1, Sum: 0.8]
      [GC Worker Total (ms): Min: 24.0, Avg: 24.1, Max: 24.3, Diff: 0.3, Sum: 192.6]
      [GC Worker End (ms): Min: 555479184.9, Avg: 555479185.0, Max: 555479185.1, Diff: 0.2]
   [Code Root Fixup: 0.0 ms]
   [Code Root Purge: 0.0 ms]
   [Clear CT: 0.7 ms]
   [Other: 13.0 ms]
      [Choose CSet: 0.0 ms]
      [Ref Proc: 4.1 ms]
      [Ref Enq: 0.1 ms]
      [Redirty Cards: 0.1 ms]
      [Humongous Register: 3.0 ms]
      [Humongous Reclaim: 0.3 ms]
      [Free CSet: 4.5 ms]
   [Eden: 3334.0M(3332.0M)->0.0B(3364.0M) Survivors: 24.0M->26.0M Heap: 4857.1M(6144.0M)->1497.1M(6144.0M)]
 [Times: user=0.08 sys=0.13, real=0.04 secs] 
2025-07-26T22:18:41.664+0800: 555675.500: [GC pause (G1 Evacuation Pause) (young), 0.0432870 secs]
   [Parallel Time: 28.5 ms, GC Workers: 8]
      [GC Worker Start (ms): Min: 555675504.2, Avg: 555675504.3, Max: 555675504.4, Diff: 0.2]
      [Ext Root Scanning (ms): Min: 3.0, Avg: 4.3, Max: 11.6, Diff: 8.6, Sum: 34.6]
      [Update RS (ms): Min: 1.7, Avg: 8.5, Max: 10.6, Diff: 9.0, Sum: 68.4]
         [Processed Buffers: Min: 17, Avg: 50.2, Max: 71, Diff: 54, Sum: 402]
      [Scan RS (ms): Min: 0.1, Avg: 0.4, Max: 0.5, Diff: 0.3, Sum: 3.0]
      [Code Root Scanning (ms): Min: 0.0, Avg: 0.0, Max: 0.1, Diff: 0.1, Sum: 0.1]
      [Object Copy (ms): Min: 9.2, Avg: 10.4, Max: 12.8, Diff: 3.6, Sum: 83.2]
      [Termination (ms): Min: 2.3, Avg: 4.5, Max: 5.6, Diff: 3.3, Sum: 36.3]
         [Termination Attempts: Min: 273, Avg: 400.9, Max: 642, Diff: 369, Sum: 3207]
      [GC Worker Other (ms): Min: 0.0, Avg: 0.1, Max: 0.2, Diff: 0.2, Sum: 1.0]
      [GC Worker Total (ms): Min: 28.3, Avg: 28.3, Max: 28.4, Diff: 0.2, Sum: 226.6]
      [GC Worker End (ms): Min: 555675532.6, Avg: 555675532.6, Max: 555675532.7, Diff: 0.1]
   [Code Root Fixup: 0.0 ms]
   [Code Root Purge: 0.0 ms]
   [Clear CT: 0.8 ms]
   [Other: 13.9 ms]
      [Choose CSet: 0.0 ms]
      [Ref Proc: 4.4 ms]
      [Ref Enq: 0.1 ms]
      [Redirty Cards: 0.1 ms]
      [Humongous Register: 3.8 ms]
      [Humongous Reclaim: 0.3 ms]
      [Free CSet: 4.1 ms]
   [Eden: 3364.0M(3364.0M)->0.0B(3400.0M) Survivors: 26.0M->24.0M Heap: 4903.1M(6144.0M)->1495.1M(6144.0M)]
 [Times: user=0.18 sys=0.07, real=0.05 secs] 
2025-07-26T22:20:25.606+0800: 555779.441: [GC pause (G1 Evacuation Pause) (young), 0.0450067 secs]
   [Parallel Time: 29.3 ms, GC Workers: 8]
      [GC Worker Start (ms): Min: 555779447.8, Avg: 555779447.9, Max: 555779448.0, Diff: 0.1]
      [Ext Root Scanning (ms): Min: 3.2, Avg: 4.5, Max: 11.4, Diff: 8.1, Sum: 36.0]
      [Update RS (ms): Min: 4.9, Avg: 11.6, Max: 13.2, Diff: 8.3, Sum: 92.8]
         [Processed Buffers: Min: 44, Avg: 74.6, Max: 93, Diff: 49, Sum: 597]
      [Scan RS (ms): Min: 0.1, Avg: 0.3, Max: 0.5, Diff: 0.4, Sum: 2.8]
      [Code Root Scanning (ms): Min: 0.0, Avg: 0.0, Max: 0.1, Diff: 0.1, Sum: 0.1]
      [Object Copy (ms): Min: 12.2, Avg: 12.4, Max: 12.5, Diff: 0.3, Sum: 99.2]
      [Termination (ms): Min: 0.0, Avg: 0.1, Max: 0.1, Diff: 0.0, Sum: 0.4]
         [Termination Attempts: Min: 1, Avg: 1.0, Max: 1, Diff: 0, Sum: 8]
      [GC Worker Other (ms): Min: 0.1, Avg: 0.1, Max: 0.2, Diff: 0.2, Sum: 1.1]
      [GC Worker Total (ms): Min: 29.0, Avg: 29.1, Max: 29.2, Diff: 0.2, Sum: 232.6]
      [GC Worker End (ms): Min: 555779476.9, Avg: 555779477.0, Max: 555779477.0, Diff: 0.1]
   [Code Root Fixup: 0.0 ms]
   [Code Root Purge: 0.0 ms]
   [Clear CT: 0.6 ms]
   [Other: 15.1 ms]
      [Choose CSet: 0.0 ms]
      [Ref Proc: 2.7 ms]
      [Ref Enq: 0.1 ms]
      [Redirty Cards: 0.1 ms]
      [Humongous Register: 5.5 ms]
      [Humongous Reclaim: 0.3 ms]
      [Free CSet: 4.9 ms]
   [Eden: 3400.0M(3400.0M)->0.0B(3402.0M) Survivors: 24.0M->52.0M Heap: 4941.1M(6144.0M)->1517.1M(6144.0M)]
 [Times: user=0.20 sys=0.05, real=0.05 secs] 
2025-07-26T22:21:09.725+0800: 555823.561: [GC pause (G1 Evacuation Pause) (young), 0.0347666 secs]
   [Parallel Time: 28.5 ms, GC Workers: 8]
      [GC Worker Start (ms): Min: 555823562.1, Avg: 555823562.2, Max: 555823562.2, Diff: 0.1]
      [Ext Root Scanning (ms): Min: 2.2, Avg: 2.4, Max: 3.2, Diff: 1.0, Sum: 19.4]
      [Update RS (ms): Min: 11.7, Avg: 12.3, Max: 12.6, Diff: 0.9, Sum: 98.1]
         [Processed Buffers: Min: 58, Avg: 79.1, Max: 89, Diff: 31, Sum: 633]
      [Scan RS (ms): Min: 0.1, Avg: 0.3, Max: 0.4, Diff: 0.3, Sum: 2.6]
      [Code Root Scanning (ms): Min: 0.0, Avg: 0.0, Max: 0.0, Diff: 0.0, Sum: 0.1]
      [Object Copy (ms): Min: 12.9, Avg: 13.1, Max: 13.2, Diff: 0.3, Sum: 105.0]
      [Termination (ms): Min: 0.0, Avg: 0.0, Max: 0.0, Diff: 0.0, Sum: 0.1]
         [Termination Attempts: Min: 1, Avg: 7.2, Max: 12, Diff: 11, Sum: 58]
      [GC Worker Other (ms): Min: 0.0, Avg: 0.1, Max: 0.1, Diff: 0.1, Sum: 0.6]
      [GC Worker Total (ms): Min: 28.1, Avg: 28.2, Max: 28.3, Diff: 0.2, Sum: 225.9]
      [GC Worker End (ms): Min: 555823590.3, Avg: 555823590.4, Max: 555823590.4, Diff: 0.1]
   [Code Root Fixup: 0.0 ms]
   [Code Root Purge: 0.0 ms]
   [Clear CT: 0.6 ms]
   [Other: 5.7 ms]
      [Choose CSet: 0.0 ms]
      [Ref Proc: 1.8 ms]
      [Ref Enq: 0.1 ms]
      [Redirty Cards: 0.1 ms]
      [Humongous Register: 0.7 ms]
      [Humongous Reclaim: 0.2 ms]
      [Free CSet: 1.9 ms]
   [Eden: 3402.0M(3402.0M)->0.0B(254.0M) Survivors: 52.0M->52.0M Heap: 4969.9M(6144.0M)->1518.1M(6144.0M)]
 [Times: user=0.22 sys=0.01, real=0.04 secs] 
2025-07-26T22:21:13.333+0800: 555827.168: [GC pause (G1 Evacuation Pause) (young), 0.0202488 secs]
   [Parallel Time: 17.6 ms, GC Workers: 8]
      [GC Worker Start (ms): Min: 555827168.8, Avg: 555827168.8, Max: 555827168.9, Diff: 0.1]
      [Ext Root Scanning (ms): Min: 2.3, Avg: 2.6, Max: 3.2, Diff: 0.9, Sum: 20.7]
      [Update RS (ms): Min: 2.0, Avg: 2.6, Max: 2.9, Diff: 0.9, Sum: 20.7]
         [Processed Buffers: Min: 8, Avg: 21.8, Max: 33, Diff: 25, Sum: 174]
      [Scan RS (ms): Min: 0.0, Avg: 0.0, Max: 0.0, Diff: 0.0, Sum: 0.2]
      [Code Root Scanning (ms): Min: 0.0, Avg: 0.0, Max: 0.0, Diff: 0.0, Sum: 0.0]
      [Object Copy (ms): Min: 12.0, Avg: 12.2, Max: 12.3, Diff: 0.3, Sum: 97.8]
      [Termination (ms): Min: 0.0, Avg: 0.0, Max: 0.0, Diff: 0.0, Sum: 0.1]
         [Termination Attempts: Min: 1, Avg: 20.4, Max: 31, Diff: 30, Sum: 163]
      [GC Worker Other (ms): Min: 0.0, Avg: 0.0, Max: 0.0, Diff: 0.0, Sum: 0.2]
      [GC Worker Total (ms): Min: 17.4, Avg: 17.5, Max: 17.5, Diff: 0.1, Sum: 139.8]
      [GC Worker End (ms): Min: 555827186.3, Avg: 555827186.3, Max: 555827186.3, Diff: 0.0]
   [Code Root Fixup: 0.0 ms]
   [Code Root Purge: 0.0 ms]
   [Clear CT: 0.1 ms]
   [Other: 2.5 ms]
      [Choose CSet: 0.0 ms]
      [Ref Proc: 0.6 ms]
      [Ref Enq: 0.0 ms]
      [Redirty Cards: 0.2 ms]
      [Humongous Register: 0.3 ms]
      [Humongous Reclaim: 0.1 ms]
      [Free CSet: 0.3 ms]
   [Eden: 254.0M(254.0M)->0.0B(386.0M) Survivors: 52.0M->26.0M Heap: 1772.1M(6144.0M)->1516.1M(6144.0M)]
 [Times: user=0.14 sys=0.00, real=0.02 secs] 
2025-07-26T22:21:19.577+0800: 555833.412: [GC pause (G1 Evacuation Pause) (young), 0.0172184 secs]
   [Parallel Time: 14.8 ms, GC Workers: 8]
      [GC Worker Start (ms): Min: 555833413.0, Avg: 555833413.1, Max: 555833413.1, Diff: 0.1]
      [Ext Root Scanning (ms): Min: 2.3, Avg: 3.4, Max: 9.7, Diff: 7.4, Sum: 27.2]
      [Update RS (ms): Min: 1.3, Avg: 7.4, Max: 8.5, Diff: 7.2, Sum: 59.0]
         [Processed Buffers: Min: 20, Avg: 34.6, Max: 46, Diff: 26, Sum: 277]
      [Scan RS (ms): Min: 0.0, Avg: 0.0, Max: 0.1, Diff: 0.0, Sum: 0.2]
      [Code Root Scanning (ms): Min: 0.0, Avg: 0.0, Max: 0.0, Diff: 0.0, Sum: 0.0]
      [Object Copy (ms): Min: 3.5, Avg: 3.7, Max: 3.8, Diff: 0.4, Sum: 29.4]
      [Termination (ms): Min: 0.0, Avg: 0.1, Max: 0.2, Diff: 0.2, Sum: 1.0]
         [Termination Attempts: Min: 1, Avg: 7.8, Max: 13, Diff: 12, Sum: 62]
      [GC Worker Other (ms): Min: 0.0, Avg: 0.0, Max: 0.0, Diff: 0.0, Sum: 0.2]
      [GC Worker Total (ms): Min: 14.6, Avg: 14.6, Max: 14.7, Diff: 0.2, Sum: 117.1]
      [GC Worker End (ms): Min: 555833427.6, Avg: 555833427.7, Max: 555833427.8, Diff: 0.1]
   [Code Root Fixup: 0.0 ms]
   [Code Root Purge: 0.0 ms]
   [Clear CT: 0.1 ms]
   [Other: 2.2 ms]
      [Choose CSet: 0.0 ms]
      [Ref Proc: 0.4 ms]
      [Ref Enq: 0.0 ms]
      [Redirty Cards: 0.1 ms]
      [Humongous Register: 0.3 ms]
      [Humongous Reclaim: 0.1 ms]
      [Free CSet: 0.3 ms]
   [Eden: 386.0M(386.0M)->0.0B(1226.0M) Survivors: 26.0M->28.0M Heap: 1902.1M(6144.0M)->1517.3M(6144.0M)]
 [Times: user=0.06 sys=0.06, real=0.02 secs] 
2025-07-26T22:21:31.872+0800: 555845.707: [GC pause (G1 Evacuation Pause) (young), 0.0202925 secs]
   [Parallel Time: 16.2 ms, GC Workers: 8]
      [GC Worker Start (ms): Min: 555845708.2, Avg: 555845708.3, Max: 555845708.3, Diff: 0.1]
      [Ext Root Scanning (ms): Min: 2.5, Avg: 3.0, Max: 4.2, Diff: 1.7, Sum: 24.0]
      [Update RS (ms): Min: 7.9, Avg: 9.0, Max: 9.4, Diff: 1.5, Sum: 71.8]
         [Processed Buffers: Min: 51, Avg: 68.0, Max: 82, Diff: 31, Sum: 544]
      [Scan RS (ms): Min: 0.0, Avg: 0.1, Max: 0.2, Diff: 0.1, Sum: 0.9]
      [Code Root Scanning (ms): Min: 0.0, Avg: 0.0, Max: 0.0, Diff: 0.0, Sum: 0.0]
      [Object Copy (ms): Min: 3.6, Avg: 3.9, Max: 4.0, Diff: 0.4, Sum: 30.8]
      [Termination (ms): Min: 0.0, Avg: 0.1, Max: 0.1, Diff: 0.1, Sum: 0.7]
         [Termination Attempts: Min: 1, Avg: 1.0, Max: 1, Diff: 0, Sum: 8]
      [GC Worker Other (ms): Min: 0.0, Avg: 0.0, Max: 0.1, Diff: 0.0, Sum: 0.3]
      [GC Worker Total (ms): Min: 16.0, Avg: 16.1, Max: 16.1, Diff: 0.1, Sum: 128.4]
      [GC Worker End (ms): Min: 555845724.3, Avg: 555845724.3, Max: 555845724.4, Diff: 0.1]
   [Code Root Fixup: 0.1 ms]
   [Code Root Purge: 0.0 ms]
   [Clear CT: 0.3 ms]
   [Other: 3.8 ms]
      [Choose CSet: 0.0 ms]
      [Ref Proc: 0.9 ms]
      [Ref Enq: 0.1 ms]
      [Redirty Cards: 0.1 ms]
      [Humongous Register: 0.4 ms]
      [Humongous Reclaim: 0.3 ms]
      [Free CSet: 0.9 ms]
   [Eden: 1226.0M(1226.0M)->0.0B(2386.0M) Survivors: 28.0M->32.0M Heap: 2789.3M(6144.0M)->1521.3M(6144.0M)]
 [Times: user=0.14 sys=0.00, real=0.02 secs] 
2025-07-26T22:22:12.185+0800: 555886.020: [GC pause (G1 Evacuation Pause) (young), 0.0235375 secs]
   [Parallel Time: 13.2 ms, GC Workers: 8]
      [GC Worker Start (ms): Min: 555886025.0, Avg: 555886025.1, Max: 555886025.2, Diff: 0.2]
      [Ext Root Scanning (ms): Min: 2.6, Avg: 3.0, Max: 4.4, Diff: 1.8, Sum: 24.0]
      [Update RS (ms): Min: 1.2, Avg: 2.4, Max: 3.0, Diff: 1.9, Sum: 19.1]
         [Processed Buffers: Min: 3, Avg: 23.8, Max: 36, Diff: 33, Sum: 190]
      [Scan RS (ms): Min: 0.1, Avg: 0.2, Max: 0.3, Diff: 0.2, Sum: 1.9]
      [Code Root Scanning (ms): Min: 0.0, Avg: 0.0, Max: 0.0, Diff: 0.0, Sum: 0.0]
      [Object Copy (ms): Min: 6.9, Avg: 7.2, Max: 7.3, Diff: 0.4, Sum: 57.4]
      [Termination (ms): Min: 0.0, Avg: 0.0, Max: 0.0, Diff: 0.0, Sum: 0.0]
         [Termination Attempts: Min: 1, Avg: 1.1, Max: 2, Diff: 1, Sum: 9]
      [GC Worker Other (ms): Min: 0.1, Avg: 0.1, Max: 0.2, Diff: 0.1, Sum: 1.1]
      [GC Worker Total (ms): Min: 12.9, Avg: 13.0, Max: 13.1, Diff: 0.2, Sum: 103.7]
      [GC Worker End (ms): Min: 555886038.0, Avg: 555886038.1, Max: 555886038.1, Diff: 0.1]
   [Code Root Fixup: 0.0 ms]
   [Code Root Purge: 0.0 ms]
   [Clear CT: 0.4 ms]
   [Other: 9.9 ms]
      [Choose CSet: 0.0 ms]
      [Ref Proc: 1.5 ms]
      [Ref Enq: 0.2 ms]
      [Redirty Cards: 0.1 ms]
      [Humongous Register: 3.8 ms]
      [Humongous Reclaim: 0.1 ms]
      [Free CSet: 3.0 ms]
   [Eden: 2386.0M(2386.0M)->0.0B(3442.0M) Survivors: 32.0M->40.0M Heap: 3907.3M(6144.0M)->1530.3M(6144.0M)]
 [Times: user=0.11 sys=0.00, real=0.03 secs] 
2025-07-26T22:24:00.343+0800: 555994.178: [GC pause (G1 Evacuation Pause) (young), 0.0399817 secs]
   [Parallel Time: 29.7 ms, GC Workers: 8]
      [GC Worker Start (ms): Min: 555994180.8, Avg: 555994180.9, Max: 555994181.0, Diff: 0.1]
      [Ext Root Scanning (ms): Min: 2.9, Avg: 4.1, Max: 10.6, Diff: 7.7, Sum: 32.5]
      [Update RS (ms): Min: 11.7, Avg: 17.9, Max: 19.4, Diff: 7.6, Sum: 143.2]
         [Processed Buffers: Min: 89, Avg: 124.2, Max: 150, Diff: 61, Sum: 994]
      [Scan RS (ms): Min: 0.2, Avg: 0.7, Max: 0.9, Diff: 0.6, Sum: 5.8]
      [Code Root Scanning (ms): Min: 0.0, Avg: 0.0, Max: 0.0, Diff: 0.0, Sum: 0.1]
      [Object Copy (ms): Min: 6.4, Avg: 6.6, Max: 6.8, Diff: 0.4, Sum: 53.0]
      [Termination (ms): Min: 0.0, Avg: 0.0, Max: 0.0, Diff: 0.0, Sum: 0.1]
         [Termination Attempts: Min: 1, Avg: 12.2, Max: 20, Diff: 19, Sum: 98]
      [GC Worker Other (ms): Min: 0.1, Avg: 0.1, Max: 0.2, Diff: 0.1, Sum: 0.9]
      [GC Worker Total (ms): Min: 29.4, Avg: 29.4, Max: 29.5, Diff: 0.2, Sum: 235.6]
      [GC Worker End (ms): Min: 555994210.3, Avg: 555994210.3, Max: 555994210.4, Diff: 0.1]
   [Code Root Fixup: 0.1 ms]
   [Code Root Purge: 0.0 ms]
   [Clear CT: 0.9 ms]
   [Other: 9.3 ms]
      [Choose CSet: 0.0 ms]
      [Ref Proc: 1.6 ms]
      [Ref Enq: 0.2 ms]
      [Redirty Cards: 0.2 ms]
      [Humongous Register: 2.0 ms]
      [Humongous Reclaim: 0.4 ms]
      [Free CSet: 4.1 ms]
   [Eden: 3442.0M(3442.0M)->0.0B(3460.0M) Survivors: 40.0M->28.0M Heap: 5114.0M(6144.0M)->1517.3M(6144.0M)]
 [Times: user=0.24 sys=0.01, real=0.04 secs] 
2025-07-26T22:27:16.813+0800: 556190.648: [GC pause (G1 Evacuation Pause) (young), 0.0394031 secs]
   [Parallel Time: 29.8 ms, GC Workers: 8]
      [GC Worker Start (ms): Min: 556190650.8, Avg: 556190650.9, Max: 556190651.0, Diff: 0.2]
      [Ext Root Scanning (ms): Min: 3.0, Avg: 4.5, Max: 12.6, Diff: 9.5, Sum: 35.7]
      [Update RS (ms): Min: 8.8, Avg: 16.8, Max: 18.8, Diff: 10.0, Sum: 134.5]
         [Processed Buffers: Min: 56, Avg: 113.1, Max: 134, Diff: 78, Sum: 905]
      [Scan RS (ms): Min: 0.3, Avg: 1.0, Max: 1.2, Diff: 0.9, Sum: 7.9]
      [Code Root Scanning (ms): Min: 0.0, Avg: 0.0, Max: 0.0, Diff: 0.0, Sum: 0.1]
      [Object Copy (ms): Min: 6.9, Avg: 7.1, Max: 7.3, Diff: 0.4, Sum: 56.9]
      [Termination (ms): Min: 0.0, Avg: 0.0, Max: 0.0, Diff: 0.0, Sum: 0.1]
         [Termination Attempts: Min: 2, Avg: 4.8, Max: 6, Diff: 4, Sum: 38]
      [GC Worker Other (ms): Min: 0.0, Avg: 0.2, Max: 0.3, Diff: 0.2, Sum: 1.3]
      [GC Worker Total (ms): Min: 29.4, Avg: 29.6, Max: 29.7, Diff: 0.3, Sum: 236.4]
      [GC Worker End (ms): Min: 556190680.4, Avg: 556190680.5, Max: 556190680.5, Diff: 0.1]
   [Code Root Fixup: 0.0 ms]
   [Code Root Purge: 0.0 ms]
   [Clear CT: 0.7 ms]
   [Other: 8.8 ms]
      [Choose CSet: 0.0 ms]
      [Ref Proc: 1.2 ms]
      [Ref Enq: 0.1 ms]
      [Redirty Cards: 0.2 ms]
      [Humongous Register: 1.8 ms]
      [Humongous Reclaim: 0.5 ms]
      [Free CSet: 4.1 ms]
   [Eden: 3460.0M(3460.0M)->0.0B(3470.0M) Survivors: 28.0M->26.0M Heap: 5168.7M(6144.0M)->1516.3M(6144.0M)]
 [Times: user=0.24 sys=0.01, real=0.04 secs] 
2025-07-26T22:30:02.683+0800: 556356.519: [GC pause (G1 Evacuation Pause) (young), 0.1090746 secs]
   [Parallel Time: 99.3 ms, GC Workers: 8]
      [GC Worker Start (ms): Min: 556356520.9, Avg: 556356521.0, Max: 556356521.1, Diff: 0.1]
      [Ext Root Scanning (ms): Min: 2.9, Avg: 4.0, Max: 10.1, Diff: 7.2, Sum: 31.7]
      [Update RS (ms): Min: 23.7, Avg: 29.5, Max: 30.8, Diff: 7.0, Sum: 236.1]
         [Processed Buffers: Min: 100, Avg: 157.0, Max: 184, Diff: 84, Sum: 1256]
      [Scan RS (ms): Min: 0.6, Avg: 0.9, Max: 1.1, Diff: 0.5, Sum: 6.9]
      [Code Root Scanning (ms): Min: 0.0, Avg: 0.0, Max: 0.0, Diff: 0.0, Sum: 0.1]
      [Object Copy (ms): Min: 63.8, Avg: 64.1, Max: 64.7, Diff: 0.9, Sum: 512.8]
      [Termination (ms): Min: 0.0, Avg: 0.5, Max: 0.6, Diff: 0.6, Sum: 3.9]
         [Termination Attempts: Min: 1, Avg: 515.9, Max: 625, Diff: 624, Sum: 4127]
      [GC Worker Other (ms): Min: 0.1, Avg: 0.1, Max: 0.2, Diff: 0.1, Sum: 1.0]
      [GC Worker Total (ms): Min: 99.0, Avg: 99.1, Max: 99.2, Diff: 0.2, Sum: 792.6]
      [GC Worker End (ms): Min: 556356620.0, Avg: 556356620.1, Max: 556356620.1, Diff: 0.1]
   [Code Root Fixup: 0.1 ms]
   [Code Root Purge: 0.0 ms]
   [Clear CT: 0.7 ms]
   [Other: 9.1 ms]
      [Choose CSet: 0.0 ms]
      [Ref Proc: 1.6 ms]
      [Ref Enq: 0.1 ms]
      [Redirty Cards: 0.1 ms]
      [Humongous Register: 1.5 ms]
      [Humongous Reclaim: 0.5 ms]
      [Free CSet: 4.3 ms]
   [Eden: 3470.0M(3470.0M)->0.0B(3170.0M) Survivors: 26.0M->184.0M Heap: 5177.5M(6144.0M)->1677.7M(6144.0M)]
 [Times: user=0.73 sys=0.08, real=0.11 secs] 
2025-07-26T22:30:16.786+0800: 556370.622: [GC pause (G1 Evacuation Pause) (young), 0.2864157 secs]
   [Parallel Time: 280.0 ms, GC Workers: 8]
      [GC Worker Start (ms): Min: 556370622.9, Avg: 556370623.1, Max: 556370623.2, Diff: 0.2]
      [Ext Root Scanning (ms): Min: 2.3, Avg: 2.6, Max: 3.3, Diff: 0.9, Sum: 20.5]
      [Update RS (ms): Min: 36.1, Avg: 36.6, Max: 37.0, Diff: 0.9, Sum: 292.9]
         [Processed Buffers: Min: 15, Avg: 39.4, Max: 116, Diff: 101, Sum: 315]
      [Scan RS (ms): Min: 0.1, Avg: 0.3, Max: 0.5, Diff: 0.4, Sum: 2.8]
      [Code Root Scanning (ms): Min: 0.0, Avg: 0.0, Max: 0.0, Diff: 0.0, Sum: 0.1]
      [Object Copy (ms): Min: 238.3, Avg: 239.4, Max: 240.2, Diff: 1.9, Sum: 1915.2]
      [Termination (ms): Min: 0.0, Avg: 0.7, Max: 1.8, Diff: 1.8, Sum: 5.8]
         [Termination Attempts: Min: 1, Avg: 475.1, Max: 573, Diff: 572, Sum: 3801]
      [GC Worker Other (ms): Min: 0.0, Avg: 0.1, Max: 0.1, Diff: 0.1, Sum: 0.6]
      [GC Worker Total (ms): Min: 279.6, Avg: 279.7, Max: 279.9, Diff: 0.3, Sum: 2237.9]
      [GC Worker End (ms): Min: 556370902.8, Avg: 556370902.8, Max: 556370902.9, Diff: 0.1]
   [Code Root Fixup: 0.0 ms]
   [Code Root Purge: 0.0 ms]
   [Clear CT: 1.0 ms]
   [Other: 5.4 ms]
      [Choose CSet: 0.0 ms]
      [Ref Proc: 1.1 ms]
      [Ref Enq: 0.2 ms]
      [Redirty Cards: 0.3 ms]
      [Humongous Register: 0.4 ms]
      [Humongous Reclaim: 0.1 ms]
      [Free CSet: 2.3 ms]
   [Eden: 3170.0M(3170.0M)->0.0B(78.0M) Survivors: 184.0M->420.0M Heap: 4861.7M(6144.0M)->1994.1M(6144.0M)]
 [Times: user=2.00 sys=0.23, real=0.29 secs] 
2025-07-26T22:30:18.305+0800: 556372.140: [GC pause (G1 Evacuation Pause) (young), 0.2027928 secs]
   [Parallel Time: 199.4 ms, GC Workers: 8]
      [GC Worker Start (ms): Min: 556372140.7, Avg: 556372140.8, Max: 556372140.9, Diff: 0.2]
      [Ext Root Scanning (ms): Min: 0.6, Avg: 2.7, Max: 4.7, Diff: 4.1, Sum: 21.9]
      [Update RS (ms): Min: 36.9, Avg: 38.3, Max: 39.0, Diff: 2.1, Sum: 306.6]
         [Processed Buffers: Min: 42, Avg: 66.6, Max: 93, Diff: 51, Sum: 533]
      [Scan RS (ms): Min: 0.0, Avg: 0.0, Max: 0.1, Diff: 0.1, Sum: 0.3]
      [Code Root Scanning (ms): Min: 0.0, Avg: 0.0, Max: 0.0, Diff: 0.0, Sum: 0.0]
      [Object Copy (ms): Min: 157.5, Avg: 158.1, Max: 160.7, Diff: 3.2, Sum: 1264.5]
      [Termination (ms): Min: 0.0, Avg: 0.0, Max: 0.0, Diff: 0.0, Sum: 0.0]
         [Termination Attempts: Min: 1, Avg: 1.0, Max: 1, Diff: 0, Sum: 8]
      [GC Worker Other (ms): Min: 0.0, Avg: 0.1, Max: 0.1, Diff: 0.1, Sum: 0.5]
      [GC Worker Total (ms): Min: 199.1, Avg: 199.2, Max: 199.3, Diff: 0.2, Sum: 1593.8]
      [GC Worker End (ms): Min: 556372340.0, Avg: 556372340.0, Max: 556372340.0, Diff: 0.1]
   [Code Root Fixup: 0.0 ms]
   [Code Root Purge: 0.0 ms]
   [Clear CT: 0.2 ms]
   [Other: 3.1 ms]
      [Choose CSet: 0.0 ms]
      [Ref Proc: 0.3 ms]
      [Ref Enq: 0.0 ms]
      [Redirty Cards: 1.1 ms]
      [Humongous Register: 0.3 ms]
      [Humongous Reclaim: 0.1 ms]
      [Free CSet: 0.5 ms]
   [Eden: 78.0M(78.0M)->0.0B(464.0M) Survivors: 420.0M->18.0M Heap: 2072.1M(6144.0M)->2015.1M(6144.0M)]
 [Times: user=1.54 sys=0.05, real=0.21 secs] 
2025-07-26T22:30:22.535+0800: 556376.370: [GC pause (G1 Evacuation Pause) (young), 0.0375959 secs]
   [Parallel Time: 34.7 ms, GC Workers: 8]
      [GC Worker Start (ms): Min: 556376371.2, Avg: 556376371.3, Max: 556376371.4, Diff: 0.2]
      [Ext Root Scanning (ms): Min: 2.2, Avg: 2.7, Max: 4.9, Diff: 2.8, Sum: 21.4]
      [Update RS (ms): Min: 22.4, Avg: 24.4, Max: 24.7, Diff: 2.4, Sum: 194.8]
         [Processed Buffers: Min: 107, Avg: 115.6, Max: 123, Diff: 16, Sum: 925]
      [Scan RS (ms): Min: 0.1, Avg: 0.2, Max: 0.2, Diff: 0.1, Sum: 1.2]
      [Code Root Scanning (ms): Min: 0.0, Avg: 0.0, Max: 0.0, Diff: 0.0, Sum: 0.0]
      [Object Copy (ms): Min: 7.1, Avg: 7.2, Max: 7.4, Diff: 0.3, Sum: 57.8]
      [Termination (ms): Min: 0.0, Avg: 0.0, Max: 0.0, Diff: 0.0, Sum: 0.0]
         [Termination Attempts: Min: 1, Avg: 1.6, Max: 2, Diff: 1, Sum: 13]
      [GC Worker Other (ms): Min: 0.0, Avg: 0.0, Max: 0.1, Diff: 0.0, Sum: 0.3]
      [GC Worker Total (ms): Min: 34.3, Avg: 34.5, Max: 34.6, Diff: 0.2, Sum: 275.6]
      [GC Worker End (ms): Min: 556376405.7, Avg: 556376405.7, Max: 556376405.8, Diff: 0.0]
   [Code Root Fixup: 0.0 ms]
   [Code Root Purge: 0.0 ms]
   [Clear CT: 0.2 ms]
   [Other: 2.7 ms]
      [Choose CSet: 0.0 ms]
      [Ref Proc: 0.4 ms]
      [Ref Enq: 0.0 ms]
      [Redirty Cards: 0.2 ms]
      [Humongous Register: 0.3 ms]
      [Humongous Reclaim: 0.2 ms]
      [Free CSet: 0.4 ms]
   [Eden: 464.0M(464.0M)->0.0B(610.0M) Survivors: 18.0M->44.0M Heap: 2502.0M(6144.0M)->2040.1M(6144.0M)]
 [Times: user=0.27 sys=0.00, real=0.04 secs] 
2025-07-26T22:30:30.144+0800: 556383.979: [GC pause (G1 Evacuation Pause) (young), 0.0141823 secs]
   [Parallel Time: 11.5 ms, GC Workers: 8]
      [GC Worker Start (ms): Min: 556383979.8, Avg: 556383979.8, Max: 556383979.9, Diff: 0.1]
      [Ext Root Scanning (ms): Min: 2.1, Avg: 2.4, Max: 3.1, Diff: 1.0, Sum: 19.2]
      [Update RS (ms): Min: 4.4, Avg: 4.9, Max: 5.3, Diff: 1.0, Sum: 39.6]
         [Processed Buffers: Min: 25, Avg: 42.8, Max: 52, Diff: 27, Sum: 342]
      [Scan RS (ms): Min: 0.0, Avg: 0.1, Max: 0.1, Diff: 0.1, Sum: 0.4]
      [Code Root Scanning (ms): Min: 0.0, Avg: 0.0, Max: 0.0, Diff: 0.0, Sum: 0.0]
      [Object Copy (ms): Min: 3.8, Avg: 4.0, Max: 4.0, Diff: 0.2, Sum: 31.7]
      [Termination (ms): Min: 0.0, Avg: 0.0, Max: 0.0, Diff: 0.0, Sum: 0.0]
         [Termination Attempts: Min: 1, Avg: 1.2, Max: 2, Diff: 1, Sum: 10]
      [GC Worker Other (ms): Min: 0.0, Avg: 0.0, Max: 0.1, Diff: 0.0, Sum: 0.3]
      [GC Worker Total (ms): Min: 11.4, Avg: 11.4, Max: 11.5, Diff: 0.1, Sum: 91.2]
      [GC Worker End (ms): Min: 556383991.2, Avg: 556383991.2, Max: 556383991.3, Diff: 0.0]
   [Code Root Fixup: 0.0 ms]
   [Code Root Purge: 0.0 ms]
   [Clear CT: 0.2 ms]
   [Other: 2.4 ms]
      [Choose CSet: 0.0 ms]
      [Ref Proc: 0.6 ms]
      [Ref Enq: 0.1 ms]
      [Redirty Cards: 0.1 ms]
      [Humongous Register: 0.3 ms]
      [Humongous Reclaim: 0.1 ms]
      [Free CSet: 0.4 ms]
   [Eden: 610.0M(610.0M)->0.0B(1146.0M) Survivors: 44.0M->34.0M Heap: 2673.4M(6144.0M)->2030.1M(6144.0M)]
 [Times: user=0.06 sys=0.03, real=0.02 secs] 
2025-07-26T22:30:47.130+0800: 556400.966: [GC pause (G1 Evacuation Pause) (young), 0.0169422 secs]
   [Parallel Time: 12.9 ms, GC Workers: 8]
      [GC Worker Start (ms): Min: 556400966.4, Avg: 556400966.5, Max: 556400966.6, Diff: 0.1]
      [Ext Root Scanning (ms): Min: 2.4, Avg: 3.5, Max: 9.8, Diff: 7.4, Sum: 28.0]
      [Update RS (ms): Min: 0.0, Avg: 2.0, Max: 4.0, Diff: 4.0, Sum: 16.3]
         [Processed Buffers: Min: 0, Avg: 22.1, Max: 37, Diff: 37, Sum: 177]
      [Scan RS (ms): Min: 0.0, Avg: 0.1, Max: 0.2, Diff: 0.2, Sum: 1.0]
      [Code Root Scanning (ms): Min: 0.0, Avg: 0.0, Max: 0.0, Diff: 0.0, Sum: 0.0]
      [Object Copy (ms): Min: 3.0, Avg: 7.0, Max: 8.0, Diff: 5.0, Sum: 56.3]
      [Termination (ms): Min: 0.0, Avg: 0.0, Max: 0.0, Diff: 0.0, Sum: 0.1]
         [Termination Attempts: Min: 1, Avg: 1.6, Max: 4, Diff: 3, Sum: 13]
      [GC Worker Other (ms): Min: 0.0, Avg: 0.0, Max: 0.1, Diff: 0.0, Sum: 0.3]
      [GC Worker Total (ms): Min: 12.7, Avg: 12.7, Max: 12.8, Diff: 0.1, Sum: 102.0]
      [GC Worker End (ms): Min: 556400979.2, Avg: 556400979.3, Max: 556400979.3, Diff: 0.0]
   [Code Root Fixup: 0.0 ms]
   [Code Root Purge: 0.0 ms]
   [Clear CT: 0.4 ms]
   [Other: 3.5 ms]
      [Choose CSet: 0.0 ms]
      [Ref Proc: 0.9 ms]
      [Ref Enq: 0.1 ms]
      [Redirty Cards: 0.1 ms]
      [Humongous Register: 0.4 ms]
      [Humongous Reclaim: 0.1 ms]
      [Free CSet: 0.8 ms]
   [Eden: 1146.0M(1146.0M)->0.0B(1772.0M) Survivors: 34.0M->36.0M Heap: 3176.1M(6144.0M)->2032.1M(6144.0M)]
 [Times: user=0.05 sys=0.05, real=0.02 secs] 
2025-07-26T22:31:07.119+0800: 556420.954: [GC pause (G1 Evacuation Pause) (young), 0.0313690 secs]
   [Parallel Time: 22.1 ms, GC Workers: 8]
      [GC Worker Start (ms): Min: 556420959.0, Avg: 556420959.1, Max: 556420959.2, Diff: 0.2]
      [Ext Root Scanning (ms): Min: 3.3, Avg: 3.8, Max: 5.6, Diff: 2.3, Sum: 30.7]
      [Update RS (ms): Min: 9.1, Avg: 10.4, Max: 10.8, Diff: 1.7, Sum: 83.3]
         [Processed Buffers: Min: 49, Avg: 72.2, Max: 92, Diff: 43, Sum: 578]
      [Scan RS (ms): Min: 0.1, Avg: 0.2, Max: 0.3, Diff: 0.3, Sum: 1.6]
      [Code Root Scanning (ms): Min: 0.0, Avg: 0.0, Max: 0.0, Diff: 0.0, Sum: 0.0]
      [Object Copy (ms): Min: 6.4, Avg: 7.3, Max: 7.5, Diff: 1.2, Sum: 58.4]
      [Termination (ms): Min: 0.0, Avg: 0.0, Max: 0.0, Diff: 0.0, Sum: 0.0]
         [Termination Attempts: Min: 1, Avg: 3.4, Max: 6, Diff: 5, Sum: 27]
      [GC Worker Other (ms): Min: 0.1, Avg: 0.1, Max: 0.2, Diff: 0.1, Sum: 1.1]
      [GC Worker Total (ms): Min: 21.8, Avg: 21.9, Max: 22.0, Diff: 0.2, Sum: 175.1]
      [GC Worker End (ms): Min: 556420980.9, Avg: 556420981.0, Max: 556420981.0, Diff: 0.1]
   [Code Root Fixup: 0.0 ms]
   [Code Root Purge: 0.0 ms]
   [Clear CT: 0.4 ms]
   [Other: 8.8 ms]
      [Choose CSet: 0.0 ms]
      [Ref Proc: 1.0 ms]
      [Ref Enq: 0.1 ms]
      [Redirty Cards: 0.2 ms]
      [Humongous Register: 3.8 ms]
      [Humongous Reclaim: 0.3 ms]
      [Free CSet: 2.3 ms]
   [Eden: 1772.0M(1772.0M)->0.0B(2708.0M) Survivors: 36.0M->42.0M Heap: 3853.8M(6144.0M)->2038.1M(6144.0M)]
 [Times: user=0.19 sys=0.00, real=0.03 secs] 
2025-07-26T22:31:45.540+0800: 556459.375: [GC pause (G1 Evacuation Pause) (young), 0.0243386 secs]
   [Parallel Time: 18.2 ms, GC Workers: 8]
      [GC Worker Start (ms): Min: 556459376.3, Avg: 556459376.3, Max: 556459376.4, Diff: 0.2]
      [Ext Root Scanning (ms): Min: 2.4, Avg: 2.7, Max: 3.3, Diff: 0.9, Sum: 21.2]
      [Update RS (ms): Min: 8.9, Avg: 9.4, Max: 9.8, Diff: 0.8, Sum: 75.5]
         [Processed Buffers: Min: 55, Avg: 70.5, Max: 88, Diff: 33, Sum: 564]
      [Scan RS (ms): Min: 0.1, Avg: 0.3, Max: 0.3, Diff: 0.2, Sum: 2.2]
      [Code Root Scanning (ms): Min: 0.0, Avg: 0.0, Max: 0.0, Diff: 0.0, Sum: 0.1]
      [Object Copy (ms): Min: 5.3, Avg: 5.5, Max: 5.7, Diff: 0.4, Sum: 44.0]
      [Termination (ms): Min: 0.0, Avg: 0.1, Max: 0.2, Diff: 0.2, Sum: 0.6]
         [Termination Attempts: Min: 1, Avg: 1.6, Max: 3, Diff: 2, Sum: 13]
      [GC Worker Other (ms): Min: 0.0, Avg: 0.0, Max: 0.1, Diff: 0.0, Sum: 0.3]
      [GC Worker Total (ms): Min: 17.9, Avg: 18.0, Max: 18.1, Diff: 0.2, Sum: 144.0]
      [GC Worker End (ms): Min: 556459394.3, Avg: 556459394.3, Max: 556459394.4, Diff: 0.1]
   [Code Root Fixup: 0.1 ms]
   [Code Root Purge: 0.0 ms]
   [Clear CT: 0.5 ms]
   [Other: 5.6 ms]
      [Choose CSet: 0.0 ms]
      [Ref Proc: 1.5 ms]
      [Ref Enq: 0.2 ms]
      [Redirty Cards: 0.1 ms]
      [Humongous Register: 0.7 ms]
      [Humongous Reclaim: 0.2 ms]
      [Free CSet: 2.3 ms]
   [Eden: 2708.0M(2708.0M)->0.0B(2766.0M) Survivors: 42.0M->36.0M Heap: 4792.2M(6144.0M)->2032.6M(6144.0M)]
 [Times: user=0.15 sys=0.00, real=0.02 secs] 
2025-07-26T22:32:21.628+0800: 556495.463: [GC pause (G1 Evacuation Pause) (young), 0.0292008 secs]
   [Parallel Time: 20.3 ms, GC Workers: 8]
      [GC Worker Start (ms): Min: 556495465.8, Avg: 556495465.9, Max: 556495466.0, Diff: 0.2]
      [Ext Root Scanning (ms): Min: 2.9, Avg: 4.2, Max: 11.1, Diff: 8.2, Sum: 33.8]
      [Update RS (ms): Min: 0.3, Avg: 6.7, Max: 8.1, Diff: 7.7, Sum: 53.9]
         [Processed Buffers: Min: 2, Avg: 52.4, Max: 69, Diff: 67, Sum: 419]
      [Scan RS (ms): Min: 0.1, Avg: 0.3, Max: 0.4, Diff: 0.3, Sum: 2.3]
      [Code Root Scanning (ms): Min: 0.0, Avg: 0.0, Max: 0.0, Diff: 0.0, Sum: 0.1]
      [Object Copy (ms): Min: 8.5, Avg: 8.7, Max: 8.8, Diff: 0.3, Sum: 69.9]
      [Termination (ms): Min: 0.0, Avg: 0.0, Max: 0.0, Diff: 0.0, Sum: 0.1]
         [Termination Attempts: Min: 1, Avg: 4.1, Max: 7, Diff: 6, Sum: 33]
      [GC Worker Other (ms): Min: 0.1, Avg: 0.1, Max: 0.2, Diff: 0.1, Sum: 1.0]
      [GC Worker Total (ms): Min: 20.0, Avg: 20.1, Max: 20.2, Diff: 0.2, Sum: 161.1]
      [GC Worker End (ms): Min: 556495486.0, Avg: 556495486.0, Max: 556495486.1, Diff: 0.1]
   [Code Root Fixup: 0.0 ms]
   [Code Root Purge: 0.0 ms]
   [Clear CT: 0.4 ms]
   [Other: 8.4 ms]
      [Choose CSet: 0.0 ms]
      [Ref Proc: 1.6 ms]
      [Ref Enq: 0.2 ms]
      [Redirty Cards: 0.1 ms]
      [Humongous Register: 1.7 ms]
      [Humongous Reclaim: 0.2 ms]
      [Free CSet: 3.3 ms]
   [Eden: 2766.0M(2766.0M)->0.0B(2792.0M) Survivors: 36.0M->44.0M Heap: 4826.6M(6144.0M)->2044.6M(6144.0M)]
 [Times: user=0.17 sys=0.00, real=0.03 secs] 
2025-07-26T22:34:10.184+0800: 556604.019: [GC pause (G1 Evacuation Pause) (young), 0.0295223 secs]
   [Parallel Time: 24.0 ms, GC Workers: 8]
      [GC Worker Start (ms): Min: 556604020.6, Avg: 556604020.6, Max: 556604020.7, Diff: 0.1]
      [Ext Root Scanning (ms): Min: 2.1, Avg: 2.4, Max: 3.3, Diff: 1.2, Sum: 19.4]
      [Update RS (ms): Min: 12.6, Avg: 13.2, Max: 13.5, Diff: 0.9, Sum: 105.6]
         [Processed Buffers: Min: 82, Avg: 99.4, Max: 114, Diff: 32, Sum: 795]
      [Scan RS (ms): Min: 0.6, Avg: 0.9, Max: 1.0, Diff: 0.3, Sum: 6.9]
      [Code Root Scanning (ms): Min: 0.0, Avg: 0.0, Max: 0.0, Diff: 0.0, Sum: 0.1]
      [Object Copy (ms): Min: 7.1, Avg: 7.3, Max: 7.4, Diff: 0.3, Sum: 58.2]
      [Termination (ms): Min: 0.0, Avg: 0.0, Max: 0.0, Diff: 0.0, Sum: 0.1]
         [Termination Attempts: Min: 1, Avg: 14.1, Max: 22, Diff: 21, Sum: 113]
      [GC Worker Other (ms): Min: 0.0, Avg: 0.1, Max: 0.1, Diff: 0.1, Sum: 0.5]
      [GC Worker Total (ms): Min: 23.8, Avg: 23.9, Max: 23.9, Diff: 0.1, Sum: 190.8]
      [GC Worker End (ms): Min: 556604044.5, Avg: 556604044.5, Max: 556604044.5, Diff: 0.1]
   [Code Root Fixup: 0.0 ms]
   [Code Root Purge: 0.0 ms]
   [Clear CT: 0.4 ms]
   [Other: 5.1 ms]
      [Choose CSet: 0.0 ms]
      [Ref Proc: 1.2 ms]
      [Ref Enq: 0.1 ms]
      [Redirty Cards: 0.2 ms]
      [Humongous Register: 0.8 ms]
      [Humongous Reclaim: 0.4 ms]
      [Free CSet: 1.7 ms]
   [Eden: 2792.0M(2792.0M)->0.0B(2840.0M) Survivors: 44.0M->30.0M Heap: 4951.3M(6144.0M)->2028.2M(6144.0M)]
 [Times: user=0.20 sys=0.00, real=0.03 secs] 
2025-07-26T22:36:21.008+0800: 556734.843: [GC pause (G1 Evacuation Pause) (young), 0.0370189 secs]
   [Parallel Time: 28.8 ms, GC Workers: 8]
      [GC Worker Start (ms): Min: 556734845.3, Avg: 556734845.4, Max: 556734845.5, Diff: 0.2]
      [Ext Root Scanning (ms): Min: 2.8, Avg: 3.9, Max: 10.4, Diff: 7.7, Sum: 31.4]
      [Update RS (ms): Min: 9.4, Avg: 15.8, Max: 17.4, Diff: 8.0, Sum: 126.2]
         [Processed Buffers: Min: 64, Avg: 104.8, Max: 121, Diff: 57, Sum: 838]
      [Scan RS (ms): Min: 0.8, Avg: 1.4, Max: 1.6, Diff: 0.8, Sum: 11.2]
      [Code Root Scanning (ms): Min: 0.0, Avg: 0.0, Max: 0.0, Diff: 0.0, Sum: 0.1]
      [Object Copy (ms): Min: 7.2, Avg: 7.3, Max: 7.4, Diff: 0.2, Sum: 58.6]
      [Termination (ms): Min: 0.0, Avg: 0.0, Max: 0.0, Diff: 0.0, Sum: 0.0]
         [Termination Attempts: Min: 1, Avg: 2.9, Max: 4, Diff: 3, Sum: 23]
      [GC Worker Other (ms): Min: 0.1, Avg: 0.1, Max: 0.2, Diff: 0.1, Sum: 1.1]
      [GC Worker Total (ms): Min: 28.4, Avg: 28.6, Max: 28.7, Diff: 0.3, Sum: 228.6]
      [GC Worker End (ms): Min: 556734873.9, Avg: 556734874.0, Max: 556734874.0, Diff: 0.1]
   [Code Root Fixup: 0.0 ms]
   [Code Root Purge: 0.0 ms]
   [Clear CT: 0.6 ms]
   [Other: 7.6 ms]
      [Choose CSet: 0.0 ms]
      [Ref Proc: 1.0 ms]
      [Ref Enq: 0.1 ms]
      [Redirty Cards: 0.1 ms]
      [Humongous Register: 1.4 ms]
      [Humongous Reclaim: 0.4 ms]
      [Free CSet: 3.5 ms]
   [Eden: 2840.0M(2840.0M)->0.0B(2862.0M) Survivors: 30.0M->34.0M Heap: 5037.9M(6144.0M)->2034.7M(6144.0M)]
 [Times: user=0.22 sys=0.01, real=0.03 secs] 
2025-07-26T22:52:36.843+0800: 557710.679: [GC pause (GCLocker Initiated GC) (young), 0.0444013 secs]
   [Parallel Time: 32.7 ms, GC Workers: 8]
      [GC Worker Start (ms): Min: 557710680.9, Avg: 557710681.1, Max: 557710681.2, Diff: 0.2]
      [Ext Root Scanning (ms): Min: 2.6, Avg: 3.9, Max: 11.5, Diff: 8.9, Sum: 31.0]
      [Update RS (ms): Min: 11.2, Avg: 18.7, Max: 19.9, Diff: 8.7, Sum: 149.5]
         [Processed Buffers: Min: 75, Avg: 108.9, Max: 131, Diff: 56, Sum: 871]
      [Scan RS (ms): Min: 0.1, Avg: 0.3, Max: 0.4, Diff: 0.3, Sum: 2.5]
      [Code Root Scanning (ms): Min: 0.0, Avg: 0.0, Max: 0.0, Diff: 0.0, Sum: 0.1]
      [Object Copy (ms): Min: 8.8, Avg: 9.2, Max: 9.4, Diff: 0.6, Sum: 73.8]
      [Termination (ms): Min: 0.0, Avg: 0.2, Max: 0.3, Diff: 0.3, Sum: 1.7]
         [Termination Attempts: Min: 1, Avg: 1.2, Max: 2, Diff: 1, Sum: 10]
      [GC Worker Other (ms): Min: 0.1, Avg: 0.1, Max: 0.1, Diff: 0.1, Sum: 0.8]
      [GC Worker Total (ms): Min: 32.3, Avg: 32.4, Max: 32.5, Diff: 0.2, Sum: 259.3]
      [GC Worker End (ms): Min: 557710713.3, Avg: 557710713.5, Max: 557710713.5, Diff: 0.2]
   [Code Root Fixup: 0.0 ms]
   [Code Root Purge: 0.0 ms]
   [Clear CT: 0.7 ms]
   [Other: 11.0 ms]
      [Choose CSet: 0.0 ms]
      [Ref Proc: 4.3 ms]
      [Ref Enq: 0.1 ms]
      [Redirty Cards: 0.1 ms]
      [Humongous Register: 1.5 ms]
      [Humongous Reclaim: 0.4 ms]
      [Free CSet: 3.5 ms]
   [Eden: 2862.0M(2862.0M)->0.0B(2882.0M) Survivors: 34.0M->30.0M Heap: 4988.4M(6144.0M)->2033.2M(6144.0M)]
 [Times: user=0.23 sys=0.05, real=0.05 secs] 
2025-07-26T22:56:13.027+0800: 557926.863: [GC pause (G1 Evacuation Pause) (young), 0.0385534 secs]
   [Parallel Time: 24.1 ms, GC Workers: 8]
      [GC Worker Start (ms): Min: 557926866.7, Avg: 557926866.7, Max: 557926866.8, Diff: 0.2]
      [Ext Root Scanning (ms): Min: 2.8, Avg: 4.1, Max: 11.3, Diff: 8.5, Sum: 33.0]
      [Update RS (ms): Min: 0.0, Avg: 4.8, Max: 6.2, Diff: 6.2, Sum: 38.2]
         [Processed Buffers: Min: 0, Avg: 26.5, Max: 47, Diff: 47, Sum: 212]
      [Scan RS (ms): Min: 0.1, Avg: 0.3, Max: 0.5, Diff: 0.4, Sum: 2.3]
      [Code Root Scanning (ms): Min: 0.0, Avg: 0.0, Max: 0.0, Diff: 0.0, Sum: 0.1]
      [Object Copy (ms): Min: 10.1, Avg: 11.5, Max: 12.4, Diff: 2.3, Sum: 92.3]
      [Termination (ms): Min: 2.4, Avg: 3.0, Max: 3.8, Diff: 1.4, Sum: 24.3]
         [Termination Attempts: Min: 185, Avg: 315.6, Max: 446, Diff: 261, Sum: 2525]
      [GC Worker Other (ms): Min: 0.1, Avg: 0.1, Max: 0.2, Diff: 0.1, Sum: 0.9]
      [GC Worker Total (ms): Min: 23.8, Avg: 23.9, Max: 24.0, Diff: 0.3, Sum: 191.1]
      [GC Worker End (ms): Min: 557926890.6, Avg: 557926890.6, Max: 557926890.7, Diff: 0.2]
   [Code Root Fixup: 0.0 ms]
   [Code Root Purge: 0.0 ms]
   [Clear CT: 0.6 ms]
   [Other: 13.7 ms]
      [Choose CSet: 0.0 ms]
      [Ref Proc: 4.2 ms]
      [Ref Enq: 0.1 ms]
      [Redirty Cards: 0.1 ms]
      [Humongous Register: 3.3 ms]
      [Humongous Reclaim: 0.2 ms]
      [Free CSet: 4.8 ms]
   [Eden: 2882.0M(2882.0M)->0.0B(2898.0M) Survivors: 30.0M->32.0M Heap: 4921.2M(6144.0M)->2036.2M(6144.0M)]
 [Times: user=0.18 sys=0.03, real=0.03 secs] 
2025-07-26T22:58:20.910+0800: 558054.746: [GC pause (G1 Evacuation Pause) (young), 0.0525979 secs]
   [Parallel Time: 44.1 ms, GC Workers: 8]
      [GC Worker Start (ms): Min: 558054747.9, Avg: 558054747.9, Max: 558054748.0, Diff: 0.1]
      [Ext Root Scanning (ms): Min: 2.6, Avg: 3.7, Max: 10.0, Diff: 7.4, Sum: 29.8]
      [Update RS (ms): Min: 19.6, Avg: 25.8, Max: 27.4, Diff: 7.8, Sum: 206.3]
         [Processed Buffers: Min: 133, Avg: 164.8, Max: 179, Diff: 46, Sum: 1318]
      [Scan RS (ms): Min: 2.0, Avg: 2.6, Max: 2.7, Diff: 0.8, Sum: 20.4]
      [Code Root Scanning (ms): Min: 0.0, Avg: 0.0, Max: 0.0, Diff: 0.0, Sum: 0.1]
      [Object Copy (ms): Min: 11.6, Avg: 11.8, Max: 11.8, Diff: 0.2, Sum: 94.0]
      [Termination (ms): Min: 0.0, Avg: 0.0, Max: 0.0, Diff: 0.0, Sum: 0.0]
         [Termination Attempts: Min: 1, Avg: 1.5, Max: 2, Diff: 1, Sum: 12]
      [GC Worker Other (ms): Min: 0.1, Avg: 0.1, Max: 0.2, Diff: 0.1, Sum: 1.0]
      [GC Worker Total (ms): Min: 43.9, Avg: 43.9, Max: 44.0, Diff: 0.2, Sum: 351.6]
      [GC Worker End (ms): Min: 558054791.8, Avg: 558054791.9, Max: 558054791.9, Diff: 0.1]
   [Code Root Fixup: 0.0 ms]
   [Code Root Purge: 0.0 ms]
   [Clear CT: 0.5 ms]
   [Other: 7.9 ms]
      [Choose CSet: 0.0 ms]
      [Ref Proc: 1.1 ms]
      [Ref Enq: 0.1 ms]
      [Redirty Cards: 0.1 ms]
      [Humongous Register: 1.4 ms]
      [Humongous Reclaim: 0.5 ms]
      [Free CSet: 3.7 ms]
   [Eden: 2898.0M(2898.0M)->0.0B(2900.0M) Survivors: 32.0M->50.0M Heap: 5122.0M(6144.0M)->2047.2M(6144.0M)]
 [Times: user=0.31 sys=0.05, real=0.05 secs] 
2025-07-26T23:00:03.891+0800: 558157.727: [GC pause (G1 Evacuation Pause) (young), 0.1660319 secs]
   [Parallel Time: 137.6 ms, GC Workers: 8]
      [GC Worker Start (ms): Min: 558157727.8, Avg: 558157727.9, Max: 558157727.9, Diff: 0.1]
      [Ext Root Scanning (ms): Min: 2.4, Avg: 3.3, Max: 9.2, Diff: 6.8, Sum: 26.6]
      [Update RS (ms): Min: 25.8, Avg: 31.3, Max: 32.1, Diff: 6.3, Sum: 250.3]
         [Processed Buffers: Min: 102, Avg: 134.2, Max: 159, Diff: 57, Sum: 1074]
      [Scan RS (ms): Min: 0.1, Avg: 0.3, Max: 0.4, Diff: 0.3, Sum: 2.4]
      [Code Root Scanning (ms): Min: 0.0, Avg: 0.0, Max: 0.0, Diff: 0.0, Sum: 0.1]
      [Object Copy (ms): Min: 101.7, Avg: 101.9, Max: 102.2, Diff: 0.5, Sum: 815.6]
      [Termination (ms): Min: 0.0, Avg: 0.5, Max: 0.6, Diff: 0.6, Sum: 4.2]
         [Termination Attempts: Min: 1, Avg: 544.5, Max: 672, Diff: 671, Sum: 4356]
      [GC Worker Other (ms): Min: 0.0, Avg: 0.1, Max: 0.1, Diff: 0.1, Sum: 0.6]
      [GC Worker Total (ms): Min: 137.4, Avg: 137.5, Max: 137.5, Diff: 0.1, Sum: 1099.7]
      [GC Worker End (ms): Min: 558157865.3, Avg: 558157865.3, Max: 558157865.4, Diff: 0.1]
   [Code Root Fixup: 0.1 ms]
   [Code Root Purge: 0.0 ms]
   [Clear CT: 0.6 ms]
   [Other: 27.7 ms]
      [Choose CSet: 0.0 ms]
      [Ref Proc: 23.3 ms]
      [Ref Enq: 0.9 ms]
      [Redirty Cards: 0.2 ms]
      [Humongous Register: 0.4 ms]
      [Humongous Reclaim: 0.3 ms]
      [Free CSet: 1.8 ms]
   [Eden: 2900.0M(2900.0M)->0.0B(2494.0M) Survivors: 50.0M->262.0M Heap: 5049.5M(6144.0M)->2266.7M(6144.0M)]
 [Times: user=1.13 sys=0.00, real=0.17 secs] 
2025-07-26T23:00:06.836+0800: 558160.671: [GC pause (G1 Evacuation Pause) (young), 0.3022191 secs]
   [Parallel Time: 269.3 ms, GC Workers: 8]
      [GC Worker Start (ms): Min: 558160678.2, Avg: 558160678.2, Max: 558160678.3, Diff: 0.2]
      [Ext Root Scanning (ms): Min: 3.4, Avg: 3.9, Max: 5.9, Diff: 2.5, Sum: 31.4]
      [Update RS (ms): Min: 34.8, Avg: 36.1, Max: 36.9, Diff: 2.2, Sum: 288.6]
         [Processed Buffers: Min: 19, Avg: 37.5, Max: 89, Diff: 70, Sum: 300]
      [Scan RS (ms): Min: 0.1, Avg: 0.3, Max: 0.5, Diff: 0.4, Sum: 2.3]
      [Code Root Scanning (ms): Min: 0.0, Avg: 0.0, Max: 0.0, Diff: 0.0, Sum: 0.1]
      [Object Copy (ms): Min: 228.0, Avg: 228.3, Max: 228.9, Diff: 0.9, Sum: 1826.7]
      [Termination (ms): Min: 0.0, Avg: 0.3, Max: 0.4, Diff: 0.4, Sum: 2.5]
         [Termination Attempts: Min: 1, Avg: 355.1, Max: 436, Diff: 435, Sum: 2841]
      [GC Worker Other (ms): Min: 0.1, Avg: 0.2, Max: 0.2, Diff: 0.1, Sum: 1.2]
      [GC Worker Total (ms): Min: 269.0, Avg: 269.1, Max: 269.2, Diff: 0.2, Sum: 2152.8]
      [GC Worker End (ms): Min: 558160947.3, Avg: 558160947.3, Max: 558160947.4, Diff: 0.1]
   [Code Root Fixup: 0.1 ms]
   [Code Root Purge: 0.0 ms]
   [Clear CT: 0.6 ms]
   [Other: 32.2 ms]
      [Choose CSet: 0.2 ms]
      [Ref Proc: 19.4 ms]
      [Ref Enq: 0.8 ms]
      [Redirty Cards: 0.7 ms]
      [Humongous Register: 5.8 ms]
      [Humongous Reclaim: 0.2 ms]
      [Free CSet: 3.9 ms]
   [Eden: 2494.0M(2494.0M)->0.0B(642.0M) Survivors: 262.0M->274.0M Heap: 4771.9M(6144.0M)->2514.5M(6144.0M)]
 [Times: user=2.17 sys=0.00, real=0.31 secs] 
2025-07-26T23:00:09.277+0800: 558163.112: [GC pause (G1 Evacuation Pause) (young), 0.1414248 secs]
   [Parallel Time: 125.2 ms, GC Workers: 8]
      [GC Worker Start (ms): Min: 558163113.2, Avg: 558163113.2, Max: 558163113.3, Diff: 0.1]
      [Ext Root Scanning (ms): Min: 2.4, Avg: 2.7, Max: 3.2, Diff: 0.8, Sum: 21.3]
      [Update RS (ms): Min: 24.4, Avg: 24.8, Max: 24.9, Diff: 0.5, Sum: 198.2]
         [Processed Buffers: Min: 71, Avg: 91.5, Max: 107, Diff: 36, Sum: 732]
      [Scan RS (ms): Min: 2.7, Avg: 2.8, Max: 2.9, Diff: 0.2, Sum: 22.4]
      [Code Root Scanning (ms): Min: 0.0, Avg: 0.0, Max: 0.0, Diff: 0.0, Sum: 0.0]
      [Object Copy (ms): Min: 94.3, Avg: 94.5, Max: 94.7, Diff: 0.3, Sum: 756.4]
      [Termination (ms): Min: 0.0, Avg: 0.2, Max: 0.3, Diff: 0.3, Sum: 1.7]
         [Termination Attempts: Min: 1, Avg: 204.4, Max: 252, Diff: 251, Sum: 1635]
      [GC Worker Other (ms): Min: 0.0, Avg: 0.0, Max: 0.1, Diff: 0.0, Sum: 0.4]
      [GC Worker Total (ms): Min: 125.0, Avg: 125.1, Max: 125.1, Diff: 0.1, Sum: 1000.4]
      [GC Worker End (ms): Min: 558163238.2, Avg: 558163238.3, Max: 558163238.3, Diff: 0.1]
   [Code Root Fixup: 0.1 ms]
   [Code Root Purge: 0.0 ms]
   [Clear CT: 0.3 ms]
   [Other: 15.9 ms]
      [Choose CSet: 0.0 ms]
      [Ref Proc: 12.4 ms]
      [Ref Enq: 0.5 ms]
      [Redirty Cards: 0.8 ms]
      [Humongous Register: 0.3 ms]
      [Humongous Reclaim: 0.1 ms]
      [Free CSet: 0.9 ms]
   [Eden: 500.0M(500.0M)->0.0B(2208.0M) Survivors: 274.0M->42.0M Heap: 3014.5M(6144.0M)->2538.2M(6144.0M)]
 [Times: user=0.99 sys=0.03, real=0.15 secs] 
2025-07-26T23:00:21.041+0800: 558174.877: [GC pause (G1 Humongous Allocation) (young) (initial-mark), 0.1542571 secs]
   [Parallel Time: 86.7 ms, GC Workers: 8]
      [GC Worker Start (ms): Min: 558174878.4, Avg: 558174878.6, Max: 558174878.7, Diff: 0.3]
      [Ext Root Scanning (ms): Min: 3.3, Avg: 3.6, Max: 4.0, Diff: 0.6, Sum: 28.6]
      [Update RS (ms): Min: 19.9, Avg: 20.2, Max: 20.5, Diff: 0.6, Sum: 161.7]
         [Processed Buffers: Min: 70, Avg: 85.2, Max: 101, Diff: 31, Sum: 682]
      [Scan RS (ms): Min: 0.1, Avg: 0.2, Max: 0.2, Diff: 0.2, Sum: 1.5]
      [Code Root Scanning (ms): Min: 0.0, Avg: 0.0, Max: 0.0, Diff: 0.0, Sum: 0.0]
      [Object Copy (ms): Min: 60.2, Avg: 60.6, Max: 61.4, Diff: 1.2, Sum: 484.9]
      [Termination (ms): Min: 1.0, Avg: 1.4, Max: 1.5, Diff: 0.6, Sum: 10.8]
         [Termination Attempts: Min: 794, Avg: 1166.4, Max: 1466, Diff: 672, Sum: 9331]
      [GC Worker Other (ms): Min: 0.0, Avg: 0.1, Max: 0.1, Diff: 0.1, Sum: 0.5]
      [GC Worker Total (ms): Min: 85.9, Avg: 86.0, Max: 86.2, Diff: 0.2, Sum: 688.1]
      [GC Worker End (ms): Min: 558174964.5, Avg: 558174964.6, Max: 558174964.6, Diff: 0.1]
   [Code Root Fixup: 0.1 ms]
   [Code Root Purge: 0.0 ms]
   [Clear CT: 0.4 ms]
   [Other: 67.1 ms]
      [Choose CSet: 0.0 ms]
      [Ref Proc: 61.2 ms]
      [Ref Enq: 2.4 ms]
      [Redirty Cards: 0.2 ms]
      [Humongous Register: 0.4 ms]
      [Humongous Reclaim: 0.2 ms]
      [Free CSet: 1.2 ms]
   [Eden: 1784.0M(2208.0M)->0.0B(430.0M) Survivors: 42.0M->64.0M Heap: 4321.0M(6144.0M)->2559.2M(6144.0M)]
 [Times: user=0.75 sys=0.00, real=0.15 secs] 
2025-07-26T23:00:21.196+0800: 558175.031: [GC concurrent-root-region-scan-start]
2025-07-26T23:00:21.221+0800: 558175.057: [GC concurrent-root-region-scan-end, 0.0257018 secs]
2025-07-26T23:00:21.221+0800: 558175.057: [GC concurrent-mark-start]
2025-07-26T23:00:21.734+0800: 558175.570: [GC pause (G1 Evacuation Pause) (young), 0.0277813 secs]
   [Parallel Time: 22.8 ms, GC Workers: 8]
      [GC Worker Start (ms): Min: 558175570.5, Avg: 558175570.6, Max: 558175570.7, Diff: 0.2]
      [Ext Root Scanning (ms): Min: 2.2, Avg: 2.5, Max: 3.1, Diff: 0.9, Sum: 19.7]
      [Update RS (ms): Min: 8.6, Avg: 9.0, Max: 9.6, Diff: 1.0, Sum: 72.3]
         [Processed Buffers: Min: 45, Avg: 55.4, Max: 61, Diff: 16, Sum: 443]
      [Scan RS (ms): Min: 0.0, Avg: 0.0, Max: 0.1, Diff: 0.0, Sum: 0.4]
      [Code Root Scanning (ms): Min: 0.0, Avg: 0.0, Max: 0.0, Diff: 0.0, Sum: 0.0]
      [Object Copy (ms): Min: 10.6, Avg: 11.0, Max: 11.1, Diff: 0.5, Sum: 87.9]
      [Termination (ms): Min: 0.0, Avg: 0.0, Max: 0.0, Diff: 0.0, Sum: 0.0]
         [Termination Attempts: Min: 1, Avg: 2.1, Max: 3, Diff: 2, Sum: 17]
      [GC Worker Other (ms): Min: 0.0, Avg: 0.0, Max: 0.1, Diff: 0.0, Sum: 0.2]
      [GC Worker Total (ms): Min: 22.5, Avg: 22.6, Max: 22.7, Diff: 0.2, Sum: 180.8]
      [GC Worker End (ms): Min: 558175593.2, Avg: 558175593.3, Max: 558175593.3, Diff: 0.0]
   [Code Root Fixup: 0.1 ms]
   [Code Root Purge: 0.0 ms]
   [Clear CT: 0.2 ms]
   [Other: 4.8 ms]
      [Choose CSet: 0.0 ms]
      [Ref Proc: 2.9 ms]
      [Ref Enq: 0.1 ms]
      [Redirty Cards: 0.2 ms]
      [Humongous Register: 0.3 ms]
      [Humongous Reclaim: 0.3 ms]
      [Free CSet: 0.3 ms]
   [Eden: 430.0M(430.0M)->0.0B(1094.0M) Survivors: 64.0M->28.0M Heap: 3035.3M(6144.0M)->2559.2M(6144.0M)]
 [Times: user=0.19 sys=0.00, real=0.03 secs] 
2025-07-26T23:00:22.003+0800: 558175.839: [GC concurrent-mark-end, 0.7820359 secs]
2025-07-26T23:00:22.007+0800: 558175.843: [GC remark 2025-07-26T23:00:22.007+0800: 558175.843: [Finalize Marking, 0.0006711 secs] 2025-07-26T23:00:22.008+0800: 558175.843: [GC ref-proc, 0.0080658 secs] 2025-07-26T23:00:22.016+0800: 558175.851: [Unloading, 0.0556157 secs], 0.0672632 secs]
 [Times: user=0.33 sys=0.06, real=0.06 secs] 
2025-07-26T23:00:22.078+0800: 558175.914: [GC cleanup 2608M->2107M(6144M), 0.0040897 secs]
 [Times: user=0.01 sys=0.02, real=0.00 secs] 
2025-07-26T23:00:22.083+0800: 558175.918: [GC concurrent-cleanup-start]
2025-07-26T23:00:22.084+0800: 558175.919: [GC concurrent-cleanup-end, 0.0009253 secs]
2025-07-26T23:00:29.802+0800: 558183.637: [GC pause (G1 Evacuation Pause) (young), 0.1085180 secs]
   [Parallel Time: 62.0 ms, GC Workers: 8]
      [GC Worker Start (ms): Min: 558183638.0, Avg: 558183638.1, Max: 558183638.1, Diff: 0.2]
      [Ext Root Scanning (ms): Min: 2.3, Avg: 2.6, Max: 3.4, Diff: 1.1, Sum: 20.9]
      [Update RS (ms): Min: 6.6, Avg: 7.3, Max: 7.8, Diff: 1.2, Sum: 58.3]
         [Processed Buffers: Min: 25, Avg: 37.6, Max: 50, Diff: 25, Sum: 301]
      [Scan RS (ms): Min: 0.0, Avg: 0.1, Max: 0.1, Diff: 0.1, Sum: 0.8]
      [Code Root Scanning (ms): Min: 0.0, Avg: 0.0, Max: 0.0, Diff: 0.0, Sum: 0.0]
      [Object Copy (ms): Min: 49.3, Avg: 49.5, Max: 49.7, Diff: 0.4, Sum: 396.0]
      [Termination (ms): Min: 1.9, Avg: 2.1, Max: 2.4, Diff: 0.5, Sum: 17.1]
         [Termination Attempts: Min: 1576, Avg: 1755.8, Max: 1948, Diff: 372, Sum: 14046]
      [GC Worker Other (ms): Min: 0.0, Avg: 0.0, Max: 0.1, Diff: 0.1, Sum: 0.3]
      [GC Worker Total (ms): Min: 61.6, Avg: 61.7, Max: 61.7, Diff: 0.1, Sum: 493.5]
      [GC Worker End (ms): Min: 558183699.7, Avg: 558183699.8, Max: 558183699.8, Diff: 0.1]
   [Code Root Fixup: 0.1 ms]
   [Code Root Purge: 0.0 ms]
   [Clear CT: 0.3 ms]
   [Other: 46.2 ms]
      [Choose CSet: 0.0 ms]
      [Ref Proc: 42.6 ms]
      [Ref Enq: 1.4 ms]
      [Redirty Cards: 0.1 ms]
      [Humongous Register: 0.5 ms]
      [Humongous Reclaim: 0.1 ms]
      [Free CSet: 0.7 ms]
   [Eden: 1094.0M(1094.0M)->0.0B(266.0M) Survivors: 28.0M->40.0M Heap: 3152.1M(6144.0M)->2070.1M(6144.0M)]
 [Times: user=0.54 sys=0.00, real=0.11 secs] 
2025-07-26T23:00:31.484+0800: 558185.320: [GC pause (G1 Evacuation Pause) (mixed), 0.0425948 secs]
   [Parallel Time: 31.1 ms, GC Workers: 8]
      [GC Worker Start (ms): Min: 558185320.8, Avg: 558185320.9, Max: 558185320.9, Diff: 0.1]
      [Ext Root Scanning (ms): Min: 2.2, Avg: 2.5, Max: 3.1, Diff: 0.8, Sum: 20.1]
      [Update RS (ms): Min: 0.3, Avg: 0.9, Max: 1.2, Diff: 0.9, Sum: 6.9]
         [Processed Buffers: Min: 2, Avg: 14.4, Max: 25, Diff: 23, Sum: 115]
      [Scan RS (ms): Min: 4.4, Avg: 4.7, Max: 4.9, Diff: 0.5, Sum: 37.4]
      [Code Root Scanning (ms): Min: 0.0, Avg: 0.0, Max: 0.0, Diff: 0.0, Sum: 0.0]
      [Object Copy (ms): Min: 22.6, Avg: 22.9, Max: 23.0, Diff: 0.4, Sum: 182.8]
      [Termination (ms): Min: 0.0, Avg: 0.0, Max: 0.0, Diff: 0.0, Sum: 0.0]
         [Termination Attempts: Min: 1, Avg: 1.5, Max: 3, Diff: 2, Sum: 12]
      [GC Worker Other (ms): Min: 0.0, Avg: 0.0, Max: 0.1, Diff: 0.0, Sum: 0.3]
      [GC Worker Total (ms): Min: 30.9, Avg: 30.9, Max: 31.0, Diff: 0.1, Sum: 247.5]
      [GC Worker End (ms): Min: 558185351.8, Avg: 558185351.8, Max: 558185351.8, Diff: 0.0]
   [Code Root Fixup: 0.1 ms]
   [Code Root Purge: 0.0 ms]
   [Clear CT: 0.5 ms]
   [Other: 11.0 ms]
      [Choose CSet: 0.4 ms]
      [Ref Proc: 6.6 ms]
      [Ref Enq: 0.3 ms]
      [Redirty Cards: 0.2 ms]
      [Humongous Register: 0.4 ms]
      [Humongous Reclaim: 0.1 ms]
      [Free CSet: 2.1 ms]
   [Eden: 266.0M(266.0M)->0.0B(276.0M) Survivors: 40.0M->30.0M Heap: 2336.1M(6144.0M)->1503.1M(6144.0M)]
 [Times: user=0.23 sys=0.03, real=0.05 secs] 
2025-07-26T23:00:33.381+0800: 558187.216: [GC pause (G1 Evacuation Pause) (mixed), 0.0373577 secs]
   [Parallel Time: 27.1 ms, GC Workers: 8]
      [GC Worker Start (ms): Min: 558187216.9, Avg: 558187216.9, Max: 558187217.0, Diff: 0.1]
      [Ext Root Scanning (ms): Min: 2.3, Avg: 2.6, Max: 3.5, Diff: 1.2, Sum: 20.5]
      [Update RS (ms): Min: 11.7, Avg: 12.5, Max: 12.9, Diff: 1.1, Sum: 100.1]
         [Processed Buffers: Min: 36, Avg: 46.5, Max: 53, Diff: 17, Sum: 372]
      [Scan RS (ms): Min: 0.7, Avg: 0.9, Max: 1.0, Diff: 0.3, Sum: 7.2]
      [Code Root Scanning (ms): Min: 0.0, Avg: 0.0, Max: 0.0, Diff: 0.0, Sum: 0.0]
      [Object Copy (ms): Min: 10.5, Avg: 10.7, Max: 10.9, Diff: 0.4, Sum: 85.5]
      [Termination (ms): Min: 0.0, Avg: 0.2, Max: 0.4, Diff: 0.4, Sum: 2.0]
         [Termination Attempts: Min: 1, Avg: 239.6, Max: 288, Diff: 287, Sum: 1917]
      [GC Worker Other (ms): Min: 0.0, Avg: 0.0, Max: 0.1, Diff: 0.0, Sum: 0.2]
      [GC Worker Total (ms): Min: 26.9, Avg: 26.9, Max: 27.0, Diff: 0.1, Sum: 215.5]
      [GC Worker End (ms): Min: 558187243.9, Avg: 558187243.9, Max: 558187243.9, Diff: 0.0]
   [Code Root Fixup: 0.1 ms]
   [Code Root Purge: 0.0 ms]
   [Clear CT: 0.3 ms]
   [Other: 9.9 ms]
      [Choose CSet: 0.0 ms]
      [Ref Proc: 7.8 ms]
      [Ref Enq: 0.3 ms]
      [Redirty Cards: 0.2 ms]
      [Humongous Register: 0.4 ms]
      [Humongous Reclaim: 0.1 ms]
      [Free CSet: 0.3 ms]
   [Eden: 276.0M(276.0M)->0.0B(284.0M) Survivors: 30.0M->22.0M Heap: 1779.1M(6144.0M)->1494.1M(6144.0M)]
 [Times: user=0.22 sys=0.00, real=0.04 secs] 
2025-07-26T23:00:35.641+0800: 558189.476: [GC pause (G1 Evacuation Pause) (young), 0.0212732 secs]
   [Parallel Time: 13.6 ms, GC Workers: 8]
      [GC Worker Start (ms): Min: 558189477.1, Avg: 558189477.2, Max: 558189477.3, Diff: 0.2]
      [Ext Root Scanning (ms): Min: 2.3, Avg: 2.6, Max: 3.4, Diff: 1.1, Sum: 20.6]
      [Update RS (ms): Min: 3.3, Avg: 3.8, Max: 4.0, Diff: 0.7, Sum: 30.4]
         [Processed Buffers: Min: 10, Avg: 23.6, Max: 40, Diff: 30, Sum: 189]
      [Scan RS (ms): Min: 0.0, Avg: 0.0, Max: 0.0, Diff: 0.0, Sum: 0.2]
      [Code Root Scanning (ms): Min: 0.0, Avg: 0.0, Max: 0.0, Diff: 0.0, Sum: 0.0]
      [Object Copy (ms): Min: 6.7, Avg: 6.9, Max: 7.0, Diff: 0.3, Sum: 55.1]
      [Termination (ms): Min: 0.0, Avg: 0.1, Max: 0.1, Diff: 0.1, Sum: 0.6]
         [Termination Attempts: Min: 1, Avg: 73.6, Max: 93, Diff: 92, Sum: 589]
      [GC Worker Other (ms): Min: 0.0, Avg: 0.0, Max: 0.0, Diff: 0.0, Sum: 0.2]
      [GC Worker Total (ms): Min: 13.3, Avg: 13.4, Max: 13.5, Diff: 0.2, Sum: 107.0]
      [GC Worker End (ms): Min: 558189490.6, Avg: 558189490.6, Max: 558189490.6, Diff: 0.0]
   [Code Root Fixup: 0.1 ms]
   [Code Root Purge: 0.0 ms]
   [Clear CT: 0.2 ms]
   [Other: 7.4 ms]
      [Choose CSet: 0.0 ms]
      [Ref Proc: 5.3 ms]
      [Ref Enq: 0.3 ms]
      [Redirty Cards: 0.1 ms]
      [Humongous Register: 0.4 ms]
      [Humongous Reclaim: 0.1 ms]
      [Free CSet: 0.3 ms]
   [Eden: 284.0M(284.0M)->0.0B(1148.0M) Survivors: 22.0M->28.0M Heap: 1778.1M(6144.0M)->1501.1M(6144.0M)]
 [Times: user=0.11 sys=0.00, real=0.02 secs] 
2025-07-26T23:00:43.712+0800: 558197.548: [GC pause (G1 Evacuation Pause) (young), 0.0937496 secs]
   [Parallel Time: 52.8 ms, GC Workers: 8]
      [GC Worker Start (ms): Min: 558197548.4, Avg: 558197548.4, Max: 558197548.5, Diff: 0.1]
      [Ext Root Scanning (ms): Min: 2.3, Avg: 2.6, Max: 3.2, Diff: 1.0, Sum: 20.4]
      [Update RS (ms): Min: 0.4, Avg: 0.9, Max: 1.1, Diff: 0.8, Sum: 7.2]
         [Processed Buffers: Min: 3, Avg: 19.4, Max: 31, Diff: 28, Sum: 155]
      [Scan RS (ms): Min: 0.1, Avg: 0.1, Max: 0.1, Diff: 0.1, Sum: 0.9]
      [Code Root Scanning (ms): Min: 0.0, Avg: 0.0, Max: 0.0, Diff: 0.0, Sum: 0.0]
      [Object Copy (ms): Min: 47.1, Avg: 47.2, Max: 47.3, Diff: 0.3, Sum: 377.7]
      [Termination (ms): Min: 1.7, Avg: 1.8, Max: 2.0, Diff: 0.3, Sum: 14.3]
         [Termination Attempts: Min: 1316, Avg: 1441.8, Max: 1549, Diff: 233, Sum: 11534]
      [GC Worker Other (ms): Min: 0.0, Avg: 0.1, Max: 0.1, Diff: 0.1, Sum: 0.5]
      [GC Worker Total (ms): Min: 52.5, Avg: 52.6, Max: 52.7, Diff: 0.1, Sum: 420.9]
      [GC Worker End (ms): Min: 558197601.0, Avg: 558197601.0, Max: 558197601.1, Diff: 0.1]
   [Code Root Fixup: 0.1 ms]
   [Code Root Purge: 0.0 ms]
   [Clear CT: 0.4 ms]
   [Other: 40.5 ms]
      [Choose CSet: 0.0 ms]
      [Ref Proc: 36.7 ms]
      [Ref Enq: 1.5 ms]
      [Redirty Cards: 0.3 ms]
      [Humongous Register: 0.4 ms]
      [Humongous Reclaim: 0.1 ms]
      [Free CSet: 0.7 ms]
   [Eden: 1148.0M(1148.0M)->0.0B(1188.0M) Survivors: 28.0M->40.0M Heap: 2649.1M(6144.0M)->1512.1M(6144.0M)]
 [Times: user=0.46 sys=0.00, real=0.09 secs] 
2025-07-26T23:00:51.691+0800: 558205.526: [GC pause (G1 Evacuation Pause) (young), 0.0839420 secs]
   [Parallel Time: 47.5 ms, GC Workers: 8]
      [GC Worker Start (ms): Min: 558205527.1, Avg: 558205527.2, Max: 558205527.2, Diff: 0.1]
      [Ext Root Scanning (ms): Min: 2.3, Avg: 2.5, Max: 3.2, Diff: 0.9, Sum: 20.2]
      [Update RS (ms): Min: 0.8, Avg: 1.3, Max: 1.6, Diff: 0.8, Sum: 10.8]
         [Processed Buffers: Min: 6, Avg: 21.9, Max: 43, Diff: 37, Sum: 175]
      [Scan RS (ms): Min: 0.0, Avg: 0.1, Max: 0.2, Diff: 0.1, Sum: 0.9]
      [Code Root Scanning (ms): Min: 0.0, Avg: 0.0, Max: 0.0, Diff: 0.0, Sum: 0.0]
      [Object Copy (ms): Min: 41.5, Avg: 41.9, Max: 42.1, Diff: 0.6, Sum: 335.1]
      [Termination (ms): Min: 1.3, Avg: 1.4, Max: 1.6, Diff: 0.4, Sum: 11.5]
         [Termination Attempts: Min: 1096, Avg: 1220.9, Max: 1398, Diff: 302, Sum: 9767]
      [GC Worker Other (ms): Min: 0.0, Avg: 0.1, Max: 0.1, Diff: 0.1, Sum: 0.4]
      [GC Worker Total (ms): Min: 47.3, Avg: 47.4, Max: 47.4, Diff: 0.1, Sum: 379.0]
      [GC Worker End (ms): Min: 558205574.5, Avg: 558205574.5, Max: 558205574.6, Diff: 0.1]
   [Code Root Fixup: 0.1 ms]
   [Code Root Purge: 0.0 ms]
   [Clear CT: 0.4 ms]
   [Other: 35.9 ms]
      [Choose CSet: 0.0 ms]
      [Ref Proc: 32.3 ms]
      [Ref Enq: 1.3 ms]
      [Redirty Cards: 0.3 ms]
      [Humongous Register: 0.3 ms]
      [Humongous Reclaim: 0.1 ms]
      [Free CSet: 0.8 ms]
   [Eden: 1188.0M(1188.0M)->0.0B(1866.0M) Survivors: 40.0M->40.0M Heap: 2700.1M(6144.0M)->1513.1M(6144.0M)]
 [Times: user=0.41 sys=0.00, real=0.08 secs] 
2025-07-26T23:01:02.471+0800: 558216.307: [GC pause (G1 Evacuation Pause) (young), 0.1873384 secs]
   [Parallel Time: 115.9 ms, GC Workers: 8]
      [GC Worker Start (ms): Min: 558216307.6, Avg: 558216307.7, Max: 558216307.7, Diff: 0.1]
      [Ext Root Scanning (ms): Min: 2.9, Avg: 4.0, Max: 9.6, Diff: 6.7, Sum: 32.1]
      [Update RS (ms): Min: 4.3, Avg: 9.6, Max: 10.7, Diff: 6.4, Sum: 77.0]
         [Processed Buffers: Min: 48, Avg: 72.0, Max: 85, Diff: 37, Sum: 576]
      [Scan RS (ms): Min: 0.1, Avg: 0.2, Max: 0.2, Diff: 0.2, Sum: 1.4]
      [Code Root Scanning (ms): Min: 0.0, Avg: 0.0, Max: 0.0, Diff: 0.0, Sum: 0.0]
      [Object Copy (ms): Min: 59.8, Avg: 62.5, Max: 66.7, Diff: 6.9, Sum: 500.1]
      [Termination (ms): Min: 35.1, Avg: 39.2, Max: 41.6, Diff: 6.5, Sum: 313.3]
         [Termination Attempts: Min: 6236, Avg: 6655.1, Max: 6986, Diff: 750, Sum: 53241]
      [GC Worker Other (ms): Min: 0.0, Avg: 0.1, Max: 0.1, Diff: 0.1, Sum: 0.7]
      [GC Worker Total (ms): Min: 115.5, Avg: 115.6, Max: 115.7, Diff: 0.2, Sum: 924.6]
      [GC Worker End (ms): Min: 558216423.2, Avg: 558216423.2, Max: 558216423.3, Diff: 0.1]
   [Code Root Fixup: 0.1 ms]
   [Code Root Purge: 0.0 ms]
   [Clear CT: 0.5 ms]
   [Other: 70.9 ms]
      [Choose CSet: 0.0 ms]
      [Ref Proc: 65.1 ms]
      [Ref Enq: 2.1 ms]
      [Redirty Cards: 0.2 ms]
      [Humongous Register: 0.4 ms]
      [Humongous Reclaim: 0.3 ms]
      [Free CSet: 1.5 ms]
   [Eden: 1866.0M(1866.0M)->0.0B(2824.0M) Survivors: 40.0M->46.0M Heap: 3428.9M(6144.0M)->1518.1M(6144.0M)]
 [Times: user=0.95 sys=0.03, real=0.19 secs] 
2025-07-26T23:01:25.129+0800: 558238.965: [GC pause (G1 Evacuation Pause) (young), 0.2342598 secs]
   [Parallel Time: 146.3 ms, GC Workers: 8]
      [GC Worker Start (ms): Min: 558238968.6, Avg: 558238968.7, Max: 558238968.8, Diff: 0.2]
      [Ext Root Scanning (ms): Min: 3.4, Avg: 3.8, Max: 5.2, Diff: 1.8, Sum: 30.3]
      [Update RS (ms): Min: 2.6, Avg: 3.5, Max: 4.4, Diff: 1.8, Sum: 28.4]
         [Processed Buffers: Min: 10, Avg: 28.8, Max: 47, Diff: 37, Sum: 230]
      [Scan RS (ms): Min: 0.1, Avg: 0.3, Max: 0.4, Diff: 0.3, Sum: 2.4]
      [Code Root Scanning (ms): Min: 0.0, Avg: 0.0, Max: 0.0, Diff: 0.0, Sum: 0.1]
      [Object Copy (ms): Min: 82.9, Avg: 87.7, Max: 91.1, Diff: 8.2, Sum: 701.4]
      [Termination (ms): Min: 47.4, Avg: 50.6, Max: 55.0, Diff: 7.6, Sum: 404.9]
         [Termination Attempts: Min: 9472, Avg: 9912.9, Max: 10428, Diff: 956, Sum: 79303]
      [GC Worker Other (ms): Min: 0.1, Avg: 0.1, Max: 0.2, Diff: 0.1, Sum: 0.9]
      [GC Worker Total (ms): Min: 145.9, Avg: 146.0, Max: 146.2, Diff: 0.3, Sum: 1168.3]
      [GC Worker End (ms): Min: 558239114.7, Avg: 558239114.7, Max: 558239114.8, Diff: 0.1]
   [Code Root Fixup: 0.1 ms]
   [Code Root Purge: 0.0 ms]
   [Clear CT: 0.6 ms]
   [Other: 87.3 ms]
      [Choose CSet: 0.0 ms]
      [Ref Proc: 77.0 ms]
      [Ref Enq: 2.5 ms]
      [Redirty Cards: 0.1 ms]
      [Humongous Register: 2.9 ms]
      [Humongous Reclaim: 0.2 ms]
      [Free CSet: 3.5 ms]
   [Eden: 2824.0M(2824.0M)->0.0B(1762.0M) Survivors: 46.0M->68.0M Heap: 4347.1M(6144.0M)->1543.5M(6144.0M)]
 [Times: user=1.08 sys=0.16, real=0.23 secs] 
2025-07-26T23:01:37.455+0800: 558251.291: [GC pause (G1 Evacuation Pause) (young), 0.1753808 secs]
   [Parallel Time: 124.1 ms, GC Workers: 8]
      [GC Worker Start (ms): Min: 558251295.5, Avg: 558251295.6, Max: 558251295.6, Diff: 0.1]
      [Ext Root Scanning (ms): Min: 3.2, Avg: 4.4, Max: 11.6, Diff: 8.5, Sum: 35.3]
      [Update RS (ms): Min: 1.9, Avg: 8.9, Max: 10.7, Diff: 8.8, Sum: 71.6]
         [Processed Buffers: Min: 33, Avg: 63.9, Max: 78, Diff: 45, Sum: 511]
      [Scan RS (ms): Min: 0.1, Avg: 0.2, Max: 0.3, Diff: 0.3, Sum: 1.5]
      [Code Root Scanning (ms): Min: 0.0, Avg: 0.0, Max: 0.0, Diff: 0.0, Sum: 0.0]
      [Object Copy (ms): Min: 92.8, Avg: 93.7, Max: 95.6, Diff: 2.8, Sum: 749.3]
      [Termination (ms): Min: 14.2, Avg: 16.6, Max: 17.7, Diff: 3.4, Sum: 132.8]
         [Termination Attempts: Min: 4952, Avg: 6540.2, Max: 7327, Diff: 2375, Sum: 52322]
      [GC Worker Other (ms): Min: 0.0, Avg: 0.1, Max: 0.2, Diff: 0.2, Sum: 0.8]
      [GC Worker Total (ms): Min: 123.9, Avg: 123.9, Max: 124.0, Diff: 0.1, Sum: 991.4]
      [GC Worker End (ms): Min: 558251419.5, Avg: 558251419.5, Max: 558251419.5, Diff: 0.1]
   [Code Root Fixup: 0.1 ms]
   [Code Root Purge: 0.0 ms]
   [Clear CT: 0.5 ms]
   [Other: 50.7 ms]
      [Choose CSet: 0.0 ms]
      [Ref Proc: 41.4 ms]
      [Ref Enq: 1.5 ms]
      [Redirty Cards: 0.1 ms]
      [Humongous Register: 3.9 ms]
      [Humongous Reclaim: 0.2 ms]
      [Free CSet: 2.3 ms]
   [Eden: 1762.0M(1762.0M)->0.0B(260.0M) Survivors: 68.0M->46.0M Heap: 3346.4M(6144.0M)->1519.1M(6144.0M)]
 [Times: user=1.01 sys=0.05, real=0.18 secs] 
2025-07-26T23:01:39.818+0800: 558253.654: [GC pause (G1 Evacuation Pause) (young), 0.0214952 secs]
   [Parallel Time: 13.0 ms, GC Workers: 8]
      [GC Worker Start (ms): Min: 558253654.5, Avg: 558253654.5, Max: 558253654.6, Diff: 0.1]
      [Ext Root Scanning (ms): Min: 2.3, Avg: 2.5, Max: 3.1, Diff: 0.9, Sum: 20.2]
      [Update RS (ms): Min: 0.9, Avg: 1.3, Max: 1.6, Diff: 0.7, Sum: 10.1]
         [Processed Buffers: Min: 2, Avg: 14.4, Max: 39, Diff: 37, Sum: 115]
      [Scan RS (ms): Min: 0.0, Avg: 0.0, Max: 0.1, Diff: 0.1, Sum: 0.2]
      [Code Root Scanning (ms): Min: 0.0, Avg: 0.0, Max: 0.0, Diff: 0.0, Sum: 0.0]
      [Object Copy (ms): Min: 8.7, Avg: 8.8, Max: 9.1, Diff: 0.4, Sum: 70.8]
      [Termination (ms): Min: 0.0, Avg: 0.1, Max: 0.2, Diff: 0.2, Sum: 0.9]
         [Termination Attempts: Min: 1, Avg: 105.1, Max: 127, Diff: 126, Sum: 841]
      [GC Worker Other (ms): Min: 0.0, Avg: 0.0, Max: 0.1, Diff: 0.1, Sum: 0.4]
      [GC Worker Total (ms): Min: 12.8, Avg: 12.8, Max: 12.9, Diff: 0.1, Sum: 102.5]
      [GC Worker End (ms): Min: 558253667.3, Avg: 558253667.3, Max: 558253667.4, Diff: 0.1]
   [Code Root Fixup: 0.1 ms]
   [Code Root Purge: 0.0 ms]
   [Clear CT: 0.2 ms]
   [Other: 8.3 ms]
      [Choose CSet: 0.0 ms]
      [Ref Proc: 6.2 ms]
      [Ref Enq: 0.2 ms]
      [Redirty Cards: 0.1 ms]
      [Humongous Register: 0.5 ms]
      [Humongous Reclaim: 0.1 ms]
      [Free CSet: 0.3 ms]
   [Eden: 260.0M(260.0M)->0.0B(282.0M) Survivors: 46.0M->24.0M Heap: 1779.1M(6144.0M)->1507.8M(6144.0M)]
 [Times: user=0.11 sys=0.00, real=0.02 secs] 
2025-07-26T23:01:42.530+0800: 558256.366: [GC pause (G1 Evacuation Pause) (young), 0.0256338 secs]
   [Parallel Time: 16.1 ms, GC Workers: 8]
      [GC Worker Start (ms): Min: 558256366.7, Avg: 558256366.8, Max: 558256366.8, Diff: 0.1]
      [Ext Root Scanning (ms): Min: 2.2, Avg: 2.5, Max: 3.2, Diff: 1.0, Sum: 19.7]
      [Update RS (ms): Min: 2.7, Avg: 3.1, Max: 3.3, Diff: 0.6, Sum: 24.8]
         [Processed Buffers: Min: 6, Avg: 19.6, Max: 30, Diff: 24, Sum: 157]
      [Scan RS (ms): Min: 0.0, Avg: 0.0, Max: 0.0, Diff: 0.0, Sum: 0.2]
      [Code Root Scanning (ms): Min: 0.0, Avg: 0.0, Max: 0.0, Diff: 0.0, Sum: 0.0]
      [Object Copy (ms): Min: 9.9, Avg: 10.2, Max: 10.3, Diff: 0.5, Sum: 81.5]
      [Termination (ms): Min: 0.1, Avg: 0.1, Max: 0.2, Diff: 0.1, Sum: 1.1]
         [Termination Attempts: Min: 77, Avg: 136.9, Max: 166, Diff: 89, Sum: 1095]
      [GC Worker Other (ms): Min: 0.0, Avg: 0.0, Max: 0.0, Diff: 0.0, Sum: 0.2]
      [GC Worker Total (ms): Min: 15.9, Avg: 16.0, Max: 16.0, Diff: 0.1, Sum: 127.6]
      [GC Worker End (ms): Min: 558256382.7, Avg: 558256382.7, Max: 558256382.7, Diff: 0.0]
   [Code Root Fixup: 0.0 ms]
   [Code Root Purge: 0.0 ms]
   [Clear CT: 0.2 ms]
   [Other: 9.3 ms]
      [Choose CSet: 0.0 ms]
      [Ref Proc: 7.1 ms]
      [Ref Enq: 0.3 ms]
      [Redirty Cards: 0.1 ms]
      [Humongous Register: 0.4 ms]
      [Humongous Reclaim: 0.1 ms]
      [Free CSet: 0.3 ms]
   [Eden: 282.0M(282.0M)->0.0B(280.0M) Survivors: 24.0M->26.0M Heap: 1789.8M(6144.0M)->1510.8M(6144.0M)]
 [Times: user=0.14 sys=0.00, real=0.02 secs] 
2025-07-26T23:01:45.316+0800: 558259.151: [GC pause (G1 Evacuation Pause) (young), 0.0255056 secs]
   [Parallel Time: 15.0 ms, GC Workers: 8]
      [GC Worker Start (ms): Min: 558259152.0, Avg: 558259152.0, Max: 558259152.1, Diff: 0.1]
      [Ext Root Scanning (ms): Min: 2.2, Avg: 2.5, Max: 3.2, Diff: 0.9, Sum: 19.9]
      [Update RS (ms): Min: 0.2, Avg: 0.7, Max: 1.1, Diff: 0.9, Sum: 5.6]
         [Processed Buffers: Min: 2, Avg: 14.4, Max: 25, Diff: 23, Sum: 115]
      [Scan RS (ms): Min: 0.0, Avg: 0.0, Max: 0.1, Diff: 0.1, Sum: 0.3]
      [Code Root Scanning (ms): Min: 0.0, Avg: 0.0, Max: 0.0, Diff: 0.0, Sum: 0.0]
      [Object Copy (ms): Min: 11.1, Avg: 11.4, Max: 11.5, Diff: 0.4, Sum: 90.8]
      [Termination (ms): Min: 0.2, Avg: 0.2, Max: 0.2, Diff: 0.1, Sum: 1.7]
         [Termination Attempts: Min: 130, Avg: 184.0, Max: 218, Diff: 88, Sum: 1472]
      [GC Worker Other (ms): Min: 0.0, Avg: 0.0, Max: 0.0, Diff: 0.0, Sum: 0.2]
      [GC Worker Total (ms): Min: 14.8, Avg: 14.8, Max: 14.9, Diff: 0.1, Sum: 118.6]
      [GC Worker End (ms): Min: 558259166.9, Avg: 558259166.9, Max: 558259166.9, Diff: 0.0]
   [Code Root Fixup: 0.1 ms]
   [Code Root Purge: 0.0 ms]
   [Clear CT: 0.2 ms]
   [Other: 10.3 ms]
      [Choose CSet: 0.0 ms]
      [Ref Proc: 8.1 ms]
      [Ref Enq: 0.4 ms]
      [Redirty Cards: 0.1 ms]
      [Humongous Register: 0.4 ms]
      [Humongous Reclaim: 0.1 ms]
      [Free CSet: 0.3 ms]
   [Eden: 280.0M(280.0M)->0.0B(280.0M) Survivors: 26.0M->26.0M Heap: 1790.8M(6144.0M)->1509.8M(6144.0M)]
 [Times: user=0.13 sys=0.00, real=0.03 secs] 
2025-07-26T23:01:47.901+0800: 558261.736: [GC pause (G1 Evacuation Pause) (young), 0.0258959 secs]
   [Parallel Time: 15.1 ms, GC Workers: 8]
      [GC Worker Start (ms): Min: 558261737.0, Avg: 558261737.0, Max: 558261737.0, Diff: 0.1]
      [Ext Root Scanning (ms): Min: 2.1, Avg: 2.4, Max: 3.2, Diff: 1.1, Sum: 19.3]
      [Update RS (ms): Min: 0.0, Avg: 0.7, Max: 1.0, Diff: 1.0, Sum: 5.4]
         [Processed Buffers: Min: 0, Avg: 13.5, Max: 24, Diff: 24, Sum: 108]
      [Scan RS (ms): Min: 0.0, Avg: 0.0, Max: 0.0, Diff: 0.0, Sum: 0.2]
      [Code Root Scanning (ms): Min: 0.0, Avg: 0.0, Max: 0.0, Diff: 0.0, Sum: 0.0]
      [Object Copy (ms): Min: 11.4, Avg: 11.6, Max: 11.6, Diff: 0.2, Sum: 92.5]
      [Termination (ms): Min: 0.2, Avg: 0.2, Max: 0.3, Diff: 0.1, Sum: 1.8]
         [Termination Attempts: Min: 159, Avg: 200.6, Max: 231, Diff: 72, Sum: 1605]
      [GC Worker Other (ms): Min: 0.0, Avg: 0.0, Max: 0.0, Diff: 0.0, Sum: 0.2]
      [GC Worker Total (ms): Min: 14.9, Avg: 14.9, Max: 15.0, Diff: 0.1, Sum: 119.4]
      [GC Worker End (ms): Min: 558261751.9, Avg: 558261751.9, Max: 558261751.9, Diff: 0.0]
   [Code Root Fixup: 0.0 ms]
   [Code Root Purge: 0.0 ms]
   [Clear CT: 0.1 ms]
   [Other: 10.6 ms]
      [Choose CSet: 0.0 ms]
      [Ref Proc: 8.6 ms]
      [Ref Enq: 0.3 ms]
      [Redirty Cards: 0.1 ms]
      [Humongous Register: 0.3 ms]
      [Humongous Reclaim: 0.1 ms]
      [Free CSet: 0.3 ms]
   [Eden: 280.0M(280.0M)->0.0B(272.0M) Survivors: 26.0M->34.0M Heap: 1789.8M(6144.0M)->1517.8M(6144.0M)]
 [Times: user=0.13 sys=0.00, real=0.02 secs] 
2025-07-26T23:01:49.961+0800: 558263.797: [GC pause (G1 Evacuation Pause) (young), 0.0269797 secs]
   [Parallel Time: 16.4 ms, GC Workers: 8]
      [GC Worker Start (ms): Min: 558263797.2, Avg: 558263797.3, Max: 558263797.3, Diff: 0.2]
      [Ext Root Scanning (ms): Min: 2.2, Avg: 2.5, Max: 3.1, Diff: 0.9, Sum: 20.1]
      [Update RS (ms): Min: 0.2, Avg: 0.8, Max: 1.1, Diff: 0.9, Sum: 6.0]
         [Processed Buffers: Min: 3, Avg: 14.4, Max: 28, Diff: 25, Sum: 115]
      [Scan RS (ms): Min: 0.0, Avg: 0.0, Max: 0.0, Diff: 0.0, Sum: 0.2]
      [Code Root Scanning (ms): Min: 0.0, Avg: 0.0, Max: 0.0, Diff: 0.0, Sum: 0.0]
      [Object Copy (ms): Min: 12.2, Avg: 12.4, Max: 12.7, Diff: 0.5, Sum: 99.1]
      [Termination (ms): Min: 0.4, Avg: 0.4, Max: 0.5, Diff: 0.1, Sum: 3.6]
         [Termination Attempts: Min: 345, Avg: 362.5, Max: 379, Diff: 34, Sum: 2900]
      [GC Worker Other (ms): Min: 0.0, Avg: 0.0, Max: 0.1, Diff: 0.1, Sum: 0.3]
      [GC Worker Total (ms): Min: 16.1, Avg: 16.2, Max: 16.3, Diff: 0.2, Sum: 129.4]
      [GC Worker End (ms): Min: 558263813.4, Avg: 558263813.4, Max: 558263813.5, Diff: 0.0]
   [Code Root Fixup: 0.0 ms]
   [Code Root Purge: 0.0 ms]
   [Clear CT: 0.2 ms]
   [Other: 10.4 ms]
      [Choose CSet: 0.0 ms]
      [Ref Proc: 8.2 ms]
      [Ref Enq: 0.5 ms]
      [Redirty Cards: 0.1 ms]
      [Humongous Register: 0.3 ms]
      [Humongous Reclaim: 0.1 ms]
      [Free CSet: 0.3 ms]
   [Eden: 272.0M(272.0M)->0.0B(276.0M) Survivors: 34.0M->30.0M Heap: 1789.8M(6144.0M)->1516.2M(6144.0M)]
 [Times: user=0.15 sys=0.00, real=0.03 secs] 
2025-07-26T23:01:51.980+0800: 558265.816: [GC pause (G1 Evacuation Pause) (young), 0.0257187 secs]
   [Parallel Time: 15.0 ms, GC Workers: 8]
      [GC Worker Start (ms): Min: 558265816.6, Avg: 558265816.6, Max: 558265816.6, Diff: 0.1]
      [Ext Root Scanning (ms): Min: 2.2, Avg: 2.4, Max: 3.1, Diff: 1.0, Sum: 19.4]
      [Update RS (ms): Min: 0.4, Avg: 0.9, Max: 1.3, Diff: 0.9, Sum: 7.5]
         [Processed Buffers: Min: 2, Avg: 13.9, Max: 33, Diff: 31, Sum: 111]
      [Scan RS (ms): Min: 0.0, Avg: 0.0, Max: 0.0, Diff: 0.0, Sum: 0.2]
      [Code Root Scanning (ms): Min: 0.0, Avg: 0.0, Max: 0.0, Diff: 0.0, Sum: 0.0]
      [Object Copy (ms): Min: 11.1, Avg: 11.2, Max: 11.3, Diff: 0.2, Sum: 89.8]
      [Termination (ms): Min: 0.3, Avg: 0.3, Max: 0.3, Diff: 0.1, Sum: 2.3]
         [Termination Attempts: Min: 187, Avg: 239.8, Max: 258, Diff: 71, Sum: 1918]
      [GC Worker Other (ms): Min: 0.0, Avg: 0.0, Max: 0.0, Diff: 0.0, Sum: 0.2]
      [GC Worker Total (ms): Min: 14.9, Avg: 14.9, Max: 15.0, Diff: 0.1, Sum: 119.4]
      [GC Worker End (ms): Min: 558265831.5, Avg: 558265831.5, Max: 558265831.5, Diff: 0.0]
   [Code Root Fixup: 0.0 ms]
   [Code Root Purge: 0.0 ms]
   [Clear CT: 0.2 ms]
   [Other: 10.5 ms]
      [Choose CSet: 0.0 ms]
      [Ref Proc: 8.5 ms]
      [Ref Enq: 0.4 ms]
      [Redirty Cards: 0.1 ms]
      [Humongous Register: 0.3 ms]
      [Humongous Reclaim: 0.1 ms]
      [Free CSet: 0.3 ms]
   [Eden: 276.0M(276.0M)->0.0B(272.0M) Survivors: 30.0M->34.0M Heap: 1792.2M(6144.0M)->1520.2M(6144.0M)]
 [Times: user=0.08 sys=0.05, real=0.02 secs] 
2025-07-26T23:01:54.245+0800: 558268.080: [GC pause (G1 Evacuation Pause) (young), 0.0461312 secs]
   [Parallel Time: 34.5 ms, GC Workers: 8]
      [GC Worker Start (ms): Min: 558268081.2, Avg: 558268081.3, Max: 558268081.3, Diff: 0.1]
      [Ext Root Scanning (ms): Min: 2.2, Avg: 3.4, Max: 10.3, Diff: 8.0, Sum: 26.9]
      [Update RS (ms): Min: 0.0, Avg: 0.7, Max: 0.9, Diff: 0.9, Sum: 5.5]
         [Processed Buffers: Min: 0, Avg: 13.5, Max: 28, Diff: 28, Sum: 108]
      [Scan RS (ms): Min: 0.0, Avg: 0.0, Max: 0.0, Diff: 0.0, Sum: 0.2]
      [Code Root Scanning (ms): Min: 0.0, Avg: 0.0, Max: 0.0, Diff: 0.0, Sum: 0.0]
      [Object Copy (ms): Min: 8.0, Avg: 15.3, Max: 18.7, Diff: 10.7, Sum: 122.1]
      [Termination (ms): Min: 12.3, Avg: 15.0, Max: 16.4, Diff: 4.0, Sum: 119.7]
         [Termination Attempts: Min: 1526, Avg: 1830.2, Max: 2136, Diff: 610, Sum: 14642]
      [GC Worker Other (ms): Min: 0.0, Avg: 0.0, Max: 0.0, Diff: 0.0, Sum: 0.1]
      [GC Worker Total (ms): Min: 34.3, Avg: 34.3, Max: 34.4, Diff: 0.1, Sum: 274.5]
      [GC Worker End (ms): Min: 558268115.6, Avg: 558268115.6, Max: 558268115.7, Diff: 0.1]
   [Code Root Fixup: 0.0 ms]
   [Code Root Purge: 0.0 ms]
   [Clear CT: 0.1 ms]
   [Other: 11.4 ms]
      [Choose CSet: 0.0 ms]
      [Ref Proc: 9.2 ms]
      [Ref Enq: 0.4 ms]
      [Redirty Cards: 0.1 ms]
      [Humongous Register: 0.3 ms]
      [Humongous Reclaim: 0.1 ms]
      [Free CSet: 0.3 ms]
   [Eden: 272.0M(272.0M)->0.0B(390.0M) Survivors: 34.0M->30.0M Heap: 1792.2M(6144.0M)->1517.6M(6144.0M)]
 [Times: user=0.24 sys=0.05, real=0.05 secs] 
2025-07-26T23:01:57.280+0800: 558271.116: [GC pause (G1 Evacuation Pause) (young), 0.0377784 secs]
   [Parallel Time: 23.1 ms, GC Workers: 8]
      [GC Worker Start (ms): Min: 558271116.1, Avg: 558271116.2, Max: 558271116.2, Diff: 0.1]
      [Ext Root Scanning (ms): Min: 2.7, Avg: 3.1, Max: 4.7, Diff: 2.1, Sum: 24.5]
      [Update RS (ms): Min: 0.0, Avg: 0.7, Max: 1.1, Diff: 1.1, Sum: 5.9]
         [Processed Buffers: Min: 0, Avg: 14.8, Max: 27, Diff: 27, Sum: 118]
      [Scan RS (ms): Min: 0.0, Avg: 0.0, Max: 0.1, Diff: 0.0, Sum: 0.3]
      [Code Root Scanning (ms): Min: 0.0, Avg: 0.0, Max: 0.0, Diff: 0.0, Sum: 0.0]
      [Object Copy (ms): Min: 17.4, Avg: 18.4, Max: 18.7, Diff: 1.3, Sum: 147.1]
      [Termination (ms): Min: 0.6, Avg: 0.7, Max: 0.8, Diff: 0.2, Sum: 5.7]
         [Termination Attempts: Min: 460, Avg: 562.8, Max: 594, Diff: 134, Sum: 4502]
      [GC Worker Other (ms): Min: 0.0, Avg: 0.0, Max: 0.0, Diff: 0.0, Sum: 0.2]
      [GC Worker Total (ms): Min: 22.9, Avg: 23.0, Max: 23.0, Diff: 0.1, Sum: 183.7]
      [GC Worker End (ms): Min: 558271139.1, Avg: 558271139.2, Max: 558271139.2, Diff: 0.0]
   [Code Root Fixup: 0.1 ms]
   [Code Root Purge: 0.0 ms]
   [Clear CT: 0.2 ms]
   [Other: 14.5 ms]
      [Choose CSet: 0.0 ms]
      [Ref Proc: 12.2 ms]
      [Ref Enq: 0.5 ms]
      [Redirty Cards: 0.1 ms]
      [Humongous Register: 0.3 ms]
      [Humongous Reclaim: 0.1 ms]
      [Free CSet: 0.4 ms]
   [Eden: 390.0M(390.0M)->0.0B(964.0M) Survivors: 30.0M->30.0M Heap: 1907.6M(6144.0M)->1517.6M(6144.0M)]
 [Times: user=0.13 sys=0.07, real=0.04 secs] 
2025-07-26T23:02:04.868+0800: 558278.704: [GC pause (G1 Evacuation Pause) (young), 0.0756660 secs]
   [Parallel Time: 39.3 ms, GC Workers: 8]
      [GC Worker Start (ms): Min: 558278708.7, Avg: 558278708.8, Max: 558278708.9, Diff: 0.2]
      [Ext Root Scanning (ms): Min: 2.6, Avg: 3.1, Max: 4.5, Diff: 1.9, Sum: 24.7]
      [Update RS (ms): Min: 0.6, Avg: 1.9, Max: 2.7, Diff: 2.1, Sum: 15.1]
         [Processed Buffers: Min: 2, Avg: 20.4, Max: 33, Diff: 31, Sum: 163]
      [Scan RS (ms): Min: 0.0, Avg: 0.1, Max: 0.2, Diff: 0.1, Sum: 0.7]
      [Code Root Scanning (ms): Min: 0.0, Avg: 0.0, Max: 0.0, Diff: 0.0, Sum: 0.0]
      [Object Copy (ms): Min: 32.6, Avg: 32.9, Max: 33.1, Diff: 0.5, Sum: 263.2]
      [Termination (ms): Min: 0.9, Avg: 1.0, Max: 1.1, Diff: 0.3, Sum: 8.0]
         [Termination Attempts: Min: 699, Avg: 801.0, Max: 844, Diff: 145, Sum: 6408]
      [GC Worker Other (ms): Min: 0.1, Avg: 0.1, Max: 0.2, Diff: 0.1, Sum: 0.9]
      [GC Worker Total (ms): Min: 39.0, Avg: 39.1, Max: 39.2, Diff: 0.2, Sum: 312.6]
      [GC Worker End (ms): Min: 558278747.9, Avg: 558278747.9, Max: 558278747.9, Diff: 0.0]
   [Code Root Fixup: 0.1 ms]
   [Code Root Purge: 0.0 ms]
   [Clear CT: 0.3 ms]
   [Other: 36.0 ms]
      [Choose CSet: 0.0 ms]
      [Ref Proc: 27.6 ms]
      [Ref Enq: 1.1 ms]
      [Redirty Cards: 0.1 ms]
      [Humongous Register: 4.6 ms]
      [Humongous Reclaim: 0.1 ms]
      [Free CSet: 1.4 ms]
   [Eden: 964.0M(964.0M)->0.0B(1164.0M) Survivors: 30.0M->42.0M Heap: 2481.6M(6144.0M)->1528.6M(6144.0M)]
 [Times: user=0.31 sys=0.04, real=0.07 secs] 
2025-07-26T23:02:14.978+0800: 558288.814: [GC pause (G1 Evacuation Pause) (young), 0.1105310 secs]
   [Parallel Time: 72.2 ms, GC Workers: 8]
      [GC Worker Start (ms): Min: 558288814.6, Avg: 558288814.7, Max: 558288814.7, Diff: 0.1]
      [Ext Root Scanning (ms): Min: 2.5, Avg: 2.8, Max: 3.4, Diff: 0.8, Sum: 22.4]
      [Update RS (ms): Min: 1.1, Avg: 1.5, Max: 1.7, Diff: 0.6, Sum: 12.0]
         [Processed Buffers: Min: 2, Avg: 20.2, Max: 39, Diff: 37, Sum: 162]
      [Scan RS (ms): Min: 0.0, Avg: 0.1, Max: 0.2, Diff: 0.1, Sum: 1.0]
      [Code Root Scanning (ms): Min: 0.0, Avg: 0.0, Max: 0.0, Diff: 0.0, Sum: 0.0]
      [Object Copy (ms): Min: 43.3, Avg: 44.7, Max: 46.3, Diff: 3.0, Sum: 357.3]
      [Termination (ms): Min: 21.2, Avg: 22.9, Max: 24.3, Diff: 3.1, Sum: 183.0]
         [Termination Attempts: Min: 3991, Avg: 4389.0, Max: 4706, Diff: 715, Sum: 35112]
      [GC Worker Other (ms): Min: 0.0, Avg: 0.0, Max: 0.1, Diff: 0.0, Sum: 0.3]
      [GC Worker Total (ms): Min: 71.9, Avg: 72.0, Max: 72.1, Diff: 0.2, Sum: 576.0]
      [GC Worker End (ms): Min: 558288886.6, Avg: 558288886.7, Max: 558288886.7, Diff: 0.1]
   [Code Root Fixup: 0.1 ms]
   [Code Root Purge: 0.0 ms]
   [Clear CT: 0.4 ms]
   [Other: 37.9 ms]
      [Choose CSet: 0.0 ms]
      [Ref Proc: 34.0 ms]
      [Ref Enq: 1.3 ms]
      [Redirty Cards: 0.1 ms]
      [Humongous Register: 0.5 ms]
      [Humongous Reclaim: 0.1 ms]
      [Free CSet: 0.9 ms]
   [Eden: 1164.0M(1164.0M)->0.0B(1620.0M) Survivors: 42.0M->42.0M Heap: 2692.6M(6144.0M)->1528.6M(6144.0M)]
 [Times: user=0.53 sys=0.09, real=0.11 secs] 
2025-07-26T23:02:24.273+0800: 558298.109: [GC pause (G1 Evacuation Pause) (young), 0.1313585 secs]
   [Parallel Time: 80.5 ms, GC Workers: 8]
      [GC Worker Start (ms): Min: 558298113.6, Avg: 558298113.7, Max: 558298113.7, Diff: 0.1]
      [Ext Root Scanning (ms): Min: 3.3, Avg: 4.5, Max: 11.6, Diff: 8.2, Sum: 36.0]
      [Update RS (ms): Min: 1.9, Avg: 8.8, Max: 10.7, Diff: 8.9, Sum: 70.5]
         [Processed Buffers: Min: 42, Avg: 67.8, Max: 88, Diff: 46, Sum: 542]
      [Scan RS (ms): Min: 0.1, Avg: 0.2, Max: 0.3, Diff: 0.2, Sum: 1.3]
      [Code Root Scanning (ms): Min: 0.0, Avg: 0.0, Max: 0.0, Diff: 0.0, Sum: 0.0]
      [Object Copy (ms): Min: 54.2, Avg: 55.7, Max: 56.9, Diff: 2.7, Sum: 445.7]
      [Termination (ms): Min: 10.0, Avg: 11.0, Max: 11.8, Diff: 1.9, Sum: 87.7]
         [Termination Attempts: Min: 5163, Avg: 5403.5, Max: 5631, Diff: 468, Sum: 43228]
      [GC Worker Other (ms): Min: 0.1, Avg: 0.1, Max: 0.2, Diff: 0.2, Sum: 1.1]
      [GC Worker Total (ms): Min: 80.2, Avg: 80.3, Max: 80.4, Diff: 0.2, Sum: 642.4]
      [GC Worker End (ms): Min: 558298193.9, Avg: 558298194.0, Max: 558298194.0, Diff: 0.1]
   [Code Root Fixup: 0.1 ms]
   [Code Root Purge: 0.0 ms]
   [Clear CT: 0.4 ms]
   [Other: 50.4 ms]
      [Choose CSet: 0.0 ms]
      [Ref Proc: 40.4 ms]
      [Ref Enq: 1.4 ms]
      [Redirty Cards: 0.2 ms]
      [Humongous Register: 4.1 ms]
      [Humongous Reclaim: 0.4 ms]
      [Free CSet: 2.6 ms]
   [Eden: 1620.0M(1620.0M)->0.0B(2266.0M) Survivors: 42.0M->44.0M Heap: 3194.6M(6144.0M)->1530.6M(6144.0M)]
 [Times: user=0.69 sys=0.01, real=0.13 secs] 
2025-07-26T23:02:49.257+0800: 558323.092: [GC pause (G1 Evacuation Pause) (young), 0.3064414 secs]
   [Parallel Time: 205.2 ms, GC Workers: 8]
      [GC Worker Start (ms): Min: 558323096.9, Avg: 558323097.0, Max: 558323097.1, Diff: 0.1]
      [Ext Root Scanning (ms): Min: 3.2, Avg: 4.4, Max: 11.3, Diff: 8.1, Sum: 35.4]
      [Update RS (ms): Min: 0.0, Avg: 2.8, Max: 3.6, Diff: 3.6, Sum: 22.1]
         [Processed Buffers: Min: 0, Avg: 24.0, Max: 56, Diff: 56, Sum: 192]
      [Scan RS (ms): Min: 0.1, Avg: 0.2, Max: 0.4, Diff: 0.3, Sum: 1.8]
      [Code Root Scanning (ms): Min: 0.0, Avg: 0.0, Max: 0.0, Diff: 0.0, Sum: 0.0]
      [Object Copy (ms): Min: 121.7, Avg: 126.5, Max: 129.3, Diff: 7.6, Sum: 1011.9]
      [Termination (ms): Min: 68.8, Avg: 70.9, Max: 76.2, Diff: 7.4, Sum: 567.6]
         [Termination Attempts: Min: 15993, Avg: 16834.5, Max: 17555, Diff: 1562, Sum: 134676]
      [GC Worker Other (ms): Min: 0.1, Avg: 0.1, Max: 0.2, Diff: 0.1, Sum: 0.8]
      [GC Worker Total (ms): Min: 204.8, Avg: 204.9, Max: 205.1, Diff: 0.2, Sum: 1639.6]
      [GC Worker End (ms): Min: 558323301.9, Avg: 558323301.9, Max: 558323302.0, Diff: 0.1]
   [Code Root Fixup: 0.0 ms]
   [Code Root Purge: 0.0 ms]
   [Clear CT: 0.5 ms]
   [Other: 100.7 ms]
      [Choose CSet: 0.0 ms]
      [Ref Proc: 88.6 ms]
      [Ref Enq: 3.6 ms]
      [Redirty Cards: 0.2 ms]
      [Humongous Register: 3.7 ms]
      [Humongous Reclaim: 0.1 ms]
      [Free CSet: 3.2 ms]
   [Eden: 2266.0M(2266.0M)->0.0B(1122.0M) Survivors: 44.0M->56.0M Heap: 3796.6M(6144.0M)->1542.6M(6144.0M)]
 [Times: user=1.67 sys=0.07, real=0.31 secs] 
2025-07-26T23:03:05.211+0800: 558339.047: [GC pause (G1 Evacuation Pause) (young), 0.1053355 secs]
   [Parallel Time: 55.4 ms, GC Workers: 8]
      [GC Worker Start (ms): Min: 558339047.5, Avg: 558339047.8, Max: 558339047.9, Diff: 0.4]
      [Ext Root Scanning (ms): Min: 2.2, Avg: 2.5, Max: 3.2, Diff: 1.0, Sum: 19.9]
      [Update RS (ms): Min: 3.0, Avg: 3.4, Max: 3.6, Diff: 0.6, Sum: 27.3]
         [Processed Buffers: Min: 15, Avg: 27.4, Max: 41, Diff: 26, Sum: 219]
      [Scan RS (ms): Min: 0.0, Avg: 0.1, Max: 0.2, Diff: 0.1, Sum: 0.8]
      [Code Root Scanning (ms): Min: 0.0, Avg: 0.0, Max: 0.0, Diff: 0.0, Sum: 0.0]
      [Object Copy (ms): Min: 47.8, Avg: 48.0, Max: 48.3, Diff: 0.6, Sum: 384.2]
      [Termination (ms): Min: 0.7, Avg: 0.9, Max: 1.0, Diff: 0.4, Sum: 7.3]
         [Termination Attempts: Min: 581, Avg: 824.0, Max: 894, Diff: 313, Sum: 6592]
      [GC Worker Other (ms): Min: 0.0, Avg: 0.1, Max: 0.1, Diff: 0.1, Sum: 0.4]
      [GC Worker Total (ms): Min: 54.9, Avg: 55.0, Max: 55.3, Diff: 0.3, Sum: 440.0]
      [GC Worker End (ms): Min: 558339102.8, Avg: 558339102.8, Max: 558339102.8, Diff: 0.1]
   [Code Root Fixup: 0.0 ms]
   [Code Root Purge: 0.0 ms]
   [Clear CT: 0.3 ms]
   [Other: 49.6 ms]
      [Choose CSet: 0.0 ms]
      [Ref Proc: 45.4 ms]
      [Ref Enq: 1.6 ms]
      [Redirty Cards: 0.1 ms]
      [Humongous Register: 0.7 ms]
      [Humongous Reclaim: 0.2 ms]
      [Free CSet: 0.8 ms]
   [Eden: 1122.0M(1122.0M)->0.0B(1296.0M) Survivors: 56.0M->58.0M Heap: 2676.4M(6144.0M)->1551.3M(6144.0M)]
 [Times: user=0.49 sys=0.00, real=0.10 secs] 
2025-07-26T23:03:20.451+0800: 558354.286: [GC pause (G1 Evacuation Pause) (young), 0.1575002 secs]
   [Parallel Time: 101.2 ms, GC Workers: 8]
      [GC Worker Start (ms): Min: 558354291.3, Avg: 558354291.4, Max: 558354291.5, Diff: 0.2]
      [Ext Root Scanning (ms): Min: 2.8, Avg: 4.2, Max: 11.6, Diff: 8.7, Sum: 33.7]
      [Update RS (ms): Min: 0.8, Avg: 7.8, Max: 9.1, Diff: 8.3, Sum: 62.6]
         [Processed Buffers: Min: 16, Avg: 53.6, Max: 70, Diff: 54, Sum: 429]
      [Scan RS (ms): Min: 0.0, Avg: 0.1, Max: 0.2, Diff: 0.2, Sum: 1.1]
      [Code Root Scanning (ms): Min: 0.0, Avg: 0.0, Max: 0.0, Diff: 0.0, Sum: 0.0]
      [Object Copy (ms): Min: 71.2, Avg: 71.8, Max: 72.1, Diff: 0.9, Sum: 574.1]
      [Termination (ms): Min: 16.2, Avg: 16.9, Max: 17.5, Diff: 1.3, Sum: 135.3]
         [Termination Attempts: Min: 6698, Avg: 7368.8, Max: 7778, Diff: 1080, Sum: 58950]
      [GC Worker Other (ms): Min: 0.0, Avg: 0.1, Max: 0.2, Diff: 0.1, Sum: 0.7]
      [GC Worker Total (ms): Min: 100.9, Avg: 101.0, Max: 101.1, Diff: 0.2, Sum: 807.6]
      [GC Worker End (ms): Min: 558354392.3, Avg: 558354392.3, Max: 558354392.4, Diff: 0.1]
   [Code Root Fixup: 0.1 ms]
   [Code Root Purge: 0.0 ms]
   [Clear CT: 0.4 ms]
   [Other: 55.8 ms]
      [Choose CSet: 0.0 ms]
      [Ref Proc: 46.7 ms]
      [Ref Enq: 1.6 ms]
      [Redirty Cards: 0.2 ms]
      [Humongous Register: 4.1 ms]
      [Humongous Reclaim: 0.3 ms]
      [Free CSet: 1.8 ms]
   [Eden: 1296.0M(1296.0M)->0.0B(2658.0M) Survivors: 58.0M->40.0M Heap: 2885.3M(6144.0M)->1527.6M(6144.0M)]
 [Times: user=0.83 sys=0.03, real=0.16 secs] 
2025-07-26T23:04:05.795+0800: 558399.630: [GC pause (G1 Evacuation Pause) (young), 0.4828480 secs]
   [Parallel Time: 333.6 ms, GC Workers: 8]
      [GC Worker Start (ms): Min: 558399631.2, Avg: 558399631.2, Max: 558399631.2, Diff: 0.1]
      [Ext Root Scanning (ms): Min: 2.7, Avg: 3.7, Max: 9.5, Diff: 6.8, Sum: 29.5]
      [Update RS (ms): Min: 3.2, Avg: 8.8, Max: 9.8, Diff: 6.6, Sum: 70.5]
         [Processed Buffers: Min: 16, Avg: 64.5, Max: 89, Diff: 73, Sum: 516]
      [Scan RS (ms): Min: 0.2, Avg: 0.3, Max: 0.3, Diff: 0.2, Sum: 2.2]
      [Code Root Scanning (ms): Min: 0.0, Avg: 0.0, Max: 0.0, Diff: 0.0, Sum: 0.0]
      [Object Copy (ms): Min: 177.0, Avg: 185.8, Max: 195.5, Diff: 18.4, Sum: 1486.1]
      [Termination (ms): Min: 125.2, Avg: 134.8, Max: 143.6, Diff: 18.4, Sum: 1078.6]
         [Termination Attempts: Min: 25581, Avg: 26425.1, Max: 27169, Diff: 1588, Sum: 211401]
      [GC Worker Other (ms): Min: 0.0, Avg: 0.1, Max: 0.1, Diff: 0.1, Sum: 0.5]
      [GC Worker Total (ms): Min: 333.4, Avg: 333.4, Max: 333.5, Diff: 0.1, Sum: 2667.5]
      [GC Worker End (ms): Min: 558399964.6, Avg: 558399964.6, Max: 558399964.7, Diff: 0.1]
   [Code Root Fixup: 0.1 ms]
   [Code Root Purge: 0.0 ms]
   [Clear CT: 0.6 ms]
   [Other: 148.6 ms]
      [Choose CSet: 0.0 ms]
      [Ref Proc: 139.8 ms]
      [Ref Enq: 4.5 ms]
      [Redirty Cards: 0.3 ms]
      [Humongous Register: 0.6 ms]
      [Humongous Reclaim: 0.2 ms]
      [Free CSet: 2.4 ms]
   [Eden: 2658.0M(2658.0M)->0.0B(244.0M) Survivors: 40.0M->62.0M Heap: 4231.6M(6144.0M)->1548.6M(6144.0M)]
 [Times: user=2.57 sys=0.23, real=0.49 secs] 
2025-07-26T23:04:09.307+0800: 558403.142: [GC pause (G1 Evacuation Pause) (young), 0.0355370 secs]
   [Parallel Time: 18.0 ms, GC Workers: 8]
      [GC Worker Start (ms): Min: 558403148.1, Avg: 558403148.1, Max: 558403148.2, Diff: 0.2]
      [Ext Root Scanning (ms): Min: 2.6, Avg: 3.0, Max: 4.5, Diff: 2.0, Sum: 24.2]
      [Update RS (ms): Min: 0.4, Avg: 1.8, Max: 2.9, Diff: 2.6, Sum: 14.3]
         [Processed Buffers: Min: 3, Avg: 11.9, Max: 21, Diff: 18, Sum: 95]
      [Scan RS (ms): Min: 0.0, Avg: 0.0, Max: 0.1, Diff: 0.1, Sum: 0.2]
      [Code Root Scanning (ms): Min: 0.0, Avg: 0.0, Max: 0.0, Diff: 0.0, Sum: 0.0]
      [Object Copy (ms): Min: 11.8, Avg: 12.6, Max: 12.9, Diff: 1.1, Sum: 100.6]
      [Termination (ms): Min: 0.0, Avg: 0.2, Max: 0.3, Diff: 0.3, Sum: 2.0]
         [Termination Attempts: Min: 1, Avg: 265.8, Max: 314, Diff: 313, Sum: 2126]
      [GC Worker Other (ms): Min: 0.0, Avg: 0.1, Max: 0.2, Diff: 0.2, Sum: 0.8]
      [GC Worker Total (ms): Min: 17.7, Avg: 17.8, Max: 17.9, Diff: 0.2, Sum: 142.1]
      [GC Worker End (ms): Min: 558403165.9, Avg: 558403165.9, Max: 558403165.9, Diff: 0.0]
   [Code Root Fixup: 0.0 ms]
   [Code Root Purge: 0.0 ms]
   [Clear CT: 0.2 ms]
   [Other: 17.3 ms]
      [Choose CSet: 0.0 ms]
      [Ref Proc: 9.8 ms]
      [Ref Enq: 0.3 ms]
      [Redirty Cards: 0.1 ms]
      [Humongous Register: 5.2 ms]
      [Humongous Reclaim: 0.1 ms]
      [Free CSet: 0.7 ms]
   [Eden: 244.0M(244.0M)->0.0B(294.0M) Survivors: 62.0M->12.0M Heap: 1792.6M(6144.0M)->1517.9M(6144.0M)]
 [Times: user=0.16 sys=0.00, real=0.04 secs] 
2025-07-26T23:04:14.216+0800: 558408.052: [GC pause (G1 Evacuation Pause) (young), 0.0383878 secs]
   [Parallel Time: 24.1 ms, GC Workers: 8]
      [GC Worker Start (ms): Min: 558408052.8, Avg: 558408052.8, Max: 558408052.9, Diff: 0.2]
      [Ext Root Scanning (ms): Min: 2.2, Avg: 2.6, Max: 3.6, Diff: 1.4, Sum: 20.9]
      [Update RS (ms): Min: 3.4, Avg: 4.0, Max: 4.5, Diff: 1.0, Sum: 32.2]
         [Processed Buffers: Min: 3, Avg: 17.1, Max: 44, Diff: 41, Sum: 137]
      [Scan RS (ms): Min: 0.0, Avg: 0.0, Max: 0.0, Diff: 0.0, Sum: 0.2]
      [Code Root Scanning (ms): Min: 0.0, Avg: 0.0, Max: 0.0, Diff: 0.0, Sum: 0.0]
      [Object Copy (ms): Min: 15.2, Avg: 16.4, Max: 16.8, Diff: 1.6, Sum: 131.1]
      [Termination (ms): Min: 0.6, Avg: 0.8, Max: 1.5, Diff: 1.0, Sum: 6.6]
         [Termination Attempts: Min: 468, Avg: 544.0, Max: 634, Diff: 166, Sum: 4352]
      [GC Worker Other (ms): Min: 0.0, Avg: 0.0, Max: 0.1, Diff: 0.1, Sum: 0.3]
      [GC Worker Total (ms): Min: 23.8, Avg: 23.9, Max: 24.0, Diff: 0.2, Sum: 191.3]
      [GC Worker End (ms): Min: 558408076.8, Avg: 558408076.8, Max: 558408076.8, Diff: 0.0]
   [Code Root Fixup: 0.0 ms]
   [Code Root Purge: 0.0 ms]
   [Clear CT: 0.2 ms]
   [Other: 14.0 ms]
      [Choose CSet: 0.0 ms]
      [Ref Proc: 11.7 ms]
      [Ref Enq: 0.4 ms]
      [Redirty Cards: 0.2 ms]
      [Humongous Register: 0.5 ms]
      [Humongous Reclaim: 0.1 ms]
      [Free CSet: 0.3 ms]
   [Eden: 294.0M(294.0M)->0.0B(860.0M) Survivors: 12.0M->10.0M Heap: 1811.9M(6144.0M)->1516.9M(6144.0M)]
 [Times: user=0.21 sys=0.00, real=0.04 secs] 
2025-07-26T23:04:29.074+0800: 558422.909: [GC pause (G1 Evacuation Pause) (young), 0.1107596 secs]
   [Parallel Time: 66.9 ms, GC Workers: 8]
      [GC Worker Start (ms): Min: 558422910.1, Avg: 558422910.2, Max: 558422910.2, Diff: 0.1]
      [Ext Root Scanning (ms): Min: 2.3, Avg: 2.5, Max: 3.4, Diff: 1.1, Sum: 20.1]
      [Update RS (ms): Min: 2.1, Avg: 2.8, Max: 3.2, Diff: 1.2, Sum: 22.2]
         [Processed Buffers: Min: 17, Avg: 28.1, Max: 37, Diff: 20, Sum: 225]
      [Scan RS (ms): Min: 0.0, Avg: 0.1, Max: 0.1, Diff: 0.1, Sum: 0.7]
      [Code Root Scanning (ms): Min: 0.0, Avg: 0.0, Max: 0.0, Diff: 0.0, Sum: 0.0]
      [Object Copy (ms): Min: 59.3, Avg: 59.7, Max: 60.4, Diff: 1.1, Sum: 478.0]
      [Termination (ms): Min: 0.7, Avg: 1.5, Max: 1.7, Diff: 1.0, Sum: 12.2]
         [Termination Attempts: Min: 324, Avg: 1024.8, Max: 1176, Diff: 852, Sum: 8198]
      [GC Worker Other (ms): Min: 0.0, Avg: 0.1, Max: 0.1, Diff: 0.1, Sum: 0.5]
      [GC Worker Total (ms): Min: 66.7, Avg: 66.7, Max: 66.8, Diff: 0.1, Sum: 533.7]
      [GC Worker End (ms): Min: 558422976.9, Avg: 558422976.9, Max: 558422976.9, Diff: 0.1]
   [Code Root Fixup: 0.1 ms]
   [Code Root Purge: 0.0 ms]
   [Clear CT: 0.3 ms]
   [Other: 43.5 ms]
      [Choose CSet: 0.0 ms]
      [Ref Proc: 39.5 ms]
      [Ref Enq: 1.3 ms]
      [Redirty Cards: 0.1 ms]
      [Humongous Register: 0.6 ms]
      [Humongous Reclaim: 0.1 ms]
      [Free CSet: 0.9 ms]
   [Eden: 860.0M(860.0M)->0.0B(820.0M) Survivors: 10.0M->22.0M Heap: 2388.7M(6144.0M)->1535.6M(6144.0M)]
 [Times: user=0.58 sys=0.00, real=0.11 secs] 
2025-07-26T23:04:37.819+0800: 558431.655: [GC pause (G1 Evacuation Pause) (young), 0.0634073 secs]
   [Parallel Time: 39.5 ms, GC Workers: 8]
      [GC Worker Start (ms): Min: 558431655.7, Avg: 558431655.7, Max: 558431655.8, Diff: 0.1]
      [Ext Root Scanning (ms): Min: 2.1, Avg: 2.4, Max: 3.1, Diff: 1.0, Sum: 19.3]
      [Update RS (ms): Min: 6.1, Avg: 6.8, Max: 7.4, Diff: 1.3, Sum: 54.5]
         [Processed Buffers: Min: 33, Avg: 46.6, Max: 57, Diff: 24, Sum: 373]
      [Scan RS (ms): Min: 0.0, Avg: 0.1, Max: 0.1, Diff: 0.1, Sum: 0.6]
      [Code Root Scanning (ms): Min: 0.0, Avg: 0.0, Max: 0.0, Diff: 0.0, Sum: 0.0]
      [Object Copy (ms): Min: 28.7, Avg: 29.0, Max: 29.1, Diff: 0.4, Sum: 231.7]
      [Termination (ms): Min: 0.9, Avg: 1.0, Max: 1.1, Diff: 0.2, Sum: 8.2]
         [Termination Attempts: Min: 783, Avg: 852.5, Max: 918, Diff: 135, Sum: 6820]
      [GC Worker Other (ms): Min: 0.0, Avg: 0.0, Max: 0.1, Diff: 0.1, Sum: 0.4]
      [GC Worker Total (ms): Min: 39.3, Avg: 39.3, Max: 39.4, Diff: 0.1, Sum: 314.7]
      [GC Worker End (ms): Min: 558431695.0, Avg: 558431695.1, Max: 558431695.1, Diff: 0.1]
   [Code Root Fixup: 0.0 ms]
   [Code Root Purge: 0.0 ms]
   [Clear CT: 0.4 ms]
   [Other: 23.5 ms]
      [Choose CSet: 0.0 ms]
      [Ref Proc: 20.4 ms]
      [Ref Enq: 0.9 ms]
      [Redirty Cards: 0.2 ms]
      [Humongous Register: 0.4 ms]
      [Humongous Reclaim: 0.2 ms]
      [Free CSet: 0.6 ms]
   [Eden: 820.0M(820.0M)->0.0B(1974.0M) Survivors: 22.0M->22.0M Heap: 2389.9M(6144.0M)->1527.9M(6144.0M)]
 [Times: user=0.34 sys=0.00, real=0.06 secs] 
2025-07-26T23:05:07.024+0800: 558460.859: [GC pause (G1 Evacuation Pause) (young), 0.3890214 secs]
   [Parallel Time: 283.5 ms, GC Workers: 8]
      [GC Worker Start (ms): Min: 558460863.6, Avg: 558460863.7, Max: 558460863.8, Diff: 0.2]
      [Ext Root Scanning (ms): Min: 3.2, Avg: 4.7, Max: 12.3, Diff: 9.1, Sum: 37.2]
      [Update RS (ms): Min: 0.0, Avg: 5.7, Max: 7.3, Diff: 7.3, Sum: 45.8]
         [Processed Buffers: Min: 0, Avg: 41.1, Max: 77, Diff: 77, Sum: 329]
      [Scan RS (ms): Min: 0.1, Avg: 0.2, Max: 0.4, Diff: 0.3, Sum: 1.5]
      [Code Root Scanning (ms): Min: 0.0, Avg: 0.0, Max: 0.0, Diff: 0.0, Sum: 0.0]
      [Object Copy (ms): Min: 110.4, Avg: 118.1, Max: 124.2, Diff: 13.8, Sum: 944.7]
      [Termination (ms): Min: 148.4, Avg: 154.4, Max: 160.3, Diff: 11.9, Sum: 1234.9]
         [Termination Attempts: Min: 19182, Avg: 19726.8, Max: 20278, Diff: 1096, Sum: 157814]
      [GC Worker Other (ms): Min: 0.0, Avg: 0.1, Max: 0.2, Diff: 0.2, Sum: 1.1]
      [GC Worker Total (ms): Min: 283.0, Avg: 283.2, Max: 283.3, Diff: 0.3, Sum: 2265.2]
      [GC Worker End (ms): Min: 558461146.8, Avg: 558461146.8, Max: 558461147.0, Diff: 0.2]
   [Code Root Fixup: 0.1 ms]
   [Code Root Purge: 0.0 ms]
   [Clear CT: 0.4 ms]
   [Other: 105.1 ms]
      [Choose CSet: 0.0 ms]
      [Ref Proc: 94.4 ms]
      [Ref Enq: 3.1 ms]
      [Redirty Cards: 0.2 ms]
      [Humongous Register: 3.3 ms]
      [Humongous Reclaim: 0.2 ms]
      [Free CSet: 2.6 ms]
   [Eden: 1974.0M(1974.0M)->0.0B(932.0M) Survivors: 22.0M->48.0M Heap: 3526.6M(6144.0M)->1569.2M(6144.0M)]
 [Times: user=2.14 sys=0.22, real=0.39 secs] 
2025-07-26T23:05:16.443+0800: 558470.278: [GC pause (G1 Evacuation Pause) (young), 0.0750436 secs]
   [Parallel Time: 39.4 ms, GC Workers: 8]
      [GC Worker Start (ms): Min: 558470283.2, Avg: 558470283.3, Max: 558470283.3, Diff: 0.1]
      [Ext Root Scanning (ms): Min: 2.8, Avg: 3.3, Max: 4.9, Diff: 2.1, Sum: 26.2]
      [Update RS (ms): Min: 5.3, Avg: 6.7, Max: 8.0, Diff: 2.7, Sum: 54.0]
         [Processed Buffers: Min: 29, Avg: 43.6, Max: 54, Diff: 25, Sum: 349]
      [Scan RS (ms): Min: 0.0, Avg: 0.1, Max: 0.2, Diff: 0.2, Sum: 0.8]
      [Code Root Scanning (ms): Min: 0.0, Avg: 0.0, Max: 0.0, Diff: 0.0, Sum: 0.0]
      [Object Copy (ms): Min: 27.2, Avg: 28.0, Max: 28.3, Diff: 1.1, Sum: 224.3]
      [Termination (ms): Min: 0.9, Avg: 1.0, Max: 1.0, Diff: 0.1, Sum: 7.8]
         [Termination Attempts: Min: 696, Avg: 789.5, Max: 846, Diff: 150, Sum: 6316]
      [GC Worker Other (ms): Min: 0.0, Avg: 0.1, Max: 0.2, Diff: 0.1, Sum: 0.9]
      [GC Worker Total (ms): Min: 39.2, Avg: 39.3, Max: 39.3, Diff: 0.1, Sum: 314.1]
      [GC Worker End (ms): Min: 558470322.5, Avg: 558470322.5, Max: 558470322.6, Diff: 0.1]
   [Code Root Fixup: 0.1 ms]
   [Code Root Purge: 0.0 ms]
   [Clear CT: 0.3 ms]
   [Other: 35.3 ms]
      [Choose CSet: 0.0 ms]
      [Ref Proc: 26.3 ms]
      [Ref Enq: 1.1 ms]
      [Redirty Cards: 0.2 ms]
      [Humongous Register: 4.2 ms]
      [Humongous Reclaim: 0.4 ms]
      [Free CSet: 2.0 ms]
   [Eden: 932.0M(932.0M)->0.0B(2726.0M) Survivors: 48.0M->22.0M Heap: 2532.3M(6144.0M)->1533.9M(6144.0M)]
 [Times: user=0.32 sys=0.03, real=0.08 secs] 
2025-07-26T23:05:51.173+0800: 558505.009: [GC pause (G1 Evacuation Pause) (young), 0.3737968 secs]
   [Parallel Time: 255.8 ms, GC Workers: 8]
      [GC Worker Start (ms): Min: 558505013.1, Avg: 558505013.2, Max: 558505013.4, Diff: 0.2]
      [Ext Root Scanning (ms): Min: 3.1, Avg: 4.4, Max: 11.7, Diff: 8.7, Sum: 35.5]
      [Update RS (ms): Min: 2.5, Avg: 9.5, Max: 11.5, Diff: 9.0, Sum: 76.3]
         [Processed Buffers: Min: 34, Avg: 63.5, Max: 84, Diff: 50, Sum: 508]
      [Scan RS (ms): Min: 0.1, Avg: 0.3, Max: 0.4, Diff: 0.3, Sum: 2.2]
      [Code Root Scanning (ms): Min: 0.0, Avg: 0.0, Max: 0.0, Diff: 0.0, Sum: 0.1]
      [Object Copy (ms): Min: 136.4, Avg: 141.8, Max: 146.2, Diff: 9.8, Sum: 1134.8]
      [Termination (ms): Min: 95.1, Avg: 99.2, Max: 104.8, Diff: 9.8, Sum: 793.9]
         [Termination Attempts: Min: 19346, Avg: 20536.4, Max: 21343, Diff: 1997, Sum: 164291]
      [GC Worker Other (ms): Min: 0.1, Avg: 0.2, Max: 0.2, Diff: 0.1, Sum: 1.2]
      [GC Worker Total (ms): Min: 255.3, Avg: 255.5, Max: 255.7, Diff: 0.4, Sum: 2043.9]
      [GC Worker End (ms): Min: 558505268.6, Avg: 558505268.7, Max: 558505268.8, Diff: 0.2]
   [Code Root Fixup: 0.1 ms]
   [Code Root Purge: 0.0 ms]
   [Clear CT: 0.6 ms]
   [Other: 117.3 ms]
      [Choose CSet: 0.0 ms]
      [Ref Proc: 105.4 ms]
      [Ref Enq: 3.4 ms]
      [Redirty Cards: 0.2 ms]
      [Humongous Register: 3.7 ms]
      [Humongous Reclaim: 0.2 ms]
      [Free CSet: 3.4 ms]
   [Eden: 2726.0M(2726.0M)->0.0B(3238.0M) Survivors: 22.0M->36.0M Heap: 4305.9M(6144.0M)->1548.9M(6144.0M)]
 [Times: user=1.99 sys=0.20, real=0.38 secs] 
2025-07-26T23:06:24.998+0800: 558538.833: [GC pause (G1 Evacuation Pause) (young), 0.4993437 secs]
   [Parallel Time: 368.8 ms, GC Workers: 8]
      [GC Worker Start (ms): Min: 558538836.3, Avg: 558538836.4, Max: 558538836.5, Diff: 0.2]
      [Ext Root Scanning (ms): Min: 3.1, Avg: 4.4, Max: 11.8, Diff: 8.7, Sum: 35.4]
      [Update RS (ms): Min: 2.5, Avg: 9.6, Max: 11.5, Diff: 8.9, Sum: 77.2]
         [Processed Buffers: Min: 22, Avg: 63.4, Max: 82, Diff: 60, Sum: 507]
      [Scan RS (ms): Min: 0.1, Avg: 0.4, Max: 0.5, Diff: 0.4, Sum: 2.8]
      [Code Root Scanning (ms): Min: 0.0, Avg: 0.0, Max: 0.0, Diff: 0.0, Sum: 0.1]
      [Object Copy (ms): Min: 143.8, Avg: 151.5, Max: 163.2, Diff: 19.4, Sum: 1211.9]
      [Termination (ms): Min: 190.9, Avg: 202.5, Max: 210.5, Diff: 19.5, Sum: 1620.2]
         [Termination Attempts: Min: 23066, Avg: 26432.1, Max: 27902, Diff: 4836, Sum: 211457]
      [GC Worker Other (ms): Min: 0.1, Avg: 0.1, Max: 0.2, Diff: 0.1, Sum: 1.1]
      [GC Worker Total (ms): Min: 368.5, Avg: 368.6, Max: 368.7, Diff: 0.3, Sum: 2948.6]
      [GC Worker End (ms): Min: 558539204.9, Avg: 558539205.0, Max: 558539205.1, Diff: 0.1]
   [Code Root Fixup: 0.0 ms]
   [Code Root Purge: 0.0 ms]
   [Clear CT: 0.9 ms]
   [Other: 129.6 ms]
      [Choose CSet: 0.0 ms]
      [Ref Proc: 118.0 ms]
      [Ref Enq: 3.9 ms]
      [Redirty Cards: 0.3 ms]
      [Humongous Register: 2.3 ms]
      [Humongous Reclaim: 0.2 ms]
      [Free CSet: 3.9 ms]
   [Eden: 3238.0M(3238.0M)->0.0B(3432.0M) Survivors: 36.0M->42.0M Heap: 4833.0M(6144.0M)->1553.9M(6144.0M)]
 [Times: user=2.71 sys=0.35, real=0.50 secs] 
2025-07-26T23:06:58.404+0800: 558572.239: [GC pause (G1 Evacuation Pause) (young), 0.4609268 secs]
   [Parallel Time: 318.3 ms, GC Workers: 8]
      [GC Worker Start (ms): Min: 558572241.9, Avg: 558572242.1, Max: 558572242.2, Diff: 0.3]
      [Ext Root Scanning (ms): Min: 4.1, Avg: 7.0, Max: 21.1, Diff: 17.0, Sum: 56.0]
      [Update RS (ms): Min: 0.0, Avg: 10.0, Max: 12.5, Diff: 12.5, Sum: 80.1]
         [Processed Buffers: Min: 0, Avg: 68.6, Max: 94, Diff: 94, Sum: 549]
      [Scan RS (ms): Min: 0.1, Avg: 0.4, Max: 0.6, Diff: 0.5, Sum: 3.3]
      [Code Root Scanning (ms): Min: 0.0, Avg: 0.0, Max: 0.0, Diff: 0.0, Sum: 0.1]
      [Object Copy (ms): Min: 186.7, Avg: 191.4, Max: 196.0, Diff: 9.3, Sum: 1531.1]
      [Termination (ms): Min: 100.3, Avg: 109.1, Max: 114.3, Diff: 14.0, Sum: 872.5]
         [Termination Attempts: Min: 15617, Avg: 18420.8, Max: 19654, Diff: 4037, Sum: 147366]
      [GC Worker Other (ms): Min: 0.0, Avg: 0.1, Max: 0.2, Diff: 0.2, Sum: 1.1]
      [GC Worker Total (ms): Min: 317.9, Avg: 318.0, Max: 318.2, Diff: 0.3, Sum: 2544.2]
      [GC Worker End (ms): Min: 558572560.1, Avg: 558572560.1, Max: 558572560.2, Diff: 0.1]
   [Code Root Fixup: 0.1 ms]
   [Code Root Purge: 0.0 ms]
   [Clear CT: 0.8 ms]
   [Other: 141.8 ms]
      [Choose CSet: 0.0 ms]
      [Ref Proc: 129.6 ms]
      [Ref Enq: 4.0 ms]
      [Redirty Cards: 0.2 ms]
      [Humongous Register: 2.0 ms]
      [Humongous Reclaim: 0.3 ms]
      [Free CSet: 4.7 ms]
   [Eden: 3432.0M(3432.0M)->0.0B(242.0M) Survivors: 42.0M->64.0M Heap: 5036.6M(6144.0M)->1577.0M(6144.0M)]
 [Times: user=2.42 sys=0.22, real=0.46 secs] 
2025-07-26T23:07:02.901+0800: 558576.737: [GC pause (G1 Evacuation Pause) (young), 0.0227503 secs]
   [Parallel Time: 13.3 ms, GC Workers: 8]
      [GC Worker Start (ms): Min: 558576737.4, Avg: 558576737.5, Max: 558576737.5, Diff: 0.1]
      [Ext Root Scanning (ms): Min: 2.2, Avg: 2.7, Max: 5.3, Diff: 3.1, Sum: 22.0]
      [Update RS (ms): Min: 0.0, Avg: 1.3, Max: 1.8, Diff: 1.8, Sum: 10.0]
         [Processed Buffers: Min: 0, Avg: 12.5, Max: 24, Diff: 24, Sum: 100]
      [Scan RS (ms): Min: 0.0, Avg: 0.0, Max: 0.1, Diff: 0.0, Sum: 0.2]
      [Code Root Scanning (ms): Min: 0.0, Avg: 0.0, Max: 0.0, Diff: 0.0, Sum: 0.0]
      [Object Copy (ms): Min: 7.6, Avg: 8.9, Max: 9.2, Diff: 1.7, Sum: 70.8]
      [Termination (ms): Min: 0.0, Avg: 0.2, Max: 0.3, Diff: 0.3, Sum: 1.6]
         [Termination Attempts: Min: 1, Avg: 200.2, Max: 259, Diff: 258, Sum: 1602]
      [GC Worker Other (ms): Min: 0.0, Avg: 0.0, Max: 0.1, Diff: 0.0, Sum: 0.3]
      [GC Worker Total (ms): Min: 13.1, Avg: 13.1, Max: 13.2, Diff: 0.1, Sum: 104.9]
      [GC Worker End (ms): Min: 558576750.6, Avg: 558576750.6, Max: 558576750.6, Diff: 0.0]
   [Code Root Fixup: 0.0 ms]
   [Code Root Purge: 0.0 ms]
   [Clear CT: 0.2 ms]
   [Other: 9.3 ms]
      [Choose CSet: 0.0 ms]
      [Ref Proc: 7.1 ms]
      [Ref Enq: 0.2 ms]
      [Redirty Cards: 0.1 ms]
      [Humongous Register: 0.4 ms]
      [Humongous Reclaim: 0.1 ms]
      [Free CSet: 0.3 ms]
   [Eden: 242.0M(242.0M)->0.0B(292.0M) Survivors: 64.0M->14.0M Heap: 1819.0M(6144.0M)->1533.5M(6144.0M)]
 [Times: user=0.08 sys=0.04, real=0.02 secs] 
2025-07-26T23:07:07.403+0800: 558581.238: [GC pause (GCLocker Initiated GC) (young), 0.0452797 secs]
   [Parallel Time: 32.4 ms, GC Workers: 8]
      [GC Worker Start (ms): Min: 558581238.7, Avg: 558581238.7, Max: 558581238.8, Diff: 0.1]
      [Ext Root Scanning (ms): Min: 2.3, Avg: 3.4, Max: 10.1, Diff: 7.8, Sum: 27.4]
      [Update RS (ms): Min: 0.0, Avg: 2.1, Max: 2.7, Diff: 2.7, Sum: 16.7]
         [Processed Buffers: Min: 0, Avg: 14.2, Max: 31, Diff: 31, Sum: 114]
      [Scan RS (ms): Min: 0.0, Avg: 0.0, Max: 0.0, Diff: 0.0, Sum: 0.2]
      [Code Root Scanning (ms): Min: 0.0, Avg: 0.0, Max: 0.0, Diff: 0.0, Sum: 0.0]
      [Object Copy (ms): Min: 15.6, Avg: 19.8, Max: 20.9, Diff: 5.3, Sum: 158.0]
      [Termination (ms): Min: 6.3, Avg: 6.9, Max: 7.5, Diff: 1.2, Sum: 55.1]
         [Termination Attempts: Min: 1935, Avg: 2174.2, Max: 2334, Diff: 399, Sum: 17394]
      [GC Worker Other (ms): Min: 0.0, Avg: 0.0, Max: 0.0, Diff: 0.0, Sum: 0.2]
      [GC Worker Total (ms): Min: 32.2, Avg: 32.2, Max: 32.3, Diff: 0.1, Sum: 257.6]
      [GC Worker End (ms): Min: 558581270.9, Avg: 558581270.9, Max: 558581271.0, Diff: 0.0]
   [Code Root Fixup: 0.1 ms]
   [Code Root Purge: 0.0 ms]
   [Clear CT: 0.2 ms]
   [Other: 12.7 ms]
      [Choose CSet: 0.0 ms]
      [Ref Proc: 10.7 ms]
      [Ref Enq: 0.3 ms]
      [Redirty Cards: 0.1 ms]
      [Humongous Register: 0.3 ms]
      [Humongous Reclaim: 0.1 ms]
      [Free CSet: 0.3 ms]
   [Eden: 292.0M(292.0M)->0.0B(650.0M) Survivors: 14.0M->16.0M Heap: 1825.5M(6144.0M)->1535.5M(6144.0M)]
 [Times: user=0.24 sys=0.02, real=0.05 secs] 
2025-07-26T23:07:16.583+0800: 558590.419: [GC pause (G1 Evacuation Pause) (young), 0.0706029 secs]
   [Parallel Time: 37.0 ms, GC Workers: 8]
      [GC Worker Start (ms): Min: 558590424.3, Avg: 558590424.4, Max: 558590424.5, Diff: 0.2]
      [Ext Root Scanning (ms): Min: 3.0, Avg: 3.4, Max: 4.7, Diff: 1.8, Sum: 26.9]
      [Update RS (ms): Min: 0.0, Avg: 1.1, Max: 2.4, Diff: 2.4, Sum: 9.2]
         [Processed Buffers: Min: 0, Avg: 12.8, Max: 29, Diff: 29, Sum: 102]
      [Scan RS (ms): Min: 0.0, Avg: 0.1, Max: 0.1, Diff: 0.1, Sum: 0.5]
      [Code Root Scanning (ms): Min: 0.0, Avg: 0.0, Max: 0.0, Diff: 0.0, Sum: 0.0]
      [Object Copy (ms): Min: 29.9, Avg: 30.8, Max: 31.1, Diff: 1.3, Sum: 246.7]
      [Termination (ms): Min: 1.1, Avg: 1.3, Max: 1.3, Diff: 0.2, Sum: 10.2]
         [Termination Attempts: Min: 879, Avg: 1010.2, Max: 1086, Diff: 207, Sum: 8082]
      [GC Worker Other (ms): Min: 0.1, Avg: 0.1, Max: 0.2, Diff: 0.1, Sum: 0.9]
      [GC Worker Total (ms): Min: 36.7, Avg: 36.8, Max: 36.9, Diff: 0.3, Sum: 294.3]
      [GC Worker End (ms): Min: 558590461.2, Avg: 558590461.2, Max: 558590461.2, Diff: 0.0]
   [Code Root Fixup: 0.1 ms]
   [Code Root Purge: 0.0 ms]
   [Clear CT: 0.2 ms]
   [Other: 33.3 ms]
      [Choose CSet: 0.0 ms]
      [Ref Proc: 24.9 ms]
      [Ref Enq: 0.9 ms]
      [Redirty Cards: 0.2 ms]
      [Humongous Register: 5.1 ms]
      [Humongous Reclaim: 0.1 ms]
      [Free CSet: 1.1 ms]
   [Eden: 650.0M(650.0M)->0.0B(1282.0M) Survivors: 16.0M->22.0M Heap: 2185.5M(6144.0M)->1541.5M(6144.0M)]
 [Times: user=0.33 sys=0.00, real=0.07 secs] 
2025-07-26T23:07:29.814+0800: 558603.650: [GC pause (G1 Evacuation Pause) (young), 0.1536508 secs]
   [Parallel Time: 100.3 ms, GC Workers: 8]
      [GC Worker Start (ms): Min: 558603654.8, Avg: 558603654.9, Max: 558603655.0, Diff: 0.2]
      [Ext Root Scanning (ms): Min: 3.1, Avg: 4.7, Max: 14.0, Diff: 10.9, Sum: 37.7]
      [Update RS (ms): Min: 0.0, Avg: 8.5, Max: 10.5, Diff: 10.5, Sum: 67.8]
         [Processed Buffers: Min: 0, Avg: 61.5, Max: 86, Diff: 86, Sum: 492]
      [Scan RS (ms): Min: 0.0, Avg: 0.1, Max: 0.2, Diff: 0.2, Sum: 1.0]
      [Code Root Scanning (ms): Min: 0.0, Avg: 0.0, Max: 0.0, Diff: 0.0, Sum: 0.0]
      [Object Copy (ms): Min: 63.5, Avg: 64.6, Max: 65.8, Diff: 2.3, Sum: 517.1]
      [Termination (ms): Min: 21.0, Avg: 21.9, Max: 22.7, Diff: 1.7, Sum: 175.4]
         [Termination Attempts: Min: 7370, Avg: 8292.9, Max: 8593, Diff: 1223, Sum: 66343]
      [GC Worker Other (ms): Min: 0.1, Avg: 0.1, Max: 0.2, Diff: 0.1, Sum: 0.9]
      [GC Worker Total (ms): Min: 99.9, Avg: 100.0, Max: 100.0, Diff: 0.2, Sum: 800.0]
      [GC Worker End (ms): Min: 558603754.8, Avg: 558603754.9, Max: 558603755.0, Diff: 0.2]
   [Code Root Fixup: 0.0 ms]
   [Code Root Purge: 0.0 ms]
   [Clear CT: 0.6 ms]
   [Other: 52.7 ms]
      [Choose CSet: 0.0 ms]
      [Ref Proc: 43.8 ms]
      [Ref Enq: 1.5 ms]
      [Redirty Cards: 0.1 ms]
      [Humongous Register: 4.1 ms]
      [Humongous Reclaim: 0.2 ms]
      [Free CSet: 1.7 ms]
   [Eden: 1282.0M(1282.0M)->0.0B(2622.0M) Survivors: 22.0M->22.0M Heap: 2869.5M(6144.0M)->1540.5M(6144.0M)]
 [Times: user=0.77 sys=0.09, real=0.16 secs] 
2025-07-26T23:08:07.668+0800: 558641.504: [GC pause (G1 Evacuation Pause) (young), 0.5842272 secs]
   [Parallel Time: 423.8 ms, GC Workers: 8]
      [GC Worker Start (ms): Min: 558641508.0, Avg: 558641508.2, Max: 558641508.3, Diff: 0.2]
      [Ext Root Scanning (ms): Min: 3.4, Avg: 4.8, Max: 12.2, Diff: 8.8, Sum: 38.1]
      [Update RS (ms): Min: 0.0, Avg: 2.2, Max: 3.0, Diff: 3.0, Sum: 17.3]
         [Processed Buffers: Min: 0, Avg: 17.5, Max: 53, Diff: 53, Sum: 140]
      [Scan RS (ms): Min: 0.1, Avg: 0.2, Max: 0.4, Diff: 0.4, Sum: 1.9]
      [Code Root Scanning (ms): Min: 0.0, Avg: 0.0, Max: 0.0, Diff: 0.0, Sum: 0.0]
      [Object Copy (ms): Min: 174.9, Avg: 186.6, Max: 200.5, Diff: 25.6, Sum: 1492.7]
      [Termination (ms): Min: 216.4, Avg: 229.7, Max: 242.0, Diff: 25.6, Sum: 1837.4]
         [Termination Attempts: Min: 31341, Avg: 32500.0, Max: 34100, Diff: 2759, Sum: 260000]
      [GC Worker Other (ms): Min: 0.1, Avg: 0.1, Max: 0.1, Diff: 0.1, Sum: 0.9]
      [GC Worker Total (ms): Min: 423.4, Avg: 423.5, Max: 423.7, Diff: 0.3, Sum: 3388.4]
      [GC Worker End (ms): Min: 558641931.6, Avg: 558641931.7, Max: 558641931.8, Diff: 0.2]
   [Code Root Fixup: 0.0 ms]
   [Code Root Purge: 0.0 ms]
   [Clear CT: 0.7 ms]
   [Other: 159.7 ms]
      [Choose CSet: 0.0 ms]
      [Ref Proc: 146.6 ms]
      [Ref Enq: 4.8 ms]
      [Redirty Cards: 0.2 ms]
      [Humongous Register: 3.6 ms]
      [Humongous Reclaim: 0.1 ms]
      [Free CSet: 3.2 ms]
   [Eden: 2622.0M(2622.0M)->0.0B(636.0M) Survivors: 22.0M->52.0M Heap: 4162.5M(6144.0M)->1571.5M(6144.0M)]
 [Times: user=3.19 sys=0.33, real=0.58 secs] 
2025-07-26T23:08:18.022+0800: 558651.857: [GC pause (G1 Evacuation Pause) (young), 0.0736080 secs]
   [Parallel Time: 42.5 ms, GC Workers: 8]
      [GC Worker Start (ms): Min: 558651858.2, Avg: 558651858.3, Max: 558651858.3, Diff: 0.1]
      [Ext Root Scanning (ms): Min: 2.3, Avg: 2.6, Max: 3.9, Diff: 1.7, Sum: 21.1]
      [Update RS (ms): Min: 0.0, Avg: 1.1, Max: 1.4, Diff: 1.4, Sum: 9.0]
         [Processed Buffers: Min: 0, Avg: 14.0, Max: 30, Diff: 30, Sum: 112]
      [Scan RS (ms): Min: 0.0, Avg: 0.1, Max: 0.1, Diff: 0.1, Sum: 0.4]
      [Code Root Scanning (ms): Min: 0.0, Avg: 0.0, Max: 0.0, Diff: 0.0, Sum: 0.1]
      [Object Copy (ms): Min: 36.3, Avg: 37.1, Max: 37.4, Diff: 1.1, Sum: 296.5]
      [Termination (ms): Min: 1.2, Avg: 1.4, Max: 2.1, Diff: 0.9, Sum: 11.1]
         [Termination Attempts: Min: 929, Avg: 1062.8, Max: 1247, Diff: 318, Sum: 8502]
      [GC Worker Other (ms): Min: 0.0, Avg: 0.0, Max: 0.1, Diff: 0.1, Sum: 0.4]
      [GC Worker Total (ms): Min: 42.3, Avg: 42.3, Max: 42.4, Diff: 0.1, Sum: 338.6]
      [GC Worker End (ms): Min: 558651900.6, Avg: 558651900.6, Max: 558651900.6, Diff: 0.0]
   [Code Root Fixup: 0.0 ms]
   [Code Root Purge: 0.0 ms]
   [Clear CT: 0.2 ms]
   [Other: 30.9 ms]
      [Choose CSet: 0.0 ms]
      [Ref Proc: 27.5 ms]
      [Ref Enq: 1.1 ms]
      [Redirty Cards: 0.2 ms]
      [Humongous Register: 0.7 ms]
      [Humongous Reclaim: 0.1 ms]
      [Free CSet: 0.5 ms]
   [Eden: 636.0M(636.0M)->0.0B(1614.0M) Survivors: 52.0M->24.0M Heap: 2207.5M(6144.0M)->1542.5M(6144.0M)]
 [Times: user=0.34 sys=0.03, real=0.07 secs] 
2025-07-26T23:08:39.586+0800: 558673.421: [GC pause (G1 Evacuation Pause) (young), 0.2740855 secs]
   [Parallel Time: 198.2 ms, GC Workers: 8]
      [GC Worker Start (ms): Min: 558673426.3, Avg: 558673426.3, Max: 558673426.4, Diff: 0.1]
      [Ext Root Scanning (ms): Min: 3.1, Avg: 4.3, Max: 10.9, Diff: 7.8, Sum: 34.1]
      [Update RS (ms): Min: 3.1, Avg: 9.5, Max: 10.6, Diff: 7.6, Sum: 75.6]
         [Processed Buffers: Min: 24, Avg: 63.2, Max: 90, Diff: 66, Sum: 506]
      [Scan RS (ms): Min: 0.1, Avg: 0.1, Max: 0.3, Diff: 0.3, Sum: 1.2]
      [Code Root Scanning (ms): Min: 0.0, Avg: 0.0, Max: 0.0, Diff: 0.0, Sum: 0.0]
      [Object Copy (ms): Min: 71.9, Avg: 77.7, Max: 80.9, Diff: 9.0, Sum: 622.0]
      [Termination (ms): Min: 103.2, Avg: 106.3, Max: 111.2, Diff: 8.0, Sum: 850.5]
         [Termination Attempts: Min: 12708, Avg: 13422.1, Max: 14609, Diff: 1901, Sum: 107377]
      [GC Worker Other (ms): Min: 0.0, Avg: 0.1, Max: 0.2, Diff: 0.1, Sum: 0.9]
      [GC Worker Total (ms): Min: 198.0, Avg: 198.0, Max: 198.1, Diff: 0.1, Sum: 1584.3]
      [GC Worker End (ms): Min: 558673624.4, Avg: 558673624.4, Max: 558673624.4, Diff: 0.1]
   [Code Root Fixup: 0.1 ms]
   [Code Root Purge: 0.0 ms]
   [Clear CT: 0.5 ms]
   [Other: 75.3 ms]
      [Choose CSet: 0.0 ms]
      [Ref Proc: 65.2 ms]
      [Ref Enq: 2.2 ms]
      [Redirty Cards: 0.2 ms]
      [Humongous Register: 4.4 ms]
      [Humongous Reclaim: 0.2 ms]
      [Free CSet: 2.1 ms]
   [Eden: 1614.0M(1614.0M)->0.0B(2362.0M) Survivors: 24.0M->34.0M Heap: 3202.5M(6144.0M)->1552.5M(6144.0M)]
 [Times: user=1.49 sys=0.17, real=0.28 secs] 
2025-07-26T23:09:17.453+0800: 558711.288: [GC pause (G1 Evacuation Pause) (young), 0.3734191 secs]
   [Parallel Time: 275.6 ms, GC Workers: 8]
      [GC Worker Start (ms): Min: 558711291.7, Avg: 558711291.8, Max: 558711291.8, Diff: 0.1]
      [Ext Root Scanning (ms): Min: 2.9, Avg: 4.1, Max: 11.3, Diff: 8.4, Sum: 33.1]
      [Update RS (ms): Min: 3.6, Avg: 10.7, Max: 12.6, Diff: 9.0, Sum: 85.4]
         [Processed Buffers: Min: 41, Avg: 68.8, Max: 84, Diff: 43, Sum: 550]
      [Scan RS (ms): Min: 0.1, Avg: 0.2, Max: 0.4, Diff: 0.3, Sum: 2.0]
      [Code Root Scanning (ms): Min: 0.0, Avg: 0.0, Max: 0.0, Diff: 0.0, Sum: 0.0]
      [Object Copy (ms): Min: 135.7, Avg: 141.5, Max: 158.9, Diff: 23.1, Sum: 1132.0]
      [Termination (ms): Min: 101.1, Avg: 118.6, Max: 124.5, Diff: 23.4, Sum: 948.8]
         [Termination Attempts: Min: 11425, Avg: 17917.2, Max: 19800, Diff: 8375, Sum: 143338]
      [GC Worker Other (ms): Min: 0.0, Avg: 0.1, Max: 0.2, Diff: 0.1, Sum: 0.9]
      [GC Worker Total (ms): Min: 275.2, Avg: 275.3, Max: 275.4, Diff: 0.2, Sum: 2202.2]
      [GC Worker End (ms): Min: 558711567.0, Avg: 558711567.0, Max: 558711567.2, Diff: 0.2]
   [Code Root Fixup: 0.0 ms]
   [Code Root Purge: 0.0 ms]
   [Clear CT: 0.6 ms]
   [Other: 97.2 ms]
      [Choose CSet: 0.0 ms]
      [Ref Proc: 87.1 ms]
      [Ref Enq: 3.0 ms]
      [Redirty Cards: 0.2 ms]
      [Humongous Register: 2.7 ms]
      [Humongous Reclaim: 0.3 ms]
      [Free CSet: 3.1 ms]
   [Eden: 2362.0M(2362.0M)->0.0B(3060.0M) Survivors: 34.0M->42.0M Heap: 3964.1M(6144.0M)->1556.5M(6144.0M)]
 [Times: user=2.14 sys=0.15, real=0.37 secs] 
2025-07-26T23:10:00.941+0800: 558754.776: [GC pause (G1 Evacuation Pause) (young), 0.7150237 secs]
   [Parallel Time: 536.6 ms, GC Workers: 8]
      [GC Worker Start (ms): Min: 558754782.4, Avg: 558754782.5, Max: 558754782.6, Diff: 0.1]
      [Ext Root Scanning (ms): Min: 3.1, Avg: 4.6, Max: 11.2, Diff: 8.2, Sum: 36.7]
      [Update RS (ms): Min: 6.4, Avg: 11.9, Max: 13.3, Diff: 6.9, Sum: 95.4]
         [Processed Buffers: Min: 23, Avg: 65.6, Max: 87, Diff: 64, Sum: 525]
      [Scan RS (ms): Min: 0.1, Avg: 0.6, Max: 0.8, Diff: 0.7, Sum: 4.7]
      [Code Root Scanning (ms): Min: 0.0, Avg: 0.0, Max: 0.0, Diff: 0.0, Sum: 0.1]
      [Object Copy (ms): Min: 228.0, Avg: 244.4, Max: 265.5, Diff: 37.6, Sum: 1955.2]
      [Termination (ms): Min: 251.7, Avg: 272.7, Max: 289.2, Diff: 37.6, Sum: 2181.6]
         [Termination Attempts: Min: 29244, Avg: 34176.8, Max: 38275, Diff: 9031, Sum: 273414]
      [GC Worker Other (ms): Min: 0.1, Avg: 0.1, Max: 0.2, Diff: 0.2, Sum: 1.0]
      [GC Worker Total (ms): Min: 534.2, Avg: 534.3, Max: 534.4, Diff: 0.1, Sum: 4274.8]
      [GC Worker End (ms): Min: 558755316.8, Avg: 558755316.8, Max: 558755316.9, Diff: 0.1]
   [Code Root Fixup: 0.1 ms]
   [Code Root Purge: 0.0 ms]
   [Clear CT: 0.9 ms]
   [Other: 177.5 ms]
      [Choose CSet: 0.0 ms]
      [Ref Proc: 163.1 ms]
      [Ref Enq: 5.3 ms]
      [Redirty Cards: 0.2 ms]
      [Humongous Register: 3.3 ms]
      [Humongous Reclaim: 0.2 ms]
      [Free CSet: 4.0 ms]
   [Eden: 3060.0M(3060.0M)->0.0B(240.0M) Survivors: 42.0M->66.0M Heap: 4662.5M(6144.0M)->1580.5M(6144.0M)]
 [Times: user=3.90 sys=0.49, real=0.71 secs] 
2025-07-26T23:10:02.860+0800: 558756.696: [GC pause (G1 Evacuation Pause) (young), 0.0201484 secs]
   [Parallel Time: 14.8 ms, GC Workers: 8]
      [GC Worker Start (ms): Min: 558756696.3, Avg: 558756696.3, Max: 558756696.4, Diff: 0.1]
      [Ext Root Scanning (ms): Min: 2.8, Avg: 3.1, Max: 3.8, Diff: 1.1, Sum: 24.7]
      [Update RS (ms): Min: 1.1, Avg: 1.7, Max: 1.9, Diff: 0.8, Sum: 13.3]
         [Processed Buffers: Min: 3, Avg: 19.0, Max: 34, Diff: 31, Sum: 152]
      [Scan RS (ms): Min: 0.0, Avg: 0.0, Max: 0.1, Diff: 0.1, Sum: 0.4]
      [Code Root Scanning (ms): Min: 0.0, Avg: 0.0, Max: 0.0, Diff: 0.0, Sum: 0.0]
      [Object Copy (ms): Min: 8.9, Avg: 9.6, Max: 9.9, Diff: 0.9, Sum: 77.2]
      [Termination (ms): Min: 0.0, Avg: 0.1, Max: 0.1, Diff: 0.1, Sum: 0.4]
         [Termination Attempts: Min: 1, Avg: 1.0, Max: 1, Diff: 0, Sum: 8]
      [GC Worker Other (ms): Min: 0.0, Avg: 0.0, Max: 0.1, Diff: 0.1, Sum: 0.4]
      [GC Worker Total (ms): Min: 14.5, Avg: 14.6, Max: 14.6, Diff: 0.2, Sum: 116.4]
      [GC Worker End (ms): Min: 558756710.9, Avg: 558756710.9, Max: 558756710.9, Diff: 0.0]
   [Code Root Fixup: 0.1 ms]
   [Code Root Purge: 0.0 ms]
   [Clear CT: 0.2 ms]
   [Other: 5.1 ms]
      [Choose CSet: 0.0 ms]
      [Ref Proc: 3.2 ms]
      [Ref Enq: 0.2 ms]
      [Redirty Cards: 0.1 ms]
      [Humongous Register: 0.3 ms]
      [Humongous Reclaim: 0.1 ms]
      [Free CSet: 0.3 ms]
   [Eden: 240.0M(240.0M)->0.0B(276.0M) Survivors: 66.0M->30.0M Heap: 1820.5M(6144.0M)->1558.9M(6144.0M)]
 [Times: user=0.07 sys=0.05, real=0.02 secs] 
2025-07-26T23:10:04.544+0800: 558758.380: [GC pause (G1 Evacuation Pause) (young), 0.0227171 secs]
   [Parallel Time: 14.1 ms, GC Workers: 8]
      [GC Worker Start (ms): Min: 558758380.7, Avg: 558758380.7, Max: 558758380.8, Diff: 0.1]
      [Ext Root Scanning (ms): Min: 2.4, Avg: 2.7, Max: 3.7, Diff: 1.3, Sum: 21.9]
      [Update RS (ms): Min: 2.6, Avg: 3.5, Max: 3.9, Diff: 1.3, Sum: 27.6]
         [Processed Buffers: Min: 9, Avg: 22.1, Max: 36, Diff: 27, Sum: 177]
      [Scan RS (ms): Min: 0.0, Avg: 0.0, Max: 0.1, Diff: 0.1, Sum: 0.3]
      [Code Root Scanning (ms): Min: 0.0, Avg: 0.0, Max: 0.0, Diff: 0.0, Sum: 0.0]
      [Object Copy (ms): Min: 7.5, Avg: 7.7, Max: 7.8, Diff: 0.3, Sum: 61.3]
      [Termination (ms): Min: 0.0, Avg: 0.1, Max: 0.2, Diff: 0.2, Sum: 1.0]
         [Termination Attempts: Min: 1, Avg: 134.0, Max: 163, Diff: 162, Sum: 1072]
      [GC Worker Other (ms): Min: 0.0, Avg: 0.0, Max: 0.0, Diff: 0.0, Sum: 0.2]
      [GC Worker Total (ms): Min: 14.0, Avg: 14.0, Max: 14.1, Diff: 0.1, Sum: 112.3]
      [GC Worker End (ms): Min: 558758394.8, Avg: 558758394.8, Max: 558758394.8, Diff: 0.0]
   [Code Root Fixup: 0.0 ms]
   [Code Root Purge: 0.0 ms]
   [Clear CT: 0.2 ms]
   [Other: 8.4 ms]
      [Choose CSet: 0.0 ms]
      [Ref Proc: 5.7 ms]
      [Ref Enq: 0.2 ms]
      [Redirty Cards: 0.2 ms]
      [Humongous Register: 0.8 ms]
      [Humongous Reclaim: 0.1 ms]
      [Free CSet: 0.4 ms]
   [Eden: 276.0M(276.0M)->0.0B(278.0M) Survivors: 30.0M->28.0M Heap: 1834.9M(6144.0M)->1572.5M(6144.0M)]
 [Times: user=0.07 sys=0.05, real=0.03 secs] 
2025-07-26T23:10:06.428+0800: 558760.264: [GC pause (G1 Evacuation Pause) (young), 0.0250186 secs]
   [Parallel Time: 11.9 ms, GC Workers: 8]
      [GC Worker Start (ms): Min: 558760268.8, Avg: 558760268.9, Max: 558760268.9, Diff: 0.1]
      [Ext Root Scanning (ms): Min: 2.6, Avg: 3.2, Max: 4.8, Diff: 2.3, Sum: 25.6]
      [Update RS (ms): Min: 1.3, Avg: 2.3, Max: 2.8, Diff: 1.5, Sum: 18.1]
         [Processed Buffers: Min: 1, Avg: 16.6, Max: 36, Diff: 35, Sum: 133]
      [Scan RS (ms): Min: 0.0, Avg: 0.0, Max: 0.1, Diff: 0.1, Sum: 0.3]
      [Code Root Scanning (ms): Min: 0.0, Avg: 0.0, Max: 0.0, Diff: 0.0, Sum: 0.0]
      [Object Copy (ms): Min: 5.3, Avg: 6.0, Max: 6.3, Diff: 1.0, Sum: 47.8]
      [Termination (ms): Min: 0.0, Avg: 0.1, Max: 0.2, Diff: 0.2, Sum: 1.0]
         [Termination Attempts: Min: 1, Avg: 133.6, Max: 162, Diff: 161, Sum: 1069]
      [GC Worker Other (ms): Min: 0.1, Avg: 0.1, Max: 0.2, Diff: 0.1, Sum: 0.8]
      [GC Worker Total (ms): Min: 11.6, Avg: 11.7, Max: 11.8, Diff: 0.2, Sum: 93.7]
      [GC Worker End (ms): Min: 558760280.6, Avg: 558760280.6, Max: 558760280.6, Diff: 0.1]
   [Code Root Fixup: 0.1 ms]
   [Code Root Purge: 0.0 ms]
   [Clear CT: 0.2 ms]
   [Other: 12.9 ms]
      [Choose CSet: 0.0 ms]
      [Ref Proc: 6.0 ms]
      [Ref Enq: 0.2 ms]
      [Redirty Cards: 0.1 ms]
      [Humongous Register: 4.7 ms]
      [Humongous Reclaim: 0.1 ms]
      [Free CSet: 0.6 ms]
   [Eden: 278.0M(278.0M)->0.0B(328.0M) Survivors: 28.0M->32.0M Heap: 1850.5M(6144.0M)->1577.5M(6144.0M)]
 [Times: user=0.06 sys=0.05, real=0.02 secs] 
2025-07-26T23:10:09.351+0800: 558763.187: [GC pause (G1 Evacuation Pause) (young), 0.0235862 secs]
   [Parallel Time: 13.4 ms, GC Workers: 8]
      [GC Worker Start (ms): Min: 558763187.4, Avg: 558763187.5, Max: 558763187.5, Diff: 0.1]
      [Ext Root Scanning (ms): Min: 2.3, Avg: 2.5, Max: 3.2, Diff: 0.9, Sum: 20.2]
      [Update RS (ms): Min: 0.3, Avg: 0.8, Max: 1.2, Diff: 0.9, Sum: 6.7]
         [Processed Buffers: Min: 2, Avg: 16.8, Max: 26, Diff: 24, Sum: 134]
      [Scan RS (ms): Min: 0.0, Avg: 0.0, Max: 0.0, Diff: 0.0, Sum: 0.2]
      [Code Root Scanning (ms): Min: 0.0, Avg: 0.0, Max: 0.0, Diff: 0.0, Sum: 0.0]
      [Object Copy (ms): Min: 9.5, Avg: 9.6, Max: 9.8, Diff: 0.3, Sum: 76.9]
      [Termination (ms): Min: 0.0, Avg: 0.2, Max: 0.2, Diff: 0.2, Sum: 1.5]
         [Termination Attempts: Min: 1, Avg: 200.1, Max: 242, Diff: 241, Sum: 1601]
      [GC Worker Other (ms): Min: 0.0, Avg: 0.0, Max: 0.1, Diff: 0.0, Sum: 0.3]
      [GC Worker Total (ms): Min: 13.2, Avg: 13.2, Max: 13.3, Diff: 0.1, Sum: 105.9]
      [GC Worker End (ms): Min: 558763200.7, Avg: 558763200.7, Max: 558763200.7, Diff: 0.0]
   [Code Root Fixup: 0.0 ms]
   [Code Root Purge: 0.0 ms]
   [Clear CT: 0.2 ms]
   [Other: 9.9 ms]
      [Choose CSet: 0.0 ms]
      [Ref Proc: 7.8 ms]
      [Ref Enq: 0.3 ms]
      [Redirty Cards: 0.1 ms]
      [Humongous Register: 0.4 ms]
      [Humongous Reclaim: 0.1 ms]
      [Free CSet: 0.3 ms]
   [Eden: 328.0M(328.0M)->0.0B(648.0M) Survivors: 32.0M->32.0M Heap: 1905.5M(6144.0M)->1580.4M(6144.0M)]
 [Times: user=0.07 sys=0.05, real=0.02 secs] 
2025-07-26T23:10:14.550+0800: 558768.386: [GC pause (G1 Evacuation Pause) (young), 0.0444719 secs]
   [Parallel Time: 25.8 ms, GC Workers: 8]
      [GC Worker Start (ms): Min: 558768386.6, Avg: 558768386.6, Max: 558768386.6, Diff: 0.1]
      [Ext Root Scanning (ms): Min: 2.0, Avg: 2.4, Max: 3.1, Diff: 1.1, Sum: 19.4]
      [Update RS (ms): Min: 0.8, Avg: 1.3, Max: 1.6, Diff: 0.8, Sum: 10.6]
         [Processed Buffers: Min: 3, Avg: 18.4, Max: 32, Diff: 29, Sum: 147]
      [Scan RS (ms): Min: 0.0, Avg: 0.1, Max: 0.1, Diff: 0.1, Sum: 0.5]
      [Code Root Scanning (ms): Min: 0.0, Avg: 0.0, Max: 0.0, Diff: 0.0, Sum: 0.0]
      [Object Copy (ms): Min: 21.0, Avg: 21.2, Max: 21.3, Diff: 0.3, Sum: 169.6]
      [Termination (ms): Min: 0.6, Avg: 0.7, Max: 0.7, Diff: 0.1, Sum: 5.3]
         [Termination Attempts: Min: 500, Avg: 534.9, Max: 574, Diff: 74, Sum: 4279]
      [GC Worker Other (ms): Min: 0.0, Avg: 0.0, Max: 0.1, Diff: 0.1, Sum: 0.4]
      [GC Worker Total (ms): Min: 25.7, Avg: 25.7, Max: 25.8, Diff: 0.1, Sum: 205.8]
      [GC Worker End (ms): Min: 558768412.3, Avg: 558768412.3, Max: 558768412.4, Diff: 0.0]
   [Code Root Fixup: 0.1 ms]
   [Code Root Purge: 0.0 ms]
   [Clear CT: 0.2 ms]
   [Other: 18.4 ms]
      [Choose CSet: 0.0 ms]
      [Ref Proc: 15.3 ms]
      [Ref Enq: 0.7 ms]
      [Redirty Cards: 0.1 ms]
      [Humongous Register: 0.6 ms]
      [Humongous Reclaim: 0.1 ms]
      [Free CSet: 0.7 ms]
   [Eden: 648.0M(648.0M)->0.0B(1116.0M) Survivors: 32.0M->34.0M Heap: 2228.4M(6144.0M)->1581.4M(6144.0M)]
 [Times: user=0.23 sys=0.00, real=0.04 secs] 
2025-07-26T23:10:21.201+0800: 558775.036: [GC pause (G1 Evacuation Pause) (young), 0.0590340 secs]
   [Parallel Time: 33.2 ms, GC Workers: 8]
      [GC Worker Start (ms): Min: 558775037.3, Avg: 558775037.4, Max: 558775037.4, Diff: 0.1]
      [Ext Root Scanning (ms): Min: 2.2, Avg: 2.5, Max: 3.2, Diff: 1.0, Sum: 19.7]
      [Update RS (ms): Min: 5.4, Avg: 6.0, Max: 6.1, Diff: 0.7, Sum: 47.7]
         [Processed Buffers: Min: 30, Avg: 48.1, Max: 57, Diff: 27, Sum: 385]
      [Scan RS (ms): Min: 0.0, Avg: 0.1, Max: 0.2, Diff: 0.1, Sum: 0.9]
      [Code Root Scanning (ms): Min: 0.0, Avg: 0.0, Max: 0.0, Diff: 0.0, Sum: 0.0]
      [Object Copy (ms): Min: 23.4, Avg: 23.8, Max: 23.9, Diff: 0.5, Sum: 190.2]
      [Termination (ms): Min: 0.6, Avg: 0.7, Max: 0.8, Diff: 0.1, Sum: 5.8]
         [Termination Attempts: Min: 463, Avg: 569.6, Max: 627, Diff: 164, Sum: 4557]
      [GC Worker Other (ms): Min: 0.0, Avg: 0.1, Max: 0.1, Diff: 0.1, Sum: 0.4]
      [GC Worker Total (ms): Min: 33.0, Avg: 33.1, Max: 33.2, Diff: 0.1, Sum: 264.7]
      [GC Worker End (ms): Min: 558775070.4, Avg: 558775070.5, Max: 558775070.5, Diff: 0.1]
   [Code Root Fixup: 0.1 ms]
   [Code Root Purge: 0.0 ms]
   [Clear CT: 0.3 ms]
   [Other: 25.5 ms]
      [Choose CSet: 0.0 ms]
      [Ref Proc: 21.7 ms]
      [Ref Enq: 0.8 ms]
      [Redirty Cards: 0.1 ms]
      [Humongous Register: 0.4 ms]
      [Humongous Reclaim: 0.2 ms]
      [Free CSet: 1.1 ms]
   [Eden: 1116.0M(1116.0M)->0.0B(1354.0M) Survivors: 34.0M->42.0M Heap: 2725.4M(6144.0M)->1592.8M(6144.0M)]
 [Times: user=0.27 sys=0.02, real=0.06 secs] 
2025-07-26T23:10:33.520+0800: 558787.356: [GC pause (G1 Evacuation Pause) (young), 0.1234147 secs]
   [Parallel Time: 77.6 ms, GC Workers: 8]
      [GC Worker Start (ms): Min: 558787361.0, Avg: 558787361.1, Max: 558787361.1, Diff: 0.1]
      [Ext Root Scanning (ms): Min: 3.2, Avg: 4.4, Max: 11.1, Diff: 7.9, Sum: 35.5]
      [Update RS (ms): Min: 0.0, Avg: 4.9, Max: 6.4, Diff: 6.4, Sum: 39.2]
         [Processed Buffers: Min: 0, Avg: 40.4, Max: 57, Diff: 57, Sum: 323]
      [Scan RS (ms): Min: 0.0, Avg: 0.2, Max: 0.3, Diff: 0.2, Sum: 1.2]
      [Code Root Scanning (ms): Min: 0.0, Avg: 0.0, Max: 0.0, Diff: 0.0, Sum: 0.0]
      [Object Copy (ms): Min: 55.4, Avg: 57.4, Max: 58.0, Diff: 2.6, Sum: 459.5]
      [Termination (ms): Min: 10.0, Avg: 10.3, Max: 10.9, Diff: 1.0, Sum: 82.5]
         [Termination Attempts: Min: 4725, Avg: 5096.0, Max: 5339, Diff: 614, Sum: 40768]
      [GC Worker Other (ms): Min: 0.1, Avg: 0.2, Max: 0.3, Diff: 0.2, Sum: 1.3]
      [GC Worker Total (ms): Min: 77.3, Avg: 77.4, Max: 77.5, Diff: 0.2, Sum: 619.2]
      [GC Worker End (ms): Min: 558787438.4, Avg: 558787438.5, Max: 558787438.5, Diff: 0.1]
   [Code Root Fixup: 0.1 ms]
   [Code Root Purge: 0.0 ms]
   [Clear CT: 0.4 ms]
   [Other: 45.4 ms]
      [Choose CSet: 0.0 ms]
      [Ref Proc: 36.4 ms]
      [Ref Enq: 1.4 ms]
      [Redirty Cards: 0.1 ms]
      [Humongous Register: 4.3 ms]
      [Humongous Reclaim: 0.2 ms]
      [Free CSet: 1.8 ms]
   [Eden: 1354.0M(1354.0M)->0.0B(1266.0M) Survivors: 42.0M->46.0M Heap: 2964.8M(6144.0M)->1594.4M(6144.0M)]
 [Times: user=0.57 sys=0.09, real=0.12 secs] 
2025-07-26T23:10:48.011+0800: 558801.846: [GC pause (G1 Evacuation Pause) (young), 0.1140582 secs]
   [Parallel Time: 86.5 ms, GC Workers: 8]
      [GC Worker Start (ms): Min: 558801847.1, Avg: 558801847.1, Max: 558801847.2, Diff: 0.1]
      [Ext Root Scanning (ms): Min: 2.5, Avg: 3.6, Max: 10.0, Diff: 7.5, Sum: 28.5]
      [Update RS (ms): Min: 0.0, Avg: 1.7, Max: 2.3, Diff: 2.3, Sum: 13.6]
         [Processed Buffers: Min: 0, Avg: 22.1, Max: 38, Diff: 38, Sum: 177]
      [Scan RS (ms): Min: 0.1, Avg: 0.1, Max: 0.2, Diff: 0.1, Sum: 1.0]
      [Code Root Scanning (ms): Min: 0.0, Avg: 0.0, Max: 0.0, Diff: 0.0, Sum: 0.0]
      [Object Copy (ms): Min: 31.4, Avg: 35.9, Max: 39.3, Diff: 7.9, Sum: 287.6]
      [Termination (ms): Min: 42.2, Avg: 45.0, Max: 48.3, Diff: 6.1, Sum: 359.7]
         [Termination Attempts: Min: 4932, Avg: 5291.5, Max: 5902, Diff: 970, Sum: 42332]
      [GC Worker Other (ms): Min: 0.0, Avg: 0.1, Max: 0.1, Diff: 0.1, Sum: 0.4]
      [GC Worker Total (ms): Min: 86.3, Avg: 86.3, Max: 86.4, Diff: 0.1, Sum: 690.8]
      [GC Worker End (ms): Min: 558801933.4, Avg: 558801933.5, Max: 558801933.5, Diff: 0.1]
   [Code Root Fixup: 0.0 ms]
   [Code Root Purge: 0.0 ms]
   [Clear CT: 0.3 ms]
   [Other: 27.2 ms]
      [Choose CSet: 0.0 ms]
      [Ref Proc: 23.6 ms]
      [Ref Enq: 1.0 ms]
      [Redirty Cards: 0.1 ms]
      [Humongous Register: 0.4 ms]
      [Humongous Reclaim: 0.1 ms]
      [Free CSet: 0.9 ms]
   [Eden: 1266.0M(1266.0M)->0.0B(1898.0M) Survivors: 46.0M->46.0M Heap: 2860.4M(6144.0M)->1593.4M(6144.0M)]
 [Times: user=0.56 sys=0.15, real=0.11 secs] 
2025-07-26T23:11:15.284+0800: 558829.120: [GC pause (G1 Evacuation Pause) (young), 0.0312636 secs]
   [Parallel Time: 22.9 ms, GC Workers: 8]
      [GC Worker Start (ms): Min: 558829123.3, Avg: 558829123.3, Max: 558829123.4, Diff: 0.1]
      [Ext Root Scanning (ms): Min: 3.1, Avg: 3.6, Max: 5.5, Diff: 2.4, Sum: 29.1]
      [Update RS (ms): Min: 9.3, Avg: 11.2, Max: 12.2, Diff: 2.9, Sum: 89.3]
         [Processed Buffers: Min: 53, Avg: 72.4, Max: 87, Diff: 34, Sum: 579]
      [Scan RS (ms): Min: 0.1, Avg: 0.2, Max: 0.3, Diff: 0.2, Sum: 1.5]
      [Code Root Scanning (ms): Min: 0.0, Avg: 0.0, Max: 0.0, Diff: 0.0, Sum: 0.0]
      [Object Copy (ms): Min: 7.1, Avg: 7.6, Max: 7.8, Diff: 0.7, Sum: 60.8]
      [Termination (ms): Min: 0.0, Avg: 0.0, Max: 0.0, Diff: 0.0, Sum: 0.0]
         [Termination Attempts: Min: 1, Avg: 1.0, Max: 1, Diff: 0, Sum: 8]
      [GC Worker Other (ms): Min: 0.1, Avg: 0.1, Max: 0.2, Diff: 0.1, Sum: 1.2]
      [GC Worker Total (ms): Min: 22.6, Avg: 22.7, Max: 22.8, Diff: 0.1, Sum: 181.9]
      [GC Worker End (ms): Min: 558829146.0, Avg: 558829146.1, Max: 558829146.1, Diff: 0.1]
   [Code Root Fixup: 0.0 ms]
   [Code Root Purge: 0.0 ms]
   [Clear CT: 0.4 ms]
   [Other: 7.9 ms]
      [Choose CSet: 0.0 ms]
      [Ref Proc: 1.1 ms]
      [Ref Enq: 0.1 ms]
      [Redirty Cards: 0.1 ms]
      [Humongous Register: 2.9 ms]
      [Humongous Reclaim: 0.2 ms]
      [Free CSet: 2.5 ms]
   [Eden: 1898.0M(1898.0M)->0.0B(2622.0M) Survivors: 46.0M->42.0M Heap: 3541.1M(6144.0M)->1605.9M(6144.0M)]
 [Times: user=0.11 sys=0.08, real=0.03 secs] 
2025-07-26T23:11:55.965+0800: 558869.801: [GC pause (G1 Evacuation Pause) (young), 0.0168624 secs]
   [Parallel Time: 11.4 ms, GC Workers: 8]
      [GC Worker Start (ms): Min: 558869801.5, Avg: 558869801.5, Max: 558869801.6, Diff: 0.1]
      [Ext Root Scanning (ms): Min: 2.3, Avg: 3.5, Max: 10.3, Diff: 8.0, Sum: 27.6]
      [Update RS (ms): Min: 0.0, Avg: 1.8, Max: 2.4, Diff: 2.4, Sum: 14.6]
         [Processed Buffers: Min: 0, Avg: 22.4, Max: 31, Diff: 31, Sum: 179]
      [Scan RS (ms): Min: 0.1, Avg: 0.3, Max: 0.3, Diff: 0.2, Sum: 2.0]
      [Code Root Scanning (ms): Min: 0.0, Avg: 0.0, Max: 0.0, Diff: 0.0, Sum: 0.0]
      [Object Copy (ms): Min: 0.7, Avg: 5.5, Max: 6.3, Diff: 5.6, Sum: 43.9]
      [Termination (ms): Min: 0.0, Avg: 0.0, Max: 0.1, Diff: 0.1, Sum: 0.4]
         [Termination Attempts: Min: 1, Avg: 1.8, Max: 3, Diff: 2, Sum: 14]
      [GC Worker Other (ms): Min: 0.1, Avg: 0.1, Max: 0.1, Diff: 0.1, Sum: 0.7]
      [GC Worker Total (ms): Min: 11.1, Avg: 11.2, Max: 11.2, Diff: 0.1, Sum: 89.4]
      [GC Worker End (ms): Min: 558869812.7, Avg: 558869812.7, Max: 558869812.7, Diff: 0.1]
   [Code Root Fixup: 0.0 ms]
   [Code Root Purge: 0.0 ms]
   [Clear CT: 0.4 ms]
   [Other: 5.0 ms]
      [Choose CSet: 0.0 ms]
      [Ref Proc: 1.6 ms]
      [Ref Enq: 0.2 ms]
      [Redirty Cards: 0.1 ms]
      [Humongous Register: 0.5 ms]
      [Humongous Reclaim: 0.1 ms]
      [Free CSet: 1.8 ms]
   [Eden: 2622.0M(2622.0M)->0.0B(3376.0M) Survivors: 42.0M->32.0M Heap: 4227.9M(6144.0M)->1580.4M(6144.0M)]
 [Times: user=0.05 sys=0.05, real=0.02 secs] 
2025-07-26T23:14:54.638+0800: 559048.474: [GC pause (G1 Evacuation Pause) (young), 0.0326776 secs]
   [Parallel Time: 19.5 ms, GC Workers: 8]
      [GC Worker Start (ms): Min: 559048478.3, Avg: 559048478.5, Max: 559048478.7, Diff: 0.3]
      [Ext Root Scanning (ms): Min: 3.6, Avg: 4.9, Max: 12.5, Diff: 8.9, Sum: 39.5]
      [Update RS (ms): Min: 0.0, Avg: 5.3, Max: 6.6, Diff: 6.6, Sum: 42.8]
         [Processed Buffers: Min: 0, Avg: 32.1, Max: 51, Diff: 51, Sum: 257]
      [Scan RS (ms): Min: 0.1, Avg: 0.4, Max: 0.6, Diff: 0.5, Sum: 2.9]
      [Code Root Scanning (ms): Min: 0.0, Avg: 0.0, Max: 0.0, Diff: 0.0, Sum: 0.1]
      [Object Copy (ms): Min: 5.6, Avg: 7.3, Max: 8.0, Diff: 2.4, Sum: 58.2]
      [Termination (ms): Min: 0.6, Avg: 1.0, Max: 1.3, Diff: 0.7, Sum: 8.0]
         [Termination Attempts: Min: 136, Avg: 151.5, Max: 172, Diff: 36, Sum: 1212]
      [GC Worker Other (ms): Min: 0.1, Avg: 0.2, Max: 0.2, Diff: 0.2, Sum: 1.2]
      [GC Worker Total (ms): Min: 18.9, Avg: 19.1, Max: 19.3, Diff: 0.4, Sum: 152.7]
      [GC Worker End (ms): Min: 559048497.6, Avg: 559048497.6, Max: 559048497.7, Diff: 0.1]
   [Code Root Fixup: 0.0 ms]
   [Code Root Purge: 0.0 ms]
   [Clear CT: 0.7 ms]
   [Other: 12.5 ms]
      [Choose CSet: 0.0 ms]
      [Ref Proc: 2.8 ms]
      [Ref Enq: 0.2 ms]
      [Redirty Cards: 0.2 ms]
      [Humongous Register: 3.6 ms]
      [Humongous Reclaim: 0.1 ms]
      [Free CSet: 4.1 ms]
   [Eden: 3376.0M(3376.0M)->0.0B(3388.0M) Survivors: 32.0M->20.0M Heap: 4968.4M(6144.0M)->1574.4M(6144.0M)]
 [Times: user=0.14 sys=0.02, real=0.03 secs] 
2025-07-26T23:24:04.963+0800: 559598.798: [GC pause (G1 Evacuation Pause) (young), 0.0332922 secs]
   [Parallel Time: 19.7 ms, GC Workers: 8]
      [GC Worker Start (ms): Min: 559598802.2, Avg: 559598802.3, Max: 559598802.4, Diff: 0.1]
      [Ext Root Scanning (ms): Min: 3.3, Avg: 4.6, Max: 11.9, Diff: 8.6, Sum: 36.5]
      [Update RS (ms): Min: 0.0, Avg: 4.2, Max: 5.1, Diff: 5.1, Sum: 33.8]
         [Processed Buffers: Min: 0, Avg: 26.9, Max: 39, Diff: 39, Sum: 215]
      [Scan RS (ms): Min: 0.1, Avg: 0.4, Max: 0.5, Diff: 0.4, Sum: 2.8]
      [Code Root Scanning (ms): Min: 0.0, Avg: 0.0, Max: 0.0, Diff: 0.0, Sum: 0.1]
      [Object Copy (ms): Min: 4.5, Avg: 7.6, Max: 8.9, Diff: 4.3, Sum: 61.1]
      [Termination (ms): Min: 1.7, Avg: 2.4, Max: 3.3, Diff: 1.6, Sum: 19.5]
         [Termination Attempts: Min: 253, Avg: 340.1, Max: 400, Diff: 147, Sum: 2721]
      [GC Worker Other (ms): Min: 0.1, Avg: 0.1, Max: 0.2, Diff: 0.1, Sum: 1.1]
      [GC Worker Total (ms): Min: 19.2, Avg: 19.4, Max: 19.5, Diff: 0.3, Sum: 154.9]
      [GC Worker End (ms): Min: 559598821.6, Avg: 559598821.7, Max: 559598821.8, Diff: 0.2]
   [Code Root Fixup: 0.0 ms]
   [Code Root Purge: 0.0 ms]
   [Clear CT: 0.7 ms]
   [Other: 12.9 ms]
      [Choose CSet: 0.0 ms]
      [Ref Proc: 4.1 ms]
      [Ref Enq: 0.3 ms]
      [Redirty Cards: 0.1 ms]
      [Humongous Register: 3.1 ms]
      [Humongous Reclaim: 0.2 ms]
      [Free CSet: 4.0 ms]
   [Eden: 3388.0M(3388.0M)->0.0B(3400.0M) Survivors: 20.0M->22.0M Heap: 4974.4M(6144.0M)->1575.4M(6144.0M)]
 [Times: user=0.06 sys=0.12, real=0.03 secs] 
2025-07-26T23:27:27.033+0800: 559800.869: [GC pause (G1 Evacuation Pause) (young), 0.0345284 secs]
   [Parallel Time: 19.9 ms, GC Workers: 8]
      [GC Worker Start (ms): Min: 559800873.5, Avg: 559800873.6, Max: 559800873.7, Diff: 0.2]
      [Ext Root Scanning (ms): Min: 3.0, Avg: 4.3, Max: 11.9, Diff: 8.9, Sum: 34.7]
      [Update RS (ms): Min: 0.0, Avg: 2.8, Max: 4.2, Diff: 4.2, Sum: 22.0]
         [Processed Buffers: Min: 0, Avg: 21.5, Max: 50, Diff: 50, Sum: 172]
      [Scan RS (ms): Min: 0.1, Avg: 0.4, Max: 0.5, Diff: 0.4, Sum: 3.0]
      [Code Root Scanning (ms): Min: 0.0, Avg: 0.0, Max: 0.0, Diff: 0.0, Sum: 0.1]
      [Object Copy (ms): Min: 3.7, Avg: 7.7, Max: 9.5, Diff: 5.8, Sum: 61.7]
      [Termination (ms): Min: 3.2, Avg: 4.3, Max: 5.4, Diff: 2.2, Sum: 34.1]
         [Termination Attempts: Min: 291, Avg: 460.5, Max: 622, Diff: 331, Sum: 3684]
      [GC Worker Other (ms): Min: 0.0, Avg: 0.1, Max: 0.2, Diff: 0.2, Sum: 1.0]
      [GC Worker Total (ms): Min: 19.5, Avg: 19.6, Max: 19.7, Diff: 0.2, Sum: 156.7]
      [GC Worker End (ms): Min: 559800893.2, Avg: 559800893.2, Max: 559800893.4, Diff: 0.2]
   [Code Root Fixup: 0.0 ms]
   [Code Root Purge: 0.0 ms]
   [Clear CT: 0.7 ms]
   [Other: 13.9 ms]
      [Choose CSet: 0.0 ms]
      [Ref Proc: 4.0 ms]
      [Ref Enq: 0.1 ms]
      [Redirty Cards: 0.1 ms]
      [Humongous Register: 3.8 ms]
      [Humongous Reclaim: 0.2 ms]
      [Free CSet: 4.4 ms]
   [Eden: 3400.0M(3400.0M)->0.0B(3412.0M) Survivors: 22.0M->20.0M Heap: 4981.4M(6144.0M)->1574.4M(6144.0M)]
 [Times: user=0.16 sys=0.01, real=0.04 secs] 
2025-07-26T23:30:03.865+0800: 559957.700: [GC pause (G1 Evacuation Pause) (young), 0.1130118 secs]
   [Parallel Time: 100.4 ms, GC Workers: 8]
      [GC Worker Start (ms): Min: 559957703.5, Avg: 559957703.5, Max: 559957703.6, Diff: 0.1]
      [Ext Root Scanning (ms): Min: 3.3, Avg: 4.5, Max: 11.5, Diff: 8.2, Sum: 35.9]
      [Update RS (ms): Min: 9.1, Avg: 16.0, Max: 17.6, Diff: 8.5, Sum: 128.3]
         [Processed Buffers: Min: 17, Avg: 39.6, Max: 53, Diff: 36, Sum: 317]
      [Scan RS (ms): Min: 0.1, Avg: 0.3, Max: 0.5, Diff: 0.4, Sum: 2.7]
      [Code Root Scanning (ms): Min: 0.0, Avg: 0.0, Max: 0.0, Diff: 0.0, Sum: 0.1]
      [Object Copy (ms): Min: 79.0, Avg: 79.2, Max: 79.3, Diff: 0.3, Sum: 633.6]
      [Termination (ms): Min: 0.0, Avg: 0.0, Max: 0.0, Diff: 0.0, Sum: 0.0]
         [Termination Attempts: Min: 1, Avg: 1.0, Max: 1, Diff: 0, Sum: 8]
      [GC Worker Other (ms): Min: 0.1, Avg: 0.1, Max: 0.2, Diff: 0.1, Sum: 1.1]
      [GC Worker Total (ms): Min: 100.1, Avg: 100.2, Max: 100.3, Diff: 0.2, Sum: 801.7]
      [GC Worker End (ms): Min: 559957803.7, Avg: 559957803.7, Max: 559957803.8, Diff: 0.1]
   [Code Root Fixup: 0.1 ms]
   [Code Root Purge: 0.0 ms]
   [Clear CT: 0.7 ms]
   [Other: 11.9 ms]
      [Choose CSet: 0.0 ms]
      [Ref Proc: 3.9 ms]
      [Ref Enq: 0.1 ms]
      [Redirty Cards: 0.1 ms]
      [Humongous Register: 2.2 ms]
      [Humongous Reclaim: 0.2 ms]
      [Free CSet: 4.1 ms]
   [Eden: 3412.0M(3412.0M)->0.0B(2976.0M) Survivors: 20.0M->242.0M Heap: 5003.5M(6144.0M)->1802.9M(6144.0M)]
 [Times: user=0.72 sys=0.11, real=0.12 secs] 
2025-07-26T23:30:18.389+0800: 559972.224: [GC pause (G1 Evacuation Pause) (young), 0.2793453 secs]
   [Parallel Time: 273.4 ms, GC Workers: 8]
      [GC Worker Start (ms): Min: 559972225.4, Avg: 559972225.4, Max: 559972225.5, Diff: 0.1]
      [Ext Root Scanning (ms): Min: 2.2, Avg: 2.5, Max: 3.1, Diff: 0.9, Sum: 20.3]
      [Update RS (ms): Min: 40.7, Avg: 51.1, Max: 88.1, Diff: 47.5, Sum: 408.7]
         [Processed Buffers: Min: 12, Avg: 32.5, Max: 57, Diff: 45, Sum: 260]
      [Scan RS (ms): Min: 0.3, Avg: 0.4, Max: 0.5, Diff: 0.2, Sum: 3.1]
      [Code Root Scanning (ms): Min: 0.0, Avg: 0.0, Max: 0.0, Diff: 0.0, Sum: 0.1]
      [Object Copy (ms): Min: 182.4, Avg: 219.1, Max: 229.4, Diff: 47.0, Sum: 1753.1]
      [Termination (ms): Min: 0.0, Avg: 0.0, Max: 0.0, Diff: 0.0, Sum: 0.3]
         [Termination Attempts: Min: 1, Avg: 32.9, Max: 41, Diff: 40, Sum: 263]
      [GC Worker Other (ms): Min: 0.0, Avg: 0.1, Max: 0.1, Diff: 0.1, Sum: 0.5]
      [GC Worker Total (ms): Min: 273.2, Avg: 273.3, Max: 273.3, Diff: 0.1, Sum: 2186.0]
      [GC Worker End (ms): Min: 559972498.6, Avg: 559972498.7, Max: 559972498.7, Diff: 0.1]
   [Code Root Fixup: 0.1 ms]
   [Code Root Purge: 0.0 ms]
   [Clear CT: 0.6 ms]
   [Other: 5.3 ms]
      [Choose CSet: 0.0 ms]
      [Ref Proc: 1.1 ms]
      [Ref Enq: 0.1 ms]
      [Redirty Cards: 0.6 ms]
      [Humongous Register: 0.7 ms]
      [Humongous Reclaim: 0.1 ms]
      [Free CSet: 1.9 ms]
   [Eden: 2976.0M(2976.0M)->0.0B(540.0M) Survivors: 242.0M->284.0M Heap: 4785.4M(6144.0M)->2065.7M(6144.0M)]
 [Times: user=1.90 sys=0.28, real=0.28 secs] 
2025-07-26T23:30:19.003+0800: 559972.839: [GC pause (G1 Evacuation Pause) (young), 0.1197428 secs]
   [Parallel Time: 116.9 ms, GC Workers: 8]
      [GC Worker Start (ms): Min: 559972839.2, Avg: 559972839.2, Max: 559972839.3, Diff: 0.1]
      [Ext Root Scanning (ms): Min: 2.1, Avg: 2.5, Max: 3.4, Diff: 1.3, Sum: 19.9]
      [Update RS (ms): Min: 21.2, Avg: 22.0, Max: 22.6, Diff: 1.4, Sum: 175.9]
         [Processed Buffers: Min: 72, Avg: 78.0, Max: 84, Diff: 12, Sum: 624]
      [Scan RS (ms): Min: 2.3, Avg: 2.7, Max: 2.8, Diff: 0.5, Sum: 21.4]
      [Code Root Scanning (ms): Min: 0.0, Avg: 0.0, Max: 0.0, Diff: 0.0, Sum: 0.0]
      [Object Copy (ms): Min: 89.1, Avg: 89.3, Max: 89.5, Diff: 0.4, Sum: 714.7]
      [Termination (ms): Min: 0.0, Avg: 0.2, Max: 0.2, Diff: 0.2, Sum: 1.5]
         [Termination Attempts: Min: 1, Avg: 191.0, Max: 234, Diff: 233, Sum: 1528]
      [GC Worker Other (ms): Min: 0.0, Avg: 0.0, Max: 0.1, Diff: 0.0, Sum: 0.3]
      [GC Worker Total (ms): Min: 116.7, Avg: 116.7, Max: 116.8, Diff: 0.1, Sum: 933.8]
      [GC Worker End (ms): Min: 559972955.9, Avg: 559972956.0, Max: 559972956.0, Diff: 0.0]
   [Code Root Fixup: 0.1 ms]
   [Code Root Purge: 0.0 ms]
   [Clear CT: 0.2 ms]
   [Other: 2.6 ms]
      [Choose CSet: 0.0 ms]
      [Ref Proc: 0.3 ms]
      [Ref Enq: 0.0 ms]
      [Redirty Cards: 0.7 ms]
      [Humongous Register: 0.3 ms]
      [Humongous Reclaim: 0.1 ms]
      [Free CSet: 0.4 ms]
   [Eden: 32.0M(22.0M)->0.0B(548.0M) Survivors: 284.0M->14.0M Heap: 2097.7M(6144.0M)->2072.2M(6144.0M)]
 [Times: user=0.95 sys=0.00, real=0.12 secs] 
2025-07-26T23:30:27.237+0800: 559981.073: [GC pause (G1 Evacuation Pause) (young), 0.0279184 secs]
   [Parallel Time: 24.9 ms, GC Workers: 8]
      [GC Worker Start (ms): Min: 559981073.8, Avg: 559981073.9, Max: 559981073.9, Diff: 0.1]
      [Ext Root Scanning (ms): Min: 2.1, Avg: 2.5, Max: 3.2, Diff: 1.0, Sum: 19.9]
      [Update RS (ms): Min: 17.6, Avg: 18.2, Max: 18.5, Diff: 0.9, Sum: 145.9]
         [Processed Buffers: Min: 73, Avg: 80.1, Max: 86, Diff: 13, Sum: 641]
      [Scan RS (ms): Min: 0.0, Avg: 0.1, Max: 0.1, Diff: 0.1, Sum: 0.4]
      [Code Root Scanning (ms): Min: 0.0, Avg: 0.0, Max: 0.0, Diff: 0.0, Sum: 0.0]
      [Object Copy (ms): Min: 3.7, Avg: 3.7, Max: 3.9, Diff: 0.2, Sum: 30.0]
      [Termination (ms): Min: 0.0, Avg: 0.1, Max: 0.2, Diff: 0.2, Sum: 0.8]
         [Termination Attempts: Min: 1, Avg: 1.1, Max: 2, Diff: 1, Sum: 9]
      [GC Worker Other (ms): Min: 0.0, Avg: 0.0, Max: 0.0, Diff: 0.0, Sum: 0.1]
      [GC Worker Total (ms): Min: 24.6, Avg: 24.6, Max: 24.7, Diff: 0.1, Sum: 197.1]
      [GC Worker End (ms): Min: 559981098.5, Avg: 559981098.5, Max: 559981098.6, Diff: 0.1]
   [Code Root Fixup: 0.1 ms]
   [Code Root Purge: 0.0 ms]
   [Clear CT: 0.2 ms]
   [Other: 2.8 ms]
      [Choose CSet: 0.0 ms]
      [Ref Proc: 0.6 ms]
      [Ref Enq: 0.0 ms]
      [Redirty Cards: 0.1 ms]
      [Humongous Register: 0.3 ms]
      [Humongous Reclaim: 0.1 ms]
      [Free CSet: 0.4 ms]
   [Eden: 548.0M(548.0M)->0.0B(1006.0M) Survivors: 14.0M->24.0M Heap: 2620.2M(6144.0M)->2082.5M(6144.0M)]
 [Times: user=0.20 sys=0.00, real=0.02 secs] 
2025-07-26T23:30:44.909+0800: 559998.744: [GC pause (G1 Evacuation Pause) (young), 0.0143596 secs]
   [Parallel Time: 11.2 ms, GC Workers: 8]
      [GC Worker Start (ms): Min: 559998744.8, Avg: 559998744.9, Max: 559998744.9, Diff: 0.1]
      [Ext Root Scanning (ms): Min: 2.3, Avg: 3.3, Max: 9.3, Diff: 7.0, Sum: 26.4]
      [Update RS (ms): Min: 0.0, Avg: 1.4, Max: 2.0, Diff: 2.0, Sum: 10.9]
         [Processed Buffers: Min: 0, Avg: 22.1, Max: 38, Diff: 38, Sum: 177]
      [Scan RS (ms): Min: 0.0, Avg: 0.1, Max: 0.1, Diff: 0.1, Sum: 0.6]
      [Code Root Scanning (ms): Min: 0.0, Avg: 0.0, Max: 0.0, Diff: 0.0, Sum: 0.0]
      [Object Copy (ms): Min: 1.7, Avg: 6.2, Max: 7.0, Diff: 5.3, Sum: 49.6]
      [Termination (ms): Min: 0.0, Avg: 0.0, Max: 0.0, Diff: 0.0, Sum: 0.0]
         [Termination Attempts: Min: 1, Avg: 2.6, Max: 5, Diff: 4, Sum: 21]
      [GC Worker Other (ms): Min: 0.0, Avg: 0.0, Max: 0.1, Diff: 0.1, Sum: 0.3]
      [GC Worker Total (ms): Min: 10.9, Avg: 11.0, Max: 11.1, Diff: 0.1, Sum: 88.0]
      [GC Worker End (ms): Min: 559998755.9, Avg: 559998755.9, Max: 559998755.9, Diff: 0.0]
   [Code Root Fixup: 0.1 ms]
   [Code Root Purge: 0.0 ms]
   [Clear CT: 0.2 ms]
   [Other: 2.9 ms]
      [Choose CSet: 0.0 ms]
      [Ref Proc: 0.9 ms]
      [Ref Enq: 0.1 ms]
      [Redirty Cards: 0.1 ms]
      [Humongous Register: 0.3 ms]
      [Humongous Reclaim: 0.1 ms]
      [Free CSet: 0.6 ms]
   [Eden: 1006.0M(1006.0M)->0.0B(2154.0M) Survivors: 24.0M->38.0M Heap: 3088.5M(6144.0M)->2096.2M(6144.0M)]
 [Times: user=0.04 sys=0.04, real=0.01 secs] 
2025-07-26T23:31:11.937+0800: 560025.772: [GC pause (G1 Evacuation Pause) (young), 0.0300425 secs]
   [Parallel Time: 22.1 ms, GC Workers: 8]
      [GC Worker Start (ms): Min: 560025775.1, Avg: 560025775.2, Max: 560025775.3, Diff: 0.2]
      [Ext Root Scanning (ms): Min: 3.2, Avg: 3.7, Max: 5.2, Diff: 2.0, Sum: 29.7]
      [Update RS (ms): Min: 10.8, Avg: 12.1, Max: 12.9, Diff: 2.1, Sum: 97.0]
         [Processed Buffers: Min: 57, Avg: 74.9, Max: 87, Diff: 30, Sum: 599]
      [Scan RS (ms): Min: 0.1, Avg: 0.2, Max: 0.3, Diff: 0.3, Sum: 1.6]
      [Code Root Scanning (ms): Min: 0.0, Avg: 0.0, Max: 0.0, Diff: 0.0, Sum: 0.0]
      [Object Copy (ms): Min: 5.4, Avg: 5.7, Max: 5.8, Diff: 0.4, Sum: 45.2]
      [Termination (ms): Min: 0.0, Avg: 0.0, Max: 0.0, Diff: 0.0, Sum: 0.1]
         [Termination Attempts: Min: 1, Avg: 8.2, Max: 12, Diff: 11, Sum: 66]
      [GC Worker Other (ms): Min: 0.1, Avg: 0.2, Max: 0.3, Diff: 0.2, Sum: 1.4]
      [GC Worker Total (ms): Min: 21.7, Avg: 21.9, Max: 22.0, Diff: 0.3, Sum: 175.0]
      [GC Worker End (ms): Min: 560025797.0, Avg: 560025797.1, Max: 560025797.1, Diff: 0.1]
   [Code Root Fixup: 0.1 ms]
   [Code Root Purge: 0.0 ms]
   [Clear CT: 0.4 ms]
   [Other: 7.4 ms]
      [Choose CSet: 0.0 ms]
      [Ref Proc: 1.0 ms]
      [Ref Enq: 0.1 ms]
      [Redirty Cards: 0.1 ms]
      [Humongous Register: 2.2 ms]
      [Humongous Reclaim: 0.3 ms]
      [Free CSet: 2.8 ms]
   [Eden: 2154.0M(2154.0M)->0.0B(2698.0M) Survivors: 38.0M->42.0M Heap: 4300.9M(6144.0M)->2098.2M(6144.0M)]
 [Times: user=0.18 sys=0.00, real=0.04 secs] 
2025-07-26T23:31:51.859+0800: 560065.694: [GC pause (G1 Evacuation Pause) (young), 0.0315169 secs]
   [Parallel Time: 21.1 ms, GC Workers: 8]
      [GC Worker Start (ms): Min: 560065698.5, Avg: 560065698.5, Max: 560065698.6, Diff: 0.1]
      [Ext Root Scanning (ms): Min: 3.2, Avg: 4.5, Max: 11.7, Diff: 8.5, Sum: 36.4]
      [Update RS (ms): Min: 3.5, Avg: 10.4, Max: 12.2, Diff: 8.7, Sum: 83.6]
         [Processed Buffers: Min: 37, Avg: 70.0, Max: 91, Diff: 54, Sum: 560]
      [Scan RS (ms): Min: 0.1, Avg: 0.3, Max: 0.4, Diff: 0.3, Sum: 2.1]
      [Code Root Scanning (ms): Min: 0.0, Avg: 0.0, Max: 0.0, Diff: 0.0, Sum: 0.0]
      [Object Copy (ms): Min: 5.0, Avg: 5.4, Max: 5.6, Diff: 0.7, Sum: 43.1]
      [Termination (ms): Min: 0.0, Avg: 0.1, Max: 0.2, Diff: 0.2, Sum: 1.2]
         [Termination Attempts: Min: 1, Avg: 1.0, Max: 1, Diff: 0, Sum: 8]
      [GC Worker Other (ms): Min: 0.0, Avg: 0.1, Max: 0.1, Diff: 0.1, Sum: 0.8]
      [GC Worker Total (ms): Min: 20.8, Avg: 20.9, Max: 21.0, Diff: 0.2, Sum: 167.1]
      [GC Worker End (ms): Min: 560065719.4, Avg: 560065719.4, Max: 560065719.5, Diff: 0.1]
   [Code Root Fixup: 0.0 ms]
   [Code Root Purge: 0.0 ms]
   [Clear CT: 0.5 ms]
   [Other: 9.9 ms]
      [Choose CSet: 0.0 ms]
      [Ref Proc: 1.6 ms]
      [Ref Enq: 0.1 ms]
      [Redirty Cards: 0.1 ms]
      [Humongous Register: 3.4 ms]
      [Humongous Reclaim: 0.2 ms]
      [Free CSet: 3.3 ms]
   [Eden: 2698.0M(2698.0M)->0.0B(2744.0M) Survivors: 42.0M->38.0M Heap: 4842.3M(6144.0M)->2093.6M(6144.0M)]
 [Times: user=0.17 sys=0.01, real=0.03 secs] 
2025-07-26T23:32:33.236+0800: 560107.071: [GC pause (G1 Evacuation Pause) (young), 0.0258500 secs]
   [Parallel Time: 20.6 ms, GC Workers: 8]
      [GC Worker Start (ms): Min: 560107072.0, Avg: 560107072.0, Max: 560107072.1, Diff: 0.1]
      [Ext Root Scanning (ms): Min: 2.2, Avg: 2.5, Max: 3.1, Diff: 0.9, Sum: 19.7]
      [Update RS (ms): Min: 9.6, Avg: 10.1, Max: 10.5, Diff: 0.9, Sum: 80.9]
         [Processed Buffers: Min: 60, Avg: 71.2, Max: 81, Diff: 21, Sum: 570]
      [Scan RS (ms): Min: 0.1, Avg: 0.3, Max: 0.3, Diff: 0.3, Sum: 2.1]
      [Code Root Scanning (ms): Min: 0.0, Avg: 0.0, Max: 0.0, Diff: 0.0, Sum: 0.1]
      [Object Copy (ms): Min: 7.4, Avg: 7.5, Max: 7.6, Diff: 0.2, Sum: 60.3]
      [Termination (ms): Min: 0.0, Avg: 0.0, Max: 0.0, Diff: 0.0, Sum: 0.1]
         [Termination Attempts: Min: 1, Avg: 10.1, Max: 14, Diff: 13, Sum: 81]
      [GC Worker Other (ms): Min: 0.0, Avg: 0.1, Max: 0.2, Diff: 0.1, Sum: 0.7]
      [GC Worker Total (ms): Min: 20.4, Avg: 20.5, Max: 20.6, Diff: 0.2, Sum: 163.8]
      [GC Worker End (ms): Min: 560107092.4, Avg: 560107092.5, Max: 560107092.6, Diff: 0.1]
   [Code Root Fixup: 0.0 ms]
   [Code Root Purge: 0.0 ms]
   [Clear CT: 0.5 ms]
   [Other: 4.7 ms]
      [Choose CSet: 0.0 ms]
      [Ref Proc: 1.6 ms]
      [Ref Enq: 0.2 ms]
      [Redirty Cards: 0.1 ms]
      [Humongous Register: 0.5 ms]
      [Humongous Reclaim: 0.2 ms]
      [Free CSet: 1.5 ms]
   [Eden: 2744.0M(2744.0M)->0.0B(2772.0M) Survivors: 38.0M->40.0M Heap: 4883.7M(6144.0M)->2096.2M(6144.0M)]
 [Times: user=0.17 sys=0.00, real=0.03 secs] 
2025-07-26T23:34:10.797+0800: 560204.632: [GC pause (G1 Evacuation Pause) (young), 0.0397893 secs]
   [Parallel Time: 31.4 ms, GC Workers: 8]
      [GC Worker Start (ms): Min: 560204634.8, Avg: 560204634.9, Max: 560204634.9, Diff: 0.1]
      [Ext Root Scanning (ms): Min: 3.0, Avg: 4.1, Max: 10.4, Diff: 7.5, Sum: 32.7]
      [Update RS (ms): Min: 12.4, Avg: 18.5, Max: 20.3, Diff: 7.9, Sum: 148.2]
         [Processed Buffers: Min: 90, Avg: 122.2, Max: 150, Diff: 60, Sum: 978]
      [Scan RS (ms): Min: 0.1, Avg: 0.3, Max: 0.4, Diff: 0.3, Sum: 2.3]
      [Code Root Scanning (ms): Min: 0.0, Avg: 0.0, Max: 0.0, Diff: 0.0, Sum: 0.1]
      [Object Copy (ms): Min: 7.6, Avg: 8.2, Max: 8.4, Diff: 0.7, Sum: 65.4]
      [Termination (ms): Min: 0.0, Avg: 0.0, Max: 0.0, Diff: 0.0, Sum: 0.0]
         [Termination Attempts: Min: 1, Avg: 4.5, Max: 9, Diff: 8, Sum: 36]
      [GC Worker Other (ms): Min: 0.0, Avg: 0.1, Max: 0.2, Diff: 0.2, Sum: 1.1]
      [GC Worker Total (ms): Min: 31.2, Avg: 31.2, Max: 31.3, Diff: 0.1, Sum: 249.9]
      [GC Worker End (ms): Min: 560204666.1, Avg: 560204666.1, Max: 560204666.1, Diff: 0.1]
   [Code Root Fixup: 0.0 ms]
   [Code Root Purge: 0.0 ms]
   [Clear CT: 0.4 ms]
   [Other: 7.9 ms]
      [Choose CSet: 0.0 ms]
      [Ref Proc: 1.3 ms]
      [Ref Enq: 0.1 ms]
      [Redirty Cards: 0.1 ms]
      [Humongous Register: 1.7 ms]
      [Humongous Reclaim: 0.3 ms]
      [Free CSet: 3.3 ms]
   [Eden: 2772.0M(2772.0M)->0.0B(2806.0M) Survivors: 40.0M->32.0M Heap: 4964.0M(6144.0M)->2088.2M(6144.0M)]
 [Times: user=0.22 sys=0.03, real=0.04 secs] 
2025-07-26T23:36:19.792+0800: 560333.627: [GC pause (G1 Humongous Allocation) (young) (initial-mark), 0.0428743 secs]
   [Parallel Time: 34.6 ms, GC Workers: 8]
      [GC Worker Start (ms): Min: 560333631.8, Avg: 560333631.9, Max: 560333631.9, Diff: 0.2]
      [Ext Root Scanning (ms): Min: 7.1, Avg: 7.4, Max: 7.7, Diff: 0.6, Sum: 59.3]
      [Update RS (ms): Min: 16.5, Avg: 16.7, Max: 17.5, Diff: 1.0, Sum: 133.8]
         [Processed Buffers: Min: 87, Avg: 106.6, Max: 123, Diff: 36, Sum: 853]
      [Scan RS (ms): Min: 0.3, Avg: 1.1, Max: 1.3, Diff: 1.0, Sum: 8.4]
      [Code Root Scanning (ms): Min: 0.0, Avg: 0.0, Max: 0.0, Diff: 0.0, Sum: 0.1]
      [Object Copy (ms): Min: 6.5, Avg: 6.9, Max: 7.3, Diff: 0.8, Sum: 55.4]
      [Termination (ms): Min: 0.0, Avg: 0.0, Max: 0.0, Diff: 0.0, Sum: 0.0]
         [Termination Attempts: Min: 1, Avg: 1.8, Max: 3, Diff: 2, Sum: 14]
      [GC Worker Other (ms): Min: 0.1, Avg: 0.1, Max: 0.2, Diff: 0.1, Sum: 1.1]
      [GC Worker Total (ms): Min: 32.2, Avg: 32.3, Max: 32.3, Diff: 0.1, Sum: 258.1]
      [GC Worker End (ms): Min: 560333664.1, Avg: 560333664.1, Max: 560333664.1, Diff: 0.1]
   [Code Root Fixup: 0.0 ms]
   [Code Root Purge: 0.0 ms]
   [Clear CT: 0.5 ms]
   [Other: 7.7 ms]
      [Choose CSet: 0.0 ms]
      [Ref Proc: 0.9 ms]
      [Ref Enq: 0.1 ms]
      [Redirty Cards: 0.1 ms]
      [Humongous Register: 0.7 ms]
      [Humongous Reclaim: 0.5 ms]
      [Free CSet: 3.5 ms]
   [Eden: 2800.0M(2806.0M)->0.0B(2824.0M) Survivors: 32.0M->34.0M Heap: 5056.4M(6144.0M)->2092.7M(6144.0M)]
 [Times: user=0.23 sys=0.03, real=0.04 secs] 
2025-07-26T23:36:19.835+0800: 560333.671: [GC concurrent-root-region-scan-start]
2025-07-26T23:36:19.856+0800: 560333.691: [GC concurrent-root-region-scan-end, 0.0208356 secs]
2025-07-26T23:36:19.856+0800: 560333.691: [GC concurrent-mark-start]
2025-07-26T23:36:20.687+0800: 560334.522: [GC concurrent-mark-end, 0.8309183 secs]
2025-07-26T23:36:20.690+0800: 560334.526: [GC remark 2025-07-26T23:36:20.690+0800: 560334.526: [Finalize Marking, 0.0004413 secs] 2025-07-26T23:36:20.691+0800: 560334.526: [GC ref-proc, 0.0066242 secs] 2025-07-26T23:36:20.697+0800: 560334.533: [Unloading, 0.0517299 secs], 0.0615696 secs]
 [Times: user=0.23 sys=0.16, real=0.06 secs] 
2025-07-26T23:36:20.755+0800: 560334.591: [GC cleanup 2224M->2099M(6144M), 0.0041002 secs]
 [Times: user=0.01 sys=0.01, real=0.01 secs] 
2025-07-26T23:36:20.760+0800: 560334.595: [GC concurrent-cleanup-start]
2025-07-26T23:36:20.760+0800: 560334.595: [GC concurrent-cleanup-end, 0.0002553 secs]
2025-07-26T23:38:02.249+0800: 560436.085: [GC pause (G1 Evacuation Pause) (young), 0.0508846 secs]
   [Parallel Time: 39.4 ms, GC Workers: 8]
      [GC Worker Start (ms): Min: 560436089.2, Avg: 560436089.3, Max: 560436089.4, Diff: 0.2]
      [Ext Root Scanning (ms): Min: 3.1, Avg: 4.5, Max: 11.6, Diff: 8.5, Sum: 35.8]
      [Update RS (ms): Min: 18.5, Avg: 25.0, Max: 26.8, Diff: 8.3, Sum: 200.0]
         [Processed Buffers: Min: 114, Avg: 143.9, Max: 164, Diff: 50, Sum: 1151]
      [Scan RS (ms): Min: 0.1, Avg: 0.3, Max: 0.5, Diff: 0.4, Sum: 2.4]
      [Code Root Scanning (ms): Min: 0.0, Avg: 0.0, Max: 0.0, Diff: 0.0, Sum: 0.1]
      [Object Copy (ms): Min: 8.9, Avg: 9.3, Max: 9.4, Diff: 0.6, Sum: 74.1]
      [Termination (ms): Min: 0.0, Avg: 0.0, Max: 0.0, Diff: 0.0, Sum: 0.0]
         [Termination Attempts: Min: 1, Avg: 2.5, Max: 4, Diff: 3, Sum: 20]
      [GC Worker Other (ms): Min: 0.0, Avg: 0.1, Max: 0.2, Diff: 0.2, Sum: 1.1]
      [GC Worker Total (ms): Min: 39.1, Avg: 39.2, Max: 39.3, Diff: 0.1, Sum: 313.6]
      [GC Worker End (ms): Min: 560436128.4, Avg: 560436128.5, Max: 560436128.5, Diff: 0.1]
   [Code Root Fixup: 0.0 ms]
   [Code Root Purge: 0.0 ms]
   [Clear CT: 0.6 ms]
   [Other: 10.9 ms]
      [Choose CSet: 0.0 ms]
      [Ref Proc: 2.0 ms]
      [Ref Enq: 0.1 ms]
      [Redirty Cards: 0.1 ms]
      [Humongous Register: 3.6 ms]
      [Humongous Reclaim: 0.5 ms]
      [Free CSet: 3.6 ms]
   [Eden: 2824.0M(2824.0M)->0.0B(274.0M) Survivors: 34.0M->32.0M Heap: 4917.4M(6144.0M)->1968.1M(6144.0M)]
 [Times: user=0.26 sys=0.07, real=0.05 secs] 
2025-07-26T23:38:16.127+0800: 560449.962: [GC pause (G1 Evacuation Pause) (mixed), 0.0460783 secs]
   [Parallel Time: 39.8 ms, GC Workers: 8]
      [GC Worker Start (ms): Min: 560449964.2, Avg: 560449964.3, Max: 560449964.3, Diff: 0.1]
      [Ext Root Scanning (ms): Min: 2.2, Avg: 2.5, Max: 3.4, Diff: 1.2, Sum: 20.1]
      [Update RS (ms): Min: 0.8, Avg: 1.7, Max: 2.0, Diff: 1.2, Sum: 13.4]
         [Processed Buffers: Min: 3, Avg: 16.2, Max: 30, Diff: 27, Sum: 130]
      [Scan RS (ms): Min: 6.5, Avg: 6.6, Max: 6.6, Diff: 0.1, Sum: 52.6]
      [Code Root Scanning (ms): Min: 0.0, Avg: 0.0, Max: 0.0, Diff: 0.0, Sum: 0.1]
      [Object Copy (ms): Min: 28.6, Avg: 28.8, Max: 29.0, Diff: 0.4, Sum: 230.6]
      [Termination (ms): Min: 0.0, Avg: 0.0, Max: 0.0, Diff: 0.0, Sum: 0.0]
         [Termination Attempts: Min: 1, Avg: 1.2, Max: 2, Diff: 1, Sum: 10]
      [GC Worker Other (ms): Min: 0.0, Avg: 0.0, Max: 0.0, Diff: 0.0, Sum: 0.2]
      [GC Worker Total (ms): Min: 39.6, Avg: 39.6, Max: 39.7, Diff: 0.1, Sum: 317.0]
      [GC Worker End (ms): Min: 560450003.9, Avg: 560450003.9, Max: 560450003.9, Diff: 0.0]
   [Code Root Fixup: 0.0 ms]
   [Code Root Purge: 0.0 ms]
   [Clear CT: 0.4 ms]
   [Other: 5.9 ms]
      [Choose CSet: 1.2 ms]
      [Ref Proc: 0.5 ms]
      [Ref Enq: 0.0 ms]
      [Redirty Cards: 0.2 ms]
      [Humongous Register: 0.6 ms]
      [Humongous Reclaim: 0.1 ms]
      [Free CSet: 2.5 ms]
   [Eden: 274.0M(274.0M)->0.0B(3492.0M) Survivors: 32.0M->26.0M Heap: 2242.1M(6144.0M)->1439.9M(6144.0M)]
 [Times: user=0.21 sys=0.11, real=0.05 secs] 
2025-07-26T23:39:22.004+0800: 560515.839: [GC pause (G1 Evacuation Pause) (young), 0.0392126 secs]
   [Parallel Time: 28.8 ms, GC Workers: 8]
      [GC Worker Start (ms): Min: 560515841.6, Avg: 560515841.7, Max: 560515841.8, Diff: 0.1]
      [Ext Root Scanning (ms): Min: 2.8, Avg: 4.0, Max: 11.0, Diff: 8.2, Sum: 32.3]
      [Update RS (ms): Min: 8.9, Avg: 15.6, Max: 17.2, Diff: 8.3, Sum: 124.6]
         [Processed Buffers: Min: 70, Avg: 101.6, Max: 121, Diff: 51, Sum: 813]
      [Scan RS (ms): Min: 0.8, Avg: 1.4, Max: 1.5, Diff: 0.7, Sum: 10.8]
      [Code Root Scanning (ms): Min: 0.0, Avg: 0.0, Max: 0.0, Diff: 0.0, Sum: 0.1]
      [Object Copy (ms): Min: 6.6, Avg: 6.8, Max: 7.3, Diff: 0.7, Sum: 54.5]
      [Termination (ms): Min: 0.0, Avg: 0.5, Max: 0.7, Diff: 0.7, Sum: 4.2]
         [Termination Attempts: Min: 1, Avg: 8.4, Max: 12, Diff: 11, Sum: 67]
      [GC Worker Other (ms): Min: 0.1, Avg: 0.1, Max: 0.1, Diff: 0.0, Sum: 0.7]
      [GC Worker Total (ms): Min: 28.2, Avg: 28.4, Max: 28.6, Diff: 0.4, Sum: 227.1]
      [GC Worker End (ms): Min: 560515870.0, Avg: 560515870.1, Max: 560515870.2, Diff: 0.2]
   [Code Root Fixup: 0.0 ms]
   [Code Root Purge: 0.0 ms]
   [Clear CT: 0.7 ms]
   [Other: 9.8 ms]
      [Choose CSet: 0.0 ms]
      [Ref Proc: 2.1 ms]
      [Ref Enq: 0.1 ms]
      [Redirty Cards: 0.1 ms]
      [Humongous Register: 1.3 ms]
      [Humongous Reclaim: 0.4 ms]
      [Free CSet: 4.5 ms]
   [Eden: 3492.0M(3492.0M)->0.0B(3508.0M) Survivors: 26.0M->26.0M Heap: 5073.8M(6144.0M)->1438.9M(6144.0M)]
 [Times: user=0.14 sys=0.10, real=0.04 secs] 
2025-07-26T23:40:48.417+0800: 560602.253: [GC pause (G1 Evacuation Pause) (young), 0.0409994 secs]
   [Parallel Time: 29.7 ms, GC Workers: 8]
      [GC Worker Start (ms): Min: 560602255.6, Avg: 560602255.6, Max: 560602255.7, Diff: 0.1]
      [Ext Root Scanning (ms): Min: 2.9, Avg: 4.1, Max: 10.5, Diff: 7.6, Sum: 32.7]
      [Update RS (ms): Min: 4.9, Avg: 11.1, Max: 12.7, Diff: 7.8, Sum: 89.1]
         [Processed Buffers: Min: 45, Avg: 74.9, Max: 95, Diff: 50, Sum: 599]
      [Scan RS (ms): Min: 0.1, Avg: 0.4, Max: 0.5, Diff: 0.4, Sum: 2.9]
      [Code Root Scanning (ms): Min: 0.0, Avg: 0.0, Max: 0.0, Diff: 0.0, Sum: 0.1]
      [Object Copy (ms): Min: 13.5, Avg: 13.7, Max: 13.9, Diff: 0.4, Sum: 109.8]
      [Termination (ms): Min: 0.0, Avg: 0.0, Max: 0.0, Diff: 0.0, Sum: 0.0]
         [Termination Attempts: Min: 1, Avg: 3.5, Max: 7, Diff: 6, Sum: 28]
      [GC Worker Other (ms): Min: 0.0, Avg: 0.2, Max: 0.2, Diff: 0.1, Sum: 1.2]
      [GC Worker Total (ms): Min: 29.4, Avg: 29.5, Max: 29.6, Diff: 0.2, Sum: 235.7]
      [GC Worker End (ms): Min: 560602285.1, Avg: 560602285.1, Max: 560602285.2, Diff: 0.1]
   [Code Root Fixup: 0.0 ms]
   [Code Root Purge: 0.0 ms]
   [Clear CT: 0.5 ms]
   [Other: 10.7 ms]
      [Choose CSet: 0.0 ms]
      [Ref Proc: 2.8 ms]
      [Ref Enq: 0.1 ms]
      [Redirty Cards: 0.1 ms]
      [Humongous Register: 1.8 ms]
      [Humongous Reclaim: 0.3 ms]
      [Free CSet: 4.4 ms]
   [Eden: 3508.0M(3508.0M)->0.0B(3500.0M) Survivors: 26.0M->50.0M Heap: 4992.9M(6144.0M)->1457.9M(6144.0M)]
 [Times: user=0.21 sys=0.04, real=0.04 secs] 
2025-07-26T23:41:27.880+0800: 560641.715: [GC pause (G1 Evacuation Pause) (young), 0.0366427 secs]
   [Parallel Time: 30.7 ms, GC Workers: 8]
      [GC Worker Start (ms): Min: 560641716.3, Avg: 560641716.4, Max: 560641716.4, Diff: 0.1]
      [Ext Root Scanning (ms): Min: 2.5, Avg: 3.5, Max: 9.4, Diff: 6.9, Sum: 28.1]
      [Update RS (ms): Min: 13.0, Avg: 18.4, Max: 19.5, Diff: 6.5, Sum: 147.5]
         [Processed Buffers: Min: 100, Avg: 122.6, Max: 134, Diff: 34, Sum: 981]
      [Scan RS (ms): Min: 0.2, Avg: 0.4, Max: 0.5, Diff: 0.2, Sum: 3.1]
      [Code Root Scanning (ms): Min: 0.0, Avg: 0.0, Max: 0.0, Diff: 0.0, Sum: 0.1]
      [Object Copy (ms): Min: 7.8, Avg: 8.0, Max: 8.1, Diff: 0.3, Sum: 64.2]
      [Termination (ms): Min: 0.0, Avg: 0.0, Max: 0.0, Diff: 0.0, Sum: 0.1]
         [Termination Attempts: Min: 1, Avg: 1.1, Max: 2, Diff: 1, Sum: 9]
      [GC Worker Other (ms): Min: 0.0, Avg: 0.1, Max: 0.1, Diff: 0.1, Sum: 0.6]
      [GC Worker Total (ms): Min: 30.4, Avg: 30.4, Max: 30.5, Diff: 0.2, Sum: 243.6]
      [GC Worker End (ms): Min: 560641746.8, Avg: 560641746.8, Max: 560641746.9, Diff: 0.1]
   [Code Root Fixup: 0.1 ms]
   [Code Root Purge: 0.0 ms]
   [Clear CT: 0.6 ms]
   [Other: 5.4 ms]
      [Choose CSet: 0.0 ms]
      [Ref Proc: 1.7 ms]
      [Ref Enq: 0.2 ms]
      [Redirty Cards: 0.1 ms]
      [Humongous Register: 0.4 ms]
      [Humongous Reclaim: 0.3 ms]
      [Free CSet: 2.0 ms]
   [Eden: 3500.0M(3500.0M)->0.0B(3512.0M) Survivors: 50.0M->46.0M Heap: 5053.7M(6144.0M)->1452.9M(6144.0M)]
 [Times: user=0.16 sys=0.09, real=0.03 secs] 
2025-07-26T23:42:19.193+0800: 560693.029: [GC pause (G1 Evacuation Pause) (young), 0.0351534 secs]
   [Parallel Time: 23.3 ms, GC Workers: 8]
      [GC Worker Start (ms): Min: 560693031.3, Avg: 560693031.4, Max: 560693031.5, Diff: 0.1]
      [Ext Root Scanning (ms): Min: 3.2, Avg: 4.4, Max: 11.7, Diff: 8.5, Sum: 35.2]
      [Update RS (ms): Min: 0.0, Avg: 6.1, Max: 7.8, Diff: 7.8, Sum: 49.1]
         [Processed Buffers: Min: 0, Avg: 43.8, Max: 63, Diff: 63, Sum: 350]
      [Scan RS (ms): Min: 0.1, Avg: 0.3, Max: 0.5, Diff: 0.4, Sum: 2.7]
      [Code Root Scanning (ms): Min: 0.0, Avg: 0.0, Max: 0.0, Diff: 0.0, Sum: 0.1]
      [Object Copy (ms): Min: 11.1, Avg: 12.0, Max: 12.3, Diff: 1.2, Sum: 95.8]
      [Termination (ms): Min: 0.0, Avg: 0.1, Max: 0.1, Diff: 0.1, Sum: 1.0]
         [Termination Attempts: Min: 1, Avg: 21.1, Max: 28, Diff: 27, Sum: 169]
      [GC Worker Other (ms): Min: 0.1, Avg: 0.1, Max: 0.2, Diff: 0.1, Sum: 1.1]
      [GC Worker Total (ms): Min: 23.1, Avg: 23.1, Max: 23.2, Diff: 0.2, Sum: 185.0]
      [GC Worker End (ms): Min: 560693054.4, Avg: 560693054.5, Max: 560693054.6, Diff: 0.1]
   [Code Root Fixup: 0.1 ms]
   [Code Root Purge: 0.0 ms]
   [Clear CT: 0.5 ms]
   [Other: 11.2 ms]
      [Choose CSet: 0.0 ms]
      [Ref Proc: 2.5 ms]
      [Ref Enq: 0.2 ms]
      [Redirty Cards: 0.1 ms]
      [Humongous Register: 1.9 ms]
      [Humongous Reclaim: 0.2 ms]
      [Free CSet: 5.0 ms]
   [Eden: 3512.0M(3512.0M)->0.0B(3492.0M) Survivors: 46.0M->50.0M Heap: 4982.7M(6144.0M)->1470.6M(6144.0M)]
 [Times: user=0.09 sys=0.12, real=0.04 secs] 
2025-07-26T23:43:08.613+0800: 560742.449: [GC pause (G1 Evacuation Pause) (young), 0.0442979 secs]
   [Parallel Time: 32.9 ms, GC Workers: 8]
      [GC Worker Start (ms): Min: 560742451.8, Avg: 560742451.8, Max: 560742451.9, Diff: 0.1]
      [Ext Root Scanning (ms): Min: 2.9, Avg: 4.1, Max: 11.2, Diff: 8.3, Sum: 33.1]
      [Update RS (ms): Min: 11.0, Avg: 18.0, Max: 19.8, Diff: 8.8, Sum: 143.7]
         [Processed Buffers: Min: 81, Avg: 112.1, Max: 127, Diff: 46, Sum: 897]
      [Scan RS (ms): Min: 0.1, Avg: 0.4, Max: 0.5, Diff: 0.3, Sum: 2.9]
      [Code Root Scanning (ms): Min: 0.0, Avg: 0.0, Max: 0.0, Diff: 0.0, Sum: 0.1]
      [Object Copy (ms): Min: 9.4, Avg: 9.9, Max: 10.1, Diff: 0.7, Sum: 78.9]
      [Termination (ms): Min: 0.0, Avg: 0.2, Max: 0.3, Diff: 0.3, Sum: 1.7]
         [Termination Attempts: Min: 1, Avg: 1.1, Max: 2, Diff: 1, Sum: 9]
      [GC Worker Other (ms): Min: 0.1, Avg: 0.1, Max: 0.2, Diff: 0.1, Sum: 1.1]
      [GC Worker Total (ms): Min: 32.6, Avg: 32.7, Max: 32.8, Diff: 0.2, Sum: 261.4]
      [GC Worker End (ms): Min: 560742484.4, Avg: 560742484.5, Max: 560742484.6, Diff: 0.1]
   [Code Root Fixup: 0.0 ms]
   [Code Root Purge: 0.0 ms]
   [Clear CT: 0.7 ms]
   [Other: 10.7 ms]
      [Choose CSet: 0.0 ms]
      [Ref Proc: 2.2 ms]
      [Ref Enq: 0.2 ms]
      [Redirty Cards: 0.1 ms]
      [Humongous Register: 2.2 ms]
      [Humongous Reclaim: 0.3 ms]
      [Free CSet: 4.5 ms]
   [Eden: 3492.0M(3492.0M)->0.0B(3514.0M) Survivors: 50.0M->40.0M Heap: 5046.7M(6144.0M)->1452.9M(6144.0M)]
 [Times: user=0.24 sys=0.03, real=0.05 secs] 
2025-07-26T23:44:43.165+0800: 560837.001: [GC pause (G1 Evacuation Pause) (young), 0.0470652 secs]
   [Parallel Time: 36.0 ms, GC Workers: 8]
      [GC Worker Start (ms): Min: 560837003.4, Avg: 560837003.5, Max: 560837003.6, Diff: 0.2]
      [Ext Root Scanning (ms): Min: 2.8, Avg: 4.2, Max: 11.8, Diff: 8.9, Sum: 33.2]
      [Update RS (ms): Min: 14.1, Avg: 21.3, Max: 23.3, Diff: 9.2, Sum: 170.5]
         [Processed Buffers: Min: 96, Avg: 126.8, Max: 137, Diff: 41, Sum: 1014]
      [Scan RS (ms): Min: 0.1, Avg: 0.4, Max: 0.5, Diff: 0.4, Sum: 3.3]
      [Code Root Scanning (ms): Min: 0.0, Avg: 0.0, Max: 0.0, Diff: 0.0, Sum: 0.1]
      [Object Copy (ms): Min: 9.3, Avg: 9.7, Max: 9.9, Diff: 0.6, Sum: 78.0]
      [Termination (ms): Min: 0.0, Avg: 0.0, Max: 0.0, Diff: 0.0, Sum: 0.1]
         [Termination Attempts: Min: 1, Avg: 3.5, Max: 6, Diff: 5, Sum: 28]
      [GC Worker Other (ms): Min: 0.1, Avg: 0.1, Max: 0.2, Diff: 0.1, Sum: 1.1]
      [GC Worker Total (ms): Min: 35.7, Avg: 35.8, Max: 35.9, Diff: 0.2, Sum: 286.3]
      [GC Worker End (ms): Min: 560837039.3, Avg: 560837039.3, Max: 560837039.3, Diff: 0.1]
   [Code Root Fixup: 0.0 ms]
   [Code Root Purge: 0.0 ms]
   [Clear CT: 0.6 ms]
   [Other: 10.4 ms]
      [Choose CSet: 0.0 ms]
      [Ref Proc: 2.6 ms]
      [Ref Enq: 0.1 ms]
      [Redirty Cards: 0.1 ms]
      [Humongous Register: 1.9 ms]
      [Humongous Reclaim: 0.4 ms]
      [Free CSet: 4.3 ms]
   [Eden: 3514.0M(3514.0M)->0.0B(3534.0M) Survivors: 40.0M->30.0M Heap: 5077.0M(6144.0M)->1443.9M(6144.0M)]
 [Times: user=0.24 sys=0.06, real=0.05 secs] 
2025-07-26T23:46:20.013+0800: 560933.849: [GC pause (G1 Evacuation Pause) (young), 0.0477430 secs]
   [Parallel Time: 35.6 ms, GC Workers: 8]
      [GC Worker Start (ms): Min: 560933852.5, Avg: 560933852.6, Max: 560933852.7, Diff: 0.2]
      [Ext Root Scanning (ms): Min: 3.2, Avg: 4.7, Max: 13.0, Diff: 9.7, Sum: 37.7]
      [Update RS (ms): Min: 13.2, Avg: 20.2, Max: 21.5, Diff: 8.4, Sum: 161.6]
         [Processed Buffers: Min: 65, Avg: 117.2, Max: 135, Diff: 70, Sum: 938]
      [Scan RS (ms): Min: 0.1, Avg: 0.4, Max: 0.5, Diff: 0.4, Sum: 3.3]
      [Code Root Scanning (ms): Min: 0.0, Avg: 0.0, Max: 0.0, Diff: 0.0, Sum: 0.1]
      [Object Copy (ms): Min: 9.0, Avg: 9.9, Max: 10.1, Diff: 1.1, Sum: 79.1]
      [Termination (ms): Min: 0.0, Avg: 0.0, Max: 0.0, Diff: 0.0, Sum: 0.3]
         [Termination Attempts: Min: 1, Avg: 39.2, Max: 51, Diff: 50, Sum: 314]
      [GC Worker Other (ms): Min: 0.1, Avg: 0.1, Max: 0.2, Diff: 0.1, Sum: 1.2]
      [GC Worker Total (ms): Min: 35.3, Avg: 35.4, Max: 35.5, Diff: 0.3, Sum: 283.3]
      [GC Worker End (ms): Min: 560933888.0, Avg: 560933888.0, Max: 560933888.1, Diff: 0.1]
   [Code Root Fixup: 0.1 ms]
   [Code Root Purge: 0.0 ms]
   [Clear CT: 0.7 ms]
   [Other: 11.3 ms]
      [Choose CSet: 0.0 ms]
      [Ref Proc: 2.5 ms]
      [Ref Enq: 0.1 ms]
      [Redirty Cards: 0.1 ms]
      [Humongous Register: 2.9 ms]
      [Humongous Reclaim: 0.3 ms]
      [Free CSet: 4.3 ms]
   [Eden: 3534.0M(3534.0M)->0.0B(3538.0M) Survivors: 30.0M->32.0M Heap: 5073.7M(6144.0M)->1444.9M(6144.0M)]
 [Times: user=0.25 sys=0.06, real=0.05 secs] 
2025-07-27T00:04:19.750+0800: 562013.586: [GC pause (G1 Evacuation Pause) (young), 0.0509381 secs]
   [Parallel Time: 38.9 ms, GC Workers: 8]
      [GC Worker Start (ms): Min: 562013588.3, Avg: 562013588.4, Max: 562013588.5, Diff: 0.2]
      [Ext Root Scanning (ms): Min: 2.8, Avg: 4.0, Max: 10.5, Diff: 7.7, Sum: 31.6]
      [Update RS (ms): Min: 14.6, Avg: 20.2, Max: 21.2, Diff: 6.6, Sum: 161.3]
         [Processed Buffers: Min: 80, Avg: 135.0, Max: 155, Diff: 75, Sum: 1080]
      [Scan RS (ms): Min: 1.5, Avg: 2.3, Max: 2.4, Diff: 0.9, Sum: 18.0]
      [Code Root Scanning (ms): Min: 0.0, Avg: 0.0, Max: 0.0, Diff: 0.0, Sum: 0.1]
      [Object Copy (ms): Min: 12.1, Avg: 12.2, Max: 12.3, Diff: 0.2, Sum: 97.9]
      [Termination (ms): Min: 0.0, Avg: 0.0, Max: 0.0, Diff: 0.0, Sum: 0.0]
         [Termination Attempts: Min: 1, Avg: 1.4, Max: 2, Diff: 1, Sum: 11]
      [GC Worker Other (ms): Min: 0.1, Avg: 0.1, Max: 0.2, Diff: 0.1, Sum: 1.1]
      [GC Worker Total (ms): Min: 38.6, Avg: 38.8, Max: 38.9, Diff: 0.3, Sum: 310.0]
      [GC Worker End (ms): Min: 562013627.1, Avg: 562013627.2, Max: 562013627.2, Diff: 0.1]
   [Code Root Fixup: 0.0 ms]
   [Code Root Purge: 0.0 ms]
   [Clear CT: 0.7 ms]
   [Other: 11.3 ms]
      [Choose CSet: 0.0 ms]
      [Ref Proc: 3.4 ms]
      [Ref Enq: 0.2 ms]
      [Redirty Cards: 0.1 ms]
      [Humongous Register: 1.7 ms]
      [Humongous Reclaim: 0.6 ms]
      [Free CSet: 4.3 ms]
   [Eden: 3538.0M(3538.0M)->0.0B(3530.0M) Survivors: 32.0M->48.0M Heap: 5147.5M(6144.0M)->1454.9M(6144.0M)]
 [Times: user=0.33 sys=0.00, real=0.05 secs] 
2025-07-27T00:06:49.499+0800: 562163.334: [GC pause (G1 Evacuation Pause) (young), 0.0437025 secs]
   [Parallel Time: 32.9 ms, GC Workers: 8]
      [GC Worker Start (ms): Min: 562163336.8, Avg: 562163336.8, Max: 562163336.9, Diff: 0.2]
      [Ext Root Scanning (ms): Min: 3.0, Avg: 4.1, Max: 10.4, Diff: 7.4, Sum: 33.1]
      [Update RS (ms): Min: 9.6, Avg: 15.7, Max: 17.4, Diff: 7.8, Sum: 125.9]
         [Processed Buffers: Min: 80, Avg: 103.5, Max: 120, Diff: 40, Sum: 828]
      [Scan RS (ms): Min: 1.6, Avg: 2.3, Max: 2.5, Diff: 0.9, Sum: 18.7]
      [Code Root Scanning (ms): Min: 0.0, Avg: 0.0, Max: 0.0, Diff: 0.0, Sum: 0.1]
      [Object Copy (ms): Min: 10.1, Avg: 10.3, Max: 10.4, Diff: 0.3, Sum: 82.3]
      [Termination (ms): Min: 0.0, Avg: 0.0, Max: 0.1, Diff: 0.1, Sum: 0.4]
         [Termination Attempts: Min: 1, Avg: 46.0, Max: 61, Diff: 60, Sum: 368]
      [GC Worker Other (ms): Min: 0.1, Avg: 0.2, Max: 0.3, Diff: 0.2, Sum: 1.3]
      [GC Worker Total (ms): Min: 32.6, Avg: 32.7, Max: 32.8, Diff: 0.2, Sum: 261.7]
      [GC Worker End (ms): Min: 562163369.5, Avg: 562163369.6, Max: 562163369.6, Diff: 0.1]
   [Code Root Fixup: 0.0 ms]
   [Code Root Purge: 0.0 ms]
   [Clear CT: 0.6 ms]
   [Other: 10.1 ms]
      [Choose CSet: 0.0 ms]
      [Ref Proc: 2.4 ms]
      [Ref Enq: 0.1 ms]
      [Redirty Cards: 0.1 ms]
      [Humongous Register: 1.7 ms]
      [Humongous Reclaim: 0.5 ms]
      [Free CSet: 4.3 ms]
   [Eden: 3530.0M(3530.0M)->0.0B(3542.0M) Survivors: 48.0M->34.0M Heap: 5167.9M(6144.0M)->1447.9M(6144.0M)]
 [Times: user=0.23 sys=0.05, real=0.04 secs] 
2025-07-27T00:09:08.246+0800: 562302.081: [GC pause (G1 Evacuation Pause) (young), 0.0422866 secs]
   [Parallel Time: 30.6 ms, GC Workers: 8]
      [GC Worker Start (ms): Min: 562302082.9, Avg: 562302083.0, Max: 562302083.0, Diff: 0.2]
      [Ext Root Scanning (ms): Min: 2.8, Avg: 4.1, Max: 11.1, Diff: 8.2, Sum: 33.1]
      [Update RS (ms): Min: 8.7, Avg: 15.5, Max: 17.3, Diff: 8.6, Sum: 124.0]
         [Processed Buffers: Min: 72, Avg: 111.1, Max: 128, Diff: 56, Sum: 889]
      [Scan RS (ms): Min: 1.0, Avg: 1.7, Max: 2.0, Diff: 0.9, Sum: 13.7]
      [Code Root Scanning (ms): Min: 0.0, Avg: 0.0, Max: 0.0, Diff: 0.0, Sum: 0.1]
      [Object Copy (ms): Min: 8.2, Avg: 8.5, Max: 8.9, Diff: 0.6, Sum: 67.7]
      [Termination (ms): Min: 0.0, Avg: 0.4, Max: 0.5, Diff: 0.5, Sum: 3.4]
         [Termination Attempts: Min: 1, Avg: 12.0, Max: 17, Diff: 16, Sum: 96]
      [GC Worker Other (ms): Min: 0.1, Avg: 0.1, Max: 0.2, Diff: 0.1, Sum: 1.0]
      [GC Worker Total (ms): Min: 30.3, Avg: 30.4, Max: 30.5, Diff: 0.2, Sum: 242.9]
      [GC Worker End (ms): Min: 562302113.3, Avg: 562302113.3, Max: 562302113.4, Diff: 0.1]
   [Code Root Fixup: 0.1 ms]
   [Code Root Purge: 0.0 ms]
   [Clear CT: 0.7 ms]
   [Other: 11.0 ms]
      [Choose CSet: 0.0 ms]
      [Ref Proc: 3.8 ms]
      [Ref Enq: 0.1 ms]
      [Redirty Cards: 0.1 ms]
      [Humongous Register: 1.3 ms]
      [Humongous Reclaim: 0.5 ms]
      [Free CSet: 4.4 ms]
   [Eden: 3542.0M(3542.0M)->0.0B(3554.0M) Survivors: 34.0M->36.0M Heap: 5181.4M(6144.0M)->1443.9M(6144.0M)]
 [Times: user=0.23 sys=0.03, real=0.05 secs] 
2025-07-27T00:10:40.131+0800: 562393.967: [GC pause (G1 Evacuation Pause) (young), 0.0479862 secs]
   [Parallel Time: 37.5 ms, GC Workers: 8]
      [GC Worker Start (ms): Min: 562393969.2, Avg: 562393969.3, Max: 562393969.4, Diff: 0.2]
      [Ext Root Scanning (ms): Min: 3.0, Avg: 3.6, Max: 5.3, Diff: 2.3, Sum: 28.8]
      [Update RS (ms): Min: 17.5, Avg: 18.9, Max: 19.8, Diff: 2.3, Sum: 151.2]
         [Processed Buffers: Min: 99, Avg: 120.5, Max: 141, Diff: 42, Sum: 964]
      [Scan RS (ms): Min: 0.1, Avg: 0.4, Max: 0.5, Diff: 0.4, Sum: 3.1]
      [Code Root Scanning (ms): Min: 0.0, Avg: 0.0, Max: 0.0, Diff: 0.0, Sum: 0.1]
      [Object Copy (ms): Min: 12.9, Avg: 13.2, Max: 13.7, Diff: 0.8, Sum: 105.5]
      [Termination (ms): Min: 0.0, Avg: 1.0, Max: 1.2, Diff: 1.2, Sum: 7.9]
         [Termination Attempts: Min: 1, Avg: 18.0, Max: 28, Diff: 27, Sum: 144]
      [GC Worker Other (ms): Min: 0.0, Avg: 0.1, Max: 0.1, Diff: 0.1, Sum: 0.8]
      [GC Worker Total (ms): Min: 37.0, Avg: 37.2, Max: 37.3, Diff: 0.4, Sum: 297.3]
      [GC Worker End (ms): Min: 562394006.3, Avg: 562394006.4, Max: 562394006.6, Diff: 0.2]
   [Code Root Fixup: 0.1 ms]
   [Code Root Purge: 0.0 ms]
   [Clear CT: 0.6 ms]
   [Other: 9.8 ms]
      [Choose CSet: 0.0 ms]
      [Ref Proc: 2.2 ms]
      [Ref Enq: 0.2 ms]
      [Redirty Cards: 0.1 ms]
      [Humongous Register: 1.8 ms]
      [Humongous Reclaim: 0.3 ms]
      [Free CSet: 4.3 ms]
   [Eden: 3554.0M(3554.0M)->0.0B(3506.0M) Survivors: 36.0M->60.0M Heap: 5090.0M(6144.0M)->1466.9M(6144.0M)]
 [Times: user=0.26 sys=0.06, real=0.05 secs] 
2025-07-27T00:11:20.565+0800: 562434.400: [GC pause (G1 Evacuation Pause) (young), 0.0687537 secs]
   [Parallel Time: 46.3 ms, GC Workers: 8]
      [GC Worker Start (ms): Min: 562434404.2, Avg: 562434404.7, Max: 562434405.1, Diff: 0.8]
      [Ext Root Scanning (ms): Min: 5.5, Avg: 9.3, Max: 14.9, Diff: 9.4, Sum: 74.0]
      [Update RS (ms): Min: 16.5, Avg: 21.5, Max: 25.5, Diff: 9.1, Sum: 171.7]
         [Processed Buffers: Min: 110, Avg: 123.1, Max: 143, Diff: 33, Sum: 985]
      [Scan RS (ms): Min: 0.1, Avg: 0.5, Max: 0.7, Diff: 0.6, Sum: 3.9]
      [Code Root Scanning (ms): Min: 0.0, Avg: 0.0, Max: 0.0, Diff: 0.0, Sum: 0.1]
      [Object Copy (ms): Min: 11.5, Avg: 11.8, Max: 12.1, Diff: 0.6, Sum: 94.1]
      [Termination (ms): Min: 0.0, Avg: 0.0, Max: 0.0, Diff: 0.0, Sum: 0.1]
         [Termination Attempts: Min: 1, Avg: 10.5, Max: 19, Diff: 18, Sum: 84]
      [GC Worker Other (ms): Min: 0.1, Avg: 0.5, Max: 0.9, Diff: 0.8, Sum: 4.3]
      [GC Worker Total (ms): Min: 42.8, Avg: 43.5, Max: 44.3, Diff: 1.5, Sum: 348.2]
      [GC Worker End (ms): Min: 562434447.8, Avg: 562434448.2, Max: 562434448.6, Diff: 0.8]
   [Code Root Fixup: 0.1 ms]
   [Code Root Purge: 0.0 ms]
   [Clear CT: 1.6 ms]
   [Other: 20.8 ms]
      [Choose CSet: 0.0 ms]
      [Ref Proc: 6.7 ms]
      [Ref Enq: 0.5 ms]
      [Redirty Cards: 2.1 ms]
      [Humongous Register: 2.0 ms]
      [Humongous Reclaim: 0.6 ms]
      [Free CSet: 6.5 ms]
   [Eden: 3506.0M(3506.0M)->0.0B(3524.0M) Survivors: 60.0M->50.0M Heap: 5068.7M(6144.0M)->1459.3M(6144.0M)]
 [Times: user=0.31 sys=0.00, real=0.07 secs] 
2025-07-27T00:12:21.158+0800: 562494.994: [GC pause (G1 Evacuation Pause) (young), 0.0251538 secs]
   [Parallel Time: 18.5 ms, GC Workers: 8]
      [GC Worker Start (ms): Min: 562494995.0, Avg: 562494995.0, Max: 562494995.1, Diff: 0.1]
      [Ext Root Scanning (ms): Min: 2.1, Avg: 2.4, Max: 3.1, Diff: 1.0, Sum: 19.1]
      [Update RS (ms): Min: 2.7, Avg: 3.3, Max: 3.7, Diff: 1.0, Sum: 26.4]
         [Processed Buffers: Min: 7, Avg: 29.0, Max: 42, Diff: 35, Sum: 232]
      [Scan RS (ms): Min: 0.2, Avg: 0.3, Max: 0.4, Diff: 0.2, Sum: 2.8]
      [Code Root Scanning (ms): Min: 0.0, Avg: 0.0, Max: 0.0, Diff: 0.0, Sum: 0.1]
      [Object Copy (ms): Min: 12.0, Avg: 12.2, Max: 12.3, Diff: 0.3, Sum: 97.7]
      [Termination (ms): Min: 0.0, Avg: 0.0, Max: 0.0, Diff: 0.0, Sum: 0.1]
         [Termination Attempts: Min: 1, Avg: 12.9, Max: 21, Diff: 20, Sum: 103]
      [GC Worker Other (ms): Min: 0.0, Avg: 0.1, Max: 0.1, Diff: 0.1, Sum: 0.6]
      [GC Worker Total (ms): Min: 18.3, Avg: 18.3, Max: 18.4, Diff: 0.1, Sum: 146.8]
      [GC Worker End (ms): Min: 562495013.3, Avg: 562495013.4, Max: 562495013.4, Diff: 0.1]
   [Code Root Fixup: 0.0 ms]
   [Code Root Purge: 0.0 ms]
   [Clear CT: 0.6 ms]
   [Other: 6.0 ms]
      [Choose CSet: 0.0 ms]
      [Ref Proc: 2.2 ms]
      [Ref Enq: 0.2 ms]
      [Redirty Cards: 0.1 ms]
      [Humongous Register: 0.6 ms]
      [Humongous Reclaim: 0.1 ms]
      [Free CSet: 1.8 ms]
   [Eden: 3524.0M(3524.0M)->0.0B(3514.0M) Survivors: 50.0M->54.0M Heap: 4983.3M(6144.0M)->1464.6M(6144.0M)]
 [Times: user=0.16 sys=0.00, real=0.02 secs] 
2025-07-27T00:14:03.482+0800: 562597.318: [GC pause (G1 Evacuation Pause) (young), 0.0385270 secs]
   [Parallel Time: 29.1 ms, GC Workers: 8]
      [GC Worker Start (ms): Min: 562597319.7, Avg: 562597319.8, Max: 562597319.9, Diff: 0.2]
      [Ext Root Scanning (ms): Min: 2.8, Avg: 4.0, Max: 10.2, Diff: 7.3, Sum: 31.7]
      [Update RS (ms): Min: 9.5, Avg: 15.6, Max: 17.1, Diff: 7.6, Sum: 125.0]
         [Processed Buffers: Min: 83, Avg: 125.9, Max: 156, Diff: 73, Sum: 1007]
      [Scan RS (ms): Min: 0.9, Avg: 1.4, Max: 1.6, Diff: 0.7, Sum: 10.9]
      [Code Root Scanning (ms): Min: 0.0, Avg: 0.0, Max: 0.0, Diff: 0.0, Sum: 0.1]
      [Object Copy (ms): Min: 7.6, Avg: 7.7, Max: 7.9, Diff: 0.3, Sum: 61.9]
      [Termination (ms): Min: 0.0, Avg: 0.1, Max: 0.1, Diff: 0.1, Sum: 0.4]
         [Termination Attempts: Min: 1, Avg: 7.8, Max: 11, Diff: 10, Sum: 62]
      [GC Worker Other (ms): Min: 0.1, Avg: 0.1, Max: 0.1, Diff: 0.1, Sum: 0.8]
      [GC Worker Total (ms): Min: 28.8, Avg: 28.8, Max: 28.9, Diff: 0.1, Sum: 230.8]
      [GC Worker End (ms): Min: 562597348.6, Avg: 562597348.7, Max: 562597348.7, Diff: 0.1]
   [Code Root Fixup: 0.0 ms]
   [Code Root Purge: 0.0 ms]
   [Clear CT: 0.6 ms]
   [Other: 8.8 ms]
      [Choose CSet: 0.0 ms]
      [Ref Proc: 1.6 ms]
      [Ref Enq: 0.1 ms]
      [Redirty Cards: 0.1 ms]
      [Humongous Register: 1.3 ms]
      [Humongous Reclaim: 0.4 ms]
      [Free CSet: 4.3 ms]
   [Eden: 3514.0M(3514.0M)->0.0B(3552.0M) Survivors: 54.0M->30.0M Heap: 5120.2M(6144.0M)->1443.1M(6144.0M)]
 [Times: user=0.22 sys=0.02, real=0.04 secs] 
2025-07-27T00:16:57.954+0800: 562771.790: [GC pause (G1 Evacuation Pause) (young), 0.0439254 secs]
   [Parallel Time: 35.4 ms, GC Workers: 8]
      [GC Worker Start (ms): Min: 562771791.3, Avg: 562771791.4, Max: 562771791.5, Diff: 0.2]
      [Ext Root Scanning (ms): Min: 2.9, Avg: 4.0, Max: 10.3, Diff: 7.4, Sum: 32.2]
      [Update RS (ms): Min: 16.0, Avg: 21.8, Max: 23.3, Diff: 7.3, Sum: 174.3]
         [Processed Buffers: Min: 128, Avg: 156.1, Max: 180, Diff: 52, Sum: 1249]
      [Scan RS (ms): Min: 0.5, Avg: 1.2, Max: 1.4, Diff: 0.8, Sum: 9.3]
      [Code Root Scanning (ms): Min: 0.0, Avg: 0.0, Max: 0.0, Diff: 0.0, Sum: 0.1]
      [Object Copy (ms): Min: 7.9, Avg: 8.1, Max: 8.2, Diff: 0.3, Sum: 64.4]
      [Termination (ms): Min: 0.0, Avg: 0.0, Max: 0.0, Diff: 0.0, Sum: 0.2]
         [Termination Attempts: Min: 1, Avg: 1.0, Max: 1, Diff: 0, Sum: 8]
      [GC Worker Other (ms): Min: 0.0, Avg: 0.1, Max: 0.2, Diff: 0.1, Sum: 0.9]
      [GC Worker Total (ms): Min: 35.1, Avg: 35.2, Max: 35.3, Diff: 0.2, Sum: 281.4]
      [GC Worker End (ms): Min: 562771826.6, Avg: 562771826.6, Max: 562771826.6, Diff: 0.1]
   [Code Root Fixup: 0.0 ms]
   [Code Root Purge: 0.0 ms]
   [Clear CT: 0.6 ms]
   [Other: 7.9 ms]
      [Choose CSet: 0.0 ms]
      [Ref Proc: 1.2 ms]
      [Ref Enq: 0.1 ms]
      [Redirty Cards: 0.1 ms]
      [Humongous Register: 1.3 ms]
      [Humongous Reclaim: 0.5 ms]
      [Free CSet: 4.0 ms]
   [Eden: 3552.0M(3552.0M)->0.0B(3546.0M) Survivors: 30.0M->34.0M Heap: 5187.9M(6144.0M)->1450.2M(6144.0M)]
 [Times: user=0.27 sys=0.03, real=0.05 secs] 
2025-07-27T00:19:59.613+0800: 562953.449: [GC pause (G1 Evacuation Pause) (young), 0.0441870 secs]
   [Parallel Time: 33.8 ms, GC Workers: 8]
      [GC Worker Start (ms): Min: 562953450.8, Avg: 562953450.9, Max: 562953451.0, Diff: 0.2]
      [Ext Root Scanning (ms): Min: 3.0, Avg: 4.1, Max: 10.3, Diff: 7.4, Sum: 32.5]
      [Update RS (ms): Min: 17.1, Avg: 23.0, Max: 24.9, Diff: 7.8, Sum: 184.2]
         [Processed Buffers: Min: 129, Avg: 162.0, Max: 196, Diff: 67, Sum: 1296]
      [Scan RS (ms): Min: 0.3, Avg: 1.2, Max: 1.5, Diff: 1.2, Sum: 9.9]
      [Code Root Scanning (ms): Min: 0.0, Avg: 0.0, Max: 0.0, Diff: 0.0, Sum: 0.1]
      [Object Copy (ms): Min: 4.9, Avg: 5.1, Max: 5.2, Diff: 0.3, Sum: 40.4]
      [Termination (ms): Min: 0.0, Avg: 0.0, Max: 0.0, Diff: 0.0, Sum: 0.0]
         [Termination Attempts: Min: 1, Avg: 3.6, Max: 6, Diff: 5, Sum: 29]
      [GC Worker Other (ms): Min: 0.1, Avg: 0.2, Max: 0.2, Diff: 0.1, Sum: 1.3]
      [GC Worker Total (ms): Min: 33.5, Avg: 33.6, Max: 33.7, Diff: 0.2, Sum: 268.4]
      [GC Worker End (ms): Min: 562953484.3, Avg: 562953484.4, Max: 562953484.5, Diff: 0.1]
   [Code Root Fixup: 0.0 ms]
   [Code Root Purge: 0.0 ms]
   [Clear CT: 0.6 ms]
   [Other: 9.8 ms]
      [Choose CSet: 0.0 ms]
      [Ref Proc: 2.4 ms]
      [Ref Enq: 0.1 ms]
      [Redirty Cards: 0.1 ms]
      [Humongous Register: 1.4 ms]
      [Humongous Reclaim: 0.6 ms]
      [Free CSet: 4.3 ms]
   [Eden: 3546.0M(3546.0M)->0.0B(3564.0M) Survivors: 34.0M->24.0M Heap: 5228.7M(6144.0M)->1439.6M(6144.0M)]
 [Times: user=0.25 sys=0.03, real=0.05 secs] 
2025-07-27T00:20:47.754+0800: 563001.589: [GC pause (G1 Evacuation Pause) (young), 0.0377787 secs]
   [Parallel Time: 25.6 ms, GC Workers: 8]
      [GC Worker Start (ms): Min: 563001593.0, Avg: 563001593.1, Max: 563001593.1, Diff: 0.1]
      [Ext Root Scanning (ms): Min: 3.1, Avg: 4.3, Max: 10.6, Diff: 7.5, Sum: 34.0]
      [Update RS (ms): Min: 4.2, Avg: 10.3, Max: 11.9, Diff: 7.7, Sum: 82.4]
         [Processed Buffers: Min: 46, Avg: 72.8, Max: 92, Diff: 46, Sum: 582]
      [Scan RS (ms): Min: 0.1, Avg: 0.4, Max: 0.5, Diff: 0.4, Sum: 2.8]
      [Code Root Scanning (ms): Min: 0.0, Avg: 0.0, Max: 0.0, Diff: 0.0, Sum: 0.1]
      [Object Copy (ms): Min: 9.9, Avg: 10.3, Max: 10.4, Diff: 0.5, Sum: 82.2]
      [Termination (ms): Min: 0.0, Avg: 0.0, Max: 0.0, Diff: 0.0, Sum: 0.0]
         [Termination Attempts: Min: 1, Avg: 1.0, Max: 1, Diff: 0, Sum: 8]
      [GC Worker Other (ms): Min: 0.1, Avg: 0.2, Max: 0.3, Diff: 0.2, Sum: 1.4]
      [GC Worker Total (ms): Min: 25.3, Avg: 25.4, Max: 25.4, Diff: 0.2, Sum: 203.0]
      [GC Worker End (ms): Min: 563001618.4, Avg: 563001618.4, Max: 563001618.5, Diff: 0.1]
   [Code Root Fixup: 0.1 ms]
   [Code Root Purge: 0.0 ms]
   [Clear CT: 0.6 ms]
   [Other: 11.5 ms]
      [Choose CSet: 0.0 ms]
      [Ref Proc: 2.5 ms]
      [Ref Enq: 0.1 ms]
      [Redirty Cards: 0.6 ms]
      [Humongous Register: 2.8 ms]
      [Humongous Reclaim: 0.2 ms]
      [Free CSet: 4.2 ms]
   [Eden: 3564.0M(3564.0M)->0.0B(3508.0M) Survivors: 24.0M->54.0M Heap: 5049.7M(6144.0M)->1470.3M(6144.0M)]
 [Times: user=0.21 sys=0.02, real=0.04 secs] 
2025-07-27T00:21:27.177+0800: 563041.012: [GC pause (G1 Evacuation Pause) (young), 0.0401680 secs]
   [Parallel Time: 30.3 ms, GC Workers: 8]
      [GC Worker Start (ms): Min: 563041013.8, Avg: 563041013.8, Max: 563041013.9, Diff: 0.1]
      [Ext Root Scanning (ms): Min: 2.5, Avg: 3.7, Max: 10.1, Diff: 7.6, Sum: 29.6]
      [Update RS (ms): Min: 11.3, Avg: 17.4, Max: 18.7, Diff: 7.4, Sum: 139.3]
         [Processed Buffers: Min: 90, Avg: 119.2, Max: 136, Diff: 46, Sum: 954]
      [Scan RS (ms): Min: 0.3, Avg: 0.4, Max: 0.5, Diff: 0.3, Sum: 3.6]
      [Code Root Scanning (ms): Min: 0.0, Avg: 0.0, Max: 0.0, Diff: 0.0, Sum: 0.1]
      [Object Copy (ms): Min: 8.2, Avg: 8.4, Max: 8.4, Diff: 0.2, Sum: 66.8]
      [Termination (ms): Min: 0.0, Avg: 0.1, Max: 0.1, Diff: 0.1, Sum: 0.5]
         [Termination Attempts: Min: 1, Avg: 1.8, Max: 4, Diff: 3, Sum: 14]
      [GC Worker Other (ms): Min: 0.0, Avg: 0.0, Max: 0.1, Diff: 0.0, Sum: 0.3]
      [GC Worker Total (ms): Min: 30.0, Avg: 30.0, Max: 30.1, Diff: 0.1, Sum: 240.2]
      [GC Worker End (ms): Min: 563041043.8, Avg: 563041043.8, Max: 563041043.9, Diff: 0.1]
   [Code Root Fixup: 0.1 ms]
   [Code Root Purge: 0.0 ms]
   [Clear CT: 0.7 ms]
   [Other: 9.0 ms]
      [Choose CSet: 0.0 ms]
      [Ref Proc: 3.5 ms]
      [Ref Enq: 0.2 ms]
      [Redirty Cards: 0.1 ms]
      [Humongous Register: 0.8 ms]
      [Humongous Reclaim: 0.4 ms]
      [Free CSet: 2.9 ms]
   [Eden: 3508.0M(3508.0M)->0.0B(3536.0M) Survivors: 54.0M->40.0M Heap: 5074.1M(6144.0M)->1456.4M(6144.0M)]
 [Times: user=0.15 sys=0.10, real=0.05 secs] 
2025-07-27T00:22:22.018+0800: 563095.853: [GC pause (G1 Evacuation Pause) (young), 0.0324376 secs]
   [Parallel Time: 21.7 ms, GC Workers: 8]
      [GC Worker Start (ms): Min: 563095856.2, Avg: 563095856.3, Max: 563095856.4, Diff: 0.1]
      [Ext Root Scanning (ms): Min: 2.8, Avg: 4.1, Max: 10.7, Diff: 7.9, Sum: 32.8]
      [Update RS (ms): Min: 0.0, Avg: 5.9, Max: 7.6, Diff: 7.6, Sum: 46.9]
         [Processed Buffers: Min: 0, Avg: 48.6, Max: 66, Diff: 66, Sum: 389]
      [Scan RS (ms): Min: 0.1, Avg: 0.4, Max: 0.5, Diff: 0.4, Sum: 2.8]
      [Code Root Scanning (ms): Min: 0.0, Avg: 0.0, Max: 0.0, Diff: 0.0, Sum: 0.1]
      [Object Copy (ms): Min: 10.6, Avg: 11.1, Max: 11.4, Diff: 0.8, Sum: 88.4]
      [Termination (ms): Min: 0.0, Avg: 0.0, Max: 0.0, Diff: 0.0, Sum: 0.0]
         [Termination Attempts: Min: 1, Avg: 1.0, Max: 1, Diff: 0, Sum: 8]
      [GC Worker Other (ms): Min: 0.1, Avg: 0.2, Max: 0.2, Diff: 0.2, Sum: 1.3]
      [GC Worker Total (ms): Min: 21.4, Avg: 21.5, Max: 21.6, Diff: 0.2, Sum: 172.3]
      [GC Worker End (ms): Min: 563095877.8, Avg: 563095877.8, Max: 563095877.9, Diff: 0.1]
   [Code Root Fixup: 0.0 ms]
   [Code Root Purge: 0.0 ms]
   [Clear CT: 0.6 ms]
   [Other: 10.1 ms]
      [Choose CSet: 0.0 ms]
      [Ref Proc: 2.1 ms]
      [Ref Enq: 0.1 ms]
      [Redirty Cards: 0.1 ms]
      [Humongous Register: 1.9 ms]
      [Humongous Reclaim: 0.2 ms]
      [Free CSet: 4.2 ms]
   [Eden: 3536.0M(3536.0M)->0.0B(3510.0M) Survivors: 40.0M->52.0M Heap: 5017.0M(6144.0M)->1471.2M(6144.0M)]
 [Times: user=0.09 sys=0.09, real=0.03 secs] 
2025-07-27T00:40:20.093+0800: 564173.929: [GC pause (G1 Evacuation Pause) (young), 0.0425591 secs]
   [Parallel Time: 20.3 ms, GC Workers: 8]
      [GC Worker Start (ms): Min: 564173932.5, Avg: 564173932.6, Max: 564173932.7, Diff: 0.1]
      [Ext Root Scanning (ms): Min: 2.9, Avg: 4.2, Max: 11.5, Diff: 8.6, Sum: 33.3]
      [Update RS (ms): Min: 0.0, Avg: 5.5, Max: 6.5, Diff: 6.5, Sum: 43.8]
         [Processed Buffers: Min: 0, Avg: 47.0, Max: 65, Diff: 65, Sum: 376]
      [Scan RS (ms): Min: 0.1, Avg: 0.3, Max: 0.5, Diff: 0.4, Sum: 2.6]
      [Code Root Scanning (ms): Min: 0.0, Avg: 0.0, Max: 0.0, Diff: 0.0, Sum: 0.1]
      [Object Copy (ms): Min: 8.4, Avg: 9.9, Max: 10.3, Diff: 1.9, Sum: 79.4]
      [Termination (ms): Min: 0.0, Avg: 0.1, Max: 0.2, Diff: 0.2, Sum: 0.7]
         [Termination Attempts: Min: 1, Avg: 1.0, Max: 1, Diff: 0, Sum: 8]
      [GC Worker Other (ms): Min: 0.0, Avg: 0.1, Max: 0.2, Diff: 0.1, Sum: 0.9]
      [GC Worker Total (ms): Min: 20.0, Avg: 20.1, Max: 20.2, Diff: 0.2, Sum: 160.8]
      [GC Worker End (ms): Min: 564173952.6, Avg: 564173952.7, Max: 564173952.8, Diff: 0.1]
   [Code Root Fixup: 0.0 ms]
   [Code Root Purge: 0.0 ms]
   [Clear CT: 1.7 ms]
   [Other: 20.5 ms]
      [Choose CSet: 0.0 ms]
      [Ref Proc: 10.4 ms]
      [Ref Enq: 0.3 ms]
      [Redirty Cards: 0.3 ms]
      [Humongous Register: 2.8 ms]
      [Humongous Reclaim: 0.2 ms]
      [Free CSet: 5.0 ms]
   [Eden: 3510.0M(3510.0M)->0.0B(3512.0M) Survivors: 52.0M->52.0M Heap: 5002.7M(6144.0M)->1469.0M(6144.0M)]
 [Times: user=0.16 sys=0.02, real=0.04 secs] 
2025-07-27T00:41:16.871+0800: 564230.707: [GC pause (G1 Evacuation Pause) (young), 0.0326413 secs]
   [Parallel Time: 20.8 ms, GC Workers: 8]
      [GC Worker Start (ms): Min: 564230710.6, Avg: 564230710.8, Max: 564230710.9, Diff: 0.3]
      [Ext Root Scanning (ms): Min: 3.4, Avg: 4.8, Max: 11.9, Diff: 8.5, Sum: 38.0]
      [Update RS (ms): Min: 0.0, Avg: 2.1, Max: 3.1, Diff: 3.1, Sum: 17.2]
         [Processed Buffers: Min: 0, Avg: 23.9, Max: 54, Diff: 54, Sum: 191]
      [Scan RS (ms): Min: 0.1, Avg: 0.3, Max: 0.5, Diff: 0.4, Sum: 2.6]
      [Code Root Scanning (ms): Min: 0.0, Avg: 0.0, Max: 0.0, Diff: 0.0, Sum: 0.1]
      [Object Copy (ms): Min: 8.4, Avg: 13.1, Max: 13.9, Diff: 5.5, Sum: 105.0]
      [Termination (ms): Min: 0.0, Avg: 0.1, Max: 0.1, Diff: 0.1, Sum: 0.4]
         [Termination Attempts: Min: 1, Avg: 1.4, Max: 2, Diff: 1, Sum: 11]
      [GC Worker Other (ms): Min: 0.1, Avg: 0.2, Max: 0.2, Diff: 0.1, Sum: 1.3]
      [GC Worker Total (ms): Min: 20.4, Avg: 20.6, Max: 20.7, Diff: 0.3, Sum: 164.5]
      [GC Worker End (ms): Min: 564230731.3, Avg: 564230731.3, Max: 564230731.4, Diff: 0.1]
   [Code Root Fixup: 0.1 ms]
   [Code Root Purge: 0.0 ms]
   [Clear CT: 0.7 ms]
   [Other: 11.1 ms]
      [Choose CSet: 0.0 ms]
      [Ref Proc: 2.4 ms]
      [Ref Enq: 0.2 ms]
      [Redirty Cards: 0.1 ms]
      [Humongous Register: 2.9 ms]
      [Humongous Reclaim: 0.1 ms]
      [Free CSet: 4.2 ms]
   [Eden: 3512.0M(3512.0M)->0.0B(3516.0M) Survivors: 52.0M->50.0M Heap: 4981.0M(6144.0M)->1468.2M(6144.0M)]
 [Times: user=0.16 sys=0.01, real=0.03 secs] 
2025-07-27T00:42:03.497+0800: 564277.333: [GC pause (G1 Evacuation Pause) (young), 0.0376871 secs]
   [Parallel Time: 31.5 ms, GC Workers: 8]
      [GC Worker Start (ms): Min: 564277333.7, Avg: 564277333.8, Max: 564277334.0, Diff: 0.2]
      [Ext Root Scanning (ms): Min: 2.2, Avg: 2.5, Max: 3.2, Diff: 1.0, Sum: 20.1]
      [Update RS (ms): Min: 17.6, Avg: 18.0, Max: 18.2, Diff: 0.6, Sum: 143.7]
         [Processed Buffers: Min: 99, Avg: 120.0, Max: 131, Diff: 32, Sum: 960]
      [Scan RS (ms): Min: 0.2, Avg: 0.4, Max: 0.5, Diff: 0.2, Sum: 3.0]
      [Code Root Scanning (ms): Min: 0.0, Avg: 0.0, Max: 0.0, Diff: 0.0, Sum: 0.1]
      [Object Copy (ms): Min: 9.1, Avg: 9.3, Max: 10.1, Diff: 1.0, Sum: 74.8]
      [Termination (ms): Min: 0.0, Avg: 1.0, Max: 1.2, Diff: 1.2, Sum: 8.3]
         [Termination Attempts: Min: 1, Avg: 1.0, Max: 1, Diff: 0, Sum: 8]
      [GC Worker Other (ms): Min: 0.0, Avg: 0.0, Max: 0.1, Diff: 0.0, Sum: 0.3]
      [GC Worker Total (ms): Min: 31.2, Avg: 31.3, Max: 31.5, Diff: 0.3, Sum: 250.3]
      [GC Worker End (ms): Min: 564277364.9, Avg: 564277365.1, Max: 564277365.2, Diff: 0.3]
   [Code Root Fixup: 0.0 ms]
   [Code Root Purge: 0.0 ms]
   [Clear CT: 0.6 ms]
   [Other: 5.5 ms]
      [Choose CSet: 0.0 ms]
      [Ref Proc: 1.8 ms]
      [Ref Enq: 0.1 ms]
      [Redirty Cards: 0.1 ms]
      [Humongous Register: 0.6 ms]
      [Humongous Reclaim: 0.3 ms]
      [Free CSet: 1.8 ms]
   [Eden: 3516.0M(3516.0M)->0.0B(3522.0M) Survivors: 50.0M->46.0M Heap: 5079.8M(6144.0M)->1466.1M(6144.0M)]
 [Times: user=0.25 sys=0.00, real=0.03 secs] 
2025-07-27T00:43:01.770+0800: 564335.605: [GC pause (G1 Evacuation Pause) (young), 0.0395335 secs]
   [Parallel Time: 29.3 ms, GC Workers: 8]
      [GC Worker Start (ms): Min: 564335607.6, Avg: 564335607.6, Max: 564335607.7, Diff: 0.1]
      [Ext Root Scanning (ms): Min: 2.9, Avg: 4.0, Max: 10.7, Diff: 7.8, Sum: 32.4]
      [Update RS (ms): Min: 6.8, Avg: 13.4, Max: 14.5, Diff: 7.6, Sum: 107.1]
         [Processed Buffers: Min: 65, Avg: 95.1, Max: 115, Diff: 50, Sum: 761]
      [Scan RS (ms): Min: 0.1, Avg: 0.4, Max: 0.4, Diff: 0.3, Sum: 2.8]
      [Code Root Scanning (ms): Min: 0.0, Avg: 0.0, Max: 0.0, Diff: 0.0, Sum: 0.1]
      [Object Copy (ms): Min: 10.5, Avg: 11.1, Max: 11.3, Diff: 0.8, Sum: 89.1]
      [Termination (ms): Min: 0.0, Avg: 0.0, Max: 0.0, Diff: 0.0, Sum: 0.0]
         [Termination Attempts: Min: 1, Avg: 1.0, Max: 1, Diff: 0, Sum: 8]
      [GC Worker Other (ms): Min: 0.1, Avg: 0.2, Max: 0.3, Diff: 0.2, Sum: 1.3]
      [GC Worker Total (ms): Min: 29.0, Avg: 29.1, Max: 29.2, Diff: 0.2, Sum: 232.8]
      [GC Worker End (ms): Min: 564335636.7, Avg: 564335636.7, Max: 564335636.8, Diff: 0.1]
   [Code Root Fixup: 0.0 ms]
   [Code Root Purge: 0.0 ms]
   [Clear CT: 0.7 ms]
   [Other: 9.4 ms]
      [Choose CSet: 0.0 ms]
      [Ref Proc: 1.9 ms]
      [Ref Enq: 0.1 ms]
      [Redirty Cards: 0.1 ms]
      [Humongous Register: 1.8 ms]
      [Humongous Reclaim: 0.3 ms]
      [Free CSet: 4.2 ms]
   [Eden: 3522.0M(3522.0M)->0.0B(3514.0M) Survivors: 46.0M->50.0M Heap: 5058.8M(6144.0M)->1469.3M(6144.0M)]
 [Times: user=0.22 sys=0.03, real=0.04 secs] 
2025-07-27T00:46:11.081+0800: 564524.916: [GC pause (G1 Evacuation Pause) (young), 0.0499538 secs]
   [Parallel Time: 38.8 ms, GC Workers: 8]
      [GC Worker Start (ms): Min: 564524918.7, Avg: 564524918.8, Max: 564524918.9, Diff: 0.2]
      [Ext Root Scanning (ms): Min: 4.3, Avg: 5.3, Max: 11.1, Diff: 6.7, Sum: 42.4]
      [Update RS (ms): Min: 18.8, Avg: 24.1, Max: 25.4, Diff: 6.6, Sum: 192.7]
         [Processed Buffers: Min: 107, Avg: 126.0, Max: 155, Diff: 48, Sum: 1008]
      [Scan RS (ms): Min: 0.3, Avg: 0.9, Max: 1.1, Diff: 0.8, Sum: 7.0]
      [Code Root Scanning (ms): Min: 0.0, Avg: 0.0, Max: 0.0, Diff: 0.0, Sum: 0.1]
      [Object Copy (ms): Min: 7.8, Avg: 8.0, Max: 8.1, Diff: 0.3, Sum: 64.2]
      [Termination (ms): Min: 0.0, Avg: 0.0, Max: 0.0, Diff: 0.0, Sum: 0.1]
         [Termination Attempts: Min: 1, Avg: 10.6, Max: 18, Diff: 17, Sum: 85]
      [GC Worker Other (ms): Min: 0.1, Avg: 0.2, Max: 0.2, Diff: 0.1, Sum: 1.2]
      [GC Worker Total (ms): Min: 38.3, Avg: 38.5, Max: 38.6, Diff: 0.3, Sum: 307.7]
      [GC Worker End (ms): Min: 564524957.3, Avg: 564524957.3, Max: 564524957.3, Diff: 0.1]
   [Code Root Fixup: 0.1 ms]
   [Code Root Purge: 0.0 ms]
   [Clear CT: 0.8 ms]
   [Other: 10.3 ms]
      [Choose CSet: 0.0 ms]
      [Ref Proc: 1.7 ms]
      [Ref Enq: 0.1 ms]
      [Redirty Cards: 0.1 ms]
      [Humongous Register: 1.5 ms]
      [Humongous Reclaim: 0.6 ms]
      [Free CSet: 5.2 ms]
   [Eden: 3514.0M(3514.0M)->0.0B(3544.0M) Survivors: 50.0M->28.0M Heap: 5196.1M(6144.0M)->1448.3M(6144.0M)]
 [Times: user=0.25 sys=0.06, real=0.05 secs] 
2025-07-27T00:49:00.724+0800: 564694.560: [GC pause (G1 Evacuation Pause) (young), 0.0448342 secs]
   [Parallel Time: 34.1 ms, GC Workers: 8]
      [GC Worker Start (ms): Min: 564694561.8, Avg: 564694561.9, Max: 564694561.9, Diff: 0.1]
      [Ext Root Scanning (ms): Min: 2.6, Avg: 3.9, Max: 10.8, Diff: 8.2, Sum: 31.2]
      [Update RS (ms): Min: 14.3, Avg: 20.9, Max: 22.7, Diff: 8.4, Sum: 166.9]
         [Processed Buffers: Min: 106, Avg: 138.6, Max: 163, Diff: 57, Sum: 1109]
      [Scan RS (ms): Min: 0.1, Avg: 0.5, Max: 0.7, Diff: 0.5, Sum: 4.1]
      [Code Root Scanning (ms): Min: 0.0, Avg: 0.0, Max: 0.0, Diff: 0.0, Sum: 0.1]
      [Object Copy (ms): Min: 8.0, Avg: 8.5, Max: 8.6, Diff: 0.6, Sum: 67.7]
      [Termination (ms): Min: 0.0, Avg: 0.0, Max: 0.0, Diff: 0.0, Sum: 0.0]
         [Termination Attempts: Min: 1, Avg: 1.0, Max: 1, Diff: 0, Sum: 8]
      [GC Worker Other (ms): Min: 0.1, Avg: 0.1, Max: 0.2, Diff: 0.1, Sum: 1.1]
      [GC Worker Total (ms): Min: 33.8, Avg: 33.9, Max: 34.0, Diff: 0.2, Sum: 271.1]
      [GC Worker End (ms): Min: 564694595.7, Avg: 564694595.8, Max: 564694595.8, Diff: 0.1]
   [Code Root Fixup: 0.0 ms]
   [Code Root Purge: 0.0 ms]
   [Clear CT: 0.6 ms]
   [Other: 10.0 ms]
      [Choose CSet: 0.0 ms]
      [Ref Proc: 2.4 ms]
      [Ref Enq: 0.1 ms]
      [Redirty Cards: 0.1 ms]
      [Humongous Register: 1.5 ms]
      [Humongous Reclaim: 0.5 ms]
      [Free CSet: 4.5 ms]
   [Eden: 3544.0M(3544.0M)->0.0B(3538.0M) Survivors: 28.0M->36.0M Heap: 5206.4M(6144.0M)->1457.1M(6144.0M)]
 [Times: user=0.25 sys=0.04, real=0.05 secs] 
2025-07-27T00:50:33.614+0800: 564787.450: [GC pause (G1 Evacuation Pause) (young), 0.0451475 secs]
   [Parallel Time: 35.0 ms, GC Workers: 8]
      [GC Worker Start (ms): Min: 564787452.2, Avg: 564787452.2, Max: 564787452.3, Diff: 0.1]
      [Ext Root Scanning (ms): Min: 2.9, Avg: 4.1, Max: 10.9, Diff: 8.0, Sum: 32.9]
      [Update RS (ms): Min: 14.7, Avg: 21.1, Max: 22.2, Diff: 7.6, Sum: 168.5]
         [Processed Buffers: Min: 90, Avg: 140.4, Max: 159, Diff: 69, Sum: 1123]
      [Scan RS (ms): Min: 0.1, Avg: 0.4, Max: 0.5, Diff: 0.4, Sum: 2.9]
      [Code Root Scanning (ms): Min: 0.0, Avg: 0.0, Max: 0.0, Diff: 0.0, Sum: 0.1]
      [Object Copy (ms): Min: 8.6, Avg: 9.0, Max: 9.3, Diff: 0.7, Sum: 72.3]
      [Termination (ms): Min: 0.0, Avg: 0.1, Max: 0.2, Diff: 0.2, Sum: 0.7]
         [Termination Attempts: Min: 1, Avg: 1.5, Max: 3, Diff: 2, Sum: 12]
      [GC Worker Other (ms): Min: 0.0, Avg: 0.1, Max: 0.1, Diff: 0.1, Sum: 0.8]
      [GC Worker Total (ms): Min: 34.7, Avg: 34.8, Max: 34.8, Diff: 0.1, Sum: 278.2]
      [GC Worker End (ms): Min: 564787487.0, Avg: 564787487.0, Max: 564787487.1, Diff: 0.1]
   [Code Root Fixup: 0.0 ms]
   [Code Root Purge: 0.0 ms]
   [Clear CT: 0.6 ms]
   [Other: 9.5 ms]
      [Choose CSet: 0.0 ms]
      [Ref Proc: 2.0 ms]
      [Ref Enq: 0.1 ms]
      [Redirty Cards: 0.1 ms]
      [Humongous Register: 1.6 ms]
      [Humongous Reclaim: 0.4 ms]
      [Free CSet: 4.2 ms]
   [Eden: 3538.0M(3538.0M)->0.0B(3518.0M) Survivors: 36.0M->48.0M Heap: 5110.4M(6144.0M)->1467.5M(6144.0M)]
 [Times: user=0.25 sys=0.03, real=0.05 secs] 
2025-07-27T00:51:26.460+0800: 564840.296: [GC pause (G1 Evacuation Pause) (young), 0.0315011 secs]
   [Parallel Time: 20.0 ms, GC Workers: 8]
      [GC Worker Start (ms): Min: 564840299.1, Avg: 564840299.2, Max: 564840299.3, Diff: 0.2]
      [Ext Root Scanning (ms): Min: 3.1, Avg: 4.4, Max: 11.7, Diff: 8.6, Sum: 34.8]
      [Update RS (ms): Min: 0.0, Avg: 2.0, Max: 3.0, Diff: 3.0, Sum: 15.8]
         [Processed Buffers: Min: 0, Avg: 25.1, Max: 40, Diff: 40, Sum: 201]
      [Scan RS (ms): Min: 0.1, Avg: 0.4, Max: 0.5, Diff: 0.4, Sum: 3.0]
      [Code Root Scanning (ms): Min: 0.0, Avg: 0.0, Max: 0.0, Diff: 0.0, Sum: 0.1]
      [Object Copy (ms): Min: 7.9, Avg: 12.9, Max: 13.7, Diff: 5.8, Sum: 103.4]
      [Termination (ms): Min: 0.0, Avg: 0.0, Max: 0.0, Diff: 0.0, Sum: 0.0]
         [Termination Attempts: Min: 1, Avg: 1.1, Max: 2, Diff: 1, Sum: 9]
      [GC Worker Other (ms): Min: 0.0, Avg: 0.2, Max: 0.2, Diff: 0.2, Sum: 1.2]
      [GC Worker Total (ms): Min: 19.7, Avg: 19.8, Max: 19.9, Diff: 0.2, Sum: 158.5]
      [GC Worker End (ms): Min: 564840318.9, Avg: 564840319.0, Max: 564840319.0, Diff: 0.1]
   [Code Root Fixup: 0.1 ms]
   [Code Root Purge: 0.0 ms]
   [Clear CT: 0.8 ms]
   [Other: 10.7 ms]
      [Choose CSet: 0.0 ms]
      [Ref Proc: 2.3 ms]
      [Ref Enq: 0.2 ms]
      [Redirty Cards: 0.1 ms]
      [Humongous Register: 2.6 ms]
      [Humongous Reclaim: 0.1 ms]
      [Free CSet: 4.4 ms]
   [Eden: 3518.0M(3518.0M)->0.0B(3492.0M) Survivors: 48.0M->60.0M Heap: 4987.2M(6144.0M)->1482.2M(6144.0M)]
 [Times: user=0.16 sys=0.01, real=0.03 secs] 
2025-07-27T00:52:11.740+0800: 564885.576: [GC pause (G1 Evacuation Pause) (young), 0.0381320 secs]
   [Parallel Time: 31.4 ms, GC Workers: 8]
      [GC Worker Start (ms): Min: 564885576.9, Avg: 564885576.9, Max: 564885577.0, Diff: 0.1]
      [Ext Root Scanning (ms): Min: 2.6, Avg: 3.7, Max: 9.8, Diff: 7.2, Sum: 29.7]
      [Update RS (ms): Min: 11.1, Avg: 17.1, Max: 18.1, Diff: 7.0, Sum: 136.4]
         [Processed Buffers: Min: 90, Avg: 117.1, Max: 132, Diff: 42, Sum: 937]
      [Scan RS (ms): Min: 0.1, Avg: 0.4, Max: 0.5, Diff: 0.4, Sum: 2.9]
      [Code Root Scanning (ms): Min: 0.0, Avg: 0.0, Max: 0.0, Diff: 0.0, Sum: 0.1]
      [Object Copy (ms): Min: 9.9, Avg: 10.1, Max: 10.2, Diff: 0.4, Sum: 80.4]
      [Termination (ms): Min: 0.0, Avg: 0.0, Max: 0.0, Diff: 0.0, Sum: 0.1]
         [Termination Attempts: Min: 1, Avg: 1.9, Max: 3, Diff: 2, Sum: 15]
      [GC Worker Other (ms): Min: 0.0, Avg: 0.1, Max: 0.2, Diff: 0.1, Sum: 0.7]
      [GC Worker Total (ms): Min: 31.2, Avg: 31.3, Max: 31.4, Diff: 0.2, Sum: 250.3]
      [GC Worker End (ms): Min: 564885608.2, Avg: 564885608.2, Max: 564885608.3, Diff: 0.1]
   [Code Root Fixup: 0.0 ms]
   [Code Root Purge: 0.0 ms]
   [Clear CT: 0.6 ms]
   [Other: 6.1 ms]
      [Choose CSet: 0.0 ms]
      [Ref Proc: 1.9 ms]
      [Ref Enq: 0.2 ms]
      [Redirty Cards: 0.1 ms]
      [Humongous Register: 0.9 ms]
      [Humongous Reclaim: 0.4 ms]
      [Free CSet: 1.9 ms]
   [Eden: 3492.0M(3492.0M)->0.0B(3518.0M) Survivors: 60.0M->48.0M Heap: 5068.2M(6144.0M)->1467.5M(6144.0M)]
 [Times: user=0.24 sys=0.01, real=0.04 secs] 
2025-07-27T00:53:20.257+0800: 564954.092: [GC pause (G1 Evacuation Pause) (young), 0.0435776 secs]
   [Parallel Time: 34.0 ms, GC Workers: 8]
      [GC Worker Start (ms): Min: 564954094.5, Avg: 564954094.5, Max: 564954094.6, Diff: 0.1]
      [Ext Root Scanning (ms): Min: 2.4, Avg: 3.6, Max: 10.2, Diff: 7.8, Sum: 28.4]
      [Update RS (ms): Min: 16.4, Avg: 22.1, Max: 23.1, Diff: 6.6, Sum: 176.7]
         [Processed Buffers: Min: 89, Avg: 144.4, Max: 163, Diff: 74, Sum: 1155]
      [Scan RS (ms): Min: 0.1, Avg: 0.4, Max: 0.5, Diff: 0.4, Sum: 2.9]
      [Code Root Scanning (ms): Min: 0.0, Avg: 0.0, Max: 0.0, Diff: 0.0, Sum: 0.1]
      [Object Copy (ms): Min: 7.0, Avg: 7.6, Max: 7.8, Diff: 0.9, Sum: 61.2]
      [Termination (ms): Min: 0.0, Avg: 0.0, Max: 0.0, Diff: 0.0, Sum: 0.0]
         [Termination Attempts: Min: 1, Avg: 1.0, Max: 1, Diff: 0, Sum: 8]
      [GC Worker Other (ms): Min: 0.1, Avg: 0.1, Max: 0.2, Diff: 0.2, Sum: 1.1]
      [GC Worker Total (ms): Min: 33.7, Avg: 33.8, Max: 33.9, Diff: 0.2, Sum: 270.4]
      [GC Worker End (ms): Min: 564954128.3, Avg: 564954128.3, Max: 564954128.4, Diff: 0.1]
   [Code Root Fixup: 0.1 ms]
   [Code Root Purge: 0.0 ms]
   [Clear CT: 0.6 ms]
   [Other: 8.9 ms]
      [Choose CSet: 0.0 ms]
      [Ref Proc: 1.5 ms]
      [Ref Enq: 0.1 ms]
      [Redirty Cards: 0.1 ms]
      [Humongous Register: 1.7 ms]
      [Humongous Reclaim: 0.4 ms]
      [Free CSet: 4.2 ms]
   [Eden: 3518.0M(3518.0M)->0.0B(3532.0M) Survivors: 48.0M->34.0M Heap: 5105.8M(6144.0M)->1456.9M(6144.0M)]
 [Times: user=0.24 sys=0.04, real=0.05 secs] 
2025-07-27T00:56:41.220+0800: 565155.056: [GC pause (G1 Evacuation Pause) (young), 0.0345502 secs]
   [Parallel Time: 24.2 ms, GC Workers: 8]
      [GC Worker Start (ms): Min: 565155057.8, Avg: 565155057.9, Max: 565155058.0, Diff: 0.1]
      [Ext Root Scanning (ms): Min: 2.8, Avg: 4.0, Max: 11.1, Diff: 8.3, Sum: 32.3]
      [Update RS (ms): Min: 6.5, Avg: 13.4, Max: 14.8, Diff: 8.3, Sum: 107.4]
         [Processed Buffers: Min: 71, Avg: 97.1, Max: 118, Diff: 47, Sum: 777]
      [Scan RS (ms): Min: 0.1, Avg: 0.6, Max: 0.8, Diff: 0.7, Sum: 4.6]
      [Code Root Scanning (ms): Min: 0.0, Avg: 0.0, Max: 0.0, Diff: 0.0, Sum: 0.1]
      [Object Copy (ms): Min: 5.6, Avg: 5.8, Max: 5.9, Diff: 0.4, Sum: 46.4]
      [Termination (ms): Min: 0.0, Avg: 0.0, Max: 0.0, Diff: 0.0, Sum: 0.0]
         [Termination Attempts: Min: 1, Avg: 5.5, Max: 9, Diff: 8, Sum: 44]
      [GC Worker Other (ms): Min: 0.1, Avg: 0.1, Max: 0.2, Diff: 0.1, Sum: 1.1]
      [GC Worker Total (ms): Min: 23.9, Avg: 24.0, Max: 24.1, Diff: 0.2, Sum: 191.9]
      [GC Worker End (ms): Min: 565155081.9, Avg: 565155081.9, Max: 565155081.9, Diff: 0.1]
   [Code Root Fixup: 0.0 ms]
   [Code Root Purge: 0.0 ms]
   [Clear CT: 0.7 ms]
   [Other: 9.6 ms]
      [Choose CSet: 0.0 ms]
      [Ref Proc: 2.1 ms]
      [Ref Enq: 0.1 ms]
      [Redirty Cards: 0.1 ms]
      [Humongous Register: 1.5 ms]
      [Humongous Reclaim: 0.6 ms]
      [Free CSet: 4.1 ms]
   [Eden: 3532.0M(3532.0M)->0.0B(3546.0M) Survivors: 34.0M->28.0M Heap: 5198.3M(6144.0M)->1449.3M(6144.0M)]
 [Times: user=0.20 sys=0.00, real=0.03 secs] 
2025-07-27T01:07:20.603+0800: 565794.439: [GC pause (G1 Evacuation Pause) (young), 0.0466763 secs]
   [Parallel Time: 30.0 ms, GC Workers: 8]
      [GC Worker Start (ms): Min: 565794443.0, Avg: 565794443.1, Max: 565794443.1, Diff: 0.2]
      [Ext Root Scanning (ms): Min: 2.8, Avg: 4.0, Max: 10.7, Diff: 7.8, Sum: 32.1]
      [Update RS (ms): Min: 13.6, Avg: 19.8, Max: 21.6, Diff: 8.0, Sum: 158.6]
         [Processed Buffers: Min: 107, Avg: 130.5, Max: 163, Diff: 56, Sum: 1044]
      [Scan RS (ms): Min: 0.1, Avg: 0.5, Max: 0.8, Diff: 0.6, Sum: 4.2]
      [Code Root Scanning (ms): Min: 0.0, Avg: 0.0, Max: 0.0, Diff: 0.0, Sum: 0.1]
      [Object Copy (ms): Min: 4.8, Avg: 5.3, Max: 5.5, Diff: 0.7, Sum: 42.3]
      [Termination (ms): Min: 0.0, Avg: 0.1, Max: 0.1, Diff: 0.1, Sum: 0.4]
         [Termination Attempts: Min: 1, Avg: 9.6, Max: 13, Diff: 12, Sum: 77]
      [GC Worker Other (ms): Min: 0.0, Avg: 0.1, Max: 0.2, Diff: 0.1, Sum: 0.8]
      [GC Worker Total (ms): Min: 29.7, Avg: 29.8, Max: 29.9, Diff: 0.2, Sum: 238.5]
      [GC Worker End (ms): Min: 565794472.9, Avg: 565794472.9, Max: 565794472.9, Diff: 0.0]
   [Code Root Fixup: 0.0 ms]
   [Code Root Purge: 0.0 ms]
   [Clear CT: 0.7 ms]
   [Other: 15.9 ms]
      [Choose CSet: 0.0 ms]
      [Ref Proc: 6.3 ms]
      [Ref Enq: 0.1 ms]
      [Redirty Cards: 0.1 ms]
      [Humongous Register: 3.2 ms]
      [Humongous Reclaim: 0.6 ms]
      [Free CSet: 4.2 ms]
   [Eden: 3546.0M(3546.0M)->0.0B(3554.0M) Survivors: 28.0M->26.0M Heap: 5187.8M(6144.0M)->1446.3M(6144.0M)]
 [Times: user=0.23 sys=0.04, real=0.05 secs] 
2025-07-27T01:17:20.460+0800: 566394.296: [GC pause (G1 Evacuation Pause) (young), 0.0438659 secs]
   [Parallel Time: 32.1 ms, GC Workers: 8]
      [GC Worker Start (ms): Min: 566394298.0, Avg: 566394298.1, Max: 566394298.2, Diff: 0.1]
      [Ext Root Scanning (ms): Min: 2.7, Avg: 3.8, Max: 10.3, Diff: 7.6, Sum: 30.8]
      [Update RS (ms): Min: 15.1, Avg: 20.6, Max: 21.7, Diff: 6.6, Sum: 164.8]
         [Processed Buffers: Min: 81, Avg: 139.6, Max: 160, Diff: 79, Sum: 1117]
      [Scan RS (ms): Min: 0.1, Avg: 0.5, Max: 0.7, Diff: 0.5, Sum: 4.0]
      [Code Root Scanning (ms): Min: 0.0, Avg: 0.0, Max: 0.0, Diff: 0.0, Sum: 0.1]
      [Object Copy (ms): Min: 6.3, Avg: 6.8, Max: 7.0, Diff: 0.7, Sum: 54.6]
      [Termination (ms): Min: 0.0, Avg: 0.0, Max: 0.0, Diff: 0.0, Sum: 0.0]
         [Termination Attempts: Min: 1, Avg: 1.0, Max: 1, Diff: 0, Sum: 8]
      [GC Worker Other (ms): Min: 0.0, Avg: 0.1, Max: 0.2, Diff: 0.2, Sum: 1.0]
      [GC Worker Total (ms): Min: 31.8, Avg: 31.9, Max: 32.0, Diff: 0.2, Sum: 255.2]
      [GC Worker End (ms): Min: 566394330.0, Avg: 566394330.0, Max: 566394330.0, Diff: 0.1]
   [Code Root Fixup: 0.0 ms]
   [Code Root Purge: 0.0 ms]
   [Clear CT: 0.6 ms]
   [Other: 11.1 ms]
      [Choose CSet: 0.0 ms]
      [Ref Proc: 3.6 ms]
      [Ref Enq: 0.1 ms]
      [Redirty Cards: 0.2 ms]
      [Humongous Register: 1.6 ms]
      [Humongous Reclaim: 0.4 ms]
      [Free CSet: 4.2 ms]
   [Eden: 3554.0M(3554.0M)->0.0B(3544.0M) Survivors: 26.0M->32.0M Heap: 5170.1M(6144.0M)->1456.8M(6144.0M)]
 [Times: user=0.24 sys=0.03, real=0.04 secs] 
2025-07-27T01:20:13.084+0800: 566566.919: [GC pause (G1 Evacuation Pause) (young), 0.0385926 secs]
   [Parallel Time: 28.2 ms, GC Workers: 8]
      [GC Worker Start (ms): Min: 566566922.0, Avg: 566566922.1, Max: 566566922.2, Diff: 0.2]
      [Ext Root Scanning (ms): Min: 3.1, Avg: 4.3, Max: 10.8, Diff: 7.7, Sum: 34.5]
      [Update RS (ms): Min: 8.0, Avg: 14.4, Max: 16.0, Diff: 8.0, Sum: 115.0]
         [Processed Buffers: Min: 83, Avg: 109.2, Max: 123, Diff: 40, Sum: 874]
      [Scan RS (ms): Min: 0.1, Avg: 0.5, Max: 0.7, Diff: 0.6, Sum: 4.1]
      [Code Root Scanning (ms): Min: 0.0, Avg: 0.0, Max: 0.0, Diff: 0.0, Sum: 0.1]
      [Object Copy (ms): Min: 8.5, Avg: 8.6, Max: 8.8, Diff: 0.3, Sum: 68.8]
      [Termination (ms): Min: 0.0, Avg: 0.0, Max: 0.0, Diff: 0.0, Sum: 0.2]
         [Termination Attempts: Min: 1, Avg: 23.5, Max: 31, Diff: 30, Sum: 188]
      [GC Worker Other (ms): Min: 0.1, Avg: 0.1, Max: 0.2, Diff: 0.1, Sum: 1.0]
      [GC Worker Total (ms): Min: 27.9, Avg: 28.0, Max: 28.1, Diff: 0.2, Sum: 223.7]
      [GC Worker End (ms): Min: 566566950.0, Avg: 566566950.0, Max: 566566950.1, Diff: 0.1]
   [Code Root Fixup: 0.0 ms]
   [Code Root Purge: 0.0 ms]
   [Clear CT: 0.6 ms]
   [Other: 9.8 ms]
      [Choose CSet: 0.0 ms]
      [Ref Proc: 1.7 ms]
      [Ref Enq: 0.1 ms]
      [Redirty Cards: 0.1 ms]
      [Humongous Register: 1.9 ms]
      [Humongous Reclaim: 0.4 ms]
      [Free CSet: 4.5 ms]
   [Eden: 3544.0M(3544.0M)->0.0B(3516.0M) Survivors: 32.0M->48.0M Heap: 5160.5M(6144.0M)->1468.5M(6144.0M)]
 [Times: user=0.21 sys=0.02, real=0.04 secs] 
2025-07-27T01:20:59.457+0800: 566613.293: [GC pause (G1 Evacuation Pause) (young), 0.0398329 secs]
   [Parallel Time: 29.6 ms, GC Workers: 8]
      [GC Worker Start (ms): Min: 566613295.1, Avg: 566613295.2, Max: 566613295.2, Diff: 0.1]
      [Ext Root Scanning (ms): Min: 3.1, Avg: 4.3, Max: 11.2, Diff: 8.0, Sum: 34.6]
      [Update RS (ms): Min: 7.6, Avg: 14.3, Max: 16.3, Diff: 8.7, Sum: 114.4]
         [Processed Buffers: Min: 62, Avg: 99.8, Max: 118, Diff: 56, Sum: 798]
      [Scan RS (ms): Min: 0.1, Avg: 0.4, Max: 0.5, Diff: 0.3, Sum: 2.9]
      [Code Root Scanning (ms): Min: 0.0, Avg: 0.0, Max: 0.0, Diff: 0.0, Sum: 0.1]
      [Object Copy (ms): Min: 9.7, Avg: 10.3, Max: 10.5, Diff: 0.8, Sum: 82.6]
      [Termination (ms): Min: 0.0, Avg: 0.0, Max: 0.0, Diff: 0.0, Sum: 0.0]
         [Termination Attempts: Min: 1, Avg: 1.0, Max: 1, Diff: 0, Sum: 8]
      [GC Worker Other (ms): Min: 0.1, Avg: 0.1, Max: 0.2, Diff: 0.1, Sum: 1.2]
      [GC Worker Total (ms): Min: 29.4, Avg: 29.5, Max: 29.5, Diff: 0.1, Sum: 235.7]
      [GC Worker End (ms): Min: 566613324.6, Avg: 566613324.6, Max: 566613324.7, Diff: 0.1]
   [Code Root Fixup: 0.0 ms]
   [Code Root Purge: 0.0 ms]
   [Clear CT: 0.6 ms]
   [Other: 9.6 ms]
      [Choose CSet: 0.0 ms]
      [Ref Proc: 1.9 ms]
      [Ref Enq: 0.2 ms]
      [Redirty Cards: 0.2 ms]
      [Humongous Register: 1.7 ms]
      [Humongous Reclaim: 0.3 ms]
      [Free CSet: 4.3 ms]
   [Eden: 3516.0M(3516.0M)->0.0B(3500.0M) Survivors: 48.0M->54.0M Heap: 5060.5M(6144.0M)->1479.1M(6144.0M)]
 [Times: user=0.22 sys=0.02, real=0.04 secs] 
2025-07-27T01:21:48.511+0800: 566662.347: [GC pause (G1 Evacuation Pause) (young), 0.0301346 secs]
   [Parallel Time: 23.8 ms, GC Workers: 8]
      [GC Worker Start (ms): Min: 566662348.0, Avg: 566662348.0, Max: 566662348.1, Diff: 0.1]
      [Ext Root Scanning (ms): Min: 2.3, Avg: 2.5, Max: 3.1, Diff: 0.9, Sum: 20.1]
      [Update RS (ms): Min: 12.0, Avg: 12.5, Max: 12.8, Diff: 0.9, Sum: 100.0]
         [Processed Buffers: Min: 66, Avg: 89.2, Max: 107, Diff: 41, Sum: 714]
      [Scan RS (ms): Min: 0.2, Avg: 0.4, Max: 0.4, Diff: 0.2, Sum: 2.9]
      [Code Root Scanning (ms): Min: 0.0, Avg: 0.0, Max: 0.0, Diff: 0.0, Sum: 0.1]
      [Object Copy (ms): Min: 7.9, Avg: 8.1, Max: 8.2, Diff: 0.3, Sum: 64.7]
      [Termination (ms): Min: 0.0, Avg: 0.1, Max: 0.2, Diff: 0.2, Sum: 1.2]
         [Termination Attempts: Min: 1, Avg: 1.0, Max: 1, Diff: 0, Sum: 8]
      [GC Worker Other (ms): Min: 0.0, Avg: 0.0, Max: 0.0, Diff: 0.0, Sum: 0.3]
      [GC Worker Total (ms): Min: 23.6, Avg: 23.6, Max: 23.8, Diff: 0.2, Sum: 189.2]
      [GC Worker End (ms): Min: 566662371.6, Avg: 566662371.7, Max: 566662371.7, Diff: 0.1]
   [Code Root Fixup: 0.0 ms]
   [Code Root Purge: 0.0 ms]
   [Clear CT: 0.6 ms]
   [Other: 5.6 ms]
      [Choose CSet: 0.0 ms]
      [Ref Proc: 1.8 ms]
      [Ref Enq: 0.1 ms]
      [Redirty Cards: 0.1 ms]
      [Humongous Register: 0.7 ms]
      [Humongous Reclaim: 0.2 ms]
      [Free CSet: 2.0 ms]
   [Eden: 3500.0M(3500.0M)->0.0B(3520.0M) Survivors: 54.0M->46.0M Heap: 5045.0M(6144.0M)->1467.3M(6144.0M)]
 [Times: user=0.11 sys=0.09, real=0.03 secs] 
2025-07-27T01:22:46.945+0800: 566720.781: [GC pause (G1 Evacuation Pause) (young), 0.0339766 secs]
   [Parallel Time: 23.9 ms, GC Workers: 8]
      [GC Worker Start (ms): Min: 566720783.3, Avg: 566720783.4, Max: 566720783.5, Diff: 0.2]
      [Ext Root Scanning (ms): Min: 2.8, Avg: 3.9, Max: 9.8, Diff: 7.0, Sum: 31.1]
      [Update RS (ms): Min: 3.8, Avg: 9.3, Max: 10.8, Diff: 7.0, Sum: 74.3]
         [Processed Buffers: Min: 38, Avg: 69.9, Max: 83, Diff: 45, Sum: 559]
      [Scan RS (ms): Min: 0.1, Avg: 0.3, Max: 0.4, Diff: 0.3, Sum: 2.8]
      [Code Root Scanning (ms): Min: 0.0, Avg: 0.0, Max: 0.0, Diff: 0.0, Sum: 0.1]
      [Object Copy (ms): Min: 9.5, Avg: 9.9, Max: 10.1, Diff: 0.6, Sum: 79.3]
      [Termination (ms): Min: 0.0, Avg: 0.0, Max: 0.0, Diff: 0.0, Sum: 0.1]
         [Termination Attempts: Min: 1, Avg: 1.0, Max: 1, Diff: 0, Sum: 8]
      [GC Worker Other (ms): Min: 0.1, Avg: 0.1, Max: 0.3, Diff: 0.2, Sum: 1.0]
      [GC Worker Total (ms): Min: 23.4, Avg: 23.6, Max: 23.6, Diff: 0.2, Sum: 188.6]
      [GC Worker End (ms): Min: 566720806.9, Avg: 566720807.0, Max: 566720807.0, Diff: 0.1]
   [Code Root Fixup: 0.0 ms]
   [Code Root Purge: 0.0 ms]
   [Clear CT: 0.6 ms]
   [Other: 9.5 ms]
      [Choose CSet: 0.0 ms]
      [Ref Proc: 1.9 ms]
      [Ref Enq: 0.2 ms]
      [Redirty Cards: 0.1 ms]
      [Humongous Register: 1.8 ms]
      [Humongous Reclaim: 0.2 ms]
      [Free CSet: 4.3 ms]
   [Eden: 3520.0M(3520.0M)->0.0B(3520.0M) Survivors: 46.0M->46.0M Heap: 5033.4M(6144.0M)->1468.4M(6144.0M)]
 [Times: user=0.19 sys=0.00, real=0.04 secs] 
2025-07-27T01:24:21.395+0800: 566815.230: [GC pause (G1 Evacuation Pause) (young), 0.0415222 secs]
   [Parallel Time: 36.2 ms, GC Workers: 8]
      [GC Worker Start (ms): Min: 566815231.4, Avg: 566815231.4, Max: 566815231.5, Diff: 0.1]
      [Ext Root Scanning (ms): Min: 2.5, Avg: 3.6, Max: 9.4, Diff: 6.9, Sum: 28.5]
      [Update RS (ms): Min: 19.2, Avg: 24.9, Max: 25.9, Diff: 6.7, Sum: 199.1]
         [Processed Buffers: Min: 141, Avg: 166.4, Max: 182, Diff: 41, Sum: 1331]
      [Scan RS (ms): Min: 0.3, Avg: 0.4, Max: 0.5, Diff: 0.2, Sum: 3.1]
      [Code Root Scanning (ms): Min: 0.0, Avg: 0.0, Max: 0.0, Diff: 0.0, Sum: 0.1]
      [Object Copy (ms): Min: 6.9, Avg: 7.1, Max: 7.1, Diff: 0.2, Sum: 56.4]
      [Termination (ms): Min: 0.0, Avg: 0.0, Max: 0.1, Diff: 0.1, Sum: 0.2]
         [Termination Attempts: Min: 4, Avg: 9.9, Max: 13, Diff: 9, Sum: 79]
      [GC Worker Other (ms): Min: 0.0, Avg: 0.1, Max: 0.1, Diff: 0.1, Sum: 0.6]
      [GC Worker Total (ms): Min: 36.0, Avg: 36.0, Max: 36.1, Diff: 0.1, Sum: 288.1]
      [GC Worker End (ms): Min: 566815267.4, Avg: 566815267.4, Max: 566815267.5, Diff: 0.1]
   [Code Root Fixup: 0.0 ms]
   [Code Root Purge: 0.0 ms]
   [Clear CT: 0.6 ms]
   [Other: 4.7 ms]
      [Choose CSet: 0.0 ms]
      [Ref Proc: 1.1 ms]
      [Ref Enq: 0.1 ms]
      [Redirty Cards: 0.2 ms]
      [Humongous Register: 0.4 ms]
      [Humongous Reclaim: 0.4 ms]
      [Free CSet: 1.7 ms]
   [Eden: 3520.0M(3520.0M)->0.0B(3514.0M) Survivors: 46.0M->38.0M Heap: 5130.0M(6144.0M)->1474.7M(6144.0M)]
 [Times: user=0.29 sys=0.00, real=0.04 secs] 
2025-07-27T01:27:19.666+0800: 566993.501: [GC pause (G1 Evacuation Pause) (young), 0.0439255 secs]
   [Parallel Time: 33.3 ms, GC Workers: 8]
      [GC Worker Start (ms): Min: 566993503.3, Avg: 566993503.4, Max: 566993503.5, Diff: 0.2]
      [Ext Root Scanning (ms): Min: 2.5, Avg: 3.6, Max: 10.0, Diff: 7.4, Sum: 29.2]
      [Update RS (ms): Min: 9.4, Avg: 15.7, Max: 17.4, Diff: 7.9, Sum: 125.4]
         [Processed Buffers: Min: 65, Avg: 108.9, Max: 127, Diff: 62, Sum: 871]
      [Scan RS (ms): Min: 0.1, Avg: 0.5, Max: 0.7, Diff: 0.5, Sum: 4.0]
      [Code Root Scanning (ms): Min: 0.0, Avg: 0.0, Max: 0.0, Diff: 0.0, Sum: 0.1]
      [Object Copy (ms): Min: 12.8, Avg: 13.0, Max: 13.2, Diff: 0.4, Sum: 104.4]
      [Termination (ms): Min: 0.0, Avg: 0.0, Max: 0.1, Diff: 0.1, Sum: 0.4]
         [Termination Attempts: Min: 8, Avg: 16.4, Max: 21, Diff: 13, Sum: 131]
      [GC Worker Other (ms): Min: 0.1, Avg: 0.1, Max: 0.3, Diff: 0.2, Sum: 1.2]
      [GC Worker Total (ms): Min: 33.0, Avg: 33.1, Max: 33.2, Diff: 0.2, Sum: 264.6]
      [GC Worker End (ms): Min: 566993536.4, Avg: 566993536.5, Max: 566993536.5, Diff: 0.1]
   [Code Root Fixup: 0.0 ms]
   [Code Root Purge: 0.0 ms]
   [Clear CT: 0.6 ms]
   [Other: 10.0 ms]
      [Choose CSet: 0.0 ms]
      [Ref Proc: 3.1 ms]
      [Ref Enq: 0.1 ms]
      [Redirty Cards: 0.1 ms]
      [Humongous Register: 1.4 ms]
      [Humongous Reclaim: 0.4 ms]
      [Free CSet: 4.1 ms]
   [Eden: 3514.0M(3514.0M)->0.0B(3512.0M) Survivors: 38.0M->50.0M Heap: 5180.2M(6144.0M)->1471.4M(6144.0M)]
 [Times: user=0.25 sys=0.02, real=0.05 secs] 
2025-07-27T01:30:02.784+0800: 567156.619: [GC pause (G1 Evacuation Pause) (young), 0.0966487 secs]
   [Parallel Time: 84.9 ms, GC Workers: 8]
      [GC Worker Start (ms): Min: 567156621.5, Avg: 567156621.5, Max: 567156621.6, Diff: 0.1]
      [Ext Root Scanning (ms): Min: 2.8, Avg: 3.2, Max: 4.8, Diff: 2.0, Sum: 25.9]
      [Update RS (ms): Min: 22.5, Avg: 23.9, Max: 24.3, Diff: 1.8, Sum: 191.3]
         [Processed Buffers: Min: 100, Avg: 126.6, Max: 145, Diff: 45, Sum: 1013]
      [Scan RS (ms): Min: 0.2, Avg: 0.5, Max: 0.7, Diff: 0.5, Sum: 4.3]
      [Code Root Scanning (ms): Min: 0.0, Avg: 0.0, Max: 0.0, Diff: 0.0, Sum: 0.1]
      [Object Copy (ms): Min: 56.7, Avg: 56.9, Max: 57.0, Diff: 0.3, Sum: 454.9]
      [Termination (ms): Min: 0.0, Avg: 0.0, Max: 0.0, Diff: 0.0, Sum: 0.2]
         [Termination Attempts: Min: 1, Avg: 21.0, Max: 30, Diff: 29, Sum: 168]
      [GC Worker Other (ms): Min: 0.0, Avg: 0.1, Max: 0.2, Diff: 0.1, Sum: 1.1]
      [GC Worker Total (ms): Min: 84.6, Avg: 84.7, Max: 84.8, Diff: 0.2, Sum: 677.8]
      [GC Worker End (ms): Min: 567156706.2, Avg: 567156706.2, Max: 567156706.3, Diff: 0.1]
   [Code Root Fixup: 0.1 ms]
   [Code Root Purge: 0.0 ms]
   [Clear CT: 0.7 ms]
   [Other: 11.0 ms]
      [Choose CSet: 0.0 ms]
      [Ref Proc: 3.6 ms]
      [Ref Enq: 0.1 ms]
      [Redirty Cards: 0.1 ms]
      [Humongous Register: 1.5 ms]
      [Humongous Reclaim: 0.5 ms]
      [Free CSet: 4.3 ms]
   [Eden: 3512.0M(3512.0M)->0.0B(3242.0M) Survivors: 50.0M->182.0M Heap: 5174.6M(6144.0M)->1607.5M(6144.0M)]
 [Times: user=0.60 sys=0.09, real=0.10 secs] 
2025-07-27T01:30:18.185+0800: 567172.020: [GC pause (G1 Evacuation Pause) (young), 0.2265235 secs]
   [Parallel Time: 216.4 ms, GC Workers: 8]
      [GC Worker Start (ms): Min: 567172023.6, Avg: 567172023.6, Max: 567172023.7, Diff: 0.1]
      [Ext Root Scanning (ms): Min: 3.2, Avg: 4.4, Max: 11.6, Diff: 8.4, Sum: 35.4]
      [Update RS (ms): Min: 23.1, Avg: 30.0, Max: 31.3, Diff: 8.2, Sum: 239.8]
         [Processed Buffers: Min: 17, Avg: 34.5, Max: 91, Diff: 74, Sum: 276]
      [Scan RS (ms): Min: 0.2, Avg: 0.4, Max: 0.5, Diff: 0.3, Sum: 3.0]
      [Code Root Scanning (ms): Min: 0.0, Avg: 0.0, Max: 0.0, Diff: 0.0, Sum: 0.1]
      [Object Copy (ms): Min: 181.1, Avg: 181.3, Max: 181.4, Diff: 0.3, Sum: 1450.6]
      [Termination (ms): Min: 0.0, Avg: 0.0, Max: 0.0, Diff: 0.0, Sum: 0.1]
         [Termination Attempts: Min: 1, Avg: 11.2, Max: 21, Diff: 20, Sum: 90]
      [GC Worker Other (ms): Min: 0.0, Avg: 0.2, Max: 0.2, Diff: 0.2, Sum: 1.2]
      [GC Worker Total (ms): Min: 216.2, Avg: 216.3, Max: 216.3, Diff: 0.1, Sum: 1730.2]
      [GC Worker End (ms): Min: 567172239.9, Avg: 567172239.9, Max: 567172240.0, Diff: 0.1]
   [Code Root Fixup: 0.1 ms]
   [Code Root Purge: 0.0 ms]
   [Clear CT: 0.6 ms]
   [Other: 9.4 ms]
      [Choose CSet: 0.0 ms]
      [Ref Proc: 1.0 ms]
      [Ref Enq: 0.1 ms]
      [Redirty Cards: 0.2 ms]
      [Humongous Register: 2.7 ms]
      [Humongous Reclaim: 0.1 ms]
      [Free CSet: 4.1 ms]
   [Eden: 3242.0M(3242.0M)->0.0B(2664.0M) Survivors: 182.0M->428.0M Heap: 4859.1M(6144.0M)->1935.4M(6144.0M)]
 [Times: user=1.66 sys=0.09, real=0.23 secs] 
2025-07-27T01:30:55.362+0800: 567209.198: [GC pause (G1 Evacuation Pause) (young), 0.2011252 secs]
   [Parallel Time: 194.3 ms, GC Workers: 8]
      [GC Worker Start (ms): Min: 567209199.0, Avg: 567209199.0, Max: 567209199.0, Diff: 0.1]
      [Ext Root Scanning (ms): Min: 2.2, Avg: 2.6, Max: 3.3, Diff: 1.1, Sum: 20.4]
      [Update RS (ms): Min: 40.9, Avg: 41.5, Max: 41.9, Diff: 1.0, Sum: 332.2]
         [Processed Buffers: Min: 116, Avg: 128.0, Max: 146, Diff: 30, Sum: 1024]
      [Scan RS (ms): Min: 0.2, Avg: 0.3, Max: 0.4, Diff: 0.2, Sum: 2.7]
      [Code Root Scanning (ms): Min: 0.0, Avg: 0.0, Max: 0.0, Diff: 0.0, Sum: 0.1]
      [Object Copy (ms): Min: 149.5, Avg: 149.7, Max: 149.8, Diff: 0.3, Sum: 1197.4]
      [Termination (ms): Min: 0.0, Avg: 0.0, Max: 0.0, Diff: 0.0, Sum: 0.0]
         [Termination Attempts: Min: 1, Avg: 1.1, Max: 2, Diff: 1, Sum: 9]
      [GC Worker Other (ms): Min: 0.0, Avg: 0.1, Max: 0.1, Diff: 0.1, Sum: 0.6]
      [GC Worker Total (ms): Min: 194.1, Avg: 194.2, Max: 194.2, Diff: 0.1, Sum: 1553.3]
      [GC Worker End (ms): Min: 567209393.1, Avg: 567209393.2, Max: 567209393.2, Diff: 0.1]
   [Code Root Fixup: 0.1 ms]
   [Code Root Purge: 0.0 ms]
   [Clear CT: 0.5 ms]
   [Other: 6.3 ms]
      [Choose CSet: 0.1 ms]
      [Ref Proc: 1.4 ms]
      [Ref Enq: 0.1 ms]
      [Redirty Cards: 1.0 ms]
      [Humongous Register: 0.6 ms]
      [Humongous Reclaim: 0.2 ms]
      [Free CSet: 2.2 ms]
   [Eden: 2664.0M(2664.0M)->0.0B(2886.0M) Survivors: 428.0M->32.0M Heap: 4645.5M(6144.0M)->1971.1M(6144.0M)]
 [Times: user=1.54 sys=0.02, real=0.20 secs] 
2025-07-27T01:31:24.464+0800: 567238.300: [GC pause (G1 Evacuation Pause) (young), 0.0381450 secs]
   [Parallel Time: 32.1 ms, GC Workers: 8]
      [GC Worker Start (ms): Min: 567238300.4, Avg: 567238300.5, Max: 567238300.5, Diff: 0.1]
      [Ext Root Scanning (ms): Min: 2.2, Avg: 2.4, Max: 3.1, Diff: 0.9, Sum: 19.6]
      [Update RS (ms): Min: 19.1, Avg: 19.6, Max: 20.2, Diff: 1.1, Sum: 156.6]
         [Processed Buffers: Min: 103, Avg: 116.6, Max: 139, Diff: 36, Sum: 933]
      [Scan RS (ms): Min: 0.7, Avg: 1.1, Max: 1.3, Diff: 0.6, Sum: 8.8]
      [Code Root Scanning (ms): Min: 0.0, Avg: 0.0, Max: 0.0, Diff: 0.0, Sum: 0.1]
      [Object Copy (ms): Min: 8.4, Avg: 8.6, Max: 8.6, Diff: 0.2, Sum: 68.5]
      [Termination (ms): Min: 0.0, Avg: 0.1, Max: 0.1, Diff: 0.1, Sum: 0.7]
         [Termination Attempts: Min: 1, Avg: 1.0, Max: 1, Diff: 0, Sum: 8]
      [GC Worker Other (ms): Min: 0.0, Avg: 0.1, Max: 0.1, Diff: 0.1, Sum: 0.6]
      [GC Worker Total (ms): Min: 31.8, Avg: 31.9, Max: 31.9, Diff: 0.1, Sum: 254.9]
      [GC Worker End (ms): Min: 567238332.3, Avg: 567238332.3, Max: 567238332.4, Diff: 0.1]
   [Code Root Fixup: 0.0 ms]
   [Code Root Purge: 0.0 ms]
   [Clear CT: 0.8 ms]
   [Other: 5.2 ms]
      [Choose CSet: 0.0 ms]
      [Ref Proc: 1.3 ms]
      [Ref Enq: 0.1 ms]
      [Redirty Cards: 0.2 ms]
      [Humongous Register: 0.4 ms]
      [Humongous Reclaim: 0.3 ms]
      [Free CSet: 2.0 ms]
   [Eden: 2886.0M(2886.0M)->0.0B(2908.0M) Survivors: 32.0M->40.0M Heap: 4952.9M(6144.0M)->1978.1M(6144.0M)]
 [Times: user=0.23 sys=0.03, real=0.04 secs] 
2025-07-27T01:32:18.957+0800: 567292.792: [GC pause (G1 Evacuation Pause) (young), 0.0285594 secs]
   [Parallel Time: 17.4 ms, GC Workers: 8]
      [GC Worker Start (ms): Min: 567292796.1, Avg: 567292796.3, Max: 567292796.5, Diff: 0.4]
      [Ext Root Scanning (ms): Min: 3.1, Avg: 6.2, Max: 12.6, Diff: 9.5, Sum: 49.4]
      [Update RS (ms): Min: 0.0, Avg: 3.4, Max: 4.1, Diff: 4.1, Sum: 27.1]
         [Processed Buffers: Min: 0, Avg: 22.4, Max: 53, Diff: 53, Sum: 179]
      [Scan RS (ms): Min: 0.1, Avg: 0.5, Max: 0.7, Diff: 0.6, Sum: 3.8]
      [Code Root Scanning (ms): Min: 0.0, Avg: 0.0, Max: 0.0, Diff: 0.0, Sum: 0.1]
      [Object Copy (ms): Min: 4.1, Avg: 6.3, Max: 6.9, Diff: 2.8, Sum: 50.4]
      [Termination (ms): Min: 0.0, Avg: 0.2, Max: 0.3, Diff: 0.3, Sum: 1.5]
         [Termination Attempts: Min: 1, Avg: 1.2, Max: 2, Diff: 1, Sum: 10]
      [GC Worker Other (ms): Min: 0.0, Avg: 0.5, Max: 2.6, Diff: 2.6, Sum: 3.7]
      [GC Worker Total (ms): Min: 16.8, Avg: 17.0, Max: 17.2, Diff: 0.4, Sum: 136.0]
      [GC Worker End (ms): Min: 567292813.2, Avg: 567292813.3, Max: 567292813.3, Diff: 0.1]
   [Code Root Fixup: 0.0 ms]
   [Code Root Purge: 0.0 ms]
   [Clear CT: 0.5 ms]
   [Other: 10.6 ms]
      [Choose CSet: 0.0 ms]
      [Ref Proc: 2.2 ms]
      [Ref Enq: 0.2 ms]
      [Redirty Cards: 0.2 ms]
      [Humongous Register: 3.2 ms]
      [Humongous Reclaim: 0.1 ms]
      [Free CSet: 3.8 ms]
   [Eden: 2908.0M(2908.0M)->0.0B(2940.0M) Survivors: 40.0M->32.0M Heap: 4886.1M(6144.0M)->1970.3M(6144.0M)]
 [Times: user=0.04 sys=0.10, real=0.03 secs] 
2025-07-27T01:50:47.897+0800: 568401.732: [GC pause (G1 Evacuation Pause) (young), 0.0414134 secs]
   [Parallel Time: 27.0 ms, GC Workers: 8]
      [GC Worker Start (ms): Min: 568401736.5, Avg: 568401736.7, Max: 568401736.9, Diff: 0.3]
      [Ext Root Scanning (ms): Min: 3.3, Avg: 6.0, Max: 21.4, Diff: 18.1, Sum: 47.7]
      [Update RS (ms): Min: 0.0, Avg: 7.1, Max: 8.4, Diff: 8.4, Sum: 56.7]
         [Processed Buffers: Min: 0, Avg: 31.5, Max: 49, Diff: 49, Sum: 252]
      [Scan RS (ms): Min: 0.1, Avg: 0.3, Max: 0.5, Diff: 0.4, Sum: 2.7]
      [Code Root Scanning (ms): Min: 0.0, Avg: 0.0, Max: 0.0, Diff: 0.0, Sum: 0.1]
      [Object Copy (ms): Min: 4.7, Avg: 13.0, Max: 14.3, Diff: 9.6, Sum: 104.1]
      [Termination (ms): Min: 0.0, Avg: 0.0, Max: 0.0, Diff: 0.0, Sum: 0.0]
         [Termination Attempts: Min: 1, Avg: 1.0, Max: 1, Diff: 0, Sum: 8]
      [GC Worker Other (ms): Min: 0.2, Avg: 0.2, Max: 0.2, Diff: 0.1, Sum: 1.6]
      [GC Worker Total (ms): Min: 26.4, Avg: 26.6, Max: 26.8, Diff: 0.5, Sum: 212.9]
      [GC Worker End (ms): Min: 568401763.3, Avg: 568401763.3, Max: 568401763.4, Diff: 0.2]
   [Code Root Fixup: 0.0 ms]
   [Code Root Purge: 0.0 ms]
   [Clear CT: 0.9 ms]
   [Other: 13.5 ms]
      [Choose CSet: 0.0 ms]
      [Ref Proc: 4.7 ms]
      [Ref Enq: 0.2 ms]
      [Redirty Cards: 0.1 ms]
      [Humongous Register: 3.4 ms]
      [Humongous Reclaim: 0.1 ms]
      [Free CSet: 3.8 ms]
   [Eden: 2940.0M(2940.0M)->0.0B(2958.0M) Survivors: 32.0M->32.0M Heap: 4910.3M(6144.0M)->1970.1M(6144.0M)]
 [Times: user=0.16 sys=0.07, real=0.05 secs] 
2025-07-27T01:53:06.179+0800: 568540.014: [GC pause (G1 Evacuation Pause) (young), 0.0532789 secs]
   [Parallel Time: 44.7 ms, GC Workers: 8]
      [GC Worker Start (ms): Min: 568540016.1, Avg: 568540016.2, Max: 568540016.4, Diff: 0.2]
      [Ext Root Scanning (ms): Min: 3.9, Avg: 5.2, Max: 13.0, Diff: 9.0, Sum: 41.9]
      [Update RS (ms): Min: 13.2, Avg: 20.7, Max: 22.4, Diff: 9.2, Sum: 165.5]
         [Processed Buffers: Min: 90, Avg: 120.9, Max: 143, Diff: 53, Sum: 967]
      [Scan RS (ms): Min: 1.7, Avg: 2.9, Max: 3.3, Diff: 1.6, Sum: 23.5]
      [Code Root Scanning (ms): Min: 0.0, Avg: 0.0, Max: 0.0, Diff: 0.0, Sum: 0.1]
      [Object Copy (ms): Min: 15.4, Avg: 15.5, Max: 15.7, Diff: 0.4, Sum: 124.1]
      [Termination (ms): Min: 0.0, Avg: 0.0, Max: 0.0, Diff: 0.0, Sum: 0.2]
         [Termination Attempts: Min: 3, Avg: 8.0, Max: 12, Diff: 9, Sum: 64]
      [GC Worker Other (ms): Min: 0.1, Avg: 0.1, Max: 0.2, Diff: 0.1, Sum: 1.0]
      [GC Worker Total (ms): Min: 44.4, Avg: 44.5, Max: 44.6, Diff: 0.2, Sum: 356.3]
      [GC Worker End (ms): Min: 568540060.7, Avg: 568540060.8, Max: 568540060.8, Diff: 0.1]
   [Code Root Fixup: 0.0 ms]
   [Code Root Purge: 0.0 ms]
   [Clear CT: 0.6 ms]
   [Other: 7.8 ms]
      [Choose CSet: 0.0 ms]
      [Ref Proc: 1.2 ms]
      [Ref Enq: 0.1 ms]
      [Redirty Cards: 0.1 ms]
      [Humongous Register: 1.3 ms]
      [Humongous Reclaim: 0.4 ms]
      [Free CSet: 3.7 ms]
   [Eden: 2958.0M(2958.0M)->0.0B(2938.0M) Survivors: 32.0M->46.0M Heap: 5119.7M(6144.0M)->1999.7M(6144.0M)]
 [Times: user=0.28 sys=0.08, real=0.05 secs] 
2025-07-27T01:55:20.231+0800: 568674.066: [GC pause (G1 Evacuation Pause) (young), 0.0491908 secs]
   [Parallel Time: 40.6 ms, GC Workers: 8]
      [GC Worker Start (ms): Min: 568674068.0, Avg: 568674068.2, Max: 568674068.3, Diff: 0.3]
      [Ext Root Scanning (ms): Min: 3.8, Avg: 5.1, Max: 10.9, Diff: 7.0, Sum: 41.1]
      [Update RS (ms): Min: 20.2, Avg: 25.4, Max: 27.2, Diff: 7.0, Sum: 202.8]
         [Processed Buffers: Min: 93, Avg: 112.0, Max: 121, Diff: 28, Sum: 896]
      [Scan RS (ms): Min: 1.8, Avg: 2.6, Max: 2.9, Diff: 1.0, Sum: 21.0]
      [Code Root Scanning (ms): Min: 0.0, Avg: 0.0, Max: 0.0, Diff: 0.0, Sum: 0.1]
      [Object Copy (ms): Min: 6.9, Avg: 7.1, Max: 7.2, Diff: 0.3, Sum: 56.9]
      [Termination (ms): Min: 0.0, Avg: 0.0, Max: 0.0, Diff: 0.0, Sum: 0.0]
         [Termination Attempts: Min: 1, Avg: 1.1, Max: 2, Diff: 1, Sum: 9]
      [GC Worker Other (ms): Min: 0.0, Avg: 0.2, Max: 0.3, Diff: 0.3, Sum: 1.3]
      [GC Worker Total (ms): Min: 40.2, Avg: 40.4, Max: 40.5, Diff: 0.3, Sum: 323.1]
      [GC Worker End (ms): Min: 568674108.5, Avg: 568674108.5, Max: 568674108.6, Diff: 0.1]
   [Code Root Fixup: 0.0 ms]
   [Code Root Purge: 0.0 ms]
   [Clear CT: 0.7 ms]
   [Other: 7.9 ms]
      [Choose CSet: 0.0 ms]
      [Ref Proc: 1.0 ms]
      [Ref Enq: 0.1 ms]
      [Redirty Cards: 0.2 ms]
      [Humongous Register: 1.2 ms]
      [Humongous Reclaim: 0.5 ms]
      [Free CSet: 3.8 ms]
   [Eden: 2938.0M(2938.0M)->0.0B(2982.0M) Survivors: 46.0M->34.0M Heap: 5104.1M(6144.0M)->1974.9M(6144.0M)]
 [Times: user=0.30 sys=0.03, real=0.05 secs] 
2025-07-27T01:58:20.280+0800: 568854.115: [GC pause (G1 Evacuation Pause) (young), 0.0408600 secs]
   [Parallel Time: 32.4 ms, GC Workers: 8]
      [GC Worker Start (ms): Min: 568854117.1, Avg: 568854117.3, Max: 568854117.5, Diff: 0.4]
      [Ext Root Scanning (ms): Min: 3.3, Avg: 5.1, Max: 11.5, Diff: 8.2, Sum: 40.4]
      [Update RS (ms): Min: 9.2, Avg: 15.3, Max: 17.7, Diff: 8.5, Sum: 122.6]
         [Processed Buffers: Min: 60, Avg: 90.9, Max: 106, Diff: 46, Sum: 727]
      [Scan RS (ms): Min: 1.6, Avg: 2.4, Max: 2.8, Diff: 1.2, Sum: 19.6]
      [Code Root Scanning (ms): Min: 0.0, Avg: 0.0, Max: 0.0, Diff: 0.0, Sum: 0.1]
      [Object Copy (ms): Min: 8.8, Avg: 9.1, Max: 9.2, Diff: 0.5, Sum: 72.4]
      [Termination (ms): Min: 0.0, Avg: 0.0, Max: 0.0, Diff: 0.0, Sum: 0.0]
         [Termination Attempts: Min: 1, Avg: 1.0, Max: 1, Diff: 0, Sum: 8]
      [GC Worker Other (ms): Min: 0.1, Avg: 0.2, Max: 0.5, Diff: 0.4, Sum: 1.6]
      [GC Worker Total (ms): Min: 31.9, Avg: 32.1, Max: 32.3, Diff: 0.4, Sum: 256.8]
      [GC Worker End (ms): Min: 568854149.4, Avg: 568854149.4, Max: 568854149.5, Diff: 0.1]
   [Code Root Fixup: 0.0 ms]
   [Code Root Purge: 0.0 ms]
   [Clear CT: 0.7 ms]
   [Other: 7.6 ms]
      [Choose CSet: 0.0 ms]
      [Ref Proc: 1.2 ms]
      [Ref Enq: 0.1 ms]
      [Redirty Cards: 0.2 ms]
      [Humongous Register: 1.3 ms]
      [Humongous Reclaim: 0.5 ms]
      [Free CSet: 3.7 ms]
   [Eden: 2982.0M(2982.0M)->0.0B(2982.0M) Survivors: 34.0M->38.0M Heap: 5132.0M(6144.0M)->1982.9M(6144.0M)]
 [Times: user=0.23 sys=0.04, real=0.04 secs] 
2025-07-27T02:00:04.866+0800: 568958.702: [GC pause (G1 Evacuation Pause) (young), 0.1632913 secs]
   [Parallel Time: 153.8 ms, GC Workers: 8]
      [GC Worker Start (ms): Min: 568958703.8, Avg: 568958704.0, Max: 568958704.1, Diff: 0.3]
      [Ext Root Scanning (ms): Min: 3.4, Avg: 4.9, Max: 13.0, Diff: 9.6, Sum: 38.9]
      [Update RS (ms): Min: 22.2, Avg: 29.7, Max: 31.2, Diff: 9.0, Sum: 237.2]
         [Processed Buffers: Min: 68, Avg: 126.4, Max: 163, Diff: 95, Sum: 1011]
      [Scan RS (ms): Min: 2.0, Avg: 2.3, Max: 2.4, Diff: 0.5, Sum: 18.2]
      [Code Root Scanning (ms): Min: 0.0, Avg: 0.0, Max: 0.0, Diff: 0.0, Sum: 0.1]
      [Object Copy (ms): Min: 116.2, Avg: 116.5, Max: 116.6, Diff: 0.4, Sum: 931.6]
      [Termination (ms): Min: 0.0, Avg: 0.1, Max: 0.1, Diff: 0.0, Sum: 0.4]
         [Termination Attempts: Min: 17, Avg: 25.6, Max: 30, Diff: 13, Sum: 205]
      [GC Worker Other (ms): Min: 0.0, Avg: 0.1, Max: 0.2, Diff: 0.1, Sum: 1.0]
      [GC Worker Total (ms): Min: 153.3, Avg: 153.4, Max: 153.6, Diff: 0.4, Sum: 1227.4]
      [GC Worker End (ms): Min: 568958857.4, Avg: 568958857.4, Max: 568958857.5, Diff: 0.1]
   [Code Root Fixup: 0.1 ms]
   [Code Root Purge: 0.0 ms]
   [Clear CT: 0.7 ms]
   [Other: 8.7 ms]
      [Choose CSet: 0.0 ms]
      [Ref Proc: 1.7 ms]
      [Ref Enq: 0.1 ms]
      [Redirty Cards: 0.2 ms]
      [Humongous Register: 1.4 ms]
      [Humongous Reclaim: 0.5 ms]
      [Free CSet: 3.7 ms]
   [Eden: 2982.0M(2982.0M)->0.0B(2514.0M) Survivors: 38.0M->282.0M Heap: 5101.5M(6144.0M)->2226.7M(6144.0M)]
 [Times: user=1.07 sys=0.17, real=0.17 secs] 
2025-07-27T02:00:12.973+0800: 568966.808: [GC pause (G1 Evacuation Pause) (young), 0.2748518 secs]
   [Parallel Time: 269.6 ms, GC Workers: 8]
      [GC Worker Start (ms): Min: 568966809.2, Avg: 568966809.2, Max: 568966809.3, Diff: 0.1]
      [Ext Root Scanning (ms): Min: 2.7, Avg: 3.8, Max: 10.2, Diff: 7.5, Sum: 30.8]
      [Update RS (ms): Min: 26.0, Avg: 32.4, Max: 34.1, Diff: 8.0, Sum: 259.6]
         [Processed Buffers: Min: 12, Avg: 36.2, Max: 75, Diff: 63, Sum: 290]
      [Scan RS (ms): Min: 0.1, Avg: 0.3, Max: 0.4, Diff: 0.3, Sum: 2.4]
      [Code Root Scanning (ms): Min: 0.0, Avg: 0.0, Max: 0.0, Diff: 0.0, Sum: 0.1]
      [Object Copy (ms): Min: 230.9, Avg: 232.5, Max: 232.9, Diff: 2.0, Sum: 1860.2]
      [Termination (ms): Min: 0.0, Avg: 0.2, Max: 0.3, Diff: 0.2, Sum: 1.6]
         [Termination Attempts: Min: 1, Avg: 201.4, Max: 246, Diff: 245, Sum: 1611]
      [GC Worker Other (ms): Min: 0.0, Avg: 0.1, Max: 0.1, Diff: 0.1, Sum: 0.5]
      [GC Worker Total (ms): Min: 269.3, Avg: 269.4, Max: 269.5, Diff: 0.1, Sum: 2155.1]
      [GC Worker End (ms): Min: 568967078.6, Avg: 568967078.6, Max: 568967078.7, Diff: 0.1]
   [Code Root Fixup: 0.1 ms]
   [Code Root Purge: 0.0 ms]
   [Clear CT: 0.5 ms]
   [Other: 4.7 ms]
      [Choose CSet: 0.0 ms]
      [Ref Proc: 0.8 ms]
      [Ref Enq: 0.1 ms]
      [Redirty Cards: 0.8 ms]
      [Humongous Register: 0.3 ms]
      [Humongous Reclaim: 0.1 ms]
      [Free CSet: 1.7 ms]
   [Eden: 2514.0M(2514.0M)->0.0B(638.0M) Survivors: 282.0M->270.0M Heap: 4747.2M(6144.0M)->2475.0M(6144.0M)]
 [Times: user=2.00 sys=0.16, real=0.28 secs] 
2025-07-27T02:00:20.739+0800: 568974.574: [GC pause (G1 Evacuation Pause) (young), 0.1471547 secs]
   [Parallel Time: 139.7 ms, GC Workers: 8]
      [GC Worker Start (ms): Min: 568974578.1, Avg: 568974578.2, Max: 568974578.3, Diff: 0.2]
      [Ext Root Scanning (ms): Min: 3.2, Avg: 3.9, Max: 5.3, Diff: 2.1, Sum: 30.8]
      [Update RS (ms): Min: 20.3, Avg: 21.9, Max: 22.7, Diff: 2.3, Sum: 175.4]
         [Processed Buffers: Min: 63, Avg: 78.1, Max: 89, Diff: 26, Sum: 625]
      [Scan RS (ms): Min: 2.9, Avg: 3.5, Max: 3.8, Diff: 0.9, Sum: 27.9]
      [Code Root Scanning (ms): Min: 0.0, Avg: 0.0, Max: 0.0, Diff: 0.0, Sum: 0.0]
      [Object Copy (ms): Min: 109.6, Avg: 109.9, Max: 110.1, Diff: 0.4, Sum: 879.3]
      [Termination (ms): Min: 0.0, Avg: 0.2, Max: 0.3, Diff: 0.3, Sum: 1.9]
         [Termination Attempts: Min: 1, Avg: 243.6, Max: 292, Diff: 291, Sum: 1949]
      [GC Worker Other (ms): Min: 0.1, Avg: 0.1, Max: 0.3, Diff: 0.2, Sum: 1.1]
      [GC Worker Total (ms): Min: 139.5, Avg: 139.6, Max: 139.7, Diff: 0.2, Sum: 1116.4]
      [GC Worker End (ms): Min: 568974717.8, Avg: 568974717.8, Max: 568974717.8, Diff: 0.1]
   [Code Root Fixup: 0.1 ms]
   [Code Root Purge: 0.0 ms]
   [Clear CT: 0.3 ms]
   [Other: 7.1 ms]
      [Choose CSet: 0.0 ms]
      [Ref Proc: 0.5 ms]
      [Ref Enq: 0.0 ms]
      [Redirty Cards: 0.6 ms]
      [Humongous Register: 2.6 ms]
      [Humongous Reclaim: 0.2 ms]
      [Free CSet: 1.5 ms]
   [Eden: 568.0M(568.0M)->0.0B(2352.0M) Survivors: 270.0M->32.0M Heap: 3048.0M(6144.0M)->2490.6M(6144.0M)]
 [Times: user=1.12 sys=0.00, real=0.14 secs] 
2025-07-27T02:00:20.915+0800: 568974.751: [GC pause (G1 Humongous Allocation) (young) (initial-mark), 0.0520208 secs]
   [Parallel Time: 49.6 ms, GC Workers: 8]
      [GC Worker Start (ms): Min: 568974752.0, Avg: 568974752.0, Max: 568974752.1, Diff: 0.1]
      [Ext Root Scanning (ms): Min: 3.4, Avg: 3.7, Max: 4.1, Diff: 0.7, Sum: 29.3]
      [Update RS (ms): Min: 41.6, Avg: 41.7, Max: 42.2, Diff: 0.6, Sum: 333.9]
         [Processed Buffers: Min: 143, Avg: 164.6, Max: 179, Diff: 36, Sum: 1317]
      [Scan RS (ms): Min: 0.0, Avg: 0.0, Max: 0.0, Diff: 0.0, Sum: 0.1]
      [Code Root Scanning (ms): Min: 0.0, Avg: 0.0, Max: 0.0, Diff: 0.0, Sum: 0.0]
      [Object Copy (ms): Min: 2.8, Avg: 3.6, Max: 3.9, Diff: 1.1, Sum: 28.7]
      [Termination (ms): Min: 0.0, Avg: 0.0, Max: 0.0, Diff: 0.0, Sum: 0.0]
         [Termination Attempts: Min: 1, Avg: 1.0, Max: 1, Diff: 0, Sum: 8]
      [GC Worker Other (ms): Min: 0.0, Avg: 0.0, Max: 0.0, Diff: 0.0, Sum: 0.1]
      [GC Worker Total (ms): Min: 48.9, Avg: 49.0, Max: 49.1, Diff: 0.1, Sum: 392.1]
      [GC Worker End (ms): Min: 568974801.0, Avg: 568974801.1, Max: 568974801.1, Diff: 0.0]
   [Code Root Fixup: 0.1 ms]
   [Code Root Purge: 0.0 ms]
   [Clear CT: 0.1 ms]
   [Other: 2.2 ms]
      [Choose CSet: 0.0 ms]
      [Ref Proc: 0.3 ms]
      [Ref Enq: 0.0 ms]
      [Redirty Cards: 0.1 ms]
      [Humongous Register: 0.3 ms]
      [Humongous Reclaim: 0.2 ms]
      [Free CSet: 0.2 ms]
   [Eden: 50.0M(2352.0M)->0.0B(2314.0M) Survivors: 32.0M->32.0M Heap: 2539.6M(6144.0M)->2491.6M(6144.0M)]
 [Times: user=0.38 sys=0.00, real=0.06 secs] 
2025-07-27T02:00:20.967+0800: 568974.803: [GC concurrent-root-region-scan-start]
2025-07-27T02:00:20.974+0800: 568974.810: [GC concurrent-root-region-scan-end, 0.0068698 secs]
2025-07-27T02:00:20.974+0800: 568974.810: [GC concurrent-mark-start]
2025-07-27T02:00:21.710+0800: 568975.546: [GC concurrent-mark-end, 0.7358384 secs]
2025-07-27T02:00:21.714+0800: 568975.549: [GC remark 2025-07-27T02:00:21.714+0800: 568975.549: [Finalize Marking, 0.0011852 secs] 2025-07-27T02:00:21.715+0800: 568975.551: [GC ref-proc, 0.0065867 secs] 2025-07-27T02:00:21.722+0800: 568975.557: [Unloading, 0.0524749 secs], 0.0630275 secs]
 [Times: user=0.31 sys=0.05, real=0.06 secs] 
2025-07-27T02:00:21.781+0800: 568975.616: [GC cleanup 2861M->2362M(6144M), 0.0036648 secs]
 [Times: user=0.01 sys=0.02, real=0.00 secs] 
2025-07-27T02:00:21.785+0800: 568975.620: [GC concurrent-cleanup-start]
2025-07-27T02:00:21.785+0800: 568975.621: [GC concurrent-cleanup-end, 0.0008342 secs]
2025-07-27T02:00:52.294+0800: 569006.130: [GC pause (G1 Evacuation Pause) (young), 0.0257583 secs]
   [Parallel Time: 19.8 ms, GC Workers: 8]
      [GC Worker Start (ms): Min: 569006130.6, Avg: 569006130.7, Max: 569006130.8, Diff: 0.2]
      [Ext Root Scanning (ms): Min: 2.2, Avg: 2.5, Max: 3.2, Diff: 1.0, Sum: 19.7]
      [Update RS (ms): Min: 8.2, Avg: 8.7, Max: 9.0, Diff: 0.9, Sum: 69.6]
         [Processed Buffers: Min: 58, Avg: 66.4, Max: 81, Diff: 23, Sum: 531]
      [Scan RS (ms): Min: 0.1, Avg: 0.2, Max: 0.3, Diff: 0.2, Sum: 1.7]
      [Code Root Scanning (ms): Min: 0.0, Avg: 0.0, Max: 0.0, Diff: 0.0, Sum: 0.0]
      [Object Copy (ms): Min: 8.1, Avg: 8.2, Max: 8.4, Diff: 0.3, Sum: 65.8]
      [Termination (ms): Min: 0.0, Avg: 0.0, Max: 0.0, Diff: 0.0, Sum: 0.0]
         [Termination Attempts: Min: 1, Avg: 1.2, Max: 2, Diff: 1, Sum: 10]
      [GC Worker Other (ms): Min: 0.0, Avg: 0.1, Max: 0.1, Diff: 0.1, Sum: 0.5]
      [GC Worker Total (ms): Min: 19.5, Avg: 19.7, Max: 19.7, Diff: 0.2, Sum: 157.4]
      [GC Worker End (ms): Min: 569006150.3, Avg: 569006150.4, Max: 569006150.4, Diff: 0.1]
   [Code Root Fixup: 0.1 ms]
   [Code Root Purge: 0.0 ms]
   [Clear CT: 0.5 ms]
   [Other: 5.4 ms]
      [Choose CSet: 0.0 ms]
      [Ref Proc: 1.2 ms]
      [Ref Enq: 0.1 ms]
      [Redirty Cards: 0.2 ms]
      [Humongous Register: 0.4 ms]
      [Humongous Reclaim: 0.2 ms]
      [Free CSet: 2.4 ms]
   [Eden: 2314.0M(2314.0M)->0.0B(268.0M) Survivors: 32.0M->38.0M Heap: 4347.5M(6144.0M)->1995.1M(6144.0M)]
 [Times: user=0.09 sys=0.08, real=0.03 secs] 
2025-07-27T02:00:56.250+0800: 569010.085: [GC pause (G1 Evacuation Pause) (mixed), 0.0317618 secs]
   [Parallel Time: 26.7 ms, GC Workers: 8]
      [GC Worker Start (ms): Min: 569010086.2, Avg: 569010086.3, Max: 569010086.4, Diff: 0.2]
      [Ext Root Scanning (ms): Min: 2.5, Avg: 2.8, Max: 3.7, Diff: 1.2, Sum: 22.1]
      [Update RS (ms): Min: 0.0, Avg: 0.9, Max: 1.1, Diff: 1.1, Sum: 6.9]
         [Processed Buffers: Min: 0, Avg: 18.0, Max: 42, Diff: 42, Sum: 144]
      [Scan RS (ms): Min: 6.3, Avg: 6.5, Max: 6.6, Diff: 0.2, Sum: 52.0]
      [Code Root Scanning (ms): Min: 0.0, Avg: 0.0, Max: 0.1, Diff: 0.1, Sum: 0.1]
      [Object Copy (ms): Min: 16.1, Avg: 16.3, Max: 16.4, Diff: 0.3, Sum: 130.4]
      [Termination (ms): Min: 0.0, Avg: 0.0, Max: 0.0, Diff: 0.0, Sum: 0.1]
         [Termination Attempts: Min: 1, Avg: 3.2, Max: 5, Diff: 4, Sum: 26]
      [GC Worker Other (ms): Min: 0.0, Avg: 0.0, Max: 0.0, Diff: 0.0, Sum: 0.2]
      [GC Worker Total (ms): Min: 26.4, Avg: 26.5, Max: 26.6, Diff: 0.2, Sum: 211.8]
      [GC Worker End (ms): Min: 569010112.8, Avg: 569010112.8, Max: 569010112.8, Diff: 0.0]
   [Code Root Fixup: 0.1 ms]
   [Code Root Purge: 0.0 ms]
   [Clear CT: 0.4 ms]
   [Other: 4.6 ms]
      [Choose CSet: 0.4 ms]
      [Ref Proc: 0.6 ms]
      [Ref Enq: 0.0 ms]
      [Redirty Cards: 0.1 ms]
      [Humongous Register: 0.3 ms]
      [Humongous Reclaim: 0.1 ms]
      [Free CSet: 2.1 ms]
   [Eden: 268.0M(268.0M)->0.0B(3342.0M) Survivors: 38.0M->28.0M Heap: 2263.1M(6144.0M)->1467.1M(6144.0M)]
 [Times: user=0.20 sys=0.02, real=0.03 secs] 
2025-07-27T02:01:33.242+0800: 569047.078: [GC pause (G1 Evacuation Pause) (young), 0.0360237 secs]
   [Parallel Time: 24.6 ms, GC Workers: 8]
      [GC Worker Start (ms): Min: 569047081.7, Avg: 569047081.8, Max: 569047081.9, Diff: 0.2]
      [Ext Root Scanning (ms): Min: 2.8, Avg: 4.2, Max: 11.4, Diff: 8.7, Sum: 33.4]
      [Update RS (ms): Min: 6.7, Avg: 13.8, Max: 15.1, Diff: 8.4, Sum: 110.2]
         [Processed Buffers: Min: 69, Avg: 98.6, Max: 117, Diff: 48, Sum: 789]
      [Scan RS (ms): Min: 0.3, Avg: 0.5, Max: 0.7, Diff: 0.3, Sum: 4.1]
      [Code Root Scanning (ms): Min: 0.0, Avg: 0.0, Max: 0.0, Diff: 0.0, Sum: 0.1]
      [Object Copy (ms): Min: 5.1, Avg: 5.4, Max: 5.8, Diff: 0.7, Sum: 43.2]
      [Termination (ms): Min: 0.0, Avg: 0.4, Max: 0.5, Diff: 0.5, Sum: 3.3]
         [Termination Attempts: Min: 1, Avg: 2.6, Max: 6, Diff: 5, Sum: 21]
      [GC Worker Other (ms): Min: 0.1, Avg: 0.2, Max: 0.3, Diff: 0.2, Sum: 1.3]
      [GC Worker Total (ms): Min: 24.3, Avg: 24.4, Max: 24.5, Diff: 0.3, Sum: 195.5]
      [GC Worker End (ms): Min: 569047106.1, Avg: 569047106.2, Max: 569047106.3, Diff: 0.1]
   [Code Root Fixup: 0.0 ms]
   [Code Root Purge: 0.0 ms]
   [Clear CT: 0.6 ms]
   [Other: 10.8 ms]
      [Choose CSet: 0.0 ms]
      [Ref Proc: 2.0 ms]
      [Ref Enq: 0.1 ms]
      [Redirty Cards: 0.1 ms]
      [Humongous Register: 2.6 ms]
      [Humongous Reclaim: 0.4 ms]
      [Free CSet: 4.2 ms]
   [Eden: 3342.0M(3342.0M)->0.0B(3374.0M) Survivors: 28.0M->38.0M Heap: 4904.8M(6144.0M)->1477.1M(6144.0M)]
 [Times: user=0.20 sys=0.01, real=0.04 secs] 
2025-07-27T02:02:25.140+0800: 569098.976: [GC pause (G1 Evacuation Pause) (young), 0.0266091 secs]
   [Parallel Time: 20.7 ms, GC Workers: 8]
      [GC Worker Start (ms): Min: 569098977.1, Avg: 569098977.1, Max: 569098977.2, Diff: 0.1]
      [Ext Root Scanning (ms): Min: 2.2, Avg: 3.2, Max: 9.1, Diff: 6.8, Sum: 25.9]
      [Update RS (ms): Min: 4.0, Avg: 9.6, Max: 10.6, Diff: 6.6, Sum: 77.1]
         [Processed Buffers: Min: 51, Avg: 70.5, Max: 81, Diff: 30, Sum: 564]
      [Scan RS (ms): Min: 0.2, Avg: 0.3, Max: 0.4, Diff: 0.2, Sum: 2.8]
      [Code Root Scanning (ms): Min: 0.0, Avg: 0.0, Max: 0.0, Diff: 0.0, Sum: 0.1]
      [Object Copy (ms): Min: 6.3, Avg: 6.6, Max: 7.2, Diff: 0.9, Sum: 52.4]
      [Termination (ms): Min: 0.0, Avg: 0.6, Max: 0.8, Diff: 0.8, Sum: 5.1]
         [Termination Attempts: Min: 1, Avg: 8.0, Max: 11, Diff: 10, Sum: 64]
      [GC Worker Other (ms): Min: 0.0, Avg: 0.0, Max: 0.0, Diff: 0.0, Sum: 0.2]
      [GC Worker Total (ms): Min: 20.4, Avg: 20.4, Max: 20.5, Diff: 0.1, Sum: 163.6]
      [GC Worker End (ms): Min: 569098997.5, Avg: 569098997.6, Max: 569098997.7, Diff: 0.2]
   [Code Root Fixup: 0.0 ms]
   [Code Root Purge: 0.0 ms]
   [Clear CT: 0.5 ms]
   [Other: 5.4 ms]
      [Choose CSet: 0.0 ms]
      [Ref Proc: 1.8 ms]
      [Ref Enq: 0.2 ms]
      [Redirty Cards: 0.1 ms]
      [Humongous Register: 0.7 ms]
      [Humongous Reclaim: 0.2 ms]
      [Free CSet: 1.7 ms]
   [Eden: 3374.0M(3374.0M)->0.0B(3404.0M) Survivors: 38.0M->40.0M Heap: 4897.1M(6144.0M)->1478.1M(6144.0M)]
 [Times: user=0.17 sys=0.00, real=0.03 secs] 
2025-07-27T02:04:22.734+0800: 569216.570: [GC pause (G1 Evacuation Pause) (young), 0.0373223 secs]
   [Parallel Time: 27.7 ms, GC Workers: 8]
      [GC Worker Start (ms): Min: 569216572.4, Avg: 569216572.5, Max: 569216572.5, Diff: 0.2]
      [Ext Root Scanning (ms): Min: 2.7, Avg: 3.3, Max: 5.3, Diff: 2.6, Sum: 26.3]
      [Update RS (ms): Min: 14.6, Avg: 16.4, Max: 17.2, Diff: 2.6, Sum: 131.1]
         [Processed Buffers: Min: 88, Avg: 116.0, Max: 135, Diff: 47, Sum: 928]
      [Scan RS (ms): Min: 0.4, Avg: 0.9, Max: 1.0, Diff: 0.6, Sum: 6.9]
      [Code Root Scanning (ms): Min: 0.0, Avg: 0.0, Max: 0.0, Diff: 0.0, Sum: 0.1]
      [Object Copy (ms): Min: 6.7, Avg: 6.9, Max: 7.0, Diff: 0.3, Sum: 54.9]
      [Termination (ms): Min: 0.0, Avg: 0.0, Max: 0.0, Diff: 0.0, Sum: 0.0]
         [Termination Attempts: Min: 1, Avg: 1.0, Max: 1, Diff: 0, Sum: 8]
      [GC Worker Other (ms): Min: 0.1, Avg: 0.1, Max: 0.2, Diff: 0.1, Sum: 0.9]
      [GC Worker Total (ms): Min: 27.4, Avg: 27.5, Max: 27.6, Diff: 0.2, Sum: 220.3]
      [GC Worker End (ms): Min: 569216599.9, Avg: 569216600.0, Max: 569216600.0, Diff: 0.1]
   [Code Root Fixup: 0.1 ms]
   [Code Root Purge: 0.0 ms]
   [Clear CT: 0.7 ms]
   [Other: 8.9 ms]
      [Choose CSet: 0.0 ms]
      [Ref Proc: 1.5 ms]
      [Ref Enq: 0.1 ms]
      [Redirty Cards: 0.1 ms]
      [Humongous Register: 1.5 ms]
      [Humongous Reclaim: 0.4 ms]
      [Free CSet: 4.1 ms]
   [Eden: 3404.0M(3404.0M)->0.0B(3434.0M) Survivors: 40.0M->32.0M Heap: 5005.8M(6144.0M)->1473.6M(6144.0M)]
 [Times: user=0.14 sys=0.09, real=0.04 secs] 
2025-07-27T02:07:07.915+0800: 569381.750: [GC pause (G1 Evacuation Pause) (young), 0.0358360 secs]
   [Parallel Time: 26.3 ms, GC Workers: 8]
      [GC Worker Start (ms): Min: 569381752.3, Avg: 569381752.4, Max: 569381752.6, Diff: 0.3]
      [Ext Root Scanning (ms): Min: 3.3, Avg: 4.5, Max: 11.2, Diff: 7.8, Sum: 35.9]
      [Update RS (ms): Min: 5.8, Avg: 12.1, Max: 13.8, Diff: 8.0, Sum: 97.2]
         [Processed Buffers: Min: 62, Avg: 87.4, Max: 103, Diff: 41, Sum: 699]
      [Scan RS (ms): Min: 0.8, Avg: 1.4, Max: 1.6, Diff: 0.7, Sum: 11.0]
      [Code Root Scanning (ms): Min: 0.0, Avg: 0.0, Max: 0.0, Diff: 0.0, Sum: 0.1]
      [Object Copy (ms): Min: 7.7, Avg: 7.9, Max: 8.0, Diff: 0.3, Sum: 62.9]
      [Termination (ms): Min: 0.0, Avg: 0.0, Max: 0.0, Diff: 0.0, Sum: 0.0]
         [Termination Attempts: Min: 1, Avg: 1.0, Max: 1, Diff: 0, Sum: 8]
      [GC Worker Other (ms): Min: 0.1, Avg: 0.1, Max: 0.2, Diff: 0.1, Sum: 1.1]
      [GC Worker Total (ms): Min: 25.9, Avg: 26.0, Max: 26.2, Diff: 0.3, Sum: 208.2]
      [GC Worker End (ms): Min: 569381778.4, Avg: 569381778.5, Max: 569381778.5, Diff: 0.1]
   [Code Root Fixup: 0.0 ms]
   [Code Root Purge: 0.0 ms]
   [Clear CT: 0.7 ms]
   [Other: 8.8 ms]
      [Choose CSet: 0.0 ms]
      [Ref Proc: 1.4 ms]
      [Ref Enq: 0.1 ms]
      [Redirty Cards: 0.1 ms]
      [Humongous Register: 1.6 ms]
      [Humongous Reclaim: 0.5 ms]
      [Free CSet: 4.3 ms]
   [Eden: 3434.0M(3434.0M)->0.0B(3460.0M) Survivors: 32.0M->34.0M Heap: 5117.1M(6144.0M)->1472.1M(6144.0M)]
 [Times: user=0.21 sys=0.02, real=0.04 secs] 
2025-07-27T02:27:20.489+0800: 570594.325: [GC pause (G1 Evacuation Pause) (young), 0.0511039 secs]
   [Parallel Time: 38.8 ms, GC Workers: 8]
      [GC Worker Start (ms): Min: 570594326.9, Avg: 570594327.0, Max: 570594327.1, Diff: 0.2]
      [Ext Root Scanning (ms): Min: 3.0, Avg: 4.2, Max: 10.9, Diff: 7.9, Sum: 33.5]
      [Update RS (ms): Min: 16.0, Avg: 21.6, Max: 22.7, Diff: 6.7, Sum: 172.7]
         [Processed Buffers: Min: 66, Avg: 112.9, Max: 132, Diff: 66, Sum: 903]
      [Scan RS (ms): Min: 0.7, Avg: 1.4, Max: 1.8, Diff: 1.1, Sum: 11.5]
      [Code Root Scanning (ms): Min: 0.0, Avg: 0.0, Max: 0.0, Diff: 0.0, Sum: 0.1]
      [Object Copy (ms): Min: 11.1, Avg: 11.2, Max: 11.3, Diff: 0.2, Sum: 89.9]
      [Termination (ms): Min: 0.0, Avg: 0.0, Max: 0.0, Diff: 0.0, Sum: 0.0]
         [Termination Attempts: Min: 1, Avg: 1.0, Max: 1, Diff: 0, Sum: 8]
      [GC Worker Other (ms): Min: 0.1, Avg: 0.2, Max: 0.2, Diff: 0.1, Sum: 1.2]
      [GC Worker Total (ms): Min: 38.5, Avg: 38.6, Max: 38.7, Diff: 0.2, Sum: 309.0]
      [GC Worker End (ms): Min: 570594365.6, Avg: 570594365.6, Max: 570594365.7, Diff: 0.1]
   [Code Root Fixup: 0.0 ms]
   [Code Root Purge: 0.0 ms]
   [Clear CT: 0.8 ms]
   [Other: 11.5 ms]
      [Choose CSet: 0.0 ms]
      [Ref Proc: 4.1 ms]
      [Ref Enq: 0.2 ms]
      [Redirty Cards: 0.1 ms]
      [Humongous Register: 1.5 ms]
      [Humongous Reclaim: 0.4 ms]
      [Free CSet: 4.3 ms]
   [Eden: 3460.0M(3460.0M)->0.0B(3470.0M) Survivors: 34.0M->36.0M Heap: 5055.8M(6144.0M)->1478.6M(6144.0M)]
 [Times: user=0.25 sys=0.07, real=0.05 secs] 
2025-07-27T02:30:03.734+0800: 570757.569: [GC pause (G1 Evacuation Pause) (young), 0.1415528 secs]
   [Parallel Time: 128.3 ms, GC Workers: 8]
      [GC Worker Start (ms): Min: 570757571.7, Avg: 570757571.8, Max: 570757571.9, Diff: 0.2]
      [Ext Root Scanning (ms): Min: 3.4, Avg: 4.5, Max: 10.3, Diff: 6.9, Sum: 36.0]
      [Update RS (ms): Min: 23.1, Avg: 29.9, Max: 35.2, Diff: 12.2, Sum: 238.9]
         [Processed Buffers: Min: 74, Avg: 121.4, Max: 171, Diff: 97, Sum: 971]
      [Scan RS (ms): Min: 0.1, Avg: 2.0, Max: 2.7, Diff: 2.6, Sum: 15.9]
      [Code Root Scanning (ms): Min: 0.0, Avg: 0.0, Max: 0.0, Diff: 0.0, Sum: 0.1]
      [Object Copy (ms): Min: 89.2, Avg: 91.6, Max: 92.5, Diff: 3.3, Sum: 732.7]
      [Termination (ms): Min: 0.0, Avg: 0.0, Max: 0.0, Diff: 0.0, Sum: 0.0]
         [Termination Attempts: Min: 1, Avg: 1.0, Max: 1, Diff: 0, Sum: 8]
      [GC Worker Other (ms): Min: 0.0, Avg: 0.2, Max: 0.3, Diff: 0.2, Sum: 1.2]
      [GC Worker Total (ms): Min: 128.0, Avg: 128.1, Max: 128.2, Diff: 0.2, Sum: 1024.8]
      [GC Worker End (ms): Min: 570757699.8, Avg: 570757699.9, Max: 570757699.9, Diff: 0.1]
   [Code Root Fixup: 0.1 ms]
   [Code Root Purge: 0.0 ms]
   [Clear CT: 0.7 ms]
   [Other: 12.5 ms]
      [Choose CSet: 0.0 ms]
      [Ref Proc: 4.5 ms]
      [Ref Enq: 0.2 ms]
      [Redirty Cards: 0.2 ms]
      [Humongous Register: 1.7 ms]
      [Humongous Reclaim: 0.5 ms]
      [Free CSet: 4.3 ms]
   [Eden: 3470.0M(3470.0M)->0.0B(3070.0M) Survivors: 36.0M->258.0M Heap: 5115.0M(6144.0M)->1703.6M(6144.0M)]
 [Times: user=0.84 sys=0.20, real=0.14 secs] 
2025-07-27T02:30:17.815+0800: 570771.650: [GC pause (G1 Evacuation Pause) (young), 0.3522824 secs]
   [Parallel Time: 346.6 ms, GC Workers: 8]
      [GC Worker Start (ms): Min: 570771651.0, Avg: 570771651.0, Max: 570771651.1, Diff: 0.1]
      [Ext Root Scanning (ms): Min: 2.2, Avg: 2.5, Max: 3.2, Diff: 0.9, Sum: 19.7]
      [Update RS (ms): Min: 81.9, Avg: 100.0, Max: 127.0, Diff: 45.1, Sum: 800.2]
         [Processed Buffers: Min: 16, Avg: 38.2, Max: 119, Diff: 103, Sum: 306]
      [Scan RS (ms): Min: 0.1, Avg: 0.3, Max: 0.6, Diff: 0.4, Sum: 2.3]
      [Code Root Scanning (ms): Min: 0.0, Avg: 0.0, Max: 0.0, Diff: 0.0, Sum: 0.1]
      [Object Copy (ms): Min: 216.4, Avg: 243.6, Max: 261.7, Diff: 45.3, Sum: 1949.1]
      [Termination (ms): Min: 0.0, Avg: 0.0, Max: 0.0, Diff: 0.0, Sum: 0.0]
         [Termination Attempts: Min: 1, Avg: 1.0, Max: 1, Diff: 0, Sum: 8]
      [GC Worker Other (ms): Min: 0.0, Avg: 0.1, Max: 0.1, Diff: 0.1, Sum: 0.6]
      [GC Worker Total (ms): Min: 346.4, Avg: 346.5, Max: 346.6, Diff: 0.1, Sum: 2772.0]
      [GC Worker End (ms): Min: 570771997.5, Avg: 570771997.5, Max: 570771997.6, Diff: 0.1]
   [Code Root Fixup: 0.1 ms]
   [Code Root Purge: 0.0 ms]
   [Clear CT: 0.6 ms]
   [Other: 5.0 ms]
      [Choose CSet: 0.0 ms]
      [Ref Proc: 0.9 ms]
      [Ref Enq: 0.1 ms]
      [Redirty Cards: 0.7 ms]
      [Humongous Register: 0.3 ms]
      [Humongous Reclaim: 0.1 ms]
      [Free CSet: 2.1 ms]
   [Eden: 3070.0M(3070.0M)->0.0B(14.0M) Survivors: 258.0M->292.0M Heap: 4780.1M(6144.0M)->1977.8M(6144.0M)]
 [Times: user=2.15 sys=0.59, real=0.36 secs] 
2025-07-27T02:30:18.280+0800: 570772.116: [GC pause (G1 Evacuation Pause) (young), 0.1324445 secs]
   [Parallel Time: 129.4 ms, GC Workers: 8]
      [GC Worker Start (ms): Min: 570772116.4, Avg: 570772116.5, Max: 570772116.6, Diff: 0.2]
      [Ext Root Scanning (ms): Min: 2.0, Avg: 2.4, Max: 3.1, Diff: 1.1, Sum: 19.3]
      [Update RS (ms): Min: 16.1, Avg: 16.7, Max: 17.2, Diff: 1.1, Sum: 133.3]
         [Processed Buffers: Min: 51, Avg: 59.4, Max: 70, Diff: 19, Sum: 475]
      [Scan RS (ms): Min: 2.3, Avg: 2.7, Max: 2.8, Diff: 0.5, Sum: 21.8]
      [Code Root Scanning (ms): Min: 0.0, Avg: 0.0, Max: 0.0, Diff: 0.0, Sum: 0.0]
      [Object Copy (ms): Min: 107.0, Avg: 107.1, Max: 107.3, Diff: 0.4, Sum: 856.9]
      [Termination (ms): Min: 0.0, Avg: 0.3, Max: 0.4, Diff: 0.4, Sum: 2.2]
         [Termination Attempts: Min: 1, Avg: 226.8, Max: 278, Diff: 277, Sum: 1814]
      [GC Worker Other (ms): Min: 0.0, Avg: 0.0, Max: 0.0, Diff: 0.0, Sum: 0.3]
      [GC Worker Total (ms): Min: 129.2, Avg: 129.2, Max: 129.3, Diff: 0.2, Sum: 1033.8]
      [GC Worker End (ms): Min: 570772245.7, Avg: 570772245.7, Max: 570772245.7, Diff: 0.0]
   [Code Root Fixup: 0.1 ms]
   [Code Root Purge: 0.0 ms]
   [Clear CT: 0.2 ms]
   [Other: 2.8 ms]
      [Choose CSet: 0.0 ms]
      [Ref Proc: 0.3 ms]
      [Ref Enq: 0.0 ms]
      [Redirty Cards: 0.7 ms]
      [Humongous Register: 0.4 ms]
      [Humongous Reclaim: 0.1 ms]
      [Free CSet: 0.4 ms]
   [Eden: 14.0M(14.0M)->0.0B(294.0M) Survivors: 292.0M->12.0M Heap: 1991.8M(6144.0M)->1991.4M(6144.0M)]
 [Times: user=1.04 sys=0.00, real=0.13 secs] 
2025-07-27T02:30:19.743+0800: 570773.578: [GC pause (G1 Evacuation Pause) (young), 0.0290167 secs]
   [Parallel Time: 26.8 ms, GC Workers: 8]
      [GC Worker Start (ms): Min: 570773578.8, Avg: 570773578.9, Max: 570773578.9, Diff: 0.1]
      [Ext Root Scanning (ms): Min: 2.5, Avg: 2.9, Max: 4.3, Diff: 1.8, Sum: 23.0]
      [Update RS (ms): Min: 18.5, Avg: 19.9, Max: 20.4, Diff: 1.9, Sum: 159.4]
         [Processed Buffers: Min: 75, Avg: 92.9, Max: 101, Diff: 26, Sum: 743]
      [Scan RS (ms): Min: 0.0, Avg: 0.0, Max: 0.1, Diff: 0.1, Sum: 0.3]
      [Code Root Scanning (ms): Min: 0.0, Avg: 0.0, Max: 0.0, Diff: 0.0, Sum: 0.0]
      [Object Copy (ms): Min: 3.5, Avg: 3.6, Max: 3.8, Diff: 0.3, Sum: 29.1]
      [Termination (ms): Min: 0.0, Avg: 0.1, Max: 0.2, Diff: 0.2, Sum: 1.2]
         [Termination Attempts: Min: 1, Avg: 1.0, Max: 1, Diff: 0, Sum: 8]
      [GC Worker Other (ms): Min: 0.0, Avg: 0.0, Max: 0.0, Diff: 0.0, Sum: 0.2]
      [GC Worker Total (ms): Min: 26.5, Avg: 26.6, Max: 26.7, Diff: 0.2, Sum: 213.0]
      [GC Worker End (ms): Min: 570773605.4, Avg: 570773605.5, Max: 570773605.5, Diff: 0.1]
   [Code Root Fixup: 0.1 ms]
   [Code Root Purge: 0.0 ms]
   [Clear CT: 0.2 ms]
   [Other: 2.0 ms]
      [Choose CSet: 0.0 ms]
      [Ref Proc: 0.3 ms]
      [Ref Enq: 0.0 ms]
      [Redirty Cards: 0.1 ms]
      [Humongous Register: 0.4 ms]
      [Humongous Reclaim: 0.2 ms]
      [Free CSet: 0.3 ms]
   [Eden: 294.0M(294.0M)->0.0B(532.0M) Survivors: 12.0M->20.0M Heap: 2308.2M(6144.0M)->2000.0M(6144.0M)]
 [Times: user=0.21 sys=0.00, real=0.03 secs] 
2025-07-27T02:30:26.477+0800: 570780.312: [GC pause (G1 Evacuation Pause) (young), 0.0155107 secs]
   [Parallel Time: 13.1 ms, GC Workers: 8]
      [GC Worker Start (ms): Min: 570780313.2, Avg: 570780313.2, Max: 570780313.3, Diff: 0.1]
      [Ext Root Scanning (ms): Min: 2.8, Avg: 4.5, Max: 12.7, Diff: 9.9, Sum: 36.4]
      [Update RS (ms): Min: 0.0, Avg: 4.4, Max: 5.5, Diff: 5.5, Sum: 35.1]
         [Processed Buffers: Min: 0, Avg: 41.0, Max: 55, Diff: 55, Sum: 328]
      [Scan RS (ms): Min: 0.0, Avg: 0.0, Max: 0.1, Diff: 0.1, Sum: 0.4]
      [Code Root Scanning (ms): Min: 0.0, Avg: 0.0, Max: 0.0, Diff: 0.0, Sum: 0.0]
      [Object Copy (ms): Min: 0.0, Avg: 3.4, Max: 4.1, Diff: 4.1, Sum: 27.6]
      [Termination (ms): Min: 0.0, Avg: 0.4, Max: 0.6, Diff: 0.6, Sum: 3.4]
         [Termination Attempts: Min: 1, Avg: 1.0, Max: 1, Diff: 0, Sum: 8]
      [GC Worker Other (ms): Min: 0.0, Avg: 0.0, Max: 0.0, Diff: 0.0, Sum: 0.1]
      [GC Worker Total (ms): Min: 12.7, Avg: 12.9, Max: 12.9, Diff: 0.2, Sum: 102.9]
      [GC Worker End (ms): Min: 570780325.9, Avg: 570780326.1, Max: 570780326.2, Diff: 0.3]
   [Code Root Fixup: 0.0 ms]
   [Code Root Purge: 0.0 ms]
   [Clear CT: 0.2 ms]
   [Other: 2.2 ms]
      [Choose CSet: 0.0 ms]
      [Ref Proc: 0.4 ms]
      [Ref Enq: 0.0 ms]
      [Redirty Cards: 0.1 ms]
      [Humongous Register: 0.3 ms]
      [Humongous Reclaim: 0.2 ms]
      [Free CSet: 0.4 ms]
   [Eden: 532.0M(532.0M)->0.0B(764.0M) Survivors: 20.0M->28.0M Heap: 2555.2M(6144.0M)->2007.3M(6144.0M)]
 [Times: user=0.05 sys=0.06, real=0.02 secs] 
2025-07-27T02:30:39.831+0800: 570793.667: [GC pause (G1 Evacuation Pause) (young), 0.0212719 secs]
   [Parallel Time: 10.8 ms, GC Workers: 8]
      [GC Worker Start (ms): Min: 570793673.7, Avg: 570793673.8, Max: 570793673.9, Diff: 0.2]
      [Ext Root Scanning (ms): Min: 3.1, Avg: 3.5, Max: 4.8, Diff: 1.7, Sum: 28.3]
      [Update RS (ms): Min: 1.0, Avg: 2.1, Max: 3.0, Diff: 2.0, Sum: 17.1]
         [Processed Buffers: Min: 2, Avg: 22.8, Max: 35, Diff: 33, Sum: 182]
      [Scan RS (ms): Min: 0.0, Avg: 0.1, Max: 0.1, Diff: 0.1, Sum: 0.6]
      [Code Root Scanning (ms): Min: 0.0, Avg: 0.0, Max: 0.0, Diff: 0.0, Sum: 0.0]
      [Object Copy (ms): Min: 4.1, Avg: 4.7, Max: 4.9, Diff: 0.8, Sum: 37.6]
      [Termination (ms): Min: 0.0, Avg: 0.0, Max: 0.0, Diff: 0.0, Sum: 0.0]
         [Termination Attempts: Min: 1, Avg: 1.1, Max: 2, Diff: 1, Sum: 9]
      [GC Worker Other (ms): Min: 0.1, Avg: 0.1, Max: 0.2, Diff: 0.1, Sum: 1.0]
      [GC Worker Total (ms): Min: 10.5, Avg: 10.6, Max: 10.6, Diff: 0.1, Sum: 84.6]
      [GC Worker End (ms): Min: 570793684.4, Avg: 570793684.4, Max: 570793684.4, Diff: 0.1]
   [Code Root Fixup: 0.0 ms]
   [Code Root Purge: 0.0 ms]
   [Clear CT: 0.2 ms]
   [Other: 10.2 ms]
      [Choose CSet: 0.0 ms]
      [Ref Proc: 1.0 ms]
      [Ref Enq: 0.1 ms]
      [Redirty Cards: 0.1 ms]
      [Humongous Register: 5.9 ms]
      [Humongous Reclaim: 0.2 ms]
      [Free CSet: 1.5 ms]
   [Eden: 764.0M(764.0M)->0.0B(1506.0M) Survivors: 28.0M->38.0M Heap: 2771.3M(6144.0M)->2017.1M(6144.0M)]
 [Times: user=0.05 sys=0.04, real=0.02 secs] 
2025-07-27T02:30:59.482+0800: 570813.318: [GC pause (G1 Evacuation Pause) (young), 0.0257526 secs]
   [Parallel Time: 21.2 ms, GC Workers: 8]
      [GC Worker Start (ms): Min: 570813318.6, Avg: 570813318.6, Max: 570813318.7, Diff: 0.1]
      [Ext Root Scanning (ms): Min: 2.2, Avg: 2.5, Max: 3.1, Diff: 0.9, Sum: 20.0]
      [Update RS (ms): Min: 9.8, Avg: 10.3, Max: 10.6, Diff: 0.8, Sum: 82.0]
         [Processed Buffers: Min: 51, Avg: 73.1, Max: 88, Diff: 37, Sum: 585]
      [Scan RS (ms): Min: 0.1, Avg: 0.1, Max: 0.2, Diff: 0.2, Sum: 1.1]
      [Code Root Scanning (ms): Min: 0.0, Avg: 0.0, Max: 0.0, Diff: 0.0, Sum: 0.0]
      [Object Copy (ms): Min: 7.9, Avg: 8.1, Max: 8.2, Diff: 0.3, Sum: 64.4]
      [Termination (ms): Min: 0.0, Avg: 0.0, Max: 0.1, Diff: 0.1, Sum: 0.4]
         [Termination Attempts: Min: 10, Avg: 18.2, Max: 24, Diff: 14, Sum: 146]
      [GC Worker Other (ms): Min: 0.0, Avg: 0.1, Max: 0.1, Diff: 0.1, Sum: 0.5]
      [GC Worker Total (ms): Min: 21.0, Avg: 21.1, Max: 21.1, Diff: 0.1, Sum: 168.4]
      [GC Worker End (ms): Min: 570813339.7, Avg: 570813339.7, Max: 570813339.7, Diff: 0.0]
   [Code Root Fixup: 0.1 ms]
   [Code Root Purge: 0.0 ms]
   [Clear CT: 0.4 ms]
   [Other: 4.1 ms]
      [Choose CSet: 0.0 ms]
      [Ref Proc: 0.7 ms]
      [Ref Enq: 0.1 ms]
      [Redirty Cards: 0.1 ms]
      [Humongous Register: 0.6 ms]
      [Humongous Reclaim: 0.2 ms]
      [Free CSet: 1.5 ms]
   [Eden: 1506.0M(1506.0M)->0.0B(2698.0M) Survivors: 38.0M->50.0M Heap: 3572.8M(6144.0M)->2029.1M(6144.0M)]
 [Times: user=0.12 sys=0.05, real=0.03 secs] 
2025-07-27T02:31:37.507+0800: 570851.342: [GC pause (G1 Evacuation Pause) (young), 0.0252160 secs]
   [Parallel Time: 19.6 ms, GC Workers: 8]
      [GC Worker Start (ms): Min: 570851343.1, Avg: 570851343.2, Max: 570851343.2, Diff: 0.1]
      [Ext Root Scanning (ms): Min: 3.1, Avg: 4.2, Max: 10.4, Diff: 7.4, Sum: 33.3]
      [Update RS (ms): Min: 2.8, Avg: 8.6, Max: 9.7, Diff: 6.9, Sum: 68.5]
         [Processed Buffers: Min: 40, Avg: 70.2, Max: 90, Diff: 50, Sum: 562]
      [Scan RS (ms): Min: 0.1, Avg: 0.3, Max: 0.4, Diff: 0.3, Sum: 2.2]
      [Code Root Scanning (ms): Min: 0.0, Avg: 0.0, Max: 0.0, Diff: 0.0, Sum: 0.1]
      [Object Copy (ms): Min: 6.1, Avg: 6.3, Max: 6.5, Diff: 0.4, Sum: 50.7]
      [Termination (ms): Min: 0.0, Avg: 0.0, Max: 0.0, Diff: 0.0, Sum: 0.0]
         [Termination Attempts: Min: 1, Avg: 1.0, Max: 1, Diff: 0, Sum: 8]
      [GC Worker Other (ms): Min: 0.0, Avg: 0.1, Max: 0.1, Diff: 0.1, Sum: 0.6]
      [GC Worker Total (ms): Min: 19.4, Avg: 19.4, Max: 19.5, Diff: 0.1, Sum: 155.4]
      [GC Worker End (ms): Min: 570851362.5, Avg: 570851362.6, Max: 570851362.6, Diff: 0.1]
   [Code Root Fixup: 0.0 ms]
   [Code Root Purge: 0.0 ms]
   [Clear CT: 0.4 ms]
   [Other: 5.2 ms]
      [Choose CSet: 0.0 ms]
      [Ref Proc: 1.4 ms]
      [Ref Enq: 0.2 ms]
      [Redirty Cards: 0.1 ms]
      [Humongous Register: 0.4 ms]
      [Humongous Reclaim: 0.2 ms]
      [Free CSet: 2.2 ms]
   [Eden: 2698.0M(2698.0M)->0.0B(2764.0M) Survivors: 50.0M->40.0M Heap: 4773.2M(6144.0M)->2020.1M(6144.0M)]
 [Times: user=0.16 sys=0.01, real=0.03 secs] 
2025-07-27T02:32:25.719+0800: 570899.554: [GC pause (G1 Evacuation Pause) (young), 0.0280526 secs]
   [Parallel Time: 18.0 ms, GC Workers: 8]
      [GC Worker Start (ms): Min: 570899558.3, Avg: 570899558.4, Max: 570899558.5, Diff: 0.2]
      [Ext Root Scanning (ms): Min: 2.5, Avg: 3.9, Max: 10.7, Diff: 8.2, Sum: 31.0]
      [Update RS (ms): Min: 0.0, Avg: 3.7, Max: 4.6, Diff: 4.6, Sum: 29.5]
         [Processed Buffers: Min: 0, Avg: 24.6, Max: 43, Diff: 43, Sum: 197]
      [Scan RS (ms): Min: 0.1, Avg: 0.3, Max: 0.4, Diff: 0.3, Sum: 2.1]
      [Code Root Scanning (ms): Min: 0.0, Avg: 0.0, Max: 0.0, Diff: 0.0, Sum: 0.1]
      [Object Copy (ms): Min: 7.0, Avg: 9.8, Max: 10.4, Diff: 3.4, Sum: 78.5]
      [Termination (ms): Min: 0.0, Avg: 0.0, Max: 0.0, Diff: 0.0, Sum: 0.0]
         [Termination Attempts: Min: 1, Avg: 1.8, Max: 3, Diff: 2, Sum: 14]
      [GC Worker Other (ms): Min: 0.1, Avg: 0.1, Max: 0.3, Diff: 0.2, Sum: 1.2]
      [GC Worker Total (ms): Min: 17.7, Avg: 17.8, Max: 17.9, Diff: 0.2, Sum: 142.3]
      [GC Worker End (ms): Min: 570899576.1, Avg: 570899576.2, Max: 570899576.2, Diff: 0.1]
   [Code Root Fixup: 0.1 ms]
   [Code Root Purge: 0.0 ms]
   [Clear CT: 0.5 ms]
   [Other: 9.5 ms]
      [Choose CSet: 0.0 ms]
      [Ref Proc: 1.7 ms]
      [Ref Enq: 0.2 ms]
      [Redirty Cards: 0.1 ms]
      [Humongous Register: 3.4 ms]
      [Humongous Reclaim: 0.1 ms]
      [Free CSet: 3.2 ms]
   [Eden: 2764.0M(2764.0M)->0.0B(2806.0M) Survivors: 40.0M->40.0M Heap: 4784.1M(6144.0M)->2020.1M(6144.0M)]
 [Times: user=0.15 sys=0.00, real=0.03 secs] 
2025-07-27T02:33:06.096+0800: 570939.932: [GC pause (G1 Evacuation Pause) (young), 0.0459678 secs]
   [Parallel Time: 37.3 ms, GC Workers: 8]
      [GC Worker Start (ms): Min: 570939934.3, Avg: 570939934.4, Max: 570939934.5, Diff: 0.2]
      [Ext Root Scanning (ms): Min: 2.9, Avg: 3.4, Max: 5.1, Diff: 2.2, Sum: 26.9]
      [Update RS (ms): Min: 16.5, Avg: 18.0, Max: 19.0, Diff: 2.5, Sum: 144.1]
         [Processed Buffers: Min: 104, Avg: 121.1, Max: 135, Diff: 31, Sum: 969]
      [Scan RS (ms): Min: 0.1, Avg: 0.3, Max: 0.4, Diff: 0.3, Sum: 2.4]
      [Code Root Scanning (ms): Min: 0.0, Avg: 0.0, Max: 0.0, Diff: 0.0, Sum: 0.1]
      [Object Copy (ms): Min: 15.0, Avg: 15.3, Max: 15.4, Diff: 0.4, Sum: 122.0]
      [Termination (ms): Min: 0.0, Avg: 0.0, Max: 0.0, Diff: 0.0, Sum: 0.0]
         [Termination Attempts: Min: 1, Avg: 1.0, Max: 1, Diff: 0, Sum: 8]
      [GC Worker Other (ms): Min: 0.1, Avg: 0.1, Max: 0.2, Diff: 0.1, Sum: 1.1]
      [GC Worker Total (ms): Min: 37.0, Avg: 37.1, Max: 37.2, Diff: 0.2, Sum: 296.6]
      [GC Worker End (ms): Min: 570939971.4, Avg: 570939971.4, Max: 570939971.5, Diff: 0.1]
   [Code Root Fixup: 0.0 ms]
   [Code Root Purge: 0.0 ms]
   [Clear CT: 0.6 ms]
   [Other: 8.1 ms]
      [Choose CSet: 0.0 ms]
      [Ref Proc: 1.5 ms]
      [Ref Enq: 0.2 ms]
      [Redirty Cards: 0.1 ms]
      [Humongous Register: 1.7 ms]
      [Humongous Reclaim: 0.3 ms]
      [Free CSet: 3.4 ms]
   [Eden: 2806.0M(2806.0M)->0.0B(2820.0M) Survivors: 40.0M->56.0M Heap: 4921.9M(6144.0M)->2035.1M(6144.0M)]
 [Times: user=0.26 sys=0.05, real=0.05 secs] 
2025-07-27T02:35:19.899+0800: 571073.735: [GC pause (G1 Evacuation Pause) (young), 0.0375744 secs]
   [Parallel Time: 31.9 ms, GC Workers: 8]
      [GC Worker Start (ms): Min: 571073735.7, Avg: 571073735.8, Max: 571073735.9, Diff: 0.3]
      [Ext Root Scanning (ms): Min: 2.6, Avg: 3.7, Max: 8.8, Diff: 6.2, Sum: 29.5]
      [Update RS (ms): Min: 8.8, Avg: 13.7, Max: 14.8, Diff: 5.9, Sum: 109.3]
         [Processed Buffers: Min: 93, Avg: 101.6, Max: 123, Diff: 30, Sum: 813]
      [Scan RS (ms): Min: 0.8, Avg: 1.0, Max: 1.1, Diff: 0.3, Sum: 8.2]
      [Code Root Scanning (ms): Min: 0.0, Avg: 0.0, Max: 0.0, Diff: 0.0, Sum: 0.1]
      [Object Copy (ms): Min: 13.0, Avg: 13.2, Max: 13.3, Diff: 0.3, Sum: 105.4]
      [Termination (ms): Min: 0.0, Avg: 0.0, Max: 0.0, Diff: 0.0, Sum: 0.0]
         [Termination Attempts: Min: 2, Avg: 2.2, Max: 3, Diff: 1, Sum: 18]
      [GC Worker Other (ms): Min: 0.0, Avg: 0.1, Max: 0.1, Diff: 0.1, Sum: 0.7]
      [GC Worker Total (ms): Min: 31.5, Avg: 31.6, Max: 31.8, Diff: 0.2, Sum: 253.1]
      [GC Worker End (ms): Min: 571073767.4, Avg: 571073767.5, Max: 571073767.5, Diff: 0.1]
   [Code Root Fixup: 0.1 ms]
   [Code Root Purge: 0.0 ms]
   [Clear CT: 0.6 ms]
   [Other: 5.0 ms]
      [Choose CSet: 0.0 ms]
      [Ref Proc: 1.2 ms]
      [Ref Enq: 0.1 ms]
      [Redirty Cards: 0.1 ms]
      [Humongous Register: 0.5 ms]
      [Humongous Reclaim: 0.4 ms]
      [Free CSet: 1.8 ms]
   [Eden: 2820.0M(2820.0M)->0.0B(2860.0M) Survivors: 56.0M->44.0M Heap: 5019.8M(6144.0M)->2024.1M(6144.0M)]
 [Times: user=0.24 sys=0.02, real=0.04 secs] 
2025-07-27T02:38:11.864+0800: 571245.700: [GC pause (G1 Evacuation Pause) (young), 0.0441732 secs]
   [Parallel Time: 33.7 ms, GC Workers: 8]
      [GC Worker Start (ms): Min: 571245703.9, Avg: 571245704.0, Max: 571245704.1, Diff: 0.2]
      [Ext Root Scanning (ms): Min: 3.2, Avg: 4.4, Max: 10.8, Diff: 7.5, Sum: 35.3]
      [Update RS (ms): Min: 13.0, Avg: 19.1, Max: 20.6, Diff: 7.6, Sum: 153.0]
         [Processed Buffers: Min: 115, Avg: 132.1, Max: 162, Diff: 47, Sum: 1057]
      [Scan RS (ms): Min: 0.7, Avg: 1.2, Max: 1.4, Diff: 0.7, Sum: 9.9]
      [Code Root Scanning (ms): Min: 0.0, Avg: 0.0, Max: 0.0, Diff: 0.0, Sum: 0.1]
      [Object Copy (ms): Min: 8.4, Avg: 8.6, Max: 8.7, Diff: 0.3, Sum: 68.7]
      [Termination (ms): Min: 0.0, Avg: 0.0, Max: 0.0, Diff: 0.0, Sum: 0.0]
         [Termination Attempts: Min: 1, Avg: 1.0, Max: 1, Diff: 0, Sum: 8]
      [GC Worker Other (ms): Min: 0.1, Avg: 0.1, Max: 0.2, Diff: 0.2, Sum: 1.1]
      [GC Worker Total (ms): Min: 33.4, Avg: 33.5, Max: 33.6, Diff: 0.2, Sum: 268.1]
      [GC Worker End (ms): Min: 571245737.5, Avg: 571245737.5, Max: 571245737.6, Diff: 0.1]
   [Code Root Fixup: 0.0 ms]
   [Code Root Purge: 0.0 ms]
   [Clear CT: 0.7 ms]
   [Other: 9.8 ms]
      [Choose CSet: 0.0 ms]
      [Ref Proc: 1.2 ms]
      [Ref Enq: 0.1 ms]
      [Redirty Cards: 0.1 ms]
      [Humongous Register: 3.4 ms]
      [Humongous Reclaim: 0.5 ms]
      [Free CSet: 3.4 ms]
   [Eden: 2860.0M(2860.0M)->0.0B(2896.0M) Survivors: 44.0M->34.0M Heap: 5049.2M(6144.0M)->2014.1M(6144.0M)]
 [Times: user=0.24 sys=0.04, real=0.05 secs] 
2025-07-27T02:40:07.677+0800: 571361.513: [GC pause (G1 Evacuation Pause) (young), 0.0499761 secs]
   [Parallel Time: 44.2 ms, GC Workers: 8]
      [GC Worker Start (ms): Min: 571361514.2, Avg: 571361514.2, Max: 571361514.3, Diff: 0.1]
      [Ext Root Scanning (ms): Min: 2.3, Avg: 2.6, Max: 3.2, Diff: 0.9, Sum: 20.4]
      [Update RS (ms): Min: 27.8, Avg: 28.4, Max: 29.0, Diff: 1.2, Sum: 227.2]
         [Processed Buffers: Min: 149, Avg: 172.4, Max: 188, Diff: 39, Sum: 1379]
      [Scan RS (ms): Min: 0.1, Avg: 0.3, Max: 0.4, Diff: 0.3, Sum: 2.4]
      [Code Root Scanning (ms): Min: 0.0, Avg: 0.0, Max: 0.0, Diff: 0.0, Sum: 0.1]
      [Object Copy (ms): Min: 12.3, Avg: 12.5, Max: 12.8, Diff: 0.5, Sum: 99.9]
      [Termination (ms): Min: 0.0, Avg: 0.2, Max: 0.3, Diff: 0.3, Sum: 1.8]
         [Termination Attempts: Min: 1, Avg: 29.8, Max: 45, Diff: 44, Sum: 238]
      [GC Worker Other (ms): Min: 0.0, Avg: 0.0, Max: 0.1, Diff: 0.1, Sum: 0.4]
      [GC Worker Total (ms): Min: 44.0, Avg: 44.0, Max: 44.1, Diff: 0.1, Sum: 352.2]
      [GC Worker End (ms): Min: 571361558.2, Avg: 571361558.3, Max: 571361558.3, Diff: 0.1]
   [Code Root Fixup: 0.0 ms]
   [Code Root Purge: 0.0 ms]
   [Clear CT: 0.6 ms]
   [Other: 5.2 ms]
      [Choose CSet: 0.0 ms]
      [Ref Proc: 1.5 ms]
      [Ref Enq: 0.2 ms]
      [Redirty Cards: 0.1 ms]
      [Humongous Register: 0.7 ms]
      [Humongous Reclaim: 0.3 ms]
      [Free CSet: 1.6 ms]
   [Eden: 2896.0M(2896.0M)->0.0B(2882.0M) Survivors: 34.0M->60.0M Heap: 5051.9M(6144.0M)->2039.1M(6144.0M)]
 [Times: user=0.30 sys=0.06, real=0.05 secs] 
2025-07-27T02:40:48.200+0800: 571402.035: [GC pause (G1 Evacuation Pause) (young), 0.0398332 secs]
   [Parallel Time: 29.2 ms, GC Workers: 8]
      [GC Worker Start (ms): Min: 571402039.4, Avg: 571402039.4, Max: 571402039.5, Diff: 0.2]
      [Ext Root Scanning (ms): Min: 3.1, Avg: 4.5, Max: 12.4, Diff: 9.4, Sum: 35.8]
      [Update RS (ms): Min: 5.0, Avg: 12.6, Max: 14.6, Diff: 9.5, Sum: 100.7]
         [Processed Buffers: Min: 46, Avg: 75.1, Max: 99, Diff: 53, Sum: 601]
      [Scan RS (ms): Min: 0.1, Avg: 0.3, Max: 0.4, Diff: 0.3, Sum: 2.4]
      [Code Root Scanning (ms): Min: 0.0, Avg: 0.0, Max: 0.0, Diff: 0.0, Sum: 0.1]
      [Object Copy (ms): Min: 11.1, Avg: 11.5, Max: 11.7, Diff: 0.7, Sum: 92.3]
      [Termination (ms): Min: 0.0, Avg: 0.0, Max: 0.0, Diff: 0.0, Sum: 0.0]
         [Termination Attempts: Min: 1, Avg: 3.4, Max: 6, Diff: 5, Sum: 27]
      [GC Worker Other (ms): Min: 0.1, Avg: 0.2, Max: 0.3, Diff: 0.2, Sum: 1.2]
      [GC Worker Total (ms): Min: 29.0, Avg: 29.1, Max: 29.2, Diff: 0.2, Sum: 232.4]
      [GC Worker End (ms): Min: 571402068.4, Avg: 571402068.5, Max: 571402068.5, Diff: 0.1]
   [Code Root Fixup: 0.0 ms]
   [Code Root Purge: 0.0 ms]
   [Clear CT: 0.5 ms]
   [Other: 10.0 ms]
      [Choose CSet: 0.0 ms]
      [Ref Proc: 1.6 ms]
      [Ref Enq: 0.2 ms]
      [Redirty Cards: 0.1 ms]
      [Humongous Register: 3.4 ms]
      [Humongous Reclaim: 0.2 ms]
      [Free CSet: 3.4 ms]
   [Eden: 2882.0M(2882.0M)->0.0B(2896.0M) Survivors: 60.0M->60.0M Heap: 4967.2M(6144.0M)->2039.1M(6144.0M)]
 [Times: user=0.20 sys=0.04, real=0.04 secs] 
2025-07-27T02:41:21.194+0800: 571435.029: [GC pause (G1 Evacuation Pause) (young), 0.0458938 secs]
   [Parallel Time: 35.3 ms, GC Workers: 8]
      [GC Worker Start (ms): Min: 571435031.7, Avg: 571435031.7, Max: 571435031.8, Diff: 0.1]
      [Ext Root Scanning (ms): Min: 2.7, Avg: 3.8, Max: 10.1, Diff: 7.4, Sum: 30.5]
      [Update RS (ms): Min: 9.1, Avg: 15.2, Max: 16.2, Diff: 7.1, Sum: 121.7]
         [Processed Buffers: Min: 80, Avg: 100.9, Max: 114, Diff: 34, Sum: 807]
      [Scan RS (ms): Min: 0.2, Avg: 0.3, Max: 0.4, Diff: 0.2, Sum: 2.4]
      [Code Root Scanning (ms): Min: 0.0, Avg: 0.0, Max: 0.0, Diff: 0.0, Sum: 0.1]
      [Object Copy (ms): Min: 15.5, Avg: 15.7, Max: 16.0, Diff: 0.5, Sum: 125.6]
      [Termination (ms): Min: 0.0, Avg: 0.0, Max: 0.0, Diff: 0.0, Sum: 0.2]
         [Termination Attempts: Min: 1, Avg: 25.5, Max: 41, Diff: 40, Sum: 204]
      [GC Worker Other (ms): Min: 0.0, Avg: 0.1, Max: 0.1, Diff: 0.1, Sum: 0.5]
      [GC Worker Total (ms): Min: 35.1, Avg: 35.1, Max: 35.2, Diff: 0.2, Sum: 281.1]
      [GC Worker End (ms): Min: 571435066.8, Avg: 571435066.9, Max: 571435066.9, Diff: 0.1]
   [Code Root Fixup: 0.1 ms]
   [Code Root Purge: 0.0 ms]
   [Clear CT: 0.7 ms]
   [Other: 9.8 ms]
      [Choose CSet: 0.0 ms]
      [Ref Proc: 2.8 ms]
      [Ref Enq: 0.3 ms]
      [Redirty Cards: 0.1 ms]
      [Humongous Register: 0.7 ms]
      [Humongous Reclaim: 0.5 ms]
      [Free CSet: 3.0 ms]
   [Eden: 2896.0M(2896.0M)->0.0B(2898.0M) Survivors: 60.0M->64.0M Heap: 5007.7M(6144.0M)->2044.1M(6144.0M)]
 [Times: user=0.25 sys=0.05, real=0.05 secs] 
2025-07-27T02:42:06.938+0800: 571480.774: [GC pause (G1 Evacuation Pause) (young), 0.0367093 secs]
   [Parallel Time: 25.9 ms, GC Workers: 8]
      [GC Worker Start (ms): Min: 571480777.6, Avg: 571480777.7, Max: 571480777.8, Diff: 0.2]
      [Ext Root Scanning (ms): Min: 2.5, Avg: 2.9, Max: 4.0, Diff: 1.5, Sum: 23.5]
      [Update RS (ms): Min: 8.5, Avg: 9.1, Max: 9.3, Diff: 0.9, Sum: 73.1]
         [Processed Buffers: Min: 29, Avg: 52.4, Max: 68, Diff: 39, Sum: 419]
      [Scan RS (ms): Min: 0.1, Avg: 0.3, Max: 0.4, Diff: 0.3, Sum: 2.4]
      [Code Root Scanning (ms): Min: 0.0, Avg: 0.0, Max: 0.0, Diff: 0.0, Sum: 0.1]
      [Object Copy (ms): Min: 12.7, Avg: 13.1, Max: 13.3, Diff: 0.5, Sum: 105.2]
      [Termination (ms): Min: 0.0, Avg: 0.0, Max: 0.0, Diff: 0.0, Sum: 0.0]
         [Termination Attempts: Min: 1, Avg: 1.6, Max: 3, Diff: 2, Sum: 13]
      [GC Worker Other (ms): Min: 0.0, Avg: 0.1, Max: 0.2, Diff: 0.1, Sum: 1.1]
      [GC Worker Total (ms): Min: 25.6, Avg: 25.7, Max: 25.8, Diff: 0.2, Sum: 205.4]
      [GC Worker End (ms): Min: 571480803.3, Avg: 571480803.3, Max: 571480803.4, Diff: 0.1]
   [Code Root Fixup: 0.1 ms]
   [Code Root Purge: 0.0 ms]
   [Clear CT: 0.5 ms]
   [Other: 10.3 ms]
      [Choose CSet: 0.0 ms]
      [Ref Proc: 1.8 ms]
      [Ref Enq: 0.2 ms]
      [Redirty Cards: 0.1 ms]
      [Humongous Register: 3.4 ms]
      [Humongous Reclaim: 0.2 ms]
      [Free CSet: 3.8 ms]
   [Eden: 2898.0M(2898.0M)->0.0B(2912.0M) Survivors: 64.0M->58.0M Heap: 4965.4M(6144.0M)->2038.1M(6144.0M)]
 [Times: user=0.12 sys=0.11, real=0.03 secs] 
2025-07-27T02:42:59.213+0800: 571533.049: [GC pause (G1 Evacuation Pause) (young), 0.0434349 secs]
   [Parallel Time: 34.4 ms, GC Workers: 8]
      [GC Worker Start (ms): Min: 571533051.2, Avg: 571533051.3, Max: 571533051.3, Diff: 0.1]
      [Ext Root Scanning (ms): Min: 2.9, Avg: 4.2, Max: 10.9, Diff: 8.0, Sum: 33.4]
      [Update RS (ms): Min: 10.6, Avg: 17.2, Max: 19.0, Diff: 8.4, Sum: 137.8]
         [Processed Buffers: Min: 82, Avg: 100.4, Max: 118, Diff: 36, Sum: 803]
      [Scan RS (ms): Min: 0.1, Avg: 0.3, Max: 0.4, Diff: 0.3, Sum: 2.5]
      [Code Root Scanning (ms): Min: 0.0, Avg: 0.0, Max: 0.0, Diff: 0.0, Sum: 0.1]
      [Object Copy (ms): Min: 11.2, Avg: 11.7, Max: 12.3, Diff: 1.1, Sum: 93.6]
      [Termination (ms): Min: 0.0, Avg: 0.6, Max: 0.8, Diff: 0.8, Sum: 5.0]
         [Termination Attempts: Min: 1, Avg: 32.0, Max: 39, Diff: 38, Sum: 256]
      [GC Worker Other (ms): Min: 0.0, Avg: 0.1, Max: 0.2, Diff: 0.2, Sum: 0.9]
      [GC Worker Total (ms): Min: 33.9, Avg: 34.2, Max: 34.3, Diff: 0.4, Sum: 273.3]
      [GC Worker End (ms): Min: 571533085.2, Avg: 571533085.4, Max: 571533085.5, Diff: 0.3]
   [Code Root Fixup: 0.0 ms]
   [Code Root Purge: 0.0 ms]
   [Clear CT: 0.6 ms]
   [Other: 8.4 ms]
      [Choose CSet: 0.0 ms]
      [Ref Proc: 1.6 ms]
      [Ref Enq: 0.2 ms]
      [Redirty Cards: 0.1 ms]
      [Humongous Register: 1.6 ms]
      [Humongous Reclaim: 0.2 ms]
      [Free CSet: 3.7 ms]
   [Eden: 2912.0M(2912.0M)->0.0B(2906.0M) Survivors: 58.0M->52.0M Heap: 5020.9M(6144.0M)->2046.5M(6144.0M)]
 [Times: user=0.28 sys=0.00, real=0.05 secs] 
2025-07-27T03:00:05.892+0800: 572559.727: [GC pause (G1 Evacuation Pause) (young), 0.1553332 secs]
   [Parallel Time: 142.9 ms, GC Workers: 8]
      [GC Worker Start (ms): Min: 572559730.1, Avg: 572559730.2, Max: 572559730.3, Diff: 0.2]
      [Ext Root Scanning (ms): Min: 3.0, Avg: 4.4, Max: 12.1, Diff: 9.0, Sum: 35.2]
      [Update RS (ms): Min: 15.4, Avg: 22.6, Max: 24.5, Diff: 9.1, Sum: 180.7]
         [Processed Buffers: Min: 17, Avg: 62.2, Max: 95, Diff: 78, Sum: 498]
      [Scan RS (ms): Min: 0.1, Avg: 0.3, Max: 0.5, Diff: 0.3, Sum: 2.6]
      [Code Root Scanning (ms): Min: 0.0, Avg: 0.0, Max: 0.0, Diff: 0.0, Sum: 0.1]
      [Object Copy (ms): Min: 114.6, Avg: 115.1, Max: 115.2, Diff: 0.7, Sum: 920.4]
      [Termination (ms): Min: 0.1, Avg: 0.1, Max: 0.2, Diff: 0.1, Sum: 1.0]
         [Termination Attempts: Min: 51, Avg: 55.9, Max: 62, Diff: 11, Sum: 447]
      [GC Worker Other (ms): Min: 0.1, Avg: 0.1, Max: 0.2, Diff: 0.1, Sum: 1.2]
      [GC Worker Total (ms): Min: 142.5, Avg: 142.7, Max: 142.8, Diff: 0.3, Sum: 1141.2]
      [GC Worker End (ms): Min: 572559872.8, Avg: 572559872.9, Max: 572559873.0, Diff: 0.1]
   [Code Root Fixup: 0.0 ms]
   [Code Root Purge: 0.0 ms]
   [Clear CT: 0.5 ms]
   [Other: 11.9 ms]
      [Choose CSet: 0.0 ms]
      [Ref Proc: 4.6 ms]
      [Ref Enq: 0.2 ms]
      [Redirty Cards: 0.2 ms]
      [Humongous Register: 1.9 ms]
      [Humongous Reclaim: 0.3 ms]
      [Free CSet: 3.6 ms]
   [Eden: 2906.0M(2906.0M)->0.0B(2396.0M) Survivors: 52.0M->320.0M Heap: 4984.1M(6144.0M)->2305.8M(6144.0M)]
 [Times: user=1.09 sys=0.08, real=0.16 secs] 
2025-07-27T03:00:20.762+0800: 572574.597: [GC pause (G1 Evacuation Pause) (young), 0.2429339 secs]
   [Parallel Time: 232.2 ms, GC Workers: 8]
      [GC Worker Start (ms): Min: 572574601.6, Avg: 572574601.7, Max: 572574601.8, Diff: 0.1]
      [Ext Root Scanning (ms): Min: 2.9, Avg: 3.4, Max: 5.6, Diff: 2.7, Sum: 27.4]
      [Update RS (ms): Min: 29.0, Avg: 30.7, Max: 31.3, Diff: 2.4, Sum: 245.6]
         [Processed Buffers: Min: 17, Avg: 38.1, Max: 81, Diff: 64, Sum: 305]
      [Scan RS (ms): Min: 0.1, Avg: 0.3, Max: 0.4, Diff: 0.3, Sum: 2.5]
      [Code Root Scanning (ms): Min: 0.0, Avg: 0.0, Max: 0.0, Diff: 0.0, Sum: 0.1]
      [Object Copy (ms): Min: 197.3, Avg: 197.5, Max: 197.6, Diff: 0.3, Sum: 1580.0]
      [Termination (ms): Min: 0.0, Avg: 0.0, Max: 0.0, Diff: 0.0, Sum: 0.0]
         [Termination Attempts: Min: 1, Avg: 1.1, Max: 2, Diff: 1, Sum: 9]
      [GC Worker Other (ms): Min: 0.1, Avg: 0.1, Max: 0.2, Diff: 0.1, Sum: 1.1]
      [GC Worker Total (ms): Min: 232.0, Avg: 232.1, Max: 232.2, Diff: 0.1, Sum: 1856.6]
      [GC Worker End (ms): Min: 572574833.7, Avg: 572574833.8, Max: 572574833.8, Diff: 0.1]
   [Code Root Fixup: 0.1 ms]
   [Code Root Purge: 0.0 ms]
   [Clear CT: 0.4 ms]
   [Other: 10.2 ms]
      [Choose CSet: 0.0 ms]
      [Ref Proc: 1.2 ms]
      [Ref Enq: 0.1 ms]
      [Redirty Cards: 0.8 ms]
      [Humongous Register: 3.2 ms]
      [Humongous Reclaim: 0.1 ms]
      [Free CSet: 3.4 ms]
   [Eden: 2396.0M(2396.0M)->0.0B(2216.0M) Survivors: 320.0M->226.0M Heap: 4708.3M(6144.0M)->2516.2M(6144.0M)]
 [Times: user=1.79 sys=0.08, real=0.24 secs] 
2025-07-27T03:00:53.367+0800: 572607.202: [GC pause (G1 Evacuation Pause) (young) (initial-mark), 0.1168442 secs]
   [Parallel Time: 111.0 ms, GC Workers: 8]
      [GC Worker Start (ms): Min: 572607204.2, Avg: 572607204.2, Max: 572607204.3, Diff: 0.1]
      [Ext Root Scanning (ms): Min: 3.5, Avg: 3.7, Max: 4.1, Diff: 0.6, Sum: 29.4]
      [Update RS (ms): Min: 31.7, Avg: 31.8, Max: 32.2, Diff: 0.4, Sum: 254.7]
         [Processed Buffers: Min: 109, Avg: 114.4, Max: 119, Diff: 10, Sum: 915]
      [Scan RS (ms): Min: 2.2, Avg: 2.5, Max: 2.6, Diff: 0.4, Sum: 19.7]
      [Code Root Scanning (ms): Min: 0.0, Avg: 0.0, Max: 0.0, Diff: 0.0, Sum: 0.0]
      [Object Copy (ms): Min: 71.9, Avg: 72.3, Max: 72.5, Diff: 0.5, Sum: 578.2]
      [Termination (ms): Min: 0.0, Avg: 0.1, Max: 0.1, Diff: 0.1, Sum: 0.8]
         [Termination Attempts: Min: 1, Avg: 90.0, Max: 114, Diff: 113, Sum: 720]
      [GC Worker Other (ms): Min: 0.0, Avg: 0.1, Max: 0.1, Diff: 0.1, Sum: 0.5]
      [GC Worker Total (ms): Min: 110.4, Avg: 110.4, Max: 110.5, Diff: 0.1, Sum: 883.2]
      [GC Worker End (ms): Min: 572607314.6, Avg: 572607314.6, Max: 572607314.7, Diff: 0.1]
   [Code Root Fixup: 0.0 ms]
   [Code Root Purge: 0.0 ms]
   [Clear CT: 0.5 ms]
   [Other: 5.4 ms]
      [Choose CSet: 0.0 ms]
      [Ref Proc: 1.2 ms]
      [Ref Enq: 0.1 ms]
      [Redirty Cards: 0.7 ms]
      [Humongous Register: 0.6 ms]
      [Humongous Reclaim: 0.1 ms]
      [Free CSet: 1.4 ms]
   [Eden: 1916.0M(1916.0M)->0.0B(2312.0M) Survivors: 226.0M->38.0M Heap: 4432.2M(6144.0M)->2531.2M(6144.0M)]
 [Times: user=0.78 sys=0.10, real=0.11 secs] 
2025-07-27T03:00:53.484+0800: 572607.320: [GC concurrent-root-region-scan-start]
2025-07-27T03:00:53.492+0800: 572607.327: [GC concurrent-root-region-scan-end, 0.0078740 secs]
2025-07-27T03:00:53.492+0800: 572607.327: [GC concurrent-mark-start]
2025-07-27T03:00:54.257+0800: 572608.093: [GC concurrent-mark-end, 0.7655136 secs]
2025-07-27T03:00:54.261+0800: 572608.097: [GC remark 2025-07-27T03:00:54.261+0800: 572608.097: [Finalize Marking, 0.0006483 secs] 2025-07-27T03:00:54.262+0800: 572608.097: [GC ref-proc, 0.0086500 secs] 2025-07-27T03:00:54.271+0800: 572608.106: [Unloading, 0.0536179 secs], 0.0658152 secs]
 [Times: user=0.32 sys=0.05, real=0.07 secs] 
2025-07-27T03:00:54.331+0800: 572608.167: [GC cleanup 2598M->2316M(6144M), 0.0036672 secs]
 [Times: user=0.02 sys=0.00, real=0.00 secs] 
2025-07-27T03:00:54.335+0800: 572608.171: [GC concurrent-cleanup-start]
2025-07-27T03:00:54.336+0800: 572608.171: [GC concurrent-cleanup-end, 0.0004414 secs]
2025-07-27T03:01:20.803+0800: 572634.638: [GC pause (G1 Evacuation Pause) (young), 0.0414246 secs]
   [Parallel Time: 32.3 ms, GC Workers: 8]
      [GC Worker Start (ms): Min: 572634642.1, Avg: 572634642.2, Max: 572634642.4, Diff: 0.3]
      [Ext Root Scanning (ms): Min: 3.3, Avg: 4.7, Max: 12.0, Diff: 8.7, Sum: 37.4]
      [Update RS (ms): Min: 12.8, Avg: 20.0, Max: 21.8, Diff: 9.0, Sum: 159.7]
         [Processed Buffers: Min: 75, Avg: 105.6, Max: 124, Diff: 49, Sum: 845]
      [Scan RS (ms): Min: 0.1, Avg: 0.2, Max: 0.4, Diff: 0.3, Sum: 1.7]
      [Code Root Scanning (ms): Min: 0.0, Avg: 0.0, Max: 0.0, Diff: 0.0, Sum: 0.0]
      [Object Copy (ms): Min: 6.7, Avg: 7.1, Max: 7.3, Diff: 0.6, Sum: 56.6]
      [Termination (ms): Min: 0.0, Avg: 0.0, Max: 0.0, Diff: 0.0, Sum: 0.0]
         [Termination Attempts: Min: 1, Avg: 1.0, Max: 1, Diff: 0, Sum: 8]
      [GC Worker Other (ms): Min: 0.0, Avg: 0.1, Max: 0.1, Diff: 0.1, Sum: 0.7]
      [GC Worker Total (ms): Min: 31.9, Avg: 32.0, Max: 32.2, Diff: 0.4, Sum: 256.1]
      [GC Worker End (ms): Min: 572634674.2, Avg: 572634674.3, Max: 572634674.3, Diff: 0.1]
   [Code Root Fixup: 0.1 ms]
   [Code Root Purge: 0.0 ms]
   [Clear CT: 0.4 ms]
   [Other: 8.6 ms]
      [Choose CSet: 0.0 ms]
      [Ref Proc: 1.2 ms]
      [Ref Enq: 0.1 ms]
      [Redirty Cards: 0.1 ms]
      [Humongous Register: 2.6 ms]
      [Humongous Reclaim: 0.3 ms]
      [Free CSet: 2.8 ms]
   [Eden: 2312.0M(2312.0M)->0.0B(264.0M) Survivors: 38.0M->42.0M Heap: 4615.8M(6144.0M)->2256.5M(6144.0M)]
 [Times: user=0.23 sys=0.03, real=0.04 secs] 
2025-07-27T03:01:21.252+0800: 572635.087: [GC pause (G1 Evacuation Pause) (mixed), 0.0227840 secs]
   [Parallel Time: 17.5 ms, GC Workers: 8]
      [GC Worker Start (ms): Min: 572635088.6, Avg: 572635088.6, Max: 572635088.7, Diff: 0.1]
      [Ext Root Scanning (ms): Min: 2.3, Avg: 2.5, Max: 3.0, Diff: 0.7, Sum: 20.3]
      [Update RS (ms): Min: 4.2, Avg: 4.7, Max: 5.1, Diff: 0.8, Sum: 37.2]
         [Processed Buffers: Min: 23, Avg: 31.1, Max: 40, Diff: 17, Sum: 249]
      [Scan RS (ms): Min: 2.3, Avg: 2.7, Max: 2.8, Diff: 0.4, Sum: 21.5]
      [Code Root Scanning (ms): Min: 0.0, Avg: 0.0, Max: 0.0, Diff: 0.0, Sum: 0.0]
      [Object Copy (ms): Min: 7.2, Avg: 7.4, Max: 7.5, Diff: 0.3, Sum: 58.9]
      [Termination (ms): Min: 0.0, Avg: 0.1, Max: 0.1, Diff: 0.1, Sum: 0.4]
         [Termination Attempts: Min: 1, Avg: 1.0, Max: 1, Diff: 0, Sum: 8]
      [GC Worker Other (ms): Min: 0.0, Avg: 0.0, Max: 0.0, Diff: 0.0, Sum: 0.2]
      [GC Worker Total (ms): Min: 17.3, Avg: 17.3, Max: 17.4, Diff: 0.1, Sum: 138.5]
      [GC Worker End (ms): Min: 572635105.9, Avg: 572635105.9, Max: 572635105.9, Diff: 0.0]
   [Code Root Fixup: 0.0 ms]
   [Code Root Purge: 0.0 ms]
   [Clear CT: 0.3 ms]
   [Other: 4.9 ms]
      [Choose CSet: 0.7 ms]
      [Ref Proc: 0.3 ms]
      [Ref Enq: 0.0 ms]
      [Redirty Cards: 0.2 ms]
      [Humongous Register: 0.4 ms]
      [Humongous Reclaim: 0.1 ms]
      [Free CSet: 2.4 ms]
   [Eden: 264.0M(264.0M)->0.0B(294.0M) Survivors: 42.0M->12.0M Heap: 2543.5M(6144.0M)->1644.6M(6144.0M)]
 [Times: user=0.09 sys=0.06, real=0.02 secs] 
2025-07-27T03:01:23.713+0800: 572637.548: [GC pause (G1 Evacuation Pause) (mixed), 0.0313088 secs]
   [Parallel Time: 27.1 ms, GC Workers: 8]
      [GC Worker Start (ms): Min: 572637549.5, Avg: 572637549.6, Max: 572637549.7, Diff: 0.1]
      [Ext Root Scanning (ms): Min: 2.4, Avg: 2.7, Max: 3.5, Diff: 1.0, Sum: 21.5]
      [Update RS (ms): Min: 7.9, Avg: 8.3, Max: 8.6, Diff: 0.7, Sum: 66.4]
         [Processed Buffers: Min: 30, Avg: 43.6, Max: 54, Diff: 24, Sum: 349]
      [Scan RS (ms): Min: 3.9, Avg: 4.1, Max: 4.2, Diff: 0.3, Sum: 32.6]
      [Code Root Scanning (ms): Min: 0.0, Avg: 0.0, Max: 0.0, Diff: 0.0, Sum: 0.0]
      [Object Copy (ms): Min: 11.4, Avg: 11.6, Max: 11.8, Diff: 0.3, Sum: 93.1]
      [Termination (ms): Min: 0.0, Avg: 0.2, Max: 0.3, Diff: 0.2, Sum: 1.5]
         [Termination Attempts: Min: 1, Avg: 48.0, Max: 63, Diff: 62, Sum: 384]
      [GC Worker Other (ms): Min: 0.0, Avg: 0.0, Max: 0.0, Diff: 0.0, Sum: 0.2]
      [GC Worker Total (ms): Min: 26.8, Avg: 26.9, Max: 27.0, Diff: 0.2, Sum: 215.3]
      [GC Worker End (ms): Min: 572637576.5, Avg: 572637576.5, Max: 572637576.6, Diff: 0.1]
   [Code Root Fixup: 0.0 ms]
   [Code Root Purge: 0.0 ms]
   [Clear CT: 0.4 ms]
   [Other: 3.8 ms]
      [Choose CSet: 0.6 ms]
      [Ref Proc: 0.4 ms]
      [Ref Enq: 0.0 ms]
      [Redirty Cards: 0.2 ms]
      [Humongous Register: 0.3 ms]
      [Humongous Reclaim: 0.2 ms]
      [Free CSet: 1.1 ms]
   [Eden: 294.0M(294.0M)->0.0B(3390.0M) Survivors: 12.0M->24.0M Heap: 1956.6M(6144.0M)->1486.3M(6144.0M)]
 [Times: user=0.22 sys=0.00, real=0.03 secs] 
2025-07-27T03:02:18.580+0800: 572692.416: [GC pause (G1 Evacuation Pause) (young), 0.0387761 secs]
   [Parallel Time: 27.5 ms, GC Workers: 8]
      [GC Worker Start (ms): Min: 572692419.8, Avg: 572692419.9, Max: 572692420.0, Diff: 0.2]
      [Ext Root Scanning (ms): Min: 3.2, Avg: 4.5, Max: 11.6, Diff: 8.4, Sum: 36.2]
      [Update RS (ms): Min: 6.3, Avg: 13.0, Max: 14.1, Diff: 7.8, Sum: 103.7]
         [Processed Buffers: Min: 13, Avg: 47.8, Max: 67, Diff: 54, Sum: 382]
      [Scan RS (ms): Min: 0.3, Avg: 0.4, Max: 0.4, Diff: 0.1, Sum: 2.9]
      [Code Root Scanning (ms): Min: 0.0, Avg: 0.0, Max: 0.0, Diff: 0.0, Sum: 0.1]
      [Object Copy (ms): Min: 8.9, Avg: 9.1, Max: 9.3, Diff: 0.4, Sum: 73.0]
      [Termination (ms): Min: 0.0, Avg: 0.1, Max: 0.1, Diff: 0.1, Sum: 0.8]
         [Termination Attempts: Min: 1, Avg: 95.9, Max: 124, Diff: 123, Sum: 767]
      [GC Worker Other (ms): Min: 0.2, Avg: 0.2, Max: 0.2, Diff: 0.1, Sum: 1.6]
      [GC Worker Total (ms): Min: 27.1, Avg: 27.3, Max: 27.4, Diff: 0.3, Sum: 218.1]
      [GC Worker End (ms): Min: 572692447.1, Avg: 572692447.2, Max: 572692447.2, Diff: 0.1]
   [Code Root Fixup: 0.0 ms]
   [Code Root Purge: 0.0 ms]
   [Clear CT: 0.6 ms]
   [Other: 10.7 ms]
      [Choose CSet: 0.0 ms]
      [Ref Proc: 2.1 ms]
      [Ref Enq: 0.2 ms]
      [Redirty Cards: 0.1 ms]
      [Humongous Register: 3.0 ms]
      [Humongous Reclaim: 0.1 ms]
      [Free CSet: 4.1 ms]
   [Eden: 3390.0M(3390.0M)->0.0B(3402.0M) Survivors: 24.0M->38.0M Heap: 4876.3M(6144.0M)->1501.1M(6144.0M)]
 [Times: user=0.10 sys=0.13, real=0.04 secs] 
2025-07-27T03:04:00.655+0800: 572794.490: [GC pause (G1 Evacuation Pause) (young), 0.0387319 secs]
   [Parallel Time: 29.0 ms, GC Workers: 8]
      [GC Worker Start (ms): Min: 572794492.9, Avg: 572794493.0, Max: 572794493.1, Diff: 0.2]
      [Ext Root Scanning (ms): Min: 2.5, Avg: 4.6, Max: 10.6, Diff: 8.1, Sum: 36.7]
      [Update RS (ms): Min: 10.7, Avg: 16.0, Max: 17.1, Diff: 6.3, Sum: 127.7]
         [Processed Buffers: Min: 55, Avg: 113.2, Max: 137, Diff: 82, Sum: 906]
      [Scan RS (ms): Min: 0.6, Avg: 0.9, Max: 1.1, Diff: 0.5, Sum: 7.1]
      [Code Root Scanning (ms): Min: 0.0, Avg: 0.0, Max: 0.0, Diff: 0.0, Sum: 0.1]
      [Object Copy (ms): Min: 6.8, Avg: 7.2, Max: 8.3, Diff: 1.5, Sum: 57.3]
      [Termination (ms): Min: 0.0, Avg: 0.0, Max: 0.0, Diff: 0.0, Sum: 0.0]
         [Termination Attempts: Min: 1, Avg: 1.8, Max: 4, Diff: 3, Sum: 14]
      [GC Worker Other (ms): Min: 0.1, Avg: 0.1, Max: 0.3, Diff: 0.2, Sum: 1.1]
      [GC Worker Total (ms): Min: 28.6, Avg: 28.7, Max: 28.8, Diff: 0.2, Sum: 230.0]
      [GC Worker End (ms): Min: 572794521.7, Avg: 572794521.7, Max: 572794521.7, Diff: 0.1]
   [Code Root Fixup: 0.1 ms]
   [Code Root Purge: 0.0 ms]
   [Clear CT: 0.7 ms]
   [Other: 9.0 ms]
      [Choose CSet: 0.0 ms]
      [Ref Proc: 1.6 ms]
      [Ref Enq: 0.2 ms]
      [Redirty Cards: 0.1 ms]
      [Humongous Register: 1.5 ms]
      [Humongous Reclaim: 0.4 ms]
      [Free CSet: 4.0 ms]
   [Eden: 3402.0M(3402.0M)->0.0B(3436.0M) Survivors: 38.0M->28.0M Heap: 5044.7M(6144.0M)->1491.1M(6144.0M)]
 [Times: user=0.23 sys=0.02, real=0.04 secs] 
2025-07-27T03:06:54.308+0800: 572968.144: [GC pause (G1 Evacuation Pause) (young), 0.0526094 secs]
   [Parallel Time: 43.2 ms, GC Workers: 8]
      [GC Worker Start (ms): Min: 572968146.1, Avg: 572968146.2, Max: 572968146.3, Diff: 0.2]
      [Ext Root Scanning (ms): Min: 3.5, Avg: 4.5, Max: 10.6, Diff: 7.2, Sum: 35.8]
      [Update RS (ms): Min: 23.8, Avg: 29.1, Max: 30.2, Diff: 6.4, Sum: 232.8]
         [Processed Buffers: Min: 115, Avg: 161.8, Max: 182, Diff: 67, Sum: 1294]
      [Scan RS (ms): Min: 0.7, Avg: 1.3, Max: 1.5, Diff: 0.8, Sum: 10.4]
      [Code Root Scanning (ms): Min: 0.0, Avg: 0.0, Max: 0.0, Diff: 0.0, Sum: 0.1]
      [Object Copy (ms): Min: 7.9, Avg: 8.1, Max: 8.1, Diff: 0.3, Sum: 64.4]
      [Termination (ms): Min: 0.0, Avg: 0.0, Max: 0.0, Diff: 0.0, Sum: 0.0]
         [Termination Attempts: Min: 1, Avg: 1.1, Max: 2, Diff: 1, Sum: 9]
      [GC Worker Other (ms): Min: 0.1, Avg: 0.1, Max: 0.2, Diff: 0.1, Sum: 0.8]
      [GC Worker Total (ms): Min: 42.9, Avg: 43.0, Max: 43.2, Diff: 0.2, Sum: 344.3]
      [GC Worker End (ms): Min: 572968189.2, Avg: 572968189.2, Max: 572968189.3, Diff: 0.1]
   [Code Root Fixup: 0.0 ms]
   [Code Root Purge: 0.0 ms]
   [Clear CT: 0.7 ms]
   [Other: 8.7 ms]
      [Choose CSet: 0.0 ms]
      [Ref Proc: 1.3 ms]
      [Ref Enq: 0.1 ms]
      [Redirty Cards: 0.1 ms]
      [Humongous Register: 1.6 ms]
      [Humongous Reclaim: 0.5 ms]
      [Free CSet: 4.2 ms]
   [Eden: 3436.0M(3436.0M)->0.0B(3452.0M) Survivors: 28.0M->30.0M Heap: 5114.9M(6144.0M)->1492.1M(6144.0M)]
 [Times: user=0.30 sys=0.05, real=0.05 secs] 
2025-07-27T03:09:21.610+0800: 573115.445: [GC pause (G1 Evacuation Pause) (young), 0.0473460 secs]
   [Parallel Time: 38.0 ms, GC Workers: 8]
      [GC Worker Start (ms): Min: 573115447.4, Avg: 573115447.5, Max: 573115447.6, Diff: 0.2]
      [Ext Root Scanning (ms): Min: 2.7, Avg: 4.3, Max: 12.9, Diff: 10.3, Sum: 34.2]
      [Update RS (ms): Min: 10.3, Avg: 18.9, Max: 21.0, Diff: 10.7, Sum: 151.0]
         [Processed Buffers: Min: 63, Avg: 128.5, Max: 159, Diff: 96, Sum: 1028]
      [Scan RS (ms): Min: 1.0, Avg: 1.7, Max: 1.9, Diff: 0.9, Sum: 13.3]
      [Code Root Scanning (ms): Min: 0.0, Avg: 0.0, Max: 0.0, Diff: 0.0, Sum: 0.1]
      [Object Copy (ms): Min: 12.7, Avg: 12.9, Max: 13.0, Diff: 0.3, Sum: 103.1]
      [Termination (ms): Min: 0.0, Avg: 0.0, Max: 0.0, Diff: 0.0, Sum: 0.1]
         [Termination Attempts: Min: 1, Avg: 16.2, Max: 22, Diff: 21, Sum: 130]
      [GC Worker Other (ms): Min: 0.1, Avg: 0.1, Max: 0.2, Diff: 0.1, Sum: 0.9]
      [GC Worker Total (ms): Min: 37.7, Avg: 37.8, Max: 37.9, Diff: 0.2, Sum: 302.7]
      [GC Worker End (ms): Min: 573115485.3, Avg: 573115485.3, Max: 573115485.4, Diff: 0.1]
   [Code Root Fixup: 0.0 ms]
   [Code Root Purge: 0.0 ms]
   [Clear CT: 0.7 ms]
   [Other: 8.6 ms]
      [Choose CSet: 0.0 ms]
      [Ref Proc: 1.4 ms]
      [Ref Enq: 0.1 ms]
      [Redirty Cards: 0.1 ms]
      [Humongous Register: 1.4 ms]
      [Humongous Reclaim: 0.5 ms]
      [Free CSet: 4.2 ms]
   [Eden: 3452.0M(3452.0M)->0.0B(3450.0M) Survivors: 30.0M->44.0M Heap: 5158.4M(6144.0M)->1506.1M(6144.0M)]
 [Times: user=0.28 sys=0.03, real=0.05 secs] 
2025-07-27T03:10:42.722+0800: 573196.557: [GC pause (G1 Evacuation Pause) (young), 0.0475249 secs]
   [Parallel Time: 35.8 ms, GC Workers: 8]
      [GC Worker Start (ms): Min: 573196561.1, Avg: 573196561.2, Max: 573196561.3, Diff: 0.2]
      [Ext Root Scanning (ms): Min: 3.2, Avg: 4.7, Max: 13.8, Diff: 10.6, Sum: 37.5]
      [Update RS (ms): Min: 6.7, Avg: 15.6, Max: 17.3, Diff: 10.6, Sum: 124.7]
         [Processed Buffers: Min: 56, Avg: 99.0, Max: 119, Diff: 63, Sum: 792]
      [Scan RS (ms): Min: 0.1, Avg: 0.3, Max: 0.5, Diff: 0.4, Sum: 2.7]
      [Code Root Scanning (ms): Min: 0.0, Avg: 0.0, Max: 0.0, Diff: 0.0, Sum: 0.1]
      [Object Copy (ms): Min: 14.6, Avg: 14.8, Max: 15.0, Diff: 0.4, Sum: 118.7]
      [Termination (ms): Min: 0.0, Avg: 0.0, Max: 0.0, Diff: 0.0, Sum: 0.0]
         [Termination Attempts: Min: 1, Avg: 1.8, Max: 3, Diff: 2, Sum: 14]
      [GC Worker Other (ms): Min: 0.1, Avg: 0.1, Max: 0.2, Diff: 0.1, Sum: 1.1]
      [GC Worker Total (ms): Min: 35.5, Avg: 35.6, Max: 35.7, Diff: 0.2, Sum: 284.7]
      [GC Worker End (ms): Min: 573196596.7, Avg: 573196596.8, Max: 573196596.8, Diff: 0.1]
   [Code Root Fixup: 0.0 ms]
   [Code Root Purge: 0.0 ms]
   [Clear CT: 0.5 ms]
   [Other: 11.2 ms]
      [Choose CSet: 0.0 ms]
      [Ref Proc: 2.3 ms]
      [Ref Enq: 0.2 ms]
      [Redirty Cards: 0.2 ms]
      [Humongous Register: 3.0 ms]
      [Humongous Reclaim: 0.3 ms]
      [Free CSet: 4.2 ms]
   [Eden: 3450.0M(3450.0M)->0.0B(3446.0M) Survivors: 44.0M->52.0M Heap: 5025.4M(6144.0M)->1514.1M(6144.0M)]
 [Times: user=0.24 sys=0.07, real=0.05 secs] 
2025-07-27T03:11:22.156+0800: 573235.992: [GC pause (G1 Evacuation Pause) (young), 0.0416001 secs]
   [Parallel Time: 33.2 ms, GC Workers: 8]
      [GC Worker Start (ms): Min: 573235992.8, Avg: 573235992.9, Max: 573235993.0, Diff: 0.2]
      [Ext Root Scanning (ms): Min: 2.9, Avg: 4.0, Max: 10.0, Diff: 7.2, Sum: 31.9]
      [Update RS (ms): Min: 12.5, Avg: 18.4, Max: 19.9, Diff: 7.3, Sum: 147.1]
         [Processed Buffers: Min: 104, Avg: 124.1, Max: 145, Diff: 41, Sum: 993]
      [Scan RS (ms): Min: 0.1, Avg: 0.4, Max: 0.5, Diff: 0.4, Sum: 2.9]
      [Code Root Scanning (ms): Min: 0.0, Avg: 0.0, Max: 0.0, Diff: 0.0, Sum: 0.1]
      [Object Copy (ms): Min: 9.9, Avg: 10.0, Max: 10.2, Diff: 0.3, Sum: 80.3]
      [Termination (ms): Min: 0.0, Avg: 0.0, Max: 0.0, Diff: 0.0, Sum: 0.2]
         [Termination Attempts: Min: 1, Avg: 32.6, Max: 45, Diff: 44, Sum: 261]
      [GC Worker Other (ms): Min: 0.0, Avg: 0.1, Max: 0.2, Diff: 0.1, Sum: 0.8]
      [GC Worker Total (ms): Min: 32.8, Avg: 32.9, Max: 33.0, Diff: 0.2, Sum: 263.3]
      [GC Worker End (ms): Min: 573236025.7, Avg: 573236025.8, Max: 573236025.8, Diff: 0.1]
   [Code Root Fixup: 0.0 ms]
   [Code Root Purge: 0.0 ms]
   [Clear CT: 0.6 ms]
   [Other: 7.8 ms]
      [Choose CSet: 0.0 ms]
      [Ref Proc: 1.6 ms]
      [Ref Enq: 0.2 ms]
      [Redirty Cards: 0.1 ms]
      [Humongous Register: 0.5 ms]
      [Humongous Reclaim: 0.3 ms]
      [Free CSet: 4.0 ms]
   [Eden: 3446.0M(3446.0M)->0.0B(3458.0M) Survivors: 52.0M->48.0M Heap: 5055.8M(6144.0M)->1510.1M(6144.0M)]
 [Times: user=0.25 sys=0.02, real=0.05 secs] 
2025-07-27T03:12:19.340+0800: 573293.175: [GC pause (G1 Evacuation Pause) (young), 0.0369584 secs]
   [Parallel Time: 25.0 ms, GC Workers: 8]
      [GC Worker Start (ms): Min: 573293179.1, Avg: 573293179.2, Max: 573293179.3, Diff: 0.2]
      [Ext Root Scanning (ms): Min: 3.4, Avg: 4.7, Max: 11.9, Diff: 8.5, Sum: 37.2]
      [Update RS (ms): Min: 0.0, Avg: 4.6, Max: 5.9, Diff: 5.9, Sum: 37.2]
         [Processed Buffers: Min: 0, Avg: 29.0, Max: 45, Diff: 45, Sum: 232]
      [Scan RS (ms): Min: 0.1, Avg: 0.3, Max: 0.5, Diff: 0.4, Sum: 2.6]
      [Code Root Scanning (ms): Min: 0.0, Avg: 0.0, Max: 0.0, Diff: 0.0, Sum: 0.1]
      [Object Copy (ms): Min: 12.6, Avg: 14.9, Max: 15.5, Diff: 3.0, Sum: 119.4]
      [Termination (ms): Min: 0.0, Avg: 0.2, Max: 0.2, Diff: 0.2, Sum: 1.3]
         [Termination Attempts: Min: 1, Avg: 142.5, Max: 192, Diff: 191, Sum: 1140]
      [GC Worker Other (ms): Min: 0.1, Avg: 0.1, Max: 0.2, Diff: 0.1, Sum: 1.0]
      [GC Worker Total (ms): Min: 24.8, Avg: 24.9, Max: 25.0, Diff: 0.2, Sum: 198.9]
      [GC Worker End (ms): Min: 573293204.1, Avg: 573293204.1, Max: 573293204.1, Diff: 0.1]
   [Code Root Fixup: 0.0 ms]
   [Code Root Purge: 0.0 ms]
   [Clear CT: 0.6 ms]
   [Other: 11.3 ms]
      [Choose CSet: 0.0 ms]
      [Ref Proc: 2.5 ms]
      [Ref Enq: 0.3 ms]
      [Redirty Cards: 0.1 ms]
      [Humongous Register: 2.9 ms]
      [Humongous Reclaim: 0.1 ms]
      [Free CSet: 4.1 ms]
   [Eden: 3458.0M(3458.0M)->0.0B(3454.0M) Survivors: 48.0M->56.0M Heap: 4968.1M(6144.0M)->1518.8M(6144.0M)]
 [Times: user=0.18 sys=0.04, real=0.04 secs] 
2025-07-27T03:14:03.674+0800: 573397.509: [GC pause (G1 Evacuation Pause) (young), 0.0500034 secs]
   [Parallel Time: 42.9 ms, GC Workers: 8]
      [GC Worker Start (ms): Min: 573397510.7, Avg: 573397510.7, Max: 573397510.9, Diff: 0.2]
      [Ext Root Scanning (ms): Min: 2.5, Avg: 3.5, Max: 9.1, Diff: 6.6, Sum: 27.8]
      [Update RS (ms): Min: 22.9, Avg: 28.4, Max: 29.4, Diff: 6.5, Sum: 227.1]
         [Processed Buffers: Min: 156, Avg: 171.9, Max: 188, Diff: 32, Sum: 1375]
      [Scan RS (ms): Min: 0.2, Avg: 0.4, Max: 0.5, Diff: 0.2, Sum: 2.9]
      [Code Root Scanning (ms): Min: 0.0, Avg: 0.0, Max: 0.0, Diff: 0.0, Sum: 0.1]
      [Object Copy (ms): Min: 10.3, Avg: 10.4, Max: 10.6, Diff: 0.3, Sum: 83.4]
      [Termination (ms): Min: 0.0, Avg: 0.0, Max: 0.1, Diff: 0.1, Sum: 0.3]
         [Termination Attempts: Min: 1, Avg: 41.0, Max: 57, Diff: 56, Sum: 328]
      [GC Worker Other (ms): Min: 0.0, Avg: 0.1, Max: 0.1, Diff: 0.1, Sum: 0.6]
      [GC Worker Total (ms): Min: 42.6, Avg: 42.8, Max: 42.8, Diff: 0.2, Sum: 342.1]
      [GC Worker End (ms): Min: 573397553.5, Avg: 573397553.5, Max: 573397553.6, Diff: 0.1]
   [Code Root Fixup: 0.0 ms]
   [Code Root Purge: 0.0 ms]
   [Clear CT: 0.6 ms]
   [Other: 6.4 ms]
      [Choose CSet: 0.0 ms]
      [Ref Proc: 1.9 ms]
      [Ref Enq: 0.2 ms]
      [Redirty Cards: 0.1 ms]
      [Humongous Register: 0.7 ms]
      [Humongous Reclaim: 0.5 ms]
      [Free CSet: 2.0 ms]
   [Eden: 3454.0M(3454.0M)->0.0B(3484.0M) Survivors: 56.0M->34.0M Heap: 5114.6M(6144.0M)->1496.1M(6144.0M)]
 [Times: user=0.30 sys=0.05, real=0.05 secs] 
2025-07-27T03:16:56.959+0800: 573570.794: [GC pause (G1 Evacuation Pause) (young), 0.0554075 secs]
   [Parallel Time: 45.3 ms, GC Workers: 8]
      [GC Worker Start (ms): Min: 573570796.1, Avg: 573570796.2, Max: 573570796.3, Diff: 0.2]
      [Ext Root Scanning (ms): Min: 3.3, Avg: 4.7, Max: 12.4, Diff: 9.1, Sum: 37.4]
      [Update RS (ms): Min: 19.3, Avg: 26.5, Max: 28.6, Diff: 9.4, Sum: 212.3]
         [Processed Buffers: Min: 132, Avg: 165.1, Max: 195, Diff: 63, Sum: 1321]
      [Scan RS (ms): Min: 1.2, Avg: 2.0, Max: 2.2, Diff: 1.1, Sum: 16.1]
      [Code Root Scanning (ms): Min: 0.0, Avg: 0.0, Max: 0.0, Diff: 0.0, Sum: 0.1]
      [Object Copy (ms): Min: 11.5, Avg: 11.7, Max: 11.8, Diff: 0.3, Sum: 93.8]
      [Termination (ms): Min: 0.0, Avg: 0.0, Max: 0.0, Diff: 0.0, Sum: 0.1]
         [Termination Attempts: Min: 3, Avg: 4.4, Max: 6, Diff: 3, Sum: 35]
      [GC Worker Other (ms): Min: 0.0, Avg: 0.1, Max: 0.2, Diff: 0.1, Sum: 1.0]
      [GC Worker Total (ms): Min: 45.0, Avg: 45.1, Max: 45.2, Diff: 0.2, Sum: 360.8]
      [GC Worker End (ms): Min: 573570841.3, Avg: 573570841.3, Max: 573570841.4, Diff: 0.1]
   [Code Root Fixup: 0.1 ms]
   [Code Root Purge: 0.0 ms]
   [Clear CT: 0.6 ms]
   [Other: 9.4 ms]
      [Choose CSet: 0.0 ms]
      [Ref Proc: 1.6 ms]
      [Ref Enq: 0.1 ms]
      [Redirty Cards: 0.1 ms]
      [Humongous Register: 1.4 ms]
      [Humongous Reclaim: 0.6 ms]
      [Free CSet: 4.6 ms]
   [Eden: 3484.0M(3484.0M)->0.0B(3480.0M) Survivors: 34.0M->42.0M Heap: 5168.0M(6144.0M)->1505.1M(6144.0M)]
 [Times: user=0.30 sys=0.06, real=0.05 secs] 
2025-07-27T03:26:43.499+0800: 574157.335: [GC pause (G1 Evacuation Pause) (young), 0.0474036 secs]
   [Parallel Time: 35.2 ms, GC Workers: 8]
      [GC Worker Start (ms): Min: 574157338.5, Avg: 574157338.6, Max: 574157338.7, Diff: 0.2]
      [Ext Root Scanning (ms): Min: 2.8, Avg: 4.1, Max: 11.3, Diff: 8.4, Sum: 32.5]
      [Update RS (ms): Min: 13.1, Avg: 20.3, Max: 22.2, Diff: 9.1, Sum: 162.3]
         [Processed Buffers: Min: 84, Avg: 115.2, Max: 131, Diff: 47, Sum: 922]
      [Scan RS (ms): Min: 1.8, Avg: 2.6, Max: 2.9, Diff: 1.1, Sum: 20.7]
      [Code Root Scanning (ms): Min: 0.0, Avg: 0.0, Max: 0.0, Diff: 0.0, Sum: 0.1]
      [Object Copy (ms): Min: 7.7, Avg: 7.8, Max: 7.9, Diff: 0.2, Sum: 62.5]
      [Termination (ms): Min: 0.0, Avg: 0.0, Max: 0.0, Diff: 0.0, Sum: 0.0]
         [Termination Attempts: Min: 1, Avg: 2.2, Max: 3, Diff: 2, Sum: 18]
      [GC Worker Other (ms): Min: 0.0, Avg: 0.1, Max: 0.2, Diff: 0.2, Sum: 1.2]
      [GC Worker Total (ms): Min: 34.8, Avg: 34.9, Max: 35.0, Diff: 0.2, Sum: 279.2]
      [GC Worker End (ms): Min: 574157373.5, Avg: 574157373.5, Max: 574157373.6, Diff: 0.1]
   [Code Root Fixup: 0.0 ms]
   [Code Root Purge: 0.0 ms]
   [Clear CT: 0.8 ms]
   [Other: 11.3 ms]
      [Choose CSet: 0.0 ms]
      [Ref Proc: 2.2 ms]
      [Ref Enq: 0.1 ms]
      [Redirty Cards: 0.1 ms]
      [Humongous Register: 2.9 ms]
      [Humongous Reclaim: 0.7 ms]
      [Free CSet: 4.3 ms]
   [Eden: 3480.0M(3480.0M)->0.0B(3502.0M) Survivors: 42.0M->30.0M Heap: 5176.6M(6144.0M)->1492.1M(6144.0M)]
 [Times: user=0.23 sys=0.06, real=0.04 secs] 
2025-07-27T03:38:18.723+0800: 574852.559: [GC pause (G1 Evacuation Pause) (young), 0.0505401 secs]
   [Parallel Time: 39.1 ms, GC Workers: 8]
      [GC Worker Start (ms): Min: 574852560.7, Avg: 574852560.8, Max: 574852560.9, Diff: 0.2]
      [Ext Root Scanning (ms): Min: 3.8, Avg: 4.8, Max: 10.5, Diff: 6.7, Sum: 38.2]
      [Update RS (ms): Min: 14.2, Avg: 19.9, Max: 21.2, Diff: 6.9, Sum: 159.0]
         [Processed Buffers: Min: 89, Avg: 107.4, Max: 121, Diff: 32, Sum: 859]
      [Scan RS (ms): Min: 1.8, Avg: 2.3, Max: 2.5, Diff: 0.7, Sum: 18.8]
      [Code Root Scanning (ms): Min: 0.0, Avg: 0.0, Max: 0.0, Diff: 0.0, Sum: 0.1]
      [Object Copy (ms): Min: 11.5, Avg: 11.7, Max: 11.8, Diff: 0.2, Sum: 93.6]
      [Termination (ms): Min: 0.0, Avg: 0.0, Max: 0.0, Diff: 0.0, Sum: 0.0]
         [Termination Attempts: Min: 1, Avg: 1.6, Max: 2, Diff: 1, Sum: 13]
      [GC Worker Other (ms): Min: 0.1, Avg: 0.1, Max: 0.1, Diff: 0.1, Sum: 0.8]
      [GC Worker Total (ms): Min: 38.6, Avg: 38.8, Max: 38.9, Diff: 0.3, Sum: 310.6]
      [GC Worker End (ms): Min: 574852599.6, Avg: 574852599.6, Max: 574852599.7, Diff: 0.1]
   [Code Root Fixup: 0.0 ms]
   [Code Root Purge: 0.0 ms]
   [Clear CT: 0.8 ms]
   [Other: 10.7 ms]
      [Choose CSet: 0.0 ms]
      [Ref Proc: 3.7 ms]
      [Ref Enq: 0.1 ms]
      [Redirty Cards: 0.2 ms]
      [Humongous Register: 1.4 ms]
      [Humongous Reclaim: 0.4 ms]
      [Free CSet: 4.2 ms]
   [Eden: 3502.0M(3502.0M)->0.0B(3472.0M) Survivors: 30.0M->42.0M Heap: 5158.7M(6144.0M)->1518.2M(6144.0M)]
 [Times: user=0.27 sys=0.05, real=0.05 secs] 
2025-07-27T03:40:19.597+0800: 574973.433: [GC pause (G1 Evacuation Pause) (young), 0.0557632 secs]
   [Parallel Time: 45.6 ms, GC Workers: 8]
      [GC Worker Start (ms): Min: 574973435.2, Avg: 574973435.3, Max: 574973435.4, Diff: 0.2]
      [Ext Root Scanning (ms): Min: 3.8, Avg: 5.1, Max: 11.3, Diff: 7.5, Sum: 40.4]
      [Update RS (ms): Min: 23.0, Avg: 29.1, Max: 30.3, Diff: 7.3, Sum: 233.0]
         [Processed Buffers: Min: 132, Avg: 154.1, Max: 171, Diff: 39, Sum: 1233]
      [Scan RS (ms): Min: 0.1, Avg: 0.4, Max: 0.5, Diff: 0.4, Sum: 2.8]
      [Code Root Scanning (ms): Min: 0.0, Avg: 0.0, Max: 0.0, Diff: 0.0, Sum: 0.1]
      [Object Copy (ms): Min: 10.3, Avg: 10.6, Max: 10.8, Diff: 0.5, Sum: 85.0]
      [Termination (ms): Min: 0.0, Avg: 0.0, Max: 0.1, Diff: 0.1, Sum: 0.4]
         [Termination Attempts: Min: 1, Avg: 48.1, Max: 63, Diff: 62, Sum: 385]
      [GC Worker Other (ms): Min: 0.1, Avg: 0.2, Max: 0.5, Diff: 0.4, Sum: 1.6]
      [GC Worker Total (ms): Min: 45.3, Avg: 45.4, Max: 45.5, Diff: 0.2, Sum: 363.3]
      [GC Worker End (ms): Min: 574973480.7, Avg: 574973480.7, Max: 574973480.7, Diff: 0.1]
   [Code Root Fixup: 0.1 ms]
   [Code Root Purge: 0.0 ms]
   [Clear CT: 0.5 ms]
   [Other: 9.6 ms]
      [Choose CSet: 0.0 ms]
      [Ref Proc: 1.8 ms]
      [Ref Enq: 0.1 ms]
      [Redirty Cards: 0.1 ms]
      [Humongous Register: 1.7 ms]
      [Humongous Reclaim: 0.5 ms]
      [Free CSet: 4.3 ms]
   [Eden: 3472.0M(3472.0M)->0.0B(3440.0M) Survivors: 42.0M->64.0M Heap: 5114.2M(6144.0M)->1529.5M(6144.0M)]
 [Times: user=0.31 sys=0.06, real=0.05 secs] 
2025-07-27T03:41:04.788+0800: 575018.623: [GC pause (G1 Evacuation Pause) (young), 0.0425234 secs]
   [Parallel Time: 36.6 ms, GC Workers: 8]
      [GC Worker Start (ms): Min: 575018624.0, Avg: 575018624.1, Max: 575018624.1, Diff: 0.1]
      [Ext Root Scanning (ms): Min: 2.5, Avg: 3.5, Max: 9.2, Diff: 6.7, Sum: 28.1]
      [Update RS (ms): Min: 13.2, Avg: 18.8, Max: 19.9, Diff: 6.7, Sum: 150.2]
         [Processed Buffers: Min: 84, Avg: 120.2, Max: 132, Diff: 48, Sum: 962]
      [Scan RS (ms): Min: 0.1, Avg: 0.3, Max: 0.4, Diff: 0.3, Sum: 2.8]
      [Code Root Scanning (ms): Min: 0.0, Avg: 0.0, Max: 0.0, Diff: 0.0, Sum: 0.1]
      [Object Copy (ms): Min: 13.6, Avg: 13.8, Max: 13.9, Diff: 0.3, Sum: 110.0]
      [Termination (ms): Min: 0.0, Avg: 0.0, Max: 0.0, Diff: 0.0, Sum: 0.2]
         [Termination Attempts: Min: 1, Avg: 34.6, Max: 47, Diff: 46, Sum: 277]
      [GC Worker Other (ms): Min: 0.0, Avg: 0.1, Max: 0.1, Diff: 0.1, Sum: 0.5]
      [GC Worker Total (ms): Min: 36.4, Avg: 36.5, Max: 36.6, Diff: 0.1, Sum: 292.0]
      [GC Worker End (ms): Min: 575018660.6, Avg: 575018660.6, Max: 575018660.6, Diff: 0.1]
   [Code Root Fixup: 0.0 ms]
   [Code Root Purge: 0.0 ms]
   [Clear CT: 0.6 ms]
   [Other: 5.2 ms]
      [Choose CSet: 0.0 ms]
      [Ref Proc: 1.7 ms]
      [Ref Enq: 0.2 ms]
      [Redirty Cards: 0.1 ms]
      [Humongous Register: 0.4 ms]
      [Humongous Reclaim: 0.2 ms]
      [Free CSet: 1.9 ms]
   [Eden: 3440.0M(3440.0M)->0.0B(3452.0M) Survivors: 64.0M->60.0M Heap: 5060.1M(6144.0M)->1523.1M(6144.0M)]
 [Times: user=0.26 sys=0.03, real=0.04 secs] 
2025-07-27T03:41:55.151+0800: 575068.987: [GC pause (G1 Evacuation Pause) (young), 0.0398747 secs]
   [Parallel Time: 29.4 ms, GC Workers: 8]
      [GC Worker Start (ms): Min: 575068989.7, Avg: 575068989.7, Max: 575068989.8, Diff: 0.1]
      [Ext Root Scanning (ms): Min: 3.0, Avg: 3.4, Max: 5.0, Diff: 1.9, Sum: 27.3]
      [Update RS (ms): Min: 11.0, Avg: 12.4, Max: 12.7, Diff: 1.7, Sum: 98.9]
         [Processed Buffers: Min: 59, Avg: 74.6, Max: 88, Diff: 29, Sum: 597]
      [Scan RS (ms): Min: 0.1, Avg: 0.4, Max: 0.5, Diff: 0.4, Sum: 3.1]
      [Code Root Scanning (ms): Min: 0.0, Avg: 0.0, Max: 0.0, Diff: 0.0, Sum: 0.1]
      [Object Copy (ms): Min: 12.3, Avg: 12.8, Max: 13.1, Diff: 0.8, Sum: 102.5]
      [Termination (ms): Min: 0.0, Avg: 0.0, Max: 0.0, Diff: 0.0, Sum: 0.2]
         [Termination Attempts: Min: 1, Avg: 17.6, Max: 25, Diff: 24, Sum: 141]
      [GC Worker Other (ms): Min: 0.1, Avg: 0.2, Max: 0.2, Diff: 0.1, Sum: 1.2]
      [GC Worker Total (ms): Min: 29.1, Avg: 29.2, Max: 29.3, Diff: 0.2, Sum: 233.3]
      [GC Worker End (ms): Min: 575069018.8, Avg: 575069018.9, Max: 575069018.9, Diff: 0.1]
   [Code Root Fixup: 0.0 ms]
   [Code Root Purge: 0.0 ms]
   [Clear CT: 0.6 ms]
   [Other: 9.9 ms]
      [Choose CSet: 0.0 ms]
      [Ref Proc: 1.9 ms]
      [Ref Enq: 0.2 ms]
      [Redirty Cards: 0.1 ms]
      [Humongous Register: 2.3 ms]
      [Humongous Reclaim: 0.2 ms]
      [Free CSet: 4.2 ms]
   [Eden: 3452.0M(3452.0M)->0.0B(3450.0M) Survivors: 60.0M->60.0M Heap: 5021.1M(6144.0M)->1523.1M(6144.0M)]
 [Times: user=0.21 sys=0.04, real=0.04 secs] 
2025-07-27T03:42:44.318+0800: 575118.153: [GC pause (G1 Evacuation Pause) (young), 0.0387524 secs]
   [Parallel Time: 27.8 ms, GC Workers: 8]
      [GC Worker Start (ms): Min: 575118156.6, Avg: 575118156.7, Max: 575118156.8, Diff: 0.3]
      [Ext Root Scanning (ms): Min: 2.9, Avg: 4.3, Max: 11.2, Diff: 8.3, Sum: 34.5]
      [Update RS (ms): Min: 4.9, Avg: 11.5, Max: 13.2, Diff: 8.3, Sum: 91.9]
         [Processed Buffers: Min: 53, Avg: 75.0, Max: 98, Diff: 45, Sum: 600]
      [Scan RS (ms): Min: 0.1, Avg: 0.4, Max: 0.5, Diff: 0.3, Sum: 2.8]
      [Code Root Scanning (ms): Min: 0.0, Avg: 0.0, Max: 0.0, Diff: 0.0, Sum: 0.1]
      [Object Copy (ms): Min: 10.6, Avg: 11.1, Max: 11.4, Diff: 0.8, Sum: 89.2]
      [Termination (ms): Min: 0.0, Avg: 0.0, Max: 0.0, Diff: 0.0, Sum: 0.2]
         [Termination Attempts: Min: 1, Avg: 32.8, Max: 45, Diff: 44, Sum: 262]
      [GC Worker Other (ms): Min: 0.1, Avg: 0.2, Max: 0.2, Diff: 0.1, Sum: 1.4]
      [GC Worker Total (ms): Min: 27.3, Avg: 27.5, Max: 27.6, Diff: 0.3, Sum: 220.1]
      [GC Worker End (ms): Min: 575118184.1, Avg: 575118184.2, Max: 575118184.2, Diff: 0.1]
   [Code Root Fixup: 0.0 ms]
   [Code Root Purge: 0.0 ms]
   [Clear CT: 0.7 ms]
   [Other: 10.2 ms]
      [Choose CSet: 0.0 ms]
      [Ref Proc: 2.0 ms]
      [Ref Enq: 0.2 ms]
      [Redirty Cards: 0.1 ms]
      [Humongous Register: 2.5 ms]
      [Humongous Reclaim: 0.2 ms]
      [Free CSet: 4.1 ms]
   [Eden: 3450.0M(3450.0M)->0.0B(3462.0M) Survivors: 60.0M->54.0M Heap: 5019.2M(6144.0M)->1518.6M(6144.0M)]
 [Times: user=0.21 sys=0.02, real=0.03 secs] 
2025-07-27T03:45:21.907+0800: 575275.743: [GC pause (G1 Evacuation Pause) (young), 0.0367955 secs]
   [Parallel Time: 30.6 ms, GC Workers: 8]
      [GC Worker Start (ms): Min: 575275744.3, Avg: 575275744.3, Max: 575275744.4, Diff: 0.1]
      [Ext Root Scanning (ms): Min: 2.4, Avg: 3.3, Max: 9.0, Diff: 6.6, Sum: 26.4]
      [Update RS (ms): Min: 10.9, Avg: 16.0, Max: 16.8, Diff: 6.0, Sum: 128.1]
         [Processed Buffers: Min: 98, Avg: 116.9, Max: 134, Diff: 36, Sum: 935]
      [Scan RS (ms): Min: 1.5, Avg: 1.8, Max: 1.9, Diff: 0.4, Sum: 14.4]
      [Code Root Scanning (ms): Min: 0.0, Avg: 0.0, Max: 0.0, Diff: 0.0, Sum: 0.1]
      [Object Copy (ms): Min: 9.2, Avg: 9.3, Max: 9.4, Diff: 0.2, Sum: 74.3]
      [Termination (ms): Min: 0.0, Avg: 0.0, Max: 0.0, Diff: 0.0, Sum: 0.0]
         [Termination Attempts: Min: 1, Avg: 1.2, Max: 2, Diff: 1, Sum: 10]
      [GC Worker Other (ms): Min: 0.0, Avg: 0.1, Max: 0.1, Diff: 0.1, Sum: 0.5]
      [GC Worker Total (ms): Min: 30.4, Avg: 30.5, Max: 30.5, Diff: 0.1, Sum: 243.9]
      [GC Worker End (ms): Min: 575275774.8, Avg: 575275774.8, Max: 575275774.8, Diff: 0.1]
   [Code Root Fixup: 0.0 ms]
   [Code Root Purge: 0.0 ms]
   [Clear CT: 0.6 ms]
   [Other: 5.5 ms]
      [Choose CSet: 0.0 ms]
      [Ref Proc: 1.2 ms]
      [Ref Enq: 0.1 ms]
      [Redirty Cards: 0.1 ms]
      [Humongous Register: 0.7 ms]
      [Humongous Reclaim: 0.4 ms]
      [Free CSet: 2.0 ms]
   [Eden: 3462.0M(3462.0M)->0.0B(3492.0M) Survivors: 54.0M->36.0M Heap: 5171.9M(6144.0M)->1500.9M(6144.0M)]
 [Times: user=0.24 sys=0.01, real=0.03 secs] 
2025-07-27T03:48:20.541+0800: 575454.377: [GC pause (G1 Evacuation Pause) (young), 0.0486063 secs]
   [Parallel Time: 38.0 ms, GC Workers: 8]
      [GC Worker Start (ms): Min: 575454378.9, Avg: 575454379.0, Max: 575454379.1, Diff: 0.1]
      [Ext Root Scanning (ms): Min: 2.7, Avg: 3.9, Max: 10.8, Diff: 8.0, Sum: 31.4]
      [Update RS (ms): Min: 15.0, Avg: 21.7, Max: 23.5, Diff: 8.5, Sum: 173.6]
         [Processed Buffers: Min: 102, Avg: 146.5, Max: 163, Diff: 61, Sum: 1172]
      [Scan RS (ms): Min: 1.0, Avg: 1.6, Max: 1.9, Diff: 0.9, Sum: 13.2]
      [Code Root Scanning (ms): Min: 0.0, Avg: 0.0, Max: 0.0, Diff: 0.0, Sum: 0.1]
      [Object Copy (ms): Min: 9.2, Avg: 9.5, Max: 10.4, Diff: 1.2, Sum: 76.1]
      [Termination (ms): Min: 0.0, Avg: 1.0, Max: 1.2, Diff: 1.2, Sum: 7.9]
         [Termination Attempts: Min: 1, Avg: 1.4, Max: 2, Diff: 1, Sum: 11]
      [GC Worker Other (ms): Min: 0.0, Avg: 0.1, Max: 0.1, Diff: 0.0, Sum: 0.4]
      [GC Worker Total (ms): Min: 37.7, Avg: 37.8, Max: 37.9, Diff: 0.3, Sum: 302.7]
      [GC Worker End (ms): Min: 575454416.7, Avg: 575454416.9, Max: 575454416.9, Diff: 0.2]
   [Code Root Fixup: 0.0 ms]
   [Code Root Purge: 0.0 ms]
   [Clear CT: 0.7 ms]
   [Other: 9.8 ms]
      [Choose CSet: 0.0 ms]
      [Ref Proc: 2.5 ms]
      [Ref Enq: 0.1 ms]
      [Redirty Cards: 0.1 ms]
      [Humongous Register: 1.4 ms]
      [Humongous Reclaim: 0.5 ms]
      [Free CSet: 4.2 ms]
   [Eden: 3492.0M(3492.0M)->0.0B(3474.0M) Survivors: 36.0M->38.0M Heap: 5226.8M(6144.0M)->1520.2M(6144.0M)]
 [Times: user=0.31 sys=0.00, real=0.05 secs] 
2025-07-27T03:50:21.409+0800: 575575.245: [GC pause (G1 Evacuation Pause) (young), 0.0672530 secs]
   [Parallel Time: 54.8 ms, GC Workers: 8]
      [GC Worker Start (ms): Min: 575575247.0, Avg: 575575247.1, Max: 575575247.2, Diff: 0.2]
      [Ext Root Scanning (ms): Min: 3.0, Avg: 4.4, Max: 12.4, Diff: 9.3, Sum: 34.9]
      [Update RS (ms): Min: 23.8, Avg: 31.1, Max: 32.6, Diff: 8.7, Sum: 248.7]
         [Processed Buffers: Min: 116, Avg: 148.5, Max: 206, Diff: 90, Sum: 1188]
      [Scan RS (ms): Min: 0.2, Avg: 0.5, Max: 0.7, Diff: 0.5, Sum: 4.2]
      [Code Root Scanning (ms): Min: 0.0, Avg: 0.0, Max: 0.0, Diff: 0.0, Sum: 0.1]
      [Object Copy (ms): Min: 18.1, Avg: 18.4, Max: 18.5, Diff: 0.4, Sum: 147.1]
      [Termination (ms): Min: 0.0, Avg: 0.0, Max: 0.0, Diff: 0.0, Sum: 0.1]
         [Termination Attempts: Min: 1, Avg: 14.4, Max: 22, Diff: 21, Sum: 115]
      [GC Worker Other (ms): Min: 0.1, Avg: 0.2, Max: 0.2, Diff: 0.2, Sum: 1.4]
      [GC Worker Total (ms): Min: 54.4, Avg: 54.6, Max: 54.7, Diff: 0.3, Sum: 436.6]
      [GC Worker End (ms): Min: 575575301.6, Avg: 575575301.7, Max: 575575301.7, Diff: 0.1]
   [Code Root Fixup: 0.1 ms]
   [Code Root Purge: 0.0 ms]
   [Clear CT: 0.7 ms]
   [Other: 11.7 ms]
      [Choose CSet: 0.0 ms]
      [Ref Proc: 1.9 ms]
      [Ref Enq: 0.2 ms]
      [Redirty Cards: 0.2 ms]
      [Humongous Register: 1.7 ms]
      [Humongous Reclaim: 0.6 ms]
      [Free CSet: 5.9 ms]
   [Eden: 3474.0M(3474.0M)->0.0B(3428.0M) Survivors: 38.0M->68.0M Heap: 5112.7M(6144.0M)->1538.0M(6144.0M)]
 [Times: user=0.44 sys=0.01, real=0.06 secs] 
2025-07-27T03:51:14.395+0800: 575628.230: [GC pause (G1 Evacuation Pause) (young), 0.0371354 secs]
   [Parallel Time: 25.6 ms, GC Workers: 8]
      [GC Worker Start (ms): Min: 575628234.1, Avg: 575628234.2, Max: 575628234.3, Diff: 0.2]
      [Ext Root Scanning (ms): Min: 2.9, Avg: 3.4, Max: 5.0, Diff: 2.1, Sum: 27.1]
      [Update RS (ms): Min: 6.8, Avg: 8.1, Max: 9.2, Diff: 2.3, Sum: 65.1]
         [Processed Buffers: Min: 31, Avg: 51.8, Max: 62, Diff: 31, Sum: 414]
      [Scan RS (ms): Min: 0.1, Avg: 0.3, Max: 0.4, Diff: 0.3, Sum: 2.8]
      [Code Root Scanning (ms): Min: 0.0, Avg: 0.0, Max: 0.0, Diff: 0.0, Sum: 0.1]
      [Object Copy (ms): Min: 12.8, Avg: 13.3, Max: 13.5, Diff: 0.7, Sum: 106.5]
      [Termination (ms): Min: 0.0, Avg: 0.0, Max: 0.0, Diff: 0.0, Sum: 0.0]
         [Termination Attempts: Min: 1, Avg: 1.1, Max: 2, Diff: 1, Sum: 9]
      [GC Worker Other (ms): Min: 0.1, Avg: 0.1, Max: 0.2, Diff: 0.1, Sum: 1.2]
      [GC Worker Total (ms): Min: 25.3, Avg: 25.3, Max: 25.4, Diff: 0.1, Sum: 202.6]
      [GC Worker End (ms): Min: 575628259.5, Avg: 575628259.5, Max: 575628259.6, Diff: 0.1]
   [Code Root Fixup: 0.0 ms]
   [Code Root Purge: 0.0 ms]
   [Clear CT: 0.6 ms]
   [Other: 10.9 ms]
      [Choose CSet: 0.0 ms]
      [Ref Proc: 2.0 ms]
      [Ref Enq: 0.1 ms]
      [Redirty Cards: 0.1 ms]
      [Humongous Register: 3.0 ms]
      [Humongous Reclaim: 0.2 ms]
      [Free CSet: 4.4 ms]
   [Eden: 3428.0M(3428.0M)->0.0B(3436.0M) Survivors: 68.0M->62.0M Heap: 4989.2M(6144.0M)->1536.0M(6144.0M)]
 [Times: user=0.18 sys=0.03, real=0.04 secs] 
2025-07-27T03:51:55.826+0800: 575669.662: [GC pause (G1 Evacuation Pause) (young), 0.0413990 secs]
   [Parallel Time: 31.6 ms, GC Workers: 8]
      [GC Worker Start (ms): Min: 575669663.9, Avg: 575669664.0, Max: 575669664.0, Diff: 0.1]
      [Ext Root Scanning (ms): Min: 3.2, Avg: 4.4, Max: 11.3, Diff: 8.1, Sum: 35.0]
      [Update RS (ms): Min: 12.7, Avg: 19.5, Max: 21.4, Diff: 8.7, Sum: 155.8]
         [Processed Buffers: Min: 102, Avg: 122.9, Max: 133, Diff: 31, Sum: 983]
      [Scan RS (ms): Min: 0.1, Avg: 0.4, Max: 0.5, Diff: 0.3, Sum: 2.9]
      [Code Root Scanning (ms): Min: 0.0, Avg: 0.0, Max: 0.0, Diff: 0.0, Sum: 0.1]
      [Object Copy (ms): Min: 6.3, Avg: 6.9, Max: 7.1, Diff: 0.8, Sum: 55.2]
      [Termination (ms): Min: 0.0, Avg: 0.1, Max: 0.2, Diff: 0.2, Sum: 0.9]
         [Termination Attempts: Min: 1, Avg: 1.1, Max: 2, Diff: 1, Sum: 9]
      [GC Worker Other (ms): Min: 0.0, Avg: 0.1, Max: 0.1, Diff: 0.1, Sum: 0.9]
      [GC Worker Total (ms): Min: 31.2, Avg: 31.3, Max: 31.4, Diff: 0.2, Sum: 250.6]
      [GC Worker End (ms): Min: 575669695.2, Avg: 575669695.3, Max: 575669695.4, Diff: 0.1]
   [Code Root Fixup: 0.1 ms]
   [Code Root Purge: 0.0 ms]
   [Clear CT: 0.6 ms]
   [Other: 9.1 ms]
      [Choose CSet: 0.0 ms]
      [Ref Proc: 1.8 ms]
      [Ref Enq: 0.2 ms]
      [Redirty Cards: 0.1 ms]
      [Humongous Register: 1.5 ms]
      [Humongous Reclaim: 0.3 ms]
      [Free CSet: 4.2 ms]
   [Eden: 3436.0M(3436.0M)->0.0B(3464.0M) Survivors: 62.0M->46.0M Heap: 5067.8M(6144.0M)->1521.4M(6144.0M)]
 [Times: user=0.23 sys=0.04, real=0.05 secs] 
2025-07-27T03:52:57.064+0800: 575730.900: [GC pause (G1 Evacuation Pause) (young), 0.0283442 secs]
   [Parallel Time: 22.2 ms, GC Workers: 8]
      [GC Worker Start (ms): Min: 575730901.0, Avg: 575730901.0, Max: 575730901.0, Diff: 0.1]
      [Ext Root Scanning (ms): Min: 2.3, Avg: 3.3, Max: 9.5, Diff: 7.2, Sum: 26.7]
      [Update RS (ms): Min: 2.8, Avg: 8.8, Max: 9.9, Diff: 7.1, Sum: 70.1]
         [Processed Buffers: Min: 44, Avg: 70.1, Max: 83, Diff: 39, Sum: 561]
      [Scan RS (ms): Min: 0.2, Avg: 0.4, Max: 0.5, Diff: 0.3, Sum: 3.1]
      [Code Root Scanning (ms): Min: 0.0, Avg: 0.0, Max: 0.0, Diff: 0.0, Sum: 0.1]
      [Object Copy (ms): Min: 9.4, Avg: 9.5, Max: 9.6, Diff: 0.3, Sum: 76.3]
      [Termination (ms): Min: 0.0, Avg: 0.0, Max: 0.0, Diff: 0.0, Sum: 0.0]
         [Termination Attempts: Min: 1, Avg: 1.8, Max: 4, Diff: 3, Sum: 14]
      [GC Worker Other (ms): Min: 0.0, Avg: 0.1, Max: 0.1, Diff: 0.1, Sum: 0.6]
      [GC Worker Total (ms): Min: 22.0, Avg: 22.1, Max: 22.2, Diff: 0.1, Sum: 176.9]
      [GC Worker End (ms): Min: 575730923.1, Avg: 575730923.1, Max: 575730923.2, Diff: 0.1]
   [Code Root Fixup: 0.0 ms]
   [Code Root Purge: 0.0 ms]
   [Clear CT: 0.6 ms]
   [Other: 5.5 ms]
      [Choose CSet: 0.0 ms]
      [Ref Proc: 1.9 ms]
      [Ref Enq: 0.2 ms]
      [Redirty Cards: 0.1 ms]
      [Humongous Register: 0.6 ms]
      [Humongous Reclaim: 0.1 ms]
      [Free CSet: 1.8 ms]
   [Eden: 3464.0M(3464.0M)->0.0B(260.0M) Survivors: 46.0M->46.0M Heap: 5031.5M(6144.0M)->1522.5M(6144.0M)]
 [Times: user=0.19 sys=0.00, real=0.03 secs] 
2025-07-27T03:53:00.338+0800: 575734.174: [GC pause (G1 Evacuation Pause) (young), 0.0218416 secs]
   [Parallel Time: 19.6 ms, GC Workers: 8]
      [GC Worker Start (ms): Min: 575734174.2, Avg: 575734174.2, Max: 575734174.3, Diff: 0.1]
      [Ext Root Scanning (ms): Min: 2.2, Avg: 2.5, Max: 3.4, Diff: 1.2, Sum: 20.1]
      [Update RS (ms): Min: 4.5, Avg: 5.0, Max: 5.5, Diff: 1.1, Sum: 39.8]
         [Processed Buffers: Min: 28, Avg: 36.2, Max: 48, Diff: 20, Sum: 290]
      [Scan RS (ms): Min: 0.0, Avg: 0.0, Max: 0.0, Diff: 0.0, Sum: 0.2]
      [Code Root Scanning (ms): Min: 0.0, Avg: 0.0, Max: 0.0, Diff: 0.0, Sum: 0.0]
      [Object Copy (ms): Min: 11.6, Avg: 11.9, Max: 12.5, Diff: 0.9, Sum: 95.1]
      [Termination (ms): Min: 0.0, Avg: 0.0, Max: 0.1, Diff: 0.0, Sum: 0.3]
         [Termination Attempts: Min: 21, Avg: 22.5, Max: 25, Diff: 4, Sum: 180]
      [GC Worker Other (ms): Min: 0.0, Avg: 0.0, Max: 0.1, Diff: 0.1, Sum: 0.3]
      [GC Worker Total (ms): Min: 19.4, Avg: 19.5, Max: 19.5, Diff: 0.1, Sum: 155.8]
      [GC Worker End (ms): Min: 575734193.7, Avg: 575734193.7, Max: 575734193.7, Diff: 0.0]
   [Code Root Fixup: 0.0 ms]
   [Code Root Purge: 0.0 ms]
   [Clear CT: 0.1 ms]
   [Other: 2.1 ms]
      [Choose CSet: 0.0 ms]
      [Ref Proc: 0.4 ms]
      [Ref Enq: 0.0 ms]
      [Redirty Cards: 0.1 ms]
      [Humongous Register: 0.3 ms]
      [Humongous Reclaim: 0.2 ms]
      [Free CSet: 0.3 ms]
   [Eden: 260.0M(260.0M)->0.0B(280.0M) Survivors: 46.0M->26.0M Heap: 1807.1M(6144.0M)->1539.7M(6144.0M)]
 [Times: user=0.09 sys=0.06, real=0.02 secs] 
2025-07-27T03:53:01.049+0800: 575734.884: [GC pause (G1 Evacuation Pause) (young), 0.0202100 secs]
   [Parallel Time: 17.6 ms, GC Workers: 8]
      [GC Worker Start (ms): Min: 575734884.9, Avg: 575734884.9, Max: 575734884.9, Diff: 0.1]
      [Ext Root Scanning (ms): Min: 2.2, Avg: 2.5, Max: 3.3, Diff: 1.0, Sum: 19.8]
      [Update RS (ms): Min: 7.0, Avg: 7.7, Max: 8.2, Diff: 1.2, Sum: 61.7]
         [Processed Buffers: Min: 35, Avg: 37.6, Max: 41, Diff: 6, Sum: 301]
      [Scan RS (ms): Min: 0.0, Avg: 0.0, Max: 0.0, Diff: 0.0, Sum: 0.2]
      [Code Root Scanning (ms): Min: 0.0, Avg: 0.0, Max: 0.0, Diff: 0.0, Sum: 0.0]
      [Object Copy (ms): Min: 6.4, Avg: 6.7, Max: 7.3, Diff: 0.9, Sum: 53.7]
      [Termination (ms): Min: 0.0, Avg: 0.5, Max: 0.6, Diff: 0.6, Sum: 4.0]
         [Termination Attempts: Min: 1, Avg: 1.0, Max: 1, Diff: 0, Sum: 8]
      [GC Worker Other (ms): Min: 0.0, Avg: 0.0, Max: 0.0, Diff: 0.0, Sum: 0.2]
      [GC Worker Total (ms): Min: 17.4, Avg: 17.4, Max: 17.5, Diff: 0.1, Sum: 139.6]
      [GC Worker End (ms): Min: 575734902.3, Avg: 575734902.3, Max: 575734902.4, Diff: 0.1]
   [Code Root Fixup: 0.0 ms]
   [Code Root Purge: 0.0 ms]
   [Clear CT: 0.1 ms]
   [Other: 2.4 ms]
      [Choose CSet: 0.0 ms]
      [Ref Proc: 0.3 ms]
      [Ref Enq: 0.0 ms]
      [Redirty Cards: 0.1 ms]
      [Humongous Register: 0.3 ms]
      [Humongous Reclaim: 0.3 ms]
      [Free CSet: 0.3 ms]
   [Eden: 280.0M(280.0M)->0.0B(286.0M) Survivors: 26.0M->20.0M Heap: 1844.7M(6144.0M)->1528.0M(6144.0M)]
 [Times: user=0.15 sys=0.00, real=0.02 secs] 
2025-07-27T03:53:12.809+0800: 575746.644: [GC pause (G1 Evacuation Pause) (young), 0.0087764 secs]
   [Parallel Time: 6.5 ms, GC Workers: 8]
      [GC Worker Start (ms): Min: 575746645.1, Avg: 575746645.2, Max: 575746645.3, Diff: 0.2]
      [Ext Root Scanning (ms): Min: 2.3, Avg: 2.6, Max: 3.8, Diff: 1.6, Sum: 21.0]
      [Update RS (ms): Min: 0.0, Avg: 0.7, Max: 1.1, Diff: 1.1, Sum: 5.6]
         [Processed Buffers: Min: 0, Avg: 14.5, Max: 31, Diff: 31, Sum: 116]
      [Scan RS (ms): Min: 0.0, Avg: 0.0, Max: 0.0, Diff: 0.0, Sum: 0.2]
      [Code Root Scanning (ms): Min: 0.0, Avg: 0.0, Max: 0.0, Diff: 0.0, Sum: 0.0]
      [Object Copy (ms): Min: 2.5, Avg: 2.9, Max: 3.0, Diff: 0.5, Sum: 22.9]
      [Termination (ms): Min: 0.0, Avg: 0.0, Max: 0.0, Diff: 0.0, Sum: 0.0]
         [Termination Attempts: Min: 1, Avg: 1.0, Max: 1, Diff: 0, Sum: 8]
      [GC Worker Other (ms): Min: 0.0, Avg: 0.0, Max: 0.1, Diff: 0.1, Sum: 0.3]
      [GC Worker Total (ms): Min: 6.1, Avg: 6.2, Max: 6.4, Diff: 0.2, Sum: 49.9]
      [GC Worker End (ms): Min: 575746651.4, Avg: 575746651.4, Max: 575746651.5, Diff: 0.1]
   [Code Root Fixup: 0.0 ms]
   [Code Root Purge: 0.0 ms]
   [Clear CT: 0.1 ms]
   [Other: 2.1 ms]
      [Choose CSet: 0.0 ms]
      [Ref Proc: 0.4 ms]
      [Ref Enq: 0.0 ms]
      [Redirty Cards: 0.2 ms]
      [Humongous Register: 0.3 ms]
      [Humongous Reclaim: 0.1 ms]
      [Free CSet: 0.3 ms]
   [Eden: 286.0M(286.0M)->0.0B(288.0M) Survivors: 20.0M->18.0M Heap: 1814.0M(6144.0M)->1526.0M(6144.0M)]
 [Times: user=0.05 sys=0.00, real=0.01 secs] 
2025-07-27T03:53:20.575+0800: 575754.410: [GC pause (G1 Evacuation Pause) (young), 0.0170409 secs]
   [Parallel Time: 14.6 ms, GC Workers: 8]
      [GC Worker Start (ms): Min: 575754410.9, Avg: 575754411.0, Max: 575754411.0, Diff: 0.1]
      [Ext Root Scanning (ms): Min: 2.8, Avg: 3.1, Max: 4.0, Diff: 1.3, Sum: 24.6]
      [Update RS (ms): Min: 3.5, Avg: 4.4, Max: 4.7, Diff: 1.2, Sum: 35.4]
         [Processed Buffers: Min: 23, Avg: 36.1, Max: 51, Diff: 28, Sum: 289]
      [Scan RS (ms): Min: 0.0, Avg: 0.1, Max: 0.1, Diff: 0.1, Sum: 0.5]
      [Code Root Scanning (ms): Min: 0.0, Avg: 0.0, Max: 0.0, Diff: 0.0, Sum: 0.0]
      [Object Copy (ms): Min: 6.2, Avg: 6.8, Max: 7.0, Diff: 0.8, Sum: 54.2]
      [Termination (ms): Min: 0.0, Avg: 0.0, Max: 0.0, Diff: 0.0, Sum: 0.0]
         [Termination Attempts: Min: 1, Avg: 1.2, Max: 2, Diff: 1, Sum: 10]
      [GC Worker Other (ms): Min: 0.0, Avg: 0.1, Max: 0.1, Diff: 0.1, Sum: 0.4]
      [GC Worker Total (ms): Min: 14.3, Avg: 14.4, Max: 14.5, Diff: 0.1, Sum: 115.2]
      [GC Worker End (ms): Min: 575754425.3, Avg: 575754425.4, Max: 575754425.4, Diff: 0.1]
   [Code Root Fixup: 0.0 ms]
   [Code Root Purge: 0.0 ms]
   [Clear CT: 0.1 ms]
   [Other: 2.3 ms]
      [Choose CSet: 0.0 ms]
      [Ref Proc: 0.3 ms]
      [Ref Enq: 0.0 ms]
      [Redirty Cards: 0.1 ms]
      [Humongous Register: 0.3 ms]
      [Humongous Reclaim: 0.2 ms]
      [Free CSet: 0.5 ms]
   [Eden: 288.0M(288.0M)->0.0B(276.0M) Survivors: 18.0M->30.0M Heap: 1836.8M(6144.0M)->1538.0M(6144.0M)]
 [Times: user=0.07 sys=0.05, real=0.02 secs] 
2025-07-27T03:54:00.226+0800: 575794.062: [GC pause (G1 Evacuation Pause) (young), 0.0182231 secs]
   [Parallel Time: 11.1 ms, GC Workers: 8]
      [GC Worker Start (ms): Min: 575794067.1, Avg: 575794067.2, Max: 575794067.3, Diff: 0.1]
      [Ext Root Scanning (ms): Min: 2.7, Avg: 3.1, Max: 4.2, Diff: 1.5, Sum: 25.1]
      [Update RS (ms): Min: 3.8, Avg: 4.9, Max: 6.1, Diff: 2.3, Sum: 39.2]
         [Processed Buffers: Min: 22, Avg: 38.9, Max: 49, Diff: 27, Sum: 311]
      [Scan RS (ms): Min: 0.0, Avg: 0.0, Max: 0.0, Diff: 0.0, Sum: 0.2]
      [Code Root Scanning (ms): Min: 0.0, Avg: 0.0, Max: 0.0, Diff: 0.0, Sum: 0.0]
      [Object Copy (ms): Min: 1.9, Avg: 2.7, Max: 3.0, Diff: 1.1, Sum: 21.9]
      [Termination (ms): Min: 0.0, Avg: 0.0, Max: 0.0, Diff: 0.0, Sum: 0.0]
         [Termination Attempts: Min: 1, Avg: 1.0, Max: 1, Diff: 0, Sum: 8]
      [GC Worker Other (ms): Min: 0.0, Avg: 0.1, Max: 0.2, Diff: 0.1, Sum: 0.8]
      [GC Worker Total (ms): Min: 10.8, Avg: 10.9, Max: 11.0, Diff: 0.2, Sum: 87.3]
      [GC Worker End (ms): Min: 575794078.1, Avg: 575794078.1, Max: 575794078.1, Diff: 0.0]
   [Code Root Fixup: 0.0 ms]
   [Code Root Purge: 0.0 ms]
   [Clear CT: 0.2 ms]
   [Other: 6.9 ms]
      [Choose CSet: 0.0 ms]
      [Ref Proc: 0.4 ms]
      [Ref Enq: 0.0 ms]
      [Redirty Cards: 0.1 ms]
      [Humongous Register: 4.8 ms]
      [Humongous Reclaim: 0.2 ms]
      [Free CSet: 0.5 ms]
   [Eden: 276.0M(276.0M)->0.0B(294.0M) Survivors: 30.0M->12.0M Heap: 1837.2M(6144.0M)->1521.8M(6144.0M)]
 [Times: user=0.09 sys=0.00, real=0.02 secs] 
2025-07-27T03:54:19.911+0800: 575813.746: [GC pause (G1 Evacuation Pause) (young), 0.0108195 secs]
   [Parallel Time: 8.6 ms, GC Workers: 8]
      [GC Worker Start (ms): Min: 575813747.0, Avg: 575813747.1, Max: 575813747.2, Diff: 0.2]
      [Ext Root Scanning (ms): Min: 2.7, Avg: 3.0, Max: 3.8, Diff: 1.1, Sum: 23.7]
      [Update RS (ms): Min: 1.2, Avg: 1.7, Max: 3.1, Diff: 2.0, Sum: 13.7]
         [Processed Buffers: Min: 1, Avg: 15.5, Max: 33, Diff: 32, Sum: 124]
      [Scan RS (ms): Min: 0.0, Avg: 0.0, Max: 0.1, Diff: 0.1, Sum: 0.2]
      [Code Root Scanning (ms): Min: 0.0, Avg: 0.0, Max: 0.0, Diff: 0.0, Sum: 0.0]
      [Object Copy (ms): Min: 2.3, Avg: 3.5, Max: 3.9, Diff: 1.6, Sum: 28.4]
      [Termination (ms): Min: 0.0, Avg: 0.0, Max: 0.0, Diff: 0.0, Sum: 0.0]
         [Termination Attempts: Min: 1, Avg: 1.0, Max: 1, Diff: 0, Sum: 8]
      [GC Worker Other (ms): Min: 0.0, Avg: 0.0, Max: 0.1, Diff: 0.1, Sum: 0.3]
      [GC Worker Total (ms): Min: 8.2, Avg: 8.3, Max: 8.4, Diff: 0.2, Sum: 66.3]
      [GC Worker End (ms): Min: 575813755.4, Avg: 575813755.4, Max: 575813755.4, Diff: 0.1]
   [Code Root Fixup: 0.0 ms]
   [Code Root Purge: 0.0 ms]
   [Clear CT: 0.2 ms]
   [Other: 2.0 ms]
      [Choose CSet: 0.0 ms]
      [Ref Proc: 0.3 ms]
      [Ref Enq: 0.0 ms]
      [Redirty Cards: 0.1 ms]
      [Humongous Register: 0.4 ms]
      [Humongous Reclaim: 0.1 ms]
      [Free CSet: 0.3 ms]
   [Eden: 294.0M(294.0M)->0.0B(290.0M) Survivors: 12.0M->16.0M Heap: 1815.8M(6144.0M)->1526.7M(6144.0M)]
 [Times: user=0.04 sys=0.03, real=0.01 secs] 
2025-07-27T03:54:20.383+0800: 575814.218: [GC pause (G1 Evacuation Pause) (young), 0.0134358 secs]
   [Parallel Time: 11.3 ms, GC Workers: 8]
      [GC Worker Start (ms): Min: 575814219.0, Avg: 575814219.0, Max: 575814219.1, Diff: 0.1]
      [Ext Root Scanning (ms): Min: 2.3, Avg: 2.6, Max: 3.5, Diff: 1.2, Sum: 21.1]
      [Update RS (ms): Min: 4.4, Avg: 5.4, Max: 6.1, Diff: 1.6, Sum: 43.0]
         [Processed Buffers: Min: 20, Avg: 31.4, Max: 38, Diff: 18, Sum: 251]
      [Scan RS (ms): Min: 0.0, Avg: 0.0, Max: 0.0, Diff: 0.0, Sum: 0.2]
      [Code Root Scanning (ms): Min: 0.0, Avg: 0.0, Max: 0.0, Diff: 0.0, Sum: 0.0]
      [Object Copy (ms): Min: 2.7, Avg: 3.1, Max: 3.2, Diff: 0.5, Sum: 24.5]
      [Termination (ms): Min: 0.0, Avg: 0.0, Max: 0.0, Diff: 0.0, Sum: 0.0]
         [Termination Attempts: Min: 1, Avg: 1.0, Max: 1, Diff: 0, Sum: 8]
      [GC Worker Other (ms): Min: 0.0, Avg: 0.0, Max: 0.0, Diff: 0.0, Sum: 0.2]
      [GC Worker Total (ms): Min: 11.1, Avg: 11.1, Max: 11.2, Diff: 0.1, Sum: 89.0]
      [GC Worker End (ms): Min: 575814230.1, Avg: 575814230.2, Max: 575814230.2, Diff: 0.0]
   [Code Root Fixup: 0.0 ms]
   [Code Root Purge: 0.0 ms]
   [Clear CT: 0.1 ms]
   [Other: 1.9 ms]
      [Choose CSet: 0.0 ms]
      [Ref Proc: 0.3 ms]
      [Ref Enq: 0.0 ms]
      [Redirty Cards: 0.1 ms]
      [Humongous Register: 0.4 ms]
      [Humongous Reclaim: 0.2 ms]
      [Free CSet: 0.3 ms]
   [Eden: 290.0M(290.0M)->0.0B(292.0M) Survivors: 16.0M->14.0M Heap: 1844.8M(6144.0M)->1528.3M(6144.0M)]
 [Times: user=0.06 sys=0.03, real=0.01 secs] 
2025-07-27T03:56:33.668+0800: 575947.503: [GC pause (G1 Evacuation Pause) (young), 0.0097396 secs]
   [Parallel Time: 7.0 ms, GC Workers: 8]
      [GC Worker Start (ms): Min: 575947504.5, Avg: 575947504.6, Max: 575947504.6, Diff: 0.1]
      [Ext Root Scanning (ms): Min: 2.1, Avg: 2.4, Max: 3.2, Diff: 1.1, Sum: 19.2]
      [Update RS (ms): Min: 2.8, Avg: 3.5, Max: 3.8, Diff: 1.0, Sum: 28.3]
         [Processed Buffers: Min: 16, Avg: 33.9, Max: 47, Diff: 31, Sum: 271]
      [Scan RS (ms): Min: 0.0, Avg: 0.0, Max: 0.0, Diff: 0.0, Sum: 0.2]
      [Code Root Scanning (ms): Min: 0.0, Avg: 0.0, Max: 0.0, Diff: 0.0, Sum: 0.0]
      [Object Copy (ms): Min: 0.5, Avg: 0.9, Max: 1.0, Diff: 0.5, Sum: 7.0]
      [Termination (ms): Min: 0.0, Avg: 0.0, Max: 0.0, Diff: 0.0, Sum: 0.1]
         [Termination Attempts: Min: 1, Avg: 1.0, Max: 1, Diff: 0, Sum: 8]
      [GC Worker Other (ms): Min: 0.0, Avg: 0.0, Max: 0.0, Diff: 0.0, Sum: 0.1]
      [GC Worker Total (ms): Min: 6.8, Avg: 6.9, Max: 6.9, Diff: 0.1, Sum: 54.9]
      [GC Worker End (ms): Min: 575947511.5, Avg: 575947511.5, Max: 575947511.5, Diff: 0.0]
   [Code Root Fixup: 0.0 ms]
   [Code Root Purge: 0.0 ms]
   [Clear CT: 0.1 ms]
   [Other: 2.6 ms]
      [Choose CSet: 0.0 ms]
      [Ref Proc: 0.5 ms]
      [Ref Enq: 0.0 ms]
      [Redirty Cards: 0.1 ms]
      [Humongous Register: 0.7 ms]
      [Humongous Reclaim: 0.2 ms]
      [Free CSet: 0.3 ms]
   [Eden: 292.0M(292.0M)->0.0B(296.0M) Survivors: 14.0M->10.0M Heap: 1838.3M(6144.0M)->1520.8M(6144.0M)]
 [Times: user=0.04 sys=0.02, real=0.01 secs] 
2025-07-27T04:01:01.725+0800: 576215.561: [GC pause (G1 Evacuation Pause) (young), 0.0211185 secs]
   [Parallel Time: 12.9 ms, GC Workers: 8]
      [GC Worker Start (ms): Min: 576215566.3, Avg: 576215566.4, Max: 576215566.5, Diff: 0.2]
      [Ext Root Scanning (ms): Min: 2.7, Avg: 4.2, Max: 12.5, Diff: 9.8, Sum: 33.6]
      [Update RS (ms): Min: 0.0, Avg: 1.3, Max: 2.5, Diff: 2.5, Sum: 10.5]
         [Processed Buffers: Min: 0, Avg: 16.8, Max: 34, Diff: 34, Sum: 134]
      [Scan RS (ms): Min: 0.0, Avg: 0.0, Max: 0.1, Diff: 0.1, Sum: 0.2]
      [Code Root Scanning (ms): Min: 0.0, Avg: 0.0, Max: 0.0, Diff: 0.0, Sum: 0.0]
      [Object Copy (ms): Min: 0.0, Avg: 1.5, Max: 2.0, Diff: 2.0, Sum: 12.0]
      [Termination (ms): Min: 0.0, Avg: 5.5, Max: 6.4, Diff: 6.4, Sum: 44.0]
         [Termination Attempts: Min: 1, Avg: 1.0, Max: 1, Diff: 0, Sum: 8]
      [GC Worker Other (ms): Min: 0.0, Avg: 0.1, Max: 0.1, Diff: 0.1, Sum: 0.7]
      [GC Worker Total (ms): Min: 12.5, Avg: 12.6, Max: 12.8, Diff: 0.3, Sum: 101.1]
      [GC Worker End (ms): Min: 576215578.9, Avg: 576215579.0, Max: 576215579.2, Diff: 0.2]
   [Code Root Fixup: 0.0 ms]
   [Code Root Purge: 0.0 ms]
   [Clear CT: 0.2 ms]
   [Other: 8.0 ms]
      [Choose CSet: 0.0 ms]
      [Ref Proc: 1.0 ms]
      [Ref Enq: 0.0 ms]
      [Redirty Cards: 0.1 ms]
      [Humongous Register: 5.1 ms]
      [Humongous Reclaim: 0.2 ms]
      [Free CSet: 0.6 ms]
   [Eden: 296.0M(296.0M)->0.0B(298.0M) Survivors: 10.0M->8192.0K Heap: 1816.8M(6144.0M)->1518.6M(6144.0M)]
 [Times: user=0.11 sys=0.00, real=0.02 secs] 
2025-07-27T04:05:30.493+0800: 576484.328: [GC pause (G1 Evacuation Pause) (young), 0.0207943 secs]
   [Parallel Time: 11.4 ms, GC Workers: 8]
      [GC Worker Start (ms): Min: 576484334.4, Avg: 576484334.5, Max: 576484334.6, Diff: 0.2]
      [Ext Root Scanning (ms): Min: 3.4, Avg: 4.6, Max: 11.0, Diff: 7.5, Sum: 37.1]
      [Update RS (ms): Min: 0.0, Avg: 1.6, Max: 2.1, Diff: 2.1, Sum: 13.0]
         [Processed Buffers: Min: 0, Avg: 15.4, Max: 37, Diff: 37, Sum: 123]
      [Scan RS (ms): Min: 0.0, Avg: 0.0, Max: 0.1, Diff: 0.1, Sum: 0.3]
      [Code Root Scanning (ms): Min: 0.0, Avg: 0.0, Max: 0.0, Diff: 0.0, Sum: 0.0]
      [Object Copy (ms): Min: 0.0, Avg: 1.9, Max: 2.4, Diff: 2.4, Sum: 15.0]
      [Termination (ms): Min: 0.0, Avg: 2.8, Max: 3.3, Diff: 3.3, Sum: 22.0]
         [Termination Attempts: Min: 1, Avg: 1.0, Max: 1, Diff: 0, Sum: 8]
      [GC Worker Other (ms): Min: 0.0, Avg: 0.1, Max: 0.2, Diff: 0.2, Sum: 1.0]
      [GC Worker Total (ms): Min: 10.9, Avg: 11.1, Max: 11.2, Diff: 0.3, Sum: 88.5]
      [GC Worker End (ms): Min: 576484345.5, Avg: 576484345.6, Max: 576484345.7, Diff: 0.2]
   [Code Root Fixup: 0.0 ms]
   [Code Root Purge: 0.0 ms]
   [Clear CT: 0.2 ms]
   [Other: 9.2 ms]
      [Choose CSet: 0.0 ms]
      [Ref Proc: 1.2 ms]
      [Ref Enq: 0.0 ms]
      [Redirty Cards: 0.1 ms]
      [Humongous Register: 5.5 ms]
      [Humongous Reclaim: 0.1 ms]
      [Free CSet: 1.0 ms]
   [Eden: 298.0M(298.0M)->0.0B(358.0M) Survivors: 8192.0K->8192.0K Heap: 1816.6M(6144.0M)->1518.6M(6144.0M)]
 [Times: user=0.04 sys=0.05, real=0.02 secs] 
2025-07-27T04:10:20.679+0800: 576774.514: [GC pause (G1 Evacuation Pause) (young), 0.0197019 secs]
   [Parallel Time: 11.1 ms, GC Workers: 8]
      [GC Worker Start (ms): Min: 576774520.3, Avg: 576774520.4, Max: 576774520.4, Diff: 0.1]
      [Ext Root Scanning (ms): Min: 2.7, Avg: 3.9, Max: 10.7, Diff: 8.1, Sum: 31.3]
      [Update RS (ms): Min: 0.0, Avg: 1.2, Max: 2.4, Diff: 2.4, Sum: 9.8]
         [Processed Buffers: Min: 0, Avg: 16.1, Max: 37, Diff: 37, Sum: 129]
      [Scan RS (ms): Min: 0.0, Avg: 0.0, Max: 0.1, Diff: 0.1, Sum: 0.3]
      [Code Root Scanning (ms): Min: 0.0, Avg: 0.0, Max: 0.0, Diff: 0.0, Sum: 0.0]
      [Object Copy (ms): Min: 0.0, Avg: 1.7, Max: 2.1, Diff: 2.1, Sum: 13.3]
      [Termination (ms): Min: 0.0, Avg: 3.9, Max: 4.7, Diff: 4.7, Sum: 31.5]
         [Termination Attempts: Min: 1, Avg: 3.0, Max: 5, Diff: 4, Sum: 24]
      [GC Worker Other (ms): Min: 0.0, Avg: 0.1, Max: 0.1, Diff: 0.1, Sum: 0.6]
      [GC Worker Total (ms): Min: 10.7, Avg: 10.8, Max: 11.0, Diff: 0.3, Sum: 86.7]
      [GC Worker End (ms): Min: 576774531.1, Avg: 576774531.2, Max: 576774531.4, Diff: 0.2]
   [Code Root Fixup: 0.0 ms]
   [Code Root Purge: 0.0 ms]
   [Clear CT: 0.2 ms]
   [Other: 8.4 ms]
      [Choose CSet: 0.0 ms]
      [Ref Proc: 0.9 ms]
      [Ref Enq: 0.0 ms]
      [Redirty Cards: 0.1 ms]
      [Humongous Register: 5.3 ms]
      [Humongous Reclaim: 0.1 ms]
      [Free CSet: 0.7 ms]
   [Eden: 358.0M(358.0M)->0.0B(478.0M) Survivors: 8192.0K->8192.0K Heap: 1876.6M(6144.0M)->1518.6M(6144.0M)]
 [Times: user=0.04 sys=0.06, real=0.02 secs] 
2025-07-27T04:10:58.506+0800: 576812.341: [GC pause (G1 Evacuation Pause) (young), 0.0106469 secs]
   [Parallel Time: 8.1 ms, GC Workers: 8]
      [GC Worker Start (ms): Min: 576812342.1, Avg: 576812342.2, Max: 576812342.2, Diff: 0.1]
      [Ext Root Scanning (ms): Min: 2.1, Avg: 2.3, Max: 3.2, Diff: 1.1, Sum: 18.6]
      [Update RS (ms): Min: 0.7, Avg: 1.4, Max: 1.8, Diff: 1.1, Sum: 11.0]
         [Processed Buffers: Min: 10, Avg: 21.5, Max: 30, Diff: 20, Sum: 172]
      [Scan RS (ms): Min: 0.0, Avg: 0.0, Max: 0.1, Diff: 0.1, Sum: 0.3]
      [Code Root Scanning (ms): Min: 0.0, Avg: 0.0, Max: 0.0, Diff: 0.0, Sum: 0.0]
      [Object Copy (ms): Min: 4.1, Avg: 4.2, Max: 4.3, Diff: 0.2, Sum: 33.5]
      [Termination (ms): Min: 0.0, Avg: 0.0, Max: 0.0, Diff: 0.0, Sum: 0.1]
         [Termination Attempts: Min: 1, Avg: 1.0, Max: 1, Diff: 0, Sum: 8]
      [GC Worker Other (ms): Min: 0.0, Avg: 0.0, Max: 0.1, Diff: 0.1, Sum: 0.2]
      [GC Worker Total (ms): Min: 7.9, Avg: 8.0, Max: 8.0, Diff: 0.1, Sum: 63.8]
      [GC Worker End (ms): Min: 576812350.1, Avg: 576812350.1, Max: 576812350.1, Diff: 0.0]
   [Code Root Fixup: 0.0 ms]
   [Code Root Purge: 0.0 ms]
   [Clear CT: 0.2 ms]
   [Other: 2.3 ms]
      [Choose CSet: 0.0 ms]
      [Ref Proc: 0.4 ms]
      [Ref Enq: 0.0 ms]
      [Redirty Cards: 0.1 ms]
      [Humongous Register: 0.5 ms]
      [Humongous Reclaim: 0.1 ms]
      [Free CSet: 0.4 ms]
   [Eden: 478.0M(478.0M)->0.0B(562.0M) Survivors: 8192.0K->16.0M Heap: 2001.6M(6144.0M)->1529.1M(6144.0M)]
 [Times: user=0.07 sys=0.00, real=0.01 secs] 
2025-07-27T04:11:09.848+0800: 576823.684: [GC pause (G1 Evacuation Pause) (young), 0.0179114 secs]
   [Parallel Time: 15.3 ms, GC Workers: 8]
      [GC Worker Start (ms): Min: 576823684.7, Avg: 576823684.8, Max: 576823684.8, Diff: 0.1]
      [Ext Root Scanning (ms): Min: 2.3, Avg: 3.2, Max: 8.9, Diff: 6.6, Sum: 26.0]
      [Update RS (ms): Min: 2.2, Avg: 7.7, Max: 8.8, Diff: 6.6, Sum: 62.0]
         [Processed Buffers: Min: 28, Avg: 58.0, Max: 72, Diff: 44, Sum: 464]
      [Scan RS (ms): Min: 0.0, Avg: 0.0, Max: 0.1, Diff: 0.1, Sum: 0.3]
      [Code Root Scanning (ms): Min: 0.0, Avg: 0.0, Max: 0.0, Diff: 0.0, Sum: 0.0]
      [Object Copy (ms): Min: 3.9, Avg: 4.1, Max: 4.2, Diff: 0.2, Sum: 32.5]
      [Termination (ms): Min: 0.0, Avg: 0.0, Max: 0.0, Diff: 0.0, Sum: 0.0]
         [Termination Attempts: Min: 1, Avg: 1.2, Max: 2, Diff: 1, Sum: 10]
      [GC Worker Other (ms): Min: 0.0, Avg: 0.0, Max: 0.1, Diff: 0.1, Sum: 0.3]
      [GC Worker Total (ms): Min: 15.1, Avg: 15.1, Max: 15.2, Diff: 0.1, Sum: 121.1]
      [GC Worker End (ms): Min: 576823699.9, Avg: 576823699.9, Max: 576823699.9, Diff: 0.0]
   [Code Root Fixup: 0.0 ms]
   [Code Root Purge: 0.0 ms]
   [Clear CT: 0.2 ms]
   [Other: 2.4 ms]
      [Choose CSet: 0.0 ms]
      [Ref Proc: 0.4 ms]
      [Ref Enq: 0.0 ms]
      [Redirty Cards: 0.1 ms]
      [Humongous Register: 0.4 ms]
      [Humongous Reclaim: 0.3 ms]
      [Free CSet: 0.5 ms]
   [Eden: 562.0M(562.0M)->0.0B(746.0M) Survivors: 16.0M->18.0M Heap: 2135.8M(6144.0M)->1527.8M(6144.0M)]
 [Times: user=0.07 sys=0.05, real=0.01 secs] 
2025-07-27T04:12:08.690+0800: 576882.525: [GC pause (G1 Evacuation Pause) (young), 0.0178912 secs]
   [Parallel Time: 15.1 ms, GC Workers: 8]
      [GC Worker Start (ms): Min: 576882525.9, Avg: 576882526.0, Max: 576882526.1, Diff: 0.2]
      [Ext Root Scanning (ms): Min: 2.2, Avg: 2.7, Max: 3.8, Diff: 1.6, Sum: 21.3]
      [Update RS (ms): Min: 7.9, Avg: 8.7, Max: 9.0, Diff: 1.2, Sum: 69.4]
         [Processed Buffers: Min: 45, Avg: 62.8, Max: 75, Diff: 30, Sum: 502]
      [Scan RS (ms): Min: 0.0, Avg: 0.1, Max: 0.1, Diff: 0.1, Sum: 0.6]
      [Code Root Scanning (ms): Min: 0.0, Avg: 0.0, Max: 0.0, Diff: 0.0, Sum: 0.0]
      [Object Copy (ms): Min: 3.2, Avg: 3.5, Max: 3.6, Diff: 0.4, Sum: 27.7]
      [Termination (ms): Min: 0.0, Avg: 0.0, Max: 0.0, Diff: 0.0, Sum: 0.0]
         [Termination Attempts: Min: 1, Avg: 2.0, Max: 4, Diff: 3, Sum: 16]
      [GC Worker Other (ms): Min: 0.0, Avg: 0.1, Max: 0.1, Diff: 0.1, Sum: 0.4]
      [GC Worker Total (ms): Min: 14.8, Avg: 14.9, Max: 15.0, Diff: 0.2, Sum: 119.4]
      [GC Worker End (ms): Min: 576882540.9, Avg: 576882540.9, Max: 576882541.0, Diff: 0.1]
   [Code Root Fixup: 0.0 ms]
   [Code Root Purge: 0.0 ms]
   [Clear CT: 0.2 ms]
   [Other: 2.5 ms]
      [Choose CSet: 0.0 ms]
      [Ref Proc: 0.5 ms]
      [Ref Enq: 0.0 ms]
      [Redirty Cards: 0.1 ms]
      [Humongous Register: 0.3 ms]
      [Humongous Reclaim: 0.2 ms]
      [Free CSet: 0.6 ms]
   [Eden: 746.0M(746.0M)->0.0B(1094.0M) Survivors: 18.0M->18.0M Heap: 2319.9M(6144.0M)->1527.8M(6144.0M)]
 [Times: user=0.12 sys=0.00, real=0.02 secs] 
2025-07-27T04:12:59.745+0800: 576933.581: [GC pause (G1 Evacuation Pause) (young), 0.0261747 secs]
   [Parallel Time: 19.0 ms, GC Workers: 8]
      [GC Worker Start (ms): Min: 576933584.9, Avg: 576933584.9, Max: 576933585.1, Diff: 0.2]
      [Ext Root Scanning (ms): Min: 2.6, Avg: 3.0, Max: 4.9, Diff: 2.4, Sum: 24.1]
      [Update RS (ms): Min: 9.3, Avg: 11.1, Max: 12.6, Diff: 3.3, Sum: 88.9]
         [Processed Buffers: Min: 60, Avg: 74.5, Max: 83, Diff: 23, Sum: 596]
      [Scan RS (ms): Min: 0.0, Avg: 0.1, Max: 0.2, Diff: 0.1, Sum: 0.9]
      [Code Root Scanning (ms): Min: 0.0, Avg: 0.0, Max: 0.0, Diff: 0.0, Sum: 0.0]
      [Object Copy (ms): Min: 3.4, Avg: 4.4, Max: 4.6, Diff: 1.2, Sum: 35.2]
      [Termination (ms): Min: 0.0, Avg: 0.0, Max: 0.0, Diff: 0.0, Sum: 0.0]
         [Termination Attempts: Min: 1, Avg: 1.0, Max: 1, Diff: 0, Sum: 8]
      [GC Worker Other (ms): Min: 0.1, Avg: 0.1, Max: 0.2, Diff: 0.1, Sum: 0.9]
      [GC Worker Total (ms): Min: 18.6, Avg: 18.8, Max: 18.8, Diff: 0.2, Sum: 150.0]
      [GC Worker End (ms): Min: 576933603.7, Avg: 576933603.7, Max: 576933603.7, Diff: 0.1]
   [Code Root Fixup: 0.0 ms]
   [Code Root Purge: 0.0 ms]
   [Clear CT: 0.3 ms]
   [Other: 6.9 ms]
      [Choose CSet: 0.0 ms]
      [Ref Proc: 0.5 ms]
      [Ref Enq: 0.0 ms]
      [Redirty Cards: 0.1 ms]
      [Humongous Register: 3.7 ms]
      [Humongous Reclaim: 0.2 ms]
      [Free CSet: 1.5 ms]
   [Eden: 1094.0M(1094.0M)->0.0B(1552.0M) Survivors: 18.0M->26.0M Heap: 2679.6M(6144.0M)->1542.2M(6144.0M)]
 [Times: user=0.16 sys=0.00, real=0.03 secs] 
2025-07-27T04:14:20.245+0800: 577014.081: [GC pause (G1 Evacuation Pause) (young), 0.0282796 secs]
   [Parallel Time: 24.6 ms, GC Workers: 8]
      [GC Worker Start (ms): Min: 577014081.5, Avg: 577014081.6, Max: 577014081.7, Diff: 0.1]
      [Ext Root Scanning (ms): Min: 2.3, Avg: 3.2, Max: 8.9, Diff: 6.6, Sum: 25.9]
      [Update RS (ms): Min: 11.1, Avg: 16.6, Max: 17.7, Diff: 6.5, Sum: 132.9]
         [Processed Buffers: Min: 80, Avg: 113.0, Max: 127, Diff: 47, Sum: 904]
      [Scan RS (ms): Min: 0.1, Avg: 0.2, Max: 0.2, Diff: 0.2, Sum: 1.3]
      [Code Root Scanning (ms): Min: 0.0, Avg: 0.0, Max: 0.0, Diff: 0.0, Sum: 0.0]
      [Object Copy (ms): Min: 4.1, Avg: 4.2, Max: 4.3, Diff: 0.2, Sum: 34.0]
      [Termination (ms): Min: 0.0, Avg: 0.0, Max: 0.0, Diff: 0.0, Sum: 0.0]
         [Termination Attempts: Min: 1, Avg: 1.0, Max: 1, Diff: 0, Sum: 8]
      [GC Worker Other (ms): Min: 0.0, Avg: 0.1, Max: 0.1, Diff: 0.1, Sum: 0.7]
      [GC Worker Total (ms): Min: 24.2, Avg: 24.4, Max: 24.5, Diff: 0.2, Sum: 194.9]
      [GC Worker End (ms): Min: 577014105.9, Avg: 577014106.0, Max: 577014106.0, Diff: 0.1]
   [Code Root Fixup: 0.0 ms]
   [Code Root Purge: 0.0 ms]
   [Clear CT: 0.3 ms]
   [Other: 3.4 ms]
      [Choose CSet: 0.0 ms]
      [Ref Proc: 0.7 ms]
      [Ref Enq: 0.0 ms]
      [Redirty Cards: 0.1 ms]
      [Humongous Register: 0.4 ms]
      [Humongous Reclaim: 0.3 ms]
      [Free CSet: 1.2 ms]
   [Eden: 1552.0M(1552.0M)->0.0B(2296.0M) Survivors: 26.0M->18.0M Heap: 3190.0M(6144.0M)->1535.5M(6144.0M)]
 [Times: user=0.20 sys=0.00, real=0.03 secs] 
2025-07-27T04:16:20.106+0800: 577133.942: [GC pause (G1 Evacuation Pause) (young), 0.0497933 secs]
   [Parallel Time: 33.0 ms, GC Workers: 8]
      [GC Worker Start (ms): Min: 577133945.3, Avg: 577133945.4, Max: 577133945.5, Diff: 0.2]
      [Ext Root Scanning (ms): Min: 2.9, Avg: 3.5, Max: 5.7, Diff: 2.8, Sum: 27.9]
      [Update RS (ms): Min: 22.6, Avg: 24.8, Max: 26.4, Diff: 3.7, Sum: 198.7]
         [Processed Buffers: Min: 136, Avg: 149.2, Max: 163, Diff: 27, Sum: 1194]
      [Scan RS (ms): Min: 0.1, Avg: 0.2, Max: 0.3, Diff: 0.3, Sum: 1.9]
      [Code Root Scanning (ms): Min: 0.0, Avg: 0.0, Max: 0.0, Diff: 0.0, Sum: 0.0]
      [Object Copy (ms): Min: 3.1, Avg: 4.1, Max: 4.3, Diff: 1.1, Sum: 32.4]
      [Termination (ms): Min: 0.0, Avg: 0.0, Max: 0.0, Diff: 0.0, Sum: 0.0]
         [Termination Attempts: Min: 1, Avg: 1.0, Max: 1, Diff: 0, Sum: 8]
      [GC Worker Other (ms): Min: 0.1, Avg: 0.1, Max: 0.3, Diff: 0.2, Sum: 1.2]
      [GC Worker Total (ms): Min: 32.7, Avg: 32.8, Max: 32.9, Diff: 0.2, Sum: 262.2]
      [GC Worker End (ms): Min: 577133978.1, Avg: 577133978.2, Max: 577133978.2, Diff: 0.1]
   [Code Root Fixup: 0.0 ms]
   [Code Root Purge: 0.0 ms]
   [Clear CT: 8.2 ms]
   [Other: 8.6 ms]
      [Choose CSet: 0.0 ms]
      [Ref Proc: 0.9 ms]
      [Ref Enq: 0.2 ms]
      [Redirty Cards: 0.1 ms]
      [Humongous Register: 3.1 ms]
      [Humongous Reclaim: 0.4 ms]
      [Free CSet: 2.8 ms]
   [Eden: 2296.0M(2296.0M)->0.0B(3220.0M) Survivors: 18.0M->18.0M Heap: 3963.2M(6144.0M)->1530.5M(6144.0M)]
 [Times: user=0.25 sys=0.03, real=0.05 secs] 
2025-07-27T04:18:48.629+0800: 577282.465: [GC pause (G1 Evacuation Pause) (young), 0.0375218 secs]
   [Parallel Time: 27.9 ms, GC Workers: 8]
      [GC Worker Start (ms): Min: 577282467.2, Avg: 577282467.3, Max: 577282467.5, Diff: 0.3]
      [Ext Root Scanning (ms): Min: 3.3, Avg: 4.5, Max: 10.9, Diff: 7.6, Sum: 36.3]
      [Update RS (ms): Min: 11.7, Avg: 16.9, Max: 17.8, Diff: 6.1, Sum: 134.8]
         [Processed Buffers: Min: 58, Avg: 105.0, Max: 125, Diff: 67, Sum: 840]
      [Scan RS (ms): Min: 0.1, Avg: 0.5, Max: 0.7, Diff: 0.6, Sum: 3.7]
      [Code Root Scanning (ms): Min: 0.0, Avg: 0.0, Max: 0.0, Diff: 0.0, Sum: 0.1]
      [Object Copy (ms): Min: 4.9, Avg: 5.6, Max: 5.7, Diff: 0.9, Sum: 44.5]
      [Termination (ms): Min: 0.0, Avg: 0.0, Max: 0.0, Diff: 0.0, Sum: 0.0]
         [Termination Attempts: Min: 1, Avg: 1.0, Max: 1, Diff: 0, Sum: 8]
      [GC Worker Other (ms): Min: 0.1, Avg: 0.2, Max: 0.2, Diff: 0.1, Sum: 1.3]
      [GC Worker Total (ms): Min: 27.4, Avg: 27.6, Max: 27.7, Diff: 0.3, Sum: 220.8]
      [GC Worker End (ms): Min: 577282494.9, Avg: 577282494.9, Max: 577282495.0, Diff: 0.1]
   [Code Root Fixup: 0.0 ms]
   [Code Root Purge: 0.0 ms]
   [Clear CT: 0.6 ms]
   [Other: 9.0 ms]
      [Choose CSet: 0.0 ms]
      [Ref Proc: 1.3 ms]
      [Ref Enq: 0.0 ms]
      [Redirty Cards: 0.1 ms]
      [Humongous Register: 2.0 ms]
      [Humongous Reclaim: 0.5 ms]
      [Free CSet: 4.2 ms]
   [Eden: 3212.0M(3212.0M)->0.0B(3458.0M) Survivors: 18.0M->18.0M Heap: 4928.7M(6144.0M)->1528.8M(6144.0M)]
 [Times: user=0.11 sys=0.12, real=0.03 secs] 
2025-07-27T04:20:21.688+0800: 577375.524: [GC pause (G1 Evacuation Pause) (young), 0.0491824 secs]
   [Parallel Time: 39.0 ms, GC Workers: 8]
      [GC Worker Start (ms): Min: 577375526.4, Avg: 577375526.5, Max: 577375526.6, Diff: 0.2]
      [Ext Root Scanning (ms): Min: 3.1, Avg: 4.3, Max: 10.6, Diff: 7.5, Sum: 34.5]
      [Update RS (ms): Min: 20.2, Avg: 26.3, Max: 27.8, Diff: 7.6, Sum: 210.4]
         [Processed Buffers: Min: 128, Avg: 165.8, Max: 186, Diff: 58, Sum: 1326]
      [Scan RS (ms): Min: 0.1, Avg: 0.4, Max: 0.5, Diff: 0.4, Sum: 3.0]
      [Code Root Scanning (ms): Min: 0.0, Avg: 0.0, Max: 0.0, Diff: 0.0, Sum: 0.1]
      [Object Copy (ms): Min: 7.4, Avg: 7.6, Max: 7.7, Diff: 0.3, Sum: 60.9]
      [Termination (ms): Min: 0.0, Avg: 0.0, Max: 0.0, Diff: 0.0, Sum: 0.0]
         [Termination Attempts: Min: 1, Avg: 1.8, Max: 3, Diff: 2, Sum: 14]
      [GC Worker Other (ms): Min: 0.0, Avg: 0.2, Max: 0.3, Diff: 0.3, Sum: 1.3]
      [GC Worker Total (ms): Min: 38.7, Avg: 38.8, Max: 38.9, Diff: 0.2, Sum: 310.2]
      [GC Worker End (ms): Min: 577375565.2, Avg: 577375565.2, Max: 577375565.3, Diff: 0.1]
   [Code Root Fixup: 0.0 ms]
   [Code Root Purge: 0.0 ms]
   [Clear CT: 0.6 ms]
   [Other: 9.5 ms]
      [Choose CSet: 0.0 ms]
      [Ref Proc: 1.6 ms]
      [Ref Enq: 0.1 ms]
      [Redirty Cards: 0.1 ms]
      [Humongous Register: 1.7 ms]
      [Humongous Reclaim: 0.4 ms]
      [Free CSet: 4.3 ms]
   [Eden: 3458.0M(3458.0M)->0.0B(3426.0M) Survivors: 18.0M->48.0M Heap: 5128.5M(6144.0M)->1557.9M(6144.0M)]
 [Times: user=0.27 sys=0.05, real=0.05 secs] 
2025-07-27T04:21:07.511+0800: 577421.347: [GC pause (G1 Evacuation Pause) (young), 0.0354327 secs]
   [Parallel Time: 25.1 ms, GC Workers: 8]
      [GC Worker Start (ms): Min: 577421349.5, Avg: 577421349.6, Max: 577421349.7, Diff: 0.2]
      [Ext Root Scanning (ms): Min: 3.3, Avg: 4.4, Max: 10.8, Diff: 7.5, Sum: 35.2]
      [Update RS (ms): Min: 4.0, Avg: 9.9, Max: 11.6, Diff: 7.5, Sum: 79.3]
         [Processed Buffers: Min: 54, Avg: 73.4, Max: 85, Diff: 31, Sum: 587]
      [Scan RS (ms): Min: 0.1, Avg: 0.4, Max: 0.5, Diff: 0.3, Sum: 2.9]
      [Code Root Scanning (ms): Min: 0.0, Avg: 0.0, Max: 0.0, Diff: 0.0, Sum: 0.1]
      [Object Copy (ms): Min: 8.9, Avg: 9.4, Max: 10.2, Diff: 1.3, Sum: 75.4]
      [Termination (ms): Min: 0.0, Avg: 0.6, Max: 0.7, Diff: 0.7, Sum: 4.9]
         [Termination Attempts: Min: 1, Avg: 1.8, Max: 3, Diff: 2, Sum: 14]
      [GC Worker Other (ms): Min: 0.1, Avg: 0.2, Max: 0.2, Diff: 0.1, Sum: 1.2]
      [GC Worker Total (ms): Min: 24.8, Avg: 24.9, Max: 25.0, Diff: 0.2, Sum: 199.0]
      [GC Worker End (ms): Min: 577421374.4, Avg: 577421374.5, Max: 577421374.5, Diff: 0.1]
   [Code Root Fixup: 0.0 ms]
   [Code Root Purge: 0.0 ms]
   [Clear CT: 0.5 ms]
   [Other: 9.7 ms]
      [Choose CSet: 0.0 ms]
      [Ref Proc: 1.9 ms]
      [Ref Enq: 0.2 ms]
      [Redirty Cards: 0.1 ms]
      [Humongous Register: 2.0 ms]
      [Humongous Reclaim: 0.2 ms]
      [Free CSet: 4.2 ms]
   [Eden: 3426.0M(3426.0M)->0.0B(3428.0M) Survivors: 48.0M->46.0M Heap: 5033.6M(6144.0M)->1556.0M(6144.0M)]
 [Times: user=0.11 sys=0.11, real=0.03 secs] 
2025-07-27T04:21:59.281+0800: 577473.116: [GC pause (G1 Evacuation Pause) (young), 0.0262966 secs]
   [Parallel Time: 19.7 ms, GC Workers: 8]
      [GC Worker Start (ms): Min: 577473117.4, Avg: 577473117.5, Max: 577473117.5, Diff: 0.1]
      [Ext Root Scanning (ms): Min: 2.2, Avg: 2.5, Max: 3.1, Diff: 0.9, Sum: 20.1]
      [Update RS (ms): Min: 8.7, Avg: 9.3, Max: 9.6, Diff: 0.9, Sum: 74.1]
         [Processed Buffers: Min: 48, Avg: 69.6, Max: 83, Diff: 35, Sum: 557]
      [Scan RS (ms): Min: 0.1, Avg: 0.3, Max: 0.4, Diff: 0.3, Sum: 2.6]
      [Code Root Scanning (ms): Min: 0.0, Avg: 0.0, Max: 0.0, Diff: 0.0, Sum: 0.1]
      [Object Copy (ms): Min: 7.2, Avg: 7.4, Max: 7.4, Diff: 0.2, Sum: 58.9]
      [Termination (ms): Min: 0.0, Avg: 0.0, Max: 0.0, Diff: 0.0, Sum: 0.0]
         [Termination Attempts: Min: 1, Avg: 1.8, Max: 3, Diff: 2, Sum: 14]
      [GC Worker Other (ms): Min: 0.0, Avg: 0.1, Max: 0.1, Diff: 0.1, Sum: 0.5]
      [GC Worker Total (ms): Min: 19.5, Avg: 19.5, Max: 19.6, Diff: 0.2, Sum: 156.4]
      [GC Worker End (ms): Min: 577473137.0, Avg: 577473137.0, Max: 577473137.1, Diff: 0.1]
   [Code Root Fixup: 0.0 ms]
   [Code Root Purge: 0.0 ms]
   [Clear CT: 0.6 ms]
   [Other: 6.0 ms]
      [Choose CSet: 0.0 ms]
      [Ref Proc: 1.9 ms]
      [Ref Enq: 0.3 ms]
      [Redirty Cards: 0.1 ms]
      [Humongous Register: 0.9 ms]
      [Humongous Reclaim: 0.2 ms]
      [Free CSet: 1.8 ms]
   [Eden: 3428.0M(3428.0M)->0.0B(3432.0M) Survivors: 46.0M->42.0M Heap: 5030.1M(6144.0M)->1553.1M(6144.0M)]
 [Times: user=0.09 sys=0.07, real=0.03 secs] 
2025-07-27T04:22:55.891+0800: 577529.727: [GC pause (G1 Evacuation Pause) (young), 0.0356866 secs]
   [Parallel Time: 23.8 ms, GC Workers: 8]
      [GC Worker Start (ms): Min: 577529730.9, Avg: 577529731.1, Max: 577529731.2, Diff: 0.2]
      [Ext Root Scanning (ms): Min: 3.0, Avg: 4.2, Max: 10.6, Diff: 7.5, Sum: 33.2]
      [Update RS (ms): Min: 4.0, Avg: 10.2, Max: 11.8, Diff: 7.8, Sum: 81.4]
         [Processed Buffers: Min: 41, Avg: 70.1, Max: 87, Diff: 46, Sum: 561]
      [Scan RS (ms): Min: 0.1, Avg: 0.4, Max: 0.5, Diff: 0.4, Sum: 3.0]
      [Code Root Scanning (ms): Min: 0.0, Avg: 0.0, Max: 0.0, Diff: 0.0, Sum: 0.1]
      [Object Copy (ms): Min: 8.2, Avg: 8.7, Max: 8.8, Diff: 0.6, Sum: 69.4]
      [Termination (ms): Min: 0.0, Avg: 0.0, Max: 0.0, Diff: 0.0, Sum: 0.0]
         [Termination Attempts: Min: 1, Avg: 2.4, Max: 4, Diff: 3, Sum: 19]
      [GC Worker Other (ms): Min: 0.1, Avg: 0.2, Max: 0.2, Diff: 0.1, Sum: 1.2]
      [GC Worker Total (ms): Min: 23.4, Avg: 23.5, Max: 23.7, Diff: 0.3, Sum: 188.3]
      [GC Worker End (ms): Min: 577529754.6, Avg: 577529754.6, Max: 577529754.6, Diff: 0.1]
   [Code Root Fixup: 0.0 ms]
   [Code Root Purge: 0.0 ms]
   [Clear CT: 0.5 ms]
   [Other: 11.3 ms]
      [Choose CSet: 0.0 ms]
      [Ref Proc: 2.1 ms]
      [Ref Enq: 0.2 ms]
      [Redirty Cards: 0.1 ms]
      [Humongous Register: 3.2 ms]
      [Humongous Reclaim: 0.2 ms]
      [Free CSet: 4.4 ms]
   [Eden: 3432.0M(3432.0M)->0.0B(3436.0M) Survivors: 42.0M->40.0M Heap: 5031.2M(6144.0M)->1551.1M(6144.0M)]
 [Times: user=0.17 sys=0.03, real=0.04 secs] 
2025-07-27T04:25:21.668+0800: 577675.503: [GC pause (G1 Evacuation Pause) (young), 0.0403488 secs]
   [Parallel Time: 30.4 ms, GC Workers: 8]
      [GC Worker Start (ms): Min: 577675506.0, Avg: 577675506.0, Max: 577675506.1, Diff: 0.1]
      [Ext Root Scanning (ms): Min: 2.6, Avg: 3.9, Max: 10.5, Diff: 7.9, Sum: 30.9]
      [Update RS (ms): Min: 13.3, Avg: 19.5, Max: 21.3, Diff: 8.0, Sum: 156.1]
         [Processed Buffers: Min: 84, Avg: 131.5, Max: 151, Diff: 67, Sum: 1052]
      [Scan RS (ms): Min: 0.1, Avg: 0.5, Max: 0.7, Diff: 0.6, Sum: 4.4]
      [Code Root Scanning (ms): Min: 0.0, Avg: 0.0, Max: 0.0, Diff: 0.0, Sum: 0.1]
      [Object Copy (ms): Min: 5.9, Avg: 6.1, Max: 6.3, Diff: 0.4, Sum: 49.2]
      [Termination (ms): Min: 0.0, Avg: 0.0, Max: 0.0, Diff: 0.0, Sum: 0.0]
         [Termination Attempts: Min: 1, Avg: 1.0, Max: 1, Diff: 0, Sum: 8]
      [GC Worker Other (ms): Min: 0.1, Avg: 0.1, Max: 0.2, Diff: 0.1, Sum: 1.1]
      [GC Worker Total (ms): Min: 30.1, Avg: 30.2, Max: 30.3, Diff: 0.1, Sum: 241.7]
      [GC Worker End (ms): Min: 577675536.2, Avg: 577675536.3, Max: 577675536.3, Diff: 0.1]
   [Code Root Fixup: 0.0 ms]
   [Code Root Purge: 0.0 ms]
   [Clear CT: 0.5 ms]
   [Other: 9.4 ms]
      [Choose CSet: 0.0 ms]
      [Ref Proc: 1.8 ms]
      [Ref Enq: 0.1 ms]
      [Redirty Cards: 0.1 ms]
      [Humongous Register: 1.6 ms]
      [Humongous Reclaim: 0.5 ms]
      [Free CSet: 4.1 ms]
   [Eden: 3436.0M(3436.0M)->0.0B(3452.0M) Survivors: 40.0M->30.0M Heap: 5201.3M(6144.0M)->1542.2M(6144.0M)]
 [Times: user=0.23 sys=0.02, real=0.04 secs] 
2025-07-27T04:28:30.200+0800: 577864.035: [GC pause (G1 Evacuation Pause) (young), 0.0454802 secs]
   [Parallel Time: 34.6 ms, GC Workers: 8]
      [GC Worker Start (ms): Min: 577864037.3, Avg: 577864037.3, Max: 577864037.4, Diff: 0.1]
      [Ext Root Scanning (ms): Min: 2.8, Avg: 4.1, Max: 10.6, Diff: 7.8, Sum: 32.5]
      [Update RS (ms): Min: 17.3, Avg: 23.7, Max: 25.4, Diff: 8.1, Sum: 189.4]
         [Processed Buffers: Min: 98, Avg: 136.6, Max: 156, Diff: 58, Sum: 1093]
      [Scan RS (ms): Min: 0.1, Avg: 0.7, Max: 0.9, Diff: 0.8, Sum: 5.7]
      [Code Root Scanning (ms): Min: 0.0, Avg: 0.0, Max: 0.0, Diff: 0.0, Sum: 0.1]
      [Object Copy (ms): Min: 5.6, Avg: 5.8, Max: 6.1, Diff: 0.5, Sum: 46.8]
      [Termination (ms): Min: 0.0, Avg: 0.0, Max: 0.0, Diff: 0.0, Sum: 0.1]
         [Termination Attempts: Min: 1, Avg: 4.6, Max: 7, Diff: 6, Sum: 37]
      [GC Worker Other (ms): Min: 0.1, Avg: 0.2, Max: 0.3, Diff: 0.2, Sum: 1.2]
      [GC Worker Total (ms): Min: 34.4, Avg: 34.5, Max: 34.6, Diff: 0.2, Sum: 275.7]
      [GC Worker End (ms): Min: 577864071.8, Avg: 577864071.8, Max: 577864071.8, Diff: 0.1]
   [Code Root Fixup: 0.0 ms]
   [Code Root Purge: 0.0 ms]
   [Clear CT: 0.9 ms]
   [Other: 9.9 ms]
      [Choose CSet: 0.0 ms]
      [Ref Proc: 2.7 ms]
      [Ref Enq: 0.1 ms]
      [Redirty Cards: 0.1 ms]
      [Humongous Register: 1.3 ms]
      [Humongous Reclaim: 0.6 ms]
      [Free CSet: 4.2 ms]
   [Eden: 3452.0M(3452.0M)->0.0B(3454.0M) Survivors: 30.0M->32.0M Heap: 5205.1M(6144.0M)->1544.4M(6144.0M)]
 [Times: user=0.26 sys=0.03, real=0.04 secs] 
2025-07-27T04:47:30.072+0800: 579003.908: [GC pause (G1 Evacuation Pause) (young), 0.0421144 secs]
   [Parallel Time: 28.3 ms, GC Workers: 8]
      [GC Worker Start (ms): Min: 579003910.4, Avg: 579003910.5, Max: 579003910.6, Diff: 0.2]
      [Ext Root Scanning (ms): Min: 0.8, Avg: 4.5, Max: 10.6, Diff: 9.8, Sum: 36.1]
      [Update RS (ms): Min: 9.9, Avg: 15.5, Max: 17.2, Diff: 7.2, Sum: 124.4]
         [Processed Buffers: Min: 88, Avg: 107.0, Max: 125, Diff: 37, Sum: 856]
      [Scan RS (ms): Min: 0.1, Avg: 0.5, Max: 0.7, Diff: 0.5, Sum: 3.9]
      [Code Root Scanning (ms): Min: 0.0, Avg: 0.0, Max: 0.0, Diff: 0.0, Sum: 0.1]
      [Object Copy (ms): Min: 5.9, Avg: 6.3, Max: 6.7, Diff: 0.8, Sum: 50.0]
      [Termination (ms): Min: 0.0, Avg: 0.6, Max: 0.7, Diff: 0.7, Sum: 5.0]
         [Termination Attempts: Min: 1, Avg: 2.5, Max: 4, Diff: 3, Sum: 20]
      [GC Worker Other (ms): Min: 0.1, Avg: 0.5, Max: 3.5, Diff: 3.4, Sum: 4.3]
      [GC Worker Total (ms): Min: 27.7, Avg: 28.0, Max: 28.0, Diff: 0.3, Sum: 223.6]
      [GC Worker End (ms): Min: 579003938.2, Avg: 579003938.4, Max: 579003938.5, Diff: 0.3]
   [Code Root Fixup: 0.0 ms]
   [Code Root Purge: 0.0 ms]
   [Clear CT: 0.7 ms]
   [Other: 13.1 ms]
      [Choose CSet: 0.0 ms]
      [Ref Proc: 5.7 ms]
      [Ref Enq: 0.1 ms]
      [Redirty Cards: 0.1 ms]
      [Humongous Register: 1.7 ms]
      [Humongous Reclaim: 0.4 ms]
      [Free CSet: 4.2 ms]
   [Eden: 3454.0M(3454.0M)->0.0B(3462.0M) Survivors: 32.0M->30.0M Heap: 5140.0M(6144.0M)->1541.5M(6144.0M)]
 [Times: user=0.19 sys=0.04, real=0.04 secs] 
2025-07-27T04:50:11.935+0800: 579165.771: [GC pause (G1 Evacuation Pause) (young), 0.0450255 secs]
   [Parallel Time: 34.7 ms, GC Workers: 8]
      [GC Worker Start (ms): Min: 579165772.8, Avg: 579165772.9, Max: 579165773.0, Diff: 0.2]
      [Ext Root Scanning (ms): Min: 2.8, Avg: 4.1, Max: 10.7, Diff: 7.9, Sum: 32.4]
      [Update RS (ms): Min: 10.9, Avg: 17.3, Max: 18.7, Diff: 7.9, Sum: 138.1]
         [Processed Buffers: Min: 85, Avg: 122.2, Max: 147, Diff: 62, Sum: 978]
      [Scan RS (ms): Min: 0.1, Avg: 0.5, Max: 0.7, Diff: 0.6, Sum: 4.0]
      [Code Root Scanning (ms): Min: 0.0, Avg: 0.0, Max: 0.0, Diff: 0.0, Sum: 0.1]
      [Object Copy (ms): Min: 12.3, Avg: 12.5, Max: 12.6, Diff: 0.3, Sum: 99.9]
      [Termination (ms): Min: 0.0, Avg: 0.0, Max: 0.0, Diff: 0.0, Sum: 0.0]
         [Termination Attempts: Min: 1, Avg: 1.0, Max: 1, Diff: 0, Sum: 8]
      [GC Worker Other (ms): Min: 0.1, Avg: 0.2, Max: 0.3, Diff: 0.2, Sum: 1.3]
      [GC Worker Total (ms): Min: 34.3, Avg: 34.5, Max: 34.6, Diff: 0.2, Sum: 275.7]
      [GC Worker End (ms): Min: 579165807.3, Avg: 579165807.3, Max: 579165807.4, Diff: 0.1]
   [Code Root Fixup: 0.1 ms]
   [Code Root Purge: 0.0 ms]
   [Clear CT: 0.6 ms]
   [Other: 9.7 ms]
      [Choose CSet: 0.0 ms]
      [Ref Proc: 2.3 ms]
      [Ref Enq: 0.2 ms]
      [Redirty Cards: 0.1 ms]
      [Humongous Register: 1.6 ms]
      [Humongous Reclaim: 0.4 ms]
      [Free CSet: 4.1 ms]
   [Eden: 3462.0M(3462.0M)->0.0B(3414.0M) Survivors: 30.0M->54.0M Heap: 5145.3M(6144.0M)->1566.5M(6144.0M)]
 [Times: user=0.23 sys=0.06, real=0.05 secs] 
2025-07-27T04:51:03.647+0800: 579217.483: [GC pause (G1 Evacuation Pause) (young), 0.0353805 secs]
   [Parallel Time: 24.2 ms, GC Workers: 8]
      [GC Worker Start (ms): Min: 579217486.6, Avg: 579217486.7, Max: 579217486.8, Diff: 0.2]
      [Ext Root Scanning (ms): Min: 3.2, Avg: 4.4, Max: 11.0, Diff: 7.9, Sum: 35.1]
      [Update RS (ms): Min: 2.9, Avg: 9.4, Max: 11.2, Diff: 8.2, Sum: 75.1]
         [Processed Buffers: Min: 44, Avg: 70.5, Max: 96, Diff: 52, Sum: 564]
      [Scan RS (ms): Min: 0.1, Avg: 0.3, Max: 0.4, Diff: 0.3, Sum: 2.8]
      [Code Root Scanning (ms): Min: 0.0, Avg: 0.0, Max: 0.0, Diff: 0.0, Sum: 0.1]
      [Object Copy (ms): Min: 9.3, Avg: 9.7, Max: 9.8, Diff: 0.6, Sum: 77.6]
      [Termination (ms): Min: 0.0, Avg: 0.0, Max: 0.0, Diff: 0.0, Sum: 0.0]
         [Termination Attempts: Min: 1, Avg: 1.0, Max: 1, Diff: 0, Sum: 8]
      [GC Worker Other (ms): Min: 0.1, Avg: 0.2, Max: 0.2, Diff: 0.1, Sum: 1.3]
      [GC Worker Total (ms): Min: 23.9, Avg: 24.0, Max: 24.1, Diff: 0.2, Sum: 191.9]
      [GC Worker End (ms): Min: 579217510.6, Avg: 579217510.7, Max: 579217510.7, Diff: 0.1]
   [Code Root Fixup: 0.0 ms]
   [Code Root Purge: 0.0 ms]
   [Clear CT: 0.5 ms]
   [Other: 10.6 ms]
      [Choose CSet: 0.0 ms]
      [Ref Proc: 2.0 ms]
      [Ref Enq: 0.1 ms]
      [Redirty Cards: 0.1 ms]
      [Humongous Register: 2.9 ms]
      [Humongous Reclaim: 0.2 ms]
      [Free CSet: 4.2 ms]
   [Eden: 3414.0M(3414.0M)->0.0B(3390.0M) Survivors: 54.0M->66.0M Heap: 5026.6M(6144.0M)->1577.5M(6144.0M)]
 [Times: user=0.20 sys=0.00, real=0.03 secs] 
2025-07-27T04:51:43.209+0800: 579257.045: [GC pause (G1 Evacuation Pause) (young), 0.0359810 secs]
   [Parallel Time: 29.5 ms, GC Workers: 8]
      [GC Worker Start (ms): Min: 579257045.7, Avg: 579257045.7, Max: 579257045.8, Diff: 0.1]
      [Ext Root Scanning (ms): Min: 2.2, Avg: 3.3, Max: 9.0, Diff: 6.8, Sum: 26.4]
      [Update RS (ms): Min: 11.7, Avg: 17.2, Max: 18.2, Diff: 6.6, Sum: 137.5]
         [Processed Buffers: Min: 89, Avg: 119.1, Max: 133, Diff: 44, Sum: 953]
      [Scan RS (ms): Min: 0.2, Avg: 0.4, Max: 0.4, Diff: 0.2, Sum: 2.9]
      [Code Root Scanning (ms): Min: 0.0, Avg: 0.0, Max: 0.0, Diff: 0.0, Sum: 0.1]
      [Object Copy (ms): Min: 8.3, Avg: 8.5, Max: 8.6, Diff: 0.4, Sum: 67.8]
      [Termination (ms): Min: 0.0, Avg: 0.0, Max: 0.0, Diff: 0.0, Sum: 0.2]
         [Termination Attempts: Min: 1, Avg: 1.5, Max: 3, Diff: 2, Sum: 12]
      [GC Worker Other (ms): Min: 0.0, Avg: 0.1, Max: 0.1, Diff: 0.1, Sum: 0.4]
      [GC Worker Total (ms): Min: 29.3, Avg: 29.4, Max: 29.5, Diff: 0.1, Sum: 235.3]
      [GC Worker End (ms): Min: 579257075.1, Avg: 579257075.1, Max: 579257075.2, Diff: 0.1]
   [Code Root Fixup: 0.0 ms]
   [Code Root Purge: 0.0 ms]
   [Clear CT: 0.6 ms]
   [Other: 5.8 ms]
      [Choose CSet: 0.0 ms]
      [Ref Proc: 1.9 ms]
      [Ref Enq: 0.2 ms]
      [Redirty Cards: 0.1 ms]
      [Humongous Register: 0.7 ms]
      [Humongous Reclaim: 0.3 ms]
      [Free CSet: 1.9 ms]
   [Eden: 3390.0M(3390.0M)->0.0B(3412.0M) Survivors: 66.0M->54.0M Heap: 5063.2M(6144.0M)->1568.1M(6144.0M)]
 [Times: user=0.23 sys=0.03, real=0.03 secs] 
2025-07-27T04:52:32.639+0800: 579306.475: [GC pause (G1 Evacuation Pause) (young), 0.0365531 secs]
   [Parallel Time: 25.6 ms, GC Workers: 8]
      [GC Worker Start (ms): Min: 579306477.3, Avg: 579306477.4, Max: 579306477.5, Diff: 0.2]
      [Ext Root Scanning (ms): Min: 3.1, Avg: 4.3, Max: 10.6, Diff: 7.5, Sum: 34.2]
      [Update RS (ms): Min: 3.6, Avg: 9.8, Max: 11.4, Diff: 7.8, Sum: 78.0]
         [Processed Buffers: Min: 47, Avg: 69.9, Max: 81, Diff: 34, Sum: 559]
      [Scan RS (ms): Min: 0.1, Avg: 0.3, Max: 0.4, Diff: 0.3, Sum: 2.6]
      [Code Root Scanning (ms): Min: 0.0, Avg: 0.0, Max: 0.0, Diff: 0.0, Sum: 0.1]
      [Object Copy (ms): Min: 10.3, Avg: 10.8, Max: 11.1, Diff: 0.8, Sum: 86.4]
      [Termination (ms): Min: 0.0, Avg: 0.0, Max: 0.0, Diff: 0.0, Sum: 0.0]
         [Termination Attempts: Min: 1, Avg: 1.8, Max: 3, Diff: 2, Sum: 14]
      [GC Worker Other (ms): Min: 0.0, Avg: 0.2, Max: 0.2, Diff: 0.2, Sum: 1.3]
      [GC Worker Total (ms): Min: 25.2, Avg: 25.3, Max: 25.4, Diff: 0.2, Sum: 202.6]
      [GC Worker End (ms): Min: 579306502.7, Avg: 579306502.8, Max: 579306502.8, Diff: 0.1]
   [Code Root Fixup: 0.0 ms]
   [Code Root Purge: 0.0 ms]
   [Clear CT: 0.6 ms]
   [Other: 10.4 ms]
      [Choose CSet: 0.0 ms]
      [Ref Proc: 2.8 ms]
      [Ref Enq: 0.2 ms]
      [Redirty Cards: 0.1 ms]
      [Humongous Register: 2.0 ms]
      [Humongous Reclaim: 0.2 ms]
      [Free CSet: 4.1 ms]
   [Eden: 3412.0M(3412.0M)->0.0B(3400.0M) Survivors: 54.0M->60.0M Heap: 5026.1M(6144.0M)->1573.1M(6144.0M)]
 [Times: user=0.19 sys=0.01, real=0.03 secs] 
2025-07-27T04:54:55.060+0800: 579448.895: [GC pause (G1 Evacuation Pause) (young), 0.0519231 secs]
   [Parallel Time: 38.1 ms, GC Workers: 8]
      [GC Worker Start (ms): Min: 579448899.3, Avg: 579448899.4, Max: 579448899.4, Diff: 0.2]
      [Ext Root Scanning (ms): Min: 3.1, Avg: 4.3, Max: 10.8, Diff: 7.7, Sum: 34.4]
      [Update RS (ms): Min: 20.0, Avg: 26.1, Max: 27.9, Diff: 7.9, Sum: 209.1]
         [Processed Buffers: Min: 135, Avg: 167.1, Max: 184, Diff: 49, Sum: 1337]
      [Scan RS (ms): Min: 0.1, Avg: 0.4, Max: 0.5, Diff: 0.4, Sum: 2.9]
      [Code Root Scanning (ms): Min: 0.0, Avg: 0.0, Max: 0.0, Diff: 0.0, Sum: 0.1]
      [Object Copy (ms): Min: 6.4, Avg: 7.0, Max: 7.1, Diff: 0.7, Sum: 55.8]
      [Termination (ms): Min: 0.0, Avg: 0.0, Max: 0.0, Diff: 0.0, Sum: 0.0]
         [Termination Attempts: Min: 1, Avg: 1.1, Max: 2, Diff: 1, Sum: 9]
      [GC Worker Other (ms): Min: 0.1, Avg: 0.2, Max: 0.2, Diff: 0.1, Sum: 1.3]
      [GC Worker Total (ms): Min: 37.9, Avg: 38.0, Max: 38.0, Diff: 0.2, Sum: 303.6]
      [GC Worker End (ms): Min: 579448937.3, Avg: 579448937.3, Max: 579448937.4, Diff: 0.1]
   [Code Root Fixup: 0.0 ms]
   [Code Root Purge: 0.0 ms]
   [Clear CT: 0.7 ms]
   [Other: 13.1 ms]
      [Choose CSet: 0.0 ms]
      [Ref Proc: 3.8 ms]
      [Ref Enq: 0.1 ms]
      [Redirty Cards: 0.1 ms]
      [Humongous Register: 3.0 ms]
      [Humongous Reclaim: 0.5 ms]
      [Free CSet: 4.4 ms]
   [Eden: 3400.0M(3400.0M)->0.0B(3444.0M) Survivors: 60.0M->34.0M Heap: 5114.9M(6144.0M)->1547.1M(6144.0M)]
 [Times: user=0.26 sys=0.05, real=0.05 secs] 
2025-07-27T04:57:20.025+0800: 579593.860: [GC pause (G1 Evacuation Pause) (young), 0.0357942 secs]
   [Parallel Time: 30.5 ms, GC Workers: 8]
      [GC Worker Start (ms): Min: 579593861.5, Avg: 579593861.6, Max: 579593861.7, Diff: 0.1]
      [Ext Root Scanning (ms): Min: 2.5, Avg: 2.7, Max: 3.4, Diff: 0.9, Sum: 21.8]
      [Update RS (ms): Min: 19.1, Avg: 19.8, Max: 20.2, Diff: 1.1, Sum: 158.4]
         [Processed Buffers: Min: 108, Avg: 128.8, Max: 139, Diff: 31, Sum: 1030]
      [Scan RS (ms): Min: 0.3, Avg: 0.5, Max: 0.6, Diff: 0.4, Sum: 3.9]
      [Code Root Scanning (ms): Min: 0.0, Avg: 0.0, Max: 0.0, Diff: 0.0, Sum: 0.1]
      [Object Copy (ms): Min: 7.1, Avg: 7.2, Max: 7.2, Diff: 0.2, Sum: 57.3]
      [Termination (ms): Min: 0.0, Avg: 0.0, Max: 0.0, Diff: 0.0, Sum: 0.0]
         [Termination Attempts: Min: 1, Avg: 1.0, Max: 1, Diff: 0, Sum: 8]
      [GC Worker Other (ms): Min: 0.0, Avg: 0.1, Max: 0.1, Diff: 0.1, Sum: 0.5]
      [GC Worker Total (ms): Min: 30.2, Avg: 30.3, Max: 30.3, Diff: 0.1, Sum: 242.0]
      [GC Worker End (ms): Min: 579593891.8, Avg: 579593891.8, Max: 579593891.9, Diff: 0.1]
   [Code Root Fixup: 0.0 ms]
   [Code Root Purge: 0.0 ms]
   [Clear CT: 0.5 ms]
   [Other: 4.7 ms]
      [Choose CSet: 0.0 ms]
      [Ref Proc: 0.9 ms]
      [Ref Enq: 0.1 ms]
      [Redirty Cards: 0.1 ms]
      [Humongous Register: 0.7 ms]
      [Humongous Reclaim: 0.4 ms]
      [Free CSet: 1.8 ms]
   [Eden: 3444.0M(3444.0M)->0.0B(3442.0M) Survivors: 34.0M->34.0M Heap: 5210.5M(6144.0M)->1552.6M(6144.0M)]
 [Times: user=0.23 sys=0.00, real=0.04 secs] 
2025-07-27T05:00:04.437+0800: 579758.272: [GC pause (G1 Evacuation Pause) (young), 0.1403592 secs]
   [Parallel Time: 128.2 ms, GC Workers: 8]
      [GC Worker Start (ms): Min: 579758274.5, Avg: 579758274.6, Max: 579758274.7, Diff: 0.1]
      [Ext Root Scanning (ms): Min: 2.9, Avg: 4.0, Max: 10.1, Diff: 7.2, Sum: 31.9]
      [Update RS (ms): Min: 34.9, Avg: 40.7, Max: 42.0, Diff: 7.1, Sum: 325.8]
         [Processed Buffers: Min: 175, Avg: 193.6, Max: 214, Diff: 39, Sum: 1549]
      [Scan RS (ms): Min: 0.1, Avg: 0.3, Max: 0.5, Diff: 0.3, Sum: 2.8]
      [Code Root Scanning (ms): Min: 0.0, Avg: 0.0, Max: 0.0, Diff: 0.0, Sum: 0.1]
      [Object Copy (ms): Min: 82.2, Avg: 82.4, Max: 82.8, Diff: 0.6, Sum: 659.5]
      [Termination (ms): Min: 0.0, Avg: 0.4, Max: 0.4, Diff: 0.4, Sum: 2.9]
         [Termination Attempts: Min: 1, Avg: 363.5, Max: 447, Diff: 446, Sum: 2908]
      [GC Worker Other (ms): Min: 0.1, Avg: 0.1, Max: 0.2, Diff: 0.2, Sum: 1.0]
      [GC Worker Total (ms): Min: 127.9, Avg: 128.0, Max: 128.1, Diff: 0.2, Sum: 1024.1]
      [GC Worker End (ms): Min: 579758402.6, Avg: 579758402.6, Max: 579758402.7, Diff: 0.1]
   [Code Root Fixup: 0.1 ms]
   [Code Root Purge: 0.0 ms]
   [Clear CT: 0.7 ms]
   [Other: 11.5 ms]
      [Choose CSet: 0.0 ms]
      [Ref Proc: 4.0 ms]
      [Ref Enq: 0.2 ms]
      [Redirty Cards: 0.1 ms]
      [Humongous Register: 1.5 ms]
      [Humongous Reclaim: 0.5 ms]
      [Free CSet: 4.2 ms]
   [Eden: 3442.0M(3442.0M)->0.0B(3008.0M) Survivors: 34.0M->250.0M Heap: 5160.9M(6144.0M)->1771.6M(6144.0M)]
 [Times: user=0.99 sys=0.03, real=0.15 secs] 
2025-07-27T05:00:16.672+0800: 579770.507: [GC pause (G1 Evacuation Pause) (young), 0.2769510 secs]
   [Parallel Time: 271.3 ms, GC Workers: 8]
      [GC Worker Start (ms): Min: 579770508.0, Avg: 579770508.0, Max: 579770508.1, Diff: 0.1]
      [Ext Root Scanning (ms): Min: 2.2, Avg: 2.6, Max: 3.2, Diff: 1.0, Sum: 20.6]
      [Update RS (ms): Min: 38.5, Avg: 39.2, Max: 40.0, Diff: 1.4, Sum: 313.3]
         [Processed Buffers: Min: 12, Avg: 32.5, Max: 64, Diff: 52, Sum: 260]
      [Scan RS (ms): Min: 0.1, Avg: 0.3, Max: 0.4, Diff: 0.3, Sum: 2.8]
      [Code Root Scanning (ms): Min: 0.0, Avg: 0.0, Max: 0.0, Diff: 0.0, Sum: 0.1]
      [Object Copy (ms): Min: 228.5, Avg: 229.0, Max: 229.2, Diff: 0.7, Sum: 1831.8]
      [Termination (ms): Min: 0.0, Avg: 0.0, Max: 0.0, Diff: 0.0, Sum: 0.0]
         [Termination Attempts: Min: 1, Avg: 1.0, Max: 1, Diff: 0, Sum: 8]
      [GC Worker Other (ms): Min: 0.0, Avg: 0.1, Max: 0.1, Diff: 0.1, Sum: 0.6]
      [GC Worker Total (ms): Min: 271.1, Avg: 271.2, Max: 271.2, Diff: 0.2, Sum: 2169.2]
      [GC Worker End (ms): Min: 579770779.1, Avg: 579770779.2, Max: 579770779.2, Diff: 0.1]
   [Code Root Fixup: 0.1 ms]
   [Code Root Purge: 0.0 ms]
   [Clear CT: 0.6 ms]
   [Other: 5.0 ms]
      [Choose CSet: 0.0 ms]
      [Ref Proc: 0.8 ms]
      [Ref Enq: 0.1 ms]
      [Redirty Cards: 0.6 ms]
      [Humongous Register: 0.5 ms]
      [Humongous Reclaim: 0.1 ms]
      [Free CSet: 2.0 ms]
   [Eden: 3008.0M(3008.0M)->0.0B(2048.0K) Survivors: 250.0M->310.0M Heap: 4786.1M(6144.0M)->2066.8M(6144.0M)]
 [Times: user=2.04 sys=0.12, real=0.28 secs] 
2025-07-27T05:00:16.956+0800: 579770.792: [GC pause (G1 Evacuation Pause) (young), 0.1862533 secs]
   [Parallel Time: 183.7 ms, GC Workers: 8]
      [GC Worker Start (ms): Min: 579770792.3, Avg: 579770792.4, Max: 579770792.4, Diff: 0.1]
      [Ext Root Scanning (ms): Min: 2.0, Avg: 2.6, Max: 3.1, Diff: 1.1, Sum: 20.5]
      [Update RS (ms): Min: 75.3, Avg: 75.9, Max: 77.1, Diff: 1.7, Sum: 607.0]
         [Processed Buffers: Min: 207, Avg: 223.8, Max: 252, Diff: 45, Sum: 1790]
      [Scan RS (ms): Min: 0.0, Avg: 1.0, Max: 1.3, Diff: 1.3, Sum: 8.0]
      [Code Root Scanning (ms): Min: 0.0, Avg: 0.0, Max: 0.0, Diff: 0.0, Sum: 0.0]
      [Object Copy (ms): Min: 102.5, Avg: 102.8, Max: 103.9, Diff: 1.5, Sum: 822.6]
      [Termination (ms): Min: 0.0, Avg: 1.2, Max: 1.4, Diff: 1.4, Sum: 9.4]
         [Termination Attempts: Min: 1, Avg: 1246.1, Max: 1471, Diff: 1470, Sum: 9969]
      [GC Worker Other (ms): Min: 0.0, Avg: 0.0, Max: 0.1, Diff: 0.1, Sum: 0.3]
      [GC Worker Total (ms): Min: 183.4, Avg: 183.5, Max: 183.5, Diff: 0.1, Sum: 1467.8]
      [GC Worker End (ms): Min: 579770975.8, Avg: 579770975.9, Max: 579770975.9, Diff: 0.0]
   [Code Root Fixup: 0.1 ms]
   [Code Root Purge: 0.0 ms]
   [Clear CT: 0.2 ms]
   [Other: 2.4 ms]
      [Choose CSet: 0.0 ms]
      [Ref Proc: 0.3 ms]
      [Ref Enq: 0.0 ms]
      [Redirty Cards: 0.6 ms]
      [Humongous Register: 0.3 ms]
      [Humongous Reclaim: 0.1 ms]
      [Free CSet: 0.3 ms]
   [Eden: 2048.0K(2048.0K)->0.0B(298.0M) Survivors: 310.0M->8192.0K Heap: 2068.8M(6144.0M)->2076.1M(6144.0M)]
 [Times: user=1.42 sys=0.05, real=0.19 secs] 
2025-07-27T05:00:20.446+0800: 579774.281: [GC pause (G1 Evacuation Pause) (young), 0.0335763 secs]
   [Parallel Time: 30.8 ms, GC Workers: 8]
      [GC Worker Start (ms): Min: 579774282.3, Avg: 579774282.3, Max: 579774282.4, Diff: 0.1]
      [Ext Root Scanning (ms): Min: 2.4, Avg: 2.7, Max: 3.3, Diff: 0.8, Sum: 21.5]
      [Update RS (ms): Min: 24.0, Avg: 24.3, Max: 24.5, Diff: 0.5, Sum: 194.7]
         [Processed Buffers: Min: 89, Avg: 101.9, Max: 119, Diff: 30, Sum: 815]
      [Scan RS (ms): Min: 0.0, Avg: 0.1, Max: 0.1, Diff: 0.1, Sum: 0.4]
      [Code Root Scanning (ms): Min: 0.0, Avg: 0.0, Max: 0.0, Diff: 0.0, Sum: 0.0]
      [Object Copy (ms): Min: 3.3, Avg: 3.5, Max: 3.6, Diff: 0.3, Sum: 28.1]
      [Termination (ms): Min: 0.0, Avg: 0.0, Max: 0.0, Diff: 0.0, Sum: 0.0]
         [Termination Attempts: Min: 1, Avg: 1.0, Max: 1, Diff: 0, Sum: 8]
      [GC Worker Other (ms): Min: 0.0, Avg: 0.0, Max: 0.0, Diff: 0.0, Sum: 0.2]
      [GC Worker Total (ms): Min: 30.6, Avg: 30.6, Max: 30.7, Diff: 0.1, Sum: 244.9]
      [GC Worker End (ms): Min: 579774312.9, Avg: 579774313.0, Max: 579774313.0, Diff: 0.0]
   [Code Root Fixup: 0.1 ms]
   [Code Root Purge: 0.0 ms]
   [Clear CT: 0.2 ms]
   [Other: 2.5 ms]
      [Choose CSet: 0.0 ms]
      [Ref Proc: 0.4 ms]
      [Ref Enq: 0.0 ms]
      [Redirty Cards: 0.1 ms]
      [Humongous Register: 0.3 ms]
      [Humongous Reclaim: 0.1 ms]
      [Free CSet: 0.3 ms]
   [Eden: 298.0M(298.0M)->0.0B(312.0M) Survivors: 8192.0K->30.0M Heap: 2374.1M(6144.0M)->2098.1M(6144.0M)]
 [Times: user=0.25 sys=0.00, real=0.04 secs] 
2025-07-27T05:00:20.818+0800: 579774.654: [GC pause (G1 Evacuation Pause) (young), 0.0134670 secs]
   [Parallel Time: 11.3 ms, GC Workers: 8]
      [GC Worker Start (ms): Min: 579774654.5, Avg: 579774654.5, Max: 579774654.6, Diff: 0.1]
      [Ext Root Scanning (ms): Min: 2.1, Avg: 2.4, Max: 3.1, Diff: 0.9, Sum: 19.1]
      [Update RS (ms): Min: 4.9, Avg: 5.5, Max: 5.6, Diff: 0.7, Sum: 43.8]
         [Processed Buffers: Min: 29, Avg: 36.2, Max: 45, Diff: 16, Sum: 290]
      [Scan RS (ms): Min: 0.0, Avg: 0.0, Max: 0.0, Diff: 0.0, Sum: 0.2]
      [Code Root Scanning (ms): Min: 0.0, Avg: 0.0, Max: 0.0, Diff: 0.0, Sum: 0.0]
      [Object Copy (ms): Min: 2.7, Avg: 3.1, Max: 3.2, Diff: 0.5, Sum: 24.9]
      [Termination (ms): Min: 0.0, Avg: 0.0, Max: 0.0, Diff: 0.0, Sum: 0.0]
         [Termination Attempts: Min: 1, Avg: 1.0, Max: 1, Diff: 0, Sum: 8]
      [GC Worker Other (ms): Min: 0.0, Avg: 0.0, Max: 0.0, Diff: 0.0, Sum: 0.2]
      [GC Worker Total (ms): Min: 11.0, Avg: 11.0, Max: 11.1, Diff: 0.1, Sum: 88.2]
      [GC Worker End (ms): Min: 579774665.5, Avg: 579774665.5, Max: 579774665.6, Diff: 0.0]
   [Code Root Fixup: 0.0 ms]
   [Code Root Purge: 0.0 ms]
   [Clear CT: 0.1 ms]
   [Other: 2.0 ms]
      [Choose CSet: 0.0 ms]
      [Ref Proc: 0.2 ms]
      [Ref Enq: 0.0 ms]
      [Redirty Cards: 0.1 ms]
      [Humongous Register: 0.3 ms]
      [Humongous Reclaim: 0.2 ms]
      [Free CSet: 0.3 ms]
   [Eden: 312.0M(312.0M)->0.0B(706.0M) Survivors: 30.0M->30.0M Heap: 2438.2M(6144.0M)->2100.6M(6144.0M)]
 [Times: user=0.09 sys=0.00, real=0.01 secs] 
2025-07-27T05:00:31.325+0800: 579785.160: [GC pause (G1 Evacuation Pause) (young), 0.0145101 secs]
   [Parallel Time: 11.7 ms, GC Workers: 8]
      [GC Worker Start (ms): Min: 579785161.0, Avg: 579785161.0, Max: 579785161.0, Diff: 0.1]
      [Ext Root Scanning (ms): Min: 2.1, Avg: 2.4, Max: 3.1, Diff: 1.0, Sum: 19.1]
      [Update RS (ms): Min: 3.7, Avg: 4.2, Max: 4.5, Diff: 0.9, Sum: 33.4]
         [Processed Buffers: Min: 21, Avg: 40.1, Max: 53, Diff: 32, Sum: 321]
      [Scan RS (ms): Min: 0.0, Avg: 0.1, Max: 0.1, Diff: 0.1, Sum: 0.5]
      [Code Root Scanning (ms): Min: 0.0, Avg: 0.0, Max: 0.0, Diff: 0.0, Sum: 0.0]
      [Object Copy (ms): Min: 4.7, Avg: 4.9, Max: 5.0, Diff: 0.2, Sum: 39.0]
      [Termination (ms): Min: 0.0, Avg: 0.0, Max: 0.0, Diff: 0.0, Sum: 0.1]
         [Termination Attempts: Min: 1, Avg: 13.5, Max: 19, Diff: 18, Sum: 108]
      [GC Worker Other (ms): Min: 0.0, Avg: 0.0, Max: 0.1, Diff: 0.1, Sum: 0.3]
      [GC Worker Total (ms): Min: 11.5, Avg: 11.5, Max: 11.6, Diff: 0.1, Sum: 92.3]
      [GC Worker End (ms): Min: 579785172.5, Avg: 579785172.5, Max: 579785172.6, Diff: 0.1]
   [Code Root Fixup: 0.0 ms]
   [Code Root Purge: 0.0 ms]
   [Clear CT: 0.2 ms]
   [Other: 2.6 ms]
      [Choose CSet: 0.0 ms]
      [Ref Proc: 0.6 ms]
      [Ref Enq: 0.0 ms]
      [Redirty Cards: 0.1 ms]
      [Humongous Register: 0.4 ms]
      [Humongous Reclaim: 0.2 ms]
      [Free CSet: 0.5 ms]
   [Eden: 706.0M(706.0M)->0.0B(1414.0M) Survivors: 30.0M->38.0M Heap: 2824.6M(6144.0M)->2106.1M(6144.0M)]
 [Times: user=0.09 sys=0.00, real=0.02 secs] 
2025-07-27T05:00:52.711+0800: 579806.547: [GC pause (G1 Evacuation Pause) (young), 0.0174123 secs]
   [Parallel Time: 12.8 ms, GC Workers: 8]
      [GC Worker Start (ms): Min: 579806547.4, Avg: 579806547.5, Max: 579806547.6, Diff: 0.2]
      [Ext Root Scanning (ms): Min: 2.7, Avg: 3.8, Max: 10.2, Diff: 7.4, Sum: 30.3]
      [Update RS (ms): Min: 0.0, Avg: 1.5, Max: 2.0, Diff: 2.0, Sum: 11.9]
         [Processed Buffers: Min: 0, Avg: 22.8, Max: 38, Diff: 38, Sum: 182]
      [Scan RS (ms): Min: 0.0, Avg: 0.1, Max: 0.2, Diff: 0.2, Sum: 1.1]
      [Code Root Scanning (ms): Min: 0.0, Avg: 0.0, Max: 0.0, Diff: 0.0, Sum: 0.0]
      [Object Copy (ms): Min: 2.4, Avg: 7.0, Max: 7.8, Diff: 5.4, Sum: 56.3]
      [Termination (ms): Min: 0.0, Avg: 0.0, Max: 0.0, Diff: 0.0, Sum: 0.0]
         [Termination Attempts: Min: 1, Avg: 1.5, Max: 2, Diff: 1, Sum: 12]
      [GC Worker Other (ms): Min: 0.0, Avg: 0.1, Max: 0.1, Diff: 0.1, Sum: 0.5]
      [GC Worker Total (ms): Min: 12.4, Avg: 12.5, Max: 12.7, Diff: 0.2, Sum: 100.1]
      [GC Worker End (ms): Min: 579806560.0, Avg: 579806560.1, Max: 579806560.1, Diff: 0.1]
   [Code Root Fixup: 0.0 ms]
   [Code Root Purge: 0.0 ms]
   [Clear CT: 0.3 ms]
   [Other: 4.3 ms]
      [Choose CSet: 0.0 ms]
      [Ref Proc: 1.1 ms]
      [Ref Enq: 0.1 ms]
      [Redirty Cards: 0.1 ms]
      [Humongous Register: 0.4 ms]
      [Humongous Reclaim: 0.1 ms]
      [Free CSet: 1.7 ms]
   [Eden: 1414.0M(1414.0M)->0.0B(2434.0M) Survivors: 38.0M->36.0M Heap: 3520.1M(6144.0M)->2104.1M(6144.0M)]
 [Times: user=0.05 sys=0.05, real=0.02 secs] 
2025-07-27T05:01:18.709+0800: 579832.545: [GC pause (G1 Evacuation Pause) (young), 0.0307088 secs]
   [Parallel Time: 22.2 ms, GC Workers: 8]
      [GC Worker Start (ms): Min: 579832547.3, Avg: 579832547.4, Max: 579832547.5, Diff: 0.1]
      [Ext Root Scanning (ms): Min: 2.6, Avg: 3.0, Max: 4.4, Diff: 1.8, Sum: 23.7]
      [Update RS (ms): Min: 10.1, Avg: 11.4, Max: 12.3, Diff: 2.2, Sum: 91.0]
         [Processed Buffers: Min: 52, Avg: 74.0, Max: 86, Diff: 34, Sum: 592]
      [Scan RS (ms): Min: 0.1, Avg: 0.2, Max: 0.3, Diff: 0.2, Sum: 1.8]
      [Code Root Scanning (ms): Min: 0.0, Avg: 0.0, Max: 0.0, Diff: 0.0, Sum: 0.0]
      [Object Copy (ms): Min: 6.8, Avg: 7.3, Max: 7.4, Diff: 0.6, Sum: 58.3]
      [Termination (ms): Min: 0.0, Avg: 0.0, Max: 0.0, Diff: 0.0, Sum: 0.0]
         [Termination Attempts: Min: 1, Avg: 3.0, Max: 5, Diff: 4, Sum: 24]
      [GC Worker Other (ms): Min: 0.1, Avg: 0.1, Max: 0.2, Diff: 0.1, Sum: 1.1]
      [GC Worker Total (ms): Min: 21.9, Avg: 22.0, Max: 22.1, Diff: 0.1, Sum: 176.0]
      [GC Worker End (ms): Min: 579832569.3, Avg: 579832569.4, Max: 579832569.4, Diff: 0.1]
   [Code Root Fixup: 0.0 ms]
   [Code Root Purge: 0.0 ms]
   [Clear CT: 0.4 ms]
   [Other: 8.1 ms]
      [Choose CSet: 0.0 ms]
      [Ref Proc: 1.7 ms]
      [Ref Enq: 0.2 ms]
      [Redirty Cards: 0.1 ms]
      [Humongous Register: 2.1 ms]
      [Humongous Reclaim: 0.2 ms]
      [Free CSet: 2.9 ms]
   [Eden: 2434.0M(2434.0M)->0.0B(2658.0M) Survivors: 36.0M->44.0M Heap: 4587.8M(6144.0M)->2112.1M(6144.0M)]
 [Times: user=0.18 sys=0.00, real=0.03 secs] 
2025-07-27T05:01:57.685+0800: 579871.520: [GC pause (G1 Evacuation Pause) (young), 0.0330252 secs]
   [Parallel Time: 21.9 ms, GC Workers: 8]
      [GC Worker Start (ms): Min: 579871525.2, Avg: 579871525.3, Max: 579871525.4, Diff: 0.2]
      [Ext Root Scanning (ms): Min: 3.5, Avg: 4.8, Max: 11.5, Diff: 7.9, Sum: 38.1]
      [Update RS (ms): Min: 4.5, Avg: 10.8, Max: 13.0, Diff: 8.5, Sum: 86.5]
         [Processed Buffers: Min: 41, Avg: 70.1, Max: 99, Diff: 58, Sum: 561]
      [Scan RS (ms): Min: 0.1, Avg: 0.3, Max: 0.4, Diff: 0.3, Sum: 2.0]
      [Code Root Scanning (ms): Min: 0.0, Avg: 0.0, Max: 0.0, Diff: 0.0, Sum: 0.1]
      [Object Copy (ms): Min: 4.4, Avg: 5.5, Max: 5.7, Diff: 1.3, Sum: 43.8]
      [Termination (ms): Min: 0.0, Avg: 0.2, Max: 0.3, Diff: 0.3, Sum: 1.3]
         [Termination Attempts: Min: 1, Avg: 1.9, Max: 3, Diff: 2, Sum: 15]
      [GC Worker Other (ms): Min: 0.0, Avg: 0.1, Max: 0.3, Diff: 0.3, Sum: 1.1]
      [GC Worker Total (ms): Min: 21.5, Avg: 21.6, Max: 21.8, Diff: 0.3, Sum: 172.9]
      [GC Worker End (ms): Min: 579871546.8, Avg: 579871546.9, Max: 579871547.0, Diff: 0.1]
   [Code Root Fixup: 0.0 ms]
   [Code Root Purge: 0.0 ms]
   [Clear CT: 0.4 ms]
   [Other: 10.7 ms]
      [Choose CSet: 0.0 ms]
      [Ref Proc: 1.6 ms]
      [Ref Enq: 0.1 ms]
      [Redirty Cards: 0.1 ms]
      [Humongous Register: 3.9 ms]
      [Humongous Reclaim: 0.2 ms]
      [Free CSet: 3.4 ms]
   [Eden: 2658.0M(2658.0M)->0.0B(2716.0M) Survivors: 44.0M->34.0M Heap: 4816.2M(6144.0M)->2101.1M(6144.0M)]
 [Times: user=0.17 sys=0.01, real=0.04 secs] 
2025-07-27T05:02:34.206+0800: 579908.042: [GC pause (G1 Evacuation Pause) (young), 0.0277389 secs]
   [Parallel Time: 21.2 ms, GC Workers: 8]
      [GC Worker Start (ms): Min: 579908042.7, Avg: 579908042.7, Max: 579908042.8, Diff: 0.2]
      [Ext Root Scanning (ms): Min: 2.1, Avg: 2.4, Max: 3.1, Diff: 0.9, Sum: 19.5]
      [Update RS (ms): Min: 9.6, Avg: 10.1, Max: 10.4, Diff: 0.8, Sum: 80.6]
         [Processed Buffers: Min: 59, Avg: 70.4, Max: 94, Diff: 35, Sum: 563]
      [Scan RS (ms): Min: 0.1, Avg: 0.3, Max: 0.4, Diff: 0.3, Sum: 2.3]
      [Code Root Scanning (ms): Min: 0.0, Avg: 0.0, Max: 0.0, Diff: 0.0, Sum: 0.0]
      [Object Copy (ms): Min: 7.9, Avg: 8.1, Max: 8.2, Diff: 0.3, Sum: 64.7]
      [Termination (ms): Min: 0.0, Avg: 0.0, Max: 0.0, Diff: 0.0, Sum: 0.1]
         [Termination Attempts: Min: 1, Avg: 10.1, Max: 16, Diff: 15, Sum: 81]
      [GC Worker Other (ms): Min: 0.0, Avg: 0.1, Max: 0.1, Diff: 0.1, Sum: 0.5]
      [GC Worker Total (ms): Min: 20.9, Avg: 21.0, Max: 21.1, Diff: 0.2, Sum: 167.7]
      [GC Worker End (ms): Min: 579908063.6, Avg: 579908063.7, Max: 579908063.7, Diff: 0.1]
   [Code Root Fixup: 0.1 ms]
   [Code Root Purge: 0.0 ms]
   [Clear CT: 0.5 ms]
   [Other: 6.0 ms]
      [Choose CSet: 0.0 ms]
      [Ref Proc: 2.1 ms]
      [Ref Enq: 0.2 ms]
      [Redirty Cards: 0.1 ms]
      [Humongous Register: 0.7 ms]
      [Humongous Reclaim: 0.2 ms]
      [Free CSet: 1.9 ms]
   [Eden: 2716.0M(2716.0M)->0.0B(2746.0M) Survivors: 34.0M->40.0M Heap: 4863.2M(6144.0M)->2107.1M(6144.0M)]
 [Times: user=0.18 sys=0.00, real=0.03 secs] 
2025-07-27T05:21:43.647+0800: 581057.483: [GC pause (G1 Evacuation Pause) (young), 0.0439341 secs]
   [Parallel Time: 30.3 ms, GC Workers: 8]
      [GC Worker Start (ms): Min: 581057487.1, Avg: 581057487.3, Max: 581057487.4, Diff: 0.2]
      [Ext Root Scanning (ms): Min: 3.3, Avg: 4.6, Max: 11.7, Diff: 8.5, Sum: 36.4]
      [Update RS (ms): Min: 9.1, Avg: 16.1, Max: 17.2, Diff: 8.2, Sum: 128.4]
         [Processed Buffers: Min: 59, Avg: 80.1, Max: 102, Diff: 43, Sum: 641]
      [Scan RS (ms): Min: 0.1, Avg: 0.3, Max: 0.5, Diff: 0.4, Sum: 2.5]
      [Code Root Scanning (ms): Min: 0.0, Avg: 0.0, Max: 0.0, Diff: 0.0, Sum: 0.1]
      [Object Copy (ms): Min: 8.6, Avg: 8.9, Max: 9.1, Diff: 0.5, Sum: 71.3]
      [Termination (ms): Min: 0.0, Avg: 0.1, Max: 0.1, Diff: 0.1, Sum: 0.7]
         [Termination Attempts: Min: 1, Avg: 1.4, Max: 2, Diff: 1, Sum: 11]
      [GC Worker Other (ms): Min: 0.0, Avg: 0.1, Max: 0.3, Diff: 0.2, Sum: 0.9]
      [GC Worker Total (ms): Min: 29.9, Avg: 30.0, Max: 30.2, Diff: 0.3, Sum: 240.4]
      [GC Worker End (ms): Min: 581057517.3, Avg: 581057517.3, Max: 581057517.4, Diff: 0.1]
   [Code Root Fixup: 0.0 ms]
   [Code Root Purge: 0.0 ms]
   [Clear CT: 0.6 ms]
   [Other: 12.9 ms]
      [Choose CSet: 0.0 ms]
      [Ref Proc: 4.2 ms]
      [Ref Enq: 0.2 ms]
      [Redirty Cards: 0.1 ms]
      [Humongous Register: 3.6 ms]
      [Humongous Reclaim: 0.2 ms]
      [Free CSet: 3.3 ms]
   [Eden: 2746.0M(2746.0M)->0.0B(2790.0M) Survivors: 40.0M->26.0M Heap: 4902.9M(6144.0M)->2093.1M(6144.0M)]
 [Times: user=0.21 sys=0.05, real=0.04 secs] 
2025-07-27T05:24:21.308+0800: 581215.144: [GC pause (G1 Evacuation Pause) (young), 0.0440906 secs]
   [Parallel Time: 36.2 ms, GC Workers: 8]
      [GC Worker Start (ms): Min: 581215145.5, Avg: 581215145.6, Max: 581215145.6, Diff: 0.1]
      [Ext Root Scanning (ms): Min: 2.8, Avg: 4.0, Max: 9.8, Diff: 7.0, Sum: 31.9]
      [Update RS (ms): Min: 15.1, Avg: 20.7, Max: 22.3, Diff: 7.3, Sum: 165.7]
         [Processed Buffers: Min: 101, Avg: 128.6, Max: 156, Diff: 55, Sum: 1029]
      [Scan RS (ms): Min: 1.2, Avg: 2.0, Max: 2.2, Diff: 1.0, Sum: 16.0]
      [Code Root Scanning (ms): Min: 0.0, Avg: 0.0, Max: 0.0, Diff: 0.0, Sum: 0.1]
      [Object Copy (ms): Min: 8.9, Avg: 9.1, Max: 9.2, Diff: 0.3, Sum: 72.5]
      [Termination (ms): Min: 0.0, Avg: 0.1, Max: 0.1, Diff: 0.1, Sum: 0.5]
         [Termination Attempts: Min: 1, Avg: 4.4, Max: 7, Diff: 6, Sum: 35]
      [GC Worker Other (ms): Min: 0.0, Avg: 0.2, Max: 0.4, Diff: 0.3, Sum: 1.3]
      [GC Worker Total (ms): Min: 36.0, Avg: 36.0, Max: 36.0, Diff: 0.1, Sum: 287.9]
      [GC Worker End (ms): Min: 581215181.5, Avg: 581215181.6, Max: 581215181.6, Diff: 0.1]
   [Code Root Fixup: 0.0 ms]
   [Code Root Purge: 0.0 ms]
   [Clear CT: 0.6 ms]
   [Other: 7.2 ms]
      [Choose CSet: 0.0 ms]
      [Ref Proc: 1.2 ms]
      [Ref Enq: 0.1 ms]
      [Redirty Cards: 0.1 ms]
      [Humongous Register: 0.9 ms]
      [Humongous Reclaim: 0.5 ms]
      [Free CSet: 3.3 ms]
   [Eden: 2790.0M(2790.0M)->0.0B(2802.0M) Survivors: 26.0M->36.0M Heap: 5030.0M(6144.0M)->2107.5M(6144.0M)]
 [Times: user=0.28 sys=0.02, real=0.04 secs] 
2025-07-27T05:26:20.658+0800: 581334.493: [GC pause (G1 Humongous Allocation) (young) (initial-mark), 0.0355773 secs]
   [Parallel Time: 29.9 ms, GC Workers: 8]
      [GC Worker Start (ms): Min: 581334496.5, Avg: 581334496.5, Max: 581334496.6, Diff: 0.1]
      [Ext Root Scanning (ms): Min: 3.9, Avg: 4.1, Max: 4.3, Diff: 0.4, Sum: 32.7]
      [Update RS (ms): Min: 13.7, Avg: 13.8, Max: 14.1, Diff: 0.4, Sum: 110.6]
         [Processed Buffers: Min: 75, Avg: 92.8, Max: 111, Diff: 36, Sum: 742]
      [Scan RS (ms): Min: 1.4, Avg: 1.7, Max: 1.9, Diff: 0.5, Sum: 13.6]
      [Code Root Scanning (ms): Min: 0.0, Avg: 0.0, Max: 0.0, Diff: 0.0, Sum: 0.0]
      [Object Copy (ms): Min: 8.6, Avg: 8.9, Max: 9.1, Diff: 0.5, Sum: 71.4]
      [Termination (ms): Min: 0.0, Avg: 0.0, Max: 0.0, Diff: 0.0, Sum: 0.0]
         [Termination Attempts: Min: 1, Avg: 1.0, Max: 1, Diff: 0, Sum: 8]
      [GC Worker Other (ms): Min: 0.0, Avg: 0.1, Max: 0.1, Diff: 0.1, Sum: 0.6]
      [GC Worker Total (ms): Min: 28.5, Avg: 28.6, Max: 28.7, Diff: 0.2, Sum: 229.0]
      [GC Worker End (ms): Min: 581334525.1, Avg: 581334525.2, Max: 581334525.2, Diff: 0.1]
   [Code Root Fixup: 0.0 ms]
   [Code Root Purge: 0.0 ms]
   [Clear CT: 0.5 ms]
   [Other: 5.2 ms]
      [Choose CSet: 0.0 ms]
      [Ref Proc: 0.8 ms]
      [Ref Enq: 0.0 ms]
      [Redirty Cards: 0.1 ms]
      [Humongous Register: 0.7 ms]
      [Humongous Reclaim: 0.3 ms]
      [Free CSet: 1.4 ms]
   [Eden: 2516.0M(2802.0M)->0.0B(2824.0M) Survivors: 36.0M->36.0M Heap: 4782.8M(6144.0M)->2104.9M(6144.0M)]
 [Times: user=0.23 sys=0.00, real=0.03 secs] 
2025-07-27T05:26:20.694+0800: 581334.529: [GC concurrent-root-region-scan-start]
2025-07-27T05:26:20.710+0800: 581334.546: [GC concurrent-root-region-scan-end, 0.0165494 secs]
2025-07-27T05:26:20.710+0800: 581334.546: [GC concurrent-mark-start]
2025-07-27T05:26:21.172+0800: 581335.008: [GC concurrent-mark-end, 0.4623343 secs]
2025-07-27T05:26:21.176+0800: 581335.012: [GC remark 2025-07-27T05:26:21.176+0800: 581335.012: [Finalize Marking, 0.0004477 secs] 2025-07-27T05:26:21.176+0800: 581335.012: [GC ref-proc, 0.0064773 secs] 2025-07-27T05:26:21.183+0800: 581335.019: [Unloading, 0.0494393 secs], 0.0586801 secs]
 [Times: user=0.32 sys=0.03, real=0.06 secs] 
2025-07-27T05:26:21.238+0800: 581335.074: [GC cleanup 2288M->2144M(6144M), 0.0041458 secs]
 [Times: user=0.01 sys=0.01, real=0.00 secs] 
2025-07-27T05:26:21.243+0800: 581335.078: [GC concurrent-cleanup-start]
2025-07-27T05:26:21.243+0800: 581335.078: [GC concurrent-cleanup-end, 0.0002543 secs]
2025-07-27T05:28:55.477+0800: 581489.313: [GC pause (G1 Evacuation Pause) (young), 0.0398057 secs]
   [Parallel Time: 29.9 ms, GC Workers: 8]
      [GC Worker Start (ms): Min: 581489315.4, Avg: 581489315.5, Max: 581489315.6, Diff: 0.3]
      [Ext Root Scanning (ms): Min: 3.1, Avg: 4.4, Max: 11.2, Diff: 8.1, Sum: 35.4]
      [Update RS (ms): Min: 8.8, Avg: 15.3, Max: 17.1, Diff: 8.4, Sum: 122.5]
         [Processed Buffers: Min: 72, Avg: 102.4, Max: 121, Diff: 49, Sum: 819]
      [Scan RS (ms): Min: 0.7, Avg: 1.4, Max: 1.7, Diff: 1.0, Sum: 11.6]
      [Code Root Scanning (ms): Min: 0.0, Avg: 0.0, Max: 0.0, Diff: 0.0, Sum: 0.1]
      [Object Copy (ms): Min: 7.4, Avg: 7.6, Max: 8.2, Diff: 0.8, Sum: 61.1]
      [Termination (ms): Min: 0.0, Avg: 0.7, Max: 0.8, Diff: 0.8, Sum: 5.3]
         [Termination Attempts: Min: 1, Avg: 1.0, Max: 1, Diff: 0, Sum: 8]
      [GC Worker Other (ms): Min: 0.0, Avg: 0.1, Max: 0.2, Diff: 0.1, Sum: 0.6]
      [GC Worker Total (ms): Min: 29.2, Avg: 29.6, Max: 29.7, Diff: 0.4, Sum: 236.6]
      [GC Worker End (ms): Min: 581489344.9, Avg: 581489345.0, Max: 581489345.1, Diff: 0.3]
   [Code Root Fixup: 0.0 ms]
   [Code Root Purge: 0.0 ms]
   [Clear CT: 0.5 ms]
   [Other: 9.4 ms]
      [Choose CSet: 0.0 ms]
      [Ref Proc: 1.5 ms]
      [Ref Enq: 0.1 ms]
      [Redirty Cards: 0.2 ms]
      [Humongous Register: 1.8 ms]
      [Humongous Reclaim: 0.5 ms]
      [Free CSet: 4.4 ms]
   [Eden: 2824.0M(2824.0M)->0.0B(274.0M) Survivors: 36.0M->32.0M Heap: 4948.1M(6144.0M)->1955.0M(6144.0M)]
 [Times: user=0.22 sys=0.02, real=0.04 secs] 
2025-07-27T05:29:00.172+0800: 581494.008: [GC pause (G1 Evacuation Pause) (mixed), 0.0324710 secs]
   [Parallel Time: 27.1 ms, GC Workers: 8]
      [GC Worker Start (ms): Min: 581494008.7, Avg: 581494008.7, Max: 581494008.8, Diff: 0.1]
      [Ext Root Scanning (ms): Min: 2.1, Avg: 2.4, Max: 3.0, Diff: 0.9, Sum: 19.0]
      [Update RS (ms): Min: 6.3, Avg: 6.9, Max: 7.1, Diff: 0.8, Sum: 55.0]
         [Processed Buffers: Min: 30, Avg: 38.9, Max: 49, Diff: 19, Sum: 311]
      [Scan RS (ms): Min: 2.2, Avg: 2.5, Max: 2.6, Diff: 0.4, Sum: 20.1]
      [Code Root Scanning (ms): Min: 0.0, Avg: 0.0, Max: 0.0, Diff: 0.0, Sum: 0.0]
      [Object Copy (ms): Min: 15.0, Avg: 15.1, Max: 15.2, Diff: 0.2, Sum: 121.1]
      [Termination (ms): Min: 0.0, Avg: 0.0, Max: 0.0, Diff: 0.0, Sum: 0.1]
         [Termination Attempts: Min: 2, Avg: 13.9, Max: 19, Diff: 17, Sum: 111]
      [GC Worker Other (ms): Min: 0.0, Avg: 0.0, Max: 0.1, Diff: 0.1, Sum: 0.3]
      [GC Worker Total (ms): Min: 26.9, Avg: 27.0, Max: 27.0, Diff: 0.2, Sum: 215.7]
      [GC Worker End (ms): Min: 581494035.7, Avg: 581494035.7, Max: 581494035.7, Diff: 0.0]
   [Code Root Fixup: 0.0 ms]
   [Code Root Purge: 0.0 ms]
   [Clear CT: 0.3 ms]
   [Other: 5.0 ms]
      [Choose CSet: 0.6 ms]
      [Ref Proc: 0.4 ms]
      [Ref Enq: 0.0 ms]
      [Redirty Cards: 0.2 ms]
      [Humongous Register: 0.3 ms]
      [Humongous Reclaim: 0.1 ms]
      [Free CSet: 2.5 ms]
   [Eden: 274.0M(274.0M)->0.0B(272.0M) Survivors: 32.0M->34.0M Heap: 2253.7M(6144.0M)->1361.4M(6144.0M)]
 [Times: user=0.21 sys=0.01, real=0.03 secs] 
2025-07-27T05:29:00.597+0800: 581494.432: [GC pause (G1 Evacuation Pause) (mixed), 0.0422995 secs]
   [Parallel Time: 38.5 ms, GC Workers: 8]
      [GC Worker Start (ms): Min: 581494433.3, Avg: 581494433.4, Max: 581494433.5, Diff: 0.1]
      [Ext Root Scanning (ms): Min: 2.9, Avg: 3.0, Max: 3.2, Diff: 0.3, Sum: 24.0]
      [Update RS (ms): Min: 10.5, Avg: 10.5, Max: 10.9, Diff: 0.4, Sum: 84.3]
         [Processed Buffers: Min: 33, Avg: 42.8, Max: 51, Diff: 18, Sum: 342]
      [Scan RS (ms): Min: 3.2, Avg: 3.5, Max: 3.6, Diff: 0.5, Sum: 28.3]
      [Code Root Scanning (ms): Min: 0.0, Avg: 0.0, Max: 0.0, Diff: 0.0, Sum: 0.0]
      [Object Copy (ms): Min: 21.1, Avg: 21.2, Max: 21.3, Diff: 0.2, Sum: 169.6]
      [Termination (ms): Min: 0.0, Avg: 0.0, Max: 0.0, Diff: 0.0, Sum: 0.1]
         [Termination Attempts: Min: 1, Avg: 6.0, Max: 8, Diff: 7, Sum: 48]
      [GC Worker Other (ms): Min: 0.0, Avg: 0.0, Max: 0.1, Diff: 0.1, Sum: 0.4]
      [GC Worker Total (ms): Min: 38.3, Avg: 38.3, Max: 38.4, Diff: 0.1, Sum: 306.8]
      [GC Worker End (ms): Min: 581494471.7, Avg: 581494471.7, Max: 581494471.8, Diff: 0.0]
   [Code Root Fixup: 0.0 ms]
   [Code Root Purge: 0.0 ms]
   [Clear CT: 0.4 ms]
   [Other: 3.3 ms]
      [Choose CSet: 0.6 ms]
      [Ref Proc: 0.4 ms]
      [Ref Enq: 0.0 ms]
      [Redirty Cards: 0.2 ms]
      [Humongous Register: 0.4 ms]
      [Humongous Reclaim: 0.2 ms]
      [Free CSet: 0.9 ms]
   [Eden: 272.0M(272.0M)->0.0B(3658.0M) Survivors: 34.0M->28.0M Heap: 1658.5M(6144.0M)->1210.5M(6144.0M)]
 [Times: user=0.26 sys=0.04, real=0.05 secs] 
2025-07-27T05:30:06.426+0800: 581560.262: [GC pause (G1 Evacuation Pause) (young), 0.2886913 secs]
   [Parallel Time: 278.5 ms, GC Workers: 8]
      [GC Worker Start (ms): Min: 581560264.2, Avg: 581560264.3, Max: 581560264.4, Diff: 0.2]
      [Ext Root Scanning (ms): Min: 3.4, Avg: 4.5, Max: 11.1, Diff: 7.7, Sum: 36.2]
      [Update RS (ms): Min: 42.9, Avg: 49.0, Max: 50.6, Diff: 7.7, Sum: 392.1]
         [Processed Buffers: Min: 65, Avg: 102.5, Max: 140, Diff: 75, Sum: 820]
      [Scan RS (ms): Min: 0.1, Avg: 0.4, Max: 0.5, Diff: 0.4, Sum: 3.1]
      [Code Root Scanning (ms): Min: 0.0, Avg: 0.0, Max: 0.0, Diff: 0.0, Sum: 0.1]
      [Object Copy (ms): Min: 223.8, Avg: 224.0, Max: 224.8, Diff: 1.0, Sum: 1792.3]
      [Termination (ms): Min: 0.0, Avg: 0.0, Max: 0.1, Diff: 0.1, Sum: 0.3]
         [Termination Attempts: Min: 1, Avg: 45.5, Max: 71, Diff: 70, Sum: 364]
      [GC Worker Other (ms): Min: 0.1, Avg: 0.2, Max: 0.4, Diff: 0.3, Sum: 1.9]
      [GC Worker Total (ms): Min: 278.1, Avg: 278.2, Max: 278.4, Diff: 0.3, Sum: 2226.0]
      [GC Worker End (ms): Min: 581560542.5, Avg: 581560542.6, Max: 581560542.6, Diff: 0.1]
   [Code Root Fixup: 0.1 ms]
   [Code Root Purge: 0.0 ms]
   [Clear CT: 0.6 ms]
   [Other: 9.5 ms]
      [Choose CSet: 0.0 ms]
      [Ref Proc: 1.3 ms]
      [Ref Enq: 0.1 ms]
      [Redirty Cards: 0.1 ms]
      [Humongous Register: 1.8 ms]
      [Humongous Reclaim: 0.2 ms]
      [Free CSet: 4.5 ms]
   [Eden: 3658.0M(3658.0M)->0.0B(2900.0M) Survivors: 28.0M->462.0M Heap: 4927.6M(6144.0M)->1667.0M(6144.0M)]
 [Times: user=2.06 sys=0.15, real=0.29 secs] 
2025-07-27T05:30:41.338+0800: 581595.174: [GC pause (G1 Evacuation Pause) (young), 0.2500814 secs]
   [Parallel Time: 242.3 ms, GC Workers: 8]
      [GC Worker Start (ms): Min: 581595175.2, Avg: 581595175.3, Max: 581595175.3, Diff: 0.2]
      [Ext Root Scanning (ms): Min: 2.2, Avg: 2.5, Max: 3.3, Diff: 1.1, Sum: 19.9]
      [Update RS (ms): Min: 56.3, Avg: 56.8, Max: 57.1, Diff: 0.9, Sum: 454.6]
         [Processed Buffers: Min: 73, Avg: 81.9, Max: 89, Diff: 16, Sum: 655]
      [Scan RS (ms): Min: 0.1, Avg: 0.4, Max: 0.5, Diff: 0.3, Sum: 2.8]
      [Code Root Scanning (ms): Min: 0.0, Avg: 0.0, Max: 0.0, Diff: 0.0, Sum: 0.1]
      [Object Copy (ms): Min: 182.0, Avg: 182.2, Max: 182.2, Diff: 0.3, Sum: 1457.3]
      [Termination (ms): Min: 0.0, Avg: 0.1, Max: 0.1, Diff: 0.1, Sum: 0.8]
         [Termination Attempts: Min: 1, Avg: 104.9, Max: 134, Diff: 133, Sum: 839]
      [GC Worker Other (ms): Min: 0.0, Avg: 0.1, Max: 0.2, Diff: 0.1, Sum: 0.8]
      [GC Worker Total (ms): Min: 242.0, Avg: 242.0, Max: 242.2, Diff: 0.2, Sum: 1936.3]
      [GC Worker End (ms): Min: 581595417.2, Avg: 581595417.3, Max: 581595417.4, Diff: 0.1]
   [Code Root Fixup: 0.1 ms]
   [Code Root Purge: 0.0 ms]
   [Clear CT: 0.6 ms]
   [Other: 7.2 ms]
      [Choose CSet: 0.0 ms]
      [Ref Proc: 2.2 ms]
      [Ref Enq: 0.2 ms]
      [Redirty Cards: 1.0 ms]
      [Humongous Register: 0.7 ms]
      [Humongous Reclaim: 0.2 ms]
      [Free CSet: 2.1 ms]
   [Eden: 2900.0M(2900.0M)->0.0B(3062.0M) Survivors: 462.0M->80.0M Heap: 4613.0M(6144.0M)->1732.1M(6144.0M)]
 [Times: user=1.69 sys=0.23, real=0.25 secs] 
2025-07-27T05:31:26.731+0800: 581640.567: [GC pause (G1 Evacuation Pause) (young), 0.0545830 secs]
   [Parallel Time: 48.6 ms, GC Workers: 8]
      [GC Worker Start (ms): Min: 581640567.8, Avg: 581640567.9, Max: 581640567.9, Diff: 0.1]
      [Ext Root Scanning (ms): Min: 3.5, Avg: 4.4, Max: 10.2, Diff: 6.7, Sum: 35.1]
      [Update RS (ms): Min: 9.8, Avg: 15.3, Max: 16.3, Diff: 6.5, Sum: 122.8]
         [Processed Buffers: Min: 75, Avg: 95.9, Max: 118, Diff: 43, Sum: 767]
      [Scan RS (ms): Min: 0.6, Avg: 0.8, Max: 0.9, Diff: 0.3, Sum: 6.2]
      [Code Root Scanning (ms): Min: 0.0, Avg: 0.0, Max: 0.0, Diff: 0.0, Sum: 0.1]
      [Object Copy (ms): Min: 27.6, Avg: 27.8, Max: 28.2, Diff: 0.6, Sum: 222.8]
      [Termination (ms): Min: 0.0, Avg: 0.0, Max: 0.0, Diff: 0.0, Sum: 0.1]
         [Termination Attempts: Min: 1, Avg: 3.6, Max: 7, Diff: 6, Sum: 29]
      [GC Worker Other (ms): Min: 0.0, Avg: 0.1, Max: 0.1, Diff: 0.1, Sum: 0.7]
      [GC Worker Total (ms): Min: 48.4, Avg: 48.5, Max: 48.5, Diff: 0.1, Sum: 387.8]
      [GC Worker End (ms): Min: 581640616.3, Avg: 581640616.3, Max: 581640616.4, Diff: 0.1]
   [Code Root Fixup: 0.1 ms]
   [Code Root Purge: 0.0 ms]
   [Clear CT: 0.6 ms]
   [Other: 5.4 ms]
      [Choose CSet: 0.0 ms]
      [Ref Proc: 1.7 ms]
      [Ref Enq: 0.2 ms]
      [Redirty Cards: 0.1 ms]
      [Humongous Register: 0.4 ms]
      [Humongous Reclaim: 0.2 ms]
      [Free CSet: 1.9 ms]
   [Eden: 3062.0M(3062.0M)->0.0B(3082.0M) Survivors: 80.0M->100.0M Heap: 4843.7M(6144.0M)->1752.1M(6144.0M)]
 [Times: user=0.32 sys=0.07, real=0.05 secs] 
2025-07-27T05:31:56.469+0800: 581670.304: [GC pause (G1 Evacuation Pause) (young), 0.0449570 secs]
   [Parallel Time: 32.7 ms, GC Workers: 8]
      [GC Worker Start (ms): Min: 581670307.8, Avg: 581670307.9, Max: 581670308.0, Diff: 0.2]
      [Ext Root Scanning (ms): Min: 2.8, Avg: 3.2, Max: 4.6, Diff: 1.8, Sum: 25.8]
      [Update RS (ms): Min: 9.3, Avg: 10.6, Max: 11.5, Diff: 2.2, Sum: 84.4]
         [Processed Buffers: Min: 47, Avg: 68.4, Max: 79, Diff: 32, Sum: 547]
      [Scan RS (ms): Min: 0.1, Avg: 0.3, Max: 0.4, Diff: 0.3, Sum: 2.4]
      [Code Root Scanning (ms): Min: 0.0, Avg: 0.0, Max: 0.0, Diff: 0.0, Sum: 0.1]
      [Object Copy (ms): Min: 17.6, Avg: 18.3, Max: 18.4, Diff: 0.8, Sum: 146.0]
      [Termination (ms): Min: 0.0, Avg: 0.0, Max: 0.0, Diff: 0.0, Sum: 0.0]
         [Termination Attempts: Min: 1, Avg: 1.0, Max: 1, Diff: 0, Sum: 8]
      [GC Worker Other (ms): Min: 0.1, Avg: 0.1, Max: 0.2, Diff: 0.1, Sum: 1.1]
      [GC Worker Total (ms): Min: 32.4, Avg: 32.5, Max: 32.6, Diff: 0.2, Sum: 259.9]
      [GC Worker End (ms): Min: 581670340.4, Avg: 581670340.4, Max: 581670340.5, Diff: 0.1]
   [Code Root Fixup: 0.1 ms]
   [Code Root Purge: 0.0 ms]
   [Clear CT: 0.5 ms]
   [Other: 11.7 ms]
      [Choose CSet: 0.0 ms]
      [Ref Proc: 2.4 ms]
      [Ref Enq: 0.2 ms]
      [Redirty Cards: 0.2 ms]
      [Humongous Register: 2.8 ms]
      [Humongous Reclaim: 0.3 ms]
      [Free CSet: 4.8 ms]
   [Eden: 3082.0M(3082.0M)->0.0B(3128.0M) Survivors: 100.0M->90.0M Heap: 4880.1M(6144.0M)->1741.1M(6144.0M)]
 [Times: user=0.25 sys=0.02, real=0.04 secs] 
2025-07-27T05:32:30.172+0800: 581704.007: [GC pause (G1 Evacuation Pause) (young), 0.0521346 secs]
   [Parallel Time: 41.1 ms, GC Workers: 8]
      [GC Worker Start (ms): Min: 581704011.2, Avg: 581704011.3, Max: 581704011.4, Diff: 0.1]
      [Ext Root Scanning (ms): Min: 2.9, Avg: 4.1, Max: 11.2, Diff: 8.3, Sum: 33.2]
      [Update RS (ms): Min: 5.7, Avg: 12.6, Max: 14.3, Diff: 8.6, Sum: 100.6]
         [Processed Buffers: Min: 41, Avg: 70.6, Max: 87, Diff: 46, Sum: 565]
      [Scan RS (ms): Min: 0.1, Avg: 0.3, Max: 0.4, Diff: 0.3, Sum: 2.6]
      [Code Root Scanning (ms): Min: 0.0, Avg: 0.0, Max: 0.0, Diff: 0.0, Sum: 0.1]
      [Object Copy (ms): Min: 23.4, Avg: 23.7, Max: 23.8, Diff: 0.5, Sum: 189.6]
      [Termination (ms): Min: 0.0, Avg: 0.0, Max: 0.0, Diff: 0.0, Sum: 0.0]
         [Termination Attempts: Min: 1, Avg: 1.1, Max: 2, Diff: 1, Sum: 9]
      [GC Worker Other (ms): Min: 0.1, Avg: 0.1, Max: 0.2, Diff: 0.2, Sum: 1.2]
      [GC Worker Total (ms): Min: 40.8, Avg: 40.9, Max: 41.0, Diff: 0.2, Sum: 327.2]
      [GC Worker End (ms): Min: 581704052.2, Avg: 581704052.2, Max: 581704052.2, Diff: 0.1]
   [Code Root Fixup: 0.0 ms]
   [Code Root Purge: 0.0 ms]
   [Clear CT: 0.5 ms]
   [Other: 10.5 ms]
      [Choose CSet: 0.0 ms]
      [Ref Proc: 1.9 ms]
      [Ref Enq: 0.2 ms]
      [Redirty Cards: 0.1 ms]
      [Humongous Register: 3.0 ms]
      [Humongous Reclaim: 0.2 ms]
      [Free CSet: 4.0 ms]
   [Eden: 3128.0M(3128.0M)->0.0B(3158.0M) Survivors: 90.0M->88.0M Heap: 4915.1M(6144.0M)->1740.1M(6144.0M)]
 [Times: user=0.26 sys=0.08, real=0.05 secs] 
2025-07-27T05:35:00.719+0800: 581854.555: [GC pause (G1 Evacuation Pause) (young), 0.0497363 secs]
   [Parallel Time: 43.9 ms, GC Workers: 8]
      [GC Worker Start (ms): Min: 581854556.1, Avg: 581854556.1, Max: 581854556.2, Diff: 0.1]
      [Ext Root Scanning (ms): Min: 2.3, Avg: 3.3, Max: 9.0, Diff: 6.8, Sum: 26.1]
      [Update RS (ms): Min: 8.1, Avg: 13.7, Max: 14.8, Diff: 6.6, Sum: 109.7]
         [Processed Buffers: Min: 45, Avg: 100.8, Max: 122, Diff: 77, Sum: 806]
      [Scan RS (ms): Min: 0.6, Avg: 0.8, Max: 1.0, Diff: 0.4, Sum: 6.6]
      [Code Root Scanning (ms): Min: 0.0, Avg: 0.0, Max: 0.0, Diff: 0.0, Sum: 0.1]
      [Object Copy (ms): Min: 25.8, Avg: 25.9, Max: 26.0, Diff: 0.2, Sum: 206.9]
      [Termination (ms): Min: 0.0, Avg: 0.0, Max: 0.0, Diff: 0.0, Sum: 0.0]
         [Termination Attempts: Min: 1, Avg: 1.0, Max: 1, Diff: 0, Sum: 8]
      [GC Worker Other (ms): Min: 0.0, Avg: 0.1, Max: 0.1, Diff: 0.1, Sum: 0.6]
      [GC Worker Total (ms): Min: 43.7, Avg: 43.8, Max: 43.8, Diff: 0.1, Sum: 350.0]
      [GC Worker End (ms): Min: 581854599.8, Avg: 581854599.9, Max: 581854599.9, Diff: 0.1]
   [Code Root Fixup: 0.1 ms]
   [Code Root Purge: 0.0 ms]
   [Clear CT: 0.6 ms]
   [Other: 5.1 ms]
      [Choose CSet: 0.0 ms]
      [Ref Proc: 1.2 ms]
      [Ref Enq: 0.1 ms]
      [Redirty Cards: 0.1 ms]
      [Humongous Register: 0.7 ms]
      [Humongous Reclaim: 0.4 ms]
      [Free CSet: 1.9 ms]
   [Eden: 3158.0M(3158.0M)->0.0B(3180.0M) Survivors: 88.0M->88.0M Heap: 5064.4M(6144.0M)->1739.1M(6144.0M)]
 [Times: user=0.29 sys=0.06, real=0.05 secs] 
2025-07-27T05:37:20.299+0800: 581994.134: [GC pause (G1 Evacuation Pause) (young), 0.0579131 secs]
   [Parallel Time: 49.3 ms, GC Workers: 8]
      [GC Worker Start (ms): Min: 581994136.2, Avg: 581994136.3, Max: 581994136.4, Diff: 0.2]
      [Ext Root Scanning (ms): Min: 2.5, Avg: 3.1, Max: 5.0, Diff: 2.5, Sum: 24.4]
      [Update RS (ms): Min: 17.9, Avg: 19.8, Max: 20.8, Diff: 2.9, Sum: 158.1]
         [Processed Buffers: Min: 110, Avg: 129.1, Max: 139, Diff: 29, Sum: 1033]
      [Scan RS (ms): Min: 0.2, Avg: 0.9, Max: 1.0, Diff: 0.9, Sum: 6.9]
      [Code Root Scanning (ms): Min: 0.0, Avg: 0.0, Max: 0.0, Diff: 0.0, Sum: 0.1]
      [Object Copy (ms): Min: 25.1, Avg: 25.3, Max: 25.3, Diff: 0.2, Sum: 202.1]
      [Termination (ms): Min: 0.0, Avg: 0.0, Max: 0.0, Diff: 0.0, Sum: 0.0]
         [Termination Attempts: Min: 1, Avg: 6.2, Max: 10, Diff: 9, Sum: 50]
      [GC Worker Other (ms): Min: 0.0, Avg: 0.1, Max: 0.1, Diff: 0.1, Sum: 0.9]
      [GC Worker Total (ms): Min: 49.0, Avg: 49.1, Max: 49.1, Diff: 0.2, Sum: 392.5]
      [GC Worker End (ms): Min: 581994185.4, Avg: 581994185.4, Max: 581994185.4, Diff: 0.1]
   [Code Root Fixup: 0.0 ms]
   [Code Root Purge: 0.0 ms]
   [Clear CT: 0.7 ms]
   [Other: 7.9 ms]
      [Choose CSet: 0.0 ms]
      [Ref Proc: 1.0 ms]
      [Ref Enq: 0.1 ms]
      [Redirty Cards: 0.1 ms]
      [Humongous Register: 1.5 ms]
      [Humongous Reclaim: 0.5 ms]
      [Free CSet: 3.9 ms]
   [Eden: 3180.0M(3180.0M)->0.0B(3194.0M) Survivors: 88.0M->88.0M Heap: 5113.9M(6144.0M)->1742.5M(6144.0M)]
 [Times: user=0.40 sys=0.00, real=0.05 secs] 
2025-07-27T05:48:21.016+0800: 582654.851: [GC pause (G1 Evacuation Pause) (young), 0.0671075 secs]
   [Parallel Time: 53.6 ms, GC Workers: 8]
      [GC Worker Start (ms): Min: 582654855.7, Avg: 582654855.8, Max: 582654855.9, Diff: 0.1]
      [Ext Root Scanning (ms): Min: 2.9, Avg: 4.1, Max: 11.2, Diff: 8.2, Sum: 33.2]
      [Update RS (ms): Min: 15.5, Avg: 22.2, Max: 24.1, Diff: 8.6, Sum: 178.0]
         [Processed Buffers: Min: 107, Avg: 140.0, Max: 155, Diff: 48, Sum: 1120]
      [Scan RS (ms): Min: 0.4, Avg: 1.2, Max: 1.4, Diff: 1.0, Sum: 9.4]
      [Code Root Scanning (ms): Min: 0.0, Avg: 0.0, Max: 0.0, Diff: 0.0, Sum: 0.1]
      [Object Copy (ms): Min: 25.6, Avg: 25.8, Max: 25.8, Diff: 0.2, Sum: 206.1]
      [Termination (ms): Min: 0.0, Avg: 0.0, Max: 0.0, Diff: 0.0, Sum: 0.0]
         [Termination Attempts: Min: 1, Avg: 1.0, Max: 1, Diff: 0, Sum: 8]
      [GC Worker Other (ms): Min: 0.1, Avg: 0.1, Max: 0.2, Diff: 0.1, Sum: 1.0]
      [GC Worker Total (ms): Min: 53.4, Avg: 53.5, Max: 53.6, Diff: 0.2, Sum: 427.7]
      [GC Worker End (ms): Min: 582654909.2, Avg: 582654909.3, Max: 582654909.3, Diff: 0.1]
   [Code Root Fixup: 0.0 ms]
   [Code Root Purge: 0.0 ms]
   [Clear CT: 0.6 ms]
   [Other: 12.8 ms]
      [Choose CSet: 0.0 ms]
      [Ref Proc: 2.8 ms]
      [Ref Enq: 0.1 ms]
      [Redirty Cards: 0.1 ms]
      [Humongous Register: 3.3 ms]
      [Humongous Reclaim: 0.5 ms]
      [Free CSet: 4.5 ms]
   [Eden: 3194.0M(3194.0M)->0.0B(3220.0M) Survivors: 88.0M->78.0M Heap: 5096.3M(6144.0M)->1729.1M(6144.0M)]
 [Times: user=0.40 sys=0.05, real=0.07 secs] 
2025-07-27T06:00:04.148+0800: 583357.983: [GC pause (G1 Evacuation Pause) (young), 0.1611585 secs]
   [Parallel Time: 145.2 ms, GC Workers: 8]
      [GC Worker Start (ms): Min: 583357987.8, Avg: 583357987.9, Max: 583357987.9, Diff: 0.1]
      [Ext Root Scanning (ms): Min: 3.0, Avg: 4.3, Max: 12.0, Diff: 9.1, Sum: 34.8]
      [Update RS (ms): Min: 26.7, Avg: 33.7, Max: 35.0, Diff: 8.3, Sum: 269.9]
         [Processed Buffers: Min: 90, Avg: 132.9, Max: 166, Diff: 76, Sum: 1063]
      [Scan RS (ms): Min: 0.1, Avg: 0.4, Max: 0.5, Diff: 0.4, Sum: 2.9]
      [Code Root Scanning (ms): Min: 0.0, Avg: 0.0, Max: 0.0, Diff: 0.0, Sum: 0.1]
      [Object Copy (ms): Min: 106.0, Avg: 106.3, Max: 106.5, Diff: 0.5, Sum: 850.6]
      [Termination (ms): Min: 0.0, Avg: 0.0, Max: 0.1, Diff: 0.1, Sum: 0.2]
         [Termination Attempts: Min: 1, Avg: 1.0, Max: 1, Diff: 0, Sum: 8]
      [GC Worker Other (ms): Min: 0.1, Avg: 0.1, Max: 0.2, Diff: 0.1, Sum: 1.1]
      [GC Worker Total (ms): Min: 144.8, Avg: 144.9, Max: 145.0, Diff: 0.2, Sum: 1159.6]
      [GC Worker End (ms): Min: 583358132.8, Avg: 583358132.8, Max: 583358132.9, Diff: 0.1]
   [Code Root Fixup: 0.1 ms]
   [Code Root Purge: 0.0 ms]
   [Clear CT: 0.9 ms]
   [Other: 15.0 ms]
      [Choose CSet: 0.0 ms]
      [Ref Proc: 4.9 ms]
      [Ref Enq: 0.4 ms]
      [Redirty Cards: 0.1 ms]
      [Humongous Register: 3.4 ms]
      [Humongous Reclaim: 0.4 ms]
      [Free CSet: 4.0 ms]
   [Eden: 3220.0M(3220.0M)->0.0B(2730.0M) Survivors: 78.0M->318.0M Heap: 5051.3M(6144.0M)->1975.6M(6144.0M)]
 [Times: user=1.11 sys=0.07, real=0.16 secs] 
2025-07-27T06:00:11.761+0800: 583365.597: [GC pause (G1 Evacuation Pause) (young), 0.2770469 secs]
   [Parallel Time: 269.6 ms, GC Workers: 8]
      [GC Worker Start (ms): Min: 583365597.7, Avg: 583365597.8, Max: 583365597.8, Diff: 0.1]
      [Ext Root Scanning (ms): Min: 2.7, Avg: 3.1, Max: 4.4, Diff: 1.7, Sum: 25.1]
      [Update RS (ms): Min: 28.8, Avg: 29.4, Max: 29.7, Diff: 0.8, Sum: 235.5]
         [Processed Buffers: Min: 15, Avg: 34.5, Max: 58, Diff: 43, Sum: 276]
      [Scan RS (ms): Min: 0.1, Avg: 0.3, Max: 0.4, Diff: 0.3, Sum: 2.7]
      [Code Root Scanning (ms): Min: 0.0, Avg: 0.0, Max: 0.0, Diff: 0.0, Sum: 0.1]
      [Object Copy (ms): Min: 236.1, Avg: 236.4, Max: 236.6, Diff: 0.5, Sum: 1891.3]
      [Termination (ms): Min: 0.0, Avg: 0.0, Max: 0.0, Diff: 0.0, Sum: 0.0]
         [Termination Attempts: Min: 1, Avg: 1.2, Max: 2, Diff: 1, Sum: 10]
      [GC Worker Other (ms): Min: 0.0, Avg: 0.1, Max: 0.1, Diff: 0.1, Sum: 0.7]
      [GC Worker Total (ms): Min: 269.4, Avg: 269.4, Max: 269.5, Diff: 0.1, Sum: 2155.4]
      [GC Worker End (ms): Min: 583365867.2, Avg: 583365867.2, Max: 583365867.2, Diff: 0.1]
   [Code Root Fixup: 0.1 ms]
   [Code Root Purge: 0.0 ms]
   [Clear CT: 0.5 ms]
   [Other: 6.8 ms]
      [Choose CSet: 0.0 ms]
      [Ref Proc: 1.0 ms]
      [Ref Enq: 0.1 ms]
      [Redirty Cards: 0.8 ms]
      [Humongous Register: 0.3 ms]
      [Humongous Reclaim: 0.2 ms]
      [Free CSet: 3.2 ms]
   [Eden: 2730.0M(2730.0M)->0.0B(530.0M) Survivors: 318.0M->290.0M Heap: 4712.1M(6144.0M)->2252.5M(6144.0M)]
 [Times: user=2.07 sys=0.08, real=0.28 secs] 
2025-07-27T06:00:16.416+0800: 583370.252: [GC pause (G1 Evacuation Pause) (young), 0.1450395 secs]
   [Parallel Time: 135.9 ms, GC Workers: 8]
      [GC Worker Start (ms): Min: 583370257.2, Avg: 583370257.3, Max: 583370257.3, Diff: 0.1]
      [Ext Root Scanning (ms): Min: 3.2, Avg: 3.5, Max: 4.6, Diff: 1.4, Sum: 28.2]
      [Update RS (ms): Min: 22.3, Avg: 23.2, Max: 23.9, Diff: 1.6, Sum: 185.8]
         [Processed Buffers: Min: 70, Avg: 93.0, Max: 102, Diff: 32, Sum: 744]
      [Scan RS (ms): Min: 2.9, Avg: 3.4, Max: 3.5, Diff: 0.6, Sum: 26.8]
      [Code Root Scanning (ms): Min: 0.0, Avg: 0.0, Max: 0.0, Diff: 0.0, Sum: 0.0]
      [Object Copy (ms): Min: 105.2, Avg: 105.4, Max: 105.4, Diff: 0.3, Sum: 842.9]
      [Termination (ms): Min: 0.0, Avg: 0.1, Max: 0.1, Diff: 0.1, Sum: 0.6]
         [Termination Attempts: Min: 1, Avg: 62.4, Max: 80, Diff: 79, Sum: 499]
      [GC Worker Other (ms): Min: 0.0, Avg: 0.1, Max: 0.2, Diff: 0.2, Sum: 0.9]
      [GC Worker Total (ms): Min: 135.6, Avg: 135.7, Max: 135.7, Diff: 0.1, Sum: 1085.3]
      [GC Worker End (ms): Min: 583370392.9, Avg: 583370392.9, Max: 583370392.9, Diff: 0.0]
   [Code Root Fixup: 0.1 ms]
   [Code Root Purge: 0.0 ms]
   [Clear CT: 0.3 ms]
   [Other: 8.8 ms]
      [Choose CSet: 0.0 ms]
      [Ref Proc: 0.5 ms]
      [Ref Enq: 0.0 ms]
      [Redirty Cards: 0.8 ms]
      [Humongous Register: 4.4 ms]
      [Humongous Reclaim: 0.1 ms]
      [Free CSet: 1.2 ms]
   [Eden: 372.0M(372.0M)->0.0B(2538.0M) Survivors: 290.0M->28.0M Heap: 2624.5M(6144.0M)->2263.1M(6144.0M)]
 [Times: user=1.07 sys=0.02, real=0.15 secs] 
2025-07-27T06:00:20.837+0800: 583374.672: [GC pause (G1 Humongous Allocation) (young) (initial-mark), 0.0341612 secs]
   [Parallel Time: 30.5 ms, GC Workers: 8]
      [GC Worker Start (ms): Min: 583374674.1, Avg: 583374674.2, Max: 583374674.3, Diff: 0.2]
      [Ext Root Scanning (ms): Min: 4.0, Avg: 4.4, Max: 4.7, Diff: 0.7, Sum: 35.1]
      [Update RS (ms): Min: 21.5, Avg: 21.6, Max: 21.8, Diff: 0.3, Sum: 173.2]
         [Processed Buffers: Min: 82, Avg: 98.6, Max: 109, Diff: 27, Sum: 789]
      [Scan RS (ms): Min: 0.0, Avg: 0.1, Max: 0.1, Diff: 0.1, Sum: 0.4]
      [Code Root Scanning (ms): Min: 0.0, Avg: 0.0, Max: 0.0, Diff: 0.0, Sum: 0.0]
      [Object Copy (ms): Min: 3.4, Avg: 3.7, Max: 4.0, Diff: 0.6, Sum: 29.8]
      [Termination (ms): Min: 0.0, Avg: 0.0, Max: 0.0, Diff: 0.0, Sum: 0.0]
         [Termination Attempts: Min: 1, Avg: 1.0, Max: 1, Diff: 0, Sum: 8]
      [GC Worker Other (ms): Min: 0.0, Avg: 0.0, Max: 0.1, Diff: 0.0, Sum: 0.3]
      [GC Worker Total (ms): Min: 29.8, Avg: 29.9, Max: 30.0, Diff: 0.2, Sum: 238.9]
      [GC Worker End (ms): Min: 583374704.1, Avg: 583374704.1, Max: 583374704.1, Diff: 0.0]
   [Code Root Fixup: 0.1 ms]
   [Code Root Purge: 0.0 ms]
   [Clear CT: 0.2 ms]
   [Other: 3.4 ms]
      [Choose CSet: 0.0 ms]
      [Ref Proc: 0.4 ms]
      [Ref Enq: 0.0 ms]
      [Redirty Cards: 0.1 ms]
      [Humongous Register: 0.5 ms]
      [Humongous Reclaim: 0.1 ms]
      [Free CSet: 0.5 ms]
   [Eden: 484.0M(2538.0M)->0.0B(2564.0M) Survivors: 28.0M->30.0M Heap: 2765.7M(6144.0M)->2274.5M(6144.0M)]
 [Times: user=0.24 sys=0.00, real=0.04 secs] 
2025-07-27T06:00:20.871+0800: 583374.707: [GC concurrent-root-region-scan-start]
2025-07-27T06:00:20.878+0800: 583374.714: [GC concurrent-root-region-scan-end, 0.0073005 secs]
2025-07-27T06:00:20.878+0800: 583374.714: [GC concurrent-mark-start]
2025-07-27T06:00:21.638+0800: 583375.473: [GC concurrent-mark-end, 0.7592429 secs]
2025-07-27T06:00:21.641+0800: 583375.477: [GC remark 2025-07-27T06:00:21.641+0800: 583375.477: [Finalize Marking, 0.0007103 secs] 2025-07-27T06:00:21.642+0800: 583375.478: [GC ref-proc, 0.0054748 secs] 2025-07-27T06:00:21.648+0800: 583375.483: [Unloading, 0.0505654 secs], 0.0596427 secs]
 [Times: user=0.32 sys=0.05, real=0.06 secs] 
2025-07-27T06:00:21.705+0800: 583375.540: [GC cleanup 2653M->2351M(6144M), 0.0036765 secs]
 [Times: user=0.01 sys=0.02, real=0.01 secs] 
2025-07-27T06:00:21.709+0800: 583375.544: [GC concurrent-cleanup-start]
2025-07-27T06:00:21.709+0800: 583375.545: [GC concurrent-cleanup-end, 0.0004739 secs]
2025-07-27T06:00:55.820+0800: 583409.655: [GC pause (G1 Evacuation Pause) (young), 0.0229004 secs]
   [Parallel Time: 16.2 ms, GC Workers: 8]
      [GC Worker Start (ms): Min: 583409656.2, Avg: 583409656.2, Max: 583409656.3, Diff: 0.1]
      [Ext Root Scanning (ms): Min: 2.2, Avg: 2.5, Max: 3.2, Diff: 1.0, Sum: 19.7]
      [Update RS (ms): Min: 5.5, Avg: 6.1, Max: 6.6, Diff: 1.2, Sum: 49.0]
         [Processed Buffers: Min: 30, Avg: 51.5, Max: 71, Diff: 41, Sum: 412]
      [Scan RS (ms): Min: 0.1, Avg: 0.3, Max: 0.3, Diff: 0.2, Sum: 2.1]
      [Code Root Scanning (ms): Min: 0.0, Avg: 0.0, Max: 0.0, Diff: 0.0, Sum: 0.0]
      [Object Copy (ms): Min: 7.0, Avg: 7.1, Max: 7.2, Diff: 0.2, Sum: 57.1]
      [Termination (ms): Min: 0.0, Avg: 0.0, Max: 0.0, Diff: 0.0, Sum: 0.1]
         [Termination Attempts: Min: 1, Avg: 4.8, Max: 8, Diff: 7, Sum: 38]
      [GC Worker Other (ms): Min: 0.0, Avg: 0.1, Max: 0.1, Diff: 0.1, Sum: 0.5]
      [GC Worker Total (ms): Min: 16.0, Avg: 16.1, Max: 16.1, Diff: 0.1, Sum: 128.4]
      [GC Worker End (ms): Min: 583409672.3, Avg: 583409672.3, Max: 583409672.3, Diff: 0.1]
   [Code Root Fixup: 0.1 ms]
   [Code Root Purge: 0.0 ms]
   [Clear CT: 0.5 ms]
   [Other: 6.2 ms]
      [Choose CSet: 0.0 ms]
      [Ref Proc: 1.3 ms]
      [Ref Enq: 0.2 ms]
      [Redirty Cards: 0.1 ms]
      [Humongous Register: 0.4 ms]
      [Humongous Reclaim: 0.2 ms]
      [Free CSet: 3.0 ms]
   [Eden: 2564.0M(2564.0M)->0.0B(260.0M) Survivors: 30.0M->46.0M Heap: 4563.4M(6144.0M)->1978.1M(6144.0M)]
 [Times: user=0.08 sys=0.05, real=0.02 secs] 
2025-07-27T06:00:57.758+0800: 583411.594: [GC pause (G1 Evacuation Pause) (mixed), 0.0334322 secs]
   [Parallel Time: 28.2 ms, GC Workers: 8]
      [GC Worker Start (ms): Min: 583411595.0, Avg: 583411595.1, Max: 583411595.2, Diff: 0.1]
      [Ext Root Scanning (ms): Min: 2.2, Avg: 2.5, Max: 3.1, Diff: 0.9, Sum: 19.7]
      [Update RS (ms): Min: 1.0, Avg: 1.5, Max: 1.9, Diff: 0.9, Sum: 12.3]
         [Processed Buffers: Min: 8, Avg: 20.9, Max: 26, Diff: 18, Sum: 167]
      [Scan RS (ms): Min: 5.4, Avg: 5.6, Max: 5.7, Diff: 0.3, Sum: 44.7]
      [Code Root Scanning (ms): Min: 0.0, Avg: 0.0, Max: 0.3, Diff: 0.3, Sum: 0.3]
      [Object Copy (ms): Min: 18.2, Avg: 18.3, Max: 18.5, Diff: 0.3, Sum: 146.6]
      [Termination (ms): Min: 0.0, Avg: 0.1, Max: 0.1, Diff: 0.1, Sum: 0.4]
         [Termination Attempts: Min: 1, Avg: 48.4, Max: 68, Diff: 67, Sum: 387]
      [GC Worker Other (ms): Min: 0.0, Avg: 0.0, Max: 0.0, Diff: 0.0, Sum: 0.2]
      [GC Worker Total (ms): Min: 28.0, Avg: 28.0, Max: 28.1, Diff: 0.1, Sum: 224.3]
      [GC Worker End (ms): Min: 583411623.1, Avg: 583411623.1, Max: 583411623.2, Diff: 0.0]
   [Code Root Fixup: 0.1 ms]
   [Code Root Purge: 0.0 ms]
   [Clear CT: 0.4 ms]
   [Other: 4.8 ms]
      [Choose CSet: 0.4 ms]
      [Ref Proc: 0.8 ms]
      [Ref Enq: 0.1 ms]
      [Redirty Cards: 0.2 ms]
      [Humongous Register: 0.4 ms]
      [Humongous Reclaim: 0.1 ms]
      [Free CSet: 2.0 ms]
   [Eden: 260.0M(260.0M)->0.0B(3380.0M) Survivors: 46.0M->28.0M Heap: 2243.1M(6144.0M)->1479.5M(6144.0M)]
 [Times: user=0.12 sys=0.11, real=0.03 secs] 
2025-07-27T06:01:35.585+0800: 583449.421: [GC pause (G1 Evacuation Pause) (young), 0.0345978 secs]
   [Parallel Time: 25.1 ms, GC Workers: 8]
      [GC Worker Start (ms): Min: 583449423.0, Avg: 583449423.1, Max: 583449423.3, Diff: 0.3]
      [Ext Root Scanning (ms): Min: 2.8, Avg: 4.0, Max: 10.5, Diff: 7.7, Sum: 31.7]
      [Update RS (ms): Min: 8.2, Avg: 14.4, Max: 15.7, Diff: 7.5, Sum: 115.1]
         [Processed Buffers: Min: 72, Avg: 104.4, Max: 119, Diff: 47, Sum: 835]
      [Scan RS (ms): Min: 0.4, Avg: 0.6, Max: 0.8, Diff: 0.4, Sum: 5.2]
      [Code Root Scanning (ms): Min: 0.0, Avg: 0.0, Max: 0.0, Diff: 0.0, Sum: 0.1]
      [Object Copy (ms): Min: 5.5, Avg: 5.7, Max: 5.8, Diff: 0.3, Sum: 45.4]
      [Termination (ms): Min: 0.0, Avg: 0.1, Max: 0.2, Diff: 0.2, Sum: 0.7]
         [Termination Attempts: Min: 1, Avg: 1.0, Max: 1, Diff: 0, Sum: 8]
      [GC Worker Other (ms): Min: 0.0, Avg: 0.1, Max: 0.1, Diff: 0.1, Sum: 0.7]
      [GC Worker Total (ms): Min: 24.7, Avg: 24.9, Max: 25.0, Diff: 0.3, Sum: 198.9]
      [GC Worker End (ms): Min: 583449448.0, Avg: 583449448.0, Max: 583449448.0, Diff: 0.1]
   [Code Root Fixup: 0.0 ms]
   [Code Root Purge: 0.0 ms]
   [Clear CT: 0.6 ms]
   [Other: 8.8 ms]
      [Choose CSet: 0.0 ms]
      [Ref Proc: 1.7 ms]
      [Ref Enq: 0.1 ms]
      [Redirty Cards: 0.1 ms]
      [Humongous Register: 1.5 ms]
      [Humongous Reclaim: 0.3 ms]
      [Free CSet: 4.0 ms]
   [Eden: 3380.0M(3380.0M)->0.0B(3402.0M) Survivors: 28.0M->40.0M Heap: 4950.2M(6144.0M)->1488.6M(6144.0M)]
 [Times: user=0.12 sys=0.09, real=0.04 secs] 
2025-07-27T06:02:23.561+0800: 583497.397: [GC pause (G1 Evacuation Pause) (young), 0.0295222 secs]
   [Parallel Time: 19.4 ms, GC Workers: 8]
      [GC Worker Start (ms): Min: 583497399.3, Avg: 583497399.4, Max: 583497399.5, Diff: 0.1]
      [Ext Root Scanning (ms): Min: 3.2, Avg: 4.3, Max: 10.7, Diff: 7.5, Sum: 34.4]
      [Update RS (ms): Min: 3.5, Avg: 9.7, Max: 11.4, Diff: 7.8, Sum: 77.7]
         [Processed Buffers: Min: 40, Avg: 70.1, Max: 87, Diff: 47, Sum: 561]
      [Scan RS (ms): Min: 0.1, Avg: 0.3, Max: 0.5, Diff: 0.3, Sum: 2.5]
      [Code Root Scanning (ms): Min: 0.0, Avg: 0.0, Max: 0.0, Diff: 0.0, Sum: 0.1]
      [Object Copy (ms): Min: 4.2, Avg: 4.6, Max: 4.8, Diff: 0.6, Sum: 36.7]
      [Termination (ms): Min: 0.0, Avg: 0.2, Max: 0.3, Diff: 0.3, Sum: 1.2]
         [Termination Attempts: Min: 1, Avg: 1.0, Max: 1, Diff: 0, Sum: 8]
      [GC Worker Other (ms): Min: 0.0, Avg: 0.1, Max: 0.1, Diff: 0.1, Sum: 0.9]
      [GC Worker Total (ms): Min: 19.1, Avg: 19.2, Max: 19.3, Diff: 0.2, Sum: 153.5]
      [GC Worker End (ms): Min: 583497418.5, Avg: 583497418.6, Max: 583497418.6, Diff: 0.1]
   [Code Root Fixup: 0.0 ms]
   [Code Root Purge: 0.0 ms]
   [Clear CT: 0.6 ms]
   [Other: 9.5 ms]
      [Choose CSet: 0.0 ms]
      [Ref Proc: 1.8 ms]
      [Ref Enq: 0.2 ms]
      [Redirty Cards: 0.1 ms]
      [Humongous Register: 2.1 ms]
      [Humongous Reclaim: 0.2 ms]
      [Free CSet: 4.1 ms]
   [Eden: 3402.0M(3402.0M)->0.0B(3438.0M) Survivors: 40.0M->28.0M Heap: 4936.7M(6144.0M)->1476.1M(6144.0M)]
 [Times: user=0.16 sys=0.00, real=0.03 secs] 
2025-07-27T06:04:59.446+0800: 583653.281: [GC pause (G1 Evacuation Pause) (young), 0.0388111 secs]
   [Parallel Time: 28.7 ms, GC Workers: 8]
      [GC Worker Start (ms): Min: 583653283.8, Avg: 583653283.9, Max: 583653284.0, Diff: 0.2]
      [Ext Root Scanning (ms): Min: 3.0, Avg: 4.2, Max: 11.1, Diff: 8.1, Sum: 34.0]
      [Update RS (ms): Min: 8.3, Avg: 15.0, Max: 16.5, Diff: 8.2, Sum: 119.6]
         [Processed Buffers: Min: 72, Avg: 106.2, Max: 126, Diff: 54, Sum: 850]
      [Scan RS (ms): Min: 0.4, Avg: 0.9, Max: 1.2, Diff: 0.9, Sum: 7.3]
      [Code Root Scanning (ms): Min: 0.0, Avg: 0.0, Max: 0.0, Diff: 0.0, Sum: 0.1]
      [Object Copy (ms): Min: 8.1, Avg: 8.2, Max: 8.3, Diff: 0.2, Sum: 65.7]
      [Termination (ms): Min: 0.0, Avg: 0.0, Max: 0.0, Diff: 0.0, Sum: 0.0]
         [Termination Attempts: Min: 1, Avg: 1.0, Max: 1, Diff: 0, Sum: 8]
      [GC Worker Other (ms): Min: 0.1, Avg: 0.2, Max: 0.2, Diff: 0.1, Sum: 1.2]
      [GC Worker Total (ms): Min: 28.4, Avg: 28.5, Max: 28.6, Diff: 0.2, Sum: 227.8]
      [GC Worker End (ms): Min: 583653312.4, Avg: 583653312.4, Max: 583653312.5, Diff: 0.1]
   [Code Root Fixup: 0.1 ms]
   [Code Root Purge: 0.0 ms]
   [Clear CT: 0.8 ms]
   [Other: 9.3 ms]
      [Choose CSet: 0.0 ms]
      [Ref Proc: 1.4 ms]
      [Ref Enq: 0.1 ms]
      [Redirty Cards: 0.2 ms]
      [Humongous Register: 1.6 ms]
      [Humongous Reclaim: 0.5 ms]
      [Free CSet: 4.2 ms]
   [Eden: 3438.0M(3438.0M)->0.0B(3448.0M) Survivors: 28.0M->30.0M Heap: 5067.7M(6144.0M)->1484.8M(6144.0M)]
 [Times: user=0.21 sys=0.02, real=0.04 secs] 
2025-07-27T06:07:33.332+0800: 583807.168: [GC pause (G1 Evacuation Pause) (young), 0.0343320 secs]
   [Parallel Time: 28.4 ms, GC Workers: 8]
      [GC Worker Start (ms): Min: 583807169.1, Avg: 583807169.1, Max: 583807169.2, Diff: 0.1]
      [Ext Root Scanning (ms): Min: 2.2, Avg: 3.3, Max: 8.6, Diff: 6.4, Sum: 26.3]
      [Update RS (ms): Min: 12.8, Avg: 17.8, Max: 18.9, Diff: 6.1, Sum: 142.4]
         [Processed Buffers: Min: 72, Avg: 117.8, Max: 137, Diff: 65, Sum: 942]
      [Scan RS (ms): Min: 0.9, Avg: 1.1, Max: 1.3, Diff: 0.4, Sum: 9.2]
      [Code Root Scanning (ms): Min: 0.0, Avg: 0.0, Max: 0.0, Diff: 0.0, Sum: 0.1]
      [Object Copy (ms): Min: 5.7, Avg: 5.9, Max: 6.0, Diff: 0.3, Sum: 47.0]
      [Termination (ms): Min: 0.0, Avg: 0.0, Max: 0.0, Diff: 0.0, Sum: 0.1]
         [Termination Attempts: Min: 1, Avg: 7.4, Max: 12, Diff: 11, Sum: 59]
      [GC Worker Other (ms): Min: 0.0, Avg: 0.1, Max: 0.1, Diff: 0.1, Sum: 0.6]
      [GC Worker Total (ms): Min: 28.1, Avg: 28.2, Max: 28.3, Diff: 0.2, Sum: 225.6]
      [GC Worker End (ms): Min: 583807197.3, Avg: 583807197.3, Max: 583807197.4, Diff: 0.1]
   [Code Root Fixup: 0.1 ms]
   [Code Root Purge: 0.0 ms]
   [Clear CT: 0.5 ms]
   [Other: 5.4 ms]
      [Choose CSet: 0.0 ms]
      [Ref Proc: 1.5 ms]
      [Ref Enq: 0.1 ms]
      [Redirty Cards: 0.1 ms]
      [Humongous Register: 0.8 ms]
      [Humongous Reclaim: 0.5 ms]
      [Free CSet: 1.7 ms]
   [Eden: 3448.0M(3448.0M)->0.0B(3478.0M) Survivors: 30.0M->26.0M Heap: 5158.5M(6144.0M)->1475.1M(6144.0M)]
 [Times: user=0.23 sys=0.00, real=0.03 secs] 
2025-07-27T06:10:11.977+0800: 583965.813: [GC pause (G1 Evacuation Pause) (young), 0.0474659 secs]
   [Parallel Time: 37.4 ms, GC Workers: 8]
      [GC Worker Start (ms): Min: 583965814.7, Avg: 583965814.7, Max: 583965814.8, Diff: 0.1]
      [Ext Root Scanning (ms): Min: 2.8, Avg: 4.0, Max: 11.3, Diff: 8.5, Sum: 32.4]
      [Update RS (ms): Min: 12.0, Avg: 19.1, Max: 20.7, Diff: 8.7, Sum: 152.6]
         [Processed Buffers: Min: 109, Avg: 131.5, Max: 142, Diff: 33, Sum: 1052]
      [Scan RS (ms): Min: 0.7, Avg: 1.2, Max: 1.4, Diff: 0.6, Sum: 9.5]
      [Code Root Scanning (ms): Min: 0.0, Avg: 0.0, Max: 0.0, Diff: 0.0, Sum: 0.1]
      [Object Copy (ms): Min: 12.4, Avg: 12.7, Max: 12.9, Diff: 0.5, Sum: 101.4]
      [Termination (ms): Min: 0.0, Avg: 0.1, Max: 0.1, Diff: 0.1, Sum: 0.5]
         [Termination Attempts: Min: 1, Avg: 73.8, Max: 90, Diff: 89, Sum: 590]
      [GC Worker Other (ms): Min: 0.1, Avg: 0.1, Max: 0.2, Diff: 0.1, Sum: 0.9]
      [GC Worker Total (ms): Min: 37.1, Avg: 37.2, Max: 37.3, Diff: 0.2, Sum: 297.4]
      [GC Worker End (ms): Min: 583965851.9, Avg: 583965851.9, Max: 583965852.0, Diff: 0.1]
   [Code Root Fixup: 0.0 ms]
   [Code Root Purge: 0.0 ms]
   [Clear CT: 0.7 ms]
   [Other: 9.4 ms]
      [Choose CSet: 0.0 ms]
      [Ref Proc: 2.0 ms]
      [Ref Enq: 0.2 ms]
      [Redirty Cards: 0.1 ms]
      [Humongous Register: 1.4 ms]
      [Humongous Reclaim: 0.4 ms]
      [Free CSet: 4.3 ms]
   [Eden: 3478.0M(3478.0M)->0.0B(3448.0M) Survivors: 26.0M->60.0M Heap: 5094.9M(6144.0M)->1509.1M(6144.0M)]
 [Times: user=0.26 sys=0.05, real=0.04 secs] 
2025-07-27T06:10:58.623+0800: 584012.459: [GC pause (G1 Evacuation Pause) (young), 0.0409606 secs]
   [Parallel Time: 30.5 ms, GC Workers: 8]
      [GC Worker Start (ms): Min: 584012461.8, Avg: 584012461.9, Max: 584012462.0, Diff: 0.2]
      [Ext Root Scanning (ms): Min: 2.9, Avg: 3.5, Max: 5.4, Diff: 2.5, Sum: 28.0]
      [Update RS (ms): Min: 11.1, Avg: 12.8, Max: 14.0, Diff: 2.9, Sum: 102.4]
         [Processed Buffers: Min: 58, Avg: 79.2, Max: 101, Diff: 43, Sum: 634]
      [Scan RS (ms): Min: 0.1, Avg: 0.3, Max: 0.5, Diff: 0.3, Sum: 2.8]
      [Code Root Scanning (ms): Min: 0.0, Avg: 0.0, Max: 0.0, Diff: 0.0, Sum: 0.1]
      [Object Copy (ms): Min: 12.9, Avg: 13.4, Max: 13.6, Diff: 0.6, Sum: 107.1]
      [Termination (ms): Min: 0.0, Avg: 0.0, Max: 0.0, Diff: 0.0, Sum: 0.3]
         [Termination Attempts: Min: 1, Avg: 43.1, Max: 58, Diff: 57, Sum: 345]
      [GC Worker Other (ms): Min: 0.1, Avg: 0.2, Max: 0.2, Diff: 0.2, Sum: 1.2]
      [GC Worker Total (ms): Min: 30.1, Avg: 30.2, Max: 30.4, Diff: 0.3, Sum: 241.9]
      [GC Worker End (ms): Min: 584012492.1, Avg: 584012492.2, Max: 584012492.2, Diff: 0.1]
   [Code Root Fixup: 0.0 ms]
   [Code Root Purge: 0.0 ms]
   [Clear CT: 0.6 ms]
   [Other: 9.8 ms]
      [Choose CSet: 0.0 ms]
      [Ref Proc: 1.9 ms]
      [Ref Enq: 0.1 ms]
      [Redirty Cards: 0.1 ms]
      [Humongous Register: 2.3 ms]
      [Humongous Reclaim: 0.2 ms]
      [Free CSet: 4.1 ms]
   [Eden: 3448.0M(3448.0M)->0.0B(3456.0M) Survivors: 60.0M->54.0M Heap: 5008.2M(6144.0M)->1505.5M(6144.0M)]
 [Times: user=0.23 sys=0.02, real=0.04 secs] 
2025-07-27T06:11:33.203+0800: 584047.039: [GC pause (G1 Evacuation Pause) (young), 0.0416487 secs]
   [Parallel Time: 32.9 ms, GC Workers: 8]
      [GC Worker Start (ms): Min: 584047040.3, Avg: 584047040.4, Max: 584047040.4, Diff: 0.1]
      [Ext Root Scanning (ms): Min: 2.8, Avg: 4.0, Max: 10.3, Diff: 7.5, Sum: 31.7]
      [Update RS (ms): Min: 13.0, Avg: 18.4, Max: 19.4, Diff: 6.4, Sum: 147.0]
         [Processed Buffers: Min: 61, Avg: 117.9, Max: 134, Diff: 73, Sum: 943]
      [Scan RS (ms): Min: 0.1, Avg: 0.4, Max: 0.5, Diff: 0.3, Sum: 2.9]
      [Code Root Scanning (ms): Min: 0.0, Avg: 0.0, Max: 0.0, Diff: 0.0, Sum: 0.1]
      [Object Copy (ms): Min: 9.2, Avg: 9.9, Max: 10.0, Diff: 0.9, Sum: 79.0]
      [Termination (ms): Min: 0.0, Avg: 0.0, Max: 0.0, Diff: 0.0, Sum: 0.2]
         [Termination Attempts: Min: 1, Avg: 27.8, Max: 36, Diff: 35, Sum: 222]
      [GC Worker Other (ms): Min: 0.0, Avg: 0.1, Max: 0.2, Diff: 0.2, Sum: 0.9]
      [GC Worker Total (ms): Min: 32.6, Avg: 32.7, Max: 32.8, Diff: 0.1, Sum: 261.8]
      [GC Worker End (ms): Min: 584047073.1, Avg: 584047073.1, Max: 584047073.2, Diff: 0.1]
   [Code Root Fixup: 0.0 ms]
   [Code Root Purge: 0.0 ms]
   [Clear CT: 0.7 ms]
   [Other: 8.1 ms]
      [Choose CSet: 0.0 ms]
      [Ref Proc: 1.8 ms]
      [Ref Enq: 0.2 ms]
      [Redirty Cards: 0.2 ms]
      [Humongous Register: 0.7 ms]
      [Humongous Reclaim: 0.3 ms]
      [Free CSet: 4.0 ms]
   [Eden: 3456.0M(3456.0M)->0.0B(3474.0M) Survivors: 54.0M->48.0M Heap: 5052.2M(6144.0M)->1496.1M(6144.0M)]
 [Times: user=0.24 sys=0.03, real=0.04 secs] 
2025-07-27T06:12:23.079+0800: 584096.915: [GC pause (G1 Evacuation Pause) (young), 0.0326473 secs]
   [Parallel Time: 25.0 ms, GC Workers: 8]
      [GC Worker Start (ms): Min: 584096917.1, Avg: 584096917.2, Max: 584096917.3, Diff: 0.1]
      [Ext Root Scanning (ms): Min: 2.3, Avg: 2.7, Max: 4.0, Diff: 1.7, Sum: 21.9]
      [Update RS (ms): Min: 10.4, Avg: 11.4, Max: 12.0, Diff: 1.6, Sum: 91.5]
         [Processed Buffers: Min: 54, Avg: 74.1, Max: 85, Diff: 31, Sum: 593]
      [Scan RS (ms): Min: 0.1, Avg: 0.3, Max: 0.4, Diff: 0.3, Sum: 2.7]
      [Code Root Scanning (ms): Min: 0.0, Avg: 0.0, Max: 0.0, Diff: 0.0, Sum: 0.1]
      [Object Copy (ms): Min: 10.0, Avg: 10.2, Max: 10.4, Diff: 0.4, Sum: 81.4]
      [Termination (ms): Min: 0.0, Avg: 0.0, Max: 0.0, Diff: 0.0, Sum: 0.1]
         [Termination Attempts: Min: 1, Avg: 7.6, Max: 15, Diff: 14, Sum: 61]
      [GC Worker Other (ms): Min: 0.0, Avg: 0.1, Max: 0.2, Diff: 0.1, Sum: 0.8]
      [GC Worker Total (ms): Min: 24.7, Avg: 24.8, Max: 24.9, Diff: 0.2, Sum: 198.3]
      [GC Worker End (ms): Min: 584096942.0, Avg: 584096942.0, Max: 584096942.0, Diff: 0.1]
   [Code Root Fixup: 0.0 ms]
   [Code Root Purge: 0.0 ms]
   [Clear CT: 0.6 ms]
   [Other: 7.1 ms]
      [Choose CSet: 0.0 ms]
      [Ref Proc: 2.1 ms]
      [Ref Enq: 0.2 ms]
      [Redirty Cards: 0.1 ms]
      [Humongous Register: 1.8 ms]
      [Humongous Reclaim: 0.1 ms]
      [Free CSet: 1.9 ms]
   [Eden: 3474.0M(3474.0M)->0.0B(3474.0M) Survivors: 48.0M->54.0M Heap: 5016.1M(6144.0M)->1503.1M(6144.0M)]
 [Times: user=0.20 sys=0.00, real=0.03 secs] 
2025-07-27T06:23:05.136+0800: 584738.971: [GC pause (G1 Evacuation Pause) (young), 0.0460763 secs]
   [Parallel Time: 33.1 ms, GC Workers: 8]
      [GC Worker Start (ms): Min: 584738975.5, Avg: 584738975.6, Max: 584738975.7, Diff: 0.2]
      [Ext Root Scanning (ms): Min: 3.1, Avg: 4.3, Max: 11.2, Diff: 8.1, Sum: 34.1]
      [Update RS (ms): Min: 11.5, Avg: 18.2, Max: 19.6, Diff: 8.1, Sum: 145.4]
         [Processed Buffers: Min: 104, Avg: 128.4, Max: 145, Diff: 41, Sum: 1027]
      [Scan RS (ms): Min: 1.7, Avg: 2.1, Max: 2.2, Diff: 0.5, Sum: 16.6]
      [Code Root Scanning (ms): Min: 0.0, Avg: 0.0, Max: 0.0, Diff: 0.0, Sum: 0.1]
      [Object Copy (ms): Min: 7.9, Avg: 8.1, Max: 8.2, Diff: 0.3, Sum: 64.8]
      [Termination (ms): Min: 0.0, Avg: 0.0, Max: 0.0, Diff: 0.0, Sum: 0.0]
         [Termination Attempts: Min: 1, Avg: 1.6, Max: 3, Diff: 2, Sum: 13]
      [GC Worker Other (ms): Min: 0.1, Avg: 0.1, Max: 0.2, Diff: 0.1, Sum: 1.1]
      [GC Worker Total (ms): Min: 32.7, Avg: 32.8, Max: 32.9, Diff: 0.2, Sum: 262.2]
      [GC Worker End (ms): Min: 584739008.4, Avg: 584739008.4, Max: 584739008.5, Diff: 0.1]
   [Code Root Fixup: 0.0 ms]
   [Code Root Purge: 0.0 ms]
   [Clear CT: 0.7 ms]
   [Other: 12.2 ms]
      [Choose CSet: 0.0 ms]
      [Ref Proc: 2.7 ms]
      [Ref Enq: 0.1 ms]
      [Redirty Cards: 0.1 ms]
      [Humongous Register: 3.0 ms]
      [Humongous Reclaim: 0.5 ms]
      [Free CSet: 4.4 ms]
   [Eden: 3474.0M(3474.0M)->0.0B(3508.0M) Survivors: 54.0M->28.0M Heap: 5118.9M(6144.0M)->1477.1M(6144.0M)]
 [Times: user=0.21 sys=0.06, real=0.05 secs] 
2025-07-27T06:33:40.428+0800: 585374.264: [GC pause (G1 Evacuation Pause) (young), 0.0469397 secs]
   [Parallel Time: 35.8 ms, GC Workers: 8]
      [GC Worker Start (ms): Min: 585374265.8, Avg: 585374265.9, Max: 585374266.0, Diff: 0.2]
      [Ext Root Scanning (ms): Min: 2.7, Avg: 3.9, Max: 10.8, Diff: 8.1, Sum: 31.3]
      [Update RS (ms): Min: 12.7, Avg: 19.4, Max: 21.2, Diff: 8.5, Sum: 155.4]
         [Processed Buffers: Min: 103, Avg: 129.9, Max: 148, Diff: 45, Sum: 1039]
      [Scan RS (ms): Min: 1.0, Avg: 1.7, Max: 2.0, Diff: 1.0, Sum: 14.0]
      [Code Root Scanning (ms): Min: 0.0, Avg: 0.0, Max: 0.0, Diff: 0.0, Sum: 0.1]
      [Object Copy (ms): Min: 10.2, Avg: 10.4, Max: 10.5, Diff: 0.3, Sum: 83.1]
      [Termination (ms): Min: 0.0, Avg: 0.0, Max: 0.0, Diff: 0.0, Sum: 0.0]
         [Termination Attempts: Min: 1, Avg: 1.0, Max: 1, Diff: 0, Sum: 8]
      [GC Worker Other (ms): Min: 0.1, Avg: 0.1, Max: 0.2, Diff: 0.1, Sum: 1.0]
      [GC Worker Total (ms): Min: 35.5, Avg: 35.6, Max: 35.7, Diff: 0.2, Sum: 284.9]
      [GC Worker End (ms): Min: 585374301.4, Avg: 585374301.5, Max: 585374301.5, Diff: 0.1]
   [Code Root Fixup: 0.0 ms]
   [Code Root Purge: 0.0 ms]
   [Clear CT: 0.7 ms]
   [Other: 10.4 ms]
      [Choose CSet: 0.0 ms]
      [Ref Proc: 3.5 ms]
      [Ref Enq: 0.1 ms]
      [Redirty Cards: 0.1 ms]
      [Humongous Register: 1.4 ms]
      [Humongous Reclaim: 0.4 ms]
      [Free CSet: 4.1 ms]
   [Eden: 3508.0M(3508.0M)->0.0B(3502.0M) Survivors: 28.0M->38.0M Heap: 5149.6M(6144.0M)->1488.8M(6144.0M)]
 [Times: user=0.26 sys=0.03, real=0.04 secs] 
2025-07-27T06:36:46.572+0800: 585560.407: [GC pause (G1 Evacuation Pause) (young), 0.0532172 secs]
   [Parallel Time: 39.8 ms, GC Workers: 8]
      [GC Worker Start (ms): Min: 585560411.2, Avg: 585560411.2, Max: 585560411.3, Diff: 0.1]
      [Ext Root Scanning (ms): Min: 3.0, Avg: 4.2, Max: 10.6, Diff: 7.6, Sum: 33.5]
      [Update RS (ms): Min: 18.9, Avg: 25.3, Max: 27.0, Diff: 8.0, Sum: 202.5]
         [Processed Buffers: Min: 127, Avg: 165.8, Max: 188, Diff: 61, Sum: 1326]
      [Scan RS (ms): Min: 1.1, Avg: 1.7, Max: 2.0, Diff: 0.9, Sum: 13.8]
      [Code Root Scanning (ms): Min: 0.0, Avg: 0.0, Max: 0.0, Diff: 0.0, Sum: 0.1]
      [Object Copy (ms): Min: 8.1, Avg: 8.3, Max: 8.4, Diff: 0.3, Sum: 66.0]
      [Termination (ms): Min: 0.0, Avg: 0.0, Max: 0.0, Diff: 0.0, Sum: 0.1]
         [Termination Attempts: Min: 1, Avg: 9.8, Max: 14, Diff: 13, Sum: 78]
      [GC Worker Other (ms): Min: 0.1, Avg: 0.2, Max: 0.2, Diff: 0.1, Sum: 1.3]
      [GC Worker Total (ms): Min: 39.6, Avg: 39.7, Max: 39.7, Diff: 0.1, Sum: 317.2]
      [GC Worker End (ms): Min: 585560450.9, Avg: 585560450.9, Max: 585560450.9, Diff: 0.1]
   [Code Root Fixup: 0.0 ms]
   [Code Root Purge: 0.0 ms]
   [Clear CT: 0.7 ms]
   [Other: 12.6 ms]
      [Choose CSet: 0.0 ms]
      [Ref Proc: 3.5 ms]
      [Ref Enq: 0.1 ms]
      [Redirty Cards: 0.1 ms]
      [Humongous Register: 2.9 ms]
      [Humongous Reclaim: 0.7 ms]
      [Free CSet: 4.2 ms]
   [Eden: 3502.0M(3502.0M)->0.0B(3512.0M) Survivors: 38.0M->36.0M Heap: 5202.0M(6144.0M)->1485.1M(6144.0M)]
 [Times: user=0.28 sys=0.05, real=0.05 secs] 
2025-07-27T06:39:22.492+0800: 585716.328: [GC pause (G1 Evacuation Pause) (young), 0.0452724 secs]
   [Parallel Time: 35.6 ms, GC Workers: 8]
      [GC Worker Start (ms): Min: 585716330.5, Avg: 585716330.5, Max: 585716330.6, Diff: 0.2]
      [Ext Root Scanning (ms): Min: 3.2, Avg: 4.7, Max: 13.3, Diff: 10.1, Sum: 37.4]
      [Update RS (ms): Min: 10.9, Avg: 19.4, Max: 21.4, Diff: 10.5, Sum: 155.4]
         [Processed Buffers: Min: 78, Avg: 128.8, Max: 156, Diff: 78, Sum: 1030]
      [Scan RS (ms): Min: 1.1, Avg: 1.7, Max: 2.0, Diff: 0.9, Sum: 13.9]
      [Code Root Scanning (ms): Min: 0.0, Avg: 0.0, Max: 0.0, Diff: 0.0, Sum: 0.1]
      [Object Copy (ms): Min: 9.2, Avg: 9.4, Max: 9.5, Diff: 0.3, Sum: 75.4]
      [Termination (ms): Min: 0.0, Avg: 0.0, Max: 0.0, Diff: 0.0, Sum: 0.0]
         [Termination Attempts: Min: 1, Avg: 1.0, Max: 1, Diff: 0, Sum: 8]
      [GC Worker Other (ms): Min: 0.1, Avg: 0.2, Max: 0.2, Diff: 0.1, Sum: 1.3]
      [GC Worker Total (ms): Min: 35.3, Avg: 35.4, Max: 35.5, Diff: 0.2, Sum: 283.4]
      [GC Worker End (ms): Min: 585716365.9, Avg: 585716366.0, Max: 585716366.0, Diff: 0.1]
   [Code Root Fixup: 0.0 ms]
   [Code Root Purge: 0.0 ms]
   [Clear CT: 0.9 ms]
   [Other: 8.7 ms]
      [Choose CSet: 0.0 ms]
      [Ref Proc: 1.1 ms]
      [Ref Enq: 0.1 ms]
      [Redirty Cards: 0.2 ms]
      [Humongous Register: 1.5 ms]
      [Humongous Reclaim: 0.6 ms]
      [Free CSet: 4.1 ms]
   [Eden: 3512.0M(3512.0M)->0.0B(3514.0M) Survivors: 36.0M->36.0M Heap: 5211.4M(6144.0M)->1485.1M(6144.0M)]
 [Times: user=0.25 sys=0.05, real=0.05 secs] 
2025-07-27T06:40:39.452+0800: 585793.288: [GC pause (G1 Evacuation Pause) (young), 0.0401244 secs]
   [Parallel Time: 33.5 ms, GC Workers: 8]
      [GC Worker Start (ms): Min: 585793289.1, Avg: 585793289.2, Max: 585793289.2, Diff: 0.1]
      [Ext Root Scanning (ms): Min: 2.4, Avg: 3.5, Max: 9.4, Diff: 7.0, Sum: 27.7]
      [Update RS (ms): Min: 9.2, Avg: 14.9, Max: 16.2, Diff: 7.1, Sum: 119.5]
         [Processed Buffers: Min: 73, Avg: 98.1, Max: 120, Diff: 47, Sum: 785]
      [Scan RS (ms): Min: 0.1, Avg: 0.4, Max: 0.4, Diff: 0.3, Sum: 2.9]
      [Code Root Scanning (ms): Min: 0.0, Avg: 0.0, Max: 0.0, Diff: 0.0, Sum: 0.1]
      [Object Copy (ms): Min: 14.3, Avg: 14.5, Max: 14.7, Diff: 0.4, Sum: 116.1]
      [Termination (ms): Min: 0.0, Avg: 0.0, Max: 0.0, Diff: 0.0, Sum: 0.0]
         [Termination Attempts: Min: 1, Avg: 6.1, Max: 10, Diff: 9, Sum: 49]
      [GC Worker Other (ms): Min: 0.0, Avg: 0.1, Max: 0.2, Diff: 0.1, Sum: 0.7]
      [GC Worker Total (ms): Min: 33.3, Avg: 33.4, Max: 33.4, Diff: 0.1, Sum: 267.0]
      [GC Worker End (ms): Min: 585793322.5, Avg: 585793322.6, Max: 585793322.6, Diff: 0.1]
   [Code Root Fixup: 0.0 ms]
   [Code Root Purge: 0.0 ms]
   [Clear CT: 0.6 ms]
   [Other: 6.0 ms]
      [Choose CSet: 0.0 ms]
      [Ref Proc: 2.3 ms]
      [Ref Enq: 0.2 ms]
      [Redirty Cards: 0.1 ms]
      [Humongous Register: 0.7 ms]
      [Humongous Reclaim: 0.2 ms]
